[EDGAR :: DEBUG] Creating EdgarInstance for 1818874-None with start date 1900-01-01
[EDGAR :: DEBUG] Creating EdgarInstance for sofi-1818874 with start date 1900-01-01
[EDGAR :: INFO] 
Getting filings from URL: https://data.sec.gov/submissions/CIK0001818874.json
[EDGAR :: DEBUG] Requesting forms from: https://www.sec.gov/Archives/edgar/data/1818874/000181887424000233
[EDGAR :: DEBUG] Requesting forms from: https://www.sec.gov/Archives/edgar/data/1818874/000181887424000175
[EDGAR :: DEBUG] Requesting forms from: https://www.sec.gov/Archives/edgar/data/1818874/000181887424000121
[EDGAR :: DEBUG] Requesting forms from: https://www.sec.gov/Archives/edgar/data/1818874/000181887423000173
[EDGAR :: DEBUG] Requesting forms from: https://www.sec.gov/Archives/edgar/data/1818874/000181887423000144
[EDGAR :: DEBUG] Requesting forms from: https://www.sec.gov/Archives/edgar/data/1818874/000181887423000095
[EDGAR :: DEBUG] Requesting forms from: https://www.sec.gov/Archives/edgar/data/1818874/000181887422000241
[EDGAR :: DEBUG] Requesting forms from: https://www.sec.gov/Archives/edgar/data/1818874/000181887422000185
[EDGAR :: DEBUG] Requesting forms from: https://www.sec.gov/Archives/edgar/data/1818874/000181887422000071
[EDGAR :: DEBUG] Requesting forms from: https://www.sec.gov/Archives/edgar/data/1818874/000181887421000081
[EDGAR :: DEBUG] Requesting forms from: https://www.sec.gov/Archives/edgar/data/1818874/000181887421000037
[EDGAR :: DEBUG] Creating EdgarInstance for sofi-1818874 with start date 1900-01-01
[EDGAR :: INFO] 
Getting filings from URL: https://data.sec.gov/submissions/CIK0001818874.json
[EDGAR :: DEBUG] Requesting forms from: https://www.sec.gov/Archives/edgar/data/1818874/000181887424000233
[EDGAR :: DEBUG] Requesting forms from: https://www.sec.gov/Archives/edgar/data/1818874/000181887424000175
[EDGAR :: DEBUG] Requesting forms from: https://www.sec.gov/Archives/edgar/data/1818874/000181887424000121
[EDGAR :: DEBUG] Requesting forms from: https://www.sec.gov/Archives/edgar/data/1818874/000181887423000173
[EDGAR :: DEBUG] Requesting forms from: https://www.sec.gov/Archives/edgar/data/1818874/000181887423000144
[EDGAR :: DEBUG] Requesting forms from: https://www.sec.gov/Archives/edgar/data/1818874/000181887423000095
[EDGAR :: DEBUG] Requesting forms from: https://www.sec.gov/Archives/edgar/data/1818874/000181887422000241
[EDGAR :: DEBUG] Requesting forms from: https://www.sec.gov/Archives/edgar/data/1818874/000181887422000185
[EDGAR :: DEBUG] Requesting forms from: https://www.sec.gov/Archives/edgar/data/1818874/000181887422000071
[EDGAR :: DEBUG] Requesting forms from: https://www.sec.gov/Archives/edgar/data/1818874/000181887421000081
[EDGAR :: DEBUG] Requesting forms from: https://www.sec.gov/Archives/edgar/data/1818874/000181887421000037
[EDGAR :: DEBUG] Creating EdgarInstance for sofi-1818874 with start date 1900-01-01
[EDGAR :: INFO] 
Getting filings from URL: https://data.sec.gov/submissions/CIK0001818874.json
[EDGAR :: DEBUG] Requesting forms from: https://www.sec.gov/Archives/edgar/data/1818874/000181887424000233
[EDGAR :: DEBUG] Requesting forms from: https://www.sec.gov/Archives/edgar/data/1818874/000181887424000175
[EDGAR :: DEBUG] Requesting forms from: https://www.sec.gov/Archives/edgar/data/1818874/000181887424000121
[EDGAR :: DEBUG] Requesting forms from: https://www.sec.gov/Archives/edgar/data/1818874/000181887423000173
[EDGAR :: DEBUG] Requesting forms from: https://www.sec.gov/Archives/edgar/data/1818874/000181887423000144
[EDGAR :: DEBUG] Requesting forms from: https://www.sec.gov/Archives/edgar/data/1818874/000181887423000095
[EDGAR :: DEBUG] Requesting forms from: https://www.sec.gov/Archives/edgar/data/1818874/000181887422000241
[EDGAR :: DEBUG] Requesting forms from: https://www.sec.gov/Archives/edgar/data/1818874/000181887422000185
[EDGAR :: DEBUG] Requesting forms from: https://www.sec.gov/Archives/edgar/data/1818874/000181887422000071
[EDGAR :: DEBUG] Requesting forms from: https://www.sec.gov/Archives/edgar/data/1818874/000181887421000081
[EDGAR :: DEBUG] Requesting forms from: https://www.sec.gov/Archives/edgar/data/1818874/000181887421000037
[EDGAR :: DEBUG] Creating EdgarInstance for sofi-1818874 with start date 1900-01-01
[EDGAR :: INFO] 
Getting filings from URL: https://data.sec.gov/submissions/CIK0001818874.json
[EDGAR :: DEBUG] Requesting forms from: https://www.sec.gov/Archives/edgar/data/1818874/000181887424000233
[EDGAR :: DEBUG] Requesting forms from: https://www.sec.gov/Archives/edgar/data/1818874/000181887424000175
[EDGAR :: DEBUG] Requesting forms from: https://www.sec.gov/Archives/edgar/data/1818874/000181887424000121
[EDGAR :: DEBUG] Requesting forms from: https://www.sec.gov/Archives/edgar/data/1818874/000181887423000173
[EDGAR :: DEBUG] Requesting forms from: https://www.sec.gov/Archives/edgar/data/1818874/000181887423000144
[EDGAR :: DEBUG] Requesting forms from: https://www.sec.gov/Archives/edgar/data/1818874/000181887423000095
[EDGAR :: DEBUG] Requesting forms from: https://www.sec.gov/Archives/edgar/data/1818874/000181887422000241
[EDGAR :: DEBUG] Requesting forms from: https://www.sec.gov/Archives/edgar/data/1818874/000181887422000185
[EDGAR :: DEBUG] Requesting forms from: https://www.sec.gov/Archives/edgar/data/1818874/000181887422000071
[EDGAR :: DEBUG] Requesting forms from: https://www.sec.gov/Archives/edgar/data/1818874/000181887421000081
[EDGAR :: DEBUG] Requesting forms from: https://www.sec.gov/Archives/edgar/data/1818874/000181887421000037
[EDGAR :: DEBUG] Creating EdgarInstance for sofi-1818874 with start date 1900-01-01
[EDGAR :: INFO] 
Getting filings from URL: https://data.sec.gov/submissions/CIK0001818874.json
[EDGAR :: DEBUG] Requesting forms from: https://www.sec.gov/Archives/edgar/data/1818874/000181887424000233
[EDGAR :: DEBUG] Requesting forms from: https://www.sec.gov/Archives/edgar/data/1818874/000181887424000175
[EDGAR :: DEBUG] Requesting forms from: https://www.sec.gov/Archives/edgar/data/1818874/000181887424000121
[EDGAR :: DEBUG] Requesting forms from: https://www.sec.gov/Archives/edgar/data/1818874/000181887423000173
[EDGAR :: DEBUG] Requesting forms from: https://www.sec.gov/Archives/edgar/data/1818874/000181887423000144
[EDGAR :: DEBUG] Requesting forms from: https://www.sec.gov/Archives/edgar/data/1818874/000181887423000095
[EDGAR :: DEBUG] Requesting forms from: https://www.sec.gov/Archives/edgar/data/1818874/000181887422000241
[EDGAR :: DEBUG] Requesting forms from: https://www.sec.gov/Archives/edgar/data/1818874/000181887422000185
[EDGAR :: DEBUG] Requesting forms from: https://www.sec.gov/Archives/edgar/data/1818874/000181887422000071
[EDGAR :: DEBUG] Requesting forms from: https://www.sec.gov/Archives/edgar/data/1818874/000181887421000081
[EDGAR :: DEBUG] Requesting forms from: https://www.sec.gov/Archives/edgar/data/1818874/000181887421000037
[EDGAR :: DEBUG] Creating EdgarInstance for sofi-1818874 with start date 1900-01-01
[EDGAR :: INFO] 
Getting filings from URL: https://data.sec.gov/submissions/CIK0001818874.json
[EDGAR :: DEBUG] Requesting forms from: https://www.sec.gov/Archives/edgar/data/1818874/000181887424000233
[EDGAR :: DEBUG] Requesting forms from: https://www.sec.gov/Archives/edgar/data/1818874/000181887424000175
[EDGAR :: DEBUG] Requesting forms from: https://www.sec.gov/Archives/edgar/data/1818874/000181887424000121
[EDGAR :: DEBUG] Requesting forms from: https://www.sec.gov/Archives/edgar/data/1818874/000181887423000173
[EDGAR :: DEBUG] Requesting forms from: https://www.sec.gov/Archives/edgar/data/1818874/000181887423000144
[EDGAR :: DEBUG] Requesting forms from: https://www.sec.gov/Archives/edgar/data/1818874/000181887423000095
[EDGAR :: DEBUG] Requesting forms from: https://www.sec.gov/Archives/edgar/data/1818874/000181887422000241
[EDGAR :: DEBUG] Requesting forms from: https://www.sec.gov/Archives/edgar/data/1818874/000181887422000185
[EDGAR :: DEBUG] Requesting forms from: https://www.sec.gov/Archives/edgar/data/1818874/000181887422000071
[EDGAR :: DEBUG] Requesting forms from: https://www.sec.gov/Archives/edgar/data/1818874/000181887421000081
[EDGAR :: DEBUG] Requesting forms from: https://www.sec.gov/Archives/edgar/data/1818874/000181887421000037
[EDGAR :: DEBUG] Creating EdgarInstance for sofi-1818874 with start date 1900-01-01
[EDGAR :: INFO] 
Getting filings from URL: https://data.sec.gov/submissions/CIK0001818874.json
[EDGAR :: DEBUG] Requesting forms from: https://www.sec.gov/Archives/edgar/data/1818874/000181887424000233
[EDGAR :: DEBUG] Requesting forms from: https://www.sec.gov/Archives/edgar/data/1818874/000181887424000175
[EDGAR :: DEBUG] Requesting forms from: https://www.sec.gov/Archives/edgar/data/1818874/000181887424000121
[EDGAR :: DEBUG] Requesting forms from: https://www.sec.gov/Archives/edgar/data/1818874/000181887423000173
[EDGAR :: DEBUG] Requesting forms from: https://www.sec.gov/Archives/edgar/data/1818874/000181887423000144
[EDGAR :: DEBUG] Requesting forms from: https://www.sec.gov/Archives/edgar/data/1818874/000181887423000095
[EDGAR :: DEBUG] Requesting forms from: https://www.sec.gov/Archives/edgar/data/1818874/000181887422000241
[EDGAR :: DEBUG] Requesting forms from: https://www.sec.gov/Archives/edgar/data/1818874/000181887422000185
[EDGAR :: DEBUG] Requesting forms from: https://www.sec.gov/Archives/edgar/data/1818874/000181887422000071
[EDGAR :: DEBUG] Requesting forms from: https://www.sec.gov/Archives/edgar/data/1818874/000181887421000081
[EDGAR :: DEBUG] Requesting forms from: https://www.sec.gov/Archives/edgar/data/1818874/000181887421000037
[EDGAR :: DEBUG] Creating EdgarInstance for sofi-1818874 with start date 1900-01-01
[EDGAR :: INFO] 
Getting filings from URL: https://data.sec.gov/submissions/CIK0001818874.json
[EDGAR :: DEBUG] Requesting forms from: https://www.sec.gov/Archives/edgar/data/1818874/000181887424000233
[EDGAR :: DEBUG] Requesting forms from: https://www.sec.gov/Archives/edgar/data/1818874/000181887424000175
[EDGAR :: DEBUG] Requesting forms from: https://www.sec.gov/Archives/edgar/data/1818874/000181887424000121
[EDGAR :: DEBUG] Requesting forms from: https://www.sec.gov/Archives/edgar/data/1818874/000181887423000173
[EDGAR :: DEBUG] Requesting forms from: https://www.sec.gov/Archives/edgar/data/1818874/000181887423000144
[EDGAR :: DEBUG] Requesting forms from: https://www.sec.gov/Archives/edgar/data/1818874/000181887423000095
[EDGAR :: DEBUG] Requesting forms from: https://www.sec.gov/Archives/edgar/data/1818874/000181887422000241
[EDGAR :: DEBUG] Requesting forms from: https://www.sec.gov/Archives/edgar/data/1818874/000181887422000185
[EDGAR :: DEBUG] Requesting forms from: https://www.sec.gov/Archives/edgar/data/1818874/000181887422000071
[EDGAR :: DEBUG] Requesting forms from: https://www.sec.gov/Archives/edgar/data/1818874/000181887421000081
[EDGAR :: DEBUG] Requesting forms from: https://www.sec.gov/Archives/edgar/data/1818874/000181887421000037
[EDGAR :: DEBUG] Creating EdgarInstance for sofi-1818874 with start date 1900-01-01
[EDGAR :: INFO] 
Getting filings from URL: https://data.sec.gov/submissions/CIK0001818874.json
[EDGAR :: DEBUG] Requesting forms from: https://www.sec.gov/Archives/edgar/data/1818874/000181887424000233
[EDGAR :: DEBUG] Requesting forms from: https://www.sec.gov/Archives/edgar/data/1818874/000181887424000175
[EDGAR :: DEBUG] Requesting forms from: https://www.sec.gov/Archives/edgar/data/1818874/000181887424000121
[EDGAR :: DEBUG] Requesting forms from: https://www.sec.gov/Archives/edgar/data/1818874/000181887423000173
[EDGAR :: DEBUG] Requesting forms from: https://www.sec.gov/Archives/edgar/data/1818874/000181887423000144
[EDGAR :: DEBUG] Requesting forms from: https://www.sec.gov/Archives/edgar/data/1818874/000181887423000095
[EDGAR :: DEBUG] Requesting forms from: https://www.sec.gov/Archives/edgar/data/1818874/000181887422000241
[EDGAR :: DEBUG] Requesting forms from: https://www.sec.gov/Archives/edgar/data/1818874/000181887422000185
[EDGAR :: DEBUG] Requesting forms from: https://www.sec.gov/Archives/edgar/data/1818874/000181887422000071
[EDGAR :: DEBUG] Requesting forms from: https://www.sec.gov/Archives/edgar/data/1818874/000181887421000081
[EDGAR :: DEBUG] Requesting forms from: https://www.sec.gov/Archives/edgar/data/1818874/000181887421000037
[EDGAR :: DEBUG] Creating EdgarInstance for sofi-1818874 with start date 1900-01-01
[EDGAR :: INFO] 
Getting filings from URL: https://data.sec.gov/submissions/CIK0001818874.json
[EDGAR :: DEBUG] Requesting forms from: https://www.sec.gov/Archives/edgar/data/1818874/000181887424000233
[EDGAR :: DEBUG] Requesting forms from: https://www.sec.gov/Archives/edgar/data/1818874/000181887424000175
[EDGAR :: DEBUG] Requesting forms from: https://www.sec.gov/Archives/edgar/data/1818874/000181887424000121
[EDGAR :: DEBUG] Requesting forms from: https://www.sec.gov/Archives/edgar/data/1818874/000181887423000173
[EDGAR :: DEBUG] Requesting forms from: https://www.sec.gov/Archives/edgar/data/1818874/000181887423000144
[EDGAR :: DEBUG] Requesting forms from: https://www.sec.gov/Archives/edgar/data/1818874/000181887423000095
[EDGAR :: DEBUG] Requesting forms from: https://www.sec.gov/Archives/edgar/data/1818874/000181887422000241
[EDGAR :: DEBUG] Requesting forms from: https://www.sec.gov/Archives/edgar/data/1818874/000181887422000185
[EDGAR :: DEBUG] Requesting forms from: https://www.sec.gov/Archives/edgar/data/1818874/000181887422000071
[EDGAR :: DEBUG] Requesting forms from: https://www.sec.gov/Archives/edgar/data/1818874/000181887421000081
[EDGAR :: DEBUG] Requesting forms from: https://www.sec.gov/Archives/edgar/data/1818874/000181887421000037
[EDGAR :: DEBUG] Creating EdgarInstance for sofi-1818874 with start date 1900-01-01
[EDGAR :: INFO] 
Getting filings from URL: https://data.sec.gov/submissions/CIK0001818874.json
[EDGAR :: DEBUG] Requesting forms from: https://www.sec.gov/Archives/edgar/data/1818874/000181887424000233
[EDGAR :: DEBUG] Requesting forms from: https://www.sec.gov/Archives/edgar/data/1818874/000181887424000175
[EDGAR :: DEBUG] Requesting forms from: https://www.sec.gov/Archives/edgar/data/1818874/000181887424000121
[EDGAR :: DEBUG] Requesting forms from: https://www.sec.gov/Archives/edgar/data/1818874/000181887423000173
[EDGAR :: DEBUG] Requesting forms from: https://www.sec.gov/Archives/edgar/data/1818874/000181887423000144
[EDGAR :: DEBUG] Requesting forms from: https://www.sec.gov/Archives/edgar/data/1818874/000181887423000095
[EDGAR :: DEBUG] Requesting forms from: https://www.sec.gov/Archives/edgar/data/1818874/000181887422000241
[EDGAR :: DEBUG] Requesting forms from: https://www.sec.gov/Archives/edgar/data/1818874/000181887422000185
[EDGAR :: DEBUG] Requesting forms from: https://www.sec.gov/Archives/edgar/data/1818874/000181887422000071
[EDGAR :: DEBUG] Requesting forms from: https://www.sec.gov/Archives/edgar/data/1818874/000181887421000081
[EDGAR :: DEBUG] Requesting forms from: https://www.sec.gov/Archives/edgar/data/1818874/000181887421000037
