[2025-03-22 02:19:08,969] INFO: Trying adjusted date: 5/2010 (original: 4/2010)
[2025-03-22 02:19:08,980] WARNING: a (4/2010): No existing record found(4/2010, 2010-04-30) - creating new one
[2025-03-22 02:19:08,981] INFO: a (4/2010): Created new record with 15 non-zero financial metrics
[2025-03-22 02:19:08,995] INFO: Trying adjusted date: 11/2010 (original: 10/2010)
[2025-03-22 02:19:09,010] WARNING: a (10/2010): No existing record found(10/2010, 2010-10-31) - creating new one
[2025-03-22 02:19:09,010] INFO: a (10/2010): Created new record with 20 non-zero financial metrics
[2025-03-22 02:19:09,023] INFO: Trying adjusted date: 2/2011 (original: 1/2011)
[2025-03-22 02:19:09,035] WARNING: a (1/2011): No existing record found(1/2011, 2011-01-31) - creating new one
[2025-03-22 02:19:09,035] INFO: a (1/2011): Created new record with 20 non-zero financial metrics
[2025-03-22 02:19:09,048] INFO: Trying adjusted date: 5/2011 (original: 4/2011)
[2025-03-22 02:19:09,060] WARNING: a (4/2011): No existing record found(4/2011, 2011-04-30) - creating new one
[2025-03-22 02:19:09,061] INFO: a (4/2011): Created new record with 15 non-zero financial metrics
[2025-03-22 02:19:09,075] INFO: Trying adjusted date: 8/2011 (original: 7/2011)
[2025-03-22 02:19:09,088] WARNING: a (7/2011): No existing record found(7/2011, 2011-07-31) - creating new one
[2025-03-22 02:19:09,088] INFO: a (7/2011): Created new record with 16 non-zero financial metrics
[2025-03-22 02:19:09,101] INFO: Trying adjusted date: 11/2011 (original: 10/2011)
[2025-03-22 02:19:09,114] WARNING: a (10/2011): No existing record found(10/2011, 2011-10-31) - creating new one
[2025-03-22 02:19:09,114] INFO: a (10/2011): Created new record with 20 non-zero financial metrics
[2025-03-22 02:19:09,129] INFO: Trying adjusted date: 2/2012 (original: 1/2012)
[2025-03-22 02:19:09,141] WARNING: a (1/2012): No existing record found(1/2012, 2012-01-31) - creating new one
[2025-03-22 02:19:09,141] INFO: a (1/2012): Created new record with 20 non-zero financial metrics
[2025-03-22 02:19:09,154] INFO: Trying adjusted date: 5/2012 (original: 4/2012)
[2025-03-22 02:19:09,165] WARNING: a (4/2012): No existing record found(4/2012, 2012-04-30) - creating new one
[2025-03-22 02:19:09,166] INFO: a (4/2012): Created new record with 16 non-zero financial metrics
[2025-03-22 02:19:09,180] INFO: Trying adjusted date: 8/2012 (original: 7/2012)
[2025-03-22 02:19:09,193] WARNING: a (7/2012): No existing record found(7/2012, 2012-07-31) - creating new one
[2025-03-22 02:19:09,193] INFO: a (7/2012): Created new record with 15 non-zero financial metrics
[2025-03-22 02:19:09,221] INFO: a (10/2012): Updated existing record with 20 non-zero financial metrics
[2025-03-22 02:19:09,246] INFO: a (1/2013): Updated existing record with 20 non-zero financial metrics
[2025-03-22 02:19:09,272] INFO: a (4/2013): Updated existing record with 15 non-zero financial metrics
[2025-03-22 02:19:09,297] INFO: a (7/2013): Updated existing record with 15 non-zero financial metrics
[2025-03-22 02:19:09,321] INFO: a (10/2013): Updated existing record with 20 non-zero financial metrics
[2025-03-22 02:19:09,346] INFO: a (1/2014): Updated existing record with 20 non-zero financial metrics
[2025-03-22 02:19:09,359] INFO: Trying adjusted date: 5/2014 (original: 4/2014)
[2025-03-22 02:19:09,371] WARNING: a (4/2014): No existing record found(4/2014, 2014-04-30) - creating new one
[2025-03-22 02:19:09,372] INFO: a (4/2014): Created new record with 15 non-zero financial metrics
[2025-03-22 02:19:09,397] INFO: a (7/2014): Updated existing record with 15 non-zero financial metrics
[2025-03-22 02:19:09,422] INFO: a (10/2014): Updated existing record with 20 non-zero financial metrics
[2025-03-22 02:19:09,447] INFO: a (1/2015): Updated existing record with 20 non-zero financial metrics
[2025-03-22 02:19:09,475] INFO: a (4/2015): Updated existing record with 15 non-zero financial metrics
[2025-03-22 02:19:09,500] INFO: a (7/2015): Updated existing record with 16 non-zero financial metrics
[2025-03-22 02:19:09,529] INFO: a (10/2015): Updated existing record with 20 non-zero financial metrics
[2025-03-22 02:19:09,559] INFO: a (1/2016): Updated existing record with 21 non-zero financial metrics
[2025-03-22 02:19:09,583] INFO: a (4/2016): Updated existing record with 16 non-zero financial metrics
[2025-03-22 02:19:09,608] INFO: a (7/2016): Updated existing record with 16 non-zero financial metrics
[2025-03-22 02:19:09,636] INFO: a (10/2016): Updated existing record with 20 non-zero financial metrics
[2025-03-22 02:19:09,662] INFO: a (1/2017): Updated existing record with 21 non-zero financial metrics
[2025-03-22 02:19:09,687] INFO: a (4/2017): Updated existing record with 16 non-zero financial metrics
[2025-03-22 02:19:09,713] INFO: a (7/2017): Updated existing record with 16 non-zero financial metrics
[2025-03-22 02:19:09,739] INFO: a (10/2017): Updated existing record with 20 non-zero financial metrics
[2025-03-22 02:19:09,764] INFO: a (1/2018): Updated existing record with 21 non-zero financial metrics
[2025-03-22 02:19:09,789] INFO: a (4/2018): Updated existing record with 16 non-zero financial metrics
[2025-03-22 02:19:09,815] INFO: a (7/2018): Updated existing record with 16 non-zero financial metrics
[2025-03-22 02:19:09,840] INFO: a (10/2018): Updated existing record with 20 non-zero financial metrics
[2025-03-22 02:19:09,866] INFO: a (1/2019): Updated existing record with 22 non-zero financial metrics
[2025-03-22 02:19:09,893] INFO: a (4/2019): Updated existing record with 17 non-zero financial metrics
[2025-03-22 02:19:09,918] INFO: a (7/2019): Updated existing record with 17 non-zero financial metrics
[2025-03-22 02:19:09,943] INFO: a (10/2019): Updated existing record with 21 non-zero financial metrics
[2025-03-22 02:19:09,968] INFO: a (1/2020): Updated existing record with 22 non-zero financial metrics
[2025-03-22 02:19:09,993] INFO: a (4/2020): Updated existing record with 17 non-zero financial metrics
[2025-03-22 02:19:10,018] INFO: a (7/2020): Updated existing record with 17 non-zero financial metrics
[2025-03-22 02:19:10,043] INFO: a (10/2020): Updated existing record with 21 non-zero financial metrics
[2025-03-22 02:19:10,068] INFO: a (1/2021): Updated existing record with 22 non-zero financial metrics
[2025-03-22 02:19:10,093] INFO: a (4/2021): Updated existing record with 17 non-zero financial metrics
[2025-03-22 02:19:10,119] INFO: a (7/2021): Updated existing record with 17 non-zero financial metrics
[2025-03-22 02:19:10,144] INFO: a (10/2021): Updated existing record with 21 non-zero financial metrics
[2025-03-22 02:19:10,170] INFO: a (1/2022): Updated existing record with 22 non-zero financial metrics
[2025-03-22 02:19:10,196] INFO: a (4/2022): Updated existing record with 17 non-zero financial metrics
[2025-03-22 02:19:10,221] INFO: a (7/2022): Updated existing record with 17 non-zero financial metrics
[2025-03-22 02:19:10,247] INFO: a (10/2022): Updated existing record with 22 non-zero financial metrics
[2025-03-22 02:19:10,272] INFO: a (1/2023): Updated existing record with 22 non-zero financial metrics
[2025-03-22 02:19:10,297] INFO: a (4/2023): Updated existing record with 17 non-zero financial metrics
[2025-03-22 02:19:10,324] INFO: a (7/2023): Updated existing record with 17 non-zero financial metrics
[2025-03-22 02:19:10,349] INFO: a (10/2023): Updated existing record with 22 non-zero financial metrics
[2025-03-22 02:19:10,365] WARNING: a (1/2024): Found zero values for fields: Share Repurchases
[2025-03-22 02:19:10,377] INFO: a (1/2024): Updated existing record with 21 non-zero financial metrics
[2025-03-22 02:19:10,402] INFO: a (4/2024): Updated existing record with 17 non-zero financial metrics
[2025-03-22 02:19:10,428] INFO: a (7/2024): Updated existing record with 17 non-zero financial metrics
[2025-03-22 02:19:10,453] INFO: a (10/2024): Updated existing record with 22 non-zero financial metrics
[2025-03-22 02:19:10,466] INFO: Trying adjusted date: 2/2025 (original: 1/2025)
[2025-03-22 02:19:10,478] WARNING: a (1/2025): No existing record found(1/2025, 2025-01-31) - creating new one
[2025-03-22 02:19:10,479] INFO: a (1/2025): Created new record with 22 non-zero financial metrics
