[2025-03-22 11:46:03,499] INFO: Trying adjusted date: 10/2016 (original: 9/2016)
[2025-03-22 11:46:03,512] WARNING: aa (9/2016): No existing record found(9/2016, 2016-09-30) - creating new one
[2025-03-22 11:46:03,513] INFO: aa (9/2016): Created new record with 11 non-zero financial metrics
[2025-03-22 11:46:03,542] INFO: aa (12/2016): Updated existing record with 14 non-zero financial metrics
[2025-03-22 11:46:03,571] INFO: aa (3/2017): Updated existing record with 14 non-zero financial metrics
[2025-03-22 11:46:03,599] INFO: aa (6/2017): Updated existing record with 12 non-zero financial metrics
[2025-03-22 11:46:03,628] INFO: aa (9/2017): Updated existing record with 12 non-zero financial metrics
[2025-03-22 11:46:03,657] INFO: aa (12/2017): Updated existing record with 15 non-zero financial metrics
[2025-03-22 11:46:03,685] INFO: aa (3/2018): Updated existing record with 13 non-zero financial metrics
[2025-03-22 11:46:03,714] INFO: aa (6/2018): Updated existing record with 12 non-zero financial metrics
[2025-03-22 11:46:03,743] INFO: aa (9/2018): Updated existing record with 12 non-zero financial metrics
[2025-03-22 11:46:03,772] INFO: aa (12/2018): Updated existing record with 19 non-zero financial metrics
[2025-03-22 11:46:03,800] INFO: aa (3/2019): Updated existing record with 16 non-zero financial metrics
[2025-03-22 11:46:03,828] INFO: aa (6/2019): Updated existing record with 12 non-zero financial metrics
[2025-03-22 11:46:03,857] INFO: aa (9/2019): Updated existing record with 12 non-zero financial metrics
[2025-03-22 11:46:03,886] INFO: aa (12/2019): Updated existing record with 18 non-zero financial metrics
[2025-03-22 11:46:03,915] INFO: aa (3/2020): Updated existing record with 16 non-zero financial metrics
[2025-03-22 11:46:03,944] INFO: aa (6/2020): Updated existing record with 12 non-zero financial metrics
[2025-03-22 11:46:03,973] INFO: aa (9/2020): Updated existing record with 12 non-zero financial metrics
[2025-03-22 11:46:04,001] INFO: aa (12/2020): Updated existing record with 18 non-zero financial metrics
[2025-03-22 11:46:04,030] INFO: aa (3/2021): Updated existing record with 16 non-zero financial metrics
[2025-03-22 11:46:04,058] INFO: aa (6/2021): Updated existing record with 12 non-zero financial metrics
[2025-03-22 11:46:04,087] INFO: aa (9/2021): Updated existing record with 12 non-zero financial metrics
[2025-03-22 11:46:04,115] INFO: aa (12/2021): Updated existing record with 19 non-zero financial metrics
[2025-03-22 11:46:04,145] INFO: aa (3/2022): Updated existing record with 17 non-zero financial metrics
[2025-03-22 11:46:04,173] INFO: aa (6/2022): Updated existing record with 13 non-zero financial metrics
[2025-03-22 11:46:04,204] INFO: aa (9/2022): Updated existing record with 13 non-zero financial metrics
[2025-03-22 11:46:04,233] INFO: aa (12/2022): Updated existing record with 19 non-zero financial metrics
[2025-03-22 11:46:04,263] INFO: aa (3/2023): Updated existing record with 17 non-zero financial metrics
[2025-03-22 11:46:04,290] INFO: aa (6/2023): Updated existing record with 13 non-zero financial metrics
[2025-03-22 11:46:04,318] INFO: aa (9/2023): Updated existing record with 13 non-zero financial metrics
[2025-03-22 11:46:04,348] INFO: aa (12/2023): Updated existing record with 18 non-zero financial metrics
[2025-03-22 11:46:04,377] INFO: aa (3/2024): Updated existing record with 17 non-zero financial metrics
[2025-03-22 11:46:04,406] INFO: aa (6/2024): Updated existing record with 13 non-zero financial metrics
[2025-03-22 11:46:04,435] INFO: aa (9/2024): Updated existing record with 13 non-zero financial metrics
[2025-03-22 11:46:04,450] WARNING: aa (12/2024): Found zero values for fields: Share Repurchases
[2025-03-22 11:46:04,464] INFO: aa (12/2024): Updated existing record with 18 non-zero financial metrics
