[2025-03-22 09:52:03,566] INFO: Trying adjusted date: 7/2010 (original: 6/2010)
[2025-03-22 09:52:03,579] WARNING: acm (6/2010): No existing record found(6/2010, 2010-06-30) - creating new one
[2025-03-22 09:52:03,580] INFO: acm (6/2010): Created new record with 12 non-zero financial metrics
[2025-03-22 09:52:03,596] INFO: Trying adjusted date: 10/2010 (original: 9/2010)
[2025-03-22 09:52:03,612] WARNING: acm (9/2010): No existing record found(9/2010, 2010-09-30) - creating new one
[2025-03-22 09:52:03,614] INFO: acm (9/2010): Created new record with 17 non-zero financial metrics
[2025-03-22 09:52:03,629] INFO: Trying adjusted date: 1/2011 (original: 12/2010)
[2025-03-22 09:52:03,644] WARNING: acm (12/2010): No existing record found(12/2010, 2010-12-31) - creating new one
[2025-03-22 09:52:03,644] INFO: acm (12/2010): Created new record with 17 non-zero financial metrics
[2025-03-22 09:52:03,662] INFO: Trying adjusted date: 4/2011 (original: 3/2011)
[2025-03-22 09:52:03,677] WARNING: acm (3/2011): No existing record found(3/2011, 2011-03-31) - creating new one
[2025-03-22 09:52:03,677] INFO: acm (3/2011): Created new record with 12 non-zero financial metrics
[2025-03-22 09:52:03,693] INFO: Trying adjusted date: 7/2011 (original: 6/2011)
[2025-03-22 09:52:03,707] WARNING: acm (6/2011): No existing record found(6/2011, 2011-06-30) - creating new one
[2025-03-22 09:52:03,708] INFO: acm (6/2011): Created new record with 12 non-zero financial metrics
[2025-03-22 09:52:03,724] INFO: Trying adjusted date: 10/2011 (original: 9/2011)
[2025-03-22 09:52:03,738] WARNING: acm (9/2011): No existing record found(9/2011, 2011-09-30) - creating new one
[2025-03-22 09:52:03,738] INFO: acm (9/2011): Created new record with 17 non-zero financial metrics
[2025-03-22 09:52:03,752] INFO: Trying adjusted date: 1/2012 (original: 12/2011)
[2025-03-22 09:52:03,766] WARNING: acm (12/2011): No existing record found(12/2011, 2011-12-31) - creating new one
[2025-03-22 09:52:03,766] INFO: acm (12/2011): Created new record with 16 non-zero financial metrics
[2025-03-22 09:52:03,781] INFO: Trying adjusted date: 4/2012 (original: 3/2012)
[2025-03-22 09:52:03,795] WARNING: acm (3/2012): No existing record found(3/2012, 2012-03-31) - creating new one
[2025-03-22 09:52:03,795] INFO: acm (3/2012): Created new record with 11 non-zero financial metrics
[2025-03-22 09:52:03,810] INFO: Trying adjusted date: 7/2012 (original: 6/2012)
[2025-03-22 09:52:03,825] WARNING: acm (6/2012): No existing record found(6/2012, 2012-06-30) - creating new one
[2025-03-22 09:52:03,825] INFO: acm (6/2012): Created new record with 12 non-zero financial metrics
[2025-03-22 09:52:03,854] INFO: acm (9/2012): Updated existing record with 17 non-zero financial metrics
[2025-03-22 09:52:03,882] INFO: acm (12/2012): Updated existing record with 13 non-zero financial metrics
[2025-03-22 09:52:03,910] INFO: acm (3/2013): Updated existing record with 12 non-zero financial metrics
[2025-03-22 09:52:03,939] INFO: acm (6/2013): Updated existing record with 12 non-zero financial metrics
[2025-03-22 09:52:03,967] INFO: acm (9/2013): Updated existing record with 14 non-zero financial metrics
[2025-03-22 09:52:03,996] INFO: acm (12/2013): Updated existing record with 13 non-zero financial metrics
[2025-03-22 09:52:04,025] INFO: acm (3/2014): Updated existing record with 11 non-zero financial metrics
[2025-03-22 09:52:04,054] INFO: acm (6/2014): Updated existing record with 11 non-zero financial metrics
[2025-03-22 09:52:04,082] INFO: acm (9/2014): Updated existing record with 14 non-zero financial metrics
[2025-03-22 09:52:04,098] INFO: Trying adjusted date: 12/2014 (original: 1/2015)
[2025-03-22 09:52:04,111] INFO: Found existing row with adjusted date: 12/2014
[2025-03-22 09:52:04,124] INFO: acm (12/2014): Updated existing record with 0 non-zero financial metrics
[2025-03-22 09:52:04,140] INFO: Trying adjusted date: 3/2015 (original: 4/2015)
[2025-03-22 09:52:04,152] INFO: Found existing row with adjusted date: 3/2015
[2025-03-22 09:52:04,165] INFO: acm (3/2015): Updated existing record with 0 non-zero financial metrics
[2025-03-22 09:52:04,194] INFO: acm (6/2015): Updated existing record with 12 non-zero financial metrics
[2025-03-22 09:52:04,209] INFO: Trying adjusted date: 9/2015 (original: 10/2015)
[2025-03-22 09:52:04,222] INFO: Found existing row with adjusted date: 9/2015
[2025-03-22 09:52:04,236] INFO: acm (9/2015): Updated existing record with 0 non-zero financial metrics
[2025-03-22 09:52:04,251] INFO: Trying adjusted date: 12/2015 (original: 1/2016)
[2025-03-22 09:52:04,264] INFO: Found existing row with adjusted date: 12/2015
[2025-03-22 09:52:04,277] INFO: acm (12/2015): Updated existing record with 0 non-zero financial metrics
[2025-03-22 09:52:04,292] INFO: Trying adjusted date: 3/2016 (original: 4/2016)
[2025-03-22 09:52:04,305] INFO: Found existing row with adjusted date: 3/2016
[2025-03-22 09:52:04,318] INFO: acm (3/2016): Updated existing record with 0 non-zero financial metrics
[2025-03-22 09:52:04,333] INFO: Trying adjusted date: 6/2016 (original: 7/2016)
[2025-03-22 09:52:04,346] INFO: Found existing row with adjusted date: 6/2016
[2025-03-22 09:52:04,359] INFO: acm (6/2016): Updated existing record with 0 non-zero financial metrics
[2025-03-22 09:52:04,388] INFO: acm (9/2016): Updated existing record with 13 non-zero financial metrics
[2025-03-22 09:52:04,415] INFO: acm (12/2016): Updated existing record with 13 non-zero financial metrics
[2025-03-22 09:52:04,443] INFO: acm (3/2017): Updated existing record with 11 non-zero financial metrics
[2025-03-22 09:52:04,472] INFO: acm (6/2017): Updated existing record with 11 non-zero financial metrics
[2025-03-22 09:52:04,506] INFO: acm (9/2017): Updated existing record with 16 non-zero financial metrics
[2025-03-22 09:52:04,534] INFO: acm (12/2017): Updated existing record with 16 non-zero financial metrics
[2025-03-22 09:52:04,564] INFO: acm (3/2018): Updated existing record with 11 non-zero financial metrics
[2025-03-22 09:52:04,594] INFO: acm (6/2018): Updated existing record with 11 non-zero financial metrics
[2025-03-22 09:52:04,623] INFO: acm (9/2018): Updated existing record with 16 non-zero financial metrics
[2025-03-22 09:52:04,652] INFO: acm (12/2018): Updated existing record with 17 non-zero financial metrics
[2025-03-22 09:52:04,680] INFO: acm (3/2019): Updated existing record with 12 non-zero financial metrics
[2025-03-22 09:52:04,709] INFO: acm (6/2019): Updated existing record with 14 non-zero financial metrics
[2025-03-22 09:52:04,738] INFO: acm (9/2019): Updated existing record with 18 non-zero financial metrics
[2025-03-22 09:52:04,753] INFO: Trying adjusted date: 1/2020 (original: 12/2019)
[2025-03-22 09:52:04,768] WARNING: acm (12/2019): No existing record found(12/2019, 2019-12-31) - creating new one
[2025-03-22 09:52:04,768] INFO: acm (12/2019): Created new record with 19 non-zero financial metrics
[2025-03-22 09:52:04,798] INFO: acm (3/2020): Updated existing record with 14 non-zero financial metrics
[2025-03-22 09:52:04,827] INFO: acm (6/2020): Updated existing record with 14 non-zero financial metrics
[2025-03-22 09:52:04,855] INFO: acm (9/2020): Updated existing record with 19 non-zero financial metrics
[2025-03-22 09:52:04,884] INFO: acm (12/2020): Updated existing record with 19 non-zero financial metrics
[2025-03-22 09:52:04,912] INFO: acm (3/2021): Updated existing record with 14 non-zero financial metrics
[2025-03-22 09:52:04,941] INFO: acm (6/2021): Updated existing record with 14 non-zero financial metrics
[2025-03-22 09:52:04,969] INFO: acm (9/2021): Updated existing record with 19 non-zero financial metrics
[2025-03-22 09:52:04,998] INFO: acm (12/2021): Updated existing record with 19 non-zero financial metrics
[2025-03-22 09:52:05,026] INFO: acm (3/2022): Updated existing record with 14 non-zero financial metrics
[2025-03-22 09:52:05,055] INFO: acm (6/2022): Updated existing record with 14 non-zero financial metrics
[2025-03-22 09:52:05,083] INFO: acm (9/2022): Updated existing record with 19 non-zero financial metrics
[2025-03-22 09:52:05,111] INFO: acm (12/2022): Updated existing record with 19 non-zero financial metrics
[2025-03-22 09:52:05,140] INFO: acm (3/2023): Updated existing record with 14 non-zero financial metrics
[2025-03-22 09:52:05,168] INFO: acm (6/2023): Updated existing record with 15 non-zero financial metrics
[2025-03-22 09:52:05,197] INFO: acm (9/2023): Updated existing record with 19 non-zero financial metrics
[2025-03-22 09:52:05,224] INFO: acm (12/2023): Updated existing record with 20 non-zero financial metrics
[2025-03-22 09:52:05,253] INFO: acm (3/2024): Updated existing record with 15 non-zero financial metrics
[2025-03-22 09:52:03,882] INFO: acm (6/2024): Updated existing record with 14 non-zero financial metrics
[2025-03-22 09:52:03,911] INFO: acm (9/2024): Updated existing record with 19 non-zero financial metrics
[2025-03-22 09:52:03,941] INFO: acm (12/2024): Updated existing record with 19 non-zero financial metrics
