[2025-03-22 13:10:14,591] INFO: adt (3/2018): Updated existing record with 13 non-zero financial metrics
[2025-03-22 13:10:14,623] INFO: adt (6/2018): Updated existing record with 9 non-zero financial metrics
[2025-03-22 13:10:14,654] INFO: adt (9/2018): Updated existing record with 9 non-zero financial metrics
[2025-03-22 13:10:14,684] INFO: adt (12/2018): Updated existing record with 16 non-zero financial metrics
[2025-03-22 13:10:14,713] INFO: adt (3/2019): Updated existing record with 14 non-zero financial metrics
[2025-03-22 13:10:14,743] INFO: adt (6/2019): Updated existing record with 9 non-zero financial metrics
[2025-03-22 13:10:14,772] INFO: adt (9/2019): Updated existing record with 9 non-zero financial metrics
[2025-03-22 13:10:14,805] INFO: adt (12/2019): Updated existing record with 17 non-zero financial metrics
[2025-03-22 13:10:14,821] WARNING: adt (3/2020): Found zero values for fields: Share Repurchases
[2025-03-22 13:10:14,835] INFO: adt (3/2020): Updated existing record with 14 non-zero financial metrics
[2025-03-22 13:10:14,865] INFO: adt (6/2020): Updated existing record with 10 non-zero financial metrics
[2025-03-22 13:10:14,894] INFO: adt (9/2020): Updated existing record with 10 non-zero financial metrics
[2025-03-22 13:10:14,925] INFO: adt (12/2020): Updated existing record with 16 non-zero financial metrics
[2025-03-22 13:10:14,955] INFO: adt (3/2021): Updated existing record with 13 non-zero financial metrics
[2025-03-22 13:10:14,987] INFO: adt (6/2021): Updated existing record with 10 non-zero financial metrics
[2025-03-22 13:10:15,016] INFO: adt (9/2021): Updated existing record with 10 non-zero financial metrics
[2025-03-22 13:10:15,032] WARNING: adt (12/2021): Found zero values for fields: Share Repurchases
[2025-03-22 13:10:15,047] INFO: adt (12/2021): Updated existing record with 17 non-zero financial metrics
[2025-03-22 13:10:15,076] INFO: adt (3/2022): Updated existing record with 16 non-zero financial metrics
[2025-03-22 13:10:15,105] INFO: adt (6/2022): Updated existing record with 12 non-zero financial metrics
[2025-03-22 13:10:15,135] INFO: adt (9/2022): Updated existing record with 12 non-zero financial metrics
[2025-03-22 13:10:15,165] INFO: adt (12/2022): Updated existing record with 17 non-zero financial metrics
[2025-03-22 13:10:15,195] INFO: adt (3/2023): Updated existing record with 16 non-zero financial metrics
[2025-03-22 13:10:15,223] INFO: adt (6/2023): Updated existing record with 12 non-zero financial metrics
[2025-03-22 13:10:15,253] INFO: adt (9/2023): Updated existing record with 12 non-zero financial metrics
[2025-03-22 13:10:15,271] INFO: Trying adjusted date: 1/2024 (original: 12/2023)
[2025-03-22 13:10:15,286] WARNING: adt (12/2023): Found zero values for fields: Share Repurchases
[2025-03-22 13:10:15,286] WARNING: adt (12/2023): No existing record found(12/2023, 2023-12-31) - creating new one
[2025-03-22 13:10:15,287] INFO: adt (12/2023): Created new record with 16 non-zero financial metrics
[2025-03-22 13:10:15,317] INFO: adt (3/2024): Updated existing record with 17 non-zero financial metrics
[2025-03-22 13:10:15,346] INFO: adt (6/2024): Updated existing record with 12 non-zero financial metrics
[2025-03-22 13:10:15,376] INFO: adt (9/2024): Updated existing record with 12 non-zero financial metrics
[2025-03-22 13:10:15,392] INFO: Trying adjusted date: 1/2025 (original: 12/2024)
[2025-03-22 13:10:15,405] WARNING: adt (12/2024): No existing record found(12/2024, 2024-12-31) - creating new one
[2025-03-22 13:10:15,406] INFO: adt (12/2024): Created new record with 17 non-zero financial metrics
