[2025-03-22 04:51:25,627] INFO: Trying adjusted date: 4/2010 (original: 3/2010)
[2025-03-22 04:51:25,639] WARNING: aee (3/2010): No existing record found(3/2010, 2010-03-31) - creating new one
[2025-03-22 04:51:25,640] INFO: aee (3/2010): Created new record with 15 non-zero financial metrics
[2025-03-22 04:51:25,653] INFO: Trying adjusted date: 7/2010 (original: 6/2010)
[2025-03-22 04:51:25,666] WARNING: aee (6/2010): No existing record found(6/2010, 2010-06-30) - creating new one
[2025-03-22 04:51:25,667] INFO: aee (6/2010): Created new record with 11 non-zero financial metrics
[2025-03-22 04:51:25,681] INFO: Trying adjusted date: 10/2010 (original: 9/2010)
[2025-03-22 04:51:25,693] WARNING: aee (9/2010): No existing record found(9/2010, 2010-09-30) - creating new one
[2025-03-22 04:51:25,694] INFO: aee (9/2010): Created new record with 11 non-zero financial metrics
[2025-03-22 04:51:25,708] INFO: Trying adjusted date: 1/2011 (original: 12/2010)
[2025-03-22 04:51:25,721] WARNING: aee (12/2010): No existing record found(12/2010, 2010-12-31) - creating new one
[2025-03-22 04:51:25,721] INFO: aee (12/2010): Created new record with 16 non-zero financial metrics
[2025-03-22 04:51:25,735] INFO: Trying adjusted date: 4/2011 (original: 3/2011)
[2025-03-22 04:51:25,748] WARNING: aee (3/2011): No existing record found(3/2011, 2011-03-31) - creating new one
[2025-03-22 04:51:25,748] INFO: aee (3/2011): Created new record with 15 non-zero financial metrics
[2025-03-22 04:51:25,763] INFO: Trying adjusted date: 7/2011 (original: 6/2011)
[2025-03-22 04:51:25,775] WARNING: aee (6/2011): No existing record found(6/2011, 2011-06-30) - creating new one
[2025-03-22 04:51:25,776] INFO: aee (6/2011): Created new record with 10 non-zero financial metrics
[2025-03-22 04:51:25,789] INFO: Trying adjusted date: 10/2011 (original: 9/2011)
[2025-03-22 04:51:25,802] WARNING: aee (9/2011): No existing record found(9/2011, 2011-09-30) - creating new one
[2025-03-22 04:51:25,802] INFO: aee (9/2011): Created new record with 10 non-zero financial metrics
[2025-03-22 04:51:25,817] INFO: Trying adjusted date: 12/2011 (original: 11/2011)
[2025-03-22 04:51:25,830] WARNING: aee (11/2011): No existing record found(11/2011, 2011-11-23) - creating new one
[2025-03-22 04:51:25,830] INFO: aee (11/2011): Created new record with 0 non-zero financial metrics
[2025-03-22 04:51:25,844] INFO: Trying adjusted date: 4/2012 (original: 3/2012)
[2025-03-22 04:51:25,857] WARNING: aee (3/2012): No existing record found(3/2012, 2012-03-31) - creating new one
[2025-03-22 04:51:25,857] INFO: aee (3/2012): Created new record with 15 non-zero financial metrics
[2025-03-22 04:51:25,873] INFO: Trying adjusted date: 7/2012 (original: 6/2012)
[2025-03-22 04:51:25,885] WARNING: aee (6/2012): No existing record found(6/2012, 2012-06-30) - creating new one
[2025-03-22 04:51:25,885] INFO: aee (6/2012): Created new record with 11 non-zero financial metrics
[2025-03-22 04:51:25,912] INFO: aee (9/2012): Updated existing record with 11 non-zero financial metrics
[2025-03-22 04:51:25,939] INFO: aee (12/2012): Updated existing record with 16 non-zero financial metrics
[2025-03-22 04:51:25,966] INFO: aee (3/2013): Updated existing record with 15 non-zero financial metrics
[2025-03-22 04:51:25,993] INFO: aee (6/2013): Updated existing record with 11 non-zero financial metrics
[2025-03-22 04:51:26,020] INFO: aee (9/2013): Updated existing record with 12 non-zero financial metrics
[2025-03-22 04:51:26,047] INFO: aee (12/2013): Updated existing record with 17 non-zero financial metrics
[2025-03-22 04:51:26,074] INFO: aee (3/2014): Updated existing record with 15 non-zero financial metrics
[2025-03-22 04:51:26,099] INFO: aee (6/2014): Updated existing record with 11 non-zero financial metrics
[2025-03-22 04:51:26,126] INFO: aee (9/2014): Updated existing record with 12 non-zero financial metrics
[2025-03-22 04:51:26,153] INFO: aee (12/2014): Updated existing record with 17 non-zero financial metrics
[2025-03-22 04:51:26,179] INFO: aee (3/2015): Updated existing record with 15 non-zero financial metrics
[2025-03-22 04:51:26,207] INFO: aee (6/2015): Updated existing record with 11 non-zero financial metrics
[2025-03-22 04:51:26,234] INFO: aee (9/2015): Updated existing record with 12 non-zero financial metrics
[2025-03-22 04:51:26,260] INFO: aee (12/2015): Updated existing record with 17 non-zero financial metrics
[2025-03-22 04:51:26,287] INFO: aee (3/2016): Updated existing record with 14 non-zero financial metrics
[2025-03-22 04:51:26,314] INFO: aee (6/2016): Updated existing record with 11 non-zero financial metrics
[2025-03-22 04:51:26,340] INFO: aee (9/2016): Updated existing record with 12 non-zero financial metrics
[2025-03-22 04:51:26,366] INFO: aee (12/2016): Updated existing record with 17 non-zero financial metrics
[2025-03-22 04:51:26,392] INFO: aee (3/2017): Updated existing record with 16 non-zero financial metrics
[2025-03-22 04:51:26,419] INFO: aee (6/2017): Updated existing record with 12 non-zero financial metrics
[2025-03-22 04:51:26,447] INFO: aee (9/2017): Updated existing record with 13 non-zero financial metrics
[2025-03-22 04:51:26,475] INFO: aee (12/2017): Updated existing record with 17 non-zero financial metrics
[2025-03-22 04:51:26,490] WARNING: aee (3/2018): Found zero values for fields: Share Repurchases
[2025-03-22 04:51:26,502] INFO: aee (3/2018): Updated existing record with 15 non-zero financial metrics
[2025-03-22 04:51:26,528] INFO: aee (6/2018): Updated existing record with 13 non-zero financial metrics
[2025-03-22 04:51:26,555] INFO: aee (9/2018): Updated existing record with 13 non-zero financial metrics
[2025-03-22 04:51:26,568] WARNING: aee (12/2018): Found zero values for fields: Share Repurchases
[2025-03-22 04:51:26,580] INFO: aee (12/2018): Updated existing record with 17 non-zero financial metrics
[2025-03-22 04:51:26,607] INFO: aee (3/2019): Updated existing record with 15 non-zero financial metrics
[2025-03-22 04:51:26,634] INFO: aee (6/2019): Updated existing record with 13 non-zero financial metrics
[2025-03-22 04:51:26,661] INFO: aee (9/2019): Updated existing record with 13 non-zero financial metrics
[2025-03-22 04:51:26,675] WARNING: aee (12/2019): Found zero values for fields: Share Repurchases
[2025-03-22 04:51:26,688] INFO: aee (12/2019): Updated existing record with 16 non-zero financial metrics
[2025-03-22 04:51:26,714] INFO: aee (3/2020): Updated existing record with 15 non-zero financial metrics
[2025-03-22 04:51:26,741] INFO: aee (6/2020): Updated existing record with 13 non-zero financial metrics
[2025-03-22 04:51:26,767] INFO: aee (9/2020): Updated existing record with 13 non-zero financial metrics
[2025-03-22 04:51:26,794] INFO: aee (12/2020): Updated existing record with 17 non-zero financial metrics
[2025-03-22 04:51:26,821] INFO: aee (3/2021): Updated existing record with 17 non-zero financial metrics
[2025-03-22 04:51:26,847] INFO: aee (6/2021): Updated existing record with 13 non-zero financial metrics
[2025-03-22 04:51:26,877] INFO: aee (9/2021): Updated existing record with 13 non-zero financial metrics
[2025-03-22 04:51:26,904] INFO: aee (12/2021): Updated existing record with 18 non-zero financial metrics
[2025-03-22 04:51:26,932] INFO: aee (3/2022): Updated existing record with 17 non-zero financial metrics
[2025-03-22 04:51:26,960] INFO: aee (6/2022): Updated existing record with 13 non-zero financial metrics
[2025-03-22 04:51:26,987] INFO: aee (9/2022): Updated existing record with 13 non-zero financial metrics
[2025-03-22 04:51:27,014] INFO: aee (12/2022): Updated existing record with 18 non-zero financial metrics
[2025-03-22 04:51:27,040] INFO: aee (3/2023): Updated existing record with 17 non-zero financial metrics
[2025-03-22 04:51:27,067] INFO: aee (6/2023): Updated existing record with 13 non-zero financial metrics
[2025-03-22 04:51:27,094] INFO: aee (9/2023): Updated existing record with 13 non-zero financial metrics
[2025-03-22 04:51:27,122] INFO: aee (12/2023): Updated existing record with 18 non-zero financial metrics
[2025-03-22 04:51:27,148] INFO: aee (3/2024): Updated existing record with 17 non-zero financial metrics
[2025-03-22 04:51:27,175] INFO: aee (6/2024): Updated existing record with 13 non-zero financial metrics
[2025-03-22 04:51:27,202] INFO: aee (9/2024): Updated existing record with 13 non-zero financial metrics
[2025-03-22 04:51:27,217] INFO: Trying adjusted date: 1/2025 (original: 12/2024)
[2025-03-22 04:51:27,230] WARNING: aee (12/2024): No existing record found(12/2024, 2024-12-31) - creating new one
[2025-03-22 04:51:27,231] INFO: aee (12/2024): Created new record with 18 non-zero financial metrics
