[2025-03-22 01:23:37,284] INFO: Trying adjusted date: 4/2010 (original: 3/2010)
[2025-03-22 01:23:37,295] WARNING: aep (3/2010): No existing record found(3/2010, 2010-03-31) - creating new one
[2025-03-22 01:23:37,296] INFO: aep (3/2010): Created new record with 15 non-zero financial metrics
[2025-03-22 01:23:37,310] INFO: Trying adjusted date: 7/2010 (original: 6/2010)
[2025-03-22 01:23:37,322] WARNING: aep (6/2010): No existing record found(6/2010, 2010-06-30) - creating new one
[2025-03-22 01:23:37,322] INFO: aep (6/2010): Created new record with 13 non-zero financial metrics
[2025-03-22 01:23:37,336] INFO: Trying adjusted date: 10/2010 (original: 9/2010)
[2025-03-22 01:23:37,348] WARNING: aep (9/2010): No existing record found(9/2010, 2010-09-30) - creating new one
[2025-03-22 01:23:37,348] INFO: aep (9/2010): Created new record with 13 non-zero financial metrics
[2025-03-22 01:23:37,361] INFO: Trying adjusted date: 1/2011 (original: 12/2010)
[2025-03-22 01:23:37,372] WARNING: aep (12/2010): No existing record found(12/2010, 2010-12-31) - creating new one
[2025-03-22 01:23:37,372] INFO: aep (12/2010): Created new record with 17 non-zero financial metrics
[2025-03-22 01:23:37,386] INFO: Trying adjusted date: 4/2011 (original: 3/2011)
[2025-03-22 01:23:37,398] WARNING: aep (3/2011): No existing record found(3/2011, 2011-03-31) - creating new one
[2025-03-22 01:23:37,399] INFO: aep (3/2011): Created new record with 16 non-zero financial metrics
[2025-03-22 01:23:37,414] INFO: Trying adjusted date: 7/2011 (original: 6/2011)
[2025-03-22 01:23:37,426] WARNING: aep (6/2011): No existing record found(6/2011, 2011-06-30) - creating new one
[2025-03-22 01:23:37,426] INFO: aep (6/2011): Created new record with 13 non-zero financial metrics
[2025-03-22 01:23:37,440] INFO: Trying adjusted date: 10/2011 (original: 9/2011)
[2025-03-22 01:23:37,452] WARNING: aep (9/2011): No existing record found(9/2011, 2011-09-30) - creating new one
[2025-03-22 01:23:37,452] INFO: aep (9/2011): Created new record with 13 non-zero financial metrics
[2025-03-22 01:23:37,465] INFO: Trying adjusted date: 1/2012 (original: 12/2011)
[2025-03-22 01:23:37,478] WARNING: aep (12/2011): No existing record found(12/2011, 2011-12-31) - creating new one
[2025-03-22 01:23:37,478] INFO: aep (12/2011): Created new record with 17 non-zero financial metrics
[2025-03-22 01:23:37,492] INFO: Trying adjusted date: 4/2012 (original: 3/2012)
[2025-03-22 01:23:37,503] WARNING: aep (3/2012): No existing record found(3/2012, 2012-03-31) - creating new one
[2025-03-22 01:23:37,504] INFO: aep (3/2012): Created new record with 17 non-zero financial metrics
[2025-03-22 01:23:37,517] INFO: Trying adjusted date: 7/2012 (original: 6/2012)
[2025-03-22 01:23:37,529] WARNING: aep (6/2012): No existing record found(6/2012, 2012-06-30) - creating new one
[2025-03-22 01:23:37,530] INFO: aep (6/2012): Created new record with 13 non-zero financial metrics
[2025-03-22 01:23:37,556] INFO: aep (9/2012): Updated existing record with 13 non-zero financial metrics
[2025-03-22 01:23:37,583] INFO: aep (12/2012): Updated existing record with 17 non-zero financial metrics
[2025-03-22 01:23:37,608] INFO: aep (3/2013): Updated existing record with 17 non-zero financial metrics
[2025-03-22 01:23:37,633] INFO: aep (6/2013): Updated existing record with 13 non-zero financial metrics
[2025-03-22 01:23:37,659] INFO: aep (9/2013): Updated existing record with 13 non-zero financial metrics
[2025-03-22 01:23:37,684] INFO: aep (12/2013): Updated existing record with 17 non-zero financial metrics
[2025-03-22 01:23:37,697] INFO: Trying adjusted date: 4/2014 (original: 3/2014)
[2025-03-22 01:23:37,709] WARNING: aep (3/2014): No existing record found(3/2014, 2014-03-31) - creating new one
[2025-03-22 01:23:37,709] INFO: aep (3/2014): Created new record with 17 non-zero financial metrics
[2025-03-22 01:23:37,734] INFO: aep (6/2014): Updated existing record with 13 non-zero financial metrics
[2025-03-22 01:23:37,759] INFO: aep (9/2014): Updated existing record with 13 non-zero financial metrics
[2025-03-22 01:23:37,785] INFO: aep (12/2014): Updated existing record with 17 non-zero financial metrics
[2025-03-22 01:23:37,810] INFO: aep (3/2015): Updated existing record with 17 non-zero financial metrics
[2025-03-22 01:23:37,838] INFO: aep (6/2015): Updated existing record with 13 non-zero financial metrics
[2025-03-22 01:23:37,865] INFO: aep (9/2015): Updated existing record with 13 non-zero financial metrics
[2025-03-22 01:23:37,890] INFO: aep (12/2015): Updated existing record with 17 non-zero financial metrics
[2025-03-22 01:23:37,916] INFO: aep (3/2016): Updated existing record with 16 non-zero financial metrics
[2025-03-22 01:23:37,941] INFO: aep (6/2016): Updated existing record with 13 non-zero financial metrics
[2025-03-22 01:23:37,968] INFO: aep (9/2016): Updated existing record with 13 non-zero financial metrics
[2025-03-22 01:23:37,993] INFO: aep (12/2016): Updated existing record with 17 non-zero financial metrics
[2025-03-22 01:23:38,021] INFO: aep (3/2017): Updated existing record with 16 non-zero financial metrics
[2025-03-22 01:23:38,046] INFO: aep (6/2017): Updated existing record with 13 non-zero financial metrics
[2025-03-22 01:23:38,074] INFO: aep (9/2017): Updated existing record with 13 non-zero financial metrics
[2025-03-22 01:23:38,100] INFO: aep (12/2017): Updated existing record with 14 non-zero financial metrics
[2025-03-22 01:23:38,124] INFO: aep (3/2018): Updated existing record with 16 non-zero financial metrics
[2025-03-22 01:23:38,151] INFO: aep (6/2018): Updated existing record with 13 non-zero financial metrics
[2025-03-22 01:23:38,176] INFO: aep (9/2018): Updated existing record with 13 non-zero financial metrics
[2025-03-22 01:23:38,203] INFO: aep (12/2018): Updated existing record with 14 non-zero financial metrics
[2025-03-22 01:23:38,227] INFO: aep (3/2019): Updated existing record with 16 non-zero financial metrics
[2025-03-22 01:23:38,253] INFO: aep (6/2019): Updated existing record with 13 non-zero financial metrics
[2025-03-22 01:23:38,279] INFO: aep (9/2019): Updated existing record with 13 non-zero financial metrics
[2025-03-22 01:23:38,304] INFO: aep (12/2019): Updated existing record with 17 non-zero financial metrics
[2025-03-22 01:23:38,329] INFO: aep (3/2020): Updated existing record with 16 non-zero financial metrics
[2025-03-22 01:23:38,358] INFO: aep (6/2020): Updated existing record with 13 non-zero financial metrics
[2025-03-22 01:23:38,386] INFO: aep (9/2020): Updated existing record with 13 non-zero financial metrics
[2025-03-22 01:23:38,399] WARNING: aep (12/2020): Found zero values for fields: Capital Expenditures
[2025-03-22 01:23:38,411] INFO: aep (12/2020): Updated existing record with 16 non-zero financial metrics
[2025-03-22 01:23:38,438] INFO: aep (3/2021): Updated existing record with 17 non-zero financial metrics
[2025-03-22 01:23:38,463] INFO: aep (6/2021): Updated existing record with 13 non-zero financial metrics
[2025-03-22 01:23:38,490] INFO: aep (9/2021): Updated existing record with 13 non-zero financial metrics
[2025-03-22 01:23:38,515] INFO: aep (12/2021): Updated existing record with 16 non-zero financial metrics
[2025-03-22 01:23:38,541] INFO: aep (3/2022): Updated existing record with 16 non-zero financial metrics
[2025-03-22 01:23:38,569] INFO: aep (6/2022): Updated existing record with 13 non-zero financial metrics
[2025-03-22 01:23:38,595] INFO: aep (9/2022): Updated existing record with 13 non-zero financial metrics
[2025-03-22 01:23:38,620] INFO: aep (12/2022): Updated existing record with 16 non-zero financial metrics
[2025-03-22 01:23:38,646] INFO: aep (3/2023): Updated existing record with 16 non-zero financial metrics
[2025-03-22 01:23:38,672] INFO: aep (6/2023): Updated existing record with 13 non-zero financial metrics
[2025-03-22 01:23:38,697] INFO: aep (9/2023): Updated existing record with 13 non-zero financial metrics
[2025-03-22 01:23:38,724] INFO: aep (12/2023): Updated existing record with 16 non-zero financial metrics
[2025-03-22 01:23:38,749] INFO: aep (3/2024): Updated existing record with 16 non-zero financial metrics
[2025-03-22 01:23:38,774] INFO: aep (6/2024): Updated existing record with 13 non-zero financial metrics
[2025-03-22 01:23:38,801] INFO: aep (9/2024): Updated existing record with 13 non-zero financial metrics
[2025-03-22 01:23:38,814] INFO: Trying adjusted date: 1/2025 (original: 12/2024)
[2025-03-22 01:23:38,826] WARNING: aep (12/2024): No existing record found(12/2024, 2024-12-31) - creating new one
[2025-03-22 01:23:38,827] INFO: aep (12/2024): Created new record with 15 non-zero financial metrics
