[2025-03-22 06:18:35,504] INFO: Trying adjusted date: 4/2010 (original: 3/2010)
[2025-03-22 06:18:35,517] WARNING: aes (3/2010): No existing record found(3/2010, 2010-03-31) - creating new one
[2025-03-22 06:18:35,517] INFO: aes (3/2010): Created new record with 16 non-zero financial metrics
[2025-03-22 06:18:35,533] INFO: Trying adjusted date: 7/2010 (original: 6/2010)
[2025-03-22 06:18:35,546] WARNING: aes (6/2010): No existing record found(6/2010, 2010-06-30) - creating new one
[2025-03-22 06:18:35,547] INFO: aes (6/2010): Created new record with 12 non-zero financial metrics
[2025-03-22 06:18:35,561] INFO: Trying adjusted date: 10/2010 (original: 9/2010)
[2025-03-22 06:18:35,573] WARNING: aes (9/2010): No existing record found(9/2010, 2010-09-30) - creating new one
[2025-03-22 06:18:35,574] INFO: aes (9/2010): Created new record with 12 non-zero financial metrics
[2025-03-22 06:18:35,588] INFO: Trying adjusted date: 1/2011 (original: 12/2010)
[2025-03-22 06:18:35,601] WARNING: aes (12/2010): No existing record found(12/2010, 2010-12-31) - creating new one
[2025-03-22 06:18:35,602] INFO: aes (12/2010): Created new record with 17 non-zero financial metrics
[2025-03-22 06:18:35,617] INFO: Trying adjusted date: 4/2011 (original: 3/2011)
[2025-03-22 06:18:35,629] WARNING: aes (3/2011): No existing record found(3/2011, 2011-03-31) - creating new one
[2025-03-22 06:18:35,630] INFO: aes (3/2011): Created new record with 17 non-zero financial metrics
[2025-03-22 06:18:35,644] INFO: Trying adjusted date: 7/2011 (original: 6/2011)
[2025-03-22 06:18:35,657] WARNING: aes (6/2011): No existing record found(6/2011, 2011-06-30) - creating new one
[2025-03-22 06:18:35,658] INFO: aes (6/2011): Created new record with 12 non-zero financial metrics
[2025-03-22 06:18:35,674] INFO: Trying adjusted date: 10/2011 (original: 9/2011)
[2025-03-22 06:18:35,687] WARNING: aes (9/2011): No existing record found(9/2011, 2011-09-30) - creating new one
[2025-03-22 06:18:35,688] INFO: aes (9/2011): Created new record with 13 non-zero financial metrics
[2025-03-22 06:18:35,702] INFO: Trying adjusted date: 1/2012 (original: 12/2011)
[2025-03-22 06:18:35,715] WARNING: aes (12/2011): No existing record found(12/2011, 2011-12-31) - creating new one
[2025-03-22 06:18:35,715] INFO: aes (12/2011): Created new record with 18 non-zero financial metrics
[2025-03-22 06:18:35,729] INFO: Trying adjusted date: 4/2012 (original: 3/2012)
[2025-03-22 06:18:35,742] WARNING: aes (3/2012): Found zero values for fields: Share Repurchases
[2025-03-22 06:18:35,742] WARNING: aes (3/2012): No existing record found(3/2012, 2012-03-31) - creating new one
[2025-03-22 06:18:35,742] INFO: aes (3/2012): Created new record with 17 non-zero financial metrics
[2025-03-22 06:18:35,757] INFO: Trying adjusted date: 7/2012 (original: 6/2012)
[2025-03-22 06:18:35,770] WARNING: aes (6/2012): No existing record found(6/2012, 2012-06-30) - creating new one
[2025-03-22 06:18:35,771] INFO: aes (6/2012): Created new record with 13 non-zero financial metrics
[2025-03-22 06:18:35,797] INFO: aes (9/2012): Updated existing record with 13 non-zero financial metrics
[2025-03-22 06:18:35,825] INFO: aes (12/2012): Updated existing record with 18 non-zero financial metrics
[2025-03-22 06:18:35,852] INFO: aes (3/2013): Updated existing record with 17 non-zero financial metrics
[2025-03-22 06:18:35,879] INFO: aes (6/2013): Updated existing record with 13 non-zero financial metrics
[2025-03-22 06:18:35,907] INFO: aes (9/2013): Updated existing record with 13 non-zero financial metrics
[2025-03-22 06:18:35,933] INFO: aes (12/2013): Updated existing record with 18 non-zero financial metrics
[2025-03-22 06:18:35,960] INFO: aes (3/2014): Updated existing record with 17 non-zero financial metrics
[2025-03-22 06:18:35,989] INFO: aes (6/2014): Updated existing record with 12 non-zero financial metrics
[2025-03-22 06:18:36,018] INFO: aes (9/2014): Updated existing record with 12 non-zero financial metrics
[2025-03-22 06:18:36,046] INFO: aes (12/2014): Updated existing record with 18 non-zero financial metrics
[2025-03-22 06:18:36,073] INFO: aes (3/2015): Updated existing record with 17 non-zero financial metrics
[2025-03-22 06:18:36,102] INFO: aes (6/2015): Updated existing record with 12 non-zero financial metrics
[2025-03-22 06:18:36,129] INFO: aes (9/2015): Updated existing record with 12 non-zero financial metrics
[2025-03-22 06:18:36,158] INFO: aes (12/2015): Updated existing record with 18 non-zero financial metrics
[2025-03-22 06:18:36,186] INFO: aes (3/2016): Updated existing record with 17 non-zero financial metrics
[2025-03-22 06:18:36,214] INFO: aes (6/2016): Updated existing record with 12 non-zero financial metrics
[2025-03-22 06:18:36,241] INFO: aes (9/2016): Updated existing record with 12 non-zero financial metrics
[2025-03-22 06:18:36,271] INFO: aes (12/2016): Updated existing record with 17 non-zero financial metrics
[2025-03-22 06:18:36,286] WARNING: aes (3/2017): Found zero values for fields: Share Repurchases
[2025-03-22 06:18:36,301] INFO: aes (3/2017): Updated existing record with 16 non-zero financial metrics
[2025-03-22 06:18:36,328] INFO: aes (6/2017): Updated existing record with 12 non-zero financial metrics
[2025-03-22 06:18:36,355] INFO: aes (9/2017): Updated existing record with 12 non-zero financial metrics
[2025-03-22 06:18:36,371] WARNING: aes (12/2017): Found zero values for fields: Share Repurchases
[2025-03-22 06:18:36,384] INFO: aes (12/2017): Updated existing record with 17 non-zero financial metrics
[2025-03-22 06:18:36,411] INFO: aes (3/2018): Updated existing record with 18 non-zero financial metrics
[2025-03-22 06:18:36,440] INFO: aes (6/2018): Updated existing record with 15 non-zero financial metrics
[2025-03-22 06:18:36,468] INFO: aes (9/2018): Updated existing record with 15 non-zero financial metrics
[2025-03-22 06:18:36,482] WARNING: aes (12/2018): Found zero values for fields: Share Repurchases
[2025-03-22 06:18:36,494] INFO: aes (12/2018): Updated existing record with 19 non-zero financial metrics
[2025-03-22 06:18:36,521] INFO: aes (3/2019): Updated existing record with 19 non-zero financial metrics
[2025-03-22 06:18:36,552] INFO: aes (6/2019): Updated existing record with 15 non-zero financial metrics
[2025-03-22 06:18:36,579] INFO: aes (9/2019): Updated existing record with 15 non-zero financial metrics
[2025-03-22 06:18:36,608] INFO: aes (12/2019): Updated existing record with 19 non-zero financial metrics
[2025-03-22 06:18:36,635] INFO: aes (3/2020): Updated existing record with 19 non-zero financial metrics
[2025-03-22 06:18:36,663] INFO: aes (6/2020): Updated existing record with 15 non-zero financial metrics
[2025-03-22 06:18:36,690] INFO: aes (9/2020): Updated existing record with 15 non-zero financial metrics
[2025-03-22 06:18:36,718] INFO: aes (12/2020): Updated existing record with 19 non-zero financial metrics
[2025-03-22 06:18:36,746] INFO: aes (3/2021): Updated existing record with 19 non-zero financial metrics
[2025-03-22 06:18:36,774] INFO: aes (6/2021): Updated existing record with 15 non-zero financial metrics
[2025-03-22 06:18:36,807] INFO: aes (9/2021): Updated existing record with 15 non-zero financial metrics
[2025-03-22 06:18:36,834] INFO: aes (12/2021): Updated existing record with 19 non-zero financial metrics
[2025-03-22 06:18:36,861] INFO: aes (3/2022): Updated existing record with 19 non-zero financial metrics
[2025-03-22 06:18:36,890] INFO: aes (6/2022): Updated existing record with 15 non-zero financial metrics
[2025-03-22 06:18:36,917] INFO: aes (9/2022): Updated existing record with 15 non-zero financial metrics
[2025-03-22 06:18:36,944] INFO: aes (12/2022): Updated existing record with 19 non-zero financial metrics
[2025-03-22 06:18:36,972] INFO: aes (3/2023): Updated existing record with 19 non-zero financial metrics
[2025-03-22 06:18:36,999] INFO: aes (6/2023): Updated existing record with 15 non-zero financial metrics
[2025-03-22 06:18:37,028] INFO: aes (9/2023): Updated existing record with 15 non-zero financial metrics
[2025-03-22 06:18:37,056] INFO: aes (12/2023): Updated existing record with 19 non-zero financial metrics
[2025-03-22 06:18:37,084] INFO: aes (3/2024): Updated existing record with 19 non-zero financial metrics
[2025-03-22 06:18:37,110] INFO: aes (6/2024): Updated existing record with 15 non-zero financial metrics
[2025-03-22 06:18:37,139] INFO: aes (9/2024): Updated existing record with 15 non-zero financial metrics
[2025-03-22 06:18:37,153] INFO: Trying adjusted date: 1/2025 (original: 12/2024)
[2025-03-22 06:18:37,166] WARNING: aes (12/2024): No existing record found(12/2024, 2024-12-31) - creating new one
[2025-03-22 06:18:37,167] INFO: aes (12/2024): Created new record with 19 non-zero financial metrics
