[2025-03-22 07:32:36,451] INFO: Trying adjusted date: 7/2010 (original: 6/2010)
[2025-03-22 07:32:36,464] WARNING: akam (6/2010): No existing record found(6/2010, 2010-06-30) - creating new one
[2025-03-22 07:32:36,465] INFO: akam (6/2010): Created new record with 16 non-zero financial metrics
[2025-03-22 07:32:36,480] INFO: Trying adjusted date: 10/2010 (original: 9/2010)
[2025-03-22 07:32:36,494] WARNING: akam (9/2010): No existing record found(9/2010, 2010-09-30) - creating new one
[2025-03-22 07:32:36,494] INFO: akam (9/2010): Created new record with 16 non-zero financial metrics
[2025-03-22 07:32:36,510] INFO: Trying adjusted date: 1/2011 (original: 12/2010)
[2025-03-22 07:32:36,523] WARNING: akam (12/2010): No existing record found(12/2010, 2010-12-31) - creating new one
[2025-03-22 07:32:36,524] INFO: akam (12/2010): Created new record with 21 non-zero financial metrics
[2025-03-22 07:32:36,539] INFO: Trying adjusted date: 4/2011 (original: 3/2011)
[2025-03-22 07:32:36,551] WARNING: akam (3/2011): No existing record found(3/2011, 2011-03-31) - creating new one
[2025-03-22 07:32:36,551] INFO: akam (3/2011): Created new record with 20 non-zero financial metrics
[2025-03-22 07:32:36,566] INFO: Trying adjusted date: 7/2011 (original: 6/2011)
[2025-03-22 07:32:36,579] WARNING: akam (6/2011): Found zero values for fields: Interest Expense
[2025-03-22 07:32:36,579] WARNING: akam (6/2011): No existing record found(6/2011, 2011-06-30) - creating new one
[2025-03-22 07:32:36,580] INFO: akam (6/2011): Created new record with 15 non-zero financial metrics
[2025-03-22 07:32:36,595] INFO: Trying adjusted date: 10/2011 (original: 9/2011)
[2025-03-22 07:32:36,608] WARNING: akam (9/2011): Found zero values for fields: Interest Expense
[2025-03-22 07:32:36,608] WARNING: akam (9/2011): No existing record found(9/2011, 2011-09-30) - creating new one
[2025-03-22 07:32:36,608] INFO: akam (9/2011): Created new record with 15 non-zero financial metrics
[2025-03-22 07:32:36,624] INFO: Trying adjusted date: 1/2012 (original: 12/2011)
[2025-03-22 07:32:36,638] WARNING: akam (12/2011): Found zero values for fields: Interest Expense
[2025-03-22 07:32:36,638] WARNING: akam (12/2011): No existing record found(12/2011, 2011-12-31) - creating new one
[2025-03-22 07:32:36,639] INFO: akam (12/2011): Created new record with 20 non-zero financial metrics
[2025-03-22 07:32:36,653] INFO: Trying adjusted date: 4/2012 (original: 3/2012)
[2025-03-22 07:32:36,666] WARNING: akam (3/2012): No existing record found(3/2012, 2012-03-31) - creating new one
[2025-03-22 07:32:36,666] INFO: akam (3/2012): Created new record with 20 non-zero financial metrics
[2025-03-22 07:32:36,681] INFO: Trying adjusted date: 7/2012 (original: 6/2012)
[2025-03-22 07:32:36,694] WARNING: akam (6/2012): No existing record found(6/2012, 2012-06-30) - creating new one
[2025-03-22 07:32:36,695] INFO: akam (6/2012): Created new record with 15 non-zero financial metrics
[2025-03-22 07:32:36,723] INFO: akam (9/2012): Updated existing record with 15 non-zero financial metrics
[2025-03-22 07:32:36,737] WARNING: akam (12/2012): Found zero values for fields: Interest Expense
[2025-03-22 07:32:36,750] INFO: akam (12/2012): Updated existing record with 20 non-zero financial metrics
[2025-03-22 07:32:36,780] INFO: akam (3/2013): Updated existing record with 20 non-zero financial metrics
[2025-03-22 07:32:36,809] INFO: akam (6/2013): Updated existing record with 15 non-zero financial metrics
[2025-03-22 07:32:36,837] INFO: akam (9/2013): Updated existing record with 15 non-zero financial metrics
[2025-03-22 07:32:36,866] INFO: akam (12/2013): Updated existing record with 21 non-zero financial metrics
[2025-03-22 07:32:36,895] INFO: akam (3/2014): Updated existing record with 21 non-zero financial metrics
[2025-03-22 07:32:36,923] INFO: akam (6/2014): Updated existing record with 16 non-zero financial metrics
[2025-03-22 07:32:36,950] INFO: akam (9/2014): Updated existing record with 16 non-zero financial metrics
[2025-03-22 07:32:36,982] INFO: akam (12/2014): Updated existing record with 22 non-zero financial metrics
[2025-03-22 07:32:37,010] INFO: akam (3/2015): Updated existing record with 21 non-zero financial metrics
[2025-03-22 07:32:37,037] INFO: akam (6/2015): Updated existing record with 16 non-zero financial metrics
[2025-03-22 07:32:37,065] INFO: akam (9/2015): Updated existing record with 16 non-zero financial metrics
[2025-03-22 07:32:37,094] INFO: akam (12/2015): Updated existing record with 22 non-zero financial metrics
[2025-03-22 07:32:37,122] INFO: akam (3/2016): Updated existing record with 21 non-zero financial metrics
[2025-03-22 07:32:37,151] INFO: akam (6/2016): Updated existing record with 16 non-zero financial metrics
[2025-03-22 07:32:37,177] INFO: akam (9/2016): Updated existing record with 16 non-zero financial metrics
[2025-03-22 07:32:37,205] INFO: akam (12/2016): Updated existing record with 22 non-zero financial metrics
[2025-03-22 07:32:37,233] INFO: akam (3/2017): Updated existing record with 21 non-zero financial metrics
[2025-03-22 07:32:37,262] INFO: akam (6/2017): Updated existing record with 16 non-zero financial metrics
[2025-03-22 07:32:37,289] INFO: akam (9/2017): Updated existing record with 16 non-zero financial metrics
[2025-03-22 07:32:37,318] INFO: akam (12/2017): Updated existing record with 22 non-zero financial metrics
[2025-03-22 07:32:37,347] INFO: akam (3/2018): Updated existing record with 21 non-zero financial metrics
[2025-03-22 07:32:37,375] INFO: akam (6/2018): Updated existing record with 16 non-zero financial metrics
[2025-03-22 07:32:37,402] INFO: akam (9/2018): Updated existing record with 16 non-zero financial metrics
[2025-03-22 07:32:37,432] INFO: akam (12/2018): Updated existing record with 21 non-zero financial metrics
[2025-03-22 07:32:37,460] INFO: akam (3/2019): Updated existing record with 20 non-zero financial metrics
[2025-03-22 07:32:37,489] INFO: akam (6/2019): Updated existing record with 16 non-zero financial metrics
[2025-03-22 07:32:37,516] INFO: akam (9/2019): Updated existing record with 16 non-zero financial metrics
[2025-03-22 07:32:37,544] INFO: akam (12/2019): Updated existing record with 20 non-zero financial metrics
[2025-03-22 07:32:37,573] INFO: akam (3/2020): Updated existing record with 21 non-zero financial metrics
[2025-03-22 07:32:37,600] INFO: akam (6/2020): Updated existing record with 17 non-zero financial metrics
[2025-03-22 07:32:37,628] INFO: akam (9/2020): Updated existing record with 16 non-zero financial metrics
[2025-03-22 07:32:37,657] INFO: akam (12/2020): Updated existing record with 20 non-zero financial metrics
[2025-03-22 07:32:37,686] INFO: akam (3/2021): Updated existing record with 21 non-zero financial metrics
[2025-03-22 07:32:37,716] INFO: akam (6/2021): Updated existing record with 16 non-zero financial metrics
[2025-03-22 07:32:37,744] INFO: akam (9/2021): Updated existing record with 16 non-zero financial metrics
[2025-03-22 07:32:37,774] INFO: akam (12/2021): Updated existing record with 20 non-zero financial metrics
[2025-03-22 07:32:37,802] INFO: akam (3/2022): Updated existing record with 21 non-zero financial metrics
[2025-03-22 07:32:37,830] INFO: akam (6/2022): Updated existing record with 16 non-zero financial metrics
[2025-03-22 07:32:37,858] INFO: akam (9/2022): Updated existing record with 16 non-zero financial metrics
[2025-03-22 07:32:37,886] INFO: akam (12/2022): Updated existing record with 20 non-zero financial metrics
[2025-03-22 07:32:37,916] INFO: akam (3/2023): Updated existing record with 21 non-zero financial metrics
[2025-03-22 07:32:37,944] INFO: akam (6/2023): Updated existing record with 16 non-zero financial metrics
[2025-03-22 07:32:37,972] INFO: akam (9/2023): Updated existing record with 15 non-zero financial metrics
[2025-03-22 07:32:38,000] INFO: akam (12/2023): Updated existing record with 20 non-zero financial metrics
[2025-03-22 07:32:38,027] INFO: akam (3/2024): Updated existing record with 20 non-zero financial metrics
[2025-03-22 07:32:38,056] INFO: akam (6/2024): Updated existing record with 15 non-zero financial metrics
[2025-03-22 07:32:38,084] INFO: akam (9/2024): Updated existing record with 15 non-zero financial metrics
[2025-03-22 07:32:38,098] INFO: Trying adjusted date: 1/2025 (original: 12/2024)
[2025-03-22 07:32:38,111] WARNING: akam (12/2024): No existing record found(12/2024, 2024-12-31) - creating new one
[2025-03-22 07:32:38,112] INFO: akam (12/2024): Created new record with 20 non-zero financial metrics
