[2025-03-22 03:09:26,080] INFO: Trying adjusted date: 7/2010 (original: 6/2010)
[2025-03-22 03:09:26,092] WARNING: alb (6/2010): No existing record found(6/2010, 2010-06-30) - creating new one
[2025-03-22 03:09:26,093] INFO: alb (6/2010): Created new record with 14 non-zero financial metrics
[2025-03-22 03:09:26,110] INFO: Trying adjusted date: 10/2010 (original: 9/2010)
[2025-03-22 03:09:26,122] WARNING: alb (9/2010): No existing record found(9/2010, 2010-09-30) - creating new one
[2025-03-22 03:09:26,123] INFO: alb (9/2010): Created new record with 14 non-zero financial metrics
[2025-03-22 03:09:26,138] INFO: Trying adjusted date: 1/2011 (original: 12/2010)
[2025-03-22 03:09:26,150] WARNING: alb (12/2010): No existing record found(12/2010, 2010-12-31) - creating new one
[2025-03-22 03:09:26,150] INFO: alb (12/2010): Created new record with 19 non-zero financial metrics
[2025-03-22 03:09:26,164] INFO: Trying adjusted date: 4/2011 (original: 3/2011)
[2025-03-22 03:09:26,177] WARNING: alb (3/2011): No existing record found(3/2011, 2011-03-31) - creating new one
[2025-03-22 03:09:26,177] INFO: alb (3/2011): Created new record with 18 non-zero financial metrics
[2025-03-22 03:09:26,191] INFO: Trying adjusted date: 7/2011 (original: 6/2011)
[2025-03-22 03:09:26,203] WARNING: alb (6/2011): No existing record found(6/2011, 2011-06-30) - creating new one
[2025-03-22 03:09:26,204] INFO: alb (6/2011): Created new record with 15 non-zero financial metrics
[2025-03-22 03:09:26,218] INFO: Trying adjusted date: 10/2011 (original: 9/2011)
[2025-03-22 03:09:26,231] WARNING: alb (9/2011): No existing record found(9/2011, 2011-09-30) - creating new one
[2025-03-22 03:09:26,232] INFO: alb (9/2011): Created new record with 15 non-zero financial metrics
[2025-03-22 03:09:26,246] INFO: Trying adjusted date: 1/2012 (original: 12/2011)
[2025-03-22 03:09:26,258] WARNING: alb (12/2011): No existing record found(12/2011, 2011-12-31) - creating new one
[2025-03-22 03:09:26,259] INFO: alb (12/2011): Created new record with 20 non-zero financial metrics
[2025-03-22 03:09:26,273] INFO: Trying adjusted date: 4/2012 (original: 3/2012)
[2025-03-22 03:09:26,285] WARNING: alb (3/2012): No existing record found(3/2012, 2012-03-31) - creating new one
[2025-03-22 03:09:26,285] INFO: alb (3/2012): Created new record with 19 non-zero financial metrics
[2025-03-22 03:09:26,299] INFO: Trying adjusted date: 7/2012 (original: 6/2012)
[2025-03-22 03:09:26,311] WARNING: alb (6/2012): No existing record found(6/2012, 2012-06-30) - creating new one
[2025-03-22 03:09:26,311] INFO: alb (6/2012): Created new record with 15 non-zero financial metrics
[2025-03-22 03:09:26,337] INFO: alb (9/2012): Updated existing record with 15 non-zero financial metrics
[2025-03-22 03:09:26,365] INFO: alb (12/2012): Updated existing record with 20 non-zero financial metrics
[2025-03-22 03:09:26,391] INFO: alb (3/2013): Updated existing record with 20 non-zero financial metrics
[2025-03-22 03:09:26,418] INFO: alb (6/2013): Updated existing record with 15 non-zero financial metrics
[2025-03-22 03:09:26,442] INFO: alb (9/2013): Updated existing record with 15 non-zero financial metrics
[2025-03-22 03:09:26,469] INFO: alb (12/2013): Updated existing record with 20 non-zero financial metrics
[2025-03-22 03:09:26,495] INFO: alb (3/2014): Updated existing record with 20 non-zero financial metrics
[2025-03-22 03:09:26,521] INFO: alb (6/2014): Updated existing record with 15 non-zero financial metrics
[2025-03-22 03:09:26,548] INFO: alb (9/2014): Updated existing record with 15 non-zero financial metrics
[2025-03-22 03:09:26,574] INFO: alb (12/2014): Updated existing record with 20 non-zero financial metrics
[2025-03-22 03:09:26,588] WARNING: alb (3/2015): Found zero values for fields: Share Repurchases
[2025-03-22 03:09:26,601] INFO: alb (3/2015): Updated existing record with 19 non-zero financial metrics
[2025-03-22 03:09:26,626] INFO: alb (6/2015): Updated existing record with 14 non-zero financial metrics
[2025-03-22 03:09:26,653] INFO: alb (9/2015): Updated existing record with 14 non-zero financial metrics
[2025-03-22 03:09:26,668] WARNING: alb (12/2015): Found zero values for fields: Share Repurchases
[2025-03-22 03:09:26,682] INFO: alb (12/2015): Updated existing record with 18 non-zero financial metrics
[2025-03-22 03:09:26,708] INFO: alb (3/2016): Updated existing record with 18 non-zero financial metrics
[2025-03-22 03:09:26,735] INFO: alb (6/2016): Updated existing record with 15 non-zero financial metrics
[2025-03-22 03:09:26,761] INFO: alb (9/2016): Updated existing record with 15 non-zero financial metrics
[2025-03-22 03:09:26,776] WARNING: alb (12/2016): Found zero values for fields: Share Repurchases
[2025-03-22 03:09:26,789] INFO: alb (12/2016): Updated existing record with 19 non-zero financial metrics
[2025-03-22 03:09:26,816] INFO: alb (3/2017): Updated existing record with 20 non-zero financial metrics
[2025-03-22 03:09:26,842] INFO: alb (6/2017): Updated existing record with 15 non-zero financial metrics
[2025-03-22 03:09:26,869] INFO: alb (9/2017): Updated existing record with 15 non-zero financial metrics
[2025-03-22 03:09:26,895] INFO: alb (12/2017): Updated existing record with 20 non-zero financial metrics
[2025-03-22 03:09:26,909] WARNING: alb (3/2018): Found zero values for fields: Share Repurchases
[2025-03-22 03:09:26,923] INFO: alb (3/2018): Updated existing record with 19 non-zero financial metrics
[2025-03-22 03:09:26,949] INFO: alb (6/2018): Updated existing record with 15 non-zero financial metrics
[2025-03-22 03:09:26,975] INFO: alb (9/2018): Updated existing record with 15 non-zero financial metrics
[2025-03-22 03:09:27,001] INFO: alb (12/2018): Updated existing record with 20 non-zero financial metrics
[2025-03-22 03:09:27,026] INFO: alb (3/2019): Updated existing record with 19 non-zero financial metrics
[2025-03-22 03:09:27,053] INFO: alb (6/2019): Updated existing record with 15 non-zero financial metrics
[2025-03-22 03:09:27,079] INFO: alb (9/2019): Updated existing record with 15 non-zero financial metrics
[2025-03-22 03:09:27,093] WARNING: alb (12/2019): Found zero values for fields: Share Repurchases
[2025-03-22 03:09:27,107] INFO: alb (12/2019): Updated existing record with 19 non-zero financial metrics
[2025-03-22 03:09:27,133] INFO: alb (3/2020): Updated existing record with 19 non-zero financial metrics
[2025-03-22 03:09:27,158] INFO: alb (6/2020): Updated existing record with 15 non-zero financial metrics
[2025-03-22 03:09:27,187] INFO: alb (9/2020): Updated existing record with 15 non-zero financial metrics
[2025-03-22 03:09:27,201] WARNING: alb (12/2020): Found zero values for fields: Share Repurchases
[2025-03-22 03:09:27,214] INFO: alb (12/2020): Updated existing record with 18 non-zero financial metrics
[2025-03-22 03:09:27,240] INFO: alb (3/2021): Updated existing record with 19 non-zero financial metrics
[2025-03-22 03:09:27,266] INFO: alb (6/2021): Updated existing record with 15 non-zero financial metrics
[2025-03-22 03:09:27,292] INFO: alb (9/2021): Updated existing record with 15 non-zero financial metrics
[2025-03-22 03:09:27,318] INFO: alb (12/2021): Updated existing record with 18 non-zero financial metrics
[2025-03-22 03:09:27,343] INFO: alb (3/2022): Updated existing record with 19 non-zero financial metrics
[2025-03-22 03:09:27,370] INFO: alb (6/2022): Updated existing record with 15 non-zero financial metrics
[2025-03-22 03:09:27,396] INFO: alb (9/2022): Updated existing record with 15 non-zero financial metrics
[2025-03-22 03:09:27,424] INFO: alb (12/2022): Updated existing record with 18 non-zero financial metrics
[2025-03-22 03:09:27,454] INFO: alb (3/2023): Updated existing record with 19 non-zero financial metrics
[2025-03-22 03:09:27,480] INFO: alb (6/2023): Updated existing record with 15 non-zero financial metrics
[2025-03-22 03:09:27,506] INFO: alb (9/2023): Updated existing record with 15 non-zero financial metrics
[2025-03-22 03:09:27,532] INFO: alb (12/2023): Updated existing record with 18 non-zero financial metrics
[2025-03-22 03:09:27,558] INFO: alb (3/2024): Updated existing record with 19 non-zero financial metrics
[2025-03-22 03:09:27,585] INFO: alb (6/2024): Updated existing record with 15 non-zero financial metrics
[2025-03-22 03:09:27,610] INFO: alb (9/2024): Updated existing record with 15 non-zero financial metrics
[2025-03-22 03:09:27,625] INFO: Trying adjusted date: 1/2025 (original: 12/2024)
[2025-03-22 03:09:27,639] WARNING: alb (12/2024): No existing record found(12/2024, 2024-12-31) - creating new one
[2025-03-22 03:09:27,639] INFO: alb (12/2024): Created new record with 18 non-zero financial metrics
