[2025-03-22 05:48:15,537] INFO: Trying adjusted date: 7/2010 (original: 6/2010)
[2025-03-22 05:48:15,550] WARNING: algn (6/2010): No existing record found(6/2010, 2010-06-30) - creating new one
[2025-03-22 05:48:15,551] INFO: algn (6/2010): Created new record with 17 non-zero financial metrics
[2025-03-22 05:48:15,568] INFO: Trying adjusted date: 10/2010 (original: 9/2010)
[2025-03-22 05:48:15,581] WARNING: algn (9/2010): No existing record found(9/2010, 2010-09-30) - creating new one
[2025-03-22 05:48:15,581] INFO: algn (9/2010): Created new record with 17 non-zero financial metrics
[2025-03-22 05:48:15,597] INFO: Trying adjusted date: 1/2011 (original: 12/2010)
[2025-03-22 05:48:15,610] ERROR: Invalid numeric value for Share Repurchases: 
[2025-03-22 05:48:15,610] ERROR: algn (12/2010): Invalid data types: Share Repurchases=
[2025-03-22 05:48:15,610] WARNING: algn (12/2010): No existing record found(12/2010, 2010-12-31) - creating new one
[2025-03-22 05:48:15,611] INFO: algn (12/2010): Created new record with 22 non-zero financial metrics
[2025-03-22 05:48:15,625] INFO: Trying adjusted date: 4/2011 (original: 3/2011)
[2025-03-22 05:48:15,639] WARNING: algn (3/2011): No existing record found(3/2011, 2011-03-31) - creating new one
[2025-03-22 05:48:15,639] INFO: algn (3/2011): Created new record with 21 non-zero financial metrics
[2025-03-22 05:48:15,654] INFO: Trying adjusted date: 7/2011 (original: 6/2011)
[2025-03-22 05:48:15,667] WARNING: algn (6/2011): No existing record found(6/2011, 2011-06-30) - creating new one
[2025-03-22 05:48:15,667] INFO: algn (6/2011): Created new record with 17 non-zero financial metrics
[2025-03-22 05:48:15,682] INFO: Trying adjusted date: 10/2011 (original: 9/2011)
[2025-03-22 05:48:15,695] WARNING: algn (9/2011): No existing record found(9/2011, 2011-09-30) - creating new one
[2025-03-22 05:48:15,696] INFO: algn (9/2011): Created new record with 17 non-zero financial metrics
[2025-03-22 05:48:15,710] INFO: Trying adjusted date: 1/2012 (original: 12/2011)
[2025-03-22 05:48:15,724] WARNING: algn (12/2011): No existing record found(12/2011, 2011-12-31) - creating new one
[2025-03-22 05:48:15,724] INFO: algn (12/2011): Created new record with 23 non-zero financial metrics
[2025-03-22 05:48:15,738] INFO: Trying adjusted date: 4/2012 (original: 3/2012)
[2025-03-22 05:48:15,751] WARNING: algn (3/2012): No existing record found(3/2012, 2012-03-31) - creating new one
[2025-03-22 05:48:15,752] INFO: algn (3/2012): Created new record with 22 non-zero financial metrics
[2025-03-22 05:48:15,766] INFO: Trying adjusted date: 7/2012 (original: 6/2012)
[2025-03-22 05:48:15,779] WARNING: algn (6/2012): No existing record found(6/2012, 2012-06-30) - creating new one
[2025-03-22 05:48:15,780] INFO: algn (6/2012): Created new record with 17 non-zero financial metrics
[2025-03-22 05:48:15,797] WARNING: algn (9/2012): Found zero values for fields: EPS Diluted
[2025-03-22 05:48:15,809] INFO: algn (9/2012): Updated existing record with 16 non-zero financial metrics
[2025-03-22 05:48:15,837] INFO: algn (12/2012): Updated existing record with 22 non-zero financial metrics
[2025-03-22 05:48:15,867] INFO: algn (3/2013): Updated existing record with 22 non-zero financial metrics
[2025-03-22 05:48:15,895] INFO: algn (6/2013): Updated existing record with 17 non-zero financial metrics
[2025-03-22 05:48:15,922] INFO: algn (9/2013): Updated existing record with 17 non-zero financial metrics
[2025-03-22 05:48:15,950] INFO: algn (12/2013): Updated existing record with 22 non-zero financial metrics
[2025-03-22 05:48:15,966] WARNING: algn (3/2014): Found zero values for fields: Share Repurchases
[2025-03-22 05:48:15,980] INFO: algn (3/2014): Updated existing record with 21 non-zero financial metrics
[2025-03-22 05:48:16,007] INFO: algn (6/2014): Updated existing record with 17 non-zero financial metrics
[2025-03-22 05:48:16,035] INFO: algn (9/2014): Updated existing record with 17 non-zero financial metrics
[2025-03-22 05:48:16,063] INFO: algn (12/2014): Updated existing record with 22 non-zero financial metrics
[2025-03-22 05:48:16,090] INFO: algn (3/2015): Updated existing record with 21 non-zero financial metrics
[2025-03-22 05:48:16,118] INFO: algn (6/2015): Updated existing record with 16 non-zero financial metrics
[2025-03-22 05:48:16,145] INFO: algn (9/2015): Updated existing record with 16 non-zero financial metrics
[2025-03-22 05:48:16,172] INFO: algn (12/2015): Updated existing record with 20 non-zero financial metrics
[2025-03-22 05:48:16,186] WARNING: algn (3/2016): Found zero values for fields: Share Repurchases
[2025-03-22 05:48:16,199] INFO: algn (3/2016): Updated existing record with 19 non-zero financial metrics
[2025-03-22 05:48:16,226] INFO: algn (6/2016): Updated existing record with 15 non-zero financial metrics
[2025-03-22 05:48:16,252] INFO: algn (9/2016): Updated existing record with 15 non-zero financial metrics
[2025-03-22 05:48:16,280] INFO: algn (12/2016): Updated existing record with 21 non-zero financial metrics
[2025-03-22 05:48:16,306] INFO: algn (3/2017): Updated existing record with 20 non-zero financial metrics
[2025-03-22 05:48:16,336] INFO: algn (6/2017): Updated existing record with 15 non-zero financial metrics
[2025-03-22 05:48:16,363] INFO: algn (9/2017): Updated existing record with 15 non-zero financial metrics
[2025-03-22 05:48:16,391] INFO: algn (12/2017): Updated existing record with 21 non-zero financial metrics
[2025-03-22 05:48:16,406] WARNING: algn (3/2018): Found zero values for fields: Net Loans
[2025-03-22 05:48:16,419] INFO: algn (3/2018): Updated existing record with 19 non-zero financial metrics
[2025-03-22 05:48:16,433] WARNING: algn (6/2018): Found zero values for fields: Net Loans
[2025-03-22 05:48:16,446] INFO: algn (6/2018): Updated existing record with 15 non-zero financial metrics
[2025-03-22 05:48:16,461] WARNING: algn (9/2018): Found zero values for fields: Net Loans
[2025-03-22 05:48:16,474] INFO: algn (9/2018): Updated existing record with 15 non-zero financial metrics
[2025-03-22 05:48:16,488] WARNING: algn (12/2018): Found zero values for fields: Net Loans
[2025-03-22 05:48:16,501] INFO: algn (12/2018): Updated existing record with 22 non-zero financial metrics
[2025-03-22 05:48:16,528] INFO: algn (3/2019): Updated existing record with 20 non-zero financial metrics
[2025-03-22 05:48:16,556] INFO: algn (6/2019): Updated existing record with 14 non-zero financial metrics
[2025-03-22 05:48:16,585] INFO: algn (9/2019): Updated existing record with 14 non-zero financial metrics
[2025-03-22 05:48:16,613] INFO: algn (12/2019): Updated existing record with 21 non-zero financial metrics
[2025-03-22 05:48:16,627] WARNING: algn (3/2020): Found zero values for fields: Share Repurchases
[2025-03-22 05:48:16,641] INFO: algn (3/2020): Updated existing record with 18 non-zero financial metrics
[2025-03-22 05:48:16,655] INFO: Trying adjusted date: 7/2020 (original: 6/2020)
[2025-03-22 05:48:16,667] WARNING: algn (6/2020): No existing record found(6/2020, 2020-06-30) - creating new one
[2025-03-22 05:48:16,668] INFO: algn (6/2020): Created new record with 15 non-zero financial metrics
[2025-03-22 05:48:16,696] INFO: algn (9/2020): Updated existing record with 15 non-zero financial metrics
[2025-03-22 05:48:16,711] WARNING: algn (12/2020): Found zero values for fields: Share Repurchases
[2025-03-22 05:48:16,724] INFO: algn (12/2020): Updated existing record with 20 non-zero financial metrics
[2025-03-22 05:48:16,751] INFO: algn (3/2021): Updated existing record with 19 non-zero financial metrics
[2025-03-22 05:48:16,779] INFO: algn (6/2021): Updated existing record with 15 non-zero financial metrics
[2025-03-22 05:48:16,807] INFO: algn (9/2021): Updated existing record with 15 non-zero financial metrics
[2025-03-22 05:48:16,834] INFO: algn (12/2021): Updated existing record with 21 non-zero financial metrics
[2025-03-22 05:48:16,863] INFO: algn (3/2022): Updated existing record with 20 non-zero financial metrics
[2025-03-22 05:48:16,889] INFO: algn (6/2022): Updated existing record with 15 non-zero financial metrics
[2025-03-22 05:48:16,916] INFO: algn (9/2022): Updated existing record with 15 non-zero financial metrics
[2025-03-22 05:48:16,944] INFO: algn (12/2022): Updated existing record with 21 non-zero financial metrics
[2025-03-22 05:48:16,971] INFO: algn (3/2023): Updated existing record with 20 non-zero financial metrics
[2025-03-22 05:48:16,998] INFO: algn (6/2023): Updated existing record with 15 non-zero financial metrics
[2025-03-22 05:48:17,025] INFO: algn (9/2023): Updated existing record with 15 non-zero financial metrics
[2025-03-22 05:48:17,053] INFO: algn (12/2023): Updated existing record with 21 non-zero financial metrics
[2025-03-22 05:48:17,067] WARNING: algn (3/2024): Found zero values for fields: Share Repurchases
[2025-03-22 05:48:17,080] INFO: algn (3/2024): Updated existing record with 19 non-zero financial metrics
[2025-03-22 05:48:17,109] INFO: algn (6/2024): Updated existing record with 15 non-zero financial metrics
[2025-03-22 05:48:17,135] INFO: algn (9/2024): Updated existing record with 15 non-zero financial metrics
[2025-03-22 05:48:17,151] INFO: Trying adjusted date: 1/2025 (original: 12/2024)
[2025-03-22 05:48:17,164] WARNING: algn (12/2024): No existing record found(12/2024, 2024-12-31) - creating new one
[2025-03-22 05:48:17,165] INFO: algn (12/2024): Created new record with 21 non-zero financial metrics
