[2025-03-22 02:40:28,447] INFO: Trying adjusted date: 4/2010 (original: 3/2010)
[2025-03-22 02:40:28,459] WARNING: all (3/2010): No existing record found(3/2010, 2010-03-31) - creating new one
[2025-03-22 02:40:28,459] INFO: all (3/2010): Created new record with 14 non-zero financial metrics
[2025-03-22 02:40:28,473] INFO: Trying adjusted date: 10/2010 (original: 9/2010)
[2025-03-22 02:40:28,485] WARNING: all (9/2010): No existing record found(9/2010, 2010-09-30) - creating new one
[2025-03-22 02:40:28,486] INFO: all (9/2010): Created new record with 9 non-zero financial metrics
[2025-03-22 02:40:28,501] INFO: Trying adjusted date: 1/2011 (original: 12/2010)
[2025-03-22 02:40:28,514] WARNING: all (12/2010): No existing record found(12/2010, 2010-12-31) - creating new one
[2025-03-22 02:40:28,515] INFO: all (12/2010): Created new record with 14 non-zero financial metrics
[2025-03-22 02:40:28,528] INFO: Trying adjusted date: 4/2011 (original: 3/2011)
[2025-03-22 02:40:28,541] WARNING: all (3/2011): No existing record found(3/2011, 2011-03-31) - creating new one
[2025-03-22 02:40:28,542] INFO: all (3/2011): Created new record with 14 non-zero financial metrics
[2025-03-22 02:40:28,554] INFO: Trying adjusted date: 7/2011 (original: 6/2011)
[2025-03-22 02:40:28,566] WARNING: all (6/2011): No existing record found(6/2011, 2011-06-30) - creating new one
[2025-03-22 02:40:28,567] INFO: all (6/2011): Created new record with 9 non-zero financial metrics
[2025-03-22 02:40:28,582] INFO: Trying adjusted date: 10/2011 (original: 9/2011)
[2025-03-22 02:40:28,595] WARNING: all (9/2011): No existing record found(9/2011, 2011-09-30) - creating new one
[2025-03-22 02:40:28,595] INFO: all (9/2011): Created new record with 9 non-zero financial metrics
[2025-03-22 02:40:28,609] INFO: Trying adjusted date: 1/2012 (original: 12/2011)
[2025-03-22 02:40:28,621] WARNING: all (12/2011): No existing record found(12/2011, 2011-12-31) - creating new one
[2025-03-22 02:40:28,621] INFO: all (12/2011): Created new record with 14 non-zero financial metrics
[2025-03-22 02:40:28,635] INFO: Trying adjusted date: 4/2012 (original: 3/2012)
[2025-03-22 02:40:28,648] WARNING: all (3/2012): No existing record found(3/2012, 2012-03-31) - creating new one
[2025-03-22 02:40:28,648] INFO: all (3/2012): Created new record with 14 non-zero financial metrics
[2025-03-22 02:40:28,663] INFO: Trying adjusted date: 7/2012 (original: 6/2012)
[2025-03-22 02:40:28,675] WARNING: all (6/2012): No existing record found(6/2012, 2012-06-30) - creating new one
[2025-03-22 02:40:28,676] INFO: all (6/2012): Created new record with 9 non-zero financial metrics
[2025-03-22 02:40:28,702] INFO: all (9/2012): Updated existing record with 9 non-zero financial metrics
[2025-03-22 02:40:28,715] INFO: Trying adjusted date: 1/2013 (original: 12/2012)
[2025-03-22 02:40:28,727] WARNING: all (12/2012): No existing record found(12/2012, 2012-12-31) - creating new one
[2025-03-22 02:40:28,728] INFO: all (12/2012): Created new record with 14 non-zero financial metrics
[2025-03-22 02:40:28,754] INFO: all (3/2013): Updated existing record with 14 non-zero financial metrics
[2025-03-22 02:40:28,779] INFO: all (6/2013): Updated existing record with 9 non-zero financial metrics
[2025-03-22 02:40:28,805] INFO: all (9/2013): Updated existing record with 9 non-zero financial metrics
[2025-03-22 02:40:28,830] INFO: all (12/2013): Updated existing record with 14 non-zero financial metrics
[2025-03-22 02:40:28,857] INFO: all (3/2014): Updated existing record with 14 non-zero financial metrics
[2025-03-22 02:40:28,883] INFO: all (6/2014): Updated existing record with 9 non-zero financial metrics
[2025-03-22 02:40:28,908] INFO: all (9/2014): Updated existing record with 9 non-zero financial metrics
[2025-03-22 02:40:28,934] INFO: all (12/2014): Updated existing record with 14 non-zero financial metrics
[2025-03-22 02:40:28,960] INFO: all (3/2015): Updated existing record with 14 non-zero financial metrics
[2025-03-22 02:40:28,986] INFO: all (6/2015): Updated existing record with 9 non-zero financial metrics
[2025-03-22 02:40:29,011] INFO: all (9/2015): Updated existing record with 9 non-zero financial metrics
[2025-03-22 02:40:29,039] INFO: all (12/2015): Updated existing record with 14 non-zero financial metrics
[2025-03-22 02:40:29,065] INFO: all (3/2016): Updated existing record with 14 non-zero financial metrics
[2025-03-22 02:40:29,092] INFO: all (6/2016): Updated existing record with 9 non-zero financial metrics
[2025-03-22 02:40:29,118] INFO: all (9/2016): Updated existing record with 9 non-zero financial metrics
[2025-03-22 02:40:29,147] INFO: all (12/2016): Updated existing record with 14 non-zero financial metrics
[2025-03-22 02:40:29,172] INFO: all (3/2017): Updated existing record with 14 non-zero financial metrics
[2025-03-22 02:40:29,199] INFO: all (6/2017): Updated existing record with 9 non-zero financial metrics
[2025-03-22 02:40:29,227] INFO: all (9/2017): Updated existing record with 9 non-zero financial metrics
[2025-03-22 02:40:29,253] INFO: all (12/2017): Updated existing record with 14 non-zero financial metrics
[2025-03-22 02:40:29,279] INFO: all (3/2018): Updated existing record with 14 non-zero financial metrics
[2025-03-22 02:40:29,305] INFO: all (6/2018): Updated existing record with 9 non-zero financial metrics
[2025-03-22 02:40:29,331] INFO: all (9/2018): Updated existing record with 9 non-zero financial metrics
[2025-03-22 02:40:29,359] INFO: all (12/2018): Updated existing record with 14 non-zero financial metrics
[2025-03-22 02:40:29,372] WARNING: all (3/2019): Found zero values for fields: Share Repurchases
[2025-03-22 02:40:29,385] INFO: all (3/2019): Updated existing record with 13 non-zero financial metrics
[2025-03-22 02:40:29,411] INFO: all (6/2019): Updated existing record with 9 non-zero financial metrics
[2025-03-22 02:40:29,440] INFO: all (9/2019): Updated existing record with 9 non-zero financial metrics
[2025-03-22 02:40:29,467] INFO: all (12/2019): Updated existing record with 14 non-zero financial metrics
[2025-03-22 02:40:29,492] INFO: all (3/2020): Updated existing record with 14 non-zero financial metrics
[2025-03-22 02:40:29,518] INFO: all (6/2020): Updated existing record with 9 non-zero financial metrics
[2025-03-22 02:40:29,544] INFO: all (9/2020): Updated existing record with 9 non-zero financial metrics
[2025-03-22 02:40:29,570] INFO: all (12/2020): Updated existing record with 14 non-zero financial metrics
[2025-03-22 02:40:29,596] INFO: all (3/2021): Updated existing record with 14 non-zero financial metrics
[2025-03-22 02:40:29,623] INFO: all (6/2021): Updated existing record with 9 non-zero financial metrics
[2025-03-22 02:40:29,649] INFO: all (9/2021): Updated existing record with 9 non-zero financial metrics
[2025-03-22 02:40:29,675] INFO: all (12/2021): Updated existing record with 14 non-zero financial metrics
[2025-03-22 02:40:29,702] INFO: all (3/2022): Updated existing record with 14 non-zero financial metrics
[2025-03-22 02:40:29,728] INFO: all (6/2022): Updated existing record with 9 non-zero financial metrics
[2025-03-22 02:40:29,755] INFO: all (9/2022): Updated existing record with 9 non-zero financial metrics
[2025-03-22 02:40:29,780] INFO: all (12/2022): Updated existing record with 14 non-zero financial metrics
[2025-03-22 02:40:29,807] INFO: all (3/2023): Updated existing record with 14 non-zero financial metrics
[2025-03-22 02:40:29,832] INFO: all (6/2023): Updated existing record with 9 non-zero financial metrics
[2025-03-22 02:40:29,858] INFO: all (9/2023): Updated existing record with 9 non-zero financial metrics
[2025-03-22 02:40:29,883] INFO: all (12/2023): Updated existing record with 14 non-zero financial metrics
[2025-03-22 02:40:29,897] WARNING: all (3/2024): Found zero values for fields: Share Repurchases
[2025-03-22 02:40:29,909] INFO: all (3/2024): Updated existing record with 13 non-zero financial metrics
[2025-03-22 02:40:29,935] INFO: all (6/2024): Updated existing record with 8 non-zero financial metrics
[2025-03-22 02:40:29,961] INFO: all (9/2024): Updated existing record with 8 non-zero financial metrics
[2025-03-22 02:40:29,975] INFO: Trying adjusted date: 1/2025 (original: 12/2024)
[2025-03-22 02:40:29,987] WARNING: all (12/2024): No existing record found(12/2024, 2024-12-31) - creating new one
[2025-03-22 02:40:29,988] INFO: all (12/2024): Created new record with 13 non-zero financial metrics
