[2025-03-22 11:20:41,262] INFO: alle (3/2014): Updated existing record with 15 non-zero financial metrics
[2025-03-22 11:20:41,294] INFO: alle (6/2014): Updated existing record with 13 non-zero financial metrics
[2025-03-22 11:20:41,325] INFO: alle (9/2014): Updated existing record with 13 non-zero financial metrics
[2025-03-22 11:20:41,355] INFO: alle (12/2014): Updated existing record with 18 non-zero financial metrics
[2025-03-22 11:20:41,385] INFO: alle (3/2015): Updated existing record with 16 non-zero financial metrics
[2025-03-22 11:20:41,416] INFO: alle (6/2015): Updated existing record with 13 non-zero financial metrics
[2025-03-22 11:20:41,447] INFO: alle (9/2015): Updated existing record with 13 non-zero financial metrics
[2025-03-22 11:20:41,478] INFO: alle (12/2015): Updated existing record with 18 non-zero financial metrics
[2025-03-22 11:20:41,507] INFO: alle (3/2016): Updated existing record with 16 non-zero financial metrics
[2025-03-22 11:20:41,535] INFO: alle (6/2016): Updated existing record with 13 non-zero financial metrics
[2025-03-22 11:20:41,565] INFO: alle (9/2016): Updated existing record with 13 non-zero financial metrics
[2025-03-22 11:20:41,596] INFO: alle (12/2016): Updated existing record with 19 non-zero financial metrics
[2025-03-22 11:20:41,625] INFO: alle (3/2017): Updated existing record with 16 non-zero financial metrics
[2025-03-22 11:20:41,654] INFO: alle (6/2017): Updated existing record with 13 non-zero financial metrics
[2025-03-22 11:20:41,684] INFO: alle (9/2017): Updated existing record with 13 non-zero financial metrics
[2025-03-22 11:20:41,713] INFO: alle (12/2017): Updated existing record with 18 non-zero financial metrics
[2025-03-22 11:20:41,742] INFO: alle (3/2018): Updated existing record with 16 non-zero financial metrics
[2025-03-22 11:20:41,772] INFO: alle (6/2018): Updated existing record with 13 non-zero financial metrics
[2025-03-22 11:20:41,801] INFO: alle (9/2018): Updated existing record with 13 non-zero financial metrics
[2025-03-22 11:20:41,831] INFO: alle (12/2018): Updated existing record with 19 non-zero financial metrics
[2025-03-22 11:20:41,862] INFO: alle (3/2019): Updated existing record with 16 non-zero financial metrics
[2025-03-22 11:20:41,892] INFO: alle (6/2019): Updated existing record with 14 non-zero financial metrics
[2025-03-22 11:20:41,921] INFO: alle (9/2019): Updated existing record with 14 non-zero financial metrics
[2025-03-22 11:20:41,950] INFO: alle (12/2019): Updated existing record with 19 non-zero financial metrics
[2025-03-22 11:20:41,966] WARNING: alle (3/2020): Found zero values for fields: EPS Diluted
[2025-03-22 11:20:41,981] INFO: alle (3/2020): Updated existing record with 16 non-zero financial metrics
[2025-03-22 11:20:42,011] INFO: alle (6/2020): Updated existing record with 13 non-zero financial metrics
[2025-03-22 11:20:42,040] INFO: alle (9/2020): Updated existing record with 13 non-zero financial metrics
[2025-03-22 11:20:42,069] INFO: alle (12/2020): Updated existing record with 19 non-zero financial metrics
[2025-03-22 11:20:42,099] INFO: alle (3/2021): Updated existing record with 17 non-zero financial metrics
[2025-03-22 11:20:42,129] INFO: alle (6/2021): Updated existing record with 14 non-zero financial metrics
[2025-03-22 11:20:42,158] INFO: alle (9/2021): Updated existing record with 14 non-zero financial metrics
[2025-03-22 11:20:42,187] INFO: alle (12/2021): Updated existing record with 19 non-zero financial metrics
[2025-03-22 11:20:42,216] INFO: alle (3/2022): Updated existing record with 17 non-zero financial metrics
[2025-03-22 11:20:42,246] INFO: alle (6/2022): Updated existing record with 14 non-zero financial metrics
[2025-03-22 11:20:42,276] INFO: alle (9/2022): Updated existing record with 14 non-zero financial metrics
[2025-03-22 11:20:42,305] INFO: alle (12/2022): Updated existing record with 20 non-zero financial metrics
[2025-03-22 11:20:42,321] WARNING: alle (3/2023): Found zero values for fields: Share Repurchases
[2025-03-22 11:20:42,335] INFO: alle (3/2023): Updated existing record with 17 non-zero financial metrics
[2025-03-22 11:20:42,364] INFO: alle (6/2023): Updated existing record with 15 non-zero financial metrics
[2025-03-22 11:20:42,394] INFO: alle (9/2023): Updated existing record with 14 non-zero financial metrics
[2025-03-22 11:20:42,426] INFO: alle (12/2023): Updated existing record with 20 non-zero financial metrics
[2025-03-22 11:20:42,455] INFO: alle (3/2024): Updated existing record with 18 non-zero financial metrics
[2025-03-22 11:20:42,485] INFO: alle (6/2024): Updated existing record with 15 non-zero financial metrics
[2025-03-22 11:20:42,514] INFO: alle (9/2024): Updated existing record with 15 non-zero financial metrics
[2025-03-22 11:20:42,530] INFO: Trying adjusted date: 1/2025 (original: 12/2024)
[2025-03-22 11:20:42,544] WARNING: alle (12/2024): No existing record found(12/2024, 2024-12-31) - creating new one
[2025-03-22 11:20:42,545] INFO: alle (12/2024): Created new record with 20 non-zero financial metrics
