[2025-03-21 23:46:45,473] INFO: Trying adjusted date: 4/2010 (original: 5/2010)
[2025-03-21 23:46:45,484] WARNING: amat (5/2010): No existing record found(5/2010, 2010-05-02) - creating new one
[2025-03-21 23:46:45,484] INFO: amat (5/2010): Created new record with 18 non-zero financial metrics
[2025-03-21 23:46:45,510] INFO: Trying adjusted date: 7/2010 (original: 8/2010)
[2025-03-21 23:46:45,522] WARNING: amat (8/2010): No existing record found(8/2010, 2010-08-01) - creating new one
[2025-03-21 23:46:45,522] INFO: amat (8/2010): Created new record with 19 non-zero financial metrics
[2025-03-21 23:46:45,535] INFO: Trying adjusted date: 11/2010 (original: 10/2010)
[2025-03-21 23:46:45,547] WARNING: amat (10/2010): No existing record found(10/2010, 2010-10-31) - creating new one
[2025-03-21 23:46:45,547] INFO: amat (10/2010): Created new record with 23 non-zero financial metrics
[2025-03-21 23:46:45,560] INFO: Trying adjusted date: 2/2011 (original: 1/2011)
[2025-03-21 23:46:45,572] WARNING: amat (1/2011): No existing record found(1/2011, 2011-01-30) - creating new one
[2025-03-21 23:46:45,572] INFO: amat (1/2011): Created new record with 24 non-zero financial metrics
[2025-03-21 23:46:45,588] INFO: Trying adjusted date: 4/2011 (original: 5/2011)
[2025-03-21 23:46:45,600] WARNING: amat (5/2011): No existing record found(5/2011, 2011-05-01) - creating new one
[2025-03-21 23:46:45,601] INFO: amat (5/2011): Created new record with 19 non-zero financial metrics
[2025-03-21 23:46:45,614] INFO: Trying adjusted date: 8/2011 (original: 7/2011)
[2025-03-21 23:46:45,627] WARNING: amat (7/2011): No existing record found(7/2011, 2011-07-31) - creating new one
[2025-03-21 23:46:45,627] INFO: amat (7/2011): Created new record with 18 non-zero financial metrics
[2025-03-21 23:46:45,640] INFO: Trying adjusted date: 11/2011 (original: 10/2011)
[2025-03-21 23:46:45,653] WARNING: amat (10/2011): No existing record found(10/2011, 2011-10-30) - creating new one
[2025-03-21 23:46:45,653] INFO: amat (10/2011): Created new record with 21 non-zero financial metrics
[2025-03-21 23:46:45,669] INFO: Trying adjusted date: 2/2012 (original: 1/2012)
[2025-03-21 23:46:45,681] WARNING: amat (1/2012): No existing record found(1/2012, 2012-01-29) - creating new one
[2025-03-21 23:46:45,681] INFO: amat (1/2012): Created new record with 20 non-zero financial metrics
[2025-03-21 23:46:45,694] INFO: Trying adjusted date: 5/2012 (original: 4/2012)
[2025-03-21 23:46:45,706] WARNING: amat (4/2012): No existing record found(4/2012, 2012-04-29) - creating new one
[2025-03-21 23:46:45,707] INFO: amat (4/2012): Created new record with 16 non-zero financial metrics
[2025-03-21 23:46:45,720] INFO: Trying adjusted date: 8/2012 (original: 7/2012)
[2025-03-21 23:46:45,732] WARNING: amat (7/2012): No existing record found(7/2012, 2012-07-29) - creating new one
[2025-03-21 23:46:45,732] INFO: amat (7/2012): Created new record with 17 non-zero financial metrics
[2025-03-21 23:46:45,757] INFO: amat (10/2012): Updated existing record with 21 non-zero financial metrics
[2025-03-21 23:46:45,782] INFO: amat (1/2013): Updated existing record with 20 non-zero financial metrics
[2025-03-21 23:46:45,807] INFO: amat (4/2013): Updated existing record with 16 non-zero financial metrics
[2025-03-21 23:46:45,831] INFO: amat (7/2013): Updated existing record with 17 non-zero financial metrics
[2025-03-21 23:46:45,856] INFO: amat (10/2013): Updated existing record with 23 non-zero financial metrics
[2025-03-21 23:46:45,871] WARNING: amat (1/2014): Found zero values for fields: Share Repurchases
[2025-03-21 23:46:45,883] INFO: amat (1/2014): Updated existing record with 21 non-zero financial metrics
[2025-03-21 23:46:45,908] INFO: amat (4/2014): Updated existing record with 18 non-zero financial metrics
[2025-03-21 23:46:45,933] INFO: amat (7/2014): Updated existing record with 18 non-zero financial metrics
[2025-03-21 23:46:45,947] WARNING: amat (10/2014): Found zero values for fields: Share Repurchases
[2025-03-21 23:46:45,959] INFO: amat (10/2014): Updated existing record with 22 non-zero financial metrics
[2025-03-21 23:46:45,984] INFO: amat (1/2015): Updated existing record with 21 non-zero financial metrics
[2025-03-21 23:46:46,008] INFO: amat (4/2015): Updated existing record with 18 non-zero financial metrics
[2025-03-21 23:46:46,033] INFO: amat (7/2015): Updated existing record with 19 non-zero financial metrics
[2025-03-21 23:46:46,058] INFO: amat (10/2015): Updated existing record with 24 non-zero financial metrics
[2025-03-21 23:46:46,085] INFO: amat (1/2016): Updated existing record with 23 non-zero financial metrics
[2025-03-21 23:46:46,098] INFO: Trying adjusted date: 4/2016 (original: 5/2016)
[2025-03-21 23:46:46,111] INFO: Found existing row with adjusted date: 4/2016
[2025-03-21 23:46:46,122] INFO: amat (4/2016): Updated existing record with 19 non-zero financial metrics
[2025-03-21 23:46:46,147] INFO: amat (7/2016): Updated existing record with 19 non-zero financial metrics
[2025-03-21 23:46:46,171] INFO: amat (10/2016): Updated existing record with 24 non-zero financial metrics
[2025-03-21 23:46:46,198] INFO: amat (1/2017): Updated existing record with 23 non-zero financial metrics
[2025-03-21 23:46:46,222] INFO: amat (4/2017): Updated existing record with 19 non-zero financial metrics
[2025-03-21 23:46:46,248] INFO: amat (7/2017): Updated existing record with 19 non-zero financial metrics
[2025-03-21 23:46:46,273] INFO: amat (10/2017): Updated existing record with 24 non-zero financial metrics
[2025-03-21 23:46:46,297] INFO: amat (1/2018): Updated existing record with 23 non-zero financial metrics
[2025-03-21 23:46:46,323] INFO: amat (4/2018): Updated existing record with 19 non-zero financial metrics
[2025-03-21 23:46:46,349] INFO: amat (7/2018): Updated existing record with 19 non-zero financial metrics
[2025-03-21 23:46:46,374] INFO: amat (10/2018): Updated existing record with 24 non-zero financial metrics
[2025-03-21 23:46:46,398] INFO: amat (1/2019): Updated existing record with 24 non-zero financial metrics
[2025-03-21 23:46:46,423] INFO: amat (4/2019): Updated existing record with 19 non-zero financial metrics
[2025-03-21 23:46:46,448] INFO: amat (7/2019): Updated existing record with 19 non-zero financial metrics
[2025-03-21 23:46:46,473] INFO: amat (10/2019): Updated existing record with 25 non-zero financial metrics
[2025-03-21 23:46:46,498] INFO: amat (1/2020): Updated existing record with 25 non-zero financial metrics
[2025-03-21 23:46:46,523] INFO: amat (4/2020): Updated existing record with 19 non-zero financial metrics
[2025-03-21 23:46:46,548] INFO: amat (7/2020): Updated existing record with 19 non-zero financial metrics
[2025-03-21 23:46:46,573] INFO: amat (10/2020): Updated existing record with 25 non-zero financial metrics
[2025-03-21 23:46:46,587] WARNING: amat (1/2021): Found zero values for fields: Share Repurchases
[2025-03-21 23:46:46,599] INFO: amat (1/2021): Updated existing record with 23 non-zero financial metrics
[2025-03-21 23:46:46,612] INFO: Trying adjusted date: 4/2021 (original: 5/2021)
[2025-03-21 23:46:46,624] INFO: Found existing row with adjusted date: 4/2021
[2025-03-21 23:46:46,636] INFO: amat (4/2021): Updated existing record with 19 non-zero financial metrics
[2025-03-21 23:46:46,649] INFO: Trying adjusted date: 7/2021 (original: 8/2021)
[2025-03-21 23:46:46,661] INFO: Found existing row with adjusted date: 7/2021
[2025-03-21 23:46:46,673] INFO: amat (7/2021): Updated existing record with 19 non-zero financial metrics
[2025-03-21 23:46:46,698] INFO: amat (10/2021): Updated existing record with 24 non-zero financial metrics
[2025-03-21 23:46:46,722] INFO: amat (1/2022): Updated existing record with 24 non-zero financial metrics
[2025-03-21 23:46:46,737] INFO: Trying adjusted date: 4/2022 (original: 5/2022)
[2025-03-21 23:46:46,748] INFO: Found existing row with adjusted date: 4/2022
[2025-03-21 23:46:46,760] INFO: amat (4/2022): Updated existing record with 19 non-zero financial metrics
[2025-03-21 23:46:46,785] INFO: amat (7/2022): Updated existing record with 19 non-zero financial metrics
[2025-03-21 23:46:46,810] INFO: amat (10/2022): Updated existing record with 24 non-zero financial metrics
[2025-03-21 23:46:46,835] INFO: amat (1/2023): Updated existing record with 24 non-zero financial metrics
[2025-03-21 23:46:46,860] INFO: amat (4/2023): Updated existing record with 19 non-zero financial metrics
[2025-03-21 23:46:46,886] INFO: amat (7/2023): Updated existing record with 19 non-zero financial metrics
[2025-03-21 23:46:46,911] INFO: amat (10/2023): Updated existing record with 24 non-zero financial metrics
[2025-03-21 23:46:46,937] INFO: amat (1/2024): Updated existing record with 24 non-zero financial metrics
[2025-03-21 23:46:46,962] INFO: amat (4/2024): Updated existing record with 19 non-zero financial metrics
[2025-03-21 23:46:46,987] INFO: amat (7/2024): Updated existing record with 18 non-zero financial metrics
[2025-03-21 23:46:47,012] INFO: amat (10/2024): Updated existing record with 23 non-zero financial metrics
[2025-03-21 23:46:47,026] INFO: Trying adjusted date: 2/2025 (original: 1/2025)
[2025-03-21 23:46:47,037] WARNING: amat (1/2025): No existing record found(1/2025, 2025-01-26) - creating new one
[2025-03-21 23:46:47,038] INFO: amat (1/2025): Created new record with 23 non-zero financial metrics
