[2025-03-21 23:21:04,360] INFO: Trying adjusted date: 7/2010 (original: 6/2010)
[2025-03-21 23:21:04,372] WARNING: amd (6/2010): No existing record found(6/2010, 2010-06-26) - creating new one
[2025-03-21 23:21:04,372] INFO: amd (6/2010): Created new record with 14 non-zero financial metrics
[2025-03-21 23:21:04,386] INFO: Trying adjusted date: 10/2010 (original: 9/2010)
[2025-03-21 23:21:04,399] WARNING: amd (9/2010): No existing record found(9/2010, 2010-09-25) - creating new one
[2025-03-21 23:21:04,399] INFO: amd (9/2010): Created new record with 14 non-zero financial metrics
[2025-03-21 23:21:04,412] INFO: Trying adjusted date: 1/2011 (original: 12/2010)
[2025-03-21 23:21:04,424] WARNING: amd (12/2010): No existing record found(12/2010, 2010-12-25) - creating new one
[2025-03-21 23:21:04,424] INFO: amd (12/2010): Created new record with 18 non-zero financial metrics
[2025-03-21 23:21:04,438] INFO: Trying adjusted date: 3/2011 (original: 4/2011)
[2025-03-21 23:21:04,451] WARNING: amd (4/2011): No existing record found(4/2011, 2011-04-02) - creating new one
[2025-03-21 23:21:04,451] INFO: amd (4/2011): Created new record with 18 non-zero financial metrics
[2025-03-21 23:21:04,464] INFO: Trying adjusted date: 6/2011 (original: 7/2011)
[2025-03-21 23:21:04,475] WARNING: amd (7/2011): No existing record found(7/2011, 2011-07-02) - creating new one
[2025-03-21 23:21:04,476] INFO: amd (7/2011): Created new record with 14 non-zero financial metrics
[2025-03-21 23:21:04,489] INFO: Trying adjusted date: 9/2011 (original: 10/2011)
[2025-03-21 23:21:04,501] WARNING: amd (10/2011): No existing record found(10/2011, 2011-10-01) - creating new one
[2025-03-21 23:21:04,502] INFO: amd (10/2011): Created new record with 14 non-zero financial metrics
[2025-03-21 23:21:04,516] INFO: Trying adjusted date: 1/2012 (original: 12/2011)
[2025-03-21 23:21:04,528] WARNING: amd (12/2011): No existing record found(12/2011, 2011-12-31) - creating new one
[2025-03-21 23:21:04,528] INFO: amd (12/2011): Created new record with 20 non-zero financial metrics
[2025-03-21 23:21:04,540] INFO: Trying adjusted date: 4/2012 (original: 3/2012)
[2025-03-21 23:21:04,552] WARNING: amd (3/2012): No existing record found(3/2012, 2012-03-31) - creating new one
[2025-03-21 23:21:04,552] INFO: amd (3/2012): Created new record with 18 non-zero financial metrics
[2025-03-21 23:21:04,566] INFO: Trying adjusted date: 7/2012 (original: 6/2012)
[2025-03-21 23:21:04,577] WARNING: amd (6/2012): No existing record found(6/2012, 2012-06-30) - creating new one
[2025-03-21 23:21:04,578] INFO: amd (6/2012): Created new record with 14 non-zero financial metrics
[2025-03-21 23:21:04,602] INFO: amd (9/2012): Updated existing record with 14 non-zero financial metrics
[2025-03-21 23:21:04,627] INFO: amd (12/2012): Updated existing record with 19 non-zero financial metrics
[2025-03-21 23:21:04,640] WARNING: amd (3/2013): Found zero values for fields: Financing Cash Flow
[2025-03-21 23:21:04,653] INFO: amd (3/2013): Updated existing record with 18 non-zero financial metrics
[2025-03-21 23:21:04,678] INFO: amd (6/2013): Updated existing record with 15 non-zero financial metrics
[2025-03-21 23:21:04,703] INFO: amd (9/2013): Updated existing record with 15 non-zero financial metrics
[2025-03-21 23:21:04,729] INFO: amd (12/2013): Updated existing record with 19 non-zero financial metrics
[2025-03-21 23:21:04,743] INFO: Trying adjusted date: 4/2014 (original: 3/2014)
[2025-03-21 23:21:04,755] WARNING: amd (3/2014): No existing record found(3/2014, 2014-03-29) - creating new one
[2025-03-21 23:21:04,755] INFO: amd (3/2014): Created new record with 19 non-zero financial metrics
[2025-03-21 23:21:04,781] INFO: amd (6/2014): Updated existing record with 15 non-zero financial metrics
[2025-03-21 23:21:04,805] INFO: amd (9/2014): Updated existing record with 15 non-zero financial metrics
[2025-03-21 23:21:04,830] INFO: amd (12/2014): Updated existing record with 19 non-zero financial metrics
[2025-03-21 23:21:04,854] INFO: amd (3/2015): Updated existing record with 19 non-zero financial metrics
[2025-03-21 23:21:04,880] INFO: amd (6/2015): Updated existing record with 15 non-zero financial metrics
[2025-03-21 23:21:04,904] INFO: amd (9/2015): Updated existing record with 15 non-zero financial metrics
[2025-03-21 23:21:04,929] INFO: amd (12/2015): Updated existing record with 19 non-zero financial metrics
[2025-03-21 23:21:04,954] INFO: amd (3/2016): Updated existing record with 19 non-zero financial metrics
[2025-03-21 23:21:04,979] INFO: amd (6/2016): Updated existing record with 15 non-zero financial metrics
[2025-03-21 23:21:04,993] INFO: Trying adjusted date: 10/2016 (original: 9/2016)
[2025-03-21 23:21:05,003] WARNING: amd (9/2016): No existing record found(9/2016, 2016-09-24) - creating new one
[2025-03-21 23:21:05,004] INFO: amd (9/2016): Created new record with 15 non-zero financial metrics
[2025-03-21 23:21:05,029] INFO: amd (12/2016): Updated existing record with 20 non-zero financial metrics
[2025-03-21 23:21:05,041] INFO: Trying adjusted date: 3/2017 (original: 4/2017)
[2025-03-21 23:21:05,053] INFO: Found existing row with adjusted date: 3/2017
[2025-03-21 23:21:05,065] INFO: amd (3/2017): Updated existing record with 19 non-zero financial metrics
[2025-03-21 23:21:05,077] INFO: Trying adjusted date: 6/2017 (original: 7/2017)
[2025-03-21 23:21:05,088] WARNING: amd (7/2017): No existing record found(7/2017, 2017-07-01) - creating new one
[2025-03-21 23:21:05,091] INFO: amd (7/2017): Created new record with 15 non-zero financial metrics
[2025-03-21 23:21:05,116] INFO: amd (9/2017): Updated existing record with 15 non-zero financial metrics
[2025-03-21 23:21:05,140] INFO: amd (12/2017): Updated existing record with 20 non-zero financial metrics
[2025-03-21 23:21:05,165] INFO: amd (3/2018): Updated existing record with 20 non-zero financial metrics
[2025-03-21 23:21:05,190] INFO: amd (6/2018): Updated existing record with 16 non-zero financial metrics
[2025-03-21 23:21:05,214] INFO: amd (9/2018): Updated existing record with 16 non-zero financial metrics
[2025-03-21 23:21:05,239] INFO: amd (12/2018): Updated existing record with 21 non-zero financial metrics
[2025-03-21 23:21:05,263] INFO: amd (3/2019): Updated existing record with 20 non-zero financial metrics
[2025-03-21 23:21:05,289] INFO: amd (6/2019): Updated existing record with 16 non-zero financial metrics
[2025-03-21 23:21:05,315] INFO: amd (9/2019): Updated existing record with 16 non-zero financial metrics
[2025-03-21 23:21:05,340] INFO: amd (12/2019): Updated existing record with 21 non-zero financial metrics
[2025-03-21 23:21:05,365] INFO: amd (3/2020): Updated existing record with 19 non-zero financial metrics
[2025-03-21 23:21:05,388] INFO: amd (6/2020): Updated existing record with 15 non-zero financial metrics
[2025-03-21 23:21:05,415] INFO: amd (9/2020): Updated existing record with 15 non-zero financial metrics
[2025-03-21 23:21:05,438] INFO: amd (12/2020): Updated existing record with 21 non-zero financial metrics
[2025-03-21 23:21:05,463] INFO: amd (3/2021): Updated existing record with 19 non-zero financial metrics
[2025-03-21 23:21:05,487] INFO: amd (6/2021): Updated existing record with 15 non-zero financial metrics
[2025-03-21 23:21:05,511] INFO: amd (9/2021): Updated existing record with 15 non-zero financial metrics
[2025-03-21 23:21:05,542] INFO: amd (12/2021): Updated existing record with 21 non-zero financial metrics
[2025-03-21 23:21:05,569] INFO: amd (3/2022): Updated existing record with 20 non-zero financial metrics
[2025-03-21 23:21:05,594] INFO: amd (6/2022): Updated existing record with 15 non-zero financial metrics
[2025-03-21 23:21:05,619] INFO: amd (9/2022): Updated existing record with 15 non-zero financial metrics
[2025-03-21 23:21:05,643] INFO: amd (12/2022): Updated existing record with 20 non-zero financial metrics
[2025-03-21 23:21:05,658] INFO: Trying adjusted date: 3/2023 (original: 4/2023)
[2025-03-21 23:21:05,669] INFO: Found existing row with adjusted date: 3/2023
[2025-03-21 23:21:05,681] INFO: amd (3/2023): Updated existing record with 20 non-zero financial metrics
[2025-03-21 23:21:05,694] INFO: Trying adjusted date: 6/2023 (original: 7/2023)
[2025-03-21 23:21:05,706] INFO: Found existing row with adjusted date: 6/2023
[2025-03-21 23:21:05,717] INFO: amd (6/2023): Updated existing record with 15 non-zero financial metrics
[2025-03-21 23:21:05,740] INFO: amd (9/2023): Updated existing record with 15 non-zero financial metrics
[2025-03-21 23:21:05,766] INFO: amd (12/2023): Updated existing record with 20 non-zero financial metrics
[2025-03-21 23:21:05,790] INFO: amd (3/2024): Updated existing record with 20 non-zero financial metrics
[2025-03-21 23:21:05,815] INFO: amd (6/2024): Updated existing record with 15 non-zero financial metrics
[2025-03-21 23:21:05,839] INFO: amd (9/2024): Updated existing record with 15 non-zero financial metrics
[2025-03-21 23:21:05,864] INFO: amd (12/2024): Updated existing record with 20 non-zero financial metrics
