[2025-03-22 00:28:29,880] INFO: Trying adjusted date: 4/2010 (original: 3/2010)
[2025-03-22 00:28:29,893] WARNING: amzn (3/2010): Found zero values for fields: Share Repurchases
[2025-03-22 00:28:29,893] WARNING: amzn (3/2010): No existing record found(3/2010, 2010-03-31) - creating new one
[2025-03-22 00:28:29,893] INFO: amzn (3/2010): Created new record with 19 non-zero financial metrics
[2025-03-22 00:28:29,908] INFO: Trying adjusted date: 7/2010 (original: 6/2010)
[2025-03-22 00:28:29,920] WARNING: amzn (6/2010): No existing record found(6/2010, 2010-06-30) - creating new one
[2025-03-22 00:28:29,921] INFO: amzn (6/2010): Created new record with 19 non-zero financial metrics
[2025-03-22 00:28:29,935] INFO: Trying adjusted date: 10/2010 (original: 9/2010)
[2025-03-22 00:28:29,947] WARNING: amzn (9/2010): No existing record found(9/2010, 2010-09-30) - creating new one
[2025-03-22 00:28:29,948] INFO: amzn (9/2010): Created new record with 19 non-zero financial metrics
[2025-03-22 00:28:29,962] INFO: Trying adjusted date: 1/2011 (original: 12/2010)
[2025-03-22 00:28:29,974] WARNING: amzn (12/2010): No existing record found(12/2010, 2010-12-31) - creating new one
[2025-03-22 00:28:29,975] INFO: amzn (12/2010): Created new record with 19 non-zero financial metrics
[2025-03-22 00:28:29,988] INFO: Trying adjusted date: 4/2011 (original: 3/2011)
[2025-03-22 00:28:30,001] WARNING: amzn (3/2011): No existing record found(3/2011, 2011-03-31) - creating new one
[2025-03-22 00:28:30,001] INFO: amzn (3/2011): Created new record with 19 non-zero financial metrics
[2025-03-22 00:28:30,015] INFO: Trying adjusted date: 7/2011 (original: 6/2011)
[2025-03-22 00:28:30,027] WARNING: amzn (6/2011): No existing record found(6/2011, 2011-06-30) - creating new one
[2025-03-22 00:28:30,028] INFO: amzn (6/2011): Created new record with 19 non-zero financial metrics
[2025-03-22 00:28:30,041] INFO: Trying adjusted date: 10/2011 (original: 9/2011)
[2025-03-22 00:28:30,053] WARNING: amzn (9/2011): No existing record found(9/2011, 2011-09-30) - creating new one
[2025-03-22 00:28:30,053] INFO: amzn (9/2011): Created new record with 19 non-zero financial metrics
[2025-03-22 00:28:30,067] INFO: Trying adjusted date: 1/2012 (original: 12/2011)
[2025-03-22 00:28:30,079] WARNING: amzn (12/2011): No existing record found(12/2011, 2011-12-31) - creating new one
[2025-03-22 00:28:30,080] INFO: amzn (12/2011): Created new record with 22 non-zero financial metrics
[2025-03-22 00:28:30,094] INFO: Trying adjusted date: 4/2012 (original: 3/2012)
[2025-03-22 00:28:30,107] WARNING: amzn (3/2012): No existing record found(3/2012, 2012-03-31) - creating new one
[2025-03-22 00:28:30,107] INFO: amzn (3/2012): Created new record with 20 non-zero financial metrics
[2025-03-22 00:28:30,120] INFO: Trying adjusted date: 7/2012 (original: 6/2012)
[2025-03-22 00:28:30,133] WARNING: amzn (6/2012): No existing record found(6/2012, 2012-06-30) - creating new one
[2025-03-22 00:28:30,133] INFO: amzn (6/2012): Created new record with 19 non-zero financial metrics
[2025-03-22 00:28:30,146] INFO: Trying adjusted date: 10/2012 (original: 9/2012)
[2025-03-22 00:28:30,158] WARNING: amzn (9/2012): No existing record found(9/2012, 2012-09-30) - creating new one
[2025-03-22 00:28:30,159] INFO: amzn (9/2012): Created new record with 19 non-zero financial metrics
[2025-03-22 00:28:30,184] INFO: amzn (12/2012): Updated existing record with 22 non-zero financial metrics
[2025-03-22 00:28:30,209] INFO: amzn (3/2013): Updated existing record with 20 non-zero financial metrics
[2025-03-22 00:28:30,223] INFO: Trying adjusted date: 7/2013 (original: 6/2013)
[2025-03-22 00:28:30,235] WARNING: amzn (6/2013): No existing record found(6/2013, 2013-06-30) - creating new one
[2025-03-22 00:28:30,235] INFO: amzn (6/2013): Created new record with 20 non-zero financial metrics
[2025-03-22 00:28:30,248] INFO: Trying adjusted date: 10/2013 (original: 9/2013)
[2025-03-22 00:28:30,260] WARNING: amzn (9/2013): Found zero values for fields: Share Repurchases
[2025-03-22 00:28:30,260] WARNING: amzn (9/2013): No existing record found(9/2013, 2013-09-30) - creating new one
[2025-03-22 00:28:30,260] INFO: amzn (9/2013): Created new record with 20 non-zero financial metrics
[2025-03-22 00:28:30,273] WARNING: amzn (12/2013): Found zero values for fields: Share Repurchases
[2025-03-22 00:28:30,285] INFO: amzn (12/2013): Updated existing record with 21 non-zero financial metrics
[2025-03-22 00:28:30,311] INFO: amzn (3/2014): Updated existing record with 20 non-zero financial metrics
[2025-03-22 00:28:30,336] INFO: amzn (6/2014): Updated existing record with 20 non-zero financial metrics
[2025-03-22 00:28:30,361] INFO: amzn (9/2014): Updated existing record with 20 non-zero financial metrics
[2025-03-22 00:28:30,375] WARNING: amzn (12/2014): Found zero values for fields: Share Repurchases
[2025-03-22 00:28:30,386] INFO: amzn (12/2014): Updated existing record with 21 non-zero financial metrics
[2025-03-22 00:28:30,411] INFO: amzn (3/2015): Updated existing record with 20 non-zero financial metrics
[2025-03-22 00:28:30,437] INFO: amzn (6/2015): Updated existing record with 20 non-zero financial metrics
[2025-03-22 00:28:30,462] INFO: amzn (9/2015): Updated existing record with 20 non-zero financial metrics
[2025-03-22 00:28:30,487] INFO: amzn (12/2015): Updated existing record with 21 non-zero financial metrics
[2025-03-22 00:28:30,512] INFO: amzn (3/2016): Updated existing record with 20 non-zero financial metrics
[2025-03-22 00:28:30,537] INFO: amzn (6/2016): Updated existing record with 20 non-zero financial metrics
[2025-03-22 00:28:30,563] INFO: amzn (9/2016): Updated existing record with 20 non-zero financial metrics
[2025-03-22 00:28:30,588] INFO: amzn (12/2016): Updated existing record with 21 non-zero financial metrics
[2025-03-22 00:28:30,614] INFO: amzn (3/2017): Updated existing record with 20 non-zero financial metrics
[2025-03-22 00:28:30,639] INFO: amzn (6/2017): Updated existing record with 19 non-zero financial metrics
[2025-03-22 00:28:30,652] INFO: Trying adjusted date: 10/2017 (original: 9/2017)
[2025-03-22 00:28:30,664] WARNING: amzn (9/2017): No existing record found(9/2017, 2017-09-30) - creating new one
[2025-03-22 00:28:30,665] INFO: amzn (9/2017): Created new record with 19 non-zero financial metrics
[2025-03-22 00:28:30,690] INFO: amzn (12/2017): Updated existing record with 19 non-zero financial metrics
[2025-03-22 00:28:30,715] INFO: amzn (3/2018): Updated existing record with 19 non-zero financial metrics
[2025-03-22 00:28:30,740] INFO: amzn (6/2018): Updated existing record with 19 non-zero financial metrics
[2025-03-22 00:28:30,766] INFO: amzn (9/2018): Updated existing record with 19 non-zero financial metrics
[2025-03-22 00:28:30,792] INFO: amzn (12/2018): Updated existing record with 19 non-zero financial metrics
[2025-03-22 00:28:30,818] INFO: amzn (3/2019): Updated existing record with 19 non-zero financial metrics
[2025-03-22 00:28:30,843] INFO: amzn (6/2019): Updated existing record with 19 non-zero financial metrics
[2025-03-22 00:28:30,869] INFO: amzn (9/2019): Updated existing record with 19 non-zero financial metrics
[2025-03-22 00:28:30,895] INFO: amzn (12/2019): Updated existing record with 20 non-zero financial metrics
[2025-03-22 00:28:30,920] INFO: amzn (3/2020): Updated existing record with 19 non-zero financial metrics
[2025-03-22 00:28:30,949] INFO: amzn (6/2020): Updated existing record with 19 non-zero financial metrics
[2025-03-22 00:28:30,975] INFO: amzn (9/2020): Updated existing record with 19 non-zero financial metrics
[2025-03-22 00:28:31,000] INFO: amzn (12/2020): Updated existing record with 20 non-zero financial metrics
[2025-03-22 00:28:31,026] INFO: amzn (3/2021): Updated existing record with 19 non-zero financial metrics
[2025-03-22 00:28:31,051] INFO: amzn (6/2021): Updated existing record with 19 non-zero financial metrics
[2025-03-22 00:28:31,076] INFO: amzn (9/2021): Updated existing record with 19 non-zero financial metrics
[2025-03-22 00:28:31,105] INFO: amzn (12/2021): Updated existing record with 20 non-zero financial metrics
[2025-03-22 00:28:31,130] INFO: amzn (3/2022): Updated existing record with 20 non-zero financial metrics
[2025-03-22 00:28:31,155] INFO: amzn (6/2022): Updated existing record with 20 non-zero financial metrics
[2025-03-22 00:28:31,169] WARNING: amzn (9/2022): Found zero values for fields: Share Repurchases
[2025-03-22 00:28:31,181] INFO: amzn (9/2022): Updated existing record with 19 non-zero financial metrics
[2025-03-22 00:28:31,205] INFO: amzn (12/2022): Updated existing record with 21 non-zero financial metrics
[2025-03-22 00:28:31,218] WARNING: amzn (3/2023): Found zero values for fields: Share Repurchases
[2025-03-22 00:28:31,230] INFO: amzn (3/2023): Updated existing record with 19 non-zero financial metrics
[2025-03-22 00:28:31,244] WARNING: amzn (6/2023): Found zero values for fields: Share Repurchases
[2025-03-22 00:28:31,256] INFO: amzn (6/2023): Updated existing record with 19 non-zero financial metrics
[2025-03-22 00:28:31,270] WARNING: amzn (9/2023): Found zero values for fields: Share Repurchases
[2025-03-22 00:28:31,282] INFO: amzn (9/2023): Updated existing record with 19 non-zero financial metrics
[2025-03-22 00:28:31,295] WARNING: amzn (12/2023): Found zero values for fields: Share Repurchases
[2025-03-22 00:28:31,309] INFO: amzn (12/2023): Updated existing record with 20 non-zero financial metrics
[2025-03-22 00:28:31,324] WARNING: amzn (3/2024): Found zero values for fields: Share Repurchases
[2025-03-22 00:28:31,337] INFO: amzn (3/2024): Updated existing record with 19 non-zero financial metrics
[2025-03-22 00:28:31,364] INFO: amzn (6/2024): Updated existing record with 18 non-zero financial metrics
[2025-03-22 00:28:31,393] INFO: amzn (9/2024): Updated existing record with 18 non-zero financial metrics
[2025-03-22 00:28:31,408] INFO: Trying adjusted date: 1/2025 (original: 12/2024)
[2025-03-22 00:28:31,420] WARNING: amzn (12/2024): Found zero values for fields: Share Repurchases
[2025-03-22 00:28:31,421] WARNING: amzn (12/2024): No existing record found(12/2024, 2024-12-31) - creating new one
[2025-03-22 00:28:31,421] INFO: amzn (12/2024): Created new record with 19 non-zero financial metrics
