[2025-03-22 02:45:19,619] INFO: anet (6/2014): Updated existing record with 17 non-zero financial metrics
[2025-03-22 02:45:19,647] INFO: anet (9/2014): Updated existing record with 17 non-zero financial metrics
[2025-03-22 02:45:19,674] INFO: anet (12/2014): Updated existing record with 21 non-zero financial metrics
[2025-03-22 02:45:19,706] INFO: anet (3/2015): Updated existing record with 20 non-zero financial metrics
[2025-03-22 02:45:19,737] INFO: anet (6/2015): Updated existing record with 16 non-zero financial metrics
[2025-03-22 02:45:19,764] INFO: anet (9/2015): Updated existing record with 16 non-zero financial metrics
[2025-03-22 02:45:19,791] INFO: anet (12/2015): Updated existing record with 21 non-zero financial metrics
[2025-03-22 02:45:19,820] INFO: anet (3/2016): Updated existing record with 20 non-zero financial metrics
[2025-03-22 02:45:19,847] INFO: anet (6/2016): Updated existing record with 16 non-zero financial metrics
[2025-03-22 02:45:19,874] INFO: anet (9/2016): Updated existing record with 16 non-zero financial metrics
[2025-03-22 02:45:19,902] INFO: anet (12/2016): Updated existing record with 21 non-zero financial metrics
[2025-03-22 02:45:19,932] INFO: anet (3/2017): Updated existing record with 20 non-zero financial metrics
[2025-03-22 02:45:19,958] INFO: anet (6/2017): Updated existing record with 16 non-zero financial metrics
[2025-03-22 02:45:19,983] INFO: anet (9/2017): Updated existing record with 16 non-zero financial metrics
[2025-03-22 02:45:20,010] INFO: anet (12/2017): Updated existing record with 21 non-zero financial metrics
[2025-03-22 02:45:20,035] INFO: anet (3/2018): Updated existing record with 20 non-zero financial metrics
[2025-03-22 02:45:20,061] INFO: anet (6/2018): Updated existing record with 17 non-zero financial metrics
[2025-03-22 02:45:20,088] INFO: anet (9/2018): Updated existing record with 19 non-zero financial metrics
[2025-03-22 02:45:20,116] INFO: anet (12/2018): Updated existing record with 25 non-zero financial metrics
[2025-03-22 02:45:20,130] WARNING: anet (3/2019): Found zero values for fields: Interest Expense
[2025-03-22 02:45:20,142] INFO: anet (3/2019): Updated existing record with 23 non-zero financial metrics
[2025-03-22 02:45:20,157] WARNING: anet (6/2019): Found zero values for fields: Interest Expense
[2025-03-22 02:45:20,170] INFO: anet (6/2019): Updated existing record with 19 non-zero financial metrics
[2025-03-22 02:45:20,184] WARNING: anet (9/2019): Found zero values for fields: Interest Expense
[2025-03-22 02:45:20,196] INFO: anet (9/2019): Updated existing record with 19 non-zero financial metrics
[2025-03-22 02:45:20,223] INFO: anet (12/2019): Updated existing record with 25 non-zero financial metrics
[2025-03-22 02:45:20,249] INFO: anet (3/2020): Updated existing record with 24 non-zero financial metrics
[2025-03-22 02:45:20,275] INFO: anet (6/2020): Updated existing record with 19 non-zero financial metrics
[2025-03-22 02:45:20,300] INFO: anet (9/2020): Updated existing record with 19 non-zero financial metrics
[2025-03-22 02:45:20,326] INFO: anet (12/2020): Updated existing record with 24 non-zero financial metrics
[2025-03-22 02:45:20,355] INFO: anet (3/2021): Updated existing record with 24 non-zero financial metrics
[2025-03-22 02:45:20,381] INFO: anet (6/2021): Updated existing record with 19 non-zero financial metrics
[2025-03-22 02:45:20,406] INFO: anet (9/2021): Updated existing record with 19 non-zero financial metrics
[2025-03-22 02:45:20,432] INFO: anet (12/2021): Updated existing record with 24 non-zero financial metrics
[2025-03-22 02:45:20,457] INFO: anet (3/2022): Updated existing record with 24 non-zero financial metrics
[2025-03-22 02:45:20,483] INFO: anet (6/2022): Updated existing record with 19 non-zero financial metrics
[2025-03-22 02:45:20,509] INFO: anet (9/2022): Updated existing record with 19 non-zero financial metrics
[2025-03-22 02:45:20,536] INFO: anet (12/2022): Updated existing record with 24 non-zero financial metrics
[2025-03-22 02:45:20,562] INFO: anet (3/2023): Updated existing record with 24 non-zero financial metrics
[2025-03-22 02:45:20,588] INFO: anet (6/2023): Updated existing record with 19 non-zero financial metrics
[2025-03-22 02:45:20,614] INFO: anet (9/2023): Updated existing record with 19 non-zero financial metrics
[2025-03-22 02:45:20,640] INFO: anet (12/2023): Updated existing record with 22 non-zero financial metrics
[2025-03-22 02:45:20,666] INFO: anet (3/2024): Updated existing record with 23 non-zero financial metrics
[2025-03-22 02:45:20,692] INFO: anet (6/2024): Updated existing record with 18 non-zero financial metrics
[2025-03-22 02:45:20,720] INFO: anet (9/2024): Updated existing record with 17 non-zero financial metrics
[2025-03-22 02:45:20,734] INFO: Trying adjusted date: 1/2025 (original: 12/2024)
[2025-03-22 02:45:20,746] WARNING: anet (12/2024): No existing record found(12/2024, 2024-12-31) - creating new one
[2025-03-22 02:45:20,747] INFO: anet (12/2024): Created new record with 21 non-zero financial metrics
