[2025-03-22 05:31:09,772] INFO: Trying adjusted date: 7/2010 (original: 6/2010)
[2025-03-22 05:31:09,784] WARNING: anss (6/2010): No existing record found(6/2010, 2010-06-30) - creating new one
[2025-03-22 05:31:09,785] INFO: anss (6/2010): Created new record with 14 non-zero financial metrics
[2025-03-22 05:31:09,800] INFO: Trying adjusted date: 10/2010 (original: 9/2010)
[2025-03-22 05:31:09,813] WARNING: anss (9/2010): No existing record found(9/2010, 2010-09-30) - creating new one
[2025-03-22 05:31:09,814] INFO: anss (9/2010): Created new record with 14 non-zero financial metrics
[2025-03-22 05:31:09,829] INFO: Trying adjusted date: 1/2011 (original: 12/2010)
[2025-03-22 05:31:09,842] WARNING: anss (12/2010): Found zero values for fields: Share Repurchases
[2025-03-22 05:31:09,843] WARNING: anss (12/2010): No existing record found(12/2010, 2010-12-31) - creating new one
[2025-03-22 05:31:09,843] INFO: anss (12/2010): Created new record with 17 non-zero financial metrics
[2025-03-22 05:31:09,857] INFO: Trying adjusted date: 4/2011 (original: 3/2011)
[2025-03-22 05:31:09,869] WARNING: anss (3/2011): No existing record found(3/2011, 2011-03-31) - creating new one
[2025-03-22 05:31:09,870] INFO: anss (3/2011): Created new record with 18 non-zero financial metrics
[2025-03-22 05:31:09,884] INFO: Trying adjusted date: 7/2011 (original: 6/2011)
[2025-03-22 05:31:09,896] WARNING: anss (6/2011): No existing record found(6/2011, 2011-06-30) - creating new one
[2025-03-22 05:31:09,897] INFO: anss (6/2011): Created new record with 15 non-zero financial metrics
[2025-03-22 05:31:09,912] INFO: Trying adjusted date: 10/2011 (original: 9/2011)
[2025-03-22 05:31:09,925] WARNING: anss (9/2011): No existing record found(9/2011, 2011-09-30) - creating new one
[2025-03-22 05:31:09,926] INFO: anss (9/2011): Created new record with 15 non-zero financial metrics
[2025-03-22 05:31:09,939] INFO: Trying adjusted date: 1/2012 (original: 12/2011)
[2025-03-22 05:31:09,952] WARNING: anss (12/2011): No existing record found(12/2011, 2011-12-31) - creating new one
[2025-03-22 05:31:09,953] INFO: anss (12/2011): Created new record with 19 non-zero financial metrics
[2025-03-22 05:31:09,967] INFO: Trying adjusted date: 4/2012 (original: 3/2012)
[2025-03-22 05:31:09,979] WARNING: anss (3/2012): Found zero values for fields: Share Repurchases
[2025-03-22 05:31:09,979] WARNING: anss (3/2012): No existing record found(3/2012, 2012-03-31) - creating new one
[2025-03-22 05:31:09,980] INFO: anss (3/2012): Created new record with 18 non-zero financial metrics
[2025-03-22 05:31:09,994] INFO: Trying adjusted date: 7/2012 (original: 6/2012)
[2025-03-22 05:31:10,007] WARNING: anss (6/2012): No existing record found(6/2012, 2012-06-30) - creating new one
[2025-03-22 05:31:10,010] INFO: anss (6/2012): Created new record with 15 non-zero financial metrics
[2025-03-22 05:31:10,037] INFO: anss (9/2012): Updated existing record with 15 non-zero financial metrics
[2025-03-22 05:31:10,064] INFO: anss (12/2012): Updated existing record with 19 non-zero financial metrics
[2025-03-22 05:31:10,091] INFO: anss (3/2013): Updated existing record with 18 non-zero financial metrics
[2025-03-22 05:31:10,118] INFO: anss (6/2013): Updated existing record with 15 non-zero financial metrics
[2025-03-22 05:31:10,145] INFO: anss (9/2013): Updated existing record with 14 non-zero financial metrics
[2025-03-22 05:31:10,172] INFO: anss (12/2013): Updated existing record with 18 non-zero financial metrics
[2025-03-22 05:31:10,199] INFO: anss (3/2014): Updated existing record with 17 non-zero financial metrics
[2025-03-22 05:31:10,227] INFO: anss (6/2014): Updated existing record with 14 non-zero financial metrics
[2025-03-22 05:31:10,254] INFO: anss (9/2014): Updated existing record with 14 non-zero financial metrics
[2025-03-22 05:31:10,281] INFO: anss (12/2014): Updated existing record with 18 non-zero financial metrics
[2025-03-22 05:31:10,309] INFO: anss (3/2015): Updated existing record with 18 non-zero financial metrics
[2025-03-22 05:31:10,337] INFO: anss (6/2015): Updated existing record with 14 non-zero financial metrics
[2025-03-22 05:31:10,365] INFO: anss (9/2015): Updated existing record with 14 non-zero financial metrics
[2025-03-22 05:31:10,392] INFO: anss (12/2015): Updated existing record with 18 non-zero financial metrics
[2025-03-22 05:31:10,418] INFO: anss (3/2016): Updated existing record with 18 non-zero financial metrics
[2025-03-22 05:31:10,446] INFO: anss (6/2016): Updated existing record with 14 non-zero financial metrics
[2025-03-22 05:31:10,474] INFO: anss (9/2016): Updated existing record with 14 non-zero financial metrics
[2025-03-22 05:31:10,500] INFO: anss (12/2016): Updated existing record with 18 non-zero financial metrics
[2025-03-22 05:31:10,527] INFO: anss (3/2017): Updated existing record with 17 non-zero financial metrics
[2025-03-22 05:31:10,554] INFO: anss (6/2017): Updated existing record with 13 non-zero financial metrics
[2025-03-22 05:31:10,581] INFO: anss (9/2017): Updated existing record with 13 non-zero financial metrics
[2025-03-22 05:31:10,608] INFO: anss (12/2017): Updated existing record with 17 non-zero financial metrics
[2025-03-22 05:31:10,636] INFO: anss (3/2018): Updated existing record with 18 non-zero financial metrics
[2025-03-22 05:31:10,663] INFO: anss (6/2018): Updated existing record with 14 non-zero financial metrics
[2025-03-22 05:31:10,690] INFO: anss (9/2018): Updated existing record with 14 non-zero financial metrics
[2025-03-22 05:31:10,717] INFO: anss (12/2018): Updated existing record with 18 non-zero financial metrics
[2025-03-22 05:31:10,744] INFO: anss (3/2019): Updated existing record with 18 non-zero financial metrics
[2025-03-22 05:31:10,772] INFO: anss (6/2019): Updated existing record with 14 non-zero financial metrics
[2025-03-22 05:31:10,799] INFO: anss (9/2019): Updated existing record with 14 non-zero financial metrics
[2025-03-22 05:31:10,828] INFO: anss (12/2019): Updated existing record with 19 non-zero financial metrics
[2025-03-22 05:31:10,857] INFO: anss (3/2020): Updated existing record with 20 non-zero financial metrics
[2025-03-22 05:31:10,888] INFO: anss (6/2020): Updated existing record with 15 non-zero financial metrics
[2025-03-22 05:31:10,918] INFO: anss (9/2020): Updated existing record with 15 non-zero financial metrics
[2025-03-22 05:31:10,951] INFO: anss (12/2020): Updated existing record with 20 non-zero financial metrics
[2025-03-22 05:31:10,967] WARNING: anss (3/2021): Found zero values for fields: Share Repurchases
[2025-03-22 05:31:10,980] INFO: anss (3/2021): Updated existing record with 18 non-zero financial metrics
[2025-03-22 05:31:11,008] INFO: anss (6/2021): Updated existing record with 15 non-zero financial metrics
[2025-03-22 05:31:11,036] INFO: anss (9/2021): Updated existing record with 15 non-zero financial metrics
[2025-03-22 05:31:11,063] INFO: anss (12/2021): Updated existing record with 20 non-zero financial metrics
[2025-03-22 05:31:11,091] INFO: anss (3/2022): Updated existing record with 20 non-zero financial metrics
[2025-03-22 05:31:11,118] INFO: anss (6/2022): Updated existing record with 16 non-zero financial metrics
[2025-03-22 05:31:11,145] INFO: anss (9/2022): Updated existing record with 16 non-zero financial metrics
[2025-03-22 05:31:11,175] INFO: anss (12/2022): Updated existing record with 21 non-zero financial metrics
[2025-03-22 05:31:11,202] INFO: anss (3/2023): Updated existing record with 20 non-zero financial metrics
[2025-03-22 05:31:11,229] INFO: anss (6/2023): Updated existing record with 16 non-zero financial metrics
[2025-03-22 05:31:11,258] INFO: anss (9/2023): Updated existing record with 16 non-zero financial metrics
[2025-03-22 05:31:11,285] INFO: anss (12/2023): Updated existing record with 21 non-zero financial metrics
[2025-03-22 05:31:11,299] WARNING: anss (3/2024): Found zero values for fields: Share Repurchases
[2025-03-22 05:31:11,313] INFO: anss (3/2024): Updated existing record with 18 non-zero financial metrics
[2025-03-22 05:31:11,340] INFO: anss (6/2024): Updated existing record with 15 non-zero financial metrics
[2025-03-22 05:31:11,367] INFO: anss (9/2024): Updated existing record with 15 non-zero financial metrics
[2025-03-22 05:31:11,382] INFO: Trying adjusted date: 1/2025 (original: 12/2024)
[2025-03-22 05:31:11,394] WARNING: anss (12/2024): Found zero values for fields: Share Repurchases
[2025-03-22 05:31:11,394] WARNING: anss (12/2024): No existing record found(12/2024, 2024-12-31) - creating new one
[2025-03-22 05:31:11,394] INFO: anss (12/2024): Created new record with 19 non-zero financial metrics
