[2025-03-22 13:51:59,889] INFO: Trying adjusted date: 10/2017 (original: 9/2017)
[2025-03-22 13:51:59,905] WARNING: apls (9/2017): No existing record found(9/2017, 2017-09-30) - creating new one
[2025-03-22 13:51:59,905] INFO: apls (9/2017): Created new record with 8 non-zero financial metrics
[2025-03-22 13:51:59,925] INFO: Trying adjusted date: 1/2018 (original: 12/2017)
[2025-03-22 13:51:59,940] WARNING: apls (12/2017): No existing record found(12/2017, 2017-12-31) - creating new one
[2025-03-22 13:51:59,941] INFO: apls (12/2017): Created new record with 9 non-zero financial metrics
[2025-03-22 13:51:59,972] INFO: apls (3/2018): Updated existing record with 10 non-zero financial metrics
[2025-03-22 13:52:00,003] INFO: apls (6/2018): Updated existing record with 10 non-zero financial metrics
[2025-03-22 13:52:00,041] INFO: apls (9/2018): Updated existing record with 10 non-zero financial metrics
[2025-03-22 13:52:00,072] INFO: apls (12/2018): Updated existing record with 11 non-zero financial metrics
[2025-03-22 13:52:00,103] INFO: apls (3/2019): Updated existing record with 13 non-zero financial metrics
[2025-03-22 13:52:00,134] INFO: apls (6/2019): Updated existing record with 9 non-zero financial metrics
[2025-03-22 13:52:00,165] INFO: apls (9/2019): Updated existing record with 9 non-zero financial metrics
[2025-03-22 13:52:00,196] INFO: apls (12/2019): Updated existing record with 13 non-zero financial metrics
[2025-03-22 13:52:00,226] INFO: apls (3/2020): Updated existing record with 13 non-zero financial metrics
[2025-03-22 13:52:00,256] INFO: apls (6/2020): Updated existing record with 9 non-zero financial metrics
[2025-03-22 13:52:00,287] INFO: apls (9/2020): Updated existing record with 10 non-zero financial metrics
[2025-03-22 13:52:00,316] INFO: apls (12/2020): Updated existing record with 14 non-zero financial metrics
[2025-03-22 13:52:00,347] INFO: apls (3/2021): Updated existing record with 13 non-zero financial metrics
[2025-03-22 13:52:00,363] WARNING: apls (6/2021): Found zero values for fields: Loan Loss Reserves
[2025-03-22 13:52:00,377] INFO: apls (6/2021): Updated existing record with 12 non-zero financial metrics
[2025-03-22 13:52:00,392] WARNING: apls (9/2021): Found zero values for fields: Loan Loss Reserves
[2025-03-22 13:52:00,408] INFO: apls (9/2021): Updated existing record with 12 non-zero financial metrics
[2025-03-22 13:52:00,438] INFO: apls (12/2021): Updated existing record with 16 non-zero financial metrics
[2025-03-22 13:52:00,470] INFO: apls (3/2022): Updated existing record with 16 non-zero financial metrics
[2025-03-22 13:52:00,500] INFO: apls (6/2022): Updated existing record with 13 non-zero financial metrics
[2025-03-22 13:52:00,530] INFO: apls (9/2022): Updated existing record with 13 non-zero financial metrics
[2025-03-22 13:52:00,561] INFO: apls (12/2022): Updated existing record with 18 non-zero financial metrics
[2025-03-22 13:52:00,592] INFO: apls (3/2023): Updated existing record with 18 non-zero financial metrics
[2025-03-22 13:52:00,623] INFO: apls (6/2023): Updated existing record with 15 non-zero financial metrics
[2025-03-22 13:52:00,655] INFO: apls (9/2023): Updated existing record with 15 non-zero financial metrics
[2025-03-22 13:52:00,686] INFO: apls (12/2023): Updated existing record with 18 non-zero financial metrics
[2025-03-22 13:52:00,717] INFO: apls (3/2024): Updated existing record with 18 non-zero financial metrics
[2025-03-22 13:52:00,746] INFO: apls (6/2024): Updated existing record with 13 non-zero financial metrics
[2025-03-22 13:52:00,778] INFO: apls (9/2024): Updated existing record with 13 non-zero financial metrics
[2025-03-22 13:52:00,794] INFO: Trying adjusted date: 1/2025 (original: 12/2024)
[2025-03-22 13:52:00,808] WARNING: apls (12/2024): No existing record found(12/2024, 2024-12-31) - creating new one
[2025-03-22 13:52:00,809] INFO: apls (12/2024): Created new record with 16 non-zero financial metrics
