[2025-03-22 10:45:48,522] WARNING: app (3/2021): Found zero values for fields: Share Repurchases
[2025-03-22 10:45:48,535] INFO: app (3/2021): Updated existing record with 19 non-zero financial metrics
[2025-03-22 10:45:48,567] INFO: app (6/2021): Updated existing record with 15 non-zero financial metrics
[2025-03-22 10:45:48,583] WARNING: app (9/2021): Found zero values for fields: EPS Diluted
[2025-03-22 10:45:48,598] INFO: app (9/2021): Updated existing record with 14 non-zero financial metrics
[2025-03-22 10:45:48,614] WARNING: app (12/2021): Found zero values for fields: Share Repurchases
[2025-03-22 10:45:48,628] INFO: app (12/2021): Updated existing record with 20 non-zero financial metrics
[2025-03-22 10:45:48,658] INFO: app (3/2022): Updated existing record with 20 non-zero financial metrics
[2025-03-22 10:45:48,687] INFO: app (6/2022): Updated existing record with 15 non-zero financial metrics
[2025-03-22 10:45:48,718] INFO: app (9/2022): Updated existing record with 15 non-zero financial metrics
[2025-03-22 10:45:48,748] INFO: app (12/2022): Updated existing record with 21 non-zero financial metrics
[2025-03-22 10:45:48,778] INFO: app (3/2023): Updated existing record with 20 non-zero financial metrics
[2025-03-22 10:45:48,807] INFO: app (6/2023): Updated existing record with 15 non-zero financial metrics
[2025-03-22 10:45:48,836] INFO: app (9/2023): Updated existing record with 15 non-zero financial metrics
[2025-03-22 10:45:48,866] INFO: app (12/2023): Updated existing record with 21 non-zero financial metrics
[2025-03-22 10:45:48,895] INFO: app (3/2024): Updated existing record with 19 non-zero financial metrics
[2025-03-22 10:45:48,925] INFO: app (6/2024): Updated existing record with 15 non-zero financial metrics
[2025-03-22 10:45:48,954] INFO: app (9/2024): Updated existing record with 15 non-zero financial metrics
[2025-03-22 10:45:48,969] INFO: Trying adjusted date: 1/2025 (original: 12/2024)
[2025-03-22 10:45:48,982] WARNING: app (12/2024): No existing record found(12/2024, 2024-12-31) - creating new one
[2025-03-22 10:45:48,983] INFO: app (12/2024): Created new record with 22 non-zero financial metrics
