[2025-03-22 04:55:14,380] INFO: Trying adjusted date: 7/2010 (original: 6/2010)
[2025-03-22 04:55:14,392] WARNING: are (6/2010): No existing record found(6/2010, 2010-06-30) - creating new one
[2025-03-22 04:55:14,393] INFO: are (6/2010): Created new record with 9 non-zero financial metrics
[2025-03-22 04:55:14,406] INFO: Trying adjusted date: 10/2010 (original: 9/2010)
[2025-03-22 04:55:14,420] WARNING: are (9/2010): No existing record found(9/2010, 2010-09-30) - creating new one
[2025-03-22 04:55:14,420] INFO: are (9/2010): Created new record with 9 non-zero financial metrics
[2025-03-22 04:55:14,436] INFO: Trying adjusted date: 1/2011 (original: 12/2010)
[2025-03-22 04:55:14,448] WARNING: are (12/2010): No existing record found(12/2010, 2010-12-31) - creating new one
[2025-03-22 04:55:14,449] INFO: are (12/2010): Created new record with 12 non-zero financial metrics
[2025-03-22 04:55:14,463] INFO: Trying adjusted date: 4/2011 (original: 3/2011)
[2025-03-22 04:55:14,476] WARNING: are (3/2011): No existing record found(3/2011, 2011-03-31) - creating new one
[2025-03-22 04:55:14,476] INFO: are (3/2011): Created new record with 12 non-zero financial metrics
[2025-03-22 04:55:14,493] INFO: Trying adjusted date: 10/2011 (original: 9/2011)
[2025-03-22 04:55:14,506] WARNING: are (9/2011): No existing record found(9/2011, 2011-09-30) - creating new one
[2025-03-22 04:55:14,506] INFO: are (9/2011): Created new record with 9 non-zero financial metrics
[2025-03-22 04:55:14,526] INFO: Trying adjusted date: 1/2012 (original: 12/2011)
[2025-03-22 04:55:14,538] WARNING: are (12/2011): No existing record found(12/2011, 2011-12-31) - creating new one
[2025-03-22 04:55:14,539] INFO: are (12/2011): Created new record with 13 non-zero financial metrics
[2025-03-22 04:55:14,553] INFO: Trying adjusted date: 4/2012 (original: 3/2012)
[2025-03-22 04:55:14,565] WARNING: are (3/2012): No existing record found(3/2012, 2012-03-31) - creating new one
[2025-03-22 04:55:14,566] INFO: are (3/2012): Created new record with 13 non-zero financial metrics
[2025-03-22 04:55:14,580] INFO: Trying adjusted date: 7/2012 (original: 6/2012)
[2025-03-22 04:55:14,592] WARNING: are (6/2012): No existing record found(6/2012, 2012-06-30) - creating new one
[2025-03-22 04:55:14,593] INFO: are (6/2012): Created new record with 10 non-zero financial metrics
[2025-03-22 04:55:14,620] INFO: are (9/2012): Updated existing record with 10 non-zero financial metrics
[2025-03-22 04:55:14,647] INFO: are (12/2012): Updated existing record with 13 non-zero financial metrics
[2025-03-22 04:55:14,675] INFO: are (3/2013): Updated existing record with 13 non-zero financial metrics
[2025-03-22 04:55:14,700] INFO: are (6/2013): Updated existing record with 9 non-zero financial metrics
[2025-03-22 04:55:14,728] INFO: are (9/2013): Updated existing record with 9 non-zero financial metrics
[2025-03-22 04:55:14,754] INFO: are (12/2013): Updated existing record with 12 non-zero financial metrics
[2025-03-22 04:55:14,781] INFO: are (3/2014): Updated existing record with 12 non-zero financial metrics
[2025-03-22 04:55:14,809] INFO: are (6/2014): Updated existing record with 9 non-zero financial metrics
[2025-03-22 04:55:14,822] WARNING: are (9/2014): Found zero values for fields: Loan Loss Reserves
[2025-03-22 04:55:14,835] INFO: are (9/2014): Updated existing record with 9 non-zero financial metrics
[2025-03-22 04:55:14,851] WARNING: are (12/2014): Found zero values for fields: Loan Loss Reserves
[2025-03-22 04:55:14,863] INFO: are (12/2014): Updated existing record with 12 non-zero financial metrics
[2025-03-22 04:55:14,877] WARNING: are (3/2015): Found zero values for fields: Loan Loss Reserves
[2025-03-22 04:55:14,889] INFO: are (3/2015): Updated existing record with 12 non-zero financial metrics
[2025-03-22 04:55:14,904] WARNING: are (6/2015): Found zero values for fields: Loan Loss Reserves
[2025-03-22 04:55:14,916] INFO: are (6/2015): Updated existing record with 9 non-zero financial metrics
[2025-03-22 04:55:14,930] WARNING: are (9/2015): Found zero values for fields: Loan Loss Reserves
[2025-03-22 04:55:14,943] INFO: are (9/2015): Updated existing record with 9 non-zero financial metrics
[2025-03-22 04:55:14,958] WARNING: are (12/2015): Found zero values for fields: Loan Loss Reserves
[2025-03-22 04:55:14,971] INFO: are (12/2015): Updated existing record with 12 non-zero financial metrics
[2025-03-22 04:55:14,985] WARNING: are (3/2016): Found zero values for fields: Loan Loss Reserves
[2025-03-22 04:55:14,998] INFO: are (3/2016): Updated existing record with 12 non-zero financial metrics
[2025-03-22 04:55:15,015] WARNING: are (6/2016): Found zero values for fields: Loan Loss Reserves
[2025-03-22 04:55:15,029] INFO: are (6/2016): Updated existing record with 9 non-zero financial metrics
[2025-03-22 04:55:15,043] WARNING: are (9/2016): Found zero values for fields: Loan Loss Reserves
[2025-03-22 04:55:15,057] INFO: are (9/2016): Updated existing record with 9 non-zero financial metrics
[2025-03-22 04:55:15,071] WARNING: are (12/2016): Found zero values for fields: Loan Loss Reserves
[2025-03-22 04:55:15,083] INFO: are (12/2016): Updated existing record with 12 non-zero financial metrics
[2025-03-22 04:55:15,097] WARNING: are (3/2017): Found zero values for fields: Loan Loss Reserves
[2025-03-22 04:55:15,111] INFO: are (3/2017): Updated existing record with 12 non-zero financial metrics
[2025-03-22 04:55:15,125] WARNING: are (6/2017): Found zero values for fields: Loan Loss Reserves
[2025-03-22 04:55:15,138] INFO: are (6/2017): Updated existing record with 9 non-zero financial metrics
[2025-03-22 04:55:15,152] WARNING: are (9/2017): Found zero values for fields: Loan Loss Reserves
[2025-03-22 04:55:15,165] INFO: are (9/2017): Updated existing record with 9 non-zero financial metrics
[2025-03-22 04:55:15,181] WARNING: are (12/2017): Found zero values for fields: Loan Loss Reserves
[2025-03-22 04:55:15,194] INFO: are (12/2017): Updated existing record with 13 non-zero financial metrics
[2025-03-22 04:55:15,207] WARNING: are (3/2018): Found zero values for fields: Loan Loss Reserves
[2025-03-22 04:55:15,221] INFO: are (3/2018): Updated existing record with 13 non-zero financial metrics
[2025-03-22 04:55:15,235] WARNING: are (6/2018): Found zero values for fields: Loan Loss Reserves
[2025-03-22 04:55:15,248] INFO: are (6/2018): Updated existing record with 10 non-zero financial metrics
[2025-03-22 04:55:15,262] WARNING: are (9/2018): Found zero values for fields: Loan Loss Reserves
[2025-03-22 04:55:15,275] INFO: are (9/2018): Updated existing record with 10 non-zero financial metrics
[2025-03-22 04:55:15,289] WARNING: are (12/2018): Found zero values for fields: Loan Loss Reserves
[2025-03-22 04:55:15,301] INFO: are (12/2018): Updated existing record with 13 non-zero financial metrics
[2025-03-22 04:55:15,329] INFO: are (3/2019): Updated existing record with 13 non-zero financial metrics
[2025-03-22 04:55:15,355] INFO: are (6/2019): Updated existing record with 10 non-zero financial metrics
[2025-03-22 04:55:15,382] INFO: are (9/2019): Updated existing record with 10 non-zero financial metrics
[2025-03-22 04:55:15,408] INFO: are (12/2019): Updated existing record with 13 non-zero financial metrics
[2025-03-22 04:55:15,436] INFO: are (3/2020): Updated existing record with 13 non-zero financial metrics
[2025-03-22 04:55:15,463] INFO: are (6/2020): Updated existing record with 10 non-zero financial metrics
[2025-03-22 04:55:15,489] INFO: are (9/2020): Updated existing record with 10 non-zero financial metrics
[2025-03-22 04:55:15,517] INFO: are (12/2020): Updated existing record with 13 non-zero financial metrics
[2025-03-22 04:55:15,545] INFO: are (3/2021): Updated existing record with 13 non-zero financial metrics
[2025-03-22 04:55:15,571] INFO: are (6/2021): Updated existing record with 10 non-zero financial metrics
[2025-03-22 04:55:15,600] INFO: are (9/2021): Updated existing record with 10 non-zero financial metrics
[2025-03-22 04:55:15,626] INFO: are (12/2021): Updated existing record with 13 non-zero financial metrics
[2025-03-22 04:55:15,652] INFO: are (3/2022): Updated existing record with 13 non-zero financial metrics
[2025-03-22 04:55:15,685] INFO: are (6/2022): Updated existing record with 10 non-zero financial metrics
[2025-03-22 04:55:15,713] INFO: are (9/2022): Updated existing record with 10 non-zero financial metrics
[2025-03-22 04:55:15,740] INFO: are (12/2022): Updated existing record with 13 non-zero financial metrics
[2025-03-22 04:55:15,766] INFO: are (3/2023): Updated existing record with 13 non-zero financial metrics
[2025-03-22 04:55:15,796] INFO: are (6/2023): Updated existing record with 10 non-zero financial metrics
[2025-03-22 04:55:15,822] INFO: are (9/2023): Updated existing record with 10 non-zero financial metrics
[2025-03-22 04:55:15,850] INFO: are (12/2023): Updated existing record with 13 non-zero financial metrics
[2025-03-22 04:55:15,878] INFO: are (3/2024): Updated existing record with 13 non-zero financial metrics
[2025-03-22 04:55:15,904] INFO: are (6/2024): Updated existing record with 10 non-zero financial metrics
[2025-03-22 04:55:15,931] INFO: are (9/2024): Updated existing record with 10 non-zero financial metrics
[2025-03-22 04:55:15,961] INFO: are (12/2024): Updated existing record with 14 non-zero financial metrics
