[2025-03-22 07:16:43,788] INFO: Trying adjusted date: 7/2010 (original: 6/2010)
[2025-03-22 07:16:43,800] WARNING: ato (6/2010): No existing record found(6/2010, 2010-06-30) - creating new one
[2025-03-22 07:16:43,800] INFO: ato (6/2010): Created new record with 11 non-zero financial metrics
[2025-03-22 07:16:43,815] INFO: Trying adjusted date: 10/2010 (original: 9/2010)
[2025-03-22 07:16:43,828] WARNING: ato (9/2010): No existing record found(9/2010, 2010-09-30) - creating new one
[2025-03-22 07:16:43,829] INFO: ato (9/2010): Created new record with 15 non-zero financial metrics
[2025-03-22 07:16:43,844] INFO: Trying adjusted date: 1/2011 (original: 12/2010)
[2025-03-22 07:16:43,857] WARNING: ato (12/2010): No existing record found(12/2010, 2010-12-31) - creating new one
[2025-03-22 07:16:43,857] INFO: ato (12/2010): Created new record with 14 non-zero financial metrics
[2025-03-22 07:16:43,872] INFO: Trying adjusted date: 4/2011 (original: 3/2011)
[2025-03-22 07:16:43,884] WARNING: ato (3/2011): No existing record found(3/2011, 2011-03-31) - creating new one
[2025-03-22 07:16:43,885] INFO: ato (3/2011): Created new record with 11 non-zero financial metrics
[2025-03-22 07:16:43,899] INFO: Trying adjusted date: 7/2011 (original: 6/2011)
[2025-03-22 07:16:43,912] WARNING: ato (6/2011): No existing record found(6/2011, 2011-06-30) - creating new one
[2025-03-22 07:16:43,913] INFO: ato (6/2011): Created new record with 10 non-zero financial metrics
[2025-03-22 07:16:43,927] INFO: Trying adjusted date: 10/2011 (original: 9/2011)
[2025-03-22 07:16:43,940] WARNING: ato (9/2011): No existing record found(9/2011, 2011-09-30) - creating new one
[2025-03-22 07:16:43,941] INFO: ato (9/2011): Created new record with 14 non-zero financial metrics
[2025-03-22 07:16:43,956] INFO: Trying adjusted date: 1/2012 (original: 12/2011)
[2025-03-22 07:16:43,969] WARNING: ato (12/2011): No existing record found(12/2011, 2011-12-31) - creating new one
[2025-03-22 07:16:43,969] INFO: ato (12/2011): Created new record with 13 non-zero financial metrics
[2025-03-22 07:16:43,984] INFO: Trying adjusted date: 4/2012 (original: 3/2012)
[2025-03-22 07:16:43,996] WARNING: ato (3/2012): No existing record found(3/2012, 2012-03-31) - creating new one
[2025-03-22 07:16:43,997] INFO: ato (3/2012): Created new record with 10 non-zero financial metrics
[2025-03-22 07:16:44,011] INFO: Trying adjusted date: 7/2012 (original: 6/2012)
[2025-03-22 07:16:44,024] WARNING: ato (6/2012): No existing record found(6/2012, 2012-06-30) - creating new one
[2025-03-22 07:16:44,025] INFO: ato (6/2012): Created new record with 10 non-zero financial metrics
[2025-03-22 07:16:44,040] INFO: Trying adjusted date: 10/2012 (original: 9/2012)
[2025-03-22 07:16:44,053] WARNING: ato (9/2012): No existing record found(9/2012, 2012-09-30) - creating new one
[2025-03-22 07:16:44,053] INFO: ato (9/2012): Created new record with 14 non-zero financial metrics
[2025-03-22 07:16:44,067] WARNING: ato (12/2012): Found zero values for fields: Share Repurchases
[2025-03-22 07:16:44,081] INFO: ato (12/2012): Updated existing record with 14 non-zero financial metrics
[2025-03-22 07:16:44,109] INFO: ato (3/2013): Updated existing record with 11 non-zero financial metrics
[2025-03-22 07:16:44,137] INFO: ato (6/2013): Updated existing record with 12 non-zero financial metrics
[2025-03-22 07:16:44,163] INFO: ato (9/2013): Updated existing record with 14 non-zero financial metrics
[2025-03-22 07:16:44,191] INFO: ato (12/2013): Updated existing record with 14 non-zero financial metrics
[2025-03-22 07:16:44,218] INFO: ato (3/2014): Updated existing record with 11 non-zero financial metrics
[2025-03-22 07:16:44,249] INFO: ato (6/2014): Updated existing record with 11 non-zero financial metrics
[2025-03-22 07:16:44,277] INFO: ato (9/2014): Updated existing record with 14 non-zero financial metrics
[2025-03-22 07:16:44,305] INFO: ato (12/2014): Updated existing record with 14 non-zero financial metrics
[2025-03-22 07:16:44,336] INFO: ato (3/2015): Updated existing record with 11 non-zero financial metrics
[2025-03-22 07:16:44,365] INFO: ato (6/2015): Updated existing record with 11 non-zero financial metrics
[2025-03-22 07:16:44,393] INFO: ato (9/2015): Updated existing record with 14 non-zero financial metrics
[2025-03-22 07:16:44,422] INFO: ato (12/2015): Updated existing record with 13 non-zero financial metrics
[2025-03-22 07:16:44,449] INFO: ato (3/2016): Updated existing record with 10 non-zero financial metrics
[2025-03-22 07:16:44,478] INFO: ato (6/2016): Updated existing record with 10 non-zero financial metrics
[2025-03-22 07:16:44,506] INFO: ato (9/2016): Updated existing record with 14 non-zero financial metrics
[2025-03-22 07:16:44,533] INFO: ato (12/2016): Updated existing record with 13 non-zero financial metrics
[2025-03-22 07:16:44,562] INFO: ato (3/2017): Updated existing record with 9 non-zero financial metrics
[2025-03-22 07:16:44,589] INFO: ato (6/2017): Updated existing record with 9 non-zero financial metrics
[2025-03-22 07:16:44,604] INFO: Trying adjusted date: 10/2017 (original: 9/2017)
[2025-03-22 07:16:44,617] WARNING: ato (9/2017): No existing record found(9/2017, 2017-09-30) - creating new one
[2025-03-22 07:16:44,618] INFO: ato (9/2017): Created new record with 12 non-zero financial metrics
[2025-03-22 07:16:44,645] INFO: ato (12/2017): Updated existing record with 12 non-zero financial metrics
[2025-03-22 07:16:44,673] INFO: ato (3/2018): Updated existing record with 9 non-zero financial metrics
[2025-03-22 07:16:44,699] INFO: ato (6/2018): Updated existing record with 10 non-zero financial metrics
[2025-03-22 07:16:44,727] INFO: ato (9/2018): Updated existing record with 13 non-zero financial metrics
[2025-03-22 07:16:44,755] INFO: ato (12/2018): Updated existing record with 14 non-zero financial metrics
[2025-03-22 07:16:44,782] INFO: ato (3/2019): Updated existing record with 11 non-zero financial metrics
[2025-03-22 07:16:44,812] INFO: ato (6/2019): Updated existing record with 12 non-zero financial metrics
[2025-03-22 07:16:44,841] INFO: ato (9/2019): Updated existing record with 14 non-zero financial metrics
[2025-03-22 07:16:44,868] INFO: ato (12/2019): Updated existing record with 15 non-zero financial metrics
[2025-03-22 07:16:44,895] INFO: ato (3/2020): Updated existing record with 12 non-zero financial metrics
[2025-03-22 07:16:44,923] INFO: ato (6/2020): Updated existing record with 12 non-zero financial metrics
[2025-03-22 07:16:44,950] INFO: ato (9/2020): Updated existing record with 15 non-zero financial metrics
[2025-03-22 07:16:44,977] INFO: ato (12/2020): Updated existing record with 16 non-zero financial metrics
[2025-03-22 07:16:45,005] INFO: ato (3/2021): Updated existing record with 13 non-zero financial metrics
[2025-03-22 07:16:45,032] INFO: ato (6/2021): Updated existing record with 13 non-zero financial metrics
[2025-03-22 07:16:45,060] INFO: ato (9/2021): Updated existing record with 15 non-zero financial metrics
[2025-03-22 07:16:45,088] INFO: ato (12/2021): Updated existing record with 16 non-zero financial metrics
[2025-03-22 07:16:45,116] INFO: ato (3/2022): Updated existing record with 13 non-zero financial metrics
[2025-03-22 07:16:45,144] INFO: ato (6/2022): Updated existing record with 13 non-zero financial metrics
[2025-03-22 07:16:45,172] INFO: ato (9/2022): Updated existing record with 15 non-zero financial metrics
[2025-03-22 07:16:45,199] INFO: ato (12/2022): Updated existing record with 16 non-zero financial metrics
[2025-03-22 07:16:45,227] INFO: ato (3/2023): Updated existing record with 13 non-zero financial metrics
[2025-03-22 07:16:45,254] INFO: ato (6/2023): Updated existing record with 13 non-zero financial metrics
[2025-03-22 07:16:45,281] INFO: ato (9/2023): Updated existing record with 16 non-zero financial metrics
[2025-03-22 07:16:45,309] INFO: ato (12/2023): Updated existing record with 16 non-zero financial metrics
[2025-03-22 07:16:45,338] INFO: ato (3/2024): Updated existing record with 13 non-zero financial metrics
[2025-03-22 07:16:45,365] INFO: ato (6/2024): Updated existing record with 11 non-zero financial metrics
[2025-03-22 07:16:45,395] INFO: ato (9/2024): Updated existing record with 14 non-zero financial metrics
[2025-03-22 07:16:45,424] INFO: ato (12/2024): Updated existing record with 15 non-zero financial metrics
