[2025-03-21 22:54:20,543] INFO: Trying adjusted date: 4/2010 (original: 3/2010)
[2025-03-21 22:54:20,557] WARNING: axp (3/2010): No existing record found(3/2010, 2010-03-31) - creating new one
[2025-03-21 22:54:20,557] INFO: axp (3/2010): Created new record with 15 non-zero financial metrics
[2025-03-21 22:54:20,571] INFO: Trying adjusted date: 7/2010 (original: 6/2010)
[2025-03-21 22:54:20,582] WARNING: axp (6/2010): No existing record found(6/2010, 2010-06-30) - creating new one
[2025-03-21 22:54:20,582] INFO: axp (6/2010): Created new record with 11 non-zero financial metrics
[2025-03-21 22:54:20,595] INFO: Trying adjusted date: 10/2010 (original: 9/2010)
[2025-03-21 22:54:20,607] WARNING: axp (9/2010): No existing record found(9/2010, 2010-09-30) - creating new one
[2025-03-21 22:54:20,607] INFO: axp (9/2010): Created new record with 10 non-zero financial metrics
[2025-03-21 22:54:20,620] INFO: Trying adjusted date: 1/2011 (original: 12/2010)
[2025-03-21 22:54:20,632] WARNING: axp (12/2010): No existing record found(12/2010, 2010-12-31) - creating new one
[2025-03-21 22:54:20,632] INFO: axp (12/2010): Created new record with 17 non-zero financial metrics
[2025-03-21 22:54:20,645] INFO: Trying adjusted date: 4/2011 (original: 3/2011)
[2025-03-21 22:54:20,657] WARNING: axp (3/2011): No existing record found(3/2011, 2011-03-31) - creating new one
[2025-03-21 22:54:20,657] INFO: axp (3/2011): Created new record with 16 non-zero financial metrics
[2025-03-21 22:54:20,671] INFO: Trying adjusted date: 7/2011 (original: 6/2011)
[2025-03-21 22:54:20,682] WARNING: axp (6/2011): No existing record found(6/2011, 2011-06-30) - creating new one
[2025-03-21 22:54:20,683] INFO: axp (6/2011): Created new record with 12 non-zero financial metrics
[2025-03-21 22:54:20,697] INFO: Trying adjusted date: 10/2011 (original: 9/2011)
[2025-03-21 22:54:20,709] WARNING: axp (9/2011): No existing record found(9/2011, 2011-09-30) - creating new one
[2025-03-21 22:54:20,709] INFO: axp (9/2011): Created new record with 11 non-zero financial metrics
[2025-03-21 22:54:20,722] INFO: Trying adjusted date: 1/2012 (original: 12/2011)
[2025-03-21 22:54:20,733] WARNING: axp (12/2011): No existing record found(12/2011, 2011-12-31) - creating new one
[2025-03-21 22:54:20,734] INFO: axp (12/2011): Created new record with 17 non-zero financial metrics
[2025-03-21 22:54:20,748] INFO: Trying adjusted date: 4/2012 (original: 3/2012)
[2025-03-21 22:54:20,760] WARNING: axp (3/2012): No existing record found(3/2012, 2012-03-31) - creating new one
[2025-03-21 22:54:20,760] INFO: axp (3/2012): Created new record with 16 non-zero financial metrics
[2025-03-21 22:54:20,772] INFO: Trying adjusted date: 7/2012 (original: 6/2012)
[2025-03-21 22:54:20,784] WARNING: axp (6/2012): No existing record found(6/2012, 2012-06-30) - creating new one
[2025-03-21 22:54:20,785] INFO: axp (6/2012): Created new record with 11 non-zero financial metrics
[2025-03-21 22:54:20,809] INFO: axp (9/2012): Updated existing record with 11 non-zero financial metrics
[2025-03-21 22:54:20,834] INFO: axp (12/2012): Updated existing record with 14 non-zero financial metrics
[2025-03-21 22:54:20,859] INFO: axp (3/2013): Updated existing record with 11 non-zero financial metrics
[2025-03-21 22:54:20,883] INFO: axp (6/2013): Updated existing record with 10 non-zero financial metrics
[2025-03-21 22:54:20,907] INFO: axp (9/2013): Updated existing record with 10 non-zero financial metrics
[2025-03-21 22:54:20,932] INFO: axp (12/2013): Updated existing record with 14 non-zero financial metrics
[2025-03-21 22:54:20,957] INFO: axp (3/2014): Updated existing record with 12 non-zero financial metrics
[2025-03-21 22:54:20,982] INFO: axp (6/2014): Updated existing record with 10 non-zero financial metrics
[2025-03-21 22:54:21,007] INFO: axp (9/2014): Updated existing record with 10 non-zero financial metrics
[2025-03-21 22:54:21,032] INFO: axp (12/2014): Updated existing record with 13 non-zero financial metrics
[2025-03-21 22:54:21,057] INFO: axp (3/2015): Updated existing record with 12 non-zero financial metrics
[2025-03-21 22:54:21,081] INFO: axp (6/2015): Updated existing record with 10 non-zero financial metrics
[2025-03-21 22:54:21,106] INFO: axp (9/2015): Updated existing record with 10 non-zero financial metrics
[2025-03-21 22:54:21,130] INFO: axp (12/2015): Updated existing record with 13 non-zero financial metrics
[2025-03-21 22:54:21,155] INFO: axp (3/2016): Updated existing record with 12 non-zero financial metrics
[2025-03-21 22:54:21,179] INFO: axp (6/2016): Updated existing record with 11 non-zero financial metrics
[2025-03-21 22:54:21,203] INFO: axp (9/2016): Updated existing record with 11 non-zero financial metrics
[2025-03-21 22:54:21,229] INFO: axp (12/2016): Updated existing record with 14 non-zero financial metrics
[2025-03-21 22:54:21,253] INFO: axp (3/2017): Updated existing record with 14 non-zero financial metrics
[2025-03-21 22:54:21,278] INFO: axp (6/2017): Updated existing record with 12 non-zero financial metrics
[2025-03-21 22:54:21,303] INFO: axp (9/2017): Updated existing record with 12 non-zero financial metrics
[2025-03-21 22:54:21,315] WARNING: axp (12/2017): Found zero values for fields: Loans Held for Sale
[2025-03-21 22:54:21,327] INFO: axp (12/2017): Updated existing record with 15 non-zero financial metrics
[2025-03-21 22:54:21,353] INFO: axp (3/2018): Updated existing record with 15 non-zero financial metrics
[2025-03-21 22:54:21,379] INFO: axp (6/2018): Updated existing record with 13 non-zero financial metrics
[2025-03-21 22:54:21,403] INFO: axp (9/2018): Updated existing record with 13 non-zero financial metrics
[2025-03-21 22:54:21,427] INFO: axp (12/2018): Updated existing record with 15 non-zero financial metrics
[2025-03-21 22:54:21,452] INFO: axp (3/2019): Updated existing record with 14 non-zero financial metrics
[2025-03-21 22:54:21,476] INFO: axp (6/2019): Updated existing record with 12 non-zero financial metrics
[2025-03-21 22:54:21,501] INFO: axp (9/2019): Updated existing record with 12 non-zero financial metrics
[2025-03-21 22:54:21,525] INFO: axp (12/2019): Updated existing record with 16 non-zero financial metrics
[2025-03-21 22:54:21,551] INFO: axp (3/2020): Updated existing record with 16 non-zero financial metrics
[2025-03-21 22:54:21,576] INFO: axp (6/2020): Updated existing record with 12 non-zero financial metrics
[2025-03-21 22:54:21,601] INFO: axp (9/2020): Updated existing record with 12 non-zero financial metrics
[2025-03-21 22:54:21,626] INFO: axp (12/2020): Updated existing record with 14 non-zero financial metrics
[2025-03-21 22:54:21,650] INFO: axp (3/2021): Updated existing record with 14 non-zero financial metrics
[2025-03-21 22:54:21,675] INFO: axp (6/2021): Updated existing record with 10 non-zero financial metrics
[2025-03-21 22:54:21,699] INFO: axp (9/2021): Updated existing record with 10 non-zero financial metrics
[2025-03-21 22:54:21,724] INFO: axp (12/2021): Updated existing record with 15 non-zero financial metrics
[2025-03-21 22:54:21,749] INFO: axp (3/2022): Updated existing record with 16 non-zero financial metrics
[2025-03-21 22:54:21,774] INFO: axp (6/2022): Updated existing record with 11 non-zero financial metrics
[2025-03-21 22:54:21,799] INFO: axp (9/2022): Updated existing record with 11 non-zero financial metrics
[2025-03-21 22:54:21,824] INFO: axp (12/2022): Updated existing record with 17 non-zero financial metrics
[2025-03-21 22:54:21,849] INFO: axp (3/2023): Updated existing record with 16 non-zero financial metrics
[2025-03-21 22:54:21,874] INFO: axp (6/2023): Updated existing record with 12 non-zero financial metrics
[2025-03-21 22:54:21,899] INFO: axp (9/2023): Updated existing record with 12 non-zero financial metrics
[2025-03-21 22:54:21,924] INFO: axp (12/2023): Updated existing record with 17 non-zero financial metrics
[2025-03-21 22:54:21,949] INFO: axp (3/2024): Updated existing record with 16 non-zero financial metrics
[2025-03-21 22:54:21,974] INFO: axp (6/2024): Updated existing record with 10 non-zero financial metrics
[2025-03-21 22:54:21,999] INFO: axp (9/2024): Updated existing record with 10 non-zero financial metrics
[2025-03-21 22:54:22,023] INFO: axp (12/2024): Updated existing record with 16 non-zero financial metrics
