[2025-03-21 23:24:05,597] INFO: Trying adjusted date: 4/2010 (original: 3/2010)
[2025-03-21 23:24:05,609] WARNING: ba (3/2010): No existing record found(3/2010, 2010-03-31) - creating new one
[2025-03-21 23:24:05,609] INFO: ba (3/2010): Created new record with 18 non-zero financial metrics
[2025-03-21 23:24:05,623] INFO: Trying adjusted date: 7/2010 (original: 6/2010)
[2025-03-21 23:24:05,635] WARNING: ba (6/2010): No existing record found(6/2010, 2010-06-30) - creating new one
[2025-03-21 23:24:05,635] INFO: ba (6/2010): Created new record with 15 non-zero financial metrics
[2025-03-21 23:24:05,648] INFO: Trying adjusted date: 10/2010 (original: 9/2010)
[2025-03-21 23:24:05,660] WARNING: ba (9/2010): No existing record found(9/2010, 2010-09-30) - creating new one
[2025-03-21 23:24:05,660] INFO: ba (9/2010): Created new record with 15 non-zero financial metrics
[2025-03-21 23:24:05,673] INFO: Trying adjusted date: 1/2011 (original: 12/2010)
[2025-03-21 23:24:05,685] WARNING: ba (12/2010): No existing record found(12/2010, 2010-12-31) - creating new one
[2025-03-21 23:24:05,686] INFO: ba (12/2010): Created new record with 19 non-zero financial metrics
[2025-03-21 23:24:05,699] INFO: Trying adjusted date: 4/2011 (original: 3/2011)
[2025-03-21 23:24:05,711] WARNING: ba (3/2011): No existing record found(3/2011, 2011-03-31) - creating new one
[2025-03-21 23:24:05,712] INFO: ba (3/2011): Created new record with 18 non-zero financial metrics
[2025-03-21 23:24:05,724] INFO: Trying adjusted date: 7/2011 (original: 6/2011)
[2025-03-21 23:24:05,735] WARNING: ba (6/2011): No existing record found(6/2011, 2011-06-30) - creating new one
[2025-03-21 23:24:05,737] INFO: ba (6/2011): Created new record with 15 non-zero financial metrics
[2025-03-21 23:24:05,750] INFO: Trying adjusted date: 10/2011 (original: 9/2011)
[2025-03-21 23:24:05,761] WARNING: ba (9/2011): No existing record found(9/2011, 2011-09-30) - creating new one
[2025-03-21 23:24:05,762] INFO: ba (9/2011): Created new record with 15 non-zero financial metrics
[2025-03-21 23:24:05,775] INFO: Trying adjusted date: 1/2012 (original: 12/2011)
[2025-03-21 23:24:05,787] WARNING: ba (12/2011): No existing record found(12/2011, 2011-12-31) - creating new one
[2025-03-21 23:24:05,787] INFO: ba (12/2011): Created new record with 20 non-zero financial metrics
[2025-03-21 23:24:05,800] INFO: Trying adjusted date: 4/2012 (original: 3/2012)
[2025-03-21 23:24:05,811] WARNING: ba (3/2012): No existing record found(3/2012, 2012-03-31) - creating new one
[2025-03-21 23:24:05,812] INFO: ba (3/2012): Created new record with 19 non-zero financial metrics
[2025-03-21 23:24:05,825] INFO: Trying adjusted date: 7/2012 (original: 6/2012)
[2025-03-21 23:24:05,837] WARNING: ba (6/2012): No existing record found(6/2012, 2012-06-30) - creating new one
[2025-03-21 23:24:05,838] INFO: ba (6/2012): Created new record with 15 non-zero financial metrics
[2025-03-21 23:24:05,863] INFO: ba (9/2012): Updated existing record with 15 non-zero financial metrics
[2025-03-21 23:24:05,887] INFO: ba (12/2012): Updated existing record with 18 non-zero financial metrics
[2025-03-21 23:24:05,911] INFO: ba (3/2013): Updated existing record with 18 non-zero financial metrics
[2025-03-21 23:24:05,935] INFO: ba (6/2013): Updated existing record with 14 non-zero financial metrics
[2025-03-21 23:24:05,962] INFO: ba (9/2013): Updated existing record with 14 non-zero financial metrics
[2025-03-21 23:24:05,985] INFO: ba (12/2013): Updated existing record with 19 non-zero financial metrics
[2025-03-21 23:24:06,011] INFO: ba (3/2014): Updated existing record with 19 non-zero financial metrics
[2025-03-21 23:24:06,035] INFO: ba (6/2014): Updated existing record with 14 non-zero financial metrics
[2025-03-21 23:24:06,060] INFO: ba (9/2014): Updated existing record with 14 non-zero financial metrics
[2025-03-21 23:24:06,084] INFO: ba (12/2014): Updated existing record with 19 non-zero financial metrics
[2025-03-21 23:24:06,108] INFO: ba (3/2015): Updated existing record with 19 non-zero financial metrics
[2025-03-21 23:24:06,132] INFO: ba (6/2015): Updated existing record with 14 non-zero financial metrics
[2025-03-21 23:24:06,156] INFO: ba (9/2015): Updated existing record with 14 non-zero financial metrics
[2025-03-21 23:24:06,181] INFO: ba (12/2015): Updated existing record with 19 non-zero financial metrics
[2025-03-21 23:24:06,206] INFO: ba (3/2016): Updated existing record with 19 non-zero financial metrics
[2025-03-21 23:24:06,229] INFO: ba (6/2016): Updated existing record with 14 non-zero financial metrics
[2025-03-21 23:24:06,253] INFO: ba (9/2016): Updated existing record with 14 non-zero financial metrics
[2025-03-21 23:24:06,280] INFO: ba (12/2016): Updated existing record with 19 non-zero financial metrics
[2025-03-21 23:24:06,304] INFO: ba (3/2017): Updated existing record with 19 non-zero financial metrics
[2025-03-21 23:24:06,328] INFO: ba (6/2017): Updated existing record with 14 non-zero financial metrics
[2025-03-21 23:24:06,353] INFO: ba (9/2017): Updated existing record with 14 non-zero financial metrics
[2025-03-21 23:24:06,377] INFO: ba (12/2017): Updated existing record with 19 non-zero financial metrics
[2025-03-21 23:24:06,402] INFO: ba (3/2018): Updated existing record with 19 non-zero financial metrics
[2025-03-21 23:24:06,426] INFO: ba (6/2018): Updated existing record with 14 non-zero financial metrics
[2025-03-21 23:24:06,449] INFO: ba (9/2018): Updated existing record with 14 non-zero financial metrics
[2025-03-21 23:24:06,473] INFO: ba (12/2018): Updated existing record with 19 non-zero financial metrics
[2025-03-21 23:24:06,497] INFO: ba (3/2019): Updated existing record with 19 non-zero financial metrics
[2025-03-21 23:24:06,521] INFO: ba (6/2019): Updated existing record with 14 non-zero financial metrics
[2025-03-21 23:24:06,547] INFO: ba (9/2019): Updated existing record with 14 non-zero financial metrics
[2025-03-21 23:24:06,572] INFO: ba (12/2019): Updated existing record with 19 non-zero financial metrics
[2025-03-21 23:24:06,585] ERROR: Invalid numeric value for Share Repurchases: 
[2025-03-21 23:24:06,585] ERROR: ba (3/2020): Invalid data types: Share Repurchases=
[2025-03-21 23:24:06,597] INFO: ba (3/2020): Updated existing record with 20 non-zero financial metrics
[2025-03-21 23:24:06,621] INFO: ba (6/2020): Updated existing record with 17 non-zero financial metrics
[2025-03-21 23:24:06,648] INFO: ba (9/2020): Updated existing record with 17 non-zero financial metrics
[2025-03-21 23:24:06,673] INFO: ba (12/2020): Updated existing record with 21 non-zero financial metrics
[2025-03-21 23:24:06,698] INFO: ba (3/2021): Updated existing record with 21 non-zero financial metrics
[2025-03-21 23:24:06,726] INFO: ba (6/2021): Updated existing record with 17 non-zero financial metrics
[2025-03-21 23:24:06,749] INFO: ba (9/2021): Updated existing record with 17 non-zero financial metrics
[2025-03-21 23:24:06,761] INFO: Trying adjusted date: 1/2022 (original: 12/2021)
[2025-03-21 23:24:06,773] WARNING: ba (12/2021): No existing record found(12/2021, 2021-12-31) - creating new one
[2025-03-21 23:24:06,774] INFO: ba (12/2021): Created new record with 21 non-zero financial metrics
[2025-03-21 23:24:06,799] INFO: ba (3/2022): Updated existing record with 21 non-zero financial metrics
[2025-03-21 23:24:06,825] INFO: ba (6/2022): Updated existing record with 17 non-zero financial metrics
[2025-03-21 23:24:06,840] INFO: Trying adjusted date: 10/2022 (original: 9/2022)
[2025-03-21 23:24:06,852] WARNING: ba (9/2022): No existing record found(9/2022, 2022-09-30) - creating new one
[2025-03-21 23:24:06,853] INFO: ba (9/2022): Created new record with 17 non-zero financial metrics
[2025-03-21 23:24:06,865] INFO: Trying adjusted date: 1/2023 (original: 12/2022)
[2025-03-21 23:24:06,877] WARNING: ba (12/2022): No existing record found(12/2022, 2022-12-31) - creating new one
[2025-03-21 23:24:06,877] INFO: ba (12/2022): Created new record with 21 non-zero financial metrics
[2025-03-21 23:24:06,902] INFO: ba (3/2023): Updated existing record with 21 non-zero financial metrics
[2025-03-21 23:24:06,927] INFO: ba (6/2023): Updated existing record with 17 non-zero financial metrics
[2025-03-21 23:24:06,951] INFO: ba (9/2023): Updated existing record with 17 non-zero financial metrics
[2025-03-21 23:24:06,975] INFO: ba (12/2023): Updated existing record with 21 non-zero financial metrics
[2025-03-21 23:24:06,999] INFO: ba (3/2024): Updated existing record with 21 non-zero financial metrics
[2025-03-21 23:24:07,023] INFO: ba (6/2024): Updated existing record with 17 non-zero financial metrics
[2025-03-21 23:24:07,047] INFO: ba (9/2024): Updated existing record with 17 non-zero financial metrics
[2025-03-21 23:24:07,071] INFO: ba (12/2024): Updated existing record with 21 non-zero financial metrics
