[2025-03-21 21:54:31,498] INFO: Trying adjusted date: 4/2010 (original: 3/2010)
[2025-03-21 21:54:31,509] WARNING: bac (3/2010): No existing record found(3/2010, 2010-03-31) - creating new one
[2025-03-21 21:54:31,512] INFO: bac (3/2010): Created new record with 15 non-zero financial metrics
[2025-03-21 21:54:31,523] INFO: Trying adjusted date: 7/2010 (original: 6/2010)
[2025-03-21 21:54:31,535] WARNING: bac (6/2010): No existing record found(6/2010, 2010-06-30) - creating new one
[2025-03-21 21:54:31,535] INFO: bac (6/2010): Created new record with 13 non-zero financial metrics
[2025-03-21 21:54:31,548] INFO: Trying adjusted date: 10/2010 (original: 9/2010)
[2025-03-21 21:54:31,559] WARNING: bac (9/2010): No existing record found(9/2010, 2010-09-30) - creating new one
[2025-03-21 21:54:31,559] INFO: bac (9/2010): Created new record with 13 non-zero financial metrics
[2025-03-21 21:54:31,571] INFO: Trying adjusted date: 1/2011 (original: 12/2010)
[2025-03-21 21:54:31,582] WARNING: bac (12/2010): No existing record found(12/2010, 2010-12-31) - creating new one
[2025-03-21 21:54:31,583] INFO: bac (12/2010): Created new record with 16 non-zero financial metrics
[2025-03-21 21:54:31,596] INFO: Trying adjusted date: 4/2011 (original: 3/2011)
[2025-03-21 21:54:31,607] WARNING: bac (3/2011): No existing record found(3/2011, 2011-03-31) - creating new one
[2025-03-21 21:54:31,607] INFO: bac (3/2011): Created new record with 12 non-zero financial metrics
[2025-03-21 21:54:31,619] INFO: Trying adjusted date: 7/2011 (original: 6/2011)
[2025-03-21 21:54:31,630] WARNING: bac (6/2011): No existing record found(6/2011, 2011-06-30) - creating new one
[2025-03-21 21:54:31,631] INFO: bac (6/2011): Created new record with 10 non-zero financial metrics
[2025-03-21 21:54:31,645] INFO: Trying adjusted date: 10/2011 (original: 9/2011)
[2025-03-21 21:54:31,657] WARNING: bac (9/2011): No existing record found(9/2011, 2011-09-30) - creating new one
[2025-03-21 21:54:31,657] INFO: bac (9/2011): Created new record with 13 non-zero financial metrics
[2025-03-21 21:54:31,669] INFO: Trying adjusted date: 1/2012 (original: 12/2011)
[2025-03-21 21:54:31,681] WARNING: bac (12/2011): No existing record found(12/2011, 2011-12-31) - creating new one
[2025-03-21 21:54:31,683] INFO: bac (12/2011): Created new record with 16 non-zero financial metrics
[2025-03-21 21:54:31,695] INFO: Trying adjusted date: 4/2012 (original: 3/2012)
[2025-03-21 21:54:31,706] WARNING: bac (3/2012): No existing record found(3/2012, 2012-03-31) - creating new one
[2025-03-21 21:54:31,706] INFO: bac (3/2012): Created new record with 15 non-zero financial metrics
[2025-03-21 21:54:31,718] INFO: Trying adjusted date: 7/2012 (original: 6/2012)
[2025-03-21 21:54:31,729] WARNING: bac (6/2012): No existing record found(6/2012, 2012-06-30) - creating new one
[2025-03-21 21:54:31,730] INFO: bac (6/2012): Created new record with 12 non-zero financial metrics
[2025-03-21 21:54:31,744] WARNING: bac (9/2012): Found zero values for fields: EPS Diluted
[2025-03-21 21:54:31,756] INFO: bac (9/2012): Updated existing record with 11 non-zero financial metrics
[2025-03-21 21:54:31,780] INFO: bac (12/2012): Updated existing record with 15 non-zero financial metrics
[2025-03-21 21:54:31,807] INFO: bac (3/2013): Updated existing record with 15 non-zero financial metrics
[2025-03-21 21:54:31,831] INFO: bac (6/2013): Updated existing record with 12 non-zero financial metrics
[2025-03-21 21:54:31,855] INFO: bac (9/2013): Updated existing record with 12 non-zero financial metrics
[2025-03-21 21:54:31,876] INFO: bac (12/2013): Updated existing record with 16 non-zero financial metrics
[2025-03-21 21:54:31,900] INFO: bac (3/2014): Updated existing record with 16 non-zero financial metrics
[2025-03-21 21:54:31,925] INFO: bac (6/2014): Updated existing record with 12 non-zero financial metrics
[2025-03-21 21:54:31,949] INFO: bac (9/2014): Updated existing record with 12 non-zero financial metrics
[2025-03-21 21:54:31,974] INFO: bac (12/2014): Updated existing record with 13 non-zero financial metrics
[2025-03-21 21:54:31,987] WARNING: bac (3/2015): Found zero values for fields: Share Repurchases
[2025-03-21 21:54:31,999] INFO: bac (3/2015): Updated existing record with 12 non-zero financial metrics
[2025-03-21 21:54:32,022] INFO: bac (6/2015): Updated existing record with 12 non-zero financial metrics
[2025-03-21 21:54:32,045] INFO: bac (9/2015): Updated existing record with 12 non-zero financial metrics
[2025-03-21 21:54:32,069] INFO: bac (12/2015): Updated existing record with 13 non-zero financial metrics
[2025-03-21 21:54:32,092] INFO: bac (3/2016): Updated existing record with 13 non-zero financial metrics
[2025-03-21 21:54:32,115] INFO: bac (6/2016): Updated existing record with 12 non-zero financial metrics
[2025-03-21 21:54:32,139] INFO: bac (9/2016): Updated existing record with 12 non-zero financial metrics
[2025-03-21 21:54:32,162] INFO: bac (12/2016): Updated existing record with 13 non-zero financial metrics
[2025-03-21 21:54:32,186] INFO: bac (3/2017): Updated existing record with 13 non-zero financial metrics
[2025-03-21 21:54:32,211] INFO: bac (6/2017): Updated existing record with 12 non-zero financial metrics
[2025-03-21 21:54:32,234] INFO: bac (9/2017): Updated existing record with 12 non-zero financial metrics
[2025-03-21 21:54:32,257] INFO: bac (12/2017): Updated existing record with 13 non-zero financial metrics
[2025-03-21 21:54:32,281] INFO: bac (3/2018): Updated existing record with 16 non-zero financial metrics
[2025-03-21 21:54:32,306] INFO: bac (6/2018): Updated existing record with 12 non-zero financial metrics
[2025-03-21 21:54:32,330] INFO: bac (9/2018): Updated existing record with 12 non-zero financial metrics
[2025-03-21 21:54:32,355] INFO: bac (12/2018): Updated existing record with 16 non-zero financial metrics
[2025-03-21 21:54:32,378] INFO: bac (3/2019): Updated existing record with 16 non-zero financial metrics
[2025-03-21 21:54:32,403] INFO: bac (6/2019): Updated existing record with 12 non-zero financial metrics
[2025-03-21 21:54:32,426] INFO: bac (9/2019): Updated existing record with 12 non-zero financial metrics
[2025-03-21 21:54:32,450] INFO: bac (12/2019): Updated existing record with 16 non-zero financial metrics
[2025-03-21 21:54:32,474] INFO: bac (3/2020): Updated existing record with 16 non-zero financial metrics
[2025-03-21 21:54:32,498] INFO: bac (6/2020): Updated existing record with 12 non-zero financial metrics
[2025-03-21 21:54:32,522] INFO: bac (9/2020): Updated existing record with 12 non-zero financial metrics
[2025-03-21 21:54:32,545] INFO: bac (12/2020): Updated existing record with 15 non-zero financial metrics
[2025-03-21 21:54:32,569] INFO: bac (3/2021): Updated existing record with 15 non-zero financial metrics
[2025-03-21 21:54:32,593] INFO: bac (6/2021): Updated existing record with 11 non-zero financial metrics
[2025-03-21 21:54:32,617] INFO: bac (9/2021): Updated existing record with 11 non-zero financial metrics
[2025-03-21 21:54:32,640] INFO: bac (12/2021): Updated existing record with 15 non-zero financial metrics
[2025-03-21 21:54:32,662] INFO: bac (3/2022): Updated existing record with 15 non-zero financial metrics
[2025-03-21 21:54:32,687] INFO: bac (6/2022): Updated existing record with 11 non-zero financial metrics
[2025-03-21 21:54:32,712] INFO: bac (9/2022): Updated existing record with 11 non-zero financial metrics
[2025-03-21 21:54:32,736] INFO: bac (12/2022): Updated existing record with 15 non-zero financial metrics
[2025-03-21 21:54:32,760] INFO: bac (3/2023): Updated existing record with 15 non-zero financial metrics
[2025-03-21 21:54:32,785] INFO: bac (6/2023): Updated existing record with 11 non-zero financial metrics
[2025-03-21 21:54:32,810] INFO: bac (9/2023): Updated existing record with 11 non-zero financial metrics
[2025-03-21 21:54:32,833] INFO: bac (12/2023): Updated existing record with 15 non-zero financial metrics
[2025-03-21 21:54:32,858] INFO: bac (3/2024): Updated existing record with 15 non-zero financial metrics
[2025-03-21 21:54:32,881] INFO: bac (6/2024): Updated existing record with 10 non-zero financial metrics
[2025-03-21 21:54:32,904] INFO: bac (9/2024): Updated existing record with 10 non-zero financial metrics
[2025-03-21 21:54:32,927] INFO: bac (12/2024): Updated existing record with 14 non-zero financial metrics
