[2025-03-22 10:16:56,807] INFO: Trying adjusted date: 2/2010 (original: 1/2010)
[2025-03-22 10:16:56,821] WARNING: bbwi (1/2010): Found zero values for fields: Share Repurchases
[2025-03-22 10:16:56,821] WARNING: bbwi (1/2010): No existing record found(1/2010, 2010-01-30) - creating new one
[2025-03-22 10:16:56,821] INFO: bbwi (1/2010): Created new record with 18 non-zero financial metrics
[2025-03-22 10:16:56,840] INFO: Trying adjusted date: 4/2010 (original: 5/2010)
[2025-03-22 10:16:56,855] WARNING: bbwi (5/2010): No existing record found(5/2010, 2010-05-01) - creating new one
[2025-03-22 10:16:56,855] INFO: bbwi (5/2010): Created new record with 19 non-zero financial metrics
[2025-03-22 10:16:56,871] INFO: Trying adjusted date: 8/2010 (original: 7/2010)
[2025-03-22 10:16:56,885] WARNING: bbwi (7/2010): No existing record found(7/2010, 2010-07-31) - creating new one
[2025-03-22 10:16:56,886] INFO: bbwi (7/2010): Created new record with 15 non-zero financial metrics
[2025-03-22 10:16:56,901] INFO: Trying adjusted date: 11/2010 (original: 10/2010)
[2025-03-22 10:16:56,915] WARNING: bbwi (10/2010): No existing record found(10/2010, 2010-10-30) - creating new one
[2025-03-22 10:16:56,915] INFO: bbwi (10/2010): Created new record with 15 non-zero financial metrics
[2025-03-22 10:16:56,931] INFO: Trying adjusted date: 2/2011 (original: 1/2011)
[2025-03-22 10:16:56,945] WARNING: bbwi (1/2011): No existing record found(1/2011, 2011-01-29) - creating new one
[2025-03-22 10:16:56,945] INFO: bbwi (1/2011): Created new record with 20 non-zero financial metrics
[2025-03-22 10:16:56,961] INFO: Trying adjusted date: 5/2011 (original: 4/2011)
[2025-03-22 10:16:56,975] WARNING: bbwi (4/2011): No existing record found(4/2011, 2011-04-30) - creating new one
[2025-03-22 10:16:56,976] INFO: bbwi (4/2011): Created new record with 20 non-zero financial metrics
[2025-03-22 10:16:56,992] INFO: Trying adjusted date: 8/2011 (original: 7/2011)
[2025-03-22 10:16:57,006] WARNING: bbwi (7/2011): No existing record found(7/2011, 2011-07-30) - creating new one
[2025-03-22 10:16:57,007] INFO: bbwi (7/2011): Created new record with 15 non-zero financial metrics
[2025-03-22 10:16:57,023] INFO: Trying adjusted date: 11/2011 (original: 10/2011)
[2025-03-22 10:16:57,038] WARNING: bbwi (10/2011): No existing record found(10/2011, 2011-10-29) - creating new one
[2025-03-22 10:16:57,038] INFO: bbwi (10/2011): Created new record with 15 non-zero financial metrics
[2025-03-22 10:16:57,053] INFO: Trying adjusted date: 2/2012 (original: 1/2012)
[2025-03-22 10:16:57,067] WARNING: bbwi (1/2012): No existing record found(1/2012, 2012-01-28) - creating new one
[2025-03-22 10:16:57,068] INFO: bbwi (1/2012): Created new record with 20 non-zero financial metrics
[2025-03-22 10:16:57,084] INFO: Trying adjusted date: 5/2012 (original: 4/2012)
[2025-03-22 10:16:57,097] WARNING: bbwi (4/2012): No existing record found(4/2012, 2012-04-28) - creating new one
[2025-03-22 10:16:57,098] INFO: bbwi (4/2012): Created new record with 20 non-zero financial metrics
[2025-03-22 10:16:57,114] INFO: Trying adjusted date: 8/2012 (original: 7/2012)
[2025-03-22 10:16:57,128] WARNING: bbwi (7/2012): No existing record found(7/2012, 2012-07-28) - creating new one
[2025-03-22 10:16:57,128] INFO: bbwi (7/2012): Created new record with 15 non-zero financial metrics
[2025-03-22 10:16:57,144] INFO: Trying adjusted date: 11/2012 (original: 10/2012)
[2025-03-22 10:16:57,158] WARNING: bbwi (10/2012): No existing record found(10/2012, 2012-10-27) - creating new one
[2025-03-22 10:16:57,159] INFO: bbwi (10/2012): Created new record with 15 non-zero financial metrics
[2025-03-22 10:16:57,175] INFO: Trying adjusted date: 1/2013 (original: 2/2013)
[2025-03-22 10:16:57,189] WARNING: bbwi (2/2013): No existing record found(2/2013, 2013-02-02) - creating new one
[2025-03-22 10:16:57,190] INFO: bbwi (2/2013): Created new record with 20 non-zero financial metrics
[2025-03-22 10:16:57,206] INFO: Trying adjusted date: 4/2013 (original: 5/2013)
[2025-03-22 10:16:57,220] WARNING: bbwi (5/2013): No existing record found(5/2013, 2013-05-04) - creating new one
[2025-03-22 10:16:57,221] INFO: bbwi (5/2013): Created new record with 20 non-zero financial metrics
[2025-03-22 10:16:57,236] INFO: Trying adjusted date: 7/2013 (original: 8/2013)
[2025-03-22 10:16:57,250] WARNING: bbwi (8/2013): No existing record found(8/2013, 2013-08-03) - creating new one
[2025-03-22 10:16:57,251] INFO: bbwi (8/2013): Created new record with 15 non-zero financial metrics
[2025-03-22 10:16:57,265] INFO: Trying adjusted date: 10/2013 (original: 11/2013)
[2025-03-22 10:16:57,279] WARNING: bbwi (11/2013): No existing record found(11/2013, 2013-11-02) - creating new one
[2025-03-22 10:16:57,279] INFO: bbwi (11/2013): Created new record with 15 non-zero financial metrics
[2025-03-22 10:16:57,294] INFO: Trying adjusted date: 1/2014 (original: 2/2014)
[2025-03-22 10:16:57,308] WARNING: bbwi (2/2014): No existing record found(2/2014, 2014-02-01) - creating new one
[2025-03-22 10:16:57,308] INFO: bbwi (2/2014): Created new record with 20 non-zero financial metrics
[2025-03-22 10:16:57,322] INFO: Trying adjusted date: 4/2014 (original: 5/2014)
[2025-03-22 10:16:57,337] WARNING: bbwi (5/2014): No existing record found(5/2014, 2014-05-03) - creating new one
[2025-03-22 10:16:57,338] INFO: bbwi (5/2014): Created new record with 20 non-zero financial metrics
[2025-03-22 10:16:57,353] INFO: Trying adjusted date: 7/2014 (original: 8/2014)
[2025-03-22 10:16:57,366] WARNING: bbwi (8/2014): No existing record found(8/2014, 2014-08-02) - creating new one
[2025-03-22 10:16:57,367] INFO: bbwi (8/2014): Created new record with 15 non-zero financial metrics
[2025-03-22 10:16:57,382] INFO: Trying adjusted date: 10/2014 (original: 11/2014)
[2025-03-22 10:16:57,396] WARNING: bbwi (11/2014): No existing record found(11/2014, 2014-11-01) - creating new one
[2025-03-22 10:16:57,396] INFO: bbwi (11/2014): Created new record with 15 non-zero financial metrics
[2025-03-22 10:16:57,411] INFO: Trying adjusted date: 2/2015 (original: 1/2015)
[2025-03-22 10:16:57,424] WARNING: bbwi (1/2015): No existing record found(1/2015, 2015-01-31) - creating new one
[2025-03-22 10:16:57,425] INFO: bbwi (1/2015): Created new record with 20 non-zero financial metrics
[2025-03-22 10:16:57,442] INFO: Trying adjusted date: 4/2015 (original: 5/2015)
[2025-03-22 10:16:57,456] WARNING: bbwi (5/2015): No existing record found(5/2015, 2015-05-02) - creating new one
[2025-03-22 10:16:57,456] INFO: bbwi (5/2015): Created new record with 20 non-zero financial metrics
[2025-03-22 10:16:57,472] INFO: Trying adjusted date: 7/2015 (original: 8/2015)
[2025-03-22 10:16:57,486] WARNING: bbwi (8/2015): No existing record found(8/2015, 2015-08-01) - creating new one
[2025-03-22 10:16:57,486] INFO: bbwi (8/2015): Created new record with 15 non-zero financial metrics
[2025-03-22 10:16:57,501] INFO: Trying adjusted date: 11/2015 (original: 10/2015)
[2025-03-22 10:16:57,518] WARNING: bbwi (10/2015): No existing record found(10/2015, 2015-10-31) - creating new one
[2025-03-22 10:16:57,519] INFO: bbwi (10/2015): Created new record with 15 non-zero financial metrics
[2025-03-22 10:16:57,534] INFO: Trying adjusted date: 2/2016 (original: 1/2016)
[2025-03-22 10:16:57,548] WARNING: bbwi (1/2016): No existing record found(1/2016, 2016-01-30) - creating new one
[2025-03-22 10:16:57,548] INFO: bbwi (1/2016): Created new record with 20 non-zero financial metrics
[2025-03-22 10:16:57,564] INFO: Trying adjusted date: 5/2016 (original: 4/2016)
[2025-03-22 10:16:57,578] WARNING: bbwi (4/2016): No existing record found(4/2016, 2016-04-30) - creating new one
[2025-03-22 10:16:57,578] INFO: bbwi (4/2016): Created new record with 20 non-zero financial metrics
[2025-03-22 10:16:57,594] INFO: Trying adjusted date: 8/2016 (original: 7/2016)
[2025-03-22 10:16:57,608] WARNING: bbwi (7/2016): No existing record found(7/2016, 2016-07-30) - creating new one
[2025-03-22 10:16:57,608] INFO: bbwi (7/2016): Created new record with 15 non-zero financial metrics
[2025-03-22 10:16:57,623] INFO: Trying adjusted date: 11/2016 (original: 10/2016)
[2025-03-22 10:16:57,637] WARNING: bbwi (10/2016): No existing record found(10/2016, 2016-10-29) - creating new one
[2025-03-22 10:16:57,638] INFO: bbwi (10/2016): Created new record with 14 non-zero financial metrics
[2025-03-22 10:16:57,653] INFO: Trying adjusted date: 2/2017 (original: 1/2017)
[2025-03-22 10:16:57,666] WARNING: bbwi (1/2017): No existing record found(1/2017, 2017-01-28) - creating new one
[2025-03-22 10:16:57,667] INFO: bbwi (1/2017): Created new record with 19 non-zero financial metrics
[2025-03-22 10:16:57,682] INFO: Trying adjusted date: 5/2017 (original: 4/2017)
[2025-03-22 10:16:57,696] WARNING: bbwi (4/2017): No existing record found(4/2017, 2017-04-29) - creating new one
[2025-03-22 10:16:57,697] INFO: bbwi (4/2017): Created new record with 19 non-zero financial metrics
[2025-03-22 10:16:57,712] INFO: Trying adjusted date: 8/2017 (original: 7/2017)
[2025-03-22 10:16:57,726] WARNING: bbwi (7/2017): No existing record found(7/2017, 2017-07-29) - creating new one
[2025-03-22 10:16:57,726] INFO: bbwi (7/2017): Created new record with 14 non-zero financial metrics
[2025-03-22 10:16:57,741] INFO: Trying adjusted date: 11/2017 (original: 10/2017)
[2025-03-22 10:16:57,755] WARNING: bbwi (10/2017): No existing record found(10/2017, 2017-10-28) - creating new one
[2025-03-22 10:16:57,755] INFO: bbwi (10/2017): Created new record with 14 non-zero financial metrics
[2025-03-22 10:16:57,770] INFO: Trying adjusted date: 1/2018 (original: 2/2018)
[2025-03-22 10:16:57,785] WARNING: bbwi (2/2018): No existing record found(2/2018, 2018-02-03) - creating new one
[2025-03-22 10:16:57,785] INFO: bbwi (2/2018): Created new record with 19 non-zero financial metrics
[2025-03-22 10:16:57,801] INFO: Trying adjusted date: 4/2018 (original: 5/2018)
[2025-03-22 10:16:57,815] WARNING: bbwi (5/2018): No existing record found(5/2018, 2018-05-05) - creating new one
[2025-03-22 10:16:57,816] INFO: bbwi (5/2018): Created new record with 19 non-zero financial metrics
[2025-03-22 10:16:57,831] INFO: Trying adjusted date: 7/2018 (original: 8/2018)
[2025-03-22 10:16:57,845] WARNING: bbwi (8/2018): No existing record found(8/2018, 2018-08-04) - creating new one
[2025-03-22 10:16:57,845] INFO: bbwi (8/2018): Created new record with 15 non-zero financial metrics
[2025-03-22 10:16:57,860] INFO: Trying adjusted date: 10/2018 (original: 11/2018)
[2025-03-22 10:16:57,873] WARNING: bbwi (11/2018): No existing record found(11/2018, 2018-11-03) - creating new one
[2025-03-22 10:16:57,874] INFO: bbwi (11/2018): Created new record with 15 non-zero financial metrics
[2025-03-22 10:16:57,889] INFO: Trying adjusted date: 1/2019 (original: 2/2019)
[2025-03-22 10:16:57,902] WARNING: bbwi (2/2019): No existing record found(2/2019, 2019-02-02) - creating new one
[2025-03-22 10:16:57,903] INFO: bbwi (2/2019): Created new record with 20 non-zero financial metrics
[2025-03-22 10:16:57,918] INFO: Trying adjusted date: 4/2019 (original: 5/2019)
[2025-03-22 10:16:57,932] WARNING: bbwi (5/2019): Found zero values for fields: Share Repurchases
[2025-03-22 10:16:57,932] WARNING: bbwi (5/2019): No existing record found(5/2019, 2019-05-04) - creating new one
[2025-03-22 10:16:57,933] INFO: bbwi (5/2019): Created new record with 19 non-zero financial metrics
[2025-03-22 10:16:57,948] INFO: Trying adjusted date: 7/2019 (original: 8/2019)
[2025-03-22 10:16:57,962] WARNING: bbwi (8/2019): No existing record found(8/2019, 2019-08-03) - creating new one
[2025-03-22 10:16:57,962] INFO: bbwi (8/2019): Created new record with 15 non-zero financial metrics
[2025-03-22 10:16:57,978] INFO: Trying adjusted date: 10/2019 (original: 11/2019)
[2025-03-22 10:16:57,991] WARNING: bbwi (11/2019): No existing record found(11/2019, 2019-11-02) - creating new one
[2025-03-22 10:16:57,992] INFO: bbwi (11/2019): Created new record with 15 non-zero financial metrics
[2025-03-22 10:16:58,009] INFO: Trying adjusted date: 1/2020 (original: 2/2020)
[2025-03-22 10:16:58,022] WARNING: bbwi (2/2020): Found zero values for fields: Share Repurchases
[2025-03-22 10:16:58,022] WARNING: bbwi (2/2020): No existing record found(2/2020, 2020-02-01) - creating new one
[2025-03-22 10:16:58,023] INFO: bbwi (2/2020): Created new record with 19 non-zero financial metrics
[2025-03-22 10:16:58,040] INFO: Trying adjusted date: 4/2020 (original: 5/2020)
[2025-03-22 10:16:58,053] WARNING: bbwi (5/2020): No existing record found(5/2020, 2020-05-02) - creating new one
[2025-03-22 10:16:58,054] INFO: bbwi (5/2020): Created new record with 19 non-zero financial metrics
[2025-03-22 10:16:58,069] INFO: Trying adjusted date: 7/2020 (original: 8/2020)
[2025-03-22 10:16:58,083] WARNING: bbwi (8/2020): No existing record found(8/2020, 2020-08-01) - creating new one
[2025-03-22 10:16:58,084] INFO: bbwi (8/2020): Created new record with 15 non-zero financial metrics
[2025-03-22 10:16:58,100] INFO: Trying adjusted date: 11/2020 (original: 10/2020)
[2025-03-22 10:16:58,113] WARNING: bbwi (10/2020): No existing record found(10/2020, 2020-10-31) - creating new one
[2025-03-22 10:16:58,113] INFO: bbwi (10/2020): Created new record with 15 non-zero financial metrics
[2025-03-22 10:16:58,129] INFO: Trying adjusted date: 2/2021 (original: 1/2021)
[2025-03-22 10:16:58,142] WARNING: bbwi (1/2021): Found zero values for fields: Share Repurchases
[2025-03-22 10:16:58,143] WARNING: bbwi (1/2021): No existing record found(1/2021, 2021-01-30) - creating new one
[2025-03-22 10:16:58,143] INFO: bbwi (1/2021): Created new record with 19 non-zero financial metrics
[2025-03-22 10:16:58,158] INFO: Trying adjusted date: 4/2021 (original: 5/2021)
[2025-03-22 10:16:58,172] WARNING: bbwi (5/2021): No existing record found(5/2021, 2021-05-01) - creating new one
[2025-03-22 10:16:58,172] INFO: bbwi (5/2021): Created new record with 20 non-zero financial metrics
[2025-03-22 10:16:58,201] INFO: bbwi (7/2021): Updated existing record with 15 non-zero financial metrics
[2025-03-22 10:16:58,234] INFO: bbwi (10/2021): Updated existing record with 16 non-zero financial metrics
[2025-03-22 10:16:58,269] INFO: bbwi (1/2022): Updated existing record with 20 non-zero financial metrics
[2025-03-22 10:16:58,298] INFO: bbwi (4/2022): Updated existing record with 21 non-zero financial metrics
[2025-03-22 10:16:58,328] INFO: bbwi (7/2022): Updated existing record with 16 non-zero financial metrics
[2025-03-22 10:16:58,357] INFO: bbwi (10/2022): Updated existing record with 16 non-zero financial metrics
[2025-03-22 10:16:58,388] INFO: bbwi (1/2023): Updated existing record with 20 non-zero financial metrics
[2025-03-22 10:16:58,404] WARNING: bbwi (4/2023): Found zero values for fields: Share Repurchases
[2025-03-22 10:16:58,418] INFO: bbwi (4/2023): Updated existing record with 20 non-zero financial metrics
[2025-03-22 10:16:58,448] INFO: bbwi (7/2023): Updated existing record with 16 non-zero financial metrics
[2025-03-22 10:16:58,477] INFO: bbwi (10/2023): Updated existing record with 16 non-zero financial metrics
[2025-03-22 10:16:58,492] INFO: Trying adjusted date: 1/2024 (original: 2/2024)
[2025-03-22 10:16:58,506] INFO: Found existing row with adjusted date: 1/2024
[2025-03-22 10:16:58,520] INFO: bbwi (1/2024): Updated existing record with 20 non-zero financial metrics
[2025-03-22 10:16:58,535] INFO: Trying adjusted date: 4/2024 (original: 5/2024)
[2025-03-22 10:16:58,549] INFO: Found existing row with adjusted date: 4/2024
[2025-03-22 10:16:58,562] INFO: bbwi (4/2024): Updated existing record with 21 non-zero financial metrics
[2025-03-22 10:16:58,578] INFO: Trying adjusted date: 7/2024 (original: 8/2024)
[2025-03-22 10:16:58,591] INFO: Found existing row with adjusted date: 7/2024
[2025-03-22 10:16:58,604] INFO: bbwi (7/2024): Updated existing record with 16 non-zero financial metrics
[2025-03-22 10:16:58,620] INFO: Trying adjusted date: 10/2024 (original: 11/2024)
[2025-03-22 10:16:58,634] INFO: Found existing row with adjusted date: 10/2024
[2025-03-22 10:16:58,647] INFO: bbwi (10/2024): Updated existing record with 16 non-zero financial metrics
[2025-03-22 10:16:58,662] INFO: Trying adjusted date: 1/2025 (original: 2/2025)
[2025-03-22 10:16:58,675] WARNING: bbwi (2/2025): No existing record found(2/2025, 2025-02-01) - creating new one
[2025-03-22 10:16:58,675] INFO: bbwi (2/2025): Created new record with 20 non-zero financial metrics
