[2025-03-22 14:55:47,399] INFO: Trying adjusted date: 3/2011 (original: 4/2011)
[2025-03-22 14:55:47,412] WARNING: bc (4/2011): No existing record found(4/2011, 2011-04-02) - creating new one
[2025-03-22 14:55:47,413] INFO: bc (4/2011): Created new record with 17 non-zero financial metrics
[2025-03-22 14:55:47,431] INFO: Trying adjusted date: 6/2011 (original: 7/2011)
[2025-03-22 14:55:47,444] WARNING: bc (7/2011): No existing record found(7/2011, 2011-07-02) - creating new one
[2025-03-22 14:55:47,445] INFO: bc (7/2011): Created new record with 14 non-zero financial metrics
[2025-03-22 14:55:47,462] INFO: Trying adjusted date: 9/2011 (original: 10/2011)
[2025-03-22 14:55:47,476] WARNING: bc (10/2011): No existing record found(10/2011, 2011-10-01) - creating new one
[2025-03-22 14:55:47,476] INFO: bc (10/2011): Created new record with 14 non-zero financial metrics
[2025-03-22 14:55:47,493] INFO: Trying adjusted date: 1/2012 (original: 12/2011)
[2025-03-22 14:55:47,507] WARNING: bc (12/2011): No existing record found(12/2011, 2011-12-31) - creating new one
[2025-03-22 14:55:47,508] INFO: bc (12/2011): Created new record with 19 non-zero financial metrics
[2025-03-22 14:55:47,524] INFO: Trying adjusted date: 4/2012 (original: 3/2012)
[2025-03-22 14:55:47,537] WARNING: bc (3/2012): No existing record found(3/2012, 2012-03-31) - creating new one
[2025-03-22 14:55:47,538] INFO: bc (3/2012): Created new record with 18 non-zero financial metrics
[2025-03-22 14:55:47,554] INFO: Trying adjusted date: 7/2012 (original: 6/2012)
[2025-03-22 14:55:47,569] WARNING: bc (6/2012): No existing record found(6/2012, 2012-06-30) - creating new one
[2025-03-22 14:55:47,569] INFO: bc (6/2012): Created new record with 14 non-zero financial metrics
[2025-03-22 14:55:47,599] INFO: bc (9/2012): Updated existing record with 14 non-zero financial metrics
[2025-03-22 14:55:47,628] INFO: bc (12/2012): Updated existing record with 19 non-zero financial metrics
[2025-03-22 14:55:47,658] INFO: bc (3/2013): Updated existing record with 18 non-zero financial metrics
[2025-03-22 14:55:47,688] INFO: bc (6/2013): Updated existing record with 14 non-zero financial metrics
[2025-03-22 14:55:47,717] INFO: bc (9/2013): Updated existing record with 14 non-zero financial metrics
[2025-03-22 14:55:47,747] INFO: bc (12/2013): Updated existing record with 19 non-zero financial metrics
[2025-03-22 14:55:47,776] INFO: bc (3/2014): Updated existing record with 18 non-zero financial metrics
[2025-03-22 14:55:47,806] INFO: bc (6/2014): Updated existing record with 14 non-zero financial metrics
[2025-03-22 14:55:47,836] INFO: bc (9/2014): Updated existing record with 14 non-zero financial metrics
[2025-03-22 14:55:47,866] INFO: bc (12/2014): Updated existing record with 20 non-zero financial metrics
[2025-03-22 14:55:47,883] INFO: Trying adjusted date: 3/2015 (original: 4/2015)
[2025-03-22 14:55:47,897] INFO: Found existing row with adjusted date: 3/2015
[2025-03-22 14:55:47,911] INFO: bc (3/2015): Updated existing record with 19 non-zero financial metrics
[2025-03-22 14:55:47,927] INFO: Trying adjusted date: 6/2015 (original: 7/2015)
[2025-03-22 14:55:47,941] INFO: Found existing row with adjusted date: 6/2015
[2025-03-22 14:55:47,956] INFO: bc (6/2015): Updated existing record with 14 non-zero financial metrics
[2025-03-22 14:55:47,972] INFO: Trying adjusted date: 9/2015 (original: 10/2015)
[2025-03-22 14:55:47,986] INFO: Found existing row with adjusted date: 9/2015
[2025-03-22 14:55:48,001] INFO: bc (9/2015): Updated existing record with 14 non-zero financial metrics
[2025-03-22 14:55:48,034] INFO: bc (12/2015): Updated existing record with 20 non-zero financial metrics
[2025-03-22 14:55:48,050] INFO: Trying adjusted date: 3/2016 (original: 4/2016)
[2025-03-22 14:55:48,065] INFO: Found existing row with adjusted date: 3/2016
[2025-03-22 14:55:48,079] INFO: bc (3/2016): Updated existing record with 19 non-zero financial metrics
[2025-03-22 14:55:48,097] INFO: Trying adjusted date: 6/2016 (original: 7/2016)
[2025-03-22 14:55:48,111] INFO: Found existing row with adjusted date: 6/2016
[2025-03-22 14:55:48,125] INFO: bc (6/2016): Updated existing record with 14 non-zero financial metrics
[2025-03-22 14:55:48,140] INFO: Trying adjusted date: 9/2016 (original: 10/2016)
[2025-03-22 14:55:48,154] INFO: Found existing row with adjusted date: 9/2016
[2025-03-22 14:55:48,168] INFO: bc (9/2016): Updated existing record with 14 non-zero financial metrics
[2025-03-22 14:55:48,197] INFO: bc (12/2016): Updated existing record with 20 non-zero financial metrics
[2025-03-22 14:55:48,213] INFO: Trying adjusted date: 3/2017 (original: 4/2017)
[2025-03-22 14:55:48,226] INFO: Found existing row with adjusted date: 3/2017
[2025-03-22 14:55:48,240] INFO: bc (3/2017): Updated existing record with 18 non-zero financial metrics
[2025-03-22 14:55:48,256] INFO: Trying adjusted date: 6/2017 (original: 7/2017)
[2025-03-22 14:55:48,269] INFO: Found existing row with adjusted date: 6/2017
[2025-03-22 14:55:48,283] INFO: bc (6/2017): Updated existing record with 13 non-zero financial metrics
[2025-03-22 14:55:48,313] INFO: bc (9/2017): Updated existing record with 13 non-zero financial metrics
[2025-03-22 14:55:48,329] INFO: Trying adjusted date: 1/2018 (original: 12/2017)
[2025-03-22 14:55:48,342] WARNING: bc (12/2017): No existing record found(12/2017, 2017-12-31) - creating new one
[2025-03-22 14:55:48,343] INFO: bc (12/2017): Created new record with 21 non-zero financial metrics
[2025-03-22 14:55:48,373] INFO: bc (3/2018): Updated existing record with 19 non-zero financial metrics
[2025-03-22 14:55:48,403] INFO: bc (6/2018): Updated existing record with 14 non-zero financial metrics
[2025-03-22 14:55:48,433] INFO: bc (9/2018): Updated existing record with 15 non-zero financial metrics
[2025-03-22 14:55:48,462] INFO: bc (12/2018): Updated existing record with 21 non-zero financial metrics
[2025-03-22 14:55:48,479] WARNING: bc (3/2019): Found zero values for fields: Share Repurchases
[2025-03-22 14:55:48,493] INFO: bc (3/2019): Updated existing record with 19 non-zero financial metrics
[2025-03-22 14:55:48,523] INFO: bc (6/2019): Updated existing record with 15 non-zero financial metrics
[2025-03-22 14:55:48,554] INFO: bc (9/2019): Updated existing record with 15 non-zero financial metrics
[2025-03-22 14:55:48,587] INFO: bc (12/2019): Updated existing record with 21 non-zero financial metrics
[2025-03-22 14:55:48,618] INFO: bc (3/2020): Updated existing record with 20 non-zero financial metrics
[2025-03-22 14:55:48,648] INFO: bc (6/2020): Updated existing record with 15 non-zero financial metrics
[2025-03-22 14:55:48,678] INFO: bc (9/2020): Updated existing record with 15 non-zero financial metrics
[2025-03-22 14:55:48,708] INFO: bc (12/2020): Updated existing record with 21 non-zero financial metrics
[2025-03-22 14:55:48,724] INFO: Trying adjusted date: 3/2021 (original: 4/2021)
[2025-03-22 14:55:48,739] INFO: Found existing row with adjusted date: 3/2021
[2025-03-22 14:55:48,752] INFO: bc (3/2021): Updated existing record with 19 non-zero financial metrics
[2025-03-22 14:55:48,768] INFO: Trying adjusted date: 6/2021 (original: 7/2021)
[2025-03-22 14:55:48,781] INFO: Found existing row with adjusted date: 6/2021
[2025-03-22 14:55:48,795] INFO: bc (6/2021): Updated existing record with 14 non-zero financial metrics
[2025-03-22 14:55:47,413] INFO: Trying adjusted date: 9/2021 (original: 10/2021)
[2025-03-22 14:55:47,426] INFO: Found existing row with adjusted date: 9/2021
[2025-03-22 14:55:47,440] INFO: bc (9/2021): Updated existing record with 14 non-zero financial metrics
[2025-03-22 14:55:47,469] INFO: bc (12/2021): Updated existing record with 20 non-zero financial metrics
[2025-03-22 14:55:47,485] INFO: Trying adjusted date: 3/2022 (original: 4/2022)
[2025-03-22 14:55:47,499] INFO: Found existing row with adjusted date: 3/2022
[2025-03-22 14:55:47,512] INFO: bc (3/2022): Updated existing record with 19 non-zero financial metrics
[2025-03-22 14:55:47,529] INFO: Trying adjusted date: 6/2022 (original: 7/2022)
[2025-03-22 14:55:47,543] INFO: Found existing row with adjusted date: 6/2022
[2025-03-22 14:55:47,557] INFO: bc (6/2022): Updated existing record with 14 non-zero financial metrics
[2025-03-22 14:55:47,572] INFO: Trying adjusted date: 9/2022 (original: 10/2022)
[2025-03-22 14:55:47,586] INFO: Found existing row with adjusted date: 9/2022
[2025-03-22 14:55:47,599] INFO: bc (9/2022): Updated existing record with 14 non-zero financial metrics
[2025-03-22 14:55:47,628] INFO: bc (12/2022): Updated existing record with 20 non-zero financial metrics
[2025-03-22 14:55:47,644] INFO: Trying adjusted date: 3/2023 (original: 4/2023)
[2025-03-22 14:55:47,658] INFO: Found existing row with adjusted date: 3/2023
[2025-03-22 14:55:47,671] INFO: bc (3/2023): Updated existing record with 19 non-zero financial metrics
[2025-03-22 14:55:47,687] INFO: Trying adjusted date: 6/2023 (original: 7/2023)
[2025-03-22 14:55:47,700] INFO: Found existing row with adjusted date: 6/2023
[2025-03-22 14:55:47,715] INFO: bc (6/2023): Updated existing record with 14 non-zero financial metrics
[2025-03-22 14:55:47,745] INFO: bc (9/2023): Updated existing record with 14 non-zero financial metrics
[2025-03-22 14:55:47,774] INFO: bc (12/2023): Updated existing record with 20 non-zero financial metrics
[2025-03-22 14:55:47,805] INFO: bc (3/2024): Updated existing record with 19 non-zero financial metrics
[2025-03-22 14:55:47,834] INFO: bc (6/2024): Updated existing record with 14 non-zero financial metrics
[2025-03-22 14:55:47,864] INFO: bc (9/2024): Updated existing record with 14 non-zero financial metrics
[2025-03-22 14:55:47,894] INFO: bc (12/2024): Updated existing record with 20 non-zero financial metrics
