[2025-03-22 00:01:06,784] INFO: Trying adjusted date: 4/2010 (original: 3/2010)
[2025-03-22 00:01:06,796] WARNING: bdx (3/2010): No existing record found(3/2010, 2010-03-31) - creating new one
[2025-03-22 00:01:06,797] INFO: bdx (3/2010): Created new record with 12 non-zero financial metrics
[2025-03-22 00:01:06,812] INFO: Trying adjusted date: 7/2010 (original: 6/2010)
[2025-03-22 00:01:06,823] WARNING: bdx (6/2010): No existing record found(6/2010, 2010-06-30) - creating new one
[2025-03-22 00:01:06,824] INFO: bdx (6/2010): Created new record with 12 non-zero financial metrics
[2025-03-22 00:01:06,837] INFO: Trying adjusted date: 10/2010 (original: 9/2010)
[2025-03-22 00:01:06,849] WARNING: bdx (9/2010): No existing record found(9/2010, 2010-09-30) - creating new one
[2025-03-22 00:01:06,850] INFO: bdx (9/2010): Created new record with 14 non-zero financial metrics
[2025-03-22 00:01:06,862] INFO: Trying adjusted date: 1/2011 (original: 12/2010)
[2025-03-22 00:01:06,875] WARNING: bdx (12/2010): No existing record found(12/2010, 2010-12-31) - creating new one
[2025-03-22 00:01:06,876] INFO: bdx (12/2010): Created new record with 14 non-zero financial metrics
[2025-03-22 00:01:06,889] INFO: Trying adjusted date: 4/2011 (original: 3/2011)
[2025-03-22 00:01:06,901] WARNING: bdx (3/2011): No existing record found(3/2011, 2011-03-31) - creating new one
[2025-03-22 00:01:06,902] INFO: bdx (3/2011): Created new record with 12 non-zero financial metrics
[2025-03-22 00:01:06,915] INFO: Trying adjusted date: 7/2011 (original: 6/2011)
[2025-03-22 00:01:06,927] WARNING: bdx (6/2011): No existing record found(6/2011, 2011-06-30) - creating new one
[2025-03-22 00:01:06,927] INFO: bdx (6/2011): Created new record with 12 non-zero financial metrics
[2025-03-22 00:01:06,940] INFO: Trying adjusted date: 10/2011 (original: 9/2011)
[2025-03-22 00:01:06,952] WARNING: bdx (9/2011): No existing record found(9/2011, 2011-09-30) - creating new one
[2025-03-22 00:01:06,953] INFO: bdx (9/2011): Created new record with 15 non-zero financial metrics
[2025-03-22 00:01:06,966] INFO: Trying adjusted date: 1/2012 (original: 12/2011)
[2025-03-22 00:01:06,979] WARNING: bdx (12/2011): No existing record found(12/2011, 2011-12-31) - creating new one
[2025-03-22 00:01:06,979] INFO: bdx (12/2011): Created new record with 15 non-zero financial metrics
[2025-03-22 00:01:06,992] INFO: Trying adjusted date: 4/2012 (original: 3/2012)
[2025-03-22 00:01:07,004] WARNING: bdx (3/2012): No existing record found(3/2012, 2012-03-31) - creating new one
[2025-03-22 00:01:07,004] INFO: bdx (3/2012): Created new record with 13 non-zero financial metrics
[2025-03-22 00:01:07,018] INFO: Trying adjusted date: 7/2012 (original: 6/2012)
[2025-03-22 00:01:07,030] WARNING: bdx (6/2012): No existing record found(6/2012, 2012-06-30) - creating new one
[2025-03-22 00:01:07,030] INFO: bdx (6/2012): Created new record with 13 non-zero financial metrics
[2025-03-22 00:01:07,055] INFO: bdx (9/2012): Updated existing record with 15 non-zero financial metrics
[2025-03-22 00:01:07,082] INFO: bdx (12/2012): Updated existing record with 15 non-zero financial metrics
[2025-03-22 00:01:07,106] INFO: bdx (3/2013): Updated existing record with 13 non-zero financial metrics
[2025-03-22 00:01:07,132] INFO: bdx (6/2013): Updated existing record with 13 non-zero financial metrics
[2025-03-22 00:01:07,156] INFO: bdx (9/2013): Updated existing record with 15 non-zero financial metrics
[2025-03-22 00:01:07,181] INFO: bdx (12/2013): Updated existing record with 15 non-zero financial metrics
[2025-03-22 00:01:07,206] INFO: bdx (3/2014): Updated existing record with 13 non-zero financial metrics
[2025-03-22 00:01:07,231] INFO: bdx (6/2014): Updated existing record with 13 non-zero financial metrics
[2025-03-22 00:01:07,256] INFO: bdx (9/2014): Updated existing record with 15 non-zero financial metrics
[2025-03-22 00:01:07,280] INFO: bdx (12/2014): Updated existing record with 14 non-zero financial metrics
[2025-03-22 00:01:07,305] INFO: bdx (3/2015): Updated existing record with 13 non-zero financial metrics
[2025-03-22 00:01:07,330] INFO: bdx (6/2015): Updated existing record with 13 non-zero financial metrics
[2025-03-22 00:01:07,344] WARNING: bdx (9/2015): Found zero values for fields: Share Repurchases
[2025-03-22 00:01:07,356] INFO: bdx (9/2015): Updated existing record with 15 non-zero financial metrics
[2025-03-22 00:01:07,380] INFO: bdx (12/2015): Updated existing record with 14 non-zero financial metrics
[2025-03-22 00:01:07,404] INFO: bdx (3/2016): Updated existing record with 13 non-zero financial metrics
[2025-03-22 00:01:07,429] INFO: bdx (6/2016): Updated existing record with 14 non-zero financial metrics
[2025-03-22 00:01:07,442] WARNING: bdx (9/2016): Found zero values for fields: Share Repurchases
[2025-03-22 00:01:07,455] INFO: bdx (9/2016): Updated existing record with 19 non-zero financial metrics
[2025-03-22 00:01:07,480] INFO: bdx (12/2016): Updated existing record with 19 non-zero financial metrics
[2025-03-22 00:01:07,504] INFO: bdx (3/2017): Updated existing record with 14 non-zero financial metrics
[2025-03-22 00:01:07,529] INFO: bdx (6/2017): Updated existing record with 14 non-zero financial metrics
[2025-03-22 00:01:07,554] INFO: bdx (9/2017): Updated existing record with 20 non-zero financial metrics
[2025-03-22 00:01:07,567] WARNING: bdx (12/2017): Found zero values for fields: Share Repurchases
[2025-03-22 00:01:07,579] INFO: bdx (12/2017): Updated existing record with 18 non-zero financial metrics
[2025-03-22 00:01:07,604] INFO: bdx (3/2018): Updated existing record with 14 non-zero financial metrics
[2025-03-22 00:01:07,631] INFO: bdx (6/2018): Updated existing record with 14 non-zero financial metrics
[2025-03-22 00:01:07,644] WARNING: bdx (9/2018): Found zero values for fields: Share Repurchases
[2025-03-22 00:01:07,656] INFO: bdx (9/2018): Updated existing record with 19 non-zero financial metrics
[2025-03-22 00:01:07,681] INFO: bdx (12/2018): Updated existing record with 18 non-zero financial metrics
[2025-03-22 00:01:07,705] INFO: bdx (3/2019): Updated existing record with 14 non-zero financial metrics
[2025-03-22 00:01:07,734] INFO: bdx (6/2019): Updated existing record with 14 non-zero financial metrics
[2025-03-22 00:01:07,747] WARNING: bdx (9/2019): Found zero values for fields: Share Repurchases
[2025-03-22 00:01:07,759] INFO: bdx (9/2019): Updated existing record with 19 non-zero financial metrics
[2025-03-22 00:01:07,786] INFO: bdx (12/2019): Updated existing record with 18 non-zero financial metrics
[2025-03-22 00:01:07,810] INFO: bdx (3/2020): Updated existing record with 14 non-zero financial metrics
[2025-03-22 00:01:07,835] INFO: bdx (6/2020): Updated existing record with 14 non-zero financial metrics
[2025-03-22 00:01:07,862] INFO: bdx (9/2020): Updated existing record with 19 non-zero financial metrics
[2025-03-22 00:01:07,887] INFO: bdx (12/2020): Updated existing record with 18 non-zero financial metrics
[2025-03-22 00:01:07,913] INFO: bdx (3/2021): Updated existing record with 14 non-zero financial metrics
[2025-03-22 00:01:07,937] INFO: bdx (6/2021): Updated existing record with 14 non-zero financial metrics
[2025-03-22 00:01:07,961] INFO: bdx (9/2021): Updated existing record with 19 non-zero financial metrics
[2025-03-22 00:01:07,986] INFO: bdx (12/2021): Updated existing record with 18 non-zero financial metrics
[2025-03-22 00:01:08,011] INFO: bdx (3/2022): Updated existing record with 14 non-zero financial metrics
[2025-03-22 00:01:08,036] INFO: bdx (6/2022): Updated existing record with 14 non-zero financial metrics
[2025-03-22 00:01:08,061] INFO: bdx (9/2022): Updated existing record with 16 non-zero financial metrics
[2025-03-22 00:01:08,086] INFO: bdx (12/2022): Updated existing record with 16 non-zero financial metrics
[2025-03-22 00:01:08,111] INFO: bdx (3/2023): Updated existing record with 14 non-zero financial metrics
[2025-03-22 00:01:08,135] INFO: bdx (6/2023): Updated existing record with 14 non-zero financial metrics
[2025-03-22 00:01:08,148] WARNING: bdx (9/2023): Found zero values for fields: Share Repurchases
[2025-03-22 00:01:08,161] INFO: bdx (9/2023): Updated existing record with 16 non-zero financial metrics
[2025-03-22 00:01:08,186] INFO: bdx (12/2023): Updated existing record with 19 non-zero financial metrics
[2025-03-22 00:01:08,213] INFO: bdx (3/2024): Updated existing record with 15 non-zero financial metrics
[2025-03-22 00:01:08,238] INFO: bdx (6/2024): Updated existing record with 14 non-zero financial metrics
[2025-03-22 00:01:08,263] INFO: bdx (9/2024): Updated existing record with 17 non-zero financial metrics
[2025-03-22 00:01:08,276] INFO: Trying adjusted date: 1/2025 (original: 12/2024)
[2025-03-22 00:01:08,288] WARNING: bdx (12/2024): No existing record found(12/2024, 2024-12-31) - creating new one
[2025-03-22 00:01:08,289] INFO: bdx (12/2024): Created new record with 18 non-zero financial metrics
