[2025-03-22 03:30:53,664] INFO: Trying adjusted date: 4/2010 (original: 3/2010)
[2025-03-22 03:30:53,676] WARNING: biib (3/2010): No existing record found(3/2010, 2010-03-31) - creating new one
[2025-03-22 03:30:53,676] INFO: biib (3/2010): Created new record with 19 non-zero financial metrics
[2025-03-22 03:30:53,691] INFO: Trying adjusted date: 7/2010 (original: 6/2010)
[2025-03-22 03:30:53,703] WARNING: biib (6/2010): No existing record found(6/2010, 2010-06-30) - creating new one
[2025-03-22 03:30:53,704] INFO: biib (6/2010): Created new record with 15 non-zero financial metrics
[2025-03-22 03:30:53,718] INFO: Trying adjusted date: 10/2010 (original: 9/2010)
[2025-03-22 03:30:53,731] WARNING: biib (9/2010): No existing record found(9/2010, 2010-09-30) - creating new one
[2025-03-22 03:30:53,731] INFO: biib (9/2010): Created new record with 14 non-zero financial metrics
[2025-03-22 03:30:53,746] INFO: Trying adjusted date: 1/2011 (original: 12/2010)
[2025-03-22 03:30:53,759] WARNING: biib (12/2010): No existing record found(12/2010, 2010-12-31) - creating new one
[2025-03-22 03:30:53,759] INFO: biib (12/2010): Created new record with 21 non-zero financial metrics
[2025-03-22 03:30:53,773] INFO: Trying adjusted date: 4/2011 (original: 3/2011)
[2025-03-22 03:30:53,785] WARNING: biib (3/2011): No existing record found(3/2011, 2011-03-31) - creating new one
[2025-03-22 03:30:53,786] INFO: biib (3/2011): Created new record with 19 non-zero financial metrics
[2025-03-22 03:30:53,799] INFO: Trying adjusted date: 7/2011 (original: 6/2011)
[2025-03-22 03:30:53,811] WARNING: biib (6/2011): No existing record found(6/2011, 2011-06-30) - creating new one
[2025-03-22 03:30:53,811] INFO: biib (6/2011): Created new record with 15 non-zero financial metrics
[2025-03-22 03:30:53,825] INFO: Trying adjusted date: 10/2011 (original: 9/2011)
[2025-03-22 03:30:53,838] WARNING: biib (9/2011): No existing record found(9/2011, 2011-09-30) - creating new one
[2025-03-22 03:30:53,838] INFO: biib (9/2011): Created new record with 15 non-zero financial metrics
[2025-03-22 03:30:53,852] INFO: Trying adjusted date: 1/2012 (original: 12/2011)
[2025-03-22 03:30:53,865] WARNING: biib (12/2011): No existing record found(12/2011, 2011-12-31) - creating new one
[2025-03-22 03:30:53,865] INFO: biib (12/2011): Created new record with 22 non-zero financial metrics
[2025-03-22 03:30:53,879] INFO: Trying adjusted date: 4/2012 (original: 3/2012)
[2025-03-22 03:30:53,892] WARNING: biib (3/2012): No existing record found(3/2012, 2012-03-31) - creating new one
[2025-03-22 03:30:53,892] INFO: biib (3/2012): Created new record with 20 non-zero financial metrics
[2025-03-22 03:30:53,906] INFO: Trying adjusted date: 7/2012 (original: 6/2012)
[2025-03-22 03:30:53,918] WARNING: biib (6/2012): No existing record found(6/2012, 2012-06-30) - creating new one
[2025-03-22 03:30:53,918] INFO: biib (6/2012): Created new record with 15 non-zero financial metrics
[2025-03-22 03:30:53,944] INFO: biib (9/2012): Updated existing record with 15 non-zero financial metrics
[2025-03-22 03:30:53,971] INFO: biib (12/2012): Updated existing record with 22 non-zero financial metrics
[2025-03-22 03:30:53,997] INFO: biib (3/2013): Updated existing record with 20 non-zero financial metrics
[2025-03-22 03:30:54,024] INFO: biib (6/2013): Updated existing record with 15 non-zero financial metrics
[2025-03-22 03:30:54,051] INFO: biib (9/2013): Updated existing record with 16 non-zero financial metrics
[2025-03-22 03:30:54,077] INFO: biib (12/2013): Updated existing record with 21 non-zero financial metrics
[2025-03-22 03:30:54,091] WARNING: biib (3/2014): Found zero values for fields: Share Repurchases
[2025-03-22 03:30:54,104] INFO: biib (3/2014): Updated existing record with 19 non-zero financial metrics
[2025-03-22 03:30:54,130] INFO: biib (6/2014): Updated existing record with 15 non-zero financial metrics
[2025-03-22 03:30:54,156] INFO: biib (9/2014): Updated existing record with 15 non-zero financial metrics
[2025-03-22 03:30:54,184] INFO: biib (12/2014): Updated existing record with 21 non-zero financial metrics
[2025-03-22 03:30:54,211] INFO: biib (3/2015): Updated existing record with 19 non-zero financial metrics
[2025-03-22 03:30:52,837] INFO: biib (6/2015): Updated existing record with 15 non-zero financial metrics
[2025-03-22 03:30:52,864] INFO: biib (9/2015): Updated existing record with 15 non-zero financial metrics
[2025-03-22 03:30:52,889] INFO: biib (12/2015): Updated existing record with 21 non-zero financial metrics
[2025-03-22 03:30:52,916] INFO: biib (3/2016): Updated existing record with 19 non-zero financial metrics
[2025-03-22 03:30:52,945] INFO: biib (6/2016): Updated existing record with 15 non-zero financial metrics
[2025-03-22 03:30:52,971] INFO: biib (9/2016): Updated existing record with 15 non-zero financial metrics
[2025-03-22 03:30:52,997] INFO: biib (12/2016): Updated existing record with 21 non-zero financial metrics
[2025-03-22 03:30:53,025] INFO: biib (3/2017): Updated existing record with 20 non-zero financial metrics
[2025-03-22 03:30:53,053] INFO: biib (6/2017): Updated existing record with 15 non-zero financial metrics
[2025-03-22 03:30:53,079] INFO: biib (9/2017): Updated existing record with 15 non-zero financial metrics
[2025-03-22 03:30:53,107] INFO: biib (12/2017): Updated existing record with 21 non-zero financial metrics
[2025-03-22 03:30:53,133] INFO: biib (3/2018): Updated existing record with 20 non-zero financial metrics
[2025-03-22 03:30:53,159] INFO: biib (6/2018): Updated existing record with 15 non-zero financial metrics
[2025-03-22 03:30:53,185] INFO: biib (9/2018): Updated existing record with 15 non-zero financial metrics
[2025-03-22 03:30:53,211] INFO: biib (12/2018): Updated existing record with 21 non-zero financial metrics
[2025-03-22 03:30:53,238] INFO: biib (3/2019): Updated existing record with 20 non-zero financial metrics
[2025-03-22 03:30:53,264] INFO: biib (6/2019): Updated existing record with 15 non-zero financial metrics
[2025-03-22 03:30:53,291] INFO: biib (9/2019): Updated existing record with 15 non-zero financial metrics
[2025-03-22 03:30:53,318] INFO: biib (12/2019): Updated existing record with 21 non-zero financial metrics
[2025-03-22 03:30:53,344] INFO: biib (3/2020): Updated existing record with 19 non-zero financial metrics
[2025-03-22 03:30:53,371] INFO: biib (6/2020): Updated existing record with 14 non-zero financial metrics
[2025-03-22 03:30:53,398] INFO: biib (9/2020): Updated existing record with 14 non-zero financial metrics
[2025-03-22 03:30:53,425] INFO: biib (12/2020): Updated existing record with 20 non-zero financial metrics
[2025-03-22 03:30:53,454] INFO: biib (3/2021): Updated existing record with 19 non-zero financial metrics
[2025-03-22 03:30:53,481] INFO: biib (6/2021): Updated existing record with 14 non-zero financial metrics
[2025-03-22 03:30:53,508] INFO: biib (9/2021): Updated existing record with 14 non-zero financial metrics
[2025-03-22 03:30:53,534] INFO: biib (12/2021): Updated existing record with 19 non-zero financial metrics
[2025-03-22 03:30:53,548] WARNING: biib (3/2022): Found zero values for fields: Share Repurchases
[2025-03-22 03:30:53,561] INFO: biib (3/2022): Updated existing record with 18 non-zero financial metrics
[2025-03-22 03:30:53,586] INFO: biib (6/2022): Updated existing record with 13 non-zero financial metrics
[2025-03-22 03:30:53,612] INFO: biib (9/2022): Updated existing record with 13 non-zero financial metrics
[2025-03-22 03:30:53,640] INFO: biib (12/2022): Updated existing record with 18 non-zero financial metrics
[2025-03-22 03:30:53,668] INFO: biib (3/2023): Updated existing record with 17 non-zero financial metrics
[2025-03-22 03:30:53,694] INFO: biib (6/2023): Updated existing record with 12 non-zero financial metrics
[2025-03-22 03:30:53,721] INFO: biib (9/2023): Updated existing record with 12 non-zero financial metrics
[2025-03-22 03:30:53,735] WARNING: biib (12/2023): Found zero values for fields: Share Repurchases
[2025-03-22 03:30:53,747] INFO: biib (12/2023): Updated existing record with 17 non-zero financial metrics
[2025-03-22 03:30:53,774] INFO: biib (3/2024): Updated existing record with 15 non-zero financial metrics
[2025-03-22 03:30:53,803] INFO: biib (6/2024): Updated existing record with 11 non-zero financial metrics
[2025-03-22 03:30:53,830] INFO: biib (9/2024): Updated existing record with 11 non-zero financial metrics
[2025-03-22 03:30:53,843] INFO: Trying adjusted date: 1/2025 (original: 12/2024)
[2025-03-22 03:30:53,856] WARNING: biib (12/2024): Found zero values for fields: Share Repurchases
[2025-03-22 03:30:53,856] WARNING: biib (12/2024): No existing record found(12/2024, 2024-12-31) - creating new one
[2025-03-22 03:30:53,856] INFO: biib (12/2024): Created new record with 16 non-zero financial metrics
