[2025-03-22 06:49:00,655] INFO: bill (12/2019): Updated existing record with 15 non-zero financial metrics
[2025-03-22 06:49:00,686] INFO: bill (3/2020): Updated existing record with 15 non-zero financial metrics
[2025-03-22 06:49:00,720] INFO: bill (6/2020): Updated existing record with 19 non-zero financial metrics
[2025-03-22 06:49:00,750] INFO: bill (9/2020): Updated existing record with 19 non-zero financial metrics
[2025-03-22 06:49:00,779] INFO: bill (12/2020): Updated existing record with 15 non-zero financial metrics
[2025-03-22 06:49:00,808] INFO: bill (3/2021): Updated existing record with 15 non-zero financial metrics
[2025-03-22 06:49:00,837] INFO: bill (6/2021): Updated existing record with 20 non-zero financial metrics
[2025-03-22 06:49:00,865] INFO: bill (9/2021): Updated existing record with 20 non-zero financial metrics
[2025-03-22 06:49:00,894] INFO: bill (12/2021): Updated existing record with 16 non-zero financial metrics
[2025-03-22 06:49:00,923] INFO: bill (3/2022): Updated existing record with 17 non-zero financial metrics
[2025-03-22 06:49:00,955] INFO: bill (6/2022): Updated existing record with 22 non-zero financial metrics
[2025-03-22 06:49:00,984] INFO: bill (9/2022): Updated existing record with 21 non-zero financial metrics
[2025-03-22 06:49:01,011] INFO: bill (12/2022): Updated existing record with 17 non-zero financial metrics
[2025-03-22 06:49:01,039] INFO: bill (3/2023): Updated existing record with 17 non-zero financial metrics
[2025-03-22 06:49:01,067] INFO: bill (6/2023): Updated existing record with 23 non-zero financial metrics
[2025-03-22 06:49:01,095] INFO: bill (9/2023): Updated existing record with 22 non-zero financial metrics
[2025-03-22 06:49:01,123] INFO: bill (12/2023): Updated existing record with 17 non-zero financial metrics
[2025-03-22 06:49:01,138] WARNING: bill (3/2024): Found zero values for fields: EPS Diluted
[2025-03-22 06:49:01,151] INFO: bill (3/2024): Updated existing record with 16 non-zero financial metrics
[2025-03-22 06:49:01,178] INFO: bill (6/2024): Updated existing record with 22 non-zero financial metrics
[2025-03-22 06:49:01,206] INFO: bill (9/2024): Updated existing record with 21 non-zero financial metrics
[2025-03-22 06:49:01,222] INFO: Trying adjusted date: 1/2025 (original: 12/2024)
[2025-03-22 06:49:01,235] WARNING: bill (12/2024): No existing record found(12/2024, 2024-12-31) - creating new one
[2025-03-22 06:49:01,236] INFO: bill (12/2024): Created new record with 17 non-zero financial metrics
