[2025-03-22 07:41:30,774] INFO: Trying adjusted date: 7/2010 (original: 6/2010)
[2025-03-22 07:41:30,788] WARNING: bio (6/2010): No existing record found(6/2010, 2010-06-30) - creating new one
[2025-03-22 07:41:30,788] INFO: bio (6/2010): Created new record with 16 non-zero financial metrics
[2025-03-22 07:41:30,803] INFO: Trying adjusted date: 10/2010 (original: 9/2010)
[2025-03-22 07:41:30,817] WARNING: bio (9/2010): No existing record found(9/2010, 2010-09-30) - creating new one
[2025-03-22 07:41:30,817] INFO: bio (9/2010): Created new record with 16 non-zero financial metrics
[2025-03-22 07:41:30,833] INFO: Trying adjusted date: 1/2011 (original: 12/2010)
[2025-03-22 07:41:30,847] WARNING: bio (12/2010): No existing record found(12/2010, 2010-12-31) - creating new one
[2025-03-22 07:41:30,847] INFO: bio (12/2010): Created new record with 19 non-zero financial metrics
[2025-03-22 07:41:30,863] INFO: Trying adjusted date: 4/2011 (original: 3/2011)
[2025-03-22 07:41:30,876] WARNING: bio (3/2011): No existing record found(3/2011, 2011-03-31) - creating new one
[2025-03-22 07:41:30,877] INFO: bio (3/2011): Created new record with 19 non-zero financial metrics
[2025-03-22 07:41:30,892] INFO: Trying adjusted date: 7/2011 (original: 6/2011)
[2025-03-22 07:41:30,906] WARNING: bio (6/2011): No existing record found(6/2011, 2011-06-30) - creating new one
[2025-03-22 07:41:30,906] INFO: bio (6/2011): Created new record with 17 non-zero financial metrics
[2025-03-22 07:41:30,921] INFO: Trying adjusted date: 10/2011 (original: 9/2011)
[2025-03-22 07:41:30,934] WARNING: bio (9/2011): No existing record found(9/2011, 2011-09-30) - creating new one
[2025-03-22 07:41:30,934] INFO: bio (9/2011): Created new record with 17 non-zero financial metrics
[2025-03-22 07:41:30,949] INFO: Trying adjusted date: 1/2012 (original: 12/2011)
[2025-03-22 07:41:30,962] WARNING: bio (12/2011): No existing record found(12/2011, 2011-12-31) - creating new one
[2025-03-22 07:41:30,963] INFO: bio (12/2011): Created new record with 21 non-zero financial metrics
[2025-03-22 07:41:30,979] INFO: Trying adjusted date: 4/2012 (original: 3/2012)
[2025-03-22 07:41:30,992] WARNING: bio (3/2012): No existing record found(3/2012, 2012-03-31) - creating new one
[2025-03-22 07:41:30,992] INFO: bio (3/2012): Created new record with 21 non-zero financial metrics
[2025-03-22 07:41:31,007] INFO: Trying adjusted date: 7/2012 (original: 6/2012)
[2025-03-22 07:41:31,020] WARNING: bio (6/2012): No existing record found(6/2012, 2012-06-30) - creating new one
[2025-03-22 07:41:31,020] INFO: bio (6/2012): Created new record with 17 non-zero financial metrics
[2025-03-22 07:41:31,048] INFO: bio (9/2012): Updated existing record with 17 non-zero financial metrics
[2025-03-22 07:41:31,077] INFO: bio (12/2012): Updated existing record with 22 non-zero financial metrics
[2025-03-22 07:41:31,106] INFO: bio (3/2013): Updated existing record with 21 non-zero financial metrics
[2025-03-22 07:41:31,133] INFO: bio (6/2013): Updated existing record with 17 non-zero financial metrics
[2025-03-22 07:41:31,161] INFO: bio (9/2013): Updated existing record with 17 non-zero financial metrics
[2025-03-22 07:41:31,176] INFO: Trying adjusted date: 1/2014 (original: 12/2013)
[2025-03-22 07:41:31,189] WARNING: bio (12/2013): Found zero values for fields: Share Repurchases
[2025-03-22 07:41:31,189] WARNING: bio (12/2013): No existing record found(12/2013, 2013-12-31) - creating new one
[2025-03-22 07:41:31,190] INFO: bio (12/2013): Created new record with 21 non-zero financial metrics
[2025-03-22 07:41:31,218] INFO: bio (3/2014): Updated existing record with 21 non-zero financial metrics
[2025-03-22 07:41:31,246] INFO: bio (6/2014): Updated existing record with 17 non-zero financial metrics
[2025-03-22 07:41:31,273] INFO: bio (9/2014): Updated existing record with 16 non-zero financial metrics
[2025-03-22 07:41:31,289] WARNING: bio (12/2014): Found zero values for fields: Share Repurchases
[2025-03-22 07:41:31,302] INFO: bio (12/2014): Updated existing record with 20 non-zero financial metrics
[2025-03-22 07:41:31,330] INFO: bio (3/2015): Updated existing record with 20 non-zero financial metrics
[2025-03-22 07:41:31,358] INFO: bio (6/2015): Updated existing record with 16 non-zero financial metrics
[2025-03-22 07:41:31,385] INFO: bio (9/2015): Updated existing record with 16 non-zero financial metrics
[2025-03-22 07:41:31,414] INFO: bio (12/2015): Updated existing record with 20 non-zero financial metrics
[2025-03-22 07:41:31,446] INFO: bio (3/2016): Updated existing record with 20 non-zero financial metrics
[2025-03-22 07:41:31,473] INFO: bio (6/2016): Updated existing record with 16 non-zero financial metrics
[2025-03-22 07:41:31,500] INFO: bio (9/2016): Updated existing record with 16 non-zero financial metrics
[2025-03-22 07:41:31,531] INFO: bio (12/2016): Updated existing record with 20 non-zero financial metrics
[2025-03-22 07:41:31,559] INFO: bio (3/2017): Updated existing record with 20 non-zero financial metrics
[2025-03-22 07:41:31,589] INFO: bio (6/2017): Updated existing record with 16 non-zero financial metrics
[2025-03-22 07:41:31,617] INFO: bio (9/2017): Updated existing record with 16 non-zero financial metrics
[2025-03-22 07:41:31,647] INFO: bio (12/2017): Updated existing record with 21 non-zero financial metrics
[2025-03-22 07:41:31,675] INFO: bio (3/2018): Updated existing record with 21 non-zero financial metrics
[2025-03-22 07:41:31,703] INFO: bio (6/2018): Updated existing record with 17 non-zero financial metrics
[2025-03-22 07:41:31,735] INFO: bio (9/2018): Updated existing record with 17 non-zero financial metrics
[2025-03-22 07:41:31,763] INFO: bio (12/2018): Updated existing record with 22 non-zero financial metrics
[2025-03-22 07:41:31,791] INFO: bio (3/2019): Updated existing record with 21 non-zero financial metrics
[2025-03-22 07:41:31,819] INFO: bio (6/2019): Updated existing record with 17 non-zero financial metrics
[2025-03-22 07:41:31,846] INFO: bio (9/2019): Updated existing record with 17 non-zero financial metrics
[2025-03-22 07:41:31,875] INFO: bio (12/2019): Updated existing record with 22 non-zero financial metrics
[2025-03-22 07:41:31,903] INFO: bio (3/2020): Updated existing record with 23 non-zero financial metrics
[2025-03-22 07:41:31,931] INFO: bio (6/2020): Updated existing record with 18 non-zero financial metrics
[2025-03-22 07:41:31,960] INFO: bio (9/2020): Updated existing record with 18 non-zero financial metrics
[2025-03-22 07:41:31,988] INFO: bio (12/2020): Updated existing record with 23 non-zero financial metrics
[2025-03-22 07:41:32,017] INFO: bio (3/2021): Updated existing record with 23 non-zero financial metrics
[2025-03-22 07:41:32,046] INFO: bio (6/2021): Updated existing record with 18 non-zero financial metrics
[2025-03-22 07:41:30,675] INFO: bio (9/2021): Updated existing record with 18 non-zero financial metrics
[2025-03-22 07:41:30,702] INFO: bio (12/2021): Updated existing record with 23 non-zero financial metrics
[2025-03-22 07:41:30,717] WARNING: bio (3/2022): Found zero values for fields: Share Repurchases
[2025-03-22 07:41:30,731] INFO: bio (3/2022): Updated existing record with 22 non-zero financial metrics
[2025-03-22 07:41:30,759] INFO: bio (6/2022): Updated existing record with 18 non-zero financial metrics
[2025-03-22 07:41:30,786] INFO: bio (9/2022): Updated existing record with 18 non-zero financial metrics
[2025-03-22 07:41:30,815] INFO: bio (12/2022): Updated existing record with 23 non-zero financial metrics
[2025-03-22 07:41:30,844] INFO: bio (3/2023): Updated existing record with 22 non-zero financial metrics
[2025-03-22 07:41:30,872] INFO: bio (6/2023): Updated existing record with 17 non-zero financial metrics
[2025-03-22 07:41:30,900] INFO: bio (9/2023): Updated existing record with 18 non-zero financial metrics
[2025-03-22 07:41:30,928] INFO: bio (12/2023): Updated existing record with 24 non-zero financial metrics
[2025-03-22 07:41:30,956] INFO: bio (3/2024): Updated existing record with 23 non-zero financial metrics
[2025-03-22 07:41:30,985] INFO: bio (6/2024): Updated existing record with 18 non-zero financial metrics
[2025-03-22 07:41:31,013] INFO: bio (9/2024): Updated existing record with 18 non-zero financial metrics
[2025-03-22 07:41:31,028] INFO: Trying adjusted date: 1/2025 (original: 12/2024)
[2025-03-22 07:41:31,041] WARNING: bio (12/2024): No existing record found(12/2024, 2024-12-31) - creating new one
[2025-03-22 07:41:31,042] INFO: bio (12/2024): Created new record with 23 non-zero financial metrics
