[2025-03-22 02:42:57,308] INFO: Trying adjusted date: 4/2010 (original: 3/2010)
[2025-03-22 02:42:57,319] WARNING: bk (3/2010): No existing record found(3/2010, 2010-03-31) - creating new one
[2025-03-22 02:42:57,319] INFO: bk (3/2010): Created new record with 12 non-zero financial metrics
[2025-03-22 02:42:57,333] INFO: Trying adjusted date: 7/2010 (original: 6/2010)
[2025-03-22 02:42:57,346] WARNING: bk (6/2010): No existing record found(6/2010, 2010-06-30) - creating new one
[2025-03-22 02:42:57,346] INFO: bk (6/2010): Created new record with 9 non-zero financial metrics
[2025-03-22 02:42:57,359] INFO: Trying adjusted date: 10/2010 (original: 9/2010)
[2025-03-22 02:42:57,371] WARNING: bk (9/2010): No existing record found(9/2010, 2010-09-30) - creating new one
[2025-03-22 02:42:57,371] INFO: bk (9/2010): Created new record with 9 non-zero financial metrics
[2025-03-22 02:42:57,385] INFO: Trying adjusted date: 1/2011 (original: 12/2010)
[2025-03-22 02:42:57,397] WARNING: bk (12/2010): No existing record found(12/2010, 2010-12-31) - creating new one
[2025-03-22 02:42:57,397] INFO: bk (12/2010): Created new record with 17 non-zero financial metrics
[2025-03-22 02:42:57,411] INFO: Trying adjusted date: 4/2011 (original: 3/2011)
[2025-03-22 02:42:57,423] WARNING: bk (3/2011): No existing record found(3/2011, 2011-03-31) - creating new one
[2025-03-22 02:42:57,424] INFO: bk (3/2011): Created new record with 16 non-zero financial metrics
[2025-03-22 02:42:57,438] INFO: Trying adjusted date: 7/2011 (original: 6/2011)
[2025-03-22 02:42:57,449] WARNING: bk (6/2011): No existing record found(6/2011, 2011-06-30) - creating new one
[2025-03-22 02:42:57,450] INFO: bk (6/2011): Created new record with 11 non-zero financial metrics
[2025-03-22 02:42:57,463] INFO: Trying adjusted date: 10/2011 (original: 9/2011)
[2025-03-22 02:42:57,475] WARNING: bk (9/2011): No existing record found(9/2011, 2011-09-30) - creating new one
[2025-03-22 02:42:57,475] INFO: bk (9/2011): Created new record with 11 non-zero financial metrics
[2025-03-22 02:42:57,489] INFO: Trying adjusted date: 1/2012 (original: 12/2011)
[2025-03-22 02:42:57,500] WARNING: bk (12/2011): No existing record found(12/2011, 2011-12-31) - creating new one
[2025-03-22 02:42:57,501] INFO: bk (12/2011): Created new record with 17 non-zero financial metrics
[2025-03-22 02:42:57,514] INFO: Trying adjusted date: 4/2012 (original: 3/2012)
[2025-03-22 02:42:57,526] WARNING: bk (3/2012): No existing record found(3/2012, 2012-03-31) - creating new one
[2025-03-22 02:42:57,527] INFO: bk (3/2012): Created new record with 16 non-zero financial metrics
[2025-03-22 02:42:57,540] INFO: Trying adjusted date: 7/2012 (original: 6/2012)
[2025-03-22 02:42:57,552] WARNING: bk (6/2012): No existing record found(6/2012, 2012-06-30) - creating new one
[2025-03-22 02:42:57,553] INFO: bk (6/2012): Created new record with 11 non-zero financial metrics
[2025-03-22 02:42:57,578] INFO: bk (9/2012): Updated existing record with 11 non-zero financial metrics
[2025-03-22 02:42:57,603] INFO: bk (12/2012): Updated existing record with 17 non-zero financial metrics
[2025-03-22 02:42:57,629] INFO: bk (3/2013): Updated existing record with 16 non-zero financial metrics
[2025-03-22 02:42:57,655] INFO: bk (6/2013): Updated existing record with 11 non-zero financial metrics
[2025-03-22 02:42:57,681] INFO: bk (9/2013): Updated existing record with 11 non-zero financial metrics
[2025-03-22 02:42:57,706] INFO: bk (12/2013): Updated existing record with 17 non-zero financial metrics
[2025-03-22 02:42:57,732] INFO: bk (3/2014): Updated existing record with 16 non-zero financial metrics
[2025-03-22 02:42:57,756] INFO: bk (6/2014): Updated existing record with 12 non-zero financial metrics
[2025-03-22 02:42:57,782] INFO: bk (9/2014): Updated existing record with 12 non-zero financial metrics
[2025-03-22 02:42:57,808] INFO: bk (12/2014): Updated existing record with 18 non-zero financial metrics
[2025-03-22 02:42:57,833] INFO: bk (3/2015): Updated existing record with 17 non-zero financial metrics
[2025-03-22 02:42:57,859] INFO: bk (6/2015): Updated existing record with 12 non-zero financial metrics
[2025-03-22 02:42:57,884] INFO: bk (9/2015): Updated existing record with 12 non-zero financial metrics
[2025-03-22 02:42:57,910] INFO: bk (12/2015): Updated existing record with 18 non-zero financial metrics
[2025-03-22 02:42:57,936] INFO: bk (3/2016): Updated existing record with 17 non-zero financial metrics
[2025-03-22 02:42:57,963] INFO: bk (6/2016): Updated existing record with 13 non-zero financial metrics
[2025-03-22 02:42:57,989] INFO: bk (9/2016): Updated existing record with 12 non-zero financial metrics
[2025-03-22 02:42:58,003] WARNING: bk (12/2016): Found zero values for fields: Loans Held for Sale
[2025-03-22 02:42:58,015] INFO: bk (12/2016): Updated existing record with 17 non-zero financial metrics
[2025-03-22 02:42:58,042] INFO: bk (3/2017): Updated existing record with 16 non-zero financial metrics
[2025-03-22 02:42:58,067] INFO: bk (6/2017): Updated existing record with 11 non-zero financial metrics
[2025-03-22 02:42:58,093] INFO: bk (9/2017): Updated existing record with 11 non-zero financial metrics
[2025-03-22 02:42:58,108] WARNING: bk (12/2017): Found zero values for fields: Loans Held for Sale
[2025-03-22 02:42:58,120] INFO: bk (12/2017): Updated existing record with 18 non-zero financial metrics
[2025-03-22 02:42:58,147] INFO: bk (3/2018): Updated existing record with 17 non-zero financial metrics
[2025-03-22 02:42:58,172] INFO: bk (6/2018): Updated existing record with 12 non-zero financial metrics
[2025-03-22 02:42:58,198] INFO: bk (9/2018): Updated existing record with 11 non-zero financial metrics
[2025-03-22 02:42:58,223] INFO: bk (12/2018): Updated existing record with 18 non-zero financial metrics
[2025-03-22 02:42:58,249] INFO: bk (3/2019): Updated existing record with 16 non-zero financial metrics
[2025-03-22 02:42:58,276] INFO: bk (6/2019): Updated existing record with 11 non-zero financial metrics
[2025-03-22 02:42:58,302] INFO: bk (9/2019): Updated existing record with 11 non-zero financial metrics
[2025-03-22 02:42:58,327] INFO: bk (12/2019): Updated existing record with 19 non-zero financial metrics
[2025-03-22 02:42:58,353] INFO: bk (3/2020): Updated existing record with 16 non-zero financial metrics
[2025-03-22 02:42:58,378] INFO: bk (6/2020): Updated existing record with 11 non-zero financial metrics
[2025-03-22 02:42:58,404] INFO: bk (9/2020): Updated existing record with 11 non-zero financial metrics
[2025-03-22 02:42:58,430] INFO: bk (12/2020): Updated existing record with 19 non-zero financial metrics
[2025-03-22 02:42:58,456] INFO: bk (3/2021): Updated existing record with 19 non-zero financial metrics
[2025-03-22 02:42:58,482] INFO: bk (6/2021): Updated existing record with 14 non-zero financial metrics
[2025-03-22 02:42:58,507] INFO: bk (9/2021): Updated existing record with 14 non-zero financial metrics
[2025-03-22 02:42:58,532] INFO: bk (12/2021): Updated existing record with 21 non-zero financial metrics
[2025-03-22 02:42:58,557] INFO: bk (3/2022): Updated existing record with 19 non-zero financial metrics
[2025-03-22 02:42:58,584] INFO: bk (6/2022): Updated existing record with 14 non-zero financial metrics
[2025-03-22 02:42:58,613] INFO: bk (9/2022): Updated existing record with 14 non-zero financial metrics
[2025-03-22 02:42:58,642] INFO: bk (12/2022): Updated existing record with 21 non-zero financial metrics
[2025-03-22 02:42:58,667] INFO: bk (3/2023): Updated existing record with 19 non-zero financial metrics
[2025-03-22 02:42:58,693] INFO: bk (6/2023): Updated existing record with 14 non-zero financial metrics
[2025-03-22 02:42:58,718] INFO: bk (9/2023): Updated existing record with 14 non-zero financial metrics
[2025-03-22 02:42:58,744] INFO: bk (12/2023): Updated existing record with 21 non-zero financial metrics
[2025-03-22 02:42:58,769] INFO: bk (3/2024): Updated existing record with 19 non-zero financial metrics
[2025-03-22 02:42:58,795] INFO: bk (6/2024): Updated existing record with 13 non-zero financial metrics
[2025-03-22 02:42:58,820] INFO: bk (9/2024): Updated existing record with 13 non-zero financial metrics
[2025-03-22 02:42:58,846] INFO: bk (12/2024): Updated existing record with 20 non-zero financial metrics
