[2025-03-22 13:50:20,158] INFO: Trying adjusted date: 7/2010 (original: 6/2010)
[2025-03-22 13:50:20,171] WARNING: bokf (6/2010): No existing record found(6/2010, 2010-06-30) - creating new one
[2025-03-22 13:50:20,174] INFO: bokf (6/2010): Created new record with 10 non-zero financial metrics
[2025-03-22 13:50:20,193] INFO: Trying adjusted date: 10/2010 (original: 9/2010)
[2025-03-22 13:50:20,207] WARNING: bokf (9/2010): No existing record found(9/2010, 2010-09-30) - creating new one
[2025-03-22 13:50:20,208] INFO: bokf (9/2010): Created new record with 10 non-zero financial metrics
[2025-03-22 13:50:20,225] INFO: Trying adjusted date: 1/2011 (original: 12/2010)
[2025-03-22 13:50:20,239] WARNING: bokf (12/2010): Found zero values for fields: Share Repurchases
[2025-03-22 13:50:20,239] WARNING: bokf (12/2010): No existing record found(12/2010, 2010-12-31) - creating new one
[2025-03-22 13:50:20,239] INFO: bokf (12/2010): Created new record with 13 non-zero financial metrics
[2025-03-22 13:50:20,258] INFO: Trying adjusted date: 4/2011 (original: 3/2011)
[2025-03-22 13:50:20,272] WARNING: bokf (3/2011): No existing record found(3/2011, 2011-03-31) - creating new one
[2025-03-22 13:50:20,273] INFO: bokf (3/2011): Created new record with 13 non-zero financial metrics
[2025-03-22 13:50:20,289] INFO: Trying adjusted date: 10/2011 (original: 9/2011)
[2025-03-22 13:50:20,304] WARNING: bokf (9/2011): No existing record found(9/2011, 2011-09-30) - creating new one
[2025-03-22 13:50:20,305] INFO: bokf (9/2011): Created new record with 10 non-zero financial metrics
[2025-03-22 13:50:20,321] INFO: Trying adjusted date: 1/2012 (original: 12/2011)
[2025-03-22 13:50:20,335] WARNING: bokf (12/2011): No existing record found(12/2011, 2011-12-31) - creating new one
[2025-03-22 13:50:20,336] INFO: bokf (12/2011): Created new record with 15 non-zero financial metrics
[2025-03-22 13:50:20,351] INFO: Trying adjusted date: 4/2012 (original: 3/2012)
[2025-03-22 13:50:20,365] WARNING: bokf (3/2012): No existing record found(3/2012, 2012-03-31) - creating new one
[2025-03-22 13:50:20,366] INFO: bokf (3/2012): Created new record with 14 non-zero financial metrics
[2025-03-22 13:50:20,382] INFO: Trying adjusted date: 7/2012 (original: 6/2012)
[2025-03-22 13:50:20,396] WARNING: bokf (6/2012): No existing record found(6/2012, 2012-06-30) - creating new one
[2025-03-22 13:50:20,396] INFO: bokf (6/2012): Created new record with 10 non-zero financial metrics
[2025-03-22 13:50:20,426] INFO: bokf (9/2012): Updated existing record with 10 non-zero financial metrics
[2025-03-22 13:50:20,457] INFO: bokf (12/2012): Updated existing record with 15 non-zero financial metrics
[2025-03-22 13:50:20,474] WARNING: bokf (3/2013): Found zero values for fields: Share Repurchases
[2025-03-22 13:50:20,489] INFO: bokf (3/2013): Updated existing record with 13 non-zero financial metrics
[2025-03-22 13:50:20,521] INFO: bokf (6/2013): Updated existing record with 10 non-zero financial metrics
[2025-03-22 13:50:20,552] INFO: bokf (9/2013): Updated existing record with 10 non-zero financial metrics
[2025-03-22 13:50:20,568] WARNING: bokf (12/2013): Found zero values for fields: Share Repurchases
[2025-03-22 13:50:20,583] INFO: bokf (12/2013): Updated existing record with 14 non-zero financial metrics
[2025-03-22 13:50:20,614] INFO: bokf (3/2014): Updated existing record with 13 non-zero financial metrics
[2025-03-22 13:50:20,643] INFO: bokf (6/2014): Updated existing record with 10 non-zero financial metrics
[2025-03-22 13:50:20,675] INFO: bokf (9/2014): Updated existing record with 10 non-zero financial metrics
[2025-03-22 13:50:20,705] INFO: bokf (12/2014): Updated existing record with 15 non-zero financial metrics
[2025-03-22 13:50:20,736] INFO: bokf (3/2015): Updated existing record with 14 non-zero financial metrics
[2025-03-22 13:50:20,768] INFO: bokf (6/2015): Updated existing record with 10 non-zero financial metrics
[2025-03-22 13:50:20,798] INFO: bokf (9/2015): Updated existing record with 10 non-zero financial metrics
[2025-03-22 13:50:20,828] INFO: bokf (12/2015): Updated existing record with 15 non-zero financial metrics
[2025-03-22 13:50:20,844] WARNING: bokf (3/2016): Found zero values for fields: Share Repurchases
[2025-03-22 13:50:20,859] INFO: bokf (3/2016): Updated existing record with 13 non-zero financial metrics
[2025-03-22 13:50:20,889] INFO: bokf (6/2016): Updated existing record with 10 non-zero financial metrics
[2025-03-22 13:50:20,919] INFO: bokf (9/2016): Updated existing record with 10 non-zero financial metrics
[2025-03-22 13:50:20,950] INFO: bokf (12/2016): Updated existing record with 15 non-zero financial metrics
[2025-03-22 13:50:20,978] INFO: bokf (3/2017): Updated existing record with 13 non-zero financial metrics
[2025-03-22 13:50:21,009] INFO: bokf (6/2017): Updated existing record with 10 non-zero financial metrics
[2025-03-22 13:50:21,040] INFO: bokf (9/2017): Updated existing record with 10 non-zero financial metrics
[2025-03-22 13:50:21,070] INFO: bokf (12/2017): Updated existing record with 16 non-zero financial metrics
[2025-03-22 13:50:21,099] INFO: bokf (3/2018): Updated existing record with 14 non-zero financial metrics
[2025-03-22 13:50:21,130] INFO: bokf (6/2018): Updated existing record with 10 non-zero financial metrics
[2025-03-22 13:50:21,160] INFO: bokf (9/2018): Updated existing record with 10 non-zero financial metrics
[2025-03-22 13:50:21,194] INFO: bokf (12/2018): Updated existing record with 16 non-zero financial metrics
[2025-03-22 13:50:21,227] INFO: bokf (3/2019): Updated existing record with 14 non-zero financial metrics
[2025-03-22 13:50:21,259] INFO: bokf (6/2019): Updated existing record with 10 non-zero financial metrics
[2025-03-22 13:50:21,292] INFO: bokf (9/2019): Updated existing record with 10 non-zero financial metrics
[2025-03-22 13:50:21,325] INFO: bokf (12/2019): Updated existing record with 16 non-zero financial metrics
[2025-03-22 13:50:21,357] INFO: bokf (3/2020): Updated existing record with 14 non-zero financial metrics
[2025-03-22 13:50:21,387] INFO: bokf (6/2020): Updated existing record with 10 non-zero financial metrics
[2025-03-22 13:50:21,419] INFO: bokf (9/2020): Updated existing record with 10 non-zero financial metrics
[2025-03-22 13:50:21,450] INFO: bokf (12/2020): Updated existing record with 16 non-zero financial metrics
[2025-03-22 13:50:21,481] INFO: bokf (3/2021): Updated existing record with 14 non-zero financial metrics
[2025-03-22 13:50:21,511] INFO: bokf (6/2021): Updated existing record with 10 non-zero financial metrics
[2025-03-22 13:50:21,542] INFO: bokf (9/2021): Updated existing record with 10 non-zero financial metrics
[2025-03-22 13:50:21,571] INFO: bokf (12/2021): Updated existing record with 16 non-zero financial metrics
[2025-03-22 13:50:21,602] INFO: bokf (3/2022): Updated existing record with 13 non-zero financial metrics
[2025-03-22 13:50:21,633] INFO: bokf (6/2022): Updated existing record with 9 non-zero financial metrics
[2025-03-22 13:50:21,663] INFO: bokf (9/2022): Updated existing record with 9 non-zero financial metrics
[2025-03-22 13:50:21,695] INFO: bokf (12/2022): Updated existing record with 15 non-zero financial metrics
[2025-03-22 13:50:21,726] INFO: bokf (3/2023): Updated existing record with 13 non-zero financial metrics
[2025-03-22 13:50:21,756] INFO: bokf (6/2023): Updated existing record with 9 non-zero financial metrics
[2025-03-22 13:50:21,787] INFO: bokf (9/2023): Updated existing record with 9 non-zero financial metrics
[2025-03-22 13:50:21,817] INFO: bokf (12/2023): Updated existing record with 15 non-zero financial metrics
[2025-03-22 13:50:21,846] INFO: bokf (3/2024): Updated existing record with 13 non-zero financial metrics
[2025-03-22 13:50:21,876] INFO: bokf (6/2024): Updated existing record with 9 non-zero financial metrics
[2025-03-22 13:50:21,909] INFO: bokf (9/2024): Updated existing record with 8 non-zero financial metrics
[2025-03-22 13:50:21,939] INFO: bokf (12/2024): Updated existing record with 14 non-zero financial metrics
