[2025-03-22 06:02:07,549] INFO: Trying adjusted date: 10/2010 (original: 9/2010)
[2025-03-22 06:02:07,562] WARNING: br (9/2010): No existing record found(9/2010, 2010-09-30) - creating new one
[2025-03-22 06:02:07,563] INFO: br (9/2010): Created new record with 14 non-zero financial metrics
[2025-03-22 06:02:07,579] INFO: Trying adjusted date: 1/2011 (original: 12/2010)
[2025-03-22 06:02:07,591] WARNING: br (12/2010): No existing record found(12/2010, 2010-12-31) - creating new one
[2025-03-22 06:02:07,592] INFO: br (12/2010): Created new record with 12 non-zero financial metrics
[2025-03-22 06:02:07,607] INFO: Trying adjusted date: 4/2011 (original: 3/2011)
[2025-03-22 06:02:07,621] WARNING: br (3/2011): No existing record found(3/2011, 2011-03-31) - creating new one
[2025-03-22 06:02:07,621] INFO: br (3/2011): Created new record with 12 non-zero financial metrics
[2025-03-22 06:02:07,635] INFO: Trying adjusted date: 7/2011 (original: 6/2011)
[2025-03-22 06:02:07,649] WARNING: br (6/2011): Found zero values for fields: Loan Loss Reserves
[2025-03-22 06:02:07,649] WARNING: br (6/2011): No existing record found(6/2011, 2011-06-30) - creating new one
[2025-03-22 06:02:07,649] INFO: br (6/2011): Created new record with 16 non-zero financial metrics
[2025-03-22 06:02:07,663] INFO: Trying adjusted date: 10/2011 (original: 9/2011)
[2025-03-22 06:02:07,676] WARNING: br (9/2011): No existing record found(9/2011, 2011-09-30) - creating new one
[2025-03-22 06:02:07,676] INFO: br (9/2011): Created new record with 15 non-zero financial metrics
[2025-03-22 06:02:07,694] INFO: Trying adjusted date: 1/2012 (original: 12/2011)
[2025-03-22 06:02:07,707] WARNING: br (12/2011): No existing record found(12/2011, 2011-12-31) - creating new one
[2025-03-22 06:02:07,708] INFO: br (12/2011): Created new record with 13 non-zero financial metrics
[2025-03-22 06:02:07,722] INFO: Trying adjusted date: 4/2012 (original: 3/2012)
[2025-03-22 06:02:07,735] WARNING: br (3/2012): No existing record found(3/2012, 2012-03-31) - creating new one
[2025-03-22 06:02:07,736] INFO: br (3/2012): Created new record with 13 non-zero financial metrics
[2025-03-22 06:02:07,751] INFO: Trying adjusted date: 7/2012 (original: 6/2012)
[2025-03-22 06:02:07,764] WARNING: br (6/2012): No existing record found(6/2012, 2012-06-30) - creating new one
[2025-03-22 06:02:07,765] INFO: br (6/2012): Created new record with 16 non-zero financial metrics
[2025-03-22 06:02:07,798] INFO: br (9/2012): Updated existing record with 14 non-zero financial metrics
[2025-03-22 06:02:07,830] INFO: br (12/2012): Updated existing record with 12 non-zero financial metrics
[2025-03-22 06:02:07,857] INFO: br (3/2013): Updated existing record with 12 non-zero financial metrics
[2025-03-22 06:02:07,884] INFO: br (6/2013): Updated existing record with 16 non-zero financial metrics
[2025-03-22 06:02:07,909] INFO: br (9/2013): Updated existing record with 17 non-zero financial metrics
[2025-03-22 06:02:07,936] INFO: br (12/2013): Updated existing record with 12 non-zero financial metrics
[2025-03-22 06:02:07,963] INFO: br (3/2014): Updated existing record with 12 non-zero financial metrics
[2025-03-22 06:02:07,990] INFO: br (6/2014): Updated existing record with 15 non-zero financial metrics
[2025-03-22 06:02:08,019] INFO: br (9/2014): Updated existing record with 17 non-zero financial metrics
[2025-03-22 06:02:08,046] INFO: br (12/2014): Updated existing record with 12 non-zero financial metrics
[2025-03-22 06:02:08,072] INFO: br (3/2015): Updated existing record with 12 non-zero financial metrics
[2025-03-22 06:02:08,100] INFO: br (6/2015): Updated existing record with 16 non-zero financial metrics
[2025-03-22 06:02:08,127] INFO: br (9/2015): Updated existing record with 18 non-zero financial metrics
[2025-03-22 06:02:08,156] INFO: br (12/2015): Updated existing record with 13 non-zero financial metrics
[2025-03-22 06:02:08,182] INFO: br (3/2016): Updated existing record with 13 non-zero financial metrics
[2025-03-22 06:02:08,209] INFO: br (6/2016): Updated existing record with 16 non-zero financial metrics
[2025-03-22 06:02:08,239] INFO: br (9/2016): Updated existing record with 19 non-zero financial metrics
[2025-03-22 06:02:08,266] INFO: br (12/2016): Updated existing record with 14 non-zero financial metrics
[2025-03-22 06:02:08,292] INFO: br (3/2017): Updated existing record with 14 non-zero financial metrics
[2025-03-22 06:02:08,319] INFO: br (6/2017): Updated existing record with 18 non-zero financial metrics
[2025-03-22 06:02:08,348] INFO: br (9/2017): Updated existing record with 18 non-zero financial metrics
[2025-03-22 06:02:08,374] INFO: br (12/2017): Updated existing record with 13 non-zero financial metrics
[2025-03-22 06:02:08,402] INFO: br (3/2018): Updated existing record with 13 non-zero financial metrics
[2025-03-22 06:02:08,428] INFO: br (6/2018): Updated existing record with 20 non-zero financial metrics
[2025-03-22 06:02:08,456] INFO: br (9/2018): Updated existing record with 20 non-zero financial metrics
[2025-03-22 06:02:08,483] INFO: br (12/2018): Updated existing record with 15 non-zero financial metrics
[2025-03-22 06:02:08,510] INFO: br (3/2019): Updated existing record with 15 non-zero financial metrics
[2025-03-22 06:02:08,537] INFO: br (6/2019): Updated existing record with 22 non-zero financial metrics
[2025-03-22 06:02:08,565] INFO: br (9/2019): Updated existing record with 20 non-zero financial metrics
[2025-03-22 06:02:08,591] INFO: br (12/2019): Updated existing record with 16 non-zero financial metrics
[2025-03-22 06:02:08,618] INFO: br (3/2020): Updated existing record with 16 non-zero financial metrics
[2025-03-22 06:02:08,645] INFO: br (6/2020): Updated existing record with 23 non-zero financial metrics
[2025-03-22 06:02:08,671] INFO: br (9/2020): Updated existing record with 21 non-zero financial metrics
[2025-03-22 06:02:08,697] INFO: br (12/2020): Updated existing record with 16 non-zero financial metrics
[2025-03-22 06:02:08,724] INFO: br (3/2021): Updated existing record with 16 non-zero financial metrics
[2025-03-22 06:02:08,750] INFO: br (6/2021): Updated existing record with 23 non-zero financial metrics
[2025-03-22 06:02:08,765] WARNING: br (9/2021): Found zero values for fields: Share Repurchases
[2025-03-22 06:02:08,779] INFO: br (9/2021): Updated existing record with 19 non-zero financial metrics
[2025-03-22 06:02:08,807] INFO: br (12/2021): Updated existing record with 15 non-zero financial metrics
[2025-03-22 06:02:08,834] INFO: br (3/2022): Updated existing record with 15 non-zero financial metrics
[2025-03-22 06:02:08,860] INFO: br (6/2022): Updated existing record with 21 non-zero financial metrics
[2025-03-22 06:02:08,888] INFO: br (9/2022): Updated existing record with 20 non-zero financial metrics
[2025-03-22 06:02:08,915] INFO: br (12/2022): Updated existing record with 15 non-zero financial metrics
[2025-03-22 06:02:08,942] INFO: br (3/2023): Updated existing record with 15 non-zero financial metrics
[2025-03-22 06:02:08,969] INFO: br (6/2023): Updated existing record with 21 non-zero financial metrics
[2025-03-22 06:02:08,996] INFO: br (9/2023): Updated existing record with 20 non-zero financial metrics
[2025-03-22 06:02:09,023] INFO: br (12/2023): Updated existing record with 15 non-zero financial metrics
[2025-03-22 06:02:09,050] INFO: br (3/2024): Updated existing record with 15 non-zero financial metrics
[2025-03-22 06:02:09,077] INFO: br (6/2024): Updated existing record with 21 non-zero financial metrics
[2025-03-22 06:02:09,106] INFO: br (9/2024): Updated existing record with 20 non-zero financial metrics
[2025-03-22 06:02:09,133] INFO: br (12/2024): Updated existing record with 15 non-zero financial metrics
