[2025-03-22 11:29:41,054] INFO: Trying adjusted date: 4/2011 (original: 3/2011)
[2025-03-22 11:29:41,067] WARNING: brkr (3/2011): No existing record found(3/2011, 2011-03-31) - creating new one
[2025-03-22 11:29:41,068] INFO: brkr (3/2011): Created new record with 17 non-zero financial metrics
[2025-03-22 11:29:41,088] INFO: Trying adjusted date: 7/2011 (original: 6/2011)
[2025-03-22 11:29:41,102] WARNING: brkr (6/2011): No existing record found(6/2011, 2011-06-30) - creating new one
[2025-03-22 11:29:41,102] INFO: brkr (6/2011): Created new record with 16 non-zero financial metrics
[2025-03-22 11:29:41,117] INFO: Trying adjusted date: 10/2011 (original: 9/2011)
[2025-03-22 11:29:41,131] WARNING: brkr (9/2011): No existing record found(9/2011, 2011-09-30) - creating new one
[2025-03-22 11:29:41,132] INFO: brkr (9/2011): Created new record with 16 non-zero financial metrics
[2025-03-22 11:29:41,147] INFO: Trying adjusted date: 1/2012 (original: 12/2011)
[2025-03-22 11:29:41,160] WARNING: brkr (12/2011): No existing record found(12/2011, 2011-12-31) - creating new one
[2025-03-22 11:29:41,163] INFO: brkr (12/2011): Created new record with 17 non-zero financial metrics
[2025-03-22 11:29:41,178] INFO: Trying adjusted date: 4/2012 (original: 3/2012)
[2025-03-22 11:29:41,193] WARNING: brkr (3/2012): No existing record found(3/2012, 2012-03-31) - creating new one
[2025-03-22 11:29:41,193] INFO: brkr (3/2012): Created new record with 17 non-zero financial metrics
[2025-03-22 11:29:41,211] INFO: Trying adjusted date: 7/2012 (original: 6/2012)
[2025-03-22 11:29:41,225] WARNING: brkr (6/2012): No existing record found(6/2012, 2012-06-30) - creating new one
[2025-03-22 11:29:41,226] INFO: brkr (6/2012): Created new record with 16 non-zero financial metrics
[2025-03-22 11:29:41,256] INFO: brkr (9/2012): Updated existing record with 16 non-zero financial metrics
[2025-03-22 11:29:41,286] INFO: brkr (12/2012): Updated existing record with 17 non-zero financial metrics
[2025-03-22 11:29:41,315] INFO: brkr (3/2013): Updated existing record with 16 non-zero financial metrics
[2025-03-22 11:29:41,344] INFO: brkr (6/2013): Updated existing record with 15 non-zero financial metrics
[2025-03-22 11:29:41,373] INFO: brkr (9/2013): Updated existing record with 15 non-zero financial metrics
[2025-03-22 11:29:41,403] INFO: brkr (12/2013): Updated existing record with 17 non-zero financial metrics
[2025-03-22 11:29:41,432] INFO: brkr (3/2014): Updated existing record with 16 non-zero financial metrics
[2025-03-22 11:29:41,463] INFO: brkr (6/2014): Updated existing record with 15 non-zero financial metrics
[2025-03-22 11:29:41,492] INFO: brkr (9/2014): Updated existing record with 15 non-zero financial metrics
[2025-03-22 11:29:41,523] INFO: brkr (12/2014): Updated existing record with 17 non-zero financial metrics
[2025-03-22 11:29:41,551] INFO: brkr (3/2015): Updated existing record with 15 non-zero financial metrics
[2025-03-22 11:29:41,581] INFO: brkr (6/2015): Updated existing record with 13 non-zero financial metrics
[2025-03-22 11:29:41,611] INFO: brkr (9/2015): Updated existing record with 13 non-zero financial metrics
[2025-03-22 11:29:41,640] INFO: brkr (12/2015): Updated existing record with 17 non-zero financial metrics
[2025-03-22 11:29:41,669] INFO: brkr (3/2016): Updated existing record with 15 non-zero financial metrics
[2025-03-22 11:29:41,698] INFO: brkr (6/2016): Updated existing record with 13 non-zero financial metrics
[2025-03-22 11:29:41,728] INFO: brkr (9/2016): Updated existing record with 13 non-zero financial metrics
[2025-03-22 11:29:41,756] INFO: brkr (12/2016): Updated existing record with 17 non-zero financial metrics
[2025-03-22 11:29:41,786] INFO: brkr (3/2017): Updated existing record with 15 non-zero financial metrics
[2025-03-22 11:29:41,815] INFO: brkr (6/2017): Updated existing record with 14 non-zero financial metrics
[2025-03-22 11:29:41,843] INFO: brkr (9/2017): Updated existing record with 14 non-zero financial metrics
[2025-03-22 11:29:41,873] INFO: brkr (12/2017): Updated existing record with 20 non-zero financial metrics
[2025-03-22 11:29:41,903] INFO: brkr (3/2018): Updated existing record with 19 non-zero financial metrics
[2025-03-22 11:29:41,932] INFO: brkr (6/2018): Updated existing record with 15 non-zero financial metrics
[2025-03-22 11:29:41,961] INFO: brkr (9/2018): Updated existing record with 15 non-zero financial metrics
[2025-03-22 11:29:41,989] INFO: brkr (12/2018): Updated existing record with 20 non-zero financial metrics
[2025-03-22 11:29:42,019] INFO: brkr (3/2019): Updated existing record with 19 non-zero financial metrics
[2025-03-22 11:29:42,048] INFO: brkr (6/2019): Updated existing record with 16 non-zero financial metrics
[2025-03-22 11:29:42,078] INFO: brkr (9/2019): Updated existing record with 16 non-zero financial metrics
[2025-03-22 11:29:42,108] INFO: brkr (12/2019): Updated existing record with 22 non-zero financial metrics
[2025-03-22 11:29:42,138] INFO: brkr (3/2020): Updated existing record with 20 non-zero financial metrics
[2025-03-22 11:29:42,168] INFO: brkr (6/2020): Updated existing record with 16 non-zero financial metrics
[2025-03-22 11:29:42,196] INFO: brkr (9/2020): Updated existing record with 16 non-zero financial metrics
[2025-03-22 11:29:42,226] INFO: brkr (12/2020): Updated existing record with 22 non-zero financial metrics
[2025-03-22 11:29:42,256] INFO: brkr (3/2021): Updated existing record with 21 non-zero financial metrics
[2025-03-22 11:29:42,286] INFO: brkr (6/2021): Updated existing record with 16 non-zero financial metrics
[2025-03-22 11:29:42,315] INFO: brkr (9/2021): Updated existing record with 16 non-zero financial metrics
[2025-03-22 11:29:42,344] INFO: brkr (12/2021): Updated existing record with 22 non-zero financial metrics
[2025-03-22 11:29:42,374] INFO: brkr (3/2022): Updated existing record with 21 non-zero financial metrics
[2025-03-22 11:29:42,403] INFO: brkr (6/2022): Updated existing record with 16 non-zero financial metrics
[2025-03-22 11:29:42,432] INFO: brkr (9/2022): Updated existing record with 16 non-zero financial metrics
[2025-03-22 11:29:42,461] INFO: brkr (12/2022): Updated existing record with 22 non-zero financial metrics
[2025-03-22 11:29:42,493] INFO: brkr (3/2023): Updated existing record with 22 non-zero financial metrics
[2025-03-22 11:29:42,524] INFO: brkr (6/2023): Updated existing record with 17 non-zero financial metrics
[2025-03-22 11:29:42,554] INFO: brkr (9/2023): Updated existing record with 17 non-zero financial metrics
[2025-03-22 11:29:42,584] INFO: brkr (12/2023): Updated existing record with 23 non-zero financial metrics
[2025-03-22 11:29:42,600] WARNING: brkr (3/2024): Found zero values for fields: Share Repurchases
[2025-03-22 11:29:42,613] INFO: brkr (3/2024): Updated existing record with 22 non-zero financial metrics
[2025-03-22 11:29:42,644] INFO: brkr (6/2024): Updated existing record with 18 non-zero financial metrics
[2025-03-22 11:29:42,673] INFO: brkr (9/2024): Updated existing record with 17 non-zero financial metrics
[2025-03-22 11:29:42,689] INFO: Trying adjusted date: 1/2025 (original: 12/2024)
[2025-03-22 11:29:42,703] WARNING: brkr (12/2024): Found zero values for fields: Share Repurchases
[2025-03-22 11:29:42,703] WARNING: brkr (12/2024): No existing record found(12/2024, 2024-12-31) - creating new one
[2025-03-22 11:29:42,704] INFO: brkr (12/2024): Created new record with 22 non-zero financial metrics
