[2025-03-22 06:27:40,033] INFO: Trying adjusted date: 7/2010 (original: 6/2010)
[2025-03-22 06:27:40,045] WARNING: bro (6/2010): No existing record found(6/2010, 2010-06-30) - creating new one
[2025-03-22 06:27:40,046] INFO: bro (6/2010): Created new record with 9 non-zero financial metrics
[2025-03-22 06:27:40,063] INFO: Trying adjusted date: 10/2010 (original: 9/2010)
[2025-03-22 06:27:40,076] WARNING: bro (9/2010): No existing record found(9/2010, 2010-09-30) - creating new one
[2025-03-22 06:27:40,077] INFO: bro (9/2010): Created new record with 9 non-zero financial metrics
[2025-03-22 06:27:40,091] INFO: Trying adjusted date: 1/2011 (original: 12/2010)
[2025-03-22 06:27:40,104] WARNING: bro (12/2010): No existing record found(12/2010, 2010-12-31) - creating new one
[2025-03-22 06:27:40,104] INFO: bro (12/2010): Created new record with 13 non-zero financial metrics
[2025-03-22 06:27:40,119] INFO: Trying adjusted date: 4/2011 (original: 3/2011)
[2025-03-22 06:27:40,133] WARNING: bro (3/2011): No existing record found(3/2011, 2011-03-31) - creating new one
[2025-03-22 06:27:40,133] INFO: bro (3/2011): Created new record with 13 non-zero financial metrics
[2025-03-22 06:27:40,147] INFO: Trying adjusted date: 7/2011 (original: 6/2011)
[2025-03-22 06:27:40,160] WARNING: bro (6/2011): No existing record found(6/2011, 2011-06-30) - creating new one
[2025-03-22 06:27:40,161] INFO: bro (6/2011): Created new record with 11 non-zero financial metrics
[2025-03-22 06:27:40,176] INFO: Trying adjusted date: 10/2011 (original: 9/2011)
[2025-03-22 06:27:40,189] WARNING: bro (9/2011): No existing record found(9/2011, 2011-09-30) - creating new one
[2025-03-22 06:27:40,189] INFO: bro (9/2011): Created new record with 11 non-zero financial metrics
[2025-03-22 06:27:40,205] INFO: Trying adjusted date: 1/2012 (original: 12/2011)
[2025-03-22 06:27:40,217] WARNING: bro (12/2011): No existing record found(12/2011, 2011-12-31) - creating new one
[2025-03-22 06:27:40,217] INFO: bro (12/2011): Created new record with 14 non-zero financial metrics
[2025-03-22 06:27:40,233] INFO: Trying adjusted date: 4/2012 (original: 3/2012)
[2025-03-22 06:27:40,246] WARNING: bro (3/2012): No existing record found(3/2012, 2012-03-31) - creating new one
[2025-03-22 06:27:40,246] INFO: bro (3/2012): Created new record with 14 non-zero financial metrics
[2025-03-22 06:27:40,260] INFO: Trying adjusted date: 7/2012 (original: 6/2012)
[2025-03-22 06:27:40,273] WARNING: bro (6/2012): No existing record found(6/2012, 2012-06-30) - creating new one
[2025-03-22 06:27:40,274] INFO: bro (6/2012): Created new record with 11 non-zero financial metrics
[2025-03-22 06:27:40,301] INFO: bro (9/2012): Updated existing record with 11 non-zero financial metrics
[2025-03-22 06:27:40,331] INFO: bro (12/2012): Updated existing record with 14 non-zero financial metrics
[2025-03-22 06:27:40,359] INFO: bro (3/2013): Updated existing record with 14 non-zero financial metrics
[2025-03-22 06:27:40,386] INFO: bro (6/2013): Updated existing record with 11 non-zero financial metrics
[2025-03-22 06:27:40,412] INFO: bro (9/2013): Updated existing record with 11 non-zero financial metrics
[2025-03-22 06:27:40,440] INFO: bro (12/2013): Updated existing record with 14 non-zero financial metrics
[2025-03-22 06:27:40,467] INFO: bro (3/2014): Updated existing record with 11 non-zero financial metrics
[2025-03-22 06:27:40,495] INFO: bro (6/2014): Updated existing record with 11 non-zero financial metrics
[2025-03-22 06:27:40,523] INFO: bro (9/2014): Updated existing record with 11 non-zero financial metrics
[2025-03-22 06:27:40,549] INFO: bro (12/2014): Updated existing record with 12 non-zero financial metrics
[2025-03-22 06:27:40,578] INFO: bro (3/2015): Updated existing record with 12 non-zero financial metrics
[2025-03-22 06:27:40,606] INFO: bro (6/2015): Updated existing record with 11 non-zero financial metrics
[2025-03-22 06:27:40,633] INFO: bro (9/2015): Updated existing record with 11 non-zero financial metrics
[2025-03-22 06:27:40,662] INFO: bro (12/2015): Updated existing record with 12 non-zero financial metrics
[2025-03-22 06:27:40,688] INFO: bro (3/2016): Updated existing record with 12 non-zero financial metrics
[2025-03-22 06:27:40,715] INFO: bro (6/2016): Updated existing record with 11 non-zero financial metrics
[2025-03-22 06:27:40,742] INFO: bro (9/2016): Updated existing record with 11 non-zero financial metrics
[2025-03-22 06:27:40,769] INFO: bro (12/2016): Updated existing record with 12 non-zero financial metrics
[2025-03-22 06:27:40,784] WARNING: bro (3/2017): Found zero values for fields: Share Repurchases
[2025-03-22 06:27:40,797] INFO: bro (3/2017): Updated existing record with 11 non-zero financial metrics
[2025-03-22 06:27:40,824] INFO: bro (6/2017): Updated existing record with 11 non-zero financial metrics
[2025-03-22 06:27:40,852] INFO: bro (9/2017): Updated existing record with 11 non-zero financial metrics
[2025-03-22 06:27:40,880] INFO: bro (12/2017): Updated existing record with 13 non-zero financial metrics
[2025-03-22 06:27:40,908] INFO: bro (3/2018): Updated existing record with 13 non-zero financial metrics
[2025-03-22 06:27:40,935] INFO: bro (6/2018): Updated existing record with 12 non-zero financial metrics
[2025-03-22 06:27:40,962] INFO: bro (9/2018): Updated existing record with 12 non-zero financial metrics
[2025-03-22 06:27:40,989] INFO: bro (12/2018): Updated existing record with 13 non-zero financial metrics
[2025-03-22 06:27:41,003] WARNING: bro (3/2019): Found zero values for fields: Share Repurchases
[2025-03-22 06:27:41,017] INFO: bro (3/2019): Updated existing record with 12 non-zero financial metrics
[2025-03-22 06:27:41,046] INFO: bro (6/2019): Updated existing record with 12 non-zero financial metrics
[2025-03-22 06:27:41,074] INFO: bro (9/2019): Updated existing record with 12 non-zero financial metrics
[2025-03-22 06:27:41,101] INFO: bro (12/2019): Updated existing record with 16 non-zero financial metrics
[2025-03-22 06:27:41,131] INFO: bro (3/2020): Updated existing record with 16 non-zero financial metrics
[2025-03-22 06:27:41,159] INFO: bro (6/2020): Updated existing record with 12 non-zero financial metrics
[2025-03-22 06:27:41,187] INFO: bro (9/2020): Updated existing record with 12 non-zero financial metrics
[2025-03-22 06:27:41,217] INFO: bro (12/2020): Updated existing record with 16 non-zero financial metrics
[2025-03-22 06:27:41,243] INFO: bro (3/2021): Updated existing record with 16 non-zero financial metrics
[2025-03-22 06:27:41,272] INFO: bro (6/2021): Updated existing record with 12 non-zero financial metrics
[2025-03-22 06:27:41,299] INFO: bro (9/2021): Updated existing record with 12 non-zero financial metrics
[2025-03-22 06:27:41,328] INFO: bro (12/2021): Updated existing record with 16 non-zero financial metrics
[2025-03-22 06:27:41,356] INFO: bro (3/2022): Updated existing record with 16 non-zero financial metrics
[2025-03-22 06:27:41,383] INFO: bro (6/2022): Updated existing record with 12 non-zero financial metrics
[2025-03-22 06:27:41,411] INFO: bro (9/2022): Updated existing record with 12 non-zero financial metrics
[2025-03-22 06:27:41,438] INFO: bro (12/2022): Updated existing record with 16 non-zero financial metrics
[2025-03-22 06:27:41,465] INFO: bro (3/2023): Updated existing record with 16 non-zero financial metrics
[2025-03-22 06:27:41,492] INFO: bro (6/2023): Updated existing record with 12 non-zero financial metrics
[2025-03-22 06:27:41,519] INFO: bro (9/2023): Updated existing record with 12 non-zero financial metrics
[2025-03-22 06:27:41,546] INFO: bro (12/2023): Updated existing record with 16 non-zero financial metrics
[2025-03-22 06:27:41,575] INFO: bro (3/2024): Updated existing record with 14 non-zero financial metrics
[2025-03-22 06:27:41,601] INFO: bro (6/2024): Updated existing record with 10 non-zero financial metrics
[2025-03-22 06:27:41,628] INFO: bro (9/2024): Updated existing record with 9 non-zero financial metrics
[2025-03-22 06:27:41,655] INFO: bro (12/2024): Updated existing record with 13 non-zero financial metrics
