[2025-03-22 13:54:56,132] INFO: Trying adjusted date: 10/2013 (original: 9/2013)
[2025-03-22 13:54:56,145] WARNING: brx (9/2013): No existing record found(9/2013, 2013-09-30) - creating new one
[2025-03-22 13:54:56,145] INFO: brx (9/2013): Created new record with 8 non-zero financial metrics
[2025-03-22 13:54:56,177] INFO: brx (12/2013): Updated existing record with 0 non-zero financial metrics
[2025-03-22 13:54:56,207] INFO: brx (3/2014): Updated existing record with 11 non-zero financial metrics
[2025-03-22 13:54:56,236] INFO: brx (6/2014): Updated existing record with 8 non-zero financial metrics
[2025-03-22 13:54:56,266] INFO: brx (9/2014): Updated existing record with 8 non-zero financial metrics
[2025-03-22 13:54:56,296] INFO: brx (12/2014): Updated existing record with 11 non-zero financial metrics
[2025-03-22 13:54:56,327] INFO: brx (3/2015): Updated existing record with 11 non-zero financial metrics
[2025-03-22 13:54:56,357] INFO: brx (6/2015): Updated existing record with 9 non-zero financial metrics
[2025-03-22 13:54:56,388] INFO: brx (9/2015): Updated existing record with 9 non-zero financial metrics
[2025-03-22 13:54:56,421] INFO: brx (12/2015): Updated existing record with 13 non-zero financial metrics
[2025-03-22 13:54:56,452] INFO: brx (3/2016): Updated existing record with 13 non-zero financial metrics
[2025-03-22 13:54:56,482] INFO: brx (6/2016): Updated existing record with 9 non-zero financial metrics
[2025-03-22 13:54:56,512] INFO: brx (9/2016): Updated existing record with 9 non-zero financial metrics
[2025-03-22 13:54:56,542] INFO: brx (12/2016): Updated existing record with 13 non-zero financial metrics
[2025-03-22 13:54:56,572] INFO: brx (3/2017): Updated existing record with 12 non-zero financial metrics
[2025-03-22 13:54:56,602] INFO: brx (6/2017): Updated existing record with 9 non-zero financial metrics
[2025-03-22 13:54:56,632] INFO: brx (9/2017): Updated existing record with 9 non-zero financial metrics
[2025-03-22 13:54:56,662] INFO: brx (12/2017): Updated existing record with 13 non-zero financial metrics
[2025-03-22 13:54:56,693] INFO: brx (3/2018): Updated existing record with 12 non-zero financial metrics
[2025-03-22 13:54:56,722] INFO: brx (6/2018): Updated existing record with 8 non-zero financial metrics
[2025-03-22 13:54:56,752] INFO: brx (9/2018): Updated existing record with 8 non-zero financial metrics
[2025-03-22 13:54:56,783] INFO: brx (12/2018): Updated existing record with 12 non-zero financial metrics
[2025-03-22 13:54:56,814] INFO: brx (3/2019): Updated existing record with 11 non-zero financial metrics
[2025-03-22 13:54:56,844] INFO: brx (6/2019): Updated existing record with 7 non-zero financial metrics
[2025-03-22 13:54:56,876] INFO: brx (9/2019): Updated existing record with 7 non-zero financial metrics
[2025-03-22 13:54:56,906] INFO: brx (12/2019): Updated existing record with 11 non-zero financial metrics
[2025-03-22 13:54:56,936] INFO: brx (3/2020): Updated existing record with 11 non-zero financial metrics
[2025-03-22 13:54:56,966] INFO: brx (6/2020): Updated existing record with 7 non-zero financial metrics
[2025-03-22 13:54:56,997] INFO: brx (9/2020): Updated existing record with 7 non-zero financial metrics
[2025-03-22 13:54:57,026] INFO: brx (12/2020): Updated existing record with 11 non-zero financial metrics
[2025-03-22 13:54:57,043] WARNING: brx (3/2021): Found zero values for fields: Share Repurchases
[2025-03-22 13:54:57,057] INFO: brx (3/2021): Updated existing record with 10 non-zero financial metrics
[2025-03-22 13:54:57,087] INFO: brx (6/2021): Updated existing record with 7 non-zero financial metrics
[2025-03-22 13:54:57,118] INFO: brx (9/2021): Updated existing record with 7 non-zero financial metrics
[2025-03-22 13:54:57,134] WARNING: brx (12/2021): Found zero values for fields: Share Repurchases
[2025-03-22 13:54:57,149] INFO: brx (12/2021): Updated existing record with 10 non-zero financial metrics
[2025-03-22 13:54:57,180] INFO: brx (3/2022): Updated existing record with 10 non-zero financial metrics
[2025-03-22 13:54:57,211] INFO: brx (6/2022): Updated existing record with 7 non-zero financial metrics
[2025-03-22 13:54:57,241] INFO: brx (9/2022): Updated existing record with 7 non-zero financial metrics
[2025-03-22 13:54:57,258] WARNING: brx (12/2022): Found zero values for fields: Share Repurchases
[2025-03-22 13:54:57,272] INFO: brx (12/2022): Updated existing record with 10 non-zero financial metrics
[2025-03-22 13:54:57,305] INFO: brx (3/2023): Updated existing record with 10 non-zero financial metrics
[2025-03-22 13:54:57,336] INFO: brx (6/2023): Updated existing record with 7 non-zero financial metrics
[2025-03-22 13:54:57,366] INFO: brx (9/2023): Updated existing record with 7 non-zero financial metrics
[2025-03-22 13:54:57,397] INFO: brx (12/2023): Updated existing record with 10 non-zero financial metrics
[2025-03-22 13:54:57,427] INFO: brx (3/2024): Updated existing record with 10 non-zero financial metrics
[2025-03-22 13:54:57,457] INFO: brx (6/2024): Updated existing record with 7 non-zero financial metrics
[2025-03-22 13:54:57,490] INFO: brx (9/2024): Updated existing record with 6 non-zero financial metrics
[2025-03-22 13:54:57,506] INFO: Trying adjusted date: 1/2025 (original: 12/2024)
[2025-03-22 13:54:57,520] WARNING: brx (12/2024): No existing record found(12/2024, 2024-12-31) - creating new one
[2025-03-22 13:54:57,521] INFO: brx (12/2024): Created new record with 10 non-zero financial metrics
