[2025-03-22 10:54:57,056] INFO: Trying adjusted date: 4/2010 (original: 3/2010)
[2025-03-22 10:54:57,069] WARNING: bwa (3/2010): No existing record found(3/2010, 2010-03-31) - creating new one
[2025-03-22 10:54:57,070] INFO: bwa (3/2010): Created new record with 14 non-zero financial metrics
[2025-03-22 10:54:57,087] INFO: Trying adjusted date: 7/2010 (original: 6/2010)
[2025-03-22 10:54:57,100] WARNING: bwa (6/2010): No existing record found(6/2010, 2010-06-30) - creating new one
[2025-03-22 10:54:57,100] INFO: bwa (6/2010): Created new record with 12 non-zero financial metrics
[2025-03-22 10:54:57,116] INFO: Trying adjusted date: 10/2010 (original: 9/2010)
[2025-03-22 10:54:57,129] WARNING: bwa (9/2010): No existing record found(9/2010, 2010-09-30) - creating new one
[2025-03-22 10:54:57,130] INFO: bwa (9/2010): Created new record with 12 non-zero financial metrics
[2025-03-22 10:54:57,148] INFO: Trying adjusted date: 1/2011 (original: 12/2010)
[2025-03-22 10:54:57,161] WARNING: bwa (12/2010): No existing record found(12/2010, 2010-12-31) - creating new one
[2025-03-22 10:54:57,162] INFO: bwa (12/2010): Created new record with 18 non-zero financial metrics
[2025-03-22 10:54:57,179] INFO: Trying adjusted date: 4/2011 (original: 3/2011)
[2025-03-22 10:54:57,192] WARNING: bwa (3/2011): No existing record found(3/2011, 2011-03-31) - creating new one
[2025-03-22 10:54:57,193] INFO: bwa (3/2011): Created new record with 17 non-zero financial metrics
[2025-03-22 10:54:57,210] INFO: Trying adjusted date: 7/2011 (original: 6/2011)
[2025-03-22 10:54:57,223] WARNING: bwa (6/2011): No existing record found(6/2011, 2011-06-30) - creating new one
[2025-03-22 10:54:57,224] INFO: bwa (6/2011): Created new record with 14 non-zero financial metrics
[2025-03-22 10:54:57,239] INFO: Trying adjusted date: 10/2011 (original: 9/2011)
[2025-03-22 10:54:57,252] WARNING: bwa (9/2011): No existing record found(9/2011, 2011-09-30) - creating new one
[2025-03-22 10:54:57,252] INFO: bwa (9/2011): Created new record with 14 non-zero financial metrics
[2025-03-22 10:54:57,268] INFO: Trying adjusted date: 1/2012 (original: 12/2011)
[2025-03-22 10:54:57,282] WARNING: bwa (12/2011): No existing record found(12/2011, 2011-12-31) - creating new one
[2025-03-22 10:54:57,282] INFO: bwa (12/2011): Created new record with 18 non-zero financial metrics
[2025-03-22 10:54:57,299] INFO: Trying adjusted date: 4/2012 (original: 3/2012)
[2025-03-22 10:54:57,312] WARNING: bwa (3/2012): Found zero values for fields: Share Repurchases
[2025-03-22 10:54:57,313] WARNING: bwa (3/2012): No existing record found(3/2012, 2012-03-31) - creating new one
[2025-03-22 10:54:57,313] INFO: bwa (3/2012): Created new record with 17 non-zero financial metrics
[2025-03-22 10:54:57,329] INFO: Trying adjusted date: 7/2012 (original: 6/2012)
[2025-03-22 10:54:57,342] WARNING: bwa (6/2012): No existing record found(6/2012, 2012-06-30) - creating new one
[2025-03-22 10:54:57,342] INFO: bwa (6/2012): Created new record with 14 non-zero financial metrics
[2025-03-22 10:54:57,370] INFO: bwa (9/2012): Updated existing record with 14 non-zero financial metrics
[2025-03-22 10:54:57,399] INFO: bwa (12/2012): Updated existing record with 18 non-zero financial metrics
[2025-03-22 10:54:57,427] INFO: bwa (3/2013): Updated existing record with 18 non-zero financial metrics
[2025-03-22 10:54:57,456] INFO: bwa (6/2013): Updated existing record with 14 non-zero financial metrics
[2025-03-22 10:54:57,487] INFO: bwa (9/2013): Updated existing record with 13 non-zero financial metrics
[2025-03-22 10:54:57,516] INFO: bwa (12/2013): Updated existing record with 19 non-zero financial metrics
[2025-03-22 10:54:57,531] WARNING: bwa (3/2014): Found zero values for fields: Share Repurchases
[2025-03-22 10:54:57,545] INFO: bwa (3/2014): Updated existing record with 17 non-zero financial metrics
[2025-03-22 10:54:57,573] INFO: bwa (6/2014): Updated existing record with 14 non-zero financial metrics
[2025-03-22 10:54:57,602] INFO: bwa (9/2014): Updated existing record with 14 non-zero financial metrics
[2025-03-22 10:54:57,632] INFO: bwa (12/2014): Updated existing record with 19 non-zero financial metrics
[2025-03-22 10:54:57,649] INFO: Trying adjusted date: 5/2015 (original: 4/2015)
[2025-03-22 10:54:57,662] WARNING: bwa (4/2015): No existing record found(4/2015, 2015-04-30) - creating new one
[2025-03-22 10:54:57,662] INFO: bwa (4/2015): Created new record with 0 non-zero financial metrics
[2025-03-22 10:54:57,692] INFO: bwa (6/2015): Updated existing record with 14 non-zero financial metrics
[2025-03-22 10:54:57,723] INFO: bwa (9/2015): Updated existing record with 14 non-zero financial metrics
[2025-03-22 10:54:57,752] INFO: bwa (12/2015): Updated existing record with 19 non-zero financial metrics
[2025-03-22 10:54:57,781] INFO: bwa (3/2016): Updated existing record with 18 non-zero financial metrics
[2025-03-22 10:54:57,810] INFO: bwa (6/2016): Updated existing record with 13 non-zero financial metrics
[2025-03-22 10:54:57,838] INFO: bwa (9/2016): Updated existing record with 13 non-zero financial metrics
[2025-03-22 10:54:57,867] INFO: bwa (12/2016): Updated existing record with 19 non-zero financial metrics
[2025-03-22 10:54:57,897] INFO: bwa (3/2017): Updated existing record with 17 non-zero financial metrics
[2025-03-22 10:54:57,927] INFO: bwa (6/2017): Updated existing record with 13 non-zero financial metrics
[2025-03-22 10:54:57,956] INFO: bwa (9/2017): Updated existing record with 13 non-zero financial metrics
[2025-03-22 10:54:57,985] INFO: bwa (12/2017): Updated existing record with 19 non-zero financial metrics
[2025-03-22 10:54:58,014] INFO: bwa (3/2018): Updated existing record with 17 non-zero financial metrics
[2025-03-22 10:54:58,043] INFO: bwa (6/2018): Updated existing record with 13 non-zero financial metrics
[2025-03-22 10:54:58,072] INFO: bwa (9/2018): Updated existing record with 14 non-zero financial metrics
[2025-03-22 10:54:58,102] INFO: bwa (12/2018): Updated existing record with 19 non-zero financial metrics
[2025-03-22 10:54:58,131] INFO: bwa (3/2019): Updated existing record with 18 non-zero financial metrics
[2025-03-22 10:54:58,160] INFO: bwa (6/2019): Updated existing record with 14 non-zero financial metrics
[2025-03-22 10:54:58,188] INFO: bwa (9/2019): Updated existing record with 14 non-zero financial metrics
[2025-03-22 10:54:58,217] INFO: bwa (12/2019): Updated existing record with 19 non-zero financial metrics
[2025-03-22 10:54:58,235] WARNING: bwa (3/2020): Found zero values for fields: Share Repurchases
[2025-03-22 10:54:58,248] INFO: bwa (3/2020): Updated existing record with 17 non-zero financial metrics
[2025-03-22 10:54:58,280] INFO: bwa (6/2020): Updated existing record with 14 non-zero financial metrics
[2025-03-22 10:54:58,311] INFO: bwa (9/2020): Updated existing record with 14 non-zero financial metrics
[2025-03-22 10:54:58,340] INFO: bwa (12/2020): Updated existing record with 18 non-zero financial metrics
[2025-03-22 10:54:58,369] INFO: bwa (3/2021): Updated existing record with 16 non-zero financial metrics
[2025-03-22 10:54:58,399] INFO: bwa (6/2021): Updated existing record with 14 non-zero financial metrics
[2025-03-22 10:54:58,429] INFO: bwa (9/2021): Updated existing record with 14 non-zero financial metrics
[2025-03-22 10:54:58,445] WARNING: bwa (12/2021): Found zero values for fields: Share Repurchases
[2025-03-22 10:54:58,458] INFO: bwa (12/2021): Updated existing record with 19 non-zero financial metrics
[2025-03-22 10:54:58,488] INFO: bwa (3/2022): Updated existing record with 19 non-zero financial metrics
[2025-03-22 10:54:58,517] INFO: bwa (6/2022): Updated existing record with 14 non-zero financial metrics
[2025-03-22 10:54:58,547] INFO: bwa (9/2022): Updated existing record with 14 non-zero financial metrics
[2025-03-22 10:54:58,577] INFO: bwa (12/2022): Updated existing record with 19 non-zero financial metrics
[2025-03-22 10:54:58,593] WARNING: bwa (3/2023): Found zero values for fields: Share Repurchases
[2025-03-22 10:54:58,607] INFO: bwa (3/2023): Updated existing record with 17 non-zero financial metrics
[2025-03-22 10:54:58,635] INFO: bwa (6/2023): Updated existing record with 14 non-zero financial metrics
[2025-03-22 10:54:58,668] INFO: bwa (9/2023): Updated existing record with 14 non-zero financial metrics
[2025-03-22 10:54:58,699] INFO: bwa (12/2023): Updated existing record with 16 non-zero financial metrics
[2025-03-22 10:54:58,729] INFO: bwa (3/2024): Updated existing record with 16 non-zero financial metrics
[2025-03-22 10:54:58,758] INFO: bwa (6/2024): Updated existing record with 14 non-zero financial metrics
[2025-03-22 10:54:58,788] INFO: bwa (9/2024): Updated existing record with 14 non-zero financial metrics
[2025-03-22 10:54:58,806] INFO: Trying adjusted date: 1/2025 (original: 12/2024)
[2025-03-22 10:54:58,819] WARNING: bwa (12/2024): No existing record found(12/2024, 2024-12-31) - creating new one
[2025-03-22 10:54:58,820] INFO: bwa (12/2024): Created new record with 16 non-zero financial metrics
