[2025-03-22 00:16:39,245] INFO: Trying adjusted date: 7/2010 (original: 6/2010)
[2025-03-22 00:16:39,255] WARNING: bx (6/2010): No existing record found(6/2010, 2010-06-30) - creating new one
[2025-03-22 00:16:39,256] INFO: bx (6/2010): Created new record with 10 non-zero financial metrics
[2025-03-22 00:16:39,268] INFO: Trying adjusted date: 10/2010 (original: 9/2010)
[2025-03-22 00:16:39,280] WARNING: bx (9/2010): No existing record found(9/2010, 2010-09-30) - creating new one
[2025-03-22 00:16:39,281] INFO: bx (9/2010): Created new record with 10 non-zero financial metrics
[2025-03-22 00:16:39,293] INFO: Trying adjusted date: 1/2011 (original: 12/2010)
[2025-03-22 00:16:39,305] WARNING: bx (12/2010): No existing record found(12/2010, 2010-12-31) - creating new one
[2025-03-22 00:16:39,306] INFO: bx (12/2010): Created new record with 14 non-zero financial metrics
[2025-03-22 00:16:39,318] INFO: Trying adjusted date: 4/2011 (original: 3/2011)
[2025-03-22 00:16:39,330] WARNING: bx (3/2011): No existing record found(3/2011, 2011-03-31) - creating new one
[2025-03-22 00:16:39,331] INFO: bx (3/2011): Created new record with 14 non-zero financial metrics
[2025-03-22 00:16:39,344] INFO: Trying adjusted date: 7/2011 (original: 6/2011)
[2025-03-22 00:16:39,355] WARNING: bx (6/2011): No existing record found(6/2011, 2011-06-30) - creating new one
[2025-03-22 00:16:39,356] INFO: bx (6/2011): Created new record with 10 non-zero financial metrics
[2025-03-22 00:16:39,372] INFO: Trying adjusted date: 10/2011 (original: 9/2011)
[2025-03-22 00:16:39,384] WARNING: bx (9/2011): No existing record found(9/2011, 2011-09-30) - creating new one
[2025-03-22 00:16:39,385] INFO: bx (9/2011): Created new record with 9 non-zero financial metrics
[2025-03-22 00:16:39,398] INFO: Trying adjusted date: 1/2012 (original: 12/2011)
[2025-03-22 00:16:39,410] WARNING: bx (12/2011): No existing record found(12/2011, 2011-12-31) - creating new one
[2025-03-22 00:16:39,410] INFO: bx (12/2011): Created new record with 13 non-zero financial metrics
[2025-03-22 00:16:39,423] INFO: Trying adjusted date: 4/2012 (original: 3/2012)
[2025-03-22 00:16:39,434] WARNING: bx (3/2012): No existing record found(3/2012, 2012-03-31) - creating new one
[2025-03-22 00:16:39,435] INFO: bx (3/2012): Created new record with 14 non-zero financial metrics
[2025-03-22 00:16:39,448] INFO: Trying adjusted date: 7/2012 (original: 6/2012)
[2025-03-22 00:16:39,460] WARNING: bx (6/2012): No existing record found(6/2012, 2012-06-30) - creating new one
[2025-03-22 00:16:39,461] INFO: bx (6/2012): Created new record with 10 non-zero financial metrics
[2025-03-22 00:16:39,485] INFO: bx (9/2012): Updated existing record with 10 non-zero financial metrics
[2025-03-22 00:16:39,509] INFO: bx (12/2012): Updated existing record with 14 non-zero financial metrics
[2025-03-22 00:16:39,536] INFO: bx (3/2013): Updated existing record with 14 non-zero financial metrics
[2025-03-22 00:16:39,560] INFO: bx (6/2013): Updated existing record with 10 non-zero financial metrics
[2025-03-22 00:16:39,585] INFO: bx (9/2013): Updated existing record with 10 non-zero financial metrics
[2025-03-22 00:16:39,610] INFO: bx (12/2013): Updated existing record with 14 non-zero financial metrics
[2025-03-22 00:16:39,635] INFO: bx (3/2014): Updated existing record with 15 non-zero financial metrics
[2025-03-22 00:16:39,659] INFO: bx (6/2014): Updated existing record with 11 non-zero financial metrics
[2025-03-22 00:16:39,684] INFO: bx (9/2014): Updated existing record with 11 non-zero financial metrics
[2025-03-22 00:16:39,707] INFO: bx (12/2014): Updated existing record with 12 non-zero financial metrics
[2025-03-22 00:16:39,732] INFO: bx (3/2015): Updated existing record with 12 non-zero financial metrics
[2025-03-22 00:16:39,757] INFO: bx (6/2015): Updated existing record with 11 non-zero financial metrics
[2025-03-22 00:16:39,781] INFO: bx (9/2015): Updated existing record with 11 non-zero financial metrics
[2025-03-22 00:16:39,805] INFO: bx (12/2015): Updated existing record with 12 non-zero financial metrics
[2025-03-22 00:16:39,830] INFO: bx (3/2016): Updated existing record with 12 non-zero financial metrics
[2025-03-22 00:16:39,855] INFO: bx (6/2016): Updated existing record with 11 non-zero financial metrics
[2025-03-22 00:16:39,879] INFO: bx (9/2016): Updated existing record with 11 non-zero financial metrics
[2025-03-22 00:16:39,903] INFO: bx (12/2016): Updated existing record with 12 non-zero financial metrics
[2025-03-22 00:16:39,928] INFO: bx (3/2017): Updated existing record with 12 non-zero financial metrics
[2025-03-22 00:16:39,953] INFO: bx (6/2017): Updated existing record with 11 non-zero financial metrics
[2025-03-22 00:16:39,977] INFO: bx (9/2017): Updated existing record with 11 non-zero financial metrics
[2025-03-22 00:16:40,001] INFO: bx (12/2017): Updated existing record with 12 non-zero financial metrics
[2025-03-22 00:16:40,025] INFO: bx (3/2018): Updated existing record with 12 non-zero financial metrics
[2025-03-22 00:16:40,050] INFO: bx (6/2018): Updated existing record with 11 non-zero financial metrics
[2025-03-22 00:16:40,073] INFO: bx (9/2018): Updated existing record with 11 non-zero financial metrics
[2025-03-22 00:16:40,097] INFO: bx (12/2018): Updated existing record with 15 non-zero financial metrics
[2025-03-22 00:16:40,121] INFO: bx (3/2019): Updated existing record with 15 non-zero financial metrics
[2025-03-22 00:16:40,145] INFO: bx (6/2019): Updated existing record with 11 non-zero financial metrics
[2025-03-22 00:16:40,170] INFO: bx (9/2019): Updated existing record with 12 non-zero financial metrics
[2025-03-22 00:16:40,194] INFO: bx (12/2019): Updated existing record with 16 non-zero financial metrics
[2025-03-22 00:16:40,219] INFO: bx (3/2020): Updated existing record with 16 non-zero financial metrics
[2025-03-22 00:16:40,244] INFO: bx (6/2020): Updated existing record with 12 non-zero financial metrics
[2025-03-22 00:16:40,272] INFO: bx (9/2020): Updated existing record with 12 non-zero financial metrics
[2025-03-22 00:16:40,297] INFO: bx (12/2020): Updated existing record with 16 non-zero financial metrics
[2025-03-22 00:16:40,322] INFO: bx (3/2021): Updated existing record with 16 non-zero financial metrics
[2025-03-22 00:16:40,346] INFO: bx (6/2021): Updated existing record with 12 non-zero financial metrics
[2025-03-22 00:16:40,370] INFO: bx (9/2021): Updated existing record with 12 non-zero financial metrics
[2025-03-22 00:16:40,396] INFO: bx (12/2021): Updated existing record with 16 non-zero financial metrics
[2025-03-22 00:16:40,420] INFO: bx (3/2022): Updated existing record with 16 non-zero financial metrics
[2025-03-22 00:16:40,445] INFO: bx (6/2022): Updated existing record with 12 non-zero financial metrics
[2025-03-22 00:16:40,457] WARNING: bx (9/2022): Found zero values for fields: EPS Diluted
[2025-03-22 00:16:40,469] INFO: bx (9/2022): Updated existing record with 11 non-zero financial metrics
[2025-03-22 00:16:40,493] INFO: bx (12/2022): Updated existing record with 16 non-zero financial metrics
[2025-03-22 00:16:40,518] INFO: bx (3/2023): Updated existing record with 16 non-zero financial metrics
[2025-03-22 00:16:40,542] INFO: bx (6/2023): Updated existing record with 12 non-zero financial metrics
[2025-03-22 00:16:40,566] INFO: bx (9/2023): Updated existing record with 12 non-zero financial metrics
[2025-03-22 00:16:40,591] INFO: bx (12/2023): Updated existing record with 16 non-zero financial metrics
[2025-03-22 00:16:40,616] INFO: bx (3/2024): Updated existing record with 16 non-zero financial metrics
[2025-03-22 00:16:40,641] INFO: bx (6/2024): Updated existing record with 12 non-zero financial metrics
[2025-03-22 00:16:40,665] INFO: bx (9/2024): Updated existing record with 12 non-zero financial metrics
[2025-03-22 00:16:40,690] INFO: bx (12/2024): Updated existing record with 16 non-zero financial metrics
