[2025-03-22 14:16:10,616] INFO: Trying adjusted date: 7/2011 (original: 6/2011)
[2025-03-22 14:16:10,630] WARNING: byd (6/2011): No existing record found(6/2011, 2011-06-30) - creating new one
[2025-03-22 14:16:10,631] INFO: byd (6/2011): Created new record with 12 non-zero financial metrics
[2025-03-22 14:16:10,650] INFO: Trying adjusted date: 10/2011 (original: 9/2011)
[2025-03-22 14:16:10,664] WARNING: byd (9/2011): No existing record found(9/2011, 2011-09-30) - creating new one
[2025-03-22 14:16:10,665] INFO: byd (9/2011): Created new record with 12 non-zero financial metrics
[2025-03-22 14:16:10,681] INFO: Trying adjusted date: 1/2012 (original: 12/2011)
[2025-03-22 14:16:10,695] WARNING: byd (12/2011): Found zero values for fields: Share Repurchases
[2025-03-22 14:16:10,696] WARNING: byd (12/2011): No existing record found(12/2011, 2011-12-31) - creating new one
[2025-03-22 14:16:10,696] INFO: byd (12/2011): Created new record with 16 non-zero financial metrics
[2025-03-22 14:16:10,712] INFO: Trying adjusted date: 4/2012 (original: 3/2012)
[2025-03-22 14:16:10,727] WARNING: byd (3/2012): No existing record found(3/2012, 2012-03-31) - creating new one
[2025-03-22 14:16:10,728] INFO: byd (3/2012): Created new record with 16 non-zero financial metrics
[2025-03-22 14:16:10,744] INFO: Trying adjusted date: 7/2012 (original: 6/2012)
[2025-03-22 14:16:10,758] WARNING: byd (6/2012): No existing record found(6/2012, 2012-06-30) - creating new one
[2025-03-22 14:16:10,759] INFO: byd (6/2012): Created new record with 12 non-zero financial metrics
[2025-03-22 14:16:10,789] INFO: byd (9/2012): Updated existing record with 12 non-zero financial metrics
[2025-03-22 14:16:10,819] INFO: byd (12/2012): Updated existing record with 16 non-zero financial metrics
[2025-03-22 14:16:10,850] INFO: byd (3/2013): Updated existing record with 16 non-zero financial metrics
[2025-03-22 14:16:10,868] INFO: Trying adjusted date: 7/2013 (original: 6/2013)
[2025-03-22 14:16:10,883] WARNING: byd (6/2013): No existing record found(6/2013, 2013-06-30) - creating new one
[2025-03-22 14:16:10,883] INFO: byd (6/2013): Created new record with 12 non-zero financial metrics
[2025-03-22 14:16:10,914] INFO: byd (9/2013): Updated existing record with 12 non-zero financial metrics
[2025-03-22 14:16:10,945] INFO: byd (12/2013): Updated existing record with 16 non-zero financial metrics
[2025-03-22 14:16:10,961] INFO: Trying adjusted date: 4/2014 (original: 3/2014)
[2025-03-22 14:16:10,975] WARNING: byd (3/2014): No existing record found(3/2014, 2014-03-31) - creating new one
[2025-03-22 14:16:10,976] INFO: byd (3/2014): Created new record with 16 non-zero financial metrics
[2025-03-22 14:16:11,006] INFO: byd (6/2014): Updated existing record with 12 non-zero financial metrics
[2025-03-22 14:16:11,023] INFO: Trying adjusted date: 10/2014 (original: 9/2014)
[2025-03-22 14:16:11,037] WARNING: byd (9/2014): No existing record found(9/2014, 2014-09-30) - creating new one
[2025-03-22 14:16:11,037] INFO: byd (9/2014): Created new record with 12 non-zero financial metrics
[2025-03-22 14:16:11,068] INFO: byd (12/2014): Updated existing record with 16 non-zero financial metrics
[2025-03-22 14:16:11,098] INFO: byd (3/2015): Updated existing record with 16 non-zero financial metrics
[2025-03-22 14:16:11,128] INFO: byd (6/2015): Updated existing record with 12 non-zero financial metrics
[2025-03-22 14:16:11,158] INFO: byd (9/2015): Updated existing record with 12 non-zero financial metrics
[2025-03-22 14:16:11,189] INFO: byd (12/2015): Updated existing record with 16 non-zero financial metrics
[2025-03-22 14:16:11,221] INFO: byd (3/2016): Updated existing record with 16 non-zero financial metrics
[2025-03-22 14:16:11,252] INFO: byd (6/2016): Updated existing record with 12 non-zero financial metrics
[2025-03-22 14:16:11,283] INFO: byd (9/2016): Updated existing record with 12 non-zero financial metrics
[2025-03-22 14:16:11,313] INFO: byd (12/2016): Updated existing record with 16 non-zero financial metrics
[2025-03-22 14:16:11,343] INFO: byd (3/2017): Updated existing record with 16 non-zero financial metrics
[2025-03-22 14:16:11,374] INFO: byd (6/2017): Updated existing record with 12 non-zero financial metrics
[2025-03-22 14:16:11,404] INFO: byd (9/2017): Updated existing record with 12 non-zero financial metrics
[2025-03-22 14:16:11,436] INFO: byd (12/2017): Updated existing record with 16 non-zero financial metrics
[2025-03-22 14:16:11,466] INFO: byd (3/2018): Updated existing record with 15 non-zero financial metrics
[2025-03-22 14:16:11,498] INFO: byd (6/2018): Updated existing record with 11 non-zero financial metrics
[2025-03-22 14:16:11,527] INFO: byd (9/2018): Updated existing record with 11 non-zero financial metrics
[2025-03-22 14:16:11,557] INFO: byd (12/2018): Updated existing record with 16 non-zero financial metrics
[2025-03-22 14:16:11,587] INFO: byd (3/2019): Updated existing record with 14 non-zero financial metrics
[2025-03-22 14:16:11,618] INFO: byd (6/2019): Updated existing record with 12 non-zero financial metrics
[2025-03-22 14:16:11,649] INFO: byd (9/2019): Updated existing record with 12 non-zero financial metrics
[2025-03-22 14:16:11,679] INFO: byd (12/2019): Updated existing record with 14 non-zero financial metrics
[2025-03-22 14:16:11,710] INFO: byd (3/2020): Updated existing record with 17 non-zero financial metrics
[2025-03-22 14:16:11,739] INFO: byd (6/2020): Updated existing record with 12 non-zero financial metrics
[2025-03-22 14:16:11,771] INFO: byd (9/2020): Updated existing record with 12 non-zero financial metrics
[2025-03-22 14:16:11,801] INFO: byd (12/2020): Updated existing record with 14 non-zero financial metrics
[2025-03-22 14:16:11,817] WARNING: byd (3/2021): Found zero values for fields: Share Repurchases
[2025-03-22 14:16:11,831] INFO: byd (3/2021): Updated existing record with 16 non-zero financial metrics
[2025-03-22 14:16:11,861] INFO: byd (6/2021): Updated existing record with 12 non-zero financial metrics
[2025-03-22 14:16:11,893] INFO: byd (9/2021): Updated existing record with 12 non-zero financial metrics
[2025-03-22 14:16:11,922] INFO: byd (12/2021): Updated existing record with 17 non-zero financial metrics
[2025-03-22 14:16:11,953] INFO: byd (3/2022): Updated existing record with 17 non-zero financial metrics
[2025-03-22 14:16:11,985] INFO: byd (6/2022): Updated existing record with 12 non-zero financial metrics
[2025-03-22 14:16:12,016] INFO: byd (9/2022): Updated existing record with 12 non-zero financial metrics
[2025-03-22 14:16:12,047] INFO: byd (12/2022): Updated existing record with 17 non-zero financial metrics
[2025-03-22 14:16:12,077] INFO: byd (3/2023): Updated existing record with 17 non-zero financial metrics
[2025-03-22 14:16:12,108] INFO: byd (6/2023): Updated existing record with 12 non-zero financial metrics
[2025-03-22 14:16:12,138] INFO: byd (9/2023): Updated existing record with 12 non-zero financial metrics
[2025-03-22 14:16:12,169] INFO: byd (12/2023): Updated existing record with 16 non-zero financial metrics
[2025-03-22 14:16:12,199] INFO: byd (3/2024): Updated existing record with 17 non-zero financial metrics
[2025-03-22 14:16:12,230] INFO: byd (6/2024): Updated existing record with 11 non-zero financial metrics
[2025-03-22 14:16:12,261] INFO: byd (9/2024): Updated existing record with 11 non-zero financial metrics
[2025-03-22 14:16:12,277] INFO: Trying adjusted date: 1/2025 (original: 12/2024)
[2025-03-22 14:16:12,291] WARNING: byd (12/2024): No existing record found(12/2024, 2024-12-31) - creating new one
[2025-03-22 14:16:12,292] INFO: byd (12/2024): Created new record with 17 non-zero financial metrics
