[2025-03-21 23:18:48,208] INFO: Trying adjusted date: 4/2010 (original: 3/2010)
[2025-03-21 23:18:48,219] WARNING: c (3/2010): No existing record found(3/2010, 2010-03-31) - creating new one
[2025-03-21 23:18:48,220] INFO: c (3/2010): Created new record with 13 non-zero financial metrics
[2025-03-21 23:18:48,234] INFO: Trying adjusted date: 7/2010 (original: 6/2010)
[2025-03-21 23:18:48,245] WARNING: c (6/2010): No existing record found(6/2010, 2010-06-30) - creating new one
[2025-03-21 23:18:48,246] INFO: c (6/2010): Created new record with 11 non-zero financial metrics
[2025-03-21 23:18:48,258] INFO: Trying adjusted date: 10/2010 (original: 9/2010)
[2025-03-21 23:18:48,269] WARNING: c (9/2010): No existing record found(9/2010, 2010-09-30) - creating new one
[2025-03-21 23:18:48,269] INFO: c (9/2010): Created new record with 11 non-zero financial metrics
[2025-03-21 23:18:48,283] INFO: Trying adjusted date: 1/2011 (original: 12/2010)
[2025-03-21 23:18:48,294] WARNING: c (12/2010): No existing record found(12/2010, 2010-12-31) - creating new one
[2025-03-21 23:18:48,295] INFO: c (12/2010): Created new record with 13 non-zero financial metrics
[2025-03-21 23:18:48,307] INFO: Trying adjusted date: 4/2011 (original: 3/2011)
[2025-03-21 23:18:48,318] WARNING: c (3/2011): No existing record found(3/2011, 2011-03-31) - creating new one
[2025-03-21 23:18:48,318] INFO: c (3/2011): Created new record with 12 non-zero financial metrics
[2025-03-21 23:18:48,331] INFO: Trying adjusted date: 7/2011 (original: 6/2011)
[2025-03-21 23:18:48,343] WARNING: c (6/2011): No existing record found(6/2011, 2011-06-30) - creating new one
[2025-03-21 23:18:48,344] INFO: c (6/2011): Created new record with 11 non-zero financial metrics
[2025-03-21 23:18:48,356] INFO: Trying adjusted date: 10/2011 (original: 9/2011)
[2025-03-21 23:18:48,367] WARNING: c (9/2011): No existing record found(9/2011, 2011-09-30) - creating new one
[2025-03-21 23:18:48,368] INFO: c (9/2011): Created new record with 11 non-zero financial metrics
[2025-03-21 23:18:48,380] INFO: Trying adjusted date: 1/2012 (original: 12/2011)
[2025-03-21 23:18:48,391] WARNING: c (12/2011): No existing record found(12/2011, 2011-12-31) - creating new one
[2025-03-21 23:18:48,392] INFO: c (12/2011): Created new record with 13 non-zero financial metrics
[2025-03-21 23:18:48,405] INFO: Trying adjusted date: 4/2012 (original: 3/2012)
[2025-03-21 23:18:48,416] WARNING: c (3/2012): No existing record found(3/2012, 2012-03-31) - creating new one
[2025-03-21 23:18:48,416] INFO: c (3/2012): Created new record with 13 non-zero financial metrics
[2025-03-21 23:18:48,441] INFO: c (6/2012): Updated existing record with 11 non-zero financial metrics
[2025-03-21 23:18:48,465] INFO: c (9/2012): Updated existing record with 11 non-zero financial metrics
[2025-03-21 23:18:48,490] INFO: c (12/2012): Updated existing record with 13 non-zero financial metrics
[2025-03-21 23:18:48,515] INFO: c (3/2013): Updated existing record with 12 non-zero financial metrics
[2025-03-21 23:18:48,538] INFO: c (6/2013): Updated existing record with 11 non-zero financial metrics
[2025-03-21 23:18:48,563] INFO: c (9/2013): Updated existing record with 11 non-zero financial metrics
[2025-03-21 23:18:48,587] INFO: c (12/2013): Updated existing record with 13 non-zero financial metrics
[2025-03-21 23:18:48,611] INFO: c (3/2014): Updated existing record with 13 non-zero financial metrics
[2025-03-21 23:18:48,635] INFO: c (6/2014): Updated existing record with 11 non-zero financial metrics
[2025-03-21 23:18:48,663] INFO: c (9/2014): Updated existing record with 11 non-zero financial metrics
[2025-03-21 23:18:48,686] INFO: c (12/2014): Updated existing record with 13 non-zero financial metrics
[2025-03-21 23:18:48,710] INFO: c (3/2015): Updated existing record with 13 non-zero financial metrics
[2025-03-21 23:18:48,735] INFO: c (6/2015): Updated existing record with 11 non-zero financial metrics
[2025-03-21 23:18:48,759] INFO: c (9/2015): Updated existing record with 11 non-zero financial metrics
[2025-03-21 23:18:48,784] INFO: c (12/2015): Updated existing record with 13 non-zero financial metrics
[2025-03-21 23:18:48,808] INFO: c (3/2016): Updated existing record with 13 non-zero financial metrics
[2025-03-21 23:18:48,833] INFO: c (6/2016): Updated existing record with 11 non-zero financial metrics
[2025-03-21 23:18:48,856] INFO: c (9/2016): Updated existing record with 11 non-zero financial metrics
[2025-03-21 23:18:48,883] INFO: c (12/2016): Updated existing record with 13 non-zero financial metrics
[2025-03-21 23:18:48,907] INFO: c (3/2017): Updated existing record with 13 non-zero financial metrics
[2025-03-21 23:18:48,933] INFO: c (6/2017): Updated existing record with 11 non-zero financial metrics
[2025-03-21 23:18:48,957] INFO: c (9/2017): Updated existing record with 11 non-zero financial metrics
[2025-03-21 23:18:48,981] INFO: c (12/2017): Updated existing record with 13 non-zero financial metrics
[2025-03-21 23:18:49,005] INFO: c (3/2018): Updated existing record with 14 non-zero financial metrics
[2025-03-21 23:18:49,029] INFO: c (6/2018): Updated existing record with 12 non-zero financial metrics
[2025-03-21 23:18:49,053] INFO: c (9/2018): Updated existing record with 12 non-zero financial metrics
[2025-03-21 23:18:49,077] INFO: c (12/2018): Updated existing record with 14 non-zero financial metrics
[2025-03-21 23:18:49,101] INFO: c (3/2019): Updated existing record with 13 non-zero financial metrics
[2025-03-21 23:18:49,126] INFO: c (6/2019): Updated existing record with 11 non-zero financial metrics
[2025-03-21 23:18:49,149] INFO: c (9/2019): Updated existing record with 11 non-zero financial metrics
[2025-03-21 23:18:49,174] INFO: c (12/2019): Updated existing record with 14 non-zero financial metrics
[2025-03-21 23:18:49,197] INFO: c (3/2020): Updated existing record with 14 non-zero financial metrics
[2025-03-21 23:18:49,221] INFO: c (6/2020): Updated existing record with 12 non-zero financial metrics
[2025-03-21 23:18:49,245] INFO: c (9/2020): Updated existing record with 12 non-zero financial metrics
[2025-03-21 23:18:49,268] INFO: c (12/2020): Updated existing record with 17 non-zero financial metrics
[2025-03-21 23:18:49,292] INFO: c (3/2021): Updated existing record with 16 non-zero financial metrics
[2025-03-21 23:18:49,316] INFO: c (6/2021): Updated existing record with 11 non-zero financial metrics
[2025-03-21 23:18:49,339] INFO: c (9/2021): Updated existing record with 11 non-zero financial metrics
[2025-03-21 23:18:49,363] INFO: c (12/2021): Updated existing record with 16 non-zero financial metrics
[2025-03-21 23:18:49,388] INFO: c (3/2022): Updated existing record with 16 non-zero financial metrics
[2025-03-21 23:18:49,413] INFO: c (6/2022): Updated existing record with 11 non-zero financial metrics
[2025-03-21 23:18:49,437] INFO: c (9/2022): Updated existing record with 11 non-zero financial metrics
[2025-03-21 23:18:49,461] INFO: c (12/2022): Updated existing record with 16 non-zero financial metrics
[2025-03-21 23:18:49,474] WARNING: c (3/2023): Found zero values for fields: Share Repurchases
[2025-03-21 23:18:49,485] INFO: c (3/2023): Updated existing record with 15 non-zero financial metrics
[2025-03-21 23:18:49,511] INFO: c (6/2023): Updated existing record with 11 non-zero financial metrics
[2025-03-21 23:18:49,534] INFO: c (9/2023): Updated existing record with 11 non-zero financial metrics
[2025-03-21 23:18:49,559] INFO: c (12/2023): Updated existing record with 16 non-zero financial metrics
[2025-03-21 23:18:49,584] INFO: c (3/2024): Updated existing record with 16 non-zero financial metrics
[2025-03-21 23:18:49,611] INFO: c (6/2024): Updated existing record with 11 non-zero financial metrics
[2025-03-21 23:18:49,636] INFO: c (9/2024): Updated existing record with 10 non-zero financial metrics
[2025-03-21 23:18:49,661] INFO: c (12/2024): Updated existing record with 15 non-zero financial metrics
