[2025-03-22 06:55:22,769] INFO: Trying adjusted date: 3/2010 (original: 2/2010)
[2025-03-22 06:55:22,782] WARNING: cag (2/2010): No existing record found(2/2010, 2010-02-28) - creating new one
[2025-03-22 06:55:22,782] INFO: cag (2/2010): Created new record with 11 non-zero financial metrics
[2025-03-22 06:55:22,799] INFO: Trying adjusted date: 6/2010 (original: 5/2010)
[2025-03-22 06:55:22,812] WARNING: cag (5/2010): No existing record found(5/2010, 2010-05-30) - creating new one
[2025-03-22 06:55:22,813] INFO: cag (5/2010): Created new record with 16 non-zero financial metrics
[2025-03-22 06:55:22,828] INFO: Trying adjusted date: 9/2010 (original: 8/2010)
[2025-03-22 06:55:22,841] WARNING: cag (8/2010): No existing record found(8/2010, 2010-08-29) - creating new one
[2025-03-22 06:55:22,842] INFO: cag (8/2010): Created new record with 17 non-zero financial metrics
[2025-03-22 06:55:22,857] INFO: Trying adjusted date: 12/2010 (original: 11/2010)
[2025-03-22 06:55:22,870] WARNING: cag (11/2010): No existing record found(11/2010, 2010-11-28) - creating new one
[2025-03-22 06:55:22,870] INFO: cag (11/2010): Created new record with 12 non-zero financial metrics
[2025-03-22 06:55:22,886] INFO: Trying adjusted date: 3/2011 (original: 2/2011)
[2025-03-22 06:55:22,900] WARNING: cag (2/2011): No existing record found(2/2011, 2011-02-27) - creating new one
[2025-03-22 06:55:22,900] INFO: cag (2/2011): Created new record with 12 non-zero financial metrics
[2025-03-22 06:55:22,915] INFO: Trying adjusted date: 6/2011 (original: 5/2011)
[2025-03-22 06:55:22,929] WARNING: cag (5/2011): No existing record found(5/2011, 2011-05-29) - creating new one
[2025-03-22 06:55:22,930] INFO: cag (5/2011): Created new record with 19 non-zero financial metrics
[2025-03-22 06:55:22,945] INFO: Trying adjusted date: 9/2011 (original: 8/2011)
[2025-03-22 06:55:22,958] WARNING: cag (8/2011): No existing record found(8/2011, 2011-08-28) - creating new one
[2025-03-22 06:55:22,959] INFO: cag (8/2011): Created new record with 17 non-zero financial metrics
[2025-03-22 06:55:22,974] INFO: Trying adjusted date: 12/2011 (original: 11/2011)
[2025-03-22 06:55:22,988] WARNING: cag (11/2011): No existing record found(11/2011, 2011-11-27) - creating new one
[2025-03-22 06:55:22,988] INFO: cag (11/2011): Created new record with 13 non-zero financial metrics
[2025-03-22 06:55:23,004] INFO: Trying adjusted date: 3/2012 (original: 2/2012)
[2025-03-22 06:55:23,017] WARNING: cag (2/2012): No existing record found(2/2012, 2012-02-26) - creating new one
[2025-03-22 06:55:23,018] INFO: cag (2/2012): Created new record with 13 non-zero financial metrics
[2025-03-22 06:55:23,032] INFO: Trying adjusted date: 6/2012 (original: 5/2012)
[2025-03-22 06:55:23,045] WARNING: cag (5/2012): No existing record found(5/2012, 2012-05-27) - creating new one
[2025-03-22 06:55:23,046] INFO: cag (5/2012): Created new record with 19 non-zero financial metrics
[2025-03-22 06:55:23,073] INFO: cag (8/2012): Updated existing record with 18 non-zero financial metrics
[2025-03-22 06:55:23,100] INFO: cag (11/2012): Updated existing record with 13 non-zero financial metrics
[2025-03-22 06:55:23,127] INFO: cag (2/2013): Updated existing record with 13 non-zero financial metrics
[2025-03-22 06:55:23,154] INFO: cag (5/2013): Updated existing record with 19 non-zero financial metrics
[2025-03-22 06:55:23,184] INFO: cag (8/2013): Updated existing record with 18 non-zero financial metrics
[2025-03-22 06:55:23,211] INFO: cag (11/2013): Updated existing record with 13 non-zero financial metrics
[2025-03-22 06:55:23,237] INFO: cag (2/2014): Updated existing record with 13 non-zero financial metrics
[2025-03-22 06:55:23,265] INFO: cag (5/2014): Updated existing record with 19 non-zero financial metrics
[2025-03-22 06:55:23,280] WARNING: cag (8/2014): Found zero values for fields: Share Repurchases
[2025-03-22 06:55:23,293] INFO: cag (8/2014): Updated existing record with 17 non-zero financial metrics
[2025-03-22 06:55:23,320] INFO: cag (11/2014): Updated existing record with 13 non-zero financial metrics
[2025-03-22 06:55:23,348] INFO: cag (2/2015): Updated existing record with 13 non-zero financial metrics
[2025-03-22 06:55:23,375] INFO: cag (5/2015): Updated existing record with 20 non-zero financial metrics
[2025-03-22 06:55:23,402] INFO: cag (8/2015): Updated existing record with 18 non-zero financial metrics
[2025-03-22 06:55:23,432] INFO: cag (11/2015): Updated existing record with 11 non-zero financial metrics
[2025-03-22 06:55:23,459] INFO: cag (2/2016): Updated existing record with 11 non-zero financial metrics
[2025-03-22 06:55:23,474] WARNING: cag (5/2016): Found zero values for fields: Share Repurchases
[2025-03-22 06:55:23,487] INFO: cag (5/2016): Updated existing record with 18 non-zero financial metrics
[2025-03-22 06:55:23,515] INFO: cag (8/2016): Updated existing record with 16 non-zero financial metrics
[2025-03-22 06:55:23,541] INFO: cag (11/2016): Updated existing record with 11 non-zero financial metrics
[2025-03-22 06:55:23,569] INFO: cag (2/2017): Updated existing record with 13 non-zero financial metrics
[2025-03-22 06:55:23,596] INFO: cag (5/2017): Updated existing record with 19 non-zero financial metrics
[2025-03-22 06:55:23,624] INFO: cag (8/2017): Updated existing record with 18 non-zero financial metrics
[2025-03-22 06:55:23,653] INFO: cag (11/2017): Updated existing record with 13 non-zero financial metrics
[2025-03-22 06:55:23,682] INFO: cag (2/2018): Updated existing record with 13 non-zero financial metrics
[2025-03-22 06:55:23,709] INFO: cag (5/2018): Updated existing record with 19 non-zero financial metrics
[2025-03-22 06:55:23,724] WARNING: cag (8/2018): Found zero values for fields: Share Repurchases
[2025-03-22 06:55:23,737] INFO: cag (8/2018): Updated existing record with 18 non-zero financial metrics
[2025-03-22 06:55:23,765] INFO: cag (11/2018): Updated existing record with 14 non-zero financial metrics
[2025-03-22 06:55:23,792] INFO: cag (2/2019): Updated existing record with 14 non-zero financial metrics
[2025-03-22 06:55:23,806] WARNING: cag (5/2019): Found zero values for fields: Share Repurchases
[2025-03-22 06:55:23,820] INFO: cag (5/2019): Updated existing record with 19 non-zero financial metrics
[2025-03-22 06:55:23,848] INFO: cag (8/2019): Updated existing record with 18 non-zero financial metrics
[2025-03-22 06:55:23,877] INFO: cag (11/2019): Updated existing record with 14 non-zero financial metrics
[2025-03-22 06:55:23,907] INFO: cag (2/2020): Updated existing record with 14 non-zero financial metrics
[2025-03-22 06:55:23,924] WARNING: cag (5/2020): Found zero values for fields: Share Repurchases
[2025-03-22 06:55:23,937] INFO: cag (5/2020): Updated existing record with 19 non-zero financial metrics
[2025-03-22 06:55:23,970] INFO: cag (8/2020): Updated existing record with 18 non-zero financial metrics
[2025-03-22 06:55:23,998] INFO: cag (11/2020): Updated existing record with 14 non-zero financial metrics
[2025-03-22 06:55:24,025] INFO: cag (2/2021): Updated existing record with 14 non-zero financial metrics
[2025-03-22 06:55:24,053] INFO: cag (5/2021): Updated existing record with 20 non-zero financial metrics
[2025-03-22 06:55:24,081] INFO: cag (8/2021): Updated existing record with 19 non-zero financial metrics
[2025-03-22 06:55:24,108] INFO: cag (11/2021): Updated existing record with 14 non-zero financial metrics
[2025-03-22 06:55:24,136] INFO: cag (2/2022): Updated existing record with 14 non-zero financial metrics
[2025-03-22 06:55:24,164] INFO: cag (5/2022): Updated existing record with 20 non-zero financial metrics
[2025-03-22 06:55:24,193] INFO: cag (8/2022): Updated existing record with 19 non-zero financial metrics
[2025-03-22 06:55:24,220] INFO: cag (11/2022): Updated existing record with 14 non-zero financial metrics
[2025-03-22 06:55:24,248] INFO: cag (2/2023): Updated existing record with 14 non-zero financial metrics
[2025-03-22 06:55:24,275] INFO: cag (5/2023): Updated existing record with 20 non-zero financial metrics
[2025-03-22 06:55:24,290] WARNING: cag (8/2023): Found zero values for fields: Share Repurchases
[2025-03-22 06:55:24,303] INFO: cag (8/2023): Updated existing record with 18 non-zero financial metrics
[2025-03-22 06:55:24,332] INFO: cag (11/2023): Updated existing record with 14 non-zero financial metrics
[2025-03-22 06:55:24,360] INFO: cag (2/2024): Updated existing record with 14 non-zero financial metrics
[2025-03-22 06:55:24,387] INFO: cag (5/2024): Updated existing record with 19 non-zero financial metrics
[2025-03-22 06:55:24,414] INFO: cag (8/2024): Updated existing record with 19 non-zero financial metrics
[2025-03-22 06:55:24,442] INFO: cag (11/2024): Updated existing record with 14 non-zero financial metrics
