[2025-03-22 02:53:31,039] INFO: carr (3/2020): Updated existing record with 20 non-zero financial metrics
[2025-03-22 02:53:31,065] INFO: carr (6/2020): Updated existing record with 16 non-zero financial metrics
[2025-03-22 02:53:31,091] INFO: carr (9/2020): Updated existing record with 15 non-zero financial metrics
[2025-03-22 02:53:31,118] INFO: carr (12/2020): Updated existing record with 19 non-zero financial metrics
[2025-03-22 02:53:31,145] INFO: carr (3/2021): Updated existing record with 16 non-zero financial metrics
[2025-03-22 02:53:31,170] INFO: carr (6/2021): Updated existing record with 12 non-zero financial metrics
[2025-03-22 02:53:31,197] INFO: carr (9/2021): Updated existing record with 12 non-zero financial metrics
[2025-03-22 02:53:31,224] INFO: carr (12/2021): Updated existing record with 18 non-zero financial metrics
[2025-03-22 02:53:31,251] INFO: carr (3/2022): Updated existing record with 16 non-zero financial metrics
[2025-03-22 02:53:31,277] INFO: carr (6/2022): Updated existing record with 12 non-zero financial metrics
[2025-03-22 02:53:31,302] INFO: carr (9/2022): Updated existing record with 12 non-zero financial metrics
[2025-03-22 02:53:31,329] INFO: carr (12/2022): Updated existing record with 18 non-zero financial metrics
[2025-03-22 02:53:31,355] INFO: carr (3/2023): Updated existing record with 16 non-zero financial metrics
[2025-03-22 02:53:31,381] INFO: carr (6/2023): Updated existing record with 12 non-zero financial metrics
[2025-03-22 02:53:31,408] INFO: carr (9/2023): Updated existing record with 12 non-zero financial metrics
[2025-03-22 02:53:31,434] INFO: carr (12/2023): Updated existing record with 18 non-zero financial metrics
[2025-03-22 02:53:31,448] WARNING: carr (3/2024): Found zero values for fields: Share Repurchases
[2025-03-22 02:53:31,461] INFO: carr (3/2024): Updated existing record with 15 non-zero financial metrics
[2025-03-22 02:53:31,488] INFO: carr (6/2024): Updated existing record with 12 non-zero financial metrics
[2025-03-22 02:53:31,513] INFO: carr (9/2024): Updated existing record with 12 non-zero financial metrics
[2025-03-22 02:53:31,526] INFO: Trying adjusted date: 1/2025 (original: 12/2024)
[2025-03-22 02:53:31,539] WARNING: carr (12/2024): No existing record found(12/2024, 2024-12-31) - creating new one
[2025-03-22 02:53:31,540] INFO: carr (12/2024): Created new record with 19 non-zero financial metrics
