[2025-03-21 23:13:27,442] INFO: Trying adjusted date: 4/2010 (original: 3/2010)
[2025-03-21 23:13:27,454] WARNING: cat (3/2010): No existing record found(3/2010, 2010-03-31) - creating new one
[2025-03-21 23:13:27,454] INFO: cat (3/2010): Created new record with 16 non-zero financial metrics
[2025-03-21 23:13:27,472] INFO: Trying adjusted date: 10/2010 (original: 9/2010)
[2025-03-21 23:13:27,485] WARNING: cat (9/2010): No existing record found(9/2010, 2010-09-30) - creating new one
[2025-03-21 23:13:27,485] INFO: cat (9/2010): Created new record with 12 non-zero financial metrics
[2025-03-21 23:13:27,498] INFO: Trying adjusted date: 1/2011 (original: 12/2010)
[2025-03-21 23:13:27,510] WARNING: cat (12/2010): No existing record found(12/2010, 2010-12-31) - creating new one
[2025-03-21 23:13:27,511] INFO: cat (12/2010): Created new record with 15 non-zero financial metrics
[2025-03-21 23:13:27,524] INFO: Trying adjusted date: 4/2011 (original: 3/2011)
[2025-03-21 23:13:27,536] WARNING: cat (3/2011): No existing record found(3/2011, 2011-03-31) - creating new one
[2025-03-21 23:13:27,537] INFO: cat (3/2011): Created new record with 15 non-zero financial metrics
[2025-03-21 23:13:27,549] INFO: Trying adjusted date: 7/2011 (original: 6/2011)
[2025-03-21 23:13:27,561] WARNING: cat (6/2011): No existing record found(6/2011, 2011-06-30) - creating new one
[2025-03-21 23:13:27,561] INFO: cat (6/2011): Created new record with 12 non-zero financial metrics
[2025-03-21 23:13:27,574] INFO: Trying adjusted date: 10/2011 (original: 9/2011)
[2025-03-21 23:13:27,586] WARNING: cat (9/2011): No existing record found(9/2011, 2011-09-30) - creating new one
[2025-03-21 23:13:27,587] INFO: cat (9/2011): Created new record with 12 non-zero financial metrics
[2025-03-21 23:13:27,599] INFO: Trying adjusted date: 1/2012 (original: 12/2011)
[2025-03-21 23:13:27,611] WARNING: cat (12/2011): No existing record found(12/2011, 2011-12-31) - creating new one
[2025-03-21 23:13:27,611] INFO: cat (12/2011): Created new record with 12 non-zero financial metrics
[2025-03-21 23:13:27,624] INFO: Trying adjusted date: 4/2012 (original: 3/2012)
[2025-03-21 23:13:27,636] WARNING: cat (3/2012): No existing record found(3/2012, 2012-03-31) - creating new one
[2025-03-21 23:13:27,636] INFO: cat (3/2012): Created new record with 12 non-zero financial metrics
[2025-03-21 23:13:27,649] INFO: Trying adjusted date: 7/2012 (original: 6/2012)
[2025-03-21 23:13:27,661] WARNING: cat (6/2012): No existing record found(6/2012, 2012-06-30) - creating new one
[2025-03-21 23:13:27,661] INFO: cat (6/2012): Created new record with 12 non-zero financial metrics
[2025-03-21 23:13:27,686] INFO: cat (9/2012): Updated existing record with 12 non-zero financial metrics
[2025-03-21 23:13:27,711] INFO: cat (12/2012): Updated existing record with 12 non-zero financial metrics
[2025-03-21 23:13:27,735] INFO: cat (3/2013): Updated existing record with 12 non-zero financial metrics
[2025-03-21 23:13:27,760] INFO: cat (6/2013): Updated existing record with 13 non-zero financial metrics
[2025-03-21 23:13:27,784] INFO: cat (9/2013): Updated existing record with 13 non-zero financial metrics
[2025-03-21 23:13:27,811] INFO: cat (12/2013): Updated existing record with 13 non-zero financial metrics
[2025-03-21 23:13:27,836] INFO: cat (3/2014): Updated existing record with 13 non-zero financial metrics
[2025-03-21 23:13:27,860] INFO: cat (6/2014): Updated existing record with 12 non-zero financial metrics
[2025-03-21 23:13:27,885] INFO: cat (9/2014): Updated existing record with 13 non-zero financial metrics
[2025-03-21 23:13:27,910] INFO: cat (12/2014): Updated existing record with 13 non-zero financial metrics
[2025-03-21 23:13:27,935] INFO: cat (3/2015): Updated existing record with 13 non-zero financial metrics
[2025-03-21 23:13:27,959] INFO: cat (6/2015): Updated existing record with 13 non-zero financial metrics
[2025-03-21 23:13:27,986] INFO: cat (9/2015): Updated existing record with 13 non-zero financial metrics
[2025-03-21 23:13:28,011] INFO: cat (12/2015): Updated existing record with 13 non-zero financial metrics
[2025-03-21 23:13:28,025] WARNING: cat (3/2016): Found zero values for fields: Share Repurchases
[2025-03-21 23:13:28,036] INFO: cat (3/2016): Updated existing record with 12 non-zero financial metrics
[2025-03-21 23:13:28,062] INFO: cat (6/2016): Updated existing record with 12 non-zero financial metrics
[2025-03-21 23:13:28,086] INFO: cat (9/2016): Updated existing record with 12 non-zero financial metrics
[2025-03-21 23:13:28,099] WARNING: cat (12/2016): Found zero values for fields: Share Repurchases
[2025-03-21 23:13:28,111] INFO: cat (12/2016): Updated existing record with 12 non-zero financial metrics
[2025-03-21 23:13:28,137] INFO: cat (3/2017): Updated existing record with 12 non-zero financial metrics
[2025-03-21 23:13:28,163] INFO: cat (6/2017): Updated existing record with 12 non-zero financial metrics
[2025-03-21 23:13:28,188] INFO: cat (9/2017): Updated existing record with 12 non-zero financial metrics
[2025-03-21 23:13:28,201] WARNING: cat (12/2017): Found zero values for fields: Share Repurchases
[2025-03-21 23:13:28,213] INFO: cat (12/2017): Updated existing record with 12 non-zero financial metrics
[2025-03-21 23:13:28,238] INFO: cat (3/2018): Updated existing record with 13 non-zero financial metrics
[2025-03-21 23:13:28,262] INFO: cat (6/2018): Updated existing record with 13 non-zero financial metrics
[2025-03-21 23:13:28,287] INFO: cat (9/2018): Updated existing record with 12 non-zero financial metrics
[2025-03-21 23:13:28,311] INFO: cat (12/2018): Updated existing record with 13 non-zero financial metrics
[2025-03-21 23:13:28,336] INFO: cat (3/2019): Updated existing record with 13 non-zero financial metrics
[2025-03-21 23:13:28,360] INFO: cat (6/2019): Updated existing record with 13 non-zero financial metrics
[2025-03-21 23:13:28,385] INFO: cat (9/2019): Updated existing record with 13 non-zero financial metrics
[2025-03-21 23:13:28,409] INFO: cat (12/2019): Updated existing record with 16 non-zero financial metrics
[2025-03-21 23:13:28,436] INFO: cat (3/2020): Updated existing record with 18 non-zero financial metrics
[2025-03-21 23:13:28,462] INFO: cat (6/2020): Updated existing record with 13 non-zero financial metrics
[2025-03-21 23:13:28,486] INFO: cat (9/2020): Updated existing record with 13 non-zero financial metrics
[2025-03-21 23:13:28,512] INFO: cat (12/2020): Updated existing record with 18 non-zero financial metrics
[2025-03-21 23:13:28,524] WARNING: cat (3/2021): Found zero values for fields: Share Repurchases
[2025-03-21 23:13:28,536] INFO: cat (3/2021): Updated existing record with 17 non-zero financial metrics
[2025-03-21 23:13:28,562] INFO: cat (6/2021): Updated existing record with 13 non-zero financial metrics
[2025-03-21 23:13:28,587] INFO: cat (9/2021): Updated existing record with 14 non-zero financial metrics
[2025-03-21 23:13:28,614] INFO: cat (12/2021): Updated existing record with 19 non-zero financial metrics
[2025-03-21 23:13:28,640] INFO: cat (3/2022): Updated existing record with 19 non-zero financial metrics
[2025-03-21 23:13:28,665] INFO: cat (6/2022): Updated existing record with 14 non-zero financial metrics
[2025-03-21 23:13:28,690] INFO: cat (9/2022): Updated existing record with 14 non-zero financial metrics
[2025-03-21 23:13:28,715] INFO: cat (12/2022): Updated existing record with 19 non-zero financial metrics
[2025-03-21 23:13:28,740] INFO: cat (3/2023): Updated existing record with 19 non-zero financial metrics
[2025-03-21 23:13:28,781] INFO: cat (6/2023): Updated existing record with 14 non-zero financial metrics
[2025-03-21 23:13:28,807] INFO: cat (9/2023): Updated existing record with 14 non-zero financial metrics
[2025-03-21 23:13:28,833] INFO: cat (12/2023): Updated existing record with 19 non-zero financial metrics
[2025-03-21 23:13:28,858] INFO: cat (3/2024): Updated existing record with 19 non-zero financial metrics
[2025-03-21 23:13:28,883] INFO: cat (6/2024): Updated existing record with 14 non-zero financial metrics
[2025-03-21 23:13:28,907] INFO: cat (9/2024): Updated existing record with 14 non-zero financial metrics
[2025-03-21 23:13:28,932] INFO: cat (12/2024): Updated existing record with 19 non-zero financial metrics
