[2025-03-21 23:34:14,081] INFO: Trying adjusted date: 4/2010 (original: 3/2010)
[2025-03-21 23:34:14,092] WARNING: cb (3/2010): No existing record found(3/2010, 2010-03-31) - creating new one
[2025-03-21 23:34:14,092] INFO: cb (3/2010): Created new record with 12 non-zero financial metrics
[2025-03-21 23:34:14,106] INFO: Trying adjusted date: 7/2010 (original: 6/2010)
[2025-03-21 23:34:14,117] WARNING: cb (6/2010): No existing record found(6/2010, 2010-06-30) - creating new one
[2025-03-21 23:34:14,118] INFO: cb (6/2010): Created new record with 9 non-zero financial metrics
[2025-03-21 23:34:14,130] INFO: Trying adjusted date: 10/2010 (original: 9/2010)
[2025-03-21 23:34:14,142] WARNING: cb (9/2010): No existing record found(9/2010, 2010-09-30) - creating new one
[2025-03-21 23:34:14,142] INFO: cb (9/2010): Created new record with 9 non-zero financial metrics
[2025-03-21 23:34:14,154] INFO: Trying adjusted date: 1/2011 (original: 12/2010)
[2025-03-21 23:34:14,166] WARNING: cb (12/2010): No existing record found(12/2010, 2010-12-31) - creating new one
[2025-03-21 23:34:14,166] INFO: cb (12/2010): Created new record with 14 non-zero financial metrics
[2025-03-21 23:34:14,179] INFO: Trying adjusted date: 4/2011 (original: 3/2011)
[2025-03-21 23:34:14,191] WARNING: cb (3/2011): No existing record found(3/2011, 2011-03-31) - creating new one
[2025-03-21 23:34:14,191] INFO: cb (3/2011): Created new record with 13 non-zero financial metrics
[2025-03-21 23:34:14,204] INFO: Trying adjusted date: 7/2011 (original: 6/2011)
[2025-03-21 23:34:14,215] WARNING: cb (6/2011): No existing record found(6/2011, 2011-06-30) - creating new one
[2025-03-21 23:34:14,216] INFO: cb (6/2011): Created new record with 9 non-zero financial metrics
[2025-03-21 23:34:14,228] INFO: Trying adjusted date: 10/2011 (original: 9/2011)
[2025-03-21 23:34:14,239] WARNING: cb (9/2011): No existing record found(9/2011, 2011-09-30) - creating new one
[2025-03-21 23:34:14,240] INFO: cb (9/2011): Created new record with 9 non-zero financial metrics
[2025-03-21 23:34:14,252] INFO: Trying adjusted date: 1/2012 (original: 12/2011)
[2025-03-21 23:34:14,265] WARNING: cb (12/2011): No existing record found(12/2011, 2011-12-31) - creating new one
[2025-03-21 23:34:14,265] INFO: cb (12/2011): Created new record with 14 non-zero financial metrics
[2025-03-21 23:34:14,277] INFO: Trying adjusted date: 4/2012 (original: 3/2012)
[2025-03-21 23:34:14,288] WARNING: cb (3/2012): No existing record found(3/2012, 2012-03-31) - creating new one
[2025-03-21 23:34:14,289] INFO: cb (3/2012): Created new record with 13 non-zero financial metrics
[2025-03-21 23:34:14,302] INFO: Trying adjusted date: 7/2012 (original: 6/2012)
[2025-03-21 23:34:14,313] WARNING: cb (6/2012): No existing record found(6/2012, 2012-06-30) - creating new one
[2025-03-21 23:34:14,313] INFO: cb (6/2012): Created new record with 9 non-zero financial metrics
[2025-03-21 23:34:14,337] INFO: cb (9/2012): Updated existing record with 9 non-zero financial metrics
[2025-03-21 23:34:14,361] INFO: cb (12/2012): Updated existing record with 14 non-zero financial metrics
[2025-03-21 23:34:14,385] INFO: cb (3/2013): Updated existing record with 13 non-zero financial metrics
[2025-03-21 23:34:14,409] INFO: cb (6/2013): Updated existing record with 9 non-zero financial metrics
[2025-03-21 23:34:14,434] INFO: cb (9/2013): Updated existing record with 9 non-zero financial metrics
[2025-03-21 23:34:14,458] INFO: cb (12/2013): Updated existing record with 14 non-zero financial metrics
[2025-03-21 23:34:14,483] INFO: cb (3/2014): Updated existing record with 12 non-zero financial metrics
[2025-03-21 23:34:14,507] INFO: cb (6/2014): Updated existing record with 8 non-zero financial metrics
[2025-03-21 23:34:14,531] INFO: cb (9/2014): Updated existing record with 8 non-zero financial metrics
[2025-03-21 23:34:14,557] INFO: cb (12/2014): Updated existing record with 14 non-zero financial metrics
[2025-03-21 23:34:14,581] INFO: cb (3/2015): Updated existing record with 12 non-zero financial metrics
[2025-03-21 23:34:14,605] INFO: cb (6/2015): Updated existing record with 8 non-zero financial metrics
[2025-03-21 23:34:14,629] INFO: cb (9/2015): Updated existing record with 8 non-zero financial metrics
[2025-03-21 23:34:14,653] INFO: cb (12/2015): Updated existing record with 14 non-zero financial metrics
[2025-03-21 23:34:14,667] WARNING: cb (3/2016): Found zero values for fields: Share Repurchases
[2025-03-21 23:34:14,678] INFO: cb (3/2016): Updated existing record with 12 non-zero financial metrics
[2025-03-21 23:34:14,703] INFO: cb (6/2016): Updated existing record with 10 non-zero financial metrics
[2025-03-21 23:34:14,728] INFO: cb (9/2016): Updated existing record with 10 non-zero financial metrics
[2025-03-21 23:34:14,753] INFO: cb (12/2016): Updated existing record with 11 non-zero financial metrics
[2025-03-21 23:34:14,778] INFO: cb (3/2017): Updated existing record with 11 non-zero financial metrics
[2025-03-21 23:34:14,803] INFO: cb (6/2017): Updated existing record with 10 non-zero financial metrics
[2025-03-21 23:34:14,828] INFO: cb (9/2017): Updated existing record with 10 non-zero financial metrics
[2025-03-21 23:34:14,852] INFO: cb (12/2017): Updated existing record with 12 non-zero financial metrics
[2025-03-21 23:34:14,877] INFO: cb (3/2018): Updated existing record with 11 non-zero financial metrics
[2025-03-21 23:34:14,902] INFO: cb (6/2018): Updated existing record with 10 non-zero financial metrics
[2025-03-21 23:34:14,928] INFO: cb (9/2018): Updated existing record with 10 non-zero financial metrics
[2025-03-21 23:34:14,951] INFO: cb (12/2018): Updated existing record with 12 non-zero financial metrics
[2025-03-21 23:34:14,977] INFO: cb (3/2019): Updated existing record with 11 non-zero financial metrics
[2025-03-21 23:34:15,002] INFO: cb (6/2019): Updated existing record with 10 non-zero financial metrics
[2025-03-21 23:34:15,027] INFO: cb (9/2019): Updated existing record with 10 non-zero financial metrics
[2025-03-21 23:34:15,052] INFO: cb (12/2019): Updated existing record with 15 non-zero financial metrics
[2025-03-21 23:34:15,079] INFO: cb (3/2020): Updated existing record with 14 non-zero financial metrics
[2025-03-21 23:34:15,103] INFO: cb (6/2020): Updated existing record with 10 non-zero financial metrics
[2025-03-21 23:34:15,128] INFO: cb (9/2020): Updated existing record with 10 non-zero financial metrics
[2025-03-21 23:34:15,153] INFO: cb (12/2020): Updated existing record with 15 non-zero financial metrics
[2025-03-21 23:34:15,182] INFO: cb (3/2021): Updated existing record with 14 non-zero financial metrics
[2025-03-21 23:34:15,206] INFO: cb (6/2021): Updated existing record with 10 non-zero financial metrics
[2025-03-21 23:34:15,230] INFO: cb (9/2021): Updated existing record with 10 non-zero financial metrics
[2025-03-21 23:34:15,257] INFO: cb (12/2021): Updated existing record with 15 non-zero financial metrics
[2025-03-21 23:34:15,281] INFO: cb (3/2022): Updated existing record with 14 non-zero financial metrics
[2025-03-21 23:34:15,306] INFO: cb (6/2022): Updated existing record with 10 non-zero financial metrics
[2025-03-21 23:34:15,329] INFO: cb (9/2022): Updated existing record with 10 non-zero financial metrics
[2025-03-21 23:34:15,355] INFO: cb (12/2022): Updated existing record with 15 non-zero financial metrics
[2025-03-21 23:34:15,380] INFO: cb (3/2023): Updated existing record with 16 non-zero financial metrics
[2025-03-21 23:34:15,404] INFO: cb (6/2023): Updated existing record with 12 non-zero financial metrics
[2025-03-21 23:34:15,428] INFO: cb (9/2023): Updated existing record with 11 non-zero financial metrics
[2025-03-21 23:34:15,453] INFO: cb (12/2023): Updated existing record with 14 non-zero financial metrics
[2025-03-21 23:34:15,478] INFO: cb (3/2024): Updated existing record with 15 non-zero financial metrics
[2025-03-21 23:34:15,502] INFO: cb (6/2024): Updated existing record with 11 non-zero financial metrics
[2025-03-21 23:34:15,529] INFO: cb (9/2024): Updated existing record with 11 non-zero financial metrics
[2025-03-21 23:34:15,553] INFO: cb (12/2024): Updated existing record with 15 non-zero financial metrics
