[2025-03-22 11:11:48,312] INFO: Trying adjusted date: 7/2010 (original: 6/2010)
[2025-03-22 11:11:48,325] WARNING: cbsh (6/2010): No existing record found(6/2010, 2010-06-30) - creating new one
[2025-03-22 11:11:48,326] INFO: cbsh (6/2010): Created new record with 11 non-zero financial metrics
[2025-03-22 11:11:48,344] INFO: Trying adjusted date: 10/2010 (original: 9/2010)
[2025-03-22 11:11:48,359] WARNING: cbsh (9/2010): No existing record found(9/2010, 2010-09-30) - creating new one
[2025-03-22 11:11:48,359] INFO: cbsh (9/2010): Created new record with 11 non-zero financial metrics
[2025-03-22 11:11:48,376] INFO: Trying adjusted date: 1/2011 (original: 12/2010)
[2025-03-22 11:11:48,390] WARNING: cbsh (12/2010): No existing record found(12/2010, 2010-12-31) - creating new one
[2025-03-22 11:11:48,391] INFO: cbsh (12/2010): Created new record with 16 non-zero financial metrics
[2025-03-22 11:11:48,406] INFO: Trying adjusted date: 4/2011 (original: 3/2011)
[2025-03-22 11:11:48,421] WARNING: cbsh (3/2011): No existing record found(3/2011, 2011-03-31) - creating new one
[2025-03-22 11:11:48,421] INFO: cbsh (3/2011): Created new record with 16 non-zero financial metrics
[2025-03-22 11:11:48,436] INFO: Trying adjusted date: 7/2011 (original: 6/2011)
[2025-03-22 11:11:48,451] WARNING: cbsh (6/2011): No existing record found(6/2011, 2011-06-30) - creating new one
[2025-03-22 11:11:48,451] INFO: cbsh (6/2011): Created new record with 11 non-zero financial metrics
[2025-03-22 11:11:48,466] INFO: Trying adjusted date: 10/2011 (original: 9/2011)
[2025-03-22 11:11:48,478] WARNING: cbsh (9/2011): No existing record found(9/2011, 2011-09-30) - creating new one
[2025-03-22 11:11:48,479] INFO: cbsh (9/2011): Created new record with 11 non-zero financial metrics
[2025-03-22 11:11:48,495] INFO: Trying adjusted date: 1/2012 (original: 12/2011)
[2025-03-22 11:11:48,508] WARNING: cbsh (12/2011): No existing record found(12/2011, 2011-12-31) - creating new one
[2025-03-22 11:11:48,511] INFO: cbsh (12/2011): Created new record with 17 non-zero financial metrics
[2025-03-22 11:11:48,526] INFO: Trying adjusted date: 4/2012 (original: 3/2012)
[2025-03-22 11:11:48,540] WARNING: cbsh (3/2012): No existing record found(3/2012, 2012-03-31) - creating new one
[2025-03-22 11:11:48,541] INFO: cbsh (3/2012): Created new record with 16 non-zero financial metrics
[2025-03-22 11:11:48,556] INFO: Trying adjusted date: 7/2012 (original: 6/2012)
[2025-03-22 11:11:48,570] WARNING: cbsh (6/2012): No existing record found(6/2012, 2012-06-30) - creating new one
[2025-03-22 11:11:48,570] INFO: cbsh (6/2012): Created new record with 11 non-zero financial metrics
[2025-03-22 11:11:48,599] INFO: cbsh (9/2012): Updated existing record with 11 non-zero financial metrics
[2025-03-22 11:11:48,629] INFO: cbsh (12/2012): Updated existing record with 17 non-zero financial metrics
[2025-03-22 11:11:48,658] INFO: cbsh (3/2013): Updated existing record with 16 non-zero financial metrics
[2025-03-22 11:11:48,688] INFO: cbsh (6/2013): Updated existing record with 11 non-zero financial metrics
[2025-03-22 11:11:48,717] INFO: cbsh (9/2013): Updated existing record with 11 non-zero financial metrics
[2025-03-22 11:11:48,746] INFO: cbsh (12/2013): Updated existing record with 17 non-zero financial metrics
[2025-03-22 11:11:48,762] WARNING: cbsh (3/2014): Found zero values for fields: Revenue
[2025-03-22 11:11:48,776] INFO: cbsh (3/2014): Updated existing record with 16 non-zero financial metrics
[2025-03-22 11:11:48,806] INFO: cbsh (6/2014): Updated existing record with 11 non-zero financial metrics
[2025-03-22 11:11:48,835] INFO: cbsh (9/2014): Updated existing record with 11 non-zero financial metrics
[2025-03-22 11:11:48,865] INFO: cbsh (12/2014): Updated existing record with 16 non-zero financial metrics
[2025-03-22 11:11:48,880] WARNING: cbsh (3/2015): Found zero values for fields: Revenue
[2025-03-22 11:11:48,895] INFO: cbsh (3/2015): Updated existing record with 17 non-zero financial metrics
[2025-03-22 11:11:48,911] WARNING: cbsh (6/2015): Found zero values for fields: Revenue
[2025-03-22 11:11:48,925] INFO: cbsh (6/2015): Updated existing record with 12 non-zero financial metrics
[2025-03-22 11:11:48,940] WARNING: cbsh (9/2015): Found zero values for fields: Revenue
[2025-03-22 11:11:48,954] INFO: cbsh (9/2015): Updated existing record with 12 non-zero financial metrics
[2025-03-22 11:11:48,983] INFO: cbsh (12/2015): Updated existing record with 17 non-zero financial metrics
[2025-03-22 11:11:48,998] WARNING: cbsh (3/2016): Found zero values for fields: Revenue
[2025-03-22 11:11:49,012] INFO: cbsh (3/2016): Updated existing record with 17 non-zero financial metrics
[2025-03-22 11:11:49,028] WARNING: cbsh (6/2016): Found zero values for fields: Revenue
[2025-03-22 11:11:49,042] INFO: cbsh (6/2016): Updated existing record with 12 non-zero financial metrics
[2025-03-22 11:11:49,058] WARNING: cbsh (9/2016): Found zero values for fields: Revenue
[2025-03-22 11:11:49,072] INFO: cbsh (9/2016): Updated existing record with 12 non-zero financial metrics
[2025-03-22 11:11:49,101] INFO: cbsh (12/2016): Updated existing record with 17 non-zero financial metrics
[2025-03-22 11:11:49,117] WARNING: cbsh (3/2017): Found zero values for fields: Revenue
[2025-03-22 11:11:49,130] INFO: cbsh (3/2017): Updated existing record with 17 non-zero financial metrics
[2025-03-22 11:11:49,148] WARNING: cbsh (6/2017): Found zero values for fields: Revenue
[2025-03-22 11:11:49,163] INFO: cbsh (6/2017): Updated existing record with 12 non-zero financial metrics
[2025-03-22 11:11:49,178] WARNING: cbsh (9/2017): Found zero values for fields: Revenue
[2025-03-22 11:11:49,192] INFO: cbsh (9/2017): Updated existing record with 12 non-zero financial metrics
[2025-03-22 11:11:49,222] INFO: cbsh (12/2017): Updated existing record with 17 non-zero financial metrics
[2025-03-22 11:11:49,238] WARNING: cbsh (3/2018): Found zero values for fields: Revenue
[2025-03-22 11:11:49,252] INFO: cbsh (3/2018): Updated existing record with 16 non-zero financial metrics
[2025-03-22 11:11:49,268] WARNING: cbsh (6/2018): Found zero values for fields: Revenue
[2025-03-22 11:11:49,282] INFO: cbsh (6/2018): Updated existing record with 11 non-zero financial metrics
[2025-03-22 11:11:49,298] WARNING: cbsh (9/2018): Found zero values for fields: Revenue
[2025-03-22 11:11:49,312] INFO: cbsh (9/2018): Updated existing record with 11 non-zero financial metrics
[2025-03-22 11:11:49,341] INFO: cbsh (12/2018): Updated existing record with 16 non-zero financial metrics
[2025-03-22 11:11:49,357] WARNING: cbsh (3/2019): Found zero values for fields: Revenue
[2025-03-22 11:11:49,372] INFO: cbsh (3/2019): Updated existing record with 16 non-zero financial metrics
[2025-03-22 11:11:49,387] WARNING: cbsh (6/2019): Found zero values for fields: Revenue
[2025-03-22 11:11:49,401] INFO: cbsh (6/2019): Updated existing record with 11 non-zero financial metrics
[2025-03-22 11:11:49,417] WARNING: cbsh (9/2019): Found zero values for fields: Revenue
[2025-03-22 11:11:49,432] INFO: cbsh (9/2019): Updated existing record with 11 non-zero financial metrics
[2025-03-22 11:11:49,462] INFO: cbsh (12/2019): Updated existing record with 16 non-zero financial metrics
[2025-03-22 11:11:49,476] WARNING: cbsh (3/2020): Found zero values for fields: Revenue
[2025-03-22 11:11:49,490] INFO: cbsh (3/2020): Updated existing record with 16 non-zero financial metrics
[2025-03-22 11:11:49,506] WARNING: cbsh (6/2020): Found zero values for fields: Revenue
[2025-03-22 11:11:49,520] INFO: cbsh (6/2020): Updated existing record with 11 non-zero financial metrics
[2025-03-22 11:11:49,535] WARNING: cbsh (9/2020): Found zero values for fields: Revenue
[2025-03-22 11:11:49,550] INFO: cbsh (9/2020): Updated existing record with 11 non-zero financial metrics
[2025-03-22 11:11:49,580] INFO: cbsh (12/2020): Updated existing record with 16 non-zero financial metrics
[2025-03-22 11:11:49,596] WARNING: cbsh (3/2021): Found zero values for fields: Revenue
[2025-03-22 11:11:49,610] INFO: cbsh (3/2021): Updated existing record with 16 non-zero financial metrics
[2025-03-22 11:11:49,626] WARNING: cbsh (6/2021): Found zero values for fields: Revenue
[2025-03-22 11:11:49,640] INFO: cbsh (6/2021): Updated existing record with 11 non-zero financial metrics
[2025-03-22 11:11:49,656] WARNING: cbsh (9/2021): Found zero values for fields: Revenue
[2025-03-22 11:11:49,670] INFO: cbsh (9/2021): Updated existing record with 11 non-zero financial metrics
[2025-03-22 11:11:49,698] INFO: cbsh (12/2021): Updated existing record with 16 non-zero financial metrics
[2025-03-22 11:11:49,714] WARNING: cbsh (3/2022): Found zero values for fields: Revenue
[2025-03-22 11:11:49,729] INFO: cbsh (3/2022): Updated existing record with 16 non-zero financial metrics
[2025-03-22 11:11:49,744] WARNING: cbsh (6/2022): Found zero values for fields: Revenue
[2025-03-22 11:11:49,758] INFO: cbsh (6/2022): Updated existing record with 11 non-zero financial metrics
[2025-03-22 11:11:49,775] WARNING: cbsh (9/2022): Found zero values for fields: Revenue
[2025-03-22 11:11:49,791] INFO: cbsh (9/2022): Updated existing record with 11 non-zero financial metrics
[2025-03-22 11:11:49,822] INFO: cbsh (12/2022): Updated existing record with 16 non-zero financial metrics
[2025-03-22 11:11:49,838] WARNING: cbsh (3/2023): Found zero values for fields: Revenue
[2025-03-22 11:11:49,851] INFO: cbsh (3/2023): Updated existing record with 16 non-zero financial metrics
[2025-03-22 11:11:49,881] INFO: cbsh (6/2023): Updated existing record with 11 non-zero financial metrics
[2025-03-22 11:11:49,911] INFO: cbsh (9/2023): Updated existing record with 11 non-zero financial metrics
[2025-03-22 11:11:49,941] INFO: cbsh (12/2023): Updated existing record with 16 non-zero financial metrics
[2025-03-22 11:11:49,956] WARNING: cbsh (3/2024): Found zero values for fields: Revenue
[2025-03-22 11:11:49,969] INFO: cbsh (3/2024): Updated existing record with 16 non-zero financial metrics
[2025-03-22 11:11:50,000] INFO: cbsh (6/2024): Updated existing record with 11 non-zero financial metrics
[2025-03-22 11:11:50,029] INFO: cbsh (9/2024): Updated existing record with 10 non-zero financial metrics
[2025-03-22 11:11:50,058] INFO: cbsh (12/2024): Updated existing record with 15 non-zero financial metrics
