[2025-03-22 15:10:57,475] INFO: cc (6/2015): Updated existing record with 15 non-zero financial metrics
[2025-03-22 15:10:57,508] INFO: cc (9/2015): Updated existing record with 16 non-zero financial metrics
[2025-03-22 15:10:57,539] INFO: cc (12/2015): Updated existing record with 20 non-zero financial metrics
[2025-03-22 15:10:57,570] INFO: cc (3/2016): Updated existing record with 20 non-zero financial metrics
[2025-03-22 15:10:57,601] INFO: cc (6/2016): Updated existing record with 16 non-zero financial metrics
[2025-03-22 15:10:57,631] INFO: cc (9/2016): Updated existing record with 16 non-zero financial metrics
[2025-03-22 15:10:57,662] INFO: cc (12/2016): Updated existing record with 20 non-zero financial metrics
[2025-03-22 15:10:57,693] INFO: cc (3/2017): Updated existing record with 18 non-zero financial metrics
[2025-03-22 15:10:57,729] INFO: cc (6/2017): Updated existing record with 14 non-zero financial metrics
[2025-03-22 15:10:57,760] INFO: cc (9/2017): Updated existing record with 14 non-zero financial metrics
[2025-03-22 15:10:57,791] INFO: cc (12/2017): Updated existing record with 20 non-zero financial metrics
[2025-03-22 15:10:57,821] INFO: cc (3/2018): Updated existing record with 19 non-zero financial metrics
[2025-03-22 15:10:57,852] INFO: cc (6/2018): Updated existing record with 14 non-zero financial metrics
[2025-03-22 15:10:57,883] INFO: cc (9/2018): Updated existing record with 14 non-zero financial metrics
[2025-03-22 15:10:57,912] INFO: cc (12/2018): Updated existing record with 19 non-zero financial metrics
[2025-03-22 15:10:57,943] INFO: cc (3/2019): Updated existing record with 19 non-zero financial metrics
[2025-03-22 15:10:57,973] INFO: cc (6/2019): Updated existing record with 14 non-zero financial metrics
[2025-03-22 15:10:58,003] INFO: cc (9/2019): Updated existing record with 14 non-zero financial metrics
[2025-03-22 15:10:58,034] INFO: cc (12/2019): Updated existing record with 19 non-zero financial metrics
[2025-03-22 15:10:58,051] WARNING: cc (3/2020): Found zero values for fields: Share Repurchases
[2025-03-22 15:10:58,064] INFO: cc (3/2020): Updated existing record with 18 non-zero financial metrics
[2025-03-22 15:10:58,094] INFO: cc (6/2020): Updated existing record with 14 non-zero financial metrics
[2025-03-22 15:10:58,124] INFO: cc (9/2020): Updated existing record with 14 non-zero financial metrics
[2025-03-22 15:10:58,142] WARNING: cc (12/2020): Found zero values for fields: Share Repurchases
[2025-03-22 15:10:58,156] INFO: cc (12/2020): Updated existing record with 20 non-zero financial metrics
[2025-03-22 15:10:58,187] INFO: cc (3/2021): Updated existing record with 20 non-zero financial metrics
[2025-03-22 15:10:58,216] INFO: cc (6/2021): Updated existing record with 16 non-zero financial metrics
[2025-03-22 15:10:58,247] INFO: cc (9/2021): Updated existing record with 16 non-zero financial metrics
[2025-03-22 15:10:58,278] INFO: cc (12/2021): Updated existing record with 21 non-zero financial metrics
[2025-03-22 15:10:58,309] INFO: cc (3/2022): Updated existing record with 21 non-zero financial metrics
[2025-03-22 15:10:58,338] INFO: cc (6/2022): Updated existing record with 16 non-zero financial metrics
[2025-03-22 15:10:58,367] INFO: cc (9/2022): Updated existing record with 16 non-zero financial metrics
[2025-03-22 15:10:58,397] INFO: cc (12/2022): Updated existing record with 22 non-zero financial metrics
[2025-03-22 15:10:58,427] INFO: cc (3/2023): Updated existing record with 21 non-zero financial metrics
[2025-03-22 15:10:58,457] INFO: cc (6/2023): Updated existing record with 16 non-zero financial metrics
[2025-03-22 15:10:58,487] INFO: cc (9/2023): Updated existing record with 16 non-zero financial metrics
[2025-03-22 15:10:58,517] INFO: cc (12/2023): Updated existing record with 22 non-zero financial metrics
[2025-03-22 15:10:58,548] INFO: cc (3/2024): Updated existing record with 20 non-zero financial metrics
[2025-03-22 15:10:58,578] INFO: cc (6/2024): Updated existing record with 16 non-zero financial metrics
[2025-03-22 15:10:58,611] INFO: cc (9/2024): Updated existing record with 16 non-zero financial metrics
[2025-03-22 15:10:58,627] INFO: Trying adjusted date: 1/2025 (original: 12/2024)
[2025-03-22 15:10:58,641] WARNING: cc (12/2024): No existing record found(12/2024, 2024-12-31) - creating new one
[2025-03-22 15:10:58,642] INFO: cc (12/2024): Created new record with 21 non-zero financial metrics
