[2025-03-22 00:07:17,222] INFO: Trying adjusted date: 4/2010 (original: 3/2010)
[2025-03-22 00:07:17,233] WARNING: cci (3/2010): No existing record found(3/2010, 2010-03-31) - creating new one
[2025-03-22 00:07:17,234] INFO: cci (3/2010): Created new record with 15 non-zero financial metrics
[2025-03-22 00:07:17,251] INFO: Trying adjusted date: 10/2010 (original: 9/2010)
[2025-03-22 00:07:17,264] WARNING: cci (9/2010): No existing record found(9/2010, 2010-09-30) - creating new one
[2025-03-22 00:07:17,265] INFO: cci (9/2010): Created new record with 12 non-zero financial metrics
[2025-03-22 00:07:17,278] INFO: Trying adjusted date: 4/2011 (original: 3/2011)
[2025-03-22 00:07:17,290] WARNING: cci (3/2011): No existing record found(3/2011, 2011-03-31) - creating new one
[2025-03-22 00:07:17,290] INFO: cci (3/2011): Created new record with 16 non-zero financial metrics
[2025-03-22 00:07:17,304] INFO: Trying adjusted date: 7/2011 (original: 6/2011)
[2025-03-22 00:07:17,316] WARNING: cci (6/2011): No existing record found(6/2011, 2011-06-30) - creating new one
[2025-03-22 00:07:17,317] INFO: cci (6/2011): Created new record with 12 non-zero financial metrics
[2025-03-22 00:07:17,330] INFO: Trying adjusted date: 10/2011 (original: 9/2011)
[2025-03-22 00:07:17,342] WARNING: cci (9/2011): No existing record found(9/2011, 2011-09-30) - creating new one
[2025-03-22 00:07:17,343] INFO: cci (9/2011): Created new record with 12 non-zero financial metrics
[2025-03-22 00:07:17,355] INFO: Trying adjusted date: 1/2012 (original: 12/2011)
[2025-03-22 00:07:17,367] WARNING: cci (12/2011): No existing record found(12/2011, 2011-12-31) - creating new one
[2025-03-22 00:07:17,367] INFO: cci (12/2011): Created new record with 17 non-zero financial metrics
[2025-03-22 00:07:17,381] INFO: Trying adjusted date: 4/2012 (original: 3/2012)
[2025-03-22 00:07:17,393] WARNING: cci (3/2012): No existing record found(3/2012, 2012-03-31) - creating new one
[2025-03-22 00:07:17,394] INFO: cci (3/2012): Created new record with 17 non-zero financial metrics
[2025-03-22 00:07:17,407] INFO: Trying adjusted date: 7/2012 (original: 6/2012)
[2025-03-22 00:07:17,418] WARNING: cci (6/2012): No existing record found(6/2012, 2012-06-30) - creating new one
[2025-03-22 00:07:17,419] INFO: cci (6/2012): Created new record with 13 non-zero financial metrics
[2025-03-22 00:07:17,432] INFO: Trying adjusted date: 10/2012 (original: 9/2012)
[2025-03-22 00:07:17,444] WARNING: cci (9/2012): No existing record found(9/2012, 2012-09-30) - creating new one
[2025-03-22 00:07:17,445] INFO: cci (9/2012): Created new record with 13 non-zero financial metrics
[2025-03-22 00:07:17,458] INFO: Trying adjusted date: 1/2013 (original: 12/2012)
[2025-03-22 00:07:17,469] WARNING: cci (12/2012): No existing record found(12/2012, 2012-12-31) - creating new one
[2025-03-22 00:07:17,470] INFO: cci (12/2012): Created new record with 17 non-zero financial metrics
[2025-03-22 00:07:17,482] INFO: Trying adjusted date: 4/2013 (original: 3/2013)
[2025-03-22 00:07:17,496] WARNING: cci (3/2013): No existing record found(3/2013, 2013-03-31) - creating new one
[2025-03-22 00:07:17,497] INFO: cci (3/2013): Created new record with 17 non-zero financial metrics
[2025-03-22 00:07:17,510] INFO: Trying adjusted date: 7/2013 (original: 6/2013)
[2025-03-22 00:07:17,522] WARNING: cci (6/2013): No existing record found(6/2013, 2013-06-30) - creating new one
[2025-03-22 00:07:17,523] INFO: cci (6/2013): Created new record with 12 non-zero financial metrics
[2025-03-22 00:07:17,536] INFO: Trying adjusted date: 10/2013 (original: 9/2013)
[2025-03-22 00:07:17,549] WARNING: cci (9/2013): No existing record found(9/2013, 2013-09-30) - creating new one
[2025-03-22 00:07:17,549] INFO: cci (9/2013): Created new record with 12 non-zero financial metrics
[2025-03-22 00:07:17,562] INFO: Trying adjusted date: 1/2014 (original: 12/2013)
[2025-03-22 00:07:17,574] WARNING: cci (12/2013): No existing record found(12/2013, 2013-12-31) - creating new one
[2025-03-22 00:07:17,575] INFO: cci (12/2013): Created new record with 17 non-zero financial metrics
[2025-03-22 00:07:17,588] INFO: Trying adjusted date: 4/2014 (original: 3/2014)
[2025-03-22 00:07:17,600] WARNING: cci (3/2014): No existing record found(3/2014, 2014-03-31) - creating new one
[2025-03-22 00:07:17,600] INFO: cci (3/2014): Created new record with 17 non-zero financial metrics
[2025-03-22 00:07:17,613] INFO: Trying adjusted date: 7/2014 (original: 6/2014)
[2025-03-22 00:07:17,625] WARNING: cci (6/2014): No existing record found(6/2014, 2014-06-30) - creating new one
[2025-03-22 00:07:17,625] INFO: cci (6/2014): Created new record with 13 non-zero financial metrics
[2025-03-22 00:07:17,650] INFO: cci (9/2014): Updated existing record with 12 non-zero financial metrics
[2025-03-22 00:07:17,674] INFO: cci (12/2014): Updated existing record with 17 non-zero financial metrics
[2025-03-22 00:07:17,699] INFO: cci (3/2015): Updated existing record with 15 non-zero financial metrics
[2025-03-22 00:07:17,725] INFO: cci (6/2015): Updated existing record with 12 non-zero financial metrics
[2025-03-22 00:07:17,750] INFO: cci (9/2015): Updated existing record with 12 non-zero financial metrics
[2025-03-22 00:07:17,775] INFO: cci (12/2015): Updated existing record with 17 non-zero financial metrics
[2025-03-22 00:07:17,799] INFO: cci (3/2016): Updated existing record with 14 non-zero financial metrics
[2025-03-22 00:07:17,824] INFO: cci (6/2016): Updated existing record with 11 non-zero financial metrics
[2025-03-22 00:07:17,849] INFO: cci (9/2016): Updated existing record with 11 non-zero financial metrics
[2025-03-22 00:07:17,862] WARNING: cci (12/2016): Found zero values for fields: Interest Expense
[2025-03-22 00:07:17,874] INFO: cci (12/2016): Updated existing record with 15 non-zero financial metrics
[2025-03-22 00:07:17,899] INFO: cci (3/2017): Updated existing record with 15 non-zero financial metrics
[2025-03-22 00:07:17,914] INFO: Trying adjusted date: 7/2017 (original: 6/2017)
[2025-03-22 00:07:17,925] WARNING: cci (6/2017): No existing record found(6/2017, 2017-06-30) - creating new one
[2025-03-22 00:07:17,926] INFO: cci (6/2017): Created new record with 11 non-zero financial metrics
[2025-03-22 00:07:17,951] INFO: cci (9/2017): Updated existing record with 11 non-zero financial metrics
[2025-03-22 00:07:17,964] WARNING: cci (12/2017): Found zero values for fields: Interest Expense
[2025-03-22 00:07:17,976] INFO: cci (12/2017): Updated existing record with 15 non-zero financial metrics
[2025-03-22 00:07:18,000] INFO: cci (3/2018): Updated existing record with 15 non-zero financial metrics
[2025-03-22 00:07:18,025] INFO: cci (6/2018): Updated existing record with 11 non-zero financial metrics
[2025-03-22 00:07:18,050] INFO: cci (9/2018): Updated existing record with 12 non-zero financial metrics
[2025-03-22 00:07:18,075] INFO: cci (12/2018): Updated existing record with 17 non-zero financial metrics
[2025-03-22 00:07:18,104] INFO: cci (3/2019): Updated existing record with 16 non-zero financial metrics
[2025-03-22 00:07:18,130] INFO: cci (6/2019): Updated existing record with 12 non-zero financial metrics
[2025-03-22 00:07:18,156] INFO: cci (9/2019): Updated existing record with 12 non-zero financial metrics
[2025-03-22 00:07:18,184] INFO: cci (12/2019): Updated existing record with 17 non-zero financial metrics
[2025-03-22 00:07:18,208] INFO: cci (3/2020): Updated existing record with 16 non-zero financial metrics
[2025-03-22 00:07:18,234] INFO: cci (6/2020): Updated existing record with 12 non-zero financial metrics
[2025-03-22 00:07:18,259] INFO: cci (9/2020): Updated existing record with 12 non-zero financial metrics
[2025-03-22 00:07:18,284] INFO: cci (12/2020): Updated existing record with 17 non-zero financial metrics
[2025-03-22 00:07:18,309] INFO: cci (3/2021): Updated existing record with 16 non-zero financial metrics
[2025-03-22 00:07:18,336] INFO: cci (6/2021): Updated existing record with 12 non-zero financial metrics
[2025-03-22 00:07:18,361] INFO: cci (9/2021): Updated existing record with 12 non-zero financial metrics
[2025-03-22 00:07:18,386] INFO: cci (12/2021): Updated existing record with 17 non-zero financial metrics
[2025-03-22 00:07:18,410] INFO: cci (3/2022): Updated existing record with 16 non-zero financial metrics
[2025-03-22 00:07:18,435] INFO: cci (6/2022): Updated existing record with 12 non-zero financial metrics
[2025-03-22 00:07:18,460] INFO: cci (9/2022): Updated existing record with 12 non-zero financial metrics
[2025-03-22 00:07:18,484] INFO: cci (12/2022): Updated existing record with 17 non-zero financial metrics
[2025-03-22 00:07:18,509] INFO: cci (3/2023): Updated existing record with 16 non-zero financial metrics
[2025-03-22 00:07:18,534] INFO: cci (6/2023): Updated existing record with 12 non-zero financial metrics
[2025-03-22 00:07:18,560] INFO: cci (9/2023): Updated existing record with 12 non-zero financial metrics
[2025-03-22 00:07:18,585] INFO: cci (12/2023): Updated existing record with 18 non-zero financial metrics
[2025-03-22 00:07:18,611] INFO: cci (3/2024): Updated existing record with 16 non-zero financial metrics
[2025-03-22 00:07:18,637] INFO: cci (6/2024): Updated existing record with 12 non-zero financial metrics
[2025-03-22 00:07:18,662] INFO: cci (9/2024): Updated existing record with 12 non-zero financial metrics
[2025-03-22 00:07:18,677] INFO: Trying adjusted date: 1/2025 (original: 12/2024)
[2025-03-22 00:07:18,690] WARNING: cci (12/2024): No existing record found(12/2024, 2024-12-31) - creating new one
[2025-03-22 00:07:18,690] INFO: cci (12/2024): Created new record with 18 non-zero financial metrics
