[2025-03-22 05:02:55,955] INFO: Trying adjusted date: 10/2011 (original: 9/2011)
[2025-03-22 05:02:55,968] WARNING: cdw (9/2011): No existing record found(9/2011, 2011-09-30) - creating new one
[2025-03-22 05:02:55,968] INFO: cdw (9/2011): Created new record with 13 non-zero financial metrics
[2025-03-22 05:02:55,987] INFO: Trying adjusted date: 1/2012 (original: 12/2011)
[2025-03-22 05:02:56,000] WARNING: cdw (12/2011): No existing record found(12/2011, 2011-12-31) - creating new one
[2025-03-22 05:02:56,001] INFO: cdw (12/2011): Created new record with 17 non-zero financial metrics
[2025-03-22 05:02:56,017] INFO: Trying adjusted date: 4/2012 (original: 3/2012)
[2025-03-22 05:02:56,030] WARNING: cdw (3/2012): No existing record found(3/2012, 2012-03-31) - creating new one
[2025-03-22 05:02:56,031] INFO: cdw (3/2012): Created new record with 17 non-zero financial metrics
[2025-03-22 05:02:56,045] INFO: Trying adjusted date: 7/2012 (original: 6/2012)
[2025-03-22 05:02:56,057] WARNING: cdw (6/2012): No existing record found(6/2012, 2012-06-30) - creating new one
[2025-03-22 05:02:56,058] INFO: cdw (6/2012): Created new record with 13 non-zero financial metrics
[2025-03-22 05:02:56,072] INFO: Trying adjusted date: 10/2012 (original: 9/2012)
[2025-03-22 05:02:56,084] WARNING: cdw (9/2012): No existing record found(9/2012, 2012-09-30) - creating new one
[2025-03-22 05:02:56,085] INFO: cdw (9/2012): Created new record with 13 non-zero financial metrics
[2025-03-22 05:02:56,098] INFO: Trying adjusted date: 1/2013 (original: 12/2012)
[2025-03-22 05:02:56,111] WARNING: cdw (12/2012): No existing record found(12/2012, 2012-12-31) - creating new one
[2025-03-22 05:02:56,111] INFO: cdw (12/2012): Created new record with 16 non-zero financial metrics
[2025-03-22 05:02:56,124] INFO: Trying adjusted date: 4/2013 (original: 3/2013)
[2025-03-22 05:02:56,136] WARNING: cdw (3/2013): No existing record found(3/2013, 2013-03-31) - creating new one
[2025-03-22 05:02:56,137] INFO: cdw (3/2013): Created new record with 16 non-zero financial metrics
[2025-03-22 05:02:56,150] INFO: Trying adjusted date: 7/2013 (original: 6/2013)
[2025-03-22 05:02:56,163] WARNING: cdw (6/2013): No existing record found(6/2013, 2013-06-30) - creating new one
[2025-03-22 05:02:56,163] INFO: cdw (6/2013): Created new record with 14 non-zero financial metrics
[2025-03-22 05:02:56,189] INFO: cdw (9/2013): Updated existing record with 14 non-zero financial metrics
[2025-03-22 05:02:56,215] INFO: cdw (12/2013): Updated existing record with 18 non-zero financial metrics
[2025-03-22 05:02:56,229] WARNING: cdw (3/2014): Found zero values for fields: Share Repurchases
[2025-03-22 05:02:56,241] INFO: cdw (3/2014): Updated existing record with 17 non-zero financial metrics
[2025-03-22 05:02:56,269] INFO: cdw (6/2014): Updated existing record with 14 non-zero financial metrics
[2025-03-22 05:02:56,296] INFO: cdw (9/2014): Updated existing record with 13 non-zero financial metrics
[2025-03-22 05:02:56,310] WARNING: cdw (12/2014): Found zero values for fields: Share Repurchases
[2025-03-22 05:02:56,323] INFO: cdw (12/2014): Updated existing record with 16 non-zero financial metrics
[2025-03-22 05:02:56,350] INFO: cdw (3/2015): Updated existing record with 16 non-zero financial metrics
[2025-03-22 05:02:56,376] INFO: cdw (6/2015): Updated existing record with 13 non-zero financial metrics
[2025-03-22 05:02:56,402] INFO: cdw (9/2015): Updated existing record with 13 non-zero financial metrics
[2025-03-22 05:02:56,429] INFO: cdw (12/2015): Updated existing record with 18 non-zero financial metrics
[2025-03-22 05:02:56,456] INFO: cdw (3/2016): Updated existing record with 18 non-zero financial metrics
[2025-03-22 05:02:56,482] INFO: cdw (6/2016): Updated existing record with 13 non-zero financial metrics
[2025-03-22 05:02:56,509] INFO: cdw (9/2016): Updated existing record with 13 non-zero financial metrics
[2025-03-22 05:02:56,536] INFO: cdw (12/2016): Updated existing record with 18 non-zero financial metrics
[2025-03-22 05:02:56,563] INFO: cdw (3/2017): Updated existing record with 18 non-zero financial metrics
[2025-03-22 05:02:56,591] INFO: cdw (6/2017): Updated existing record with 13 non-zero financial metrics
[2025-03-22 05:02:56,618] INFO: cdw (9/2017): Updated existing record with 13 non-zero financial metrics
[2025-03-22 05:02:56,647] INFO: cdw (12/2017): Updated existing record with 19 non-zero financial metrics
[2025-03-22 05:02:56,674] INFO: cdw (3/2018): Updated existing record with 19 non-zero financial metrics
[2025-03-22 05:02:56,700] INFO: cdw (6/2018): Updated existing record with 14 non-zero financial metrics
[2025-03-22 05:02:56,727] INFO: cdw (9/2018): Updated existing record with 14 non-zero financial metrics
[2025-03-22 05:02:56,754] INFO: cdw (12/2018): Updated existing record with 19 non-zero financial metrics
[2025-03-22 05:02:56,781] INFO: cdw (3/2019): Updated existing record with 19 non-zero financial metrics
[2025-03-22 05:02:56,808] INFO: cdw (6/2019): Updated existing record with 14 non-zero financial metrics
[2025-03-22 05:02:56,834] INFO: cdw (9/2019): Updated existing record with 14 non-zero financial metrics
[2025-03-22 05:02:56,865] INFO: cdw (12/2019): Updated existing record with 19 non-zero financial metrics
[2025-03-22 05:02:56,891] INFO: cdw (3/2020): Updated existing record with 19 non-zero financial metrics
[2025-03-22 05:02:56,918] INFO: cdw (6/2020): Updated existing record with 14 non-zero financial metrics
[2025-03-22 05:02:56,944] INFO: cdw (9/2020): Updated existing record with 14 non-zero financial metrics
[2025-03-22 05:02:56,970] INFO: cdw (12/2020): Updated existing record with 20 non-zero financial metrics
[2025-03-22 05:02:56,997] INFO: cdw (3/2021): Updated existing record with 19 non-zero financial metrics
[2025-03-22 05:02:57,024] INFO: cdw (6/2021): Updated existing record with 14 non-zero financial metrics
[2025-03-22 05:02:57,051] INFO: cdw (9/2021): Updated existing record with 14 non-zero financial metrics
[2025-03-22 05:02:57,080] INFO: cdw (12/2021): Updated existing record with 20 non-zero financial metrics
[2025-03-22 05:02:57,094] WARNING: cdw (3/2022): Found zero values for fields: Share Repurchases
[2025-03-22 05:02:57,106] INFO: cdw (3/2022): Updated existing record with 18 non-zero financial metrics
[2025-03-22 05:02:57,134] INFO: cdw (6/2022): Updated existing record with 14 non-zero financial metrics
[2025-03-22 05:02:57,162] INFO: cdw (9/2022): Updated existing record with 14 non-zero financial metrics
[2025-03-22 05:02:57,175] WARNING: cdw (12/2022): Found zero values for fields: Share Repurchases
[2025-03-22 05:02:57,188] INFO: cdw (12/2022): Updated existing record with 19 non-zero financial metrics
[2025-03-22 05:02:57,214] INFO: cdw (3/2023): Updated existing record with 19 non-zero financial metrics
[2025-03-22 05:02:57,241] INFO: cdw (6/2023): Updated existing record with 14 non-zero financial metrics
[2025-03-22 05:02:57,268] INFO: cdw (9/2023): Updated existing record with 14 non-zero financial metrics
[2025-03-22 05:02:57,297] INFO: cdw (12/2023): Updated existing record with 20 non-zero financial metrics
[2025-03-22 05:02:57,324] INFO: cdw (3/2024): Updated existing record with 19 non-zero financial metrics
[2025-03-22 05:02:57,352] INFO: cdw (6/2024): Updated existing record with 14 non-zero financial metrics
[2025-03-22 05:02:57,380] INFO: cdw (9/2024): Updated existing record with 14 non-zero financial metrics
[2025-03-22 05:02:57,394] INFO: Trying adjusted date: 1/2025 (original: 12/2024)
[2025-03-22 05:02:57,407] WARNING: cdw (12/2024): No existing record found(12/2024, 2024-12-31) - creating new one
[2025-03-22 05:02:57,407] INFO: cdw (12/2024): Created new record with 20 non-zero financial metrics
