[2025-03-22 08:59:17,060] INFO: Trying adjusted date: 4/2010 (original: 3/2010)
[2025-03-22 08:59:17,072] WARNING: ce (3/2010): No existing record found(3/2010, 2010-03-31) - creating new one
[2025-03-22 08:59:17,073] INFO: ce (3/2010): Created new record with 19 non-zero financial metrics
[2025-03-22 08:59:17,091] INFO: Trying adjusted date: 7/2010 (original: 6/2010)
[2025-03-22 08:59:17,105] WARNING: ce (6/2010): No existing record found(6/2010, 2010-06-30) - creating new one
[2025-03-22 08:59:17,105] INFO: ce (6/2010): Created new record with 15 non-zero financial metrics
[2025-03-22 08:59:17,120] INFO: Trying adjusted date: 10/2010 (original: 9/2010)
[2025-03-22 08:59:17,133] WARNING: ce (9/2010): No existing record found(9/2010, 2010-09-30) - creating new one
[2025-03-22 08:59:17,133] INFO: ce (9/2010): Created new record with 15 non-zero financial metrics
[2025-03-22 08:59:17,149] INFO: Trying adjusted date: 1/2011 (original: 12/2010)
[2025-03-22 08:59:17,161] WARNING: ce (12/2010): No existing record found(12/2010, 2010-12-31) - creating new one
[2025-03-22 08:59:17,162] INFO: ce (12/2010): Created new record with 20 non-zero financial metrics
[2025-03-22 08:59:17,177] INFO: Trying adjusted date: 4/2011 (original: 3/2011)
[2025-03-22 08:59:17,191] WARNING: ce (3/2011): No existing record found(3/2011, 2011-03-31) - creating new one
[2025-03-22 08:59:17,192] INFO: ce (3/2011): Created new record with 20 non-zero financial metrics
[2025-03-22 08:59:17,207] INFO: Trying adjusted date: 7/2011 (original: 6/2011)
[2025-03-22 08:59:17,220] WARNING: ce (6/2011): No existing record found(6/2011, 2011-06-30) - creating new one
[2025-03-22 08:59:17,221] INFO: ce (6/2011): Created new record with 16 non-zero financial metrics
[2025-03-22 08:59:17,235] INFO: Trying adjusted date: 10/2011 (original: 9/2011)
[2025-03-22 08:59:17,248] WARNING: ce (9/2011): No existing record found(9/2011, 2011-09-30) - creating new one
[2025-03-22 08:59:17,249] INFO: ce (9/2011): Created new record with 16 non-zero financial metrics
[2025-03-22 08:59:17,263] INFO: Trying adjusted date: 1/2012 (original: 12/2011)
[2025-03-22 08:59:17,276] WARNING: ce (12/2011): No existing record found(12/2011, 2011-12-31) - creating new one
[2025-03-22 08:59:17,277] INFO: ce (12/2011): Created new record with 21 non-zero financial metrics
[2025-03-22 08:59:17,290] INFO: Trying adjusted date: 4/2012 (original: 3/2012)
[2025-03-22 08:59:17,304] WARNING: ce (3/2012): No existing record found(3/2012, 2012-03-31) - creating new one
[2025-03-22 08:59:17,304] INFO: ce (3/2012): Created new record with 21 non-zero financial metrics
[2025-03-22 08:59:17,319] INFO: Trying adjusted date: 7/2012 (original: 6/2012)
[2025-03-22 08:59:17,331] WARNING: ce (6/2012): No existing record found(6/2012, 2012-06-30) - creating new one
[2025-03-22 08:59:17,332] INFO: ce (6/2012): Created new record with 16 non-zero financial metrics
[2025-03-22 08:59:17,362] INFO: ce (9/2012): Updated existing record with 16 non-zero financial metrics
[2025-03-22 08:59:17,392] INFO: ce (12/2012): Updated existing record with 21 non-zero financial metrics
[2025-03-22 08:59:17,406] WARNING: ce (3/2013): Found zero values for fields: Share Repurchases
[2025-03-22 08:59:17,420] INFO: ce (3/2013): Updated existing record with 20 non-zero financial metrics
[2025-03-22 08:59:17,447] INFO: ce (6/2013): Updated existing record with 16 non-zero financial metrics
[2025-03-22 08:59:17,475] INFO: ce (9/2013): Updated existing record with 16 non-zero financial metrics
[2025-03-22 08:59:17,503] INFO: ce (12/2013): Updated existing record with 21 non-zero financial metrics
[2025-03-22 08:59:17,531] INFO: ce (3/2014): Updated existing record with 21 non-zero financial metrics
[2025-03-22 08:59:17,560] INFO: ce (6/2014): Updated existing record with 16 non-zero financial metrics
[2025-03-22 08:59:17,588] INFO: ce (9/2014): Updated existing record with 16 non-zero financial metrics
[2025-03-22 08:59:17,616] INFO: ce (12/2014): Updated existing record with 21 non-zero financial metrics
[2025-03-22 08:59:17,632] WARNING: ce (3/2015): Found zero values for fields: Share Repurchases
[2025-03-22 08:59:17,645] INFO: ce (3/2015): Updated existing record with 20 non-zero financial metrics
[2025-03-22 08:59:17,674] INFO: ce (6/2015): Updated existing record with 16 non-zero financial metrics
[2025-03-22 08:59:17,705] INFO: ce (9/2015): Updated existing record with 16 non-zero financial metrics
[2025-03-22 08:59:17,733] INFO: ce (12/2015): Updated existing record with 21 non-zero financial metrics
[2025-03-22 08:59:17,748] WARNING: ce (3/2016): Found zero values for fields: Share Repurchases
[2025-03-22 08:59:17,761] INFO: ce (3/2016): Updated existing record with 20 non-zero financial metrics
[2025-03-22 08:59:17,789] INFO: ce (6/2016): Updated existing record with 16 non-zero financial metrics
[2025-03-22 08:59:17,816] INFO: ce (9/2016): Updated existing record with 16 non-zero financial metrics
[2025-03-22 08:59:17,843] INFO: ce (12/2016): Updated existing record with 21 non-zero financial metrics
[2025-03-22 08:59:17,871] INFO: ce (3/2017): Updated existing record with 21 non-zero financial metrics
[2025-03-22 08:59:17,899] INFO: ce (6/2017): Updated existing record with 16 non-zero financial metrics
[2025-03-22 08:59:17,927] INFO: ce (9/2017): Updated existing record with 16 non-zero financial metrics
[2025-03-22 08:59:17,955] INFO: ce (12/2017): Updated existing record with 21 non-zero financial metrics
[2025-03-22 08:59:17,971] WARNING: ce (3/2018): Found zero values for fields: Share Repurchases
[2025-03-22 08:59:17,985] INFO: ce (3/2018): Updated existing record with 20 non-zero financial metrics
[2025-03-22 08:59:18,013] INFO: ce (6/2018): Updated existing record with 16 non-zero financial metrics
[2025-03-22 08:59:18,042] INFO: ce (9/2018): Updated existing record with 16 non-zero financial metrics
[2025-03-22 08:59:18,070] INFO: ce (12/2018): Updated existing record with 21 non-zero financial metrics
[2025-03-22 08:59:18,098] INFO: ce (3/2019): Updated existing record with 21 non-zero financial metrics
[2025-03-22 08:59:18,128] INFO: ce (6/2019): Updated existing record with 16 non-zero financial metrics
[2025-03-22 08:59:18,156] INFO: ce (9/2019): Updated existing record with 16 non-zero financial metrics
[2025-03-22 08:59:18,186] INFO: ce (12/2019): Updated existing record with 21 non-zero financial metrics
[2025-03-22 08:59:18,215] INFO: ce (3/2020): Updated existing record with 20 non-zero financial metrics
[2025-03-22 08:59:18,243] INFO: ce (6/2020): Updated existing record with 15 non-zero financial metrics
[2025-03-22 08:59:18,271] INFO: ce (9/2020): Updated existing record with 15 non-zero financial metrics
[2025-03-22 08:59:18,300] INFO: ce (12/2020): Updated existing record with 21 non-zero financial metrics
[2025-03-22 08:59:18,328] INFO: ce (3/2021): Updated existing record with 20 non-zero financial metrics
[2025-03-22 08:59:18,356] INFO: ce (6/2021): Updated existing record with 15 non-zero financial metrics
[2025-03-22 08:59:18,385] INFO: ce (9/2021): Updated existing record with 15 non-zero financial metrics
[2025-03-22 08:59:18,413] INFO: ce (12/2021): Updated existing record with 21 non-zero financial metrics
[2025-03-22 08:59:18,443] INFO: ce (3/2022): Updated existing record with 20 non-zero financial metrics
[2025-03-22 08:59:18,476] INFO: ce (6/2022): Updated existing record with 15 non-zero financial metrics
[2025-03-22 08:59:18,505] INFO: ce (9/2022): Updated existing record with 15 non-zero financial metrics
[2025-03-22 08:59:18,534] INFO: ce (12/2022): Updated existing record with 21 non-zero financial metrics
[2025-03-22 08:59:18,550] WARNING: ce (3/2023): Found zero values for fields: Share Repurchases
[2025-03-22 08:59:18,564] INFO: ce (3/2023): Updated existing record with 19 non-zero financial metrics
[2025-03-22 08:59:18,592] INFO: ce (6/2023): Updated existing record with 15 non-zero financial metrics
[2025-03-22 08:59:18,621] INFO: ce (9/2023): Updated existing record with 15 non-zero financial metrics
[2025-03-22 08:59:18,636] WARNING: ce (12/2023): Found zero values for fields: Share Repurchases
[2025-03-22 08:59:18,649] INFO: ce (12/2023): Updated existing record with 19 non-zero financial metrics
[2025-03-22 08:59:18,678] INFO: ce (3/2024): Updated existing record with 19 non-zero financial metrics
[2025-03-22 08:59:18,706] INFO: ce (6/2024): Updated existing record with 15 non-zero financial metrics
[2025-03-22 08:59:18,735] INFO: ce (9/2024): Updated existing record with 15 non-zero financial metrics
[2025-03-22 08:59:18,750] INFO: Trying adjusted date: 1/2025 (original: 12/2024)
[2025-03-22 08:59:18,764] WARNING: ce (12/2024): Found zero values for fields: Share Repurchases
[2025-03-22 08:59:18,764] WARNING: ce (12/2024): No existing record found(12/2024, 2024-12-31) - creating new one
[2025-03-22 08:59:18,765] INFO: ce (12/2024): Created new record with 19 non-zero financial metrics
