[2025-03-22 05:17:56,153] INFO: Trying adjusted date: 4/2010 (original: 3/2010)
[2025-03-22 05:17:56,165] WARNING: cf (3/2010): No existing record found(3/2010, 2010-03-31) - creating new one
[2025-03-22 05:17:56,165] INFO: cf (3/2010): Created new record with 17 non-zero financial metrics
[2025-03-22 05:17:56,183] INFO: Trying adjusted date: 7/2010 (original: 6/2010)
[2025-03-22 05:17:56,195] WARNING: cf (6/2010): No existing record found(6/2010, 2010-06-30) - creating new one
[2025-03-22 05:17:56,196] INFO: cf (6/2010): Created new record with 13 non-zero financial metrics
[2025-03-22 05:17:56,210] INFO: Trying adjusted date: 10/2010 (original: 9/2010)
[2025-03-22 05:17:56,222] WARNING: cf (9/2010): No existing record found(9/2010, 2010-09-30) - creating new one
[2025-03-22 05:17:56,222] INFO: cf (9/2010): Created new record with 13 non-zero financial metrics
[2025-03-22 05:17:56,236] INFO: Trying adjusted date: 1/2011 (original: 12/2010)
[2025-03-22 05:17:56,249] WARNING: cf (12/2010): No existing record found(12/2010, 2010-12-31) - creating new one
[2025-03-22 05:17:56,249] INFO: cf (12/2010): Created new record with 17 non-zero financial metrics
[2025-03-22 05:17:56,263] INFO: Trying adjusted date: 4/2011 (original: 3/2011)
[2025-03-22 05:17:56,275] WARNING: cf (3/2011): No existing record found(3/2011, 2011-03-31) - creating new one
[2025-03-22 05:17:56,276] INFO: cf (3/2011): Created new record with 17 non-zero financial metrics
[2025-03-22 05:17:56,291] INFO: Trying adjusted date: 7/2011 (original: 6/2011)
[2025-03-22 05:17:56,304] WARNING: cf (6/2011): No existing record found(6/2011, 2011-06-30) - creating new one
[2025-03-22 05:17:56,305] INFO: cf (6/2011): Created new record with 14 non-zero financial metrics
[2025-03-22 05:17:56,319] INFO: Trying adjusted date: 10/2011 (original: 9/2011)
[2025-03-22 05:17:56,331] WARNING: cf (9/2011): No existing record found(9/2011, 2011-09-30) - creating new one
[2025-03-22 05:17:56,332] INFO: cf (9/2011): Created new record with 14 non-zero financial metrics
[2025-03-22 05:17:56,345] INFO: Trying adjusted date: 1/2012 (original: 12/2011)
[2025-03-22 05:17:56,358] WARNING: cf (12/2011): No existing record found(12/2011, 2011-12-31) - creating new one
[2025-03-22 05:17:56,358] INFO: cf (12/2011): Created new record with 17 non-zero financial metrics
[2025-03-22 05:17:56,373] INFO: Trying adjusted date: 4/2012 (original: 3/2012)
[2025-03-22 05:17:56,386] WARNING: cf (3/2012): No existing record found(3/2012, 2012-03-31) - creating new one
[2025-03-22 05:17:56,386] INFO: cf (3/2012): Created new record with 15 non-zero financial metrics
[2025-03-22 05:17:56,400] INFO: Trying adjusted date: 7/2012 (original: 6/2012)
[2025-03-22 05:17:56,412] WARNING: cf (6/2012): No existing record found(6/2012, 2012-06-30) - creating new one
[2025-03-22 05:17:56,413] INFO: cf (6/2012): Created new record with 14 non-zero financial metrics
[2025-03-22 05:17:56,438] INFO: cf (9/2012): Updated existing record with 14 non-zero financial metrics
[2025-03-22 05:17:56,465] INFO: cf (12/2012): Updated existing record with 17 non-zero financial metrics
[2025-03-22 05:17:56,490] INFO: cf (3/2013): Updated existing record with 16 non-zero financial metrics
[2025-03-22 05:17:56,519] INFO: cf (6/2013): Updated existing record with 14 non-zero financial metrics
[2025-03-22 05:17:56,545] INFO: cf (9/2013): Updated existing record with 14 non-zero financial metrics
[2025-03-22 05:17:56,571] INFO: cf (12/2013): Updated existing record with 17 non-zero financial metrics
[2025-03-22 05:17:56,599] INFO: cf (3/2014): Updated existing record with 16 non-zero financial metrics
[2025-03-22 05:17:56,625] INFO: cf (6/2014): Updated existing record with 14 non-zero financial metrics
[2025-03-22 05:17:56,651] INFO: cf (9/2014): Updated existing record with 14 non-zero financial metrics
[2025-03-22 05:17:56,677] INFO: cf (12/2014): Updated existing record with 17 non-zero financial metrics
[2025-03-22 05:17:56,703] INFO: cf (3/2015): Updated existing record with 16 non-zero financial metrics
[2025-03-22 05:17:56,729] INFO: cf (6/2015): Updated existing record with 14 non-zero financial metrics
[2025-03-22 05:17:56,755] INFO: cf (9/2015): Updated existing record with 14 non-zero financial metrics
[2025-03-22 05:17:56,781] INFO: cf (12/2015): Updated existing record with 16 non-zero financial metrics
[2025-03-22 05:17:56,795] WARNING: cf (3/2016): Found zero values for fields: Share Repurchases
[2025-03-22 05:17:56,807] INFO: cf (3/2016): Updated existing record with 14 non-zero financial metrics
[2025-03-22 05:17:56,833] INFO: cf (6/2016): Updated existing record with 13 non-zero financial metrics
[2025-03-22 05:17:56,847] WARNING: cf (9/2016): Found zero values for fields: Net Income
[2025-03-22 05:17:56,859] INFO: cf (9/2016): Updated existing record with 13 non-zero financial metrics
[2025-03-22 05:17:56,873] WARNING: cf (12/2016): Found zero values for fields: Share Repurchases
[2025-03-22 05:17:56,885] INFO: cf (12/2016): Updated existing record with 19 non-zero financial metrics
[2025-03-22 05:17:56,910] INFO: cf (3/2017): Updated existing record with 18 non-zero financial metrics
[2025-03-22 05:17:56,937] INFO: cf (6/2017): Updated existing record with 14 non-zero financial metrics
[2025-03-22 05:17:56,963] INFO: cf (9/2017): Updated existing record with 14 non-zero financial metrics
[2025-03-22 05:17:56,978] WARNING: cf (12/2017): Found zero values for fields: Share Repurchases
[2025-03-22 05:17:56,990] INFO: cf (12/2017): Updated existing record with 19 non-zero financial metrics
[2025-03-22 05:17:57,019] INFO: cf (3/2018): Updated existing record with 18 non-zero financial metrics
[2025-03-22 05:17:57,046] INFO: cf (6/2018): Updated existing record with 14 non-zero financial metrics
[2025-03-22 05:17:57,072] INFO: cf (9/2018): Updated existing record with 14 non-zero financial metrics
[2025-03-22 05:17:57,099] INFO: cf (12/2018): Updated existing record with 20 non-zero financial metrics
[2025-03-22 05:17:57,125] INFO: cf (3/2019): Updated existing record with 19 non-zero financial metrics
[2025-03-22 05:17:57,152] INFO: cf (6/2019): Updated existing record with 14 non-zero financial metrics
[2025-03-22 05:17:57,178] INFO: cf (9/2019): Updated existing record with 14 non-zero financial metrics
[2025-03-22 05:17:57,204] INFO: cf (12/2019): Updated existing record with 19 non-zero financial metrics
[2025-03-22 05:17:57,230] INFO: cf (3/2020): Updated existing record with 19 non-zero financial metrics
[2025-03-22 05:17:57,256] INFO: cf (6/2020): Updated existing record with 14 non-zero financial metrics
[2025-03-22 05:17:57,284] INFO: cf (9/2020): Updated existing record with 14 non-zero financial metrics
[2025-03-22 05:17:57,311] INFO: cf (12/2020): Updated existing record with 19 non-zero financial metrics
[2025-03-22 05:17:57,325] WARNING: cf (3/2021): Found zero values for fields: Share Repurchases
[2025-03-22 05:17:57,337] INFO: cf (3/2021): Updated existing record with 18 non-zero financial metrics
[2025-03-22 05:17:57,363] INFO: cf (6/2021): Updated existing record with 14 non-zero financial metrics
[2025-03-22 05:17:57,388] INFO: cf (9/2021): Updated existing record with 14 non-zero financial metrics
[2025-03-22 05:17:57,417] INFO: cf (12/2021): Updated existing record with 19 non-zero financial metrics
[2025-03-22 05:17:57,443] INFO: cf (3/2022): Updated existing record with 19 non-zero financial metrics
[2025-03-22 05:17:57,469] INFO: cf (6/2022): Updated existing record with 14 non-zero financial metrics
[2025-03-22 05:17:57,495] INFO: cf (9/2022): Updated existing record with 14 non-zero financial metrics
[2025-03-22 05:17:57,522] INFO: cf (12/2022): Updated existing record with 19 non-zero financial metrics
[2025-03-22 05:17:57,548] INFO: cf (3/2023): Updated existing record with 19 non-zero financial metrics
[2025-03-22 05:17:57,574] INFO: cf (6/2023): Updated existing record with 14 non-zero financial metrics
[2025-03-22 05:17:57,600] INFO: cf (9/2023): Updated existing record with 14 non-zero financial metrics
[2025-03-22 05:17:57,627] INFO: cf (12/2023): Updated existing record with 19 non-zero financial metrics
[2025-03-22 05:17:57,653] INFO: cf (3/2024): Updated existing record with 20 non-zero financial metrics
[2025-03-22 05:17:57,680] INFO: cf (6/2024): Updated existing record with 15 non-zero financial metrics
[2025-03-22 05:17:57,694] WARNING: cf (9/2024): Found zero values for fields: Interest Expense
[2025-03-22 05:17:57,706] INFO: cf (9/2024): Updated existing record with 14 non-zero financial metrics
[2025-03-22 05:17:57,722] INFO: Trying adjusted date: 1/2025 (original: 12/2024)
[2025-03-22 05:17:57,735] WARNING: cf (12/2024): No existing record found(12/2024, 2024-12-31) - creating new one
[2025-03-22 05:17:57,736] INFO: cf (12/2024): Created new record with 19 non-zero financial metrics
