[2025-03-22 06:58:21,031] INFO: Trying adjusted date: 10/2014 (original: 9/2014)
[2025-03-22 06:58:21,043] WARNING: cfg (9/2014): No existing record found(9/2014, 2014-09-30) - creating new one
[2025-03-22 06:58:21,044] INFO: cfg (9/2014): Created new record with 12 non-zero financial metrics
[2025-03-22 06:58:21,073] INFO: cfg (12/2014): Updated existing record with 16 non-zero financial metrics
[2025-03-22 06:58:21,102] INFO: cfg (3/2015): Updated existing record with 16 non-zero financial metrics
[2025-03-22 06:58:21,129] INFO: cfg (6/2015): Updated existing record with 12 non-zero financial metrics
[2025-03-22 06:58:21,155] INFO: cfg (9/2015): Updated existing record with 12 non-zero financial metrics
[2025-03-22 06:58:21,182] INFO: cfg (12/2015): Updated existing record with 16 non-zero financial metrics
[2025-03-22 06:58:21,210] INFO: cfg (3/2016): Updated existing record with 15 non-zero financial metrics
[2025-03-22 06:58:21,240] INFO: cfg (6/2016): Updated existing record with 13 non-zero financial metrics
[2025-03-22 06:58:21,268] INFO: cfg (9/2016): Updated existing record with 14 non-zero financial metrics
[2025-03-22 06:58:21,296] INFO: cfg (12/2016): Updated existing record with 17 non-zero financial metrics
[2025-03-22 06:58:21,323] INFO: cfg (3/2017): Updated existing record with 17 non-zero financial metrics
[2025-03-22 06:58:21,352] INFO: cfg (6/2017): Updated existing record with 13 non-zero financial metrics
[2025-03-22 06:58:21,378] INFO: cfg (9/2017): Updated existing record with 14 non-zero financial metrics
[2025-03-22 06:58:21,406] INFO: cfg (12/2017): Updated existing record with 18 non-zero financial metrics
[2025-03-22 06:58:21,436] INFO: cfg (3/2018): Updated existing record with 18 non-zero financial metrics
[2025-03-22 06:58:21,463] INFO: cfg (6/2018): Updated existing record with 14 non-zero financial metrics
[2025-03-22 06:58:21,490] INFO: cfg (9/2018): Updated existing record with 14 non-zero financial metrics
[2025-03-22 06:58:21,516] INFO: cfg (12/2018): Updated existing record with 18 non-zero financial metrics
[2025-03-22 06:58:21,544] INFO: cfg (3/2019): Updated existing record with 16 non-zero financial metrics
[2025-03-22 06:58:21,577] INFO: cfg (6/2019): Updated existing record with 12 non-zero financial metrics
[2025-03-22 06:58:21,603] INFO: cfg (9/2019): Updated existing record with 12 non-zero financial metrics
[2025-03-22 06:58:21,633] INFO: cfg (12/2019): Updated existing record with 18 non-zero financial metrics
[2025-03-22 06:58:21,661] INFO: cfg (3/2020): Updated existing record with 16 non-zero financial metrics
[2025-03-22 06:58:21,688] INFO: cfg (6/2020): Updated existing record with 12 non-zero financial metrics
[2025-03-22 06:58:21,715] INFO: cfg (9/2020): Updated existing record with 12 non-zero financial metrics
[2025-03-22 06:58:21,744] INFO: cfg (12/2020): Updated existing record with 17 non-zero financial metrics
[2025-03-22 06:58:21,772] INFO: cfg (3/2021): Updated existing record with 16 non-zero financial metrics
[2025-03-22 06:58:21,800] INFO: cfg (6/2021): Updated existing record with 12 non-zero financial metrics
[2025-03-22 06:58:21,828] INFO: cfg (9/2021): Updated existing record with 12 non-zero financial metrics
[2025-03-22 06:58:21,856] INFO: cfg (12/2021): Updated existing record with 17 non-zero financial metrics
[2025-03-22 06:58:21,870] WARNING: cfg (3/2022): Found zero values for fields: Share Repurchases
[2025-03-22 06:58:21,883] INFO: cfg (3/2022): Updated existing record with 15 non-zero financial metrics
[2025-03-22 06:58:21,911] INFO: cfg (6/2022): Updated existing record with 12 non-zero financial metrics
[2025-03-22 06:58:21,938] INFO: cfg (9/2022): Updated existing record with 12 non-zero financial metrics
[2025-03-22 06:58:21,966] INFO: cfg (12/2022): Updated existing record with 17 non-zero financial metrics
[2025-03-22 06:58:21,993] INFO: cfg (3/2023): Updated existing record with 16 non-zero financial metrics
[2025-03-22 06:58:22,020] INFO: cfg (6/2023): Updated existing record with 12 non-zero financial metrics
[2025-03-22 06:58:22,048] INFO: cfg (9/2023): Updated existing record with 12 non-zero financial metrics
[2025-03-22 06:58:22,076] INFO: cfg (12/2023): Updated existing record with 17 non-zero financial metrics
[2025-03-22 06:58:22,105] INFO: cfg (3/2024): Updated existing record with 16 non-zero financial metrics
[2025-03-22 06:58:22,132] INFO: cfg (6/2024): Updated existing record with 11 non-zero financial metrics
[2025-03-22 06:58:22,160] INFO: cfg (9/2024): Updated existing record with 11 non-zero financial metrics
[2025-03-22 06:58:22,187] INFO: cfg (12/2024): Updated existing record with 16 non-zero financial metrics
