[2025-03-22 12:51:36,609] INFO: cflt (6/2021): Updated existing record with 16 non-zero financial metrics
[2025-03-22 12:51:36,640] INFO: cflt (9/2021): Updated existing record with 16 non-zero financial metrics
[2025-03-22 12:51:36,672] INFO: cflt (12/2021): Updated existing record with 21 non-zero financial metrics
[2025-03-22 12:51:36,688] WARNING: cflt (3/2022): Found zero values for fields: Loan Loss Reserves
[2025-03-22 12:51:36,703] INFO: cflt (3/2022): Updated existing record with 21 non-zero financial metrics
[2025-03-22 12:51:36,720] WARNING: cflt (6/2022): Found zero values for fields: Loan Loss Reserves
[2025-03-22 12:51:36,735] INFO: cflt (6/2022): Updated existing record with 18 non-zero financial metrics
[2025-03-22 12:51:36,750] WARNING: cflt (9/2022): Found zero values for fields: Loan Loss Reserves
[2025-03-22 12:51:36,764] INFO: cflt (9/2022): Updated existing record with 18 non-zero financial metrics
[2025-03-22 12:51:36,780] WARNING: cflt (12/2022): Found zero values for fields: Loan Loss Reserves
[2025-03-22 12:51:36,794] INFO: cflt (12/2022): Updated existing record with 22 non-zero financial metrics
[2025-03-22 12:51:36,810] WARNING: cflt (3/2023): Found zero values for fields: Loan Loss Reserves
[2025-03-22 12:51:36,825] INFO: cflt (3/2023): Updated existing record with 23 non-zero financial metrics
[2025-03-22 12:51:36,841] WARNING: cflt (6/2023): Found zero values for fields: Loan Loss Reserves
[2025-03-22 12:51:36,855] INFO: cflt (6/2023): Updated existing record with 19 non-zero financial metrics
[2025-03-22 12:51:36,873] WARNING: cflt (9/2023): Found zero values for fields: Loan Loss Reserves
[2025-03-22 12:51:36,887] INFO: cflt (9/2023): Updated existing record with 19 non-zero financial metrics
[2025-03-22 12:51:36,916] INFO: cflt (12/2023): Updated existing record with 24 non-zero financial metrics
[2025-03-22 12:51:36,932] WARNING: cflt (3/2024): Found zero values for fields: Loan Loss Reserves
[2025-03-22 12:51:36,946] INFO: cflt (3/2024): Updated existing record with 23 non-zero financial metrics
[2025-03-22 12:51:36,980] INFO: cflt (6/2024): Updated existing record with 19 non-zero financial metrics
[2025-03-22 12:51:37,009] INFO: cflt (9/2024): Updated existing record with 19 non-zero financial metrics
[2025-03-22 12:51:37,025] INFO: Trying adjusted date: 1/2025 (original: 12/2024)
[2025-03-22 12:51:37,042] WARNING: cflt (12/2024): No existing record found(12/2024, 2024-12-31) - creating new one
[2025-03-22 12:51:37,043] INFO: cflt (12/2024): Created new record with 23 non-zero financial metrics
