[2025-03-22 09:15:40,194] INFO: Trying adjusted date: 4/2012 (original: 3/2012)
[2025-03-22 09:15:40,207] WARNING: cg (3/2012): No existing record found(3/2012, 2012-03-31) - creating new one
[2025-03-22 09:15:40,208] INFO: cg (3/2012): Created new record with 12 non-zero financial metrics
[2025-03-22 09:15:40,222] INFO: Trying adjusted date: 7/2012 (original: 6/2012)
[2025-03-22 09:15:40,235] WARNING: cg (6/2012): No existing record found(6/2012, 2012-06-30) - creating new one
[2025-03-22 09:15:40,236] INFO: cg (6/2012): Created new record with 11 non-zero financial metrics
[2025-03-22 09:15:40,264] INFO: cg (9/2012): Updated existing record with 11 non-zero financial metrics
[2025-03-22 09:15:40,292] INFO: cg (12/2012): Updated existing record with 14 non-zero financial metrics
[2025-03-22 09:15:40,319] INFO: cg (3/2013): Updated existing record with 14 non-zero financial metrics
[2025-03-22 09:15:40,348] INFO: cg (6/2013): Updated existing record with 10 non-zero financial metrics
[2025-03-22 09:15:40,375] INFO: cg (9/2013): Updated existing record with 11 non-zero financial metrics
[2025-03-22 09:15:40,402] INFO: cg (12/2013): Updated existing record with 15 non-zero financial metrics
[2025-03-22 09:15:40,430] INFO: cg (3/2014): Updated existing record with 15 non-zero financial metrics
[2025-03-22 09:15:40,458] INFO: cg (6/2014): Updated existing record with 12 non-zero financial metrics
[2025-03-22 09:15:40,485] INFO: cg (9/2014): Updated existing record with 12 non-zero financial metrics
[2025-03-22 09:15:40,513] INFO: cg (12/2014): Updated existing record with 15 non-zero financial metrics
[2025-03-22 09:15:40,543] INFO: cg (3/2015): Updated existing record with 14 non-zero financial metrics
[2025-03-22 09:15:40,571] INFO: cg (6/2015): Updated existing record with 12 non-zero financial metrics
[2025-03-22 09:15:40,601] INFO: cg (9/2015): Updated existing record with 12 non-zero financial metrics
[2025-03-22 09:15:40,629] INFO: cg (12/2015): Updated existing record with 15 non-zero financial metrics
[2025-03-22 09:15:40,657] INFO: cg (3/2016): Updated existing record with 14 non-zero financial metrics
[2025-03-22 09:15:40,685] INFO: cg (6/2016): Updated existing record with 12 non-zero financial metrics
[2025-03-22 09:15:40,713] INFO: cg (9/2016): Updated existing record with 12 non-zero financial metrics
[2025-03-22 09:15:40,742] INFO: cg (12/2016): Updated existing record with 16 non-zero financial metrics
[2025-03-22 09:15:40,771] INFO: cg (3/2017): Updated existing record with 14 non-zero financial metrics
[2025-03-22 09:15:40,788] WARNING: cg (6/2017): Found zero values for fields: Share Repurchases
[2025-03-22 09:15:40,801] INFO: cg (6/2017): Updated existing record with 12 non-zero financial metrics
[2025-03-22 09:15:40,821] WARNING: cg (9/2017): Found zero values for fields: Share Repurchases
[2025-03-22 09:15:40,834] INFO: cg (9/2017): Updated existing record with 10 non-zero financial metrics
[2025-03-22 09:15:40,863] INFO: cg (12/2017): Updated existing record with 16 non-zero financial metrics
[2025-03-22 09:15:40,877] WARNING: cg (3/2018): Found zero values for fields: Share Repurchases
[2025-03-22 09:15:40,890] INFO: cg (3/2018): Updated existing record with 10 non-zero financial metrics
[2025-03-22 09:15:40,918] INFO: cg (6/2018): Updated existing record with 10 non-zero financial metrics
[2025-03-22 09:15:40,946] INFO: cg (9/2018): Updated existing record with 10 non-zero financial metrics
[2025-03-22 09:15:40,974] INFO: cg (12/2018): Updated existing record with 15 non-zero financial metrics
[2025-03-22 09:15:41,001] INFO: cg (3/2019): Updated existing record with 14 non-zero financial metrics
[2025-03-22 09:15:41,029] INFO: cg (6/2019): Updated existing record with 11 non-zero financial metrics
[2025-03-22 09:15:41,058] INFO: cg (9/2019): Updated existing record with 11 non-zero financial metrics
[2025-03-22 09:15:41,085] INFO: cg (12/2019): Updated existing record with 15 non-zero financial metrics
[2025-03-22 09:15:41,115] INFO: cg (3/2020): Updated existing record with 15 non-zero financial metrics
[2025-03-22 09:15:41,142] INFO: cg (6/2020): Updated existing record with 10 non-zero financial metrics
[2025-03-22 09:15:41,170] INFO: cg (9/2020): Updated existing record with 10 non-zero financial metrics
[2025-03-22 09:15:41,197] INFO: cg (12/2020): Updated existing record with 15 non-zero financial metrics
[2025-03-22 09:15:41,225] INFO: cg (3/2021): Updated existing record with 15 non-zero financial metrics
[2025-03-22 09:15:41,253] INFO: cg (6/2021): Updated existing record with 11 non-zero financial metrics
[2025-03-22 09:15:41,280] INFO: cg (9/2021): Updated existing record with 11 non-zero financial metrics
[2025-03-22 09:15:41,308] INFO: cg (12/2021): Updated existing record with 15 non-zero financial metrics
[2025-03-22 09:15:41,335] INFO: cg (3/2022): Updated existing record with 16 non-zero financial metrics
[2025-03-22 09:15:41,363] INFO: cg (6/2022): Updated existing record with 11 non-zero financial metrics
[2025-03-22 09:15:41,393] INFO: cg (9/2022): Updated existing record with 11 non-zero financial metrics
[2025-03-22 09:15:41,421] INFO: cg (12/2022): Updated existing record with 15 non-zero financial metrics
[2025-03-22 09:15:41,452] INFO: cg (3/2023): Updated existing record with 15 non-zero financial metrics
[2025-03-22 09:15:41,481] INFO: cg (6/2023): Updated existing record with 9 non-zero financial metrics
[2025-03-22 09:15:41,509] INFO: cg (9/2023): Updated existing record with 9 non-zero financial metrics
[2025-03-22 09:15:41,536] INFO: cg (12/2023): Updated existing record with 14 non-zero financial metrics
[2025-03-22 09:15:41,564] INFO: cg (3/2024): Updated existing record with 14 non-zero financial metrics
[2025-03-22 09:15:41,592] INFO: cg (6/2024): Updated existing record with 9 non-zero financial metrics
[2025-03-22 09:15:41,619] INFO: cg (9/2024): Updated existing record with 9 non-zero financial metrics
[2025-03-22 09:15:41,635] INFO: Trying adjusted date: 1/2025 (original: 12/2024)
[2025-03-22 09:15:41,648] WARNING: cg (12/2024): No existing record found(12/2024, 2024-12-31) - creating new one
[2025-03-22 09:15:41,648] INFO: cg (12/2024): Created new record with 14 non-zero financial metrics
