[2025-03-22 12:09:10,503] INFO: Trying adjusted date: 7/2011 (original: 6/2011)
[2025-03-22 12:09:10,517] WARNING: chdn (6/2011): No existing record found(6/2011, 2011-06-30) - creating new one
[2025-03-22 12:09:10,517] INFO: chdn (6/2011): Created new record with 11 non-zero financial metrics
[2025-03-22 12:09:10,534] INFO: Trying adjusted date: 10/2011 (original: 9/2011)
[2025-03-22 12:09:10,548] WARNING: chdn (9/2011): No existing record found(9/2011, 2011-09-30) - creating new one
[2025-03-22 12:09:10,548] INFO: chdn (9/2011): Created new record with 11 non-zero financial metrics
[2025-03-22 12:09:10,564] INFO: Trying adjusted date: 1/2012 (original: 12/2011)
[2025-03-22 12:09:10,578] WARNING: chdn (12/2011): No existing record found(12/2011, 2011-12-31) - creating new one
[2025-03-22 12:09:10,578] INFO: chdn (12/2011): Created new record with 15 non-zero financial metrics
[2025-03-22 12:09:10,593] INFO: Trying adjusted date: 4/2012 (original: 3/2012)
[2025-03-22 12:09:10,607] WARNING: chdn (3/2012): No existing record found(3/2012, 2012-03-31) - creating new one
[2025-03-22 12:09:10,608] INFO: chdn (3/2012): Created new record with 15 non-zero financial metrics
[2025-03-22 12:09:10,623] INFO: Trying adjusted date: 7/2012 (original: 6/2012)
[2025-03-22 12:09:10,637] WARNING: chdn (6/2012): No existing record found(6/2012, 2012-06-30) - creating new one
[2025-03-22 12:09:10,637] INFO: chdn (6/2012): Created new record with 11 non-zero financial metrics
[2025-03-22 12:09:10,667] INFO: chdn (9/2012): Updated existing record with 11 non-zero financial metrics
[2025-03-22 12:09:10,697] INFO: chdn (12/2012): Updated existing record with 17 non-zero financial metrics
[2025-03-22 12:09:10,726] INFO: chdn (3/2013): Updated existing record with 16 non-zero financial metrics
[2025-03-22 12:09:10,755] INFO: chdn (6/2013): Updated existing record with 11 non-zero financial metrics
[2025-03-22 12:09:10,769] WARNING: chdn (9/2013): Found zero values for fields: Revenue
[2025-03-22 12:09:10,783] INFO: chdn (9/2013): Updated existing record with 11 non-zero financial metrics
[2025-03-22 12:09:10,799] WARNING: chdn (12/2013): Found zero values for fields: Revenue
[2025-03-22 12:09:10,812] INFO: chdn (12/2013): Updated existing record with 17 non-zero financial metrics
[2025-03-22 12:09:10,831] INFO: Trying adjusted date: 4/2014 (original: 3/2014)
[2025-03-22 12:09:10,846] WARNING: chdn (3/2014): Found zero values for fields: Revenue
[2025-03-22 12:09:10,846] WARNING: chdn (3/2014): No existing record found(3/2014, 2014-03-31) - creating new one
[2025-03-22 12:09:10,847] INFO: chdn (3/2014): Created new record with 16 non-zero financial metrics
[2025-03-22 12:09:10,862] WARNING: chdn (6/2014): Found zero values for fields: Revenue
[2025-03-22 12:09:10,876] INFO: chdn (6/2014): Updated existing record with 10 non-zero financial metrics
[2025-03-22 12:09:10,892] WARNING: chdn (9/2014): Found zero values for fields: Revenue
[2025-03-22 12:09:10,906] INFO: chdn (9/2014): Updated existing record with 10 non-zero financial metrics
[2025-03-22 12:09:10,923] WARNING: chdn (12/2014): Found zero values for fields: Revenue
[2025-03-22 12:09:10,936] INFO: chdn (12/2014): Updated existing record with 17 non-zero financial metrics
[2025-03-22 12:09:10,953] WARNING: chdn (3/2015): Found zero values for fields: Revenue
[2025-03-22 12:09:10,967] INFO: chdn (3/2015): Updated existing record with 16 non-zero financial metrics
[2025-03-22 12:09:10,983] WARNING: chdn (6/2015): Found zero values for fields: Revenue
[2025-03-22 12:09:10,997] INFO: chdn (6/2015): Updated existing record with 12 non-zero financial metrics
[2025-03-22 12:09:11,014] WARNING: chdn (9/2015): Found zero values for fields: Revenue
[2025-03-22 12:09:11,030] INFO: chdn (9/2015): Updated existing record with 12 non-zero financial metrics
[2025-03-22 12:09:11,046] WARNING: chdn (12/2015): Found zero values for fields: Revenue
[2025-03-22 12:09:11,062] INFO: chdn (12/2015): Updated existing record with 18 non-zero financial metrics
[2025-03-22 12:09:11,077] WARNING: chdn (3/2016): Found zero values for fields: Revenue
[2025-03-22 12:09:11,091] INFO: chdn (3/2016): Updated existing record with 17 non-zero financial metrics
[2025-03-22 12:09:11,107] WARNING: chdn (6/2016): Found zero values for fields: Revenue
[2025-03-22 12:09:11,121] INFO: chdn (6/2016): Updated existing record with 12 non-zero financial metrics
[2025-03-22 12:09:11,139] WARNING: chdn (9/2016): Found zero values for fields: Revenue
[2025-03-22 12:09:11,152] INFO: chdn (9/2016): Updated existing record with 12 non-zero financial metrics
[2025-03-22 12:09:11,183] INFO: chdn (12/2016): Updated existing record with 18 non-zero financial metrics
[2025-03-22 12:09:11,199] WARNING: chdn (3/2017): Found zero values for fields: Revenue
[2025-03-22 12:09:11,213] INFO: chdn (3/2017): Updated existing record with 17 non-zero financial metrics
[2025-03-22 12:09:11,229] WARNING: chdn (6/2017): Found zero values for fields: Revenue
[2025-03-22 12:09:11,243] INFO: chdn (6/2017): Updated existing record with 12 non-zero financial metrics
[2025-03-22 12:09:11,259] WARNING: chdn (9/2017): Found zero values for fields: Revenue
[2025-03-22 12:09:11,272] INFO: chdn (9/2017): Updated existing record with 12 non-zero financial metrics
[2025-03-22 12:09:11,304] INFO: chdn (12/2017): Updated existing record with 17 non-zero financial metrics
[2025-03-22 12:09:11,320] WARNING: chdn (3/2018): Found zero values for fields: Revenue
[2025-03-22 12:09:11,334] INFO: chdn (3/2018): Updated existing record with 16 non-zero financial metrics
[2025-03-22 12:09:11,350] WARNING: chdn (6/2018): Found zero values for fields: Revenue
[2025-03-22 12:09:11,364] INFO: chdn (6/2018): Updated existing record with 11 non-zero financial metrics
[2025-03-22 12:09:11,393] INFO: chdn (9/2018): Updated existing record with 12 non-zero financial metrics
[2025-03-22 12:09:11,424] INFO: chdn (12/2018): Updated existing record with 19 non-zero financial metrics
[2025-03-22 12:09:11,455] INFO: chdn (3/2019): Updated existing record with 18 non-zero financial metrics
[2025-03-22 12:09:11,484] INFO: chdn (6/2019): Updated existing record with 13 non-zero financial metrics
[2025-03-22 12:09:11,514] INFO: chdn (9/2019): Updated existing record with 13 non-zero financial metrics
[2025-03-22 12:09:11,544] INFO: chdn (12/2019): Updated existing record with 18 non-zero financial metrics
[2025-03-22 12:09:11,574] INFO: chdn (3/2020): Updated existing record with 17 non-zero financial metrics
[2025-03-22 12:09:11,604] INFO: chdn (6/2020): Updated existing record with 13 non-zero financial metrics
[2025-03-22 12:09:11,634] INFO: chdn (9/2020): Updated existing record with 13 non-zero financial metrics
[2025-03-22 12:09:11,664] INFO: chdn (12/2020): Updated existing record with 18 non-zero financial metrics
[2025-03-22 12:09:11,695] INFO: chdn (3/2021): Updated existing record with 16 non-zero financial metrics
[2025-03-22 12:09:11,724] INFO: chdn (6/2021): Updated existing record with 12 non-zero financial metrics
[2025-03-22 12:09:11,754] INFO: chdn (9/2021): Updated existing record with 12 non-zero financial metrics
[2025-03-22 12:09:11,783] INFO: chdn (12/2021): Updated existing record with 16 non-zero financial metrics
[2025-03-22 12:09:11,813] INFO: chdn (3/2022): Updated existing record with 15 non-zero financial metrics
[2025-03-22 12:09:11,844] INFO: chdn (6/2022): Updated existing record with 12 non-zero financial metrics
[2025-03-22 12:09:11,875] INFO: chdn (9/2022): Updated existing record with 12 non-zero financial metrics
[2025-03-22 12:09:11,905] INFO: chdn (12/2022): Updated existing record with 16 non-zero financial metrics
[2025-03-22 12:09:11,935] INFO: chdn (3/2023): Updated existing record with 16 non-zero financial metrics
[2025-03-22 12:09:11,965] INFO: chdn (6/2023): Updated existing record with 12 non-zero financial metrics
[2025-03-22 12:09:11,995] INFO: chdn (9/2023): Updated existing record with 12 non-zero financial metrics
[2025-03-22 12:09:12,024] INFO: chdn (12/2023): Updated existing record with 16 non-zero financial metrics
[2025-03-22 12:09:12,054] INFO: chdn (3/2024): Updated existing record with 16 non-zero financial metrics
[2025-03-22 12:09:12,084] INFO: chdn (6/2024): Updated existing record with 11 non-zero financial metrics
[2025-03-22 12:09:12,114] INFO: chdn (9/2024): Updated existing record with 11 non-zero financial metrics
[2025-03-22 12:09:12,130] INFO: Trying adjusted date: 1/2025 (original: 12/2024)
[2025-03-22 12:09:12,145] WARNING: chdn (12/2024): No existing record found(12/2024, 2024-12-31) - creating new one
[2025-03-22 12:09:12,146] INFO: chdn (12/2024): Created new record with 15 non-zero financial metrics
