[2025-03-22 07:49:21,127] INFO: Trying adjusted date: 4/2010 (original: 3/2010)
[2025-03-22 07:49:21,140] WARNING: chrw (3/2010): No existing record found(3/2010, 2010-03-31) - creating new one
[2025-03-22 07:49:21,140] INFO: chrw (3/2010): Created new record with 16 non-zero financial metrics
[2025-03-22 07:49:21,158] INFO: Trying adjusted date: 7/2010 (original: 6/2010)
[2025-03-22 07:49:21,171] WARNING: chrw (6/2010): No existing record found(6/2010, 2010-06-30) - creating new one
[2025-03-22 07:49:21,172] INFO: chrw (6/2010): Created new record with 11 non-zero financial metrics
[2025-03-22 07:49:21,187] INFO: Trying adjusted date: 10/2010 (original: 9/2010)
[2025-03-22 07:49:21,200] WARNING: chrw (9/2010): No existing record found(9/2010, 2010-09-30) - creating new one
[2025-03-22 07:49:21,201] INFO: chrw (9/2010): Created new record with 11 non-zero financial metrics
[2025-03-22 07:49:21,216] INFO: Trying adjusted date: 1/2011 (original: 12/2010)
[2025-03-22 07:49:21,230] WARNING: chrw (12/2010): No existing record found(12/2010, 2010-12-31) - creating new one
[2025-03-22 07:49:21,230] INFO: chrw (12/2010): Created new record with 16 non-zero financial metrics
[2025-03-22 07:49:21,246] INFO: Trying adjusted date: 4/2011 (original: 3/2011)
[2025-03-22 07:49:21,260] WARNING: chrw (3/2011): No existing record found(3/2011, 2011-03-31) - creating new one
[2025-03-22 07:49:21,261] INFO: chrw (3/2011): Created new record with 16 non-zero financial metrics
[2025-03-22 07:49:21,275] INFO: Trying adjusted date: 7/2011 (original: 6/2011)
[2025-03-22 07:49:21,289] WARNING: chrw (6/2011): No existing record found(6/2011, 2011-06-30) - creating new one
[2025-03-22 07:49:21,289] INFO: chrw (6/2011): Created new record with 11 non-zero financial metrics
[2025-03-22 07:49:21,305] INFO: Trying adjusted date: 10/2011 (original: 9/2011)
[2025-03-22 07:49:21,318] WARNING: chrw (9/2011): No existing record found(9/2011, 2011-09-30) - creating new one
[2025-03-22 07:49:21,318] INFO: chrw (9/2011): Created new record with 11 non-zero financial metrics
[2025-03-22 07:49:21,333] INFO: Trying adjusted date: 1/2012 (original: 12/2011)
[2025-03-22 07:49:21,347] WARNING: chrw (12/2011): No existing record found(12/2011, 2011-12-31) - creating new one
[2025-03-22 07:49:21,348] INFO: chrw (12/2011): Created new record with 16 non-zero financial metrics
[2025-03-22 07:49:21,363] INFO: Trying adjusted date: 4/2012 (original: 3/2012)
[2025-03-22 07:49:21,376] WARNING: chrw (3/2012): No existing record found(3/2012, 2012-03-31) - creating new one
[2025-03-22 07:49:21,377] INFO: chrw (3/2012): Created new record with 16 non-zero financial metrics
[2025-03-22 07:49:21,392] INFO: Trying adjusted date: 7/2012 (original: 6/2012)
[2025-03-22 07:49:21,407] WARNING: chrw (6/2012): No existing record found(6/2012, 2012-06-30) - creating new one
[2025-03-22 07:49:21,407] INFO: chrw (6/2012): Created new record with 11 non-zero financial metrics
[2025-03-22 07:49:21,435] INFO: chrw (9/2012): Updated existing record with 11 non-zero financial metrics
[2025-03-22 07:49:21,463] INFO: chrw (12/2012): Updated existing record with 16 non-zero financial metrics
[2025-03-22 07:49:21,490] INFO: chrw (3/2013): Updated existing record with 16 non-zero financial metrics
[2025-03-22 07:49:21,518] INFO: chrw (6/2013): Updated existing record with 11 non-zero financial metrics
[2025-03-22 07:49:21,546] INFO: chrw (9/2013): Updated existing record with 12 non-zero financial metrics
[2025-03-22 07:49:21,574] INFO: chrw (12/2013): Updated existing record with 17 non-zero financial metrics
[2025-03-22 07:49:21,602] INFO: chrw (3/2014): Updated existing record with 17 non-zero financial metrics
[2025-03-22 07:49:21,630] INFO: chrw (6/2014): Updated existing record with 12 non-zero financial metrics
[2025-03-22 07:49:21,658] INFO: chrw (9/2014): Updated existing record with 12 non-zero financial metrics
[2025-03-22 07:49:21,686] INFO: chrw (12/2014): Updated existing record with 17 non-zero financial metrics
[2025-03-22 07:49:21,713] INFO: chrw (3/2015): Updated existing record with 17 non-zero financial metrics
[2025-03-22 07:49:21,742] INFO: chrw (6/2015): Updated existing record with 12 non-zero financial metrics
[2025-03-22 07:49:21,770] INFO: chrw (9/2015): Updated existing record with 12 non-zero financial metrics
[2025-03-22 07:49:21,797] INFO: chrw (12/2015): Updated existing record with 17 non-zero financial metrics
[2025-03-22 07:49:21,825] INFO: chrw (3/2016): Updated existing record with 17 non-zero financial metrics
[2025-03-22 07:49:21,855] INFO: chrw (6/2016): Updated existing record with 12 non-zero financial metrics
[2025-03-22 07:49:21,883] INFO: chrw (9/2016): Updated existing record with 12 non-zero financial metrics
[2025-03-22 07:49:21,911] INFO: chrw (12/2016): Updated existing record with 17 non-zero financial metrics
[2025-03-22 07:49:21,941] INFO: chrw (3/2017): Updated existing record with 17 non-zero financial metrics
[2025-03-22 07:49:21,970] INFO: chrw (6/2017): Updated existing record with 12 non-zero financial metrics
[2025-03-22 07:49:21,998] INFO: chrw (9/2017): Updated existing record with 12 non-zero financial metrics
[2025-03-22 07:49:22,026] INFO: chrw (12/2017): Updated existing record with 17 non-zero financial metrics
[2025-03-22 07:49:22,055] INFO: chrw (3/2018): Updated existing record with 17 non-zero financial metrics
[2025-03-22 07:49:22,083] INFO: chrw (6/2018): Updated existing record with 11 non-zero financial metrics
[2025-03-22 07:49:22,115] INFO: chrw (9/2018): Updated existing record with 11 non-zero financial metrics
[2025-03-22 07:49:22,144] INFO: chrw (12/2018): Updated existing record with 16 non-zero financial metrics
[2025-03-22 07:49:22,173] INFO: chrw (3/2019): Updated existing record with 16 non-zero financial metrics
[2025-03-22 07:49:22,199] INFO: chrw (6/2019): Updated existing record with 11 non-zero financial metrics
[2025-03-22 07:49:22,228] INFO: chrw (9/2019): Updated existing record with 11 non-zero financial metrics
[2025-03-22 07:49:22,256] INFO: chrw (12/2019): Updated existing record with 16 non-zero financial metrics
[2025-03-22 07:49:22,286] INFO: chrw (3/2020): Updated existing record with 17 non-zero financial metrics
[2025-03-22 07:49:22,314] INFO: chrw (6/2020): Updated existing record with 12 non-zero financial metrics
[2025-03-22 07:49:22,342] INFO: chrw (9/2020): Updated existing record with 12 non-zero financial metrics
[2025-03-22 07:49:22,373] INFO: chrw (12/2020): Updated existing record with 17 non-zero financial metrics
[2025-03-22 07:49:22,401] INFO: chrw (3/2021): Updated existing record with 17 non-zero financial metrics
[2025-03-22 07:49:22,429] INFO: chrw (6/2021): Updated existing record with 12 non-zero financial metrics
[2025-03-22 07:49:22,457] INFO: chrw (9/2021): Updated existing record with 12 non-zero financial metrics
[2025-03-22 07:49:22,486] INFO: chrw (12/2021): Updated existing record with 17 non-zero financial metrics
[2025-03-22 07:49:22,515] INFO: chrw (3/2022): Updated existing record with 17 non-zero financial metrics
[2025-03-22 07:49:22,543] INFO: chrw (6/2022): Updated existing record with 12 non-zero financial metrics
[2025-03-22 07:49:22,572] INFO: chrw (9/2022): Updated existing record with 12 non-zero financial metrics
[2025-03-22 07:49:22,601] INFO: chrw (12/2022): Updated existing record with 17 non-zero financial metrics
[2025-03-22 07:49:22,630] INFO: chrw (3/2023): Updated existing record with 17 non-zero financial metrics
[2025-03-22 07:49:22,657] INFO: chrw (6/2023): Updated existing record with 12 non-zero financial metrics
[2025-03-22 07:49:22,684] INFO: chrw (9/2023): Updated existing record with 12 non-zero financial metrics
[2025-03-22 07:49:22,713] INFO: chrw (12/2023): Updated existing record with 17 non-zero financial metrics
[2025-03-22 07:49:22,728] WARNING: chrw (3/2024): Found zero values for fields: Share Repurchases
[2025-03-22 07:49:22,742] INFO: chrw (3/2024): Updated existing record with 16 non-zero financial metrics
[2025-03-22 07:49:22,772] INFO: chrw (6/2024): Updated existing record with 12 non-zero financial metrics
[2025-03-22 07:49:22,800] INFO: chrw (9/2024): Updated existing record with 12 non-zero financial metrics
[2025-03-22 07:49:22,815] WARNING: chrw (12/2024): Found zero values for fields: Share Repurchases
[2025-03-22 07:49:22,827] INFO: chrw (12/2024): Updated existing record with 16 non-zero financial metrics
