[2025-03-22 06:56:52,844] INFO: Trying adjusted date: 7/2010 (original: 6/2010)
[2025-03-22 06:56:52,856] WARNING: cinf (6/2010): No existing record found(6/2010, 2010-06-30) - creating new one
[2025-03-22 06:56:52,856] INFO: cinf (6/2010): Created new record with 9 non-zero financial metrics
[2025-03-22 06:56:52,873] INFO: Trying adjusted date: 10/2010 (original: 9/2010)
[2025-03-22 06:56:52,886] WARNING: cinf (9/2010): No existing record found(9/2010, 2010-09-30) - creating new one
[2025-03-22 06:56:52,887] INFO: cinf (9/2010): Created new record with 9 non-zero financial metrics
[2025-03-22 06:56:52,904] INFO: Trying adjusted date: 1/2011 (original: 12/2010)
[2025-03-22 06:56:52,917] WARNING: cinf (12/2010): No existing record found(12/2010, 2010-12-31) - creating new one
[2025-03-22 06:56:52,917] INFO: cinf (12/2010): Created new record with 14 non-zero financial metrics
[2025-03-22 06:56:52,932] INFO: Trying adjusted date: 4/2011 (original: 3/2011)
[2025-03-22 06:56:52,945] WARNING: cinf (3/2011): No existing record found(3/2011, 2011-03-31) - creating new one
[2025-03-22 06:56:52,946] INFO: cinf (3/2011): Created new record with 13 non-zero financial metrics
[2025-03-22 06:56:52,960] INFO: Trying adjusted date: 7/2011 (original: 6/2011)
[2025-03-22 06:56:52,973] WARNING: cinf (6/2011): No existing record found(6/2011, 2011-06-30) - creating new one
[2025-03-22 06:56:52,973] INFO: cinf (6/2011): Created new record with 9 non-zero financial metrics
[2025-03-22 06:56:52,987] INFO: Trying adjusted date: 10/2011 (original: 9/2011)
[2025-03-22 06:56:53,000] WARNING: cinf (9/2011): No existing record found(9/2011, 2011-09-30) - creating new one
[2025-03-22 06:56:53,000] INFO: cinf (9/2011): Created new record with 9 non-zero financial metrics
[2025-03-22 06:56:53,015] INFO: Trying adjusted date: 1/2012 (original: 12/2011)
[2025-03-22 06:56:53,029] WARNING: cinf (12/2011): No existing record found(12/2011, 2011-12-31) - creating new one
[2025-03-22 06:56:53,030] INFO: cinf (12/2011): Created new record with 14 non-zero financial metrics
[2025-03-22 06:56:53,044] INFO: Trying adjusted date: 4/2012 (original: 3/2012)
[2025-03-22 06:56:53,057] WARNING: cinf (3/2012): No existing record found(3/2012, 2012-03-31) - creating new one
[2025-03-22 06:56:53,057] INFO: cinf (3/2012): Created new record with 13 non-zero financial metrics
[2025-03-22 06:56:53,071] INFO: Trying adjusted date: 7/2012 (original: 6/2012)
[2025-03-22 06:56:53,084] WARNING: cinf (6/2012): No existing record found(6/2012, 2012-06-30) - creating new one
[2025-03-22 06:56:53,084] INFO: cinf (6/2012): Created new record with 9 non-zero financial metrics
[2025-03-22 06:56:53,112] INFO: cinf (9/2012): Updated existing record with 9 non-zero financial metrics
[2025-03-22 06:56:53,140] INFO: cinf (12/2012): Updated existing record with 13 non-zero financial metrics
[2025-03-22 06:56:53,154] WARNING: cinf (3/2013): Found zero values for fields: Share Repurchases
[2025-03-22 06:56:53,167] INFO: cinf (3/2013): Updated existing record with 13 non-zero financial metrics
[2025-03-22 06:56:53,194] INFO: cinf (6/2013): Updated existing record with 9 non-zero financial metrics
[2025-03-22 06:56:53,223] INFO: cinf (9/2013): Updated existing record with 9 non-zero financial metrics
[2025-03-22 06:56:53,250] INFO: cinf (12/2013): Updated existing record with 14 non-zero financial metrics
[2025-03-22 06:56:53,278] INFO: cinf (3/2014): Updated existing record with 14 non-zero financial metrics
[2025-03-22 06:56:53,309] INFO: cinf (6/2014): Updated existing record with 9 non-zero financial metrics
[2025-03-22 06:56:53,336] INFO: cinf (9/2014): Updated existing record with 9 non-zero financial metrics
[2025-03-22 06:56:53,364] INFO: cinf (12/2014): Updated existing record with 14 non-zero financial metrics
[2025-03-22 06:56:53,379] WARNING: cinf (3/2015): Found zero values for fields: Share Repurchases
[2025-03-22 06:56:53,393] INFO: cinf (3/2015): Updated existing record with 13 non-zero financial metrics
[2025-03-22 06:56:53,421] INFO: cinf (6/2015): Updated existing record with 9 non-zero financial metrics
[2025-03-22 06:56:53,449] INFO: cinf (9/2015): Updated existing record with 9 non-zero financial metrics
[2025-03-22 06:56:53,476] INFO: cinf (12/2015): Updated existing record with 14 non-zero financial metrics
[2025-03-22 06:56:53,505] INFO: cinf (3/2016): Updated existing record with 13 non-zero financial metrics
[2025-03-22 06:56:53,535] INFO: cinf (6/2016): Updated existing record with 9 non-zero financial metrics
[2025-03-22 06:56:53,565] INFO: cinf (9/2016): Updated existing record with 9 non-zero financial metrics
[2025-03-22 06:56:53,593] INFO: cinf (12/2016): Updated existing record with 14 non-zero financial metrics
[2025-03-22 06:56:53,619] INFO: cinf (3/2017): Updated existing record with 14 non-zero financial metrics
[2025-03-22 06:56:53,648] INFO: cinf (6/2017): Updated existing record with 9 non-zero financial metrics
[2025-03-22 06:56:53,677] INFO: cinf (9/2017): Updated existing record with 9 non-zero financial metrics
[2025-03-22 06:56:53,705] INFO: cinf (12/2017): Updated existing record with 14 non-zero financial metrics
[2025-03-22 06:56:53,734] INFO: cinf (3/2018): Updated existing record with 14 non-zero financial metrics
[2025-03-22 06:56:53,768] INFO: cinf (6/2018): Updated existing record with 9 non-zero financial metrics
[2025-03-22 06:56:53,799] INFO: cinf (9/2018): Updated existing record with 9 non-zero financial metrics
[2025-03-22 06:56:53,826] INFO: cinf (12/2018): Updated existing record with 14 non-zero financial metrics
[2025-03-22 06:56:53,843] WARNING: cinf (3/2019): Found zero values for fields: Share Repurchases
[2025-03-22 06:56:53,856] INFO: cinf (3/2019): Updated existing record with 13 non-zero financial metrics
[2025-03-22 06:56:53,885] INFO: cinf (6/2019): Updated existing record with 9 non-zero financial metrics
[2025-03-22 06:56:53,913] INFO: cinf (9/2019): Updated existing record with 9 non-zero financial metrics
[2025-03-22 06:56:53,940] INFO: cinf (12/2019): Updated existing record with 14 non-zero financial metrics
[2025-03-22 06:56:53,968] INFO: cinf (3/2020): Updated existing record with 14 non-zero financial metrics
[2025-03-22 06:56:53,999] INFO: cinf (6/2020): Updated existing record with 9 non-zero financial metrics
[2025-03-22 06:56:54,027] INFO: cinf (9/2020): Updated existing record with 9 non-zero financial metrics
[2025-03-22 06:56:54,054] INFO: cinf (12/2020): Updated existing record with 14 non-zero financial metrics
[2025-03-22 06:56:54,081] INFO: cinf (3/2021): Updated existing record with 14 non-zero financial metrics
[2025-03-22 06:56:54,111] INFO: cinf (6/2021): Updated existing record with 9 non-zero financial metrics
[2025-03-22 06:56:54,139] INFO: cinf (9/2021): Updated existing record with 9 non-zero financial metrics
[2025-03-22 06:56:54,166] INFO: cinf (12/2021): Updated existing record with 14 non-zero financial metrics
[2025-03-22 06:56:54,194] INFO: cinf (3/2022): Updated existing record with 14 non-zero financial metrics
[2025-03-22 06:56:54,221] INFO: cinf (6/2022): Updated existing record with 9 non-zero financial metrics
[2025-03-22 06:56:54,249] INFO: cinf (9/2022): Updated existing record with 9 non-zero financial metrics
[2025-03-22 06:56:54,277] INFO: cinf (12/2022): Updated existing record with 13 non-zero financial metrics
[2025-03-22 06:56:54,305] INFO: cinf (3/2023): Updated existing record with 14 non-zero financial metrics
[2025-03-22 06:56:54,334] INFO: cinf (6/2023): Updated existing record with 9 non-zero financial metrics
[2025-03-22 06:56:54,365] INFO: cinf (9/2023): Updated existing record with 9 non-zero financial metrics
[2025-03-22 06:56:54,393] INFO: cinf (12/2023): Updated existing record with 13 non-zero financial metrics
[2025-03-22 06:56:54,421] INFO: cinf (3/2024): Updated existing record with 14 non-zero financial metrics
[2025-03-22 06:56:54,449] INFO: cinf (6/2024): Updated existing record with 9 non-zero financial metrics
[2025-03-22 06:56:54,478] INFO: cinf (9/2024): Updated existing record with 9 non-zero financial metrics
[2025-03-22 06:56:54,493] INFO: Trying adjusted date: 1/2025 (original: 12/2024)
[2025-03-22 06:56:54,506] WARNING: cinf (12/2024): No existing record found(12/2024, 2024-12-31) - creating new one
[2025-03-22 06:56:54,506] INFO: cinf (12/2024): Created new record with 13 non-zero financial metrics
