[2025-03-22 15:29:56,757] INFO: Trying adjusted date: 4/2012 (original: 3/2012)
[2025-03-22 15:29:56,771] WARNING: civi (3/2012): No existing record found(3/2012, 2012-03-31) - creating new one
[2025-03-22 15:29:56,771] INFO: civi (3/2012): Created new record with 9 non-zero financial metrics
[2025-03-22 15:29:56,789] INFO: Trying adjusted date: 7/2012 (original: 6/2012)
[2025-03-22 15:29:56,804] WARNING: civi (6/2012): No existing record found(6/2012, 2012-06-30) - creating new one
[2025-03-22 15:29:56,804] INFO: civi (6/2012): Created new record with 10 non-zero financial metrics
[2025-03-22 15:29:56,820] INFO: Trying adjusted date: 10/2012 (original: 9/2012)
[2025-03-22 15:29:56,834] WARNING: civi (9/2012): No existing record found(9/2012, 2012-09-30) - creating new one
[2025-03-22 15:29:56,835] INFO: civi (9/2012): Created new record with 10 non-zero financial metrics
[2025-03-22 15:29:56,851] INFO: Trying adjusted date: 1/2013 (original: 12/2012)
[2025-03-22 15:29:56,865] WARNING: civi (12/2012): No existing record found(12/2012, 2012-12-31) - creating new one
[2025-03-22 15:29:56,866] INFO: civi (12/2012): Created new record with 13 non-zero financial metrics
[2025-03-22 15:29:56,882] INFO: Trying adjusted date: 4/2013 (original: 3/2013)
[2025-03-22 15:29:56,896] WARNING: civi (3/2013): No existing record found(3/2013, 2013-03-31) - creating new one
[2025-03-22 15:29:56,897] INFO: civi (3/2013): Created new record with 13 non-zero financial metrics
[2025-03-22 15:29:56,913] INFO: Trying adjusted date: 7/2013 (original: 6/2013)
[2025-03-22 15:29:56,928] WARNING: civi (6/2013): No existing record found(6/2013, 2013-06-30) - creating new one
[2025-03-22 15:29:56,929] INFO: civi (6/2013): Created new record with 10 non-zero financial metrics
[2025-03-22 15:29:56,945] INFO: Trying adjusted date: 10/2013 (original: 9/2013)
[2025-03-22 15:29:56,960] WARNING: civi (9/2013): No existing record found(9/2013, 2013-09-30) - creating new one
[2025-03-22 15:29:56,961] INFO: civi (9/2013): Created new record with 10 non-zero financial metrics
[2025-03-22 15:29:56,979] INFO: Trying adjusted date: 1/2014 (original: 12/2013)
[2025-03-22 15:29:56,994] WARNING: civi (12/2013): No existing record found(12/2013, 2013-12-31) - creating new one
[2025-03-22 15:29:56,995] INFO: civi (12/2013): Created new record with 14 non-zero financial metrics
[2025-03-22 15:29:57,012] INFO: Trying adjusted date: 4/2014 (original: 3/2014)
[2025-03-22 15:29:57,026] WARNING: civi (3/2014): No existing record found(3/2014, 2014-03-31) - creating new one
[2025-03-22 15:29:57,027] INFO: civi (3/2014): Created new record with 14 non-zero financial metrics
[2025-03-22 15:29:57,044] INFO: Trying adjusted date: 7/2014 (original: 6/2014)
[2025-03-22 15:29:57,058] WARNING: civi (6/2014): No existing record found(6/2014, 2014-06-30) - creating new one
[2025-03-22 15:29:57,059] INFO: civi (6/2014): Created new record with 11 non-zero financial metrics
[2025-03-22 15:29:57,089] INFO: civi (9/2014): Updated existing record with 11 non-zero financial metrics
[2025-03-22 15:29:57,119] INFO: civi (12/2014): Updated existing record with 14 non-zero financial metrics
[2025-03-22 15:29:57,151] INFO: civi (3/2015): Updated existing record with 15 non-zero financial metrics
[2025-03-22 15:29:57,181] INFO: civi (6/2015): Updated existing record with 12 non-zero financial metrics
[2025-03-22 15:29:57,213] INFO: civi (9/2015): Updated existing record with 12 non-zero financial metrics
[2025-03-22 15:29:57,244] INFO: civi (12/2015): Updated existing record with 15 non-zero financial metrics
[2025-03-22 15:29:57,275] INFO: civi (3/2016): Updated existing record with 15 non-zero financial metrics
[2025-03-22 15:29:57,304] INFO: civi (6/2016): Updated existing record with 12 non-zero financial metrics
[2025-03-22 15:29:57,336] INFO: civi (9/2016): Updated existing record with 12 non-zero financial metrics
[2025-03-22 15:29:57,367] INFO: civi (12/2016): Updated existing record with 15 non-zero financial metrics
[2025-03-22 15:29:57,398] INFO: civi (3/2017): Updated existing record with 15 non-zero financial metrics
[2025-03-22 15:29:57,428] INFO: civi (6/2017): Updated existing record with 0 non-zero financial metrics
[2025-03-22 15:29:57,460] INFO: civi (9/2017): Updated existing record with 0 non-zero financial metrics
[2025-03-22 15:29:57,492] INFO: civi (12/2017): Updated existing record with 0 non-zero financial metrics
[2025-03-22 15:29:57,523] INFO: civi (3/2018): Updated existing record with 15 non-zero financial metrics
[2025-03-22 15:29:57,554] INFO: civi (6/2018): Updated existing record with 12 non-zero financial metrics
[2025-03-22 15:29:57,569] WARNING: civi (9/2018): Found zero values for fields: Long Term Debt
[2025-03-22 15:29:57,583] INFO: civi (9/2018): Updated existing record with 11 non-zero financial metrics
[2025-03-22 15:29:57,601] INFO: Trying adjusted date: 1/2019 (original: 12/2018)
[2025-03-22 15:29:57,616] WARNING: civi (12/2018): No existing record found(12/2018, 2018-12-31) - creating new one
[2025-03-22 15:29:57,617] INFO: civi (12/2018): Created new record with 14 non-zero financial metrics
[2025-03-22 15:29:57,647] INFO: civi (3/2019): Updated existing record with 14 non-zero financial metrics
[2025-03-22 15:29:57,678] INFO: civi (6/2019): Updated existing record with 11 non-zero financial metrics
[2025-03-22 15:29:57,709] INFO: civi (9/2019): Updated existing record with 9 non-zero financial metrics
[2025-03-22 15:29:57,741] INFO: civi (12/2019): Updated existing record with 13 non-zero financial metrics
[2025-03-22 15:29:57,758] INFO: Trying adjusted date: 4/2020 (original: 3/2020)
[2025-03-22 15:29:57,772] WARNING: civi (3/2020): No existing record found(3/2020, 2020-03-31) - creating new one
[2025-03-22 15:29:57,773] INFO: civi (3/2020): Created new record with 12 non-zero financial metrics
[2025-03-22 15:29:57,789] INFO: Trying adjusted date: 7/2020 (original: 6/2020)
[2025-03-22 15:29:57,804] WARNING: civi (6/2020): No existing record found(6/2020, 2020-06-30) - creating new one
[2025-03-22 15:29:57,804] INFO: civi (6/2020): Created new record with 9 non-zero financial metrics
[2025-03-22 15:29:57,820] INFO: Trying adjusted date: 10/2020 (original: 9/2020)
[2025-03-22 15:29:57,835] WARNING: civi (9/2020): No existing record found(9/2020, 2020-09-30) - creating new one
[2025-03-22 15:29:57,835] INFO: civi (9/2020): Created new record with 9 non-zero financial metrics
[2025-03-22 15:29:57,851] INFO: Trying adjusted date: 1/2021 (original: 12/2020)
[2025-03-22 15:29:57,867] WARNING: civi (12/2020): No existing record found(12/2020, 2020-12-31) - creating new one
[2025-03-22 15:29:57,867] INFO: civi (12/2020): Created new record with 12 non-zero financial metrics
[2025-03-22 15:29:57,884] INFO: Trying adjusted date: 4/2021 (original: 3/2021)
[2025-03-22 15:29:57,899] WARNING: civi (3/2021): No existing record found(3/2021, 2021-03-31) - creating new one
[2025-03-22 15:29:57,899] INFO: civi (3/2021): Created new record with 12 non-zero financial metrics
[2025-03-22 15:29:57,916] INFO: Trying adjusted date: 7/2021 (original: 6/2021)
[2025-03-22 15:29:57,930] WARNING: civi (6/2021): No existing record found(6/2021, 2021-06-30) - creating new one
[2025-03-22 15:29:57,931] INFO: civi (6/2021): Created new record with 9 non-zero financial metrics
[2025-03-22 15:29:57,948] INFO: Trying adjusted date: 10/2021 (original: 9/2021)
[2025-03-22 15:29:57,964] WARNING: civi (9/2021): No existing record found(9/2021, 2021-09-30) - creating new one
[2025-03-22 15:29:57,965] INFO: civi (9/2021): Created new record with 9 non-zero financial metrics
[2025-03-22 15:29:57,996] INFO: civi (12/2021): Updated existing record with 12 non-zero financial metrics
[2025-03-22 15:29:58,027] INFO: civi (3/2022): Updated existing record with 13 non-zero financial metrics
[2025-03-22 15:29:58,057] INFO: civi (6/2022): Updated existing record with 10 non-zero financial metrics
[2025-03-22 15:29:58,086] INFO: civi (9/2022): Updated existing record with 10 non-zero financial metrics
[2025-03-22 15:29:58,120] INFO: civi (12/2022): Updated existing record with 12 non-zero financial metrics
[2025-03-22 15:29:58,151] INFO: civi (3/2023): Updated existing record with 13 non-zero financial metrics
[2025-03-22 15:29:58,182] INFO: civi (6/2023): Updated existing record with 9 non-zero financial metrics
[2025-03-22 15:29:58,213] INFO: civi (9/2023): Updated existing record with 9 non-zero financial metrics
[2025-03-22 15:29:58,244] INFO: civi (12/2023): Updated existing record with 13 non-zero financial metrics
[2025-03-22 15:29:58,274] INFO: civi (3/2024): Updated existing record with 14 non-zero financial metrics
[2025-03-22 15:29:58,304] INFO: civi (6/2024): Updated existing record with 9 non-zero financial metrics
[2025-03-22 15:29:58,335] INFO: civi (9/2024): Updated existing record with 9 non-zero financial metrics
[2025-03-22 15:29:58,353] INFO: Trying adjusted date: 1/2025 (original: 12/2024)
[2025-03-22 15:29:58,366] WARNING: civi (12/2024): No existing record found(12/2024, 2024-12-31) - creating new one
[2025-03-22 15:29:58,367] INFO: civi (12/2024): Created new record with 14 non-zero financial metrics
