[2025-03-22 12:15:02,328] INFO: Trying adjusted date: 7/2010 (original: 6/2010)
[2025-03-22 12:15:02,342] WARNING: clf (6/2010): No existing record found(6/2010, 2010-06-30) - creating new one
[2025-03-22 12:15:02,342] INFO: clf (6/2010): Created new record with 15 non-zero financial metrics
[2025-03-22 12:15:02,360] INFO: Trying adjusted date: 10/2010 (original: 9/2010)
[2025-03-22 12:15:02,374] WARNING: clf (9/2010): No existing record found(9/2010, 2010-09-30) - creating new one
[2025-03-22 12:15:02,374] INFO: clf (9/2010): Created new record with 15 non-zero financial metrics
[2025-03-22 12:15:02,390] INFO: Trying adjusted date: 1/2011 (original: 12/2010)
[2025-03-22 12:15:02,405] WARNING: clf (12/2010): No existing record found(12/2010, 2010-12-31) - creating new one
[2025-03-22 12:15:02,405] INFO: clf (12/2010): Created new record with 20 non-zero financial metrics
[2025-03-22 12:15:02,421] INFO: Trying adjusted date: 4/2011 (original: 3/2011)
[2025-03-22 12:15:02,435] WARNING: clf (3/2011): No existing record found(3/2011, 2011-03-31) - creating new one
[2025-03-22 12:15:02,436] INFO: clf (3/2011): Created new record with 19 non-zero financial metrics
[2025-03-22 12:15:02,452] INFO: Trying adjusted date: 7/2011 (original: 6/2011)
[2025-03-22 12:15:02,466] WARNING: clf (6/2011): No existing record found(6/2011, 2011-06-30) - creating new one
[2025-03-22 12:15:02,466] INFO: clf (6/2011): Created new record with 15 non-zero financial metrics
[2025-03-22 12:15:02,482] INFO: Trying adjusted date: 10/2011 (original: 9/2011)
[2025-03-22 12:15:02,496] WARNING: clf (9/2011): No existing record found(9/2011, 2011-09-30) - creating new one
[2025-03-22 12:15:02,497] INFO: clf (9/2011): Created new record with 15 non-zero financial metrics
[2025-03-22 12:15:02,512] INFO: Trying adjusted date: 1/2012 (original: 12/2011)
[2025-03-22 12:15:02,526] WARNING: clf (12/2011): No existing record found(12/2011, 2011-12-31) - creating new one
[2025-03-22 12:15:02,527] INFO: clf (12/2011): Created new record with 20 non-zero financial metrics
[2025-03-22 12:15:02,543] INFO: Trying adjusted date: 4/2012 (original: 3/2012)
[2025-03-22 12:15:02,557] WARNING: clf (3/2012): No existing record found(3/2012, 2012-03-31) - creating new one
[2025-03-22 12:15:02,558] INFO: clf (3/2012): Created new record with 19 non-zero financial metrics
[2025-03-22 12:15:02,574] INFO: Trying adjusted date: 7/2012 (original: 6/2012)
[2025-03-22 12:15:02,587] WARNING: clf (6/2012): No existing record found(6/2012, 2012-06-30) - creating new one
[2025-03-22 12:15:02,588] INFO: clf (6/2012): Created new record with 15 non-zero financial metrics
[2025-03-22 12:15:02,617] INFO: clf (9/2012): Updated existing record with 15 non-zero financial metrics
[2025-03-22 12:15:02,633] WARNING: clf (12/2012): Found zero values for fields: Share Repurchases
[2025-03-22 12:15:02,646] INFO: clf (12/2012): Updated existing record with 19 non-zero financial metrics
[2025-03-22 12:15:02,677] INFO: clf (3/2013): Updated existing record with 18 non-zero financial metrics
[2025-03-22 12:15:02,706] INFO: clf (6/2013): Updated existing record with 14 non-zero financial metrics
[2025-03-22 12:15:02,735] INFO: clf (9/2013): Updated existing record with 15 non-zero financial metrics
[2025-03-22 12:15:02,753] WARNING: clf (12/2013): Found zero values for fields: Share Repurchases
[2025-03-22 12:15:02,767] INFO: clf (12/2013): Updated existing record with 20 non-zero financial metrics
[2025-03-22 12:15:02,782] INFO: Trying adjusted date: 4/2014 (original: 3/2014)
[2025-03-22 12:15:02,797] WARNING: clf (3/2014): No existing record found(3/2014, 2014-03-31) - creating new one
[2025-03-22 12:15:02,797] INFO: clf (3/2014): Created new record with 19 non-zero financial metrics
[2025-03-22 12:15:02,827] INFO: clf (6/2014): Updated existing record with 15 non-zero financial metrics
[2025-03-22 12:15:02,855] INFO: clf (9/2014): Updated existing record with 15 non-zero financial metrics
[2025-03-22 12:15:02,886] INFO: clf (12/2014): Updated existing record with 20 non-zero financial metrics
[2025-03-22 12:15:02,916] INFO: clf (3/2015): Updated existing record with 19 non-zero financial metrics
[2025-03-22 12:15:02,945] INFO: clf (6/2015): Updated existing record with 15 non-zero financial metrics
[2025-03-22 12:15:02,976] INFO: clf (9/2015): Updated existing record with 15 non-zero financial metrics
[2025-03-22 12:15:03,007] INFO: clf (12/2015): Updated existing record with 20 non-zero financial metrics
[2025-03-22 12:15:03,037] INFO: clf (3/2016): Updated existing record with 18 non-zero financial metrics
[2025-03-22 12:15:03,067] INFO: clf (6/2016): Updated existing record with 14 non-zero financial metrics
[2025-03-22 12:15:03,097] INFO: clf (9/2016): Updated existing record with 14 non-zero financial metrics
[2025-03-22 12:15:03,113] WARNING: clf (12/2016): Found zero values for fields: Loan Loss Reserves
[2025-03-22 12:15:03,127] INFO: clf (12/2016): Updated existing record with 18 non-zero financial metrics
[2025-03-22 12:15:03,158] INFO: clf (3/2017): Updated existing record with 17 non-zero financial metrics
[2025-03-22 12:15:03,187] INFO: clf (6/2017): Updated existing record with 13 non-zero financial metrics
[2025-03-22 12:15:03,217] INFO: clf (9/2017): Updated existing record with 13 non-zero financial metrics
[2025-03-22 12:15:03,233] WARNING: clf (12/2017): Found zero values for fields: Loan Loss Reserves
[2025-03-22 12:15:03,246] INFO: clf (12/2017): Updated existing record with 17 non-zero financial metrics
[2025-03-22 12:15:03,276] INFO: clf (3/2018): Updated existing record with 17 non-zero financial metrics
[2025-03-22 12:15:03,306] INFO: clf (6/2018): Updated existing record with 13 non-zero financial metrics
[2025-03-22 12:15:03,339] INFO: clf (9/2018): Updated existing record with 13 non-zero financial metrics
[2025-03-22 12:15:03,356] WARNING: clf (12/2018): Found zero values for fields: Loan Loss Reserves
[2025-03-22 12:15:03,370] INFO: clf (12/2018): Updated existing record with 18 non-zero financial metrics
[2025-03-22 12:15:03,401] INFO: clf (3/2019): Updated existing record with 18 non-zero financial metrics
[2025-03-22 12:15:03,430] INFO: clf (6/2019): Updated existing record with 13 non-zero financial metrics
[2025-03-22 12:15:03,459] INFO: clf (9/2019): Updated existing record with 12 non-zero financial metrics
[2025-03-22 12:15:03,476] WARNING: clf (12/2019): Found zero values for fields: Loan Loss Reserves
[2025-03-22 12:15:03,491] INFO: clf (12/2019): Updated existing record with 17 non-zero financial metrics
[2025-03-22 12:15:03,508] WARNING: clf (3/2020): Found zero values for fields: Share Repurchases
[2025-03-22 12:15:03,521] INFO: clf (3/2020): Updated existing record with 18 non-zero financial metrics
[2025-03-22 12:15:03,551] INFO: clf (6/2020): Updated existing record with 14 non-zero financial metrics
[2025-03-22 12:15:03,583] INFO: clf (9/2020): Updated existing record with 14 non-zero financial metrics
[2025-03-22 12:15:03,601] WARNING: clf (12/2020): Found zero values for fields: Share Repurchases
[2025-03-22 12:15:03,616] INFO: clf (12/2020): Updated existing record with 19 non-zero financial metrics
[2025-03-22 12:15:03,646] INFO: clf (3/2021): Updated existing record with 18 non-zero financial metrics
[2025-03-22 12:15:03,676] INFO: clf (6/2021): Updated existing record with 14 non-zero financial metrics
[2025-03-22 12:15:03,709] INFO: clf (9/2021): Updated existing record with 14 non-zero financial metrics
[2025-03-22 12:15:03,725] WARNING: clf (12/2021): Found zero values for fields: Share Repurchases
[2025-03-22 12:15:03,739] INFO: clf (12/2021): Updated existing record with 18 non-zero financial metrics
[2025-03-22 12:15:03,769] INFO: clf (3/2022): Updated existing record with 20 non-zero financial metrics
[2025-03-22 12:15:03,799] INFO: clf (6/2022): Updated existing record with 15 non-zero financial metrics
[2025-03-22 12:15:03,829] INFO: clf (9/2022): Updated existing record with 15 non-zero financial metrics
[2025-03-22 12:15:03,859] INFO: clf (12/2022): Updated existing record with 20 non-zero financial metrics
[2025-03-22 12:15:03,875] WARNING: clf (3/2023): Found zero values for fields: Share Repurchases
[2025-03-22 12:15:03,889] INFO: clf (3/2023): Updated existing record with 19 non-zero financial metrics
[2025-03-22 12:15:03,918] INFO: clf (6/2023): Updated existing record with 15 non-zero financial metrics
[2025-03-22 12:15:03,949] INFO: clf (9/2023): Updated existing record with 15 non-zero financial metrics
[2025-03-22 12:15:03,979] INFO: clf (12/2023): Updated existing record with 20 non-zero financial metrics
[2025-03-22 12:15:04,008] INFO: clf (3/2024): Updated existing record with 20 non-zero financial metrics
[2025-03-22 12:15:04,025] INFO: Trying adjusted date: 7/2024 (original: 6/2024)
[2025-03-22 12:15:04,038] WARNING: clf (6/2024): Found zero values for fields: EPS Diluted
[2025-03-22 12:15:04,038] WARNING: clf (6/2024): No existing record found(6/2024, 2024-06-30) - creating new one
[2025-03-22 12:15:04,039] INFO: clf (6/2024): Created new record with 14 non-zero financial metrics
[2025-03-22 12:15:04,068] INFO: clf (9/2024): Updated existing record with 15 non-zero financial metrics
[2025-03-22 12:15:04,084] INFO: Trying adjusted date: 1/2025 (original: 12/2024)
[2025-03-22 12:15:04,098] WARNING: clf (12/2024): No existing record found(12/2024, 2024-12-31) - creating new one
[2025-03-22 12:15:04,100] INFO: clf (12/2024): Created new record with 19 non-zero financial metrics
