[2025-03-22 13:23:25,223] INFO: Trying adjusted date: 7/2010 (original: 6/2010)
[2025-03-22 13:23:25,236] WARNING: clh (6/2010): No existing record found(6/2010, 2010-06-30) - creating new one
[2025-03-22 13:23:25,237] INFO: clh (6/2010): Created new record with 9 non-zero financial metrics
[2025-03-22 13:23:25,265] INFO: Trying adjusted date: 10/2010 (original: 9/2010)
[2025-03-22 13:23:25,279] WARNING: clh (9/2010): No existing record found(9/2010, 2010-09-30) - creating new one
[2025-03-22 13:23:25,280] INFO: clh (9/2010): Created new record with 9 non-zero financial metrics
[2025-03-22 13:23:25,296] INFO: Trying adjusted date: 1/2011 (original: 12/2010)
[2025-03-22 13:23:25,310] WARNING: clh (12/2010): No existing record found(12/2010, 2010-12-31) - creating new one
[2025-03-22 13:23:25,311] INFO: clh (12/2010): Created new record with 14 non-zero financial metrics
[2025-03-22 13:23:25,327] INFO: Trying adjusted date: 4/2011 (original: 3/2011)
[2025-03-22 13:23:25,341] WARNING: clh (3/2011): No existing record found(3/2011, 2011-03-31) - creating new one
[2025-03-22 13:23:25,341] INFO: clh (3/2011): Created new record with 14 non-zero financial metrics
[2025-03-22 13:23:25,357] INFO: Trying adjusted date: 7/2011 (original: 6/2011)
[2025-03-22 13:23:25,371] WARNING: clh (6/2011): No existing record found(6/2011, 2011-06-30) - creating new one
[2025-03-22 13:23:25,372] INFO: clh (6/2011): Created new record with 10 non-zero financial metrics
[2025-03-22 13:23:25,388] INFO: Trying adjusted date: 10/2011 (original: 9/2011)
[2025-03-22 13:23:25,401] WARNING: clh (9/2011): No existing record found(9/2011, 2011-09-30) - creating new one
[2025-03-22 13:23:25,402] INFO: clh (9/2011): Created new record with 10 non-zero financial metrics
[2025-03-22 13:23:25,420] INFO: Trying adjusted date: 1/2012 (original: 12/2011)
[2025-03-22 13:23:25,433] WARNING: clh (12/2011): No existing record found(12/2011, 2011-12-31) - creating new one
[2025-03-22 13:23:25,434] INFO: clh (12/2011): Created new record with 15 non-zero financial metrics
[2025-03-22 13:23:25,450] INFO: Trying adjusted date: 4/2012 (original: 3/2012)
[2025-03-22 13:23:25,463] WARNING: clh (3/2012): Found zero values for fields: Share Repurchases
[2025-03-22 13:23:25,463] WARNING: clh (3/2012): No existing record found(3/2012, 2012-03-31) - creating new one
[2025-03-22 13:23:25,464] INFO: clh (3/2012): Created new record with 14 non-zero financial metrics
[2025-03-22 13:23:25,479] INFO: Trying adjusted date: 7/2012 (original: 6/2012)
[2025-03-22 13:23:25,492] WARNING: clh (6/2012): No existing record found(6/2012, 2012-06-30) - creating new one
[2025-03-22 13:23:25,493] INFO: clh (6/2012): Created new record with 10 non-zero financial metrics
[2025-03-22 13:23:25,523] INFO: clh (9/2012): Updated existing record with 10 non-zero financial metrics
[2025-03-22 13:23:25,554] INFO: clh (12/2012): Updated existing record with 14 non-zero financial metrics
[2025-03-22 13:23:25,583] INFO: clh (3/2013): Updated existing record with 15 non-zero financial metrics
[2025-03-22 13:23:25,613] INFO: clh (6/2013): Updated existing record with 11 non-zero financial metrics
[2025-03-22 13:23:25,641] INFO: clh (9/2013): Updated existing record with 11 non-zero financial metrics
[2025-03-22 13:23:25,673] INFO: clh (12/2013): Updated existing record with 15 non-zero financial metrics
[2025-03-22 13:23:25,704] INFO: clh (3/2014): Updated existing record with 16 non-zero financial metrics
[2025-03-22 13:23:25,734] INFO: clh (6/2014): Updated existing record with 11 non-zero financial metrics
[2025-03-22 13:23:25,764] INFO: clh (9/2014): Updated existing record with 11 non-zero financial metrics
[2025-03-22 13:23:25,794] INFO: clh (12/2014): Updated existing record with 16 non-zero financial metrics
[2025-03-22 13:23:25,810] INFO: Trying adjusted date: 4/2015 (original: 3/2015)
[2025-03-22 13:23:25,825] WARNING: clh (3/2015): No existing record found(3/2015, 2015-03-31) - creating new one
[2025-03-22 13:23:25,826] INFO: clh (3/2015): Created new record with 16 non-zero financial metrics
[2025-03-22 13:23:25,857] INFO: clh (6/2015): Updated existing record with 11 non-zero financial metrics
[2025-03-22 13:23:25,888] INFO: clh (9/2015): Updated existing record with 11 non-zero financial metrics
[2025-03-22 13:23:25,920] INFO: clh (12/2015): Updated existing record with 16 non-zero financial metrics
[2025-03-22 13:23:25,951] INFO: clh (3/2016): Updated existing record with 16 non-zero financial metrics
[2025-03-22 13:23:25,982] INFO: clh (6/2016): Updated existing record with 11 non-zero financial metrics
[2025-03-22 13:23:26,012] INFO: clh (9/2016): Updated existing record with 11 non-zero financial metrics
[2025-03-22 13:23:26,042] INFO: clh (12/2016): Updated existing record with 16 non-zero financial metrics
[2025-03-22 13:23:26,075] INFO: clh (3/2017): Updated existing record with 16 non-zero financial metrics
[2025-03-22 13:23:26,105] INFO: clh (6/2017): Updated existing record with 12 non-zero financial metrics
[2025-03-22 13:23:26,135] INFO: clh (9/2017): Updated existing record with 12 non-zero financial metrics
[2025-03-22 13:23:26,166] INFO: clh (12/2017): Updated existing record with 16 non-zero financial metrics
[2025-03-22 13:23:26,197] INFO: clh (3/2018): Updated existing record with 18 non-zero financial metrics
[2025-03-22 13:23:26,227] INFO: clh (6/2018): Updated existing record with 13 non-zero financial metrics
[2025-03-22 13:23:26,256] INFO: clh (9/2018): Updated existing record with 13 non-zero financial metrics
[2025-03-22 13:23:26,287] INFO: clh (12/2018): Updated existing record with 17 non-zero financial metrics
[2025-03-22 13:23:26,317] INFO: clh (3/2019): Updated existing record with 16 non-zero financial metrics
[2025-03-22 13:23:26,348] INFO: clh (6/2019): Updated existing record with 10 non-zero financial metrics
[2025-03-22 13:23:26,381] INFO: clh (9/2019): Updated existing record with 11 non-zero financial metrics
[2025-03-22 13:23:26,411] INFO: clh (12/2019): Updated existing record with 15 non-zero financial metrics
[2025-03-22 13:23:26,440] INFO: clh (3/2020): Updated existing record with 15 non-zero financial metrics
[2025-03-22 13:23:26,456] INFO: Trying adjusted date: 7/2020 (original: 6/2020)
[2025-03-22 13:23:26,471] WARNING: clh (6/2020): No existing record found(6/2020, 2020-06-30) - creating new one
[2025-03-22 13:23:26,471] INFO: clh (6/2020): Created new record with 11 non-zero financial metrics
[2025-03-22 13:23:26,502] INFO: clh (9/2020): Updated existing record with 11 non-zero financial metrics
[2025-03-22 13:23:26,534] INFO: clh (12/2020): Updated existing record with 17 non-zero financial metrics
[2025-03-22 13:23:26,564] INFO: clh (3/2021): Updated existing record with 16 non-zero financial metrics
[2025-03-22 13:23:26,594] INFO: clh (6/2021): Updated existing record with 11 non-zero financial metrics
[2025-03-22 13:23:26,623] INFO: clh (9/2021): Updated existing record with 11 non-zero financial metrics
[2025-03-22 13:23:26,653] INFO: clh (12/2021): Updated existing record with 17 non-zero financial metrics
[2025-03-22 13:23:26,685] INFO: clh (3/2022): Updated existing record with 16 non-zero financial metrics
[2025-03-22 13:23:26,715] INFO: clh (6/2022): Updated existing record with 11 non-zero financial metrics
[2025-03-22 13:23:26,746] INFO: clh (9/2022): Updated existing record with 11 non-zero financial metrics
[2025-03-22 13:23:26,776] INFO: clh (12/2022): Updated existing record with 17 non-zero financial metrics
[2025-03-22 13:23:26,805] INFO: clh (3/2023): Updated existing record with 16 non-zero financial metrics
[2025-03-22 13:23:26,836] INFO: clh (6/2023): Updated existing record with 11 non-zero financial metrics
[2025-03-22 13:23:26,866] INFO: clh (9/2023): Updated existing record with 11 non-zero financial metrics
[2025-03-22 13:23:26,897] INFO: clh (12/2023): Updated existing record with 17 non-zero financial metrics
[2025-03-22 13:23:26,927] INFO: clh (3/2024): Updated existing record with 16 non-zero financial metrics
[2025-03-22 13:23:26,956] INFO: clh (6/2024): Updated existing record with 11 non-zero financial metrics
[2025-03-22 13:23:26,987] INFO: clh (9/2024): Updated existing record with 11 non-zero financial metrics
[2025-03-22 13:23:27,003] INFO: Trying adjusted date: 1/2025 (original: 12/2024)
[2025-03-22 13:23:27,018] WARNING: clh (12/2024): No existing record found(12/2024, 2024-12-31) - creating new one
[2025-03-22 13:23:27,018] INFO: clh (12/2024): Created new record with 17 non-zero financial metrics
