[2025-03-22 12:26:47,296] INFO: Trying adjusted date: 1/2020 (original: 12/2019)
[2025-03-22 12:26:47,310] WARNING: clvt (12/2019): No existing record found(12/2019, 2019-12-31) - creating new one
[2025-03-22 12:26:47,311] INFO: clvt (12/2019): Created new record with 16 non-zero financial metrics
[2025-03-22 12:26:47,337] INFO: Trying adjusted date: 4/2020 (original: 3/2020)
[2025-03-22 12:26:47,351] WARNING: clvt (3/2020): No existing record found(3/2020, 2020-03-31) - creating new one
[2025-03-22 12:26:47,351] INFO: clvt (3/2020): Created new record with 15 non-zero financial metrics
[2025-03-22 12:26:47,366] INFO: Trying adjusted date: 7/2020 (original: 6/2020)
[2025-03-22 12:26:47,380] WARNING: clvt (6/2020): No existing record found(6/2020, 2020-06-30) - creating new one
[2025-03-22 12:26:47,381] INFO: clvt (6/2020): Created new record with 11 non-zero financial metrics
[2025-03-22 12:26:47,396] INFO: Trying adjusted date: 10/2020 (original: 9/2020)
[2025-03-22 12:26:47,410] WARNING: clvt (9/2020): No existing record found(9/2020, 2020-09-30) - creating new one
[2025-03-22 12:26:47,411] INFO: clvt (9/2020): Created new record with 12 non-zero financial metrics
[2025-03-22 12:26:47,443] INFO: clvt (12/2020): Updated existing record with 17 non-zero financial metrics
[2025-03-22 12:26:47,475] INFO: clvt (3/2021): Updated existing record with 16 non-zero financial metrics
[2025-03-22 12:26:47,504] INFO: clvt (6/2021): Updated existing record with 13 non-zero financial metrics
[2025-03-22 12:26:47,521] WARNING: clvt (9/2021): Found zero values for fields: EPS Diluted
[2025-03-22 12:26:47,536] INFO: clvt (9/2021): Updated existing record with 12 non-zero financial metrics
[2025-03-22 12:26:47,566] INFO: clvt (12/2021): Updated existing record with 17 non-zero financial metrics
[2025-03-22 12:26:47,598] INFO: clvt (3/2022): Updated existing record with 17 non-zero financial metrics
[2025-03-22 12:26:47,614] WARNING: clvt (6/2022): Found zero values for fields: EPS Diluted
[2025-03-22 12:26:47,629] INFO: clvt (6/2022): Updated existing record with 12 non-zero financial metrics
[2025-03-22 12:26:47,662] INFO: clvt (9/2022): Updated existing record with 13 non-zero financial metrics
[2025-03-22 12:26:47,693] INFO: clvt (12/2022): Updated existing record with 17 non-zero financial metrics
[2025-03-22 12:26:47,723] INFO: clvt (3/2023): Updated existing record with 17 non-zero financial metrics
[2025-03-22 12:26:47,754] INFO: clvt (6/2023): Updated existing record with 13 non-zero financial metrics
[2025-03-22 12:26:47,783] INFO: clvt (9/2023): Updated existing record with 13 non-zero financial metrics
[2025-03-22 12:26:47,813] INFO: clvt (12/2023): Updated existing record with 17 non-zero financial metrics
[2025-03-22 12:26:47,843] INFO: clvt (3/2024): Updated existing record with 16 non-zero financial metrics
[2025-03-22 12:26:47,873] INFO: clvt (6/2024): Updated existing record with 12 non-zero financial metrics
[2025-03-22 12:26:47,902] INFO: clvt (9/2024): Updated existing record with 12 non-zero financial metrics
[2025-03-22 12:26:47,918] INFO: Trying adjusted date: 1/2025 (original: 12/2024)
[2025-03-22 12:26:47,932] WARNING: clvt (12/2024): No existing record found(12/2024, 2024-12-31) - creating new one
[2025-03-22 12:26:47,932] INFO: clvt (12/2024): Created new record with 16 non-zero financial metrics
