[2025-03-22 06:28:50,707] INFO: Trying adjusted date: 4/2010 (original: 3/2010)
[2025-03-22 06:28:50,719] WARNING: clx (3/2010): No existing record found(3/2010, 2010-03-31) - creating new one
[2025-03-22 06:28:50,720] INFO: clx (3/2010): Created new record with 13 non-zero financial metrics
[2025-03-22 06:28:50,735] INFO: Trying adjusted date: 7/2010 (original: 6/2010)
[2025-03-22 06:28:50,749] WARNING: clx (6/2010): No existing record found(6/2010, 2010-06-30) - creating new one
[2025-03-22 06:28:50,749] INFO: clx (6/2010): Created new record with 18 non-zero financial metrics
[2025-03-22 06:28:50,764] INFO: Trying adjusted date: 10/2010 (original: 9/2010)
[2025-03-22 06:28:50,777] WARNING: clx (9/2010): No existing record found(9/2010, 2010-09-30) - creating new one
[2025-03-22 06:28:50,780] INFO: clx (9/2010): Created new record with 18 non-zero financial metrics
[2025-03-22 06:28:50,798] INFO: Trying adjusted date: 1/2011 (original: 12/2010)
[2025-03-22 06:28:50,814] WARNING: clx (12/2010): No existing record found(12/2010, 2010-12-31) - creating new one
[2025-03-22 06:28:50,814] INFO: clx (12/2010): Created new record with 13 non-zero financial metrics
[2025-03-22 06:28:50,831] INFO: Trying adjusted date: 4/2011 (original: 3/2011)
[2025-03-22 06:28:50,845] WARNING: clx (3/2011): No existing record found(3/2011, 2011-03-31) - creating new one
[2025-03-22 06:28:50,845] INFO: clx (3/2011): Created new record with 13 non-zero financial metrics
[2025-03-22 06:28:50,863] INFO: Trying adjusted date: 7/2011 (original: 6/2011)
[2025-03-22 06:28:50,877] WARNING: clx (6/2011): No existing record found(6/2011, 2011-06-30) - creating new one
[2025-03-22 06:28:50,877] INFO: clx (6/2011): Created new record with 18 non-zero financial metrics
[2025-03-22 06:28:50,894] INFO: Trying adjusted date: 10/2011 (original: 9/2011)
[2025-03-22 06:28:50,907] WARNING: clx (9/2011): No existing record found(9/2011, 2011-09-30) - creating new one
[2025-03-22 06:28:50,907] INFO: clx (9/2011): Created new record with 19 non-zero financial metrics
[2025-03-22 06:28:50,923] INFO: Trying adjusted date: 1/2012 (original: 12/2011)
[2025-03-22 06:28:50,936] WARNING: clx (12/2011): No existing record found(12/2011, 2011-12-31) - creating new one
[2025-03-22 06:28:50,937] INFO: clx (12/2011): Created new record with 14 non-zero financial metrics
[2025-03-22 06:28:50,951] INFO: Trying adjusted date: 4/2012 (original: 3/2012)
[2025-03-22 06:28:50,963] WARNING: clx (3/2012): No existing record found(3/2012, 2012-03-31) - creating new one
[2025-03-22 06:28:50,964] INFO: clx (3/2012): Created new record with 14 non-zero financial metrics
[2025-03-22 06:28:50,978] INFO: Trying adjusted date: 7/2012 (original: 6/2012)
[2025-03-22 06:28:50,992] WARNING: clx (6/2012): No existing record found(6/2012, 2012-06-30) - creating new one
[2025-03-22 06:28:50,992] INFO: clx (6/2012): Created new record with 20 non-zero financial metrics
[2025-03-22 06:28:51,006] WARNING: clx (9/2012): Found zero values for fields: Share Repurchases
[2025-03-22 06:28:51,019] INFO: clx (9/2012): Updated existing record with 18 non-zero financial metrics
[2025-03-22 06:28:51,047] INFO: clx (12/2012): Updated existing record with 14 non-zero financial metrics
[2025-03-22 06:28:51,073] INFO: clx (3/2013): Updated existing record with 14 non-zero financial metrics
[2025-03-22 06:28:51,101] INFO: clx (6/2013): Updated existing record with 20 non-zero financial metrics
[2025-03-22 06:28:51,127] INFO: clx (9/2013): Updated existing record with 19 non-zero financial metrics
[2025-03-22 06:28:51,156] INFO: clx (12/2013): Updated existing record with 14 non-zero financial metrics
[2025-03-22 06:28:51,185] INFO: clx (3/2014): Updated existing record with 14 non-zero financial metrics
[2025-03-22 06:28:51,212] INFO: clx (6/2014): Updated existing record with 20 non-zero financial metrics
[2025-03-22 06:28:51,239] INFO: clx (9/2014): Updated existing record with 19 non-zero financial metrics
[2025-03-22 06:28:51,267] INFO: clx (12/2014): Updated existing record with 14 non-zero financial metrics
[2025-03-22 06:28:51,294] INFO: clx (3/2015): Updated existing record with 14 non-zero financial metrics
[2025-03-22 06:28:51,321] INFO: clx (6/2015): Updated existing record with 20 non-zero financial metrics
[2025-03-22 06:28:51,348] INFO: clx (9/2015): Updated existing record with 19 non-zero financial metrics
[2025-03-22 06:28:51,375] INFO: clx (12/2015): Updated existing record with 14 non-zero financial metrics
[2025-03-22 06:28:51,402] INFO: clx (3/2016): Updated existing record with 14 non-zero financial metrics
[2025-03-22 06:28:51,430] INFO: clx (6/2016): Updated existing record with 20 non-zero financial metrics
[2025-03-22 06:28:51,458] INFO: clx (9/2016): Updated existing record with 19 non-zero financial metrics
[2025-03-22 06:28:51,485] INFO: clx (12/2016): Updated existing record with 14 non-zero financial metrics
[2025-03-22 06:28:51,513] INFO: clx (3/2017): Updated existing record with 14 non-zero financial metrics
[2025-03-22 06:28:51,540] INFO: clx (6/2017): Updated existing record with 20 non-zero financial metrics
[2025-03-22 06:28:51,568] INFO: clx (9/2017): Updated existing record with 19 non-zero financial metrics
[2025-03-22 06:28:51,595] INFO: clx (12/2017): Updated existing record with 14 non-zero financial metrics
[2025-03-22 06:28:51,622] INFO: clx (3/2018): Updated existing record with 14 non-zero financial metrics
[2025-03-22 06:28:51,650] INFO: clx (6/2018): Updated existing record with 20 non-zero financial metrics
[2025-03-22 06:28:51,678] INFO: clx (9/2018): Updated existing record with 19 non-zero financial metrics
[2025-03-22 06:28:51,706] INFO: clx (12/2018): Updated existing record with 14 non-zero financial metrics
[2025-03-22 06:28:51,733] INFO: clx (3/2019): Updated existing record with 14 non-zero financial metrics
[2025-03-22 06:28:51,761] INFO: clx (6/2019): Updated existing record with 20 non-zero financial metrics
[2025-03-22 06:28:51,789] INFO: clx (9/2019): Updated existing record with 19 non-zero financial metrics
[2025-03-22 06:28:51,817] INFO: clx (12/2019): Updated existing record with 14 non-zero financial metrics
[2025-03-22 06:28:51,846] INFO: clx (3/2020): Updated existing record with 15 non-zero financial metrics
[2025-03-22 06:28:51,872] INFO: clx (6/2020): Updated existing record with 20 non-zero financial metrics
[2025-03-22 06:28:51,900] INFO: clx (9/2020): Updated existing record with 20 non-zero financial metrics
[2025-03-22 06:28:51,928] INFO: clx (12/2020): Updated existing record with 15 non-zero financial metrics
[2025-03-22 06:28:51,956] INFO: clx (3/2021): Updated existing record with 15 non-zero financial metrics
[2025-03-22 06:28:51,983] INFO: clx (6/2021): Updated existing record with 20 non-zero financial metrics
[2025-03-22 06:28:52,011] INFO: clx (9/2021): Updated existing record with 20 non-zero financial metrics
[2025-03-22 06:28:52,039] INFO: clx (12/2021): Updated existing record with 15 non-zero financial metrics
[2025-03-22 06:28:52,066] INFO: clx (3/2022): Updated existing record with 15 non-zero financial metrics
[2025-03-22 06:28:52,094] INFO: clx (6/2022): Updated existing record with 20 non-zero financial metrics
[2025-03-22 06:28:52,110] WARNING: clx (9/2022): Found zero values for fields: Share Repurchases
[2025-03-22 06:28:52,123] INFO: clx (9/2022): Updated existing record with 18 non-zero financial metrics
[2025-03-22 06:28:52,150] INFO: clx (12/2022): Updated existing record with 14 non-zero financial metrics
[2025-03-22 06:28:52,177] INFO: clx (3/2023): Updated existing record with 14 non-zero financial metrics
[2025-03-22 06:28:52,192] WARNING: clx (6/2023): Found zero values for fields: Share Repurchases
[2025-03-22 06:28:52,205] INFO: clx (6/2023): Updated existing record with 19 non-zero financial metrics
[2025-03-22 06:28:52,233] INFO: clx (9/2023): Updated existing record with 18 non-zero financial metrics
[2025-03-22 06:28:52,262] INFO: clx (12/2023): Updated existing record with 14 non-zero financial metrics
[2025-03-22 06:28:52,292] INFO: clx (3/2024): Updated existing record with 14 non-zero financial metrics
[2025-03-22 06:28:52,307] WARNING: clx (6/2024): Found zero values for fields: Share Repurchases
[2025-03-22 06:28:52,320] INFO: clx (6/2024): Updated existing record with 19 non-zero financial metrics
[2025-03-22 06:28:52,347] INFO: clx (9/2024): Updated existing record with 19 non-zero financial metrics
[2025-03-22 06:28:52,375] INFO: clx (12/2024): Updated existing record with 14 non-zero financial metrics
