[2025-03-22 00:11:07,575] INFO: Trying adjusted date: 4/2010 (original: 3/2010)
[2025-03-22 00:11:07,587] WARNING: cme (3/2010): No existing record found(3/2010, 2010-03-31) - creating new one
[2025-03-22 00:11:07,587] INFO: cme (3/2010): Created new record with 16 non-zero financial metrics
[2025-03-22 00:11:07,602] INFO: Trying adjusted date: 7/2010 (original: 6/2010)
[2025-03-22 00:11:07,614] WARNING: cme (6/2010): No existing record found(6/2010, 2010-06-30) - creating new one
[2025-03-22 00:11:07,614] INFO: cme (6/2010): Created new record with 11 non-zero financial metrics
[2025-03-22 00:11:07,628] INFO: Trying adjusted date: 10/2010 (original: 9/2010)
[2025-03-22 00:11:07,641] WARNING: cme (9/2010): No existing record found(9/2010, 2010-09-30) - creating new one
[2025-03-22 00:11:07,641] INFO: cme (9/2010): Created new record with 11 non-zero financial metrics
[2025-03-22 00:11:07,655] INFO: Trying adjusted date: 1/2011 (original: 12/2010)
[2025-03-22 00:11:07,667] WARNING: cme (12/2010): No existing record found(12/2010, 2010-12-31) - creating new one
[2025-03-22 00:11:07,667] INFO: cme (12/2010): Created new record with 16 non-zero financial metrics
[2025-03-22 00:11:07,681] INFO: Trying adjusted date: 4/2011 (original: 3/2011)
[2025-03-22 00:11:07,693] WARNING: cme (3/2011): No existing record found(3/2011, 2011-03-31) - creating new one
[2025-03-22 00:11:07,694] INFO: cme (3/2011): Created new record with 15 non-zero financial metrics
[2025-03-22 00:11:07,707] INFO: Trying adjusted date: 7/2011 (original: 6/2011)
[2025-03-22 00:11:07,719] WARNING: cme (6/2011): No existing record found(6/2011, 2011-06-30) - creating new one
[2025-03-22 00:11:07,720] INFO: cme (6/2011): Created new record with 11 non-zero financial metrics
[2025-03-22 00:11:07,733] INFO: Trying adjusted date: 10/2011 (original: 9/2011)
[2025-03-22 00:11:07,746] WARNING: cme (9/2011): No existing record found(9/2011, 2011-09-30) - creating new one
[2025-03-22 00:11:07,746] INFO: cme (9/2011): Created new record with 11 non-zero financial metrics
[2025-03-22 00:11:07,759] INFO: Trying adjusted date: 1/2012 (original: 12/2011)
[2025-03-22 00:11:07,772] WARNING: cme (12/2011): No existing record found(12/2011, 2011-12-31) - creating new one
[2025-03-22 00:11:07,772] INFO: cme (12/2011): Created new record with 16 non-zero financial metrics
[2025-03-22 00:11:07,787] INFO: Trying adjusted date: 4/2012 (original: 3/2012)
[2025-03-22 00:11:07,799] WARNING: cme (3/2012): No existing record found(3/2012, 2012-03-31) - creating new one
[2025-03-22 00:11:07,799] INFO: cme (3/2012): Created new record with 15 non-zero financial metrics
[2025-03-22 00:11:07,812] INFO: Trying adjusted date: 7/2012 (original: 6/2012)
[2025-03-22 00:11:07,823] WARNING: cme (6/2012): No existing record found(6/2012, 2012-06-30) - creating new one
[2025-03-22 00:11:07,824] INFO: cme (6/2012): Created new record with 11 non-zero financial metrics
[2025-03-22 00:11:07,849] INFO: cme (9/2012): Updated existing record with 11 non-zero financial metrics
[2025-03-22 00:11:07,862] WARNING: cme (12/2012): Found zero values for fields: Share Repurchases
[2025-03-22 00:11:07,873] INFO: cme (12/2012): Updated existing record with 16 non-zero financial metrics
[2025-03-22 00:11:07,899] INFO: cme (3/2013): Updated existing record with 15 non-zero financial metrics
[2025-03-22 00:11:07,924] INFO: cme (6/2013): Updated existing record with 11 non-zero financial metrics
[2025-03-22 00:11:07,949] INFO: cme (9/2013): Updated existing record with 11 non-zero financial metrics
[2025-03-22 00:11:07,963] WARNING: cme (12/2013): Found zero values for fields: Share Repurchases
[2025-03-22 00:11:07,975] INFO: cme (12/2013): Updated existing record with 16 non-zero financial metrics
[2025-03-22 00:11:08,002] INFO: cme (3/2014): Updated existing record with 15 non-zero financial metrics
[2025-03-22 00:11:08,028] INFO: cme (6/2014): Updated existing record with 11 non-zero financial metrics
[2025-03-22 00:11:08,052] INFO: cme (9/2014): Updated existing record with 11 non-zero financial metrics
[2025-03-22 00:11:08,077] INFO: cme (12/2014): Updated existing record with 16 non-zero financial metrics
[2025-03-22 00:11:08,102] INFO: cme (3/2015): Updated existing record with 15 non-zero financial metrics
[2025-03-22 00:11:08,126] INFO: cme (6/2015): Updated existing record with 11 non-zero financial metrics
[2025-03-22 00:11:08,152] INFO: cme (9/2015): Updated existing record with 11 non-zero financial metrics
[2025-03-22 00:11:08,177] INFO: cme (12/2015): Updated existing record with 16 non-zero financial metrics
[2025-03-22 00:11:08,202] INFO: cme (3/2016): Updated existing record with 15 non-zero financial metrics
[2025-03-22 00:11:08,227] INFO: cme (6/2016): Updated existing record with 11 non-zero financial metrics
[2025-03-22 00:11:08,254] INFO: cme (9/2016): Updated existing record with 11 non-zero financial metrics
[2025-03-22 00:11:08,279] INFO: cme (12/2016): Updated existing record with 16 non-zero financial metrics
[2025-03-22 00:11:08,305] INFO: cme (3/2017): Updated existing record with 15 non-zero financial metrics
[2025-03-22 00:11:08,329] INFO: cme (6/2017): Updated existing record with 11 non-zero financial metrics
[2025-03-22 00:11:08,355] INFO: cme (9/2017): Updated existing record with 11 non-zero financial metrics
[2025-03-22 00:11:08,380] INFO: cme (12/2017): Updated existing record with 16 non-zero financial metrics
[2025-03-22 00:11:08,406] INFO: cme (3/2018): Updated existing record with 16 non-zero financial metrics
[2025-03-22 00:11:08,430] INFO: cme (6/2018): Updated existing record with 12 non-zero financial metrics
[2025-03-22 00:11:08,455] INFO: cme (9/2018): Updated existing record with 12 non-zero financial metrics
[2025-03-22 00:11:08,480] INFO: cme (12/2018): Updated existing record with 17 non-zero financial metrics
[2025-03-22 00:11:08,504] INFO: cme (3/2019): Updated existing record with 16 non-zero financial metrics
[2025-03-22 00:11:08,529] INFO: cme (6/2019): Updated existing record with 12 non-zero financial metrics
[2025-03-22 00:11:08,554] INFO: cme (9/2019): Updated existing record with 12 non-zero financial metrics
[2025-03-22 00:11:08,579] INFO: cme (12/2019): Updated existing record with 17 non-zero financial metrics
[2025-03-22 00:11:08,603] INFO: cme (3/2020): Updated existing record with 16 non-zero financial metrics
[2025-03-22 00:11:08,628] INFO: cme (6/2020): Updated existing record with 12 non-zero financial metrics
[2025-03-22 00:11:08,652] INFO: cme (9/2020): Updated existing record with 12 non-zero financial metrics
[2025-03-22 00:11:08,677] INFO: cme (12/2020): Updated existing record with 17 non-zero financial metrics
[2025-03-22 00:11:08,702] INFO: cme (3/2021): Updated existing record with 16 non-zero financial metrics
[2025-03-22 00:11:08,727] INFO: cme (6/2021): Updated existing record with 12 non-zero financial metrics
[2025-03-22 00:11:08,753] INFO: cme (9/2021): Updated existing record with 12 non-zero financial metrics
[2025-03-22 00:11:08,777] INFO: cme (12/2021): Updated existing record with 17 non-zero financial metrics
[2025-03-22 00:11:08,802] INFO: cme (3/2022): Updated existing record with 16 non-zero financial metrics
[2025-03-22 00:11:08,827] INFO: cme (6/2022): Updated existing record with 12 non-zero financial metrics
[2025-03-22 00:11:08,853] INFO: cme (9/2022): Updated existing record with 12 non-zero financial metrics
[2025-03-22 00:11:08,877] INFO: cme (12/2022): Updated existing record with 17 non-zero financial metrics
[2025-03-22 00:11:08,902] INFO: cme (3/2023): Updated existing record with 16 non-zero financial metrics
[2025-03-22 00:11:08,926] INFO: cme (6/2023): Updated existing record with 12 non-zero financial metrics
[2025-03-22 00:11:08,951] INFO: cme (9/2023): Updated existing record with 12 non-zero financial metrics
[2025-03-22 00:11:08,976] INFO: cme (12/2023): Updated existing record with 16 non-zero financial metrics
[2025-03-22 00:11:09,003] INFO: cme (3/2024): Updated existing record with 16 non-zero financial metrics
[2025-03-22 00:11:09,028] INFO: cme (6/2024): Updated existing record with 12 non-zero financial metrics
[2025-03-22 00:11:09,053] INFO: cme (9/2024): Updated existing record with 12 non-zero financial metrics
[2025-03-22 00:11:09,066] INFO: Trying adjusted date: 1/2025 (original: 12/2024)
[2025-03-22 00:11:09,078] WARNING: cme (12/2024): No existing record found(12/2024, 2024-12-31) - creating new one
[2025-03-22 00:11:09,079] INFO: cme (12/2024): Created new record with 16 non-zero financial metrics
