[2025-03-22 05:44:16,116] INFO: Trying adjusted date: 4/2010 (original: 3/2010)
[2025-03-22 05:44:16,128] WARNING: cnp (3/2010): No existing record found(3/2010, 2010-03-31) - creating new one
[2025-03-22 05:44:16,128] INFO: cnp (3/2010): Created new record with 13 non-zero financial metrics
[2025-03-22 05:44:16,143] INFO: Trying adjusted date: 7/2010 (original: 6/2010)
[2025-03-22 05:44:16,155] WARNING: cnp (6/2010): No existing record found(6/2010, 2010-06-30) - creating new one
[2025-03-22 05:44:16,156] INFO: cnp (6/2010): Created new record with 10 non-zero financial metrics
[2025-03-22 05:44:16,171] INFO: Trying adjusted date: 10/2010 (original: 9/2010)
[2025-03-22 05:44:16,183] WARNING: cnp (9/2010): No existing record found(9/2010, 2010-09-30) - creating new one
[2025-03-22 05:44:16,184] INFO: cnp (9/2010): Created new record with 10 non-zero financial metrics
[2025-03-22 05:44:16,199] INFO: Trying adjusted date: 4/2011 (original: 3/2011)
[2025-03-22 05:44:16,211] WARNING: cnp (3/2011): No existing record found(3/2011, 2011-03-31) - creating new one
[2025-03-22 05:44:16,212] INFO: cnp (3/2011): Created new record with 13 non-zero financial metrics
[2025-03-22 05:44:16,226] INFO: Trying adjusted date: 7/2011 (original: 6/2011)
[2025-03-22 05:44:16,238] WARNING: cnp (6/2011): No existing record found(6/2011, 2011-06-30) - creating new one
[2025-03-22 05:44:16,239] INFO: cnp (6/2011): Created new record with 10 non-zero financial metrics
[2025-03-22 05:44:16,253] INFO: Trying adjusted date: 10/2011 (original: 9/2011)
[2025-03-22 05:44:16,265] WARNING: cnp (9/2011): No existing record found(9/2011, 2011-09-30) - creating new one
[2025-03-22 05:44:16,266] INFO: cnp (9/2011): Created new record with 10 non-zero financial metrics
[2025-03-22 05:44:16,279] INFO: Trying adjusted date: 1/2012 (original: 12/2011)
[2025-03-22 05:44:16,292] WARNING: cnp (12/2011): No existing record found(12/2011, 2011-12-31) - creating new one
[2025-03-22 05:44:16,292] INFO: cnp (12/2011): Created new record with 15 non-zero financial metrics
[2025-03-22 05:44:16,306] INFO: Trying adjusted date: 4/2012 (original: 3/2012)
[2025-03-22 05:44:16,318] WARNING: cnp (3/2012): No existing record found(3/2012, 2012-03-31) - creating new one
[2025-03-22 05:44:16,319] INFO: cnp (3/2012): Created new record with 13 non-zero financial metrics
[2025-03-22 05:44:16,334] INFO: Trying adjusted date: 7/2012 (original: 6/2012)
[2025-03-22 05:44:16,347] WARNING: cnp (6/2012): No existing record found(6/2012, 2012-06-30) - creating new one
[2025-03-22 05:44:16,347] INFO: cnp (6/2012): Created new record with 10 non-zero financial metrics
[2025-03-22 05:44:16,373] INFO: cnp (9/2012): Updated existing record with 10 non-zero financial metrics
[2025-03-22 05:44:16,401] INFO: cnp (12/2012): Updated existing record with 15 non-zero financial metrics
[2025-03-22 05:44:16,428] INFO: cnp (3/2013): Updated existing record with 13 non-zero financial metrics
[2025-03-22 05:44:16,455] INFO: cnp (6/2013): Updated existing record with 10 non-zero financial metrics
[2025-03-22 05:44:16,483] INFO: cnp (9/2013): Updated existing record with 10 non-zero financial metrics
[2025-03-22 05:44:16,510] INFO: cnp (12/2013): Updated existing record with 12 non-zero financial metrics
[2025-03-22 05:44:16,537] INFO: cnp (3/2014): Updated existing record with 10 non-zero financial metrics
[2025-03-22 05:44:16,563] INFO: cnp (6/2014): Updated existing record with 10 non-zero financial metrics
[2025-03-22 05:44:16,589] INFO: cnp (9/2014): Updated existing record with 10 non-zero financial metrics
[2025-03-22 05:44:16,616] INFO: cnp (12/2014): Updated existing record with 10 non-zero financial metrics
[2025-03-22 05:44:16,643] INFO: cnp (3/2015): Updated existing record with 10 non-zero financial metrics
[2025-03-22 05:44:16,670] INFO: cnp (6/2015): Updated existing record with 10 non-zero financial metrics
[2025-03-22 05:44:16,699] INFO: cnp (9/2015): Updated existing record with 10 non-zero financial metrics
[2025-03-22 05:44:16,726] INFO: cnp (12/2015): Updated existing record with 10 non-zero financial metrics
[2025-03-22 05:44:16,754] INFO: cnp (3/2016): Updated existing record with 10 non-zero financial metrics
[2025-03-22 05:44:16,781] INFO: cnp (6/2016): Updated existing record with 10 non-zero financial metrics
[2025-03-22 05:44:16,807] INFO: cnp (9/2016): Updated existing record with 10 non-zero financial metrics
[2025-03-22 05:44:16,835] INFO: cnp (12/2016): Updated existing record with 10 non-zero financial metrics
[2025-03-22 05:44:16,862] INFO: cnp (3/2017): Updated existing record with 10 non-zero financial metrics
[2025-03-22 05:44:16,890] INFO: cnp (6/2017): Updated existing record with 10 non-zero financial metrics
[2025-03-22 05:44:16,917] INFO: cnp (9/2017): Updated existing record with 10 non-zero financial metrics
[2025-03-22 05:44:16,945] INFO: cnp (12/2017): Updated existing record with 13 non-zero financial metrics
[2025-03-22 05:44:16,972] INFO: cnp (3/2018): Updated existing record with 13 non-zero financial metrics
[2025-03-22 05:44:16,998] INFO: cnp (6/2018): Updated existing record with 10 non-zero financial metrics
[2025-03-22 05:44:17,025] INFO: cnp (9/2018): Updated existing record with 11 non-zero financial metrics
[2025-03-22 05:44:17,052] INFO: cnp (12/2018): Updated existing record with 15 non-zero financial metrics
[2025-03-22 05:44:17,079] INFO: cnp (3/2019): Updated existing record with 14 non-zero financial metrics
[2025-03-22 05:44:17,107] INFO: cnp (6/2019): Updated existing record with 12 non-zero financial metrics
[2025-03-22 05:44:17,136] INFO: cnp (9/2019): Updated existing record with 12 non-zero financial metrics
[2025-03-22 05:44:17,163] INFO: cnp (12/2019): Updated existing record with 16 non-zero financial metrics
[2025-03-22 05:44:17,189] INFO: cnp (3/2020): Updated existing record with 15 non-zero financial metrics
[2025-03-22 05:44:17,217] INFO: cnp (6/2020): Updated existing record with 12 non-zero financial metrics
[2025-03-22 05:44:17,247] INFO: cnp (9/2020): Updated existing record with 12 non-zero financial metrics
[2025-03-22 05:44:17,275] INFO: cnp (12/2020): Updated existing record with 16 non-zero financial metrics
[2025-03-22 05:44:17,306] INFO: cnp (3/2021): Updated existing record with 15 non-zero financial metrics
[2025-03-22 05:44:17,332] INFO: cnp (6/2021): Updated existing record with 12 non-zero financial metrics
[2025-03-22 05:44:17,361] INFO: cnp (9/2021): Updated existing record with 12 non-zero financial metrics
[2025-03-22 05:44:17,388] INFO: cnp (12/2021): Updated existing record with 16 non-zero financial metrics
[2025-03-22 05:44:17,415] INFO: cnp (3/2022): Updated existing record with 15 non-zero financial metrics
[2025-03-22 05:44:17,442] INFO: cnp (6/2022): Updated existing record with 12 non-zero financial metrics
[2025-03-22 05:44:17,468] INFO: cnp (9/2022): Updated existing record with 12 non-zero financial metrics
[2025-03-22 05:44:17,496] INFO: cnp (12/2022): Updated existing record with 16 non-zero financial metrics
[2025-03-22 05:44:17,521] INFO: cnp (3/2023): Updated existing record with 15 non-zero financial metrics
[2025-03-22 05:44:17,548] INFO: cnp (6/2023): Updated existing record with 12 non-zero financial metrics
[2025-03-22 05:44:17,574] INFO: cnp (9/2023): Updated existing record with 12 non-zero financial metrics
[2025-03-22 05:44:17,603] INFO: cnp (12/2023): Updated existing record with 16 non-zero financial metrics
[2025-03-22 05:44:17,630] INFO: cnp (3/2024): Updated existing record with 15 non-zero financial metrics
[2025-03-22 05:44:17,644] WARNING: cnp (6/2024): Found zero values for fields: COGS
[2025-03-22 05:44:17,657] INFO: cnp (6/2024): Updated existing record with 11 non-zero financial metrics
[2025-03-22 05:44:17,683] INFO: cnp (9/2024): Updated existing record with 12 non-zero financial metrics
[2025-03-22 05:44:17,698] INFO: Trying adjusted date: 1/2025 (original: 12/2024)
[2025-03-22 05:44:17,711] WARNING: cnp (12/2024): No existing record found(12/2024, 2024-12-31) - creating new one
[2025-03-22 05:44:17,712] INFO: cnp (12/2024): Created new record with 16 non-zero financial metrics
