[2025-03-21 22:34:01,585] INFO: Trying adjusted date: 4/2010 (original: 3/2010)
[2025-03-21 22:34:01,596] WARNING: cop (3/2010): No existing record found(3/2010, 2010-03-31) - creating new one
[2025-03-21 22:34:01,596] INFO: cop (3/2010): Created new record with 13 non-zero financial metrics
[2025-03-21 22:34:01,610] INFO: Trying adjusted date: 7/2010 (original: 6/2010)
[2025-03-21 22:34:01,622] WARNING: cop (6/2010): No existing record found(6/2010, 2010-06-30) - creating new one
[2025-03-21 22:34:01,622] INFO: cop (6/2010): Created new record with 10 non-zero financial metrics
[2025-03-21 22:34:01,635] INFO: Trying adjusted date: 10/2010 (original: 9/2010)
[2025-03-21 22:34:01,647] WARNING: cop (9/2010): No existing record found(9/2010, 2010-09-30) - creating new one
[2025-03-21 22:34:01,647] INFO: cop (9/2010): Created new record with 10 non-zero financial metrics
[2025-03-21 22:34:01,660] INFO: Trying adjusted date: 1/2011 (original: 12/2010)
[2025-03-21 22:34:01,672] WARNING: cop (12/2010): No existing record found(12/2010, 2010-12-31) - creating new one
[2025-03-21 22:34:01,672] INFO: cop (12/2010): Created new record with 16 non-zero financial metrics
[2025-03-21 22:34:01,685] INFO: Trying adjusted date: 4/2011 (original: 3/2011)
[2025-03-21 22:34:01,697] WARNING: cop (3/2011): No existing record found(3/2011, 2011-03-31) - creating new one
[2025-03-21 22:34:01,698] INFO: cop (3/2011): Created new record with 14 non-zero financial metrics
[2025-03-21 22:34:01,710] INFO: Trying adjusted date: 7/2011 (original: 6/2011)
[2025-03-21 22:34:01,722] WARNING: cop (6/2011): No existing record found(6/2011, 2011-06-30) - creating new one
[2025-03-21 22:34:01,722] INFO: cop (6/2011): Created new record with 10 non-zero financial metrics
[2025-03-21 22:34:01,735] INFO: Trying adjusted date: 10/2011 (original: 9/2011)
[2025-03-21 22:34:01,747] WARNING: cop (9/2011): No existing record found(9/2011, 2011-09-30) - creating new one
[2025-03-21 22:34:01,747] INFO: cop (9/2011): Created new record with 10 non-zero financial metrics
[2025-03-21 22:34:01,762] INFO: Trying adjusted date: 1/2012 (original: 12/2011)
[2025-03-21 22:34:01,774] WARNING: cop (12/2011): No existing record found(12/2011, 2011-12-31) - creating new one
[2025-03-21 22:34:01,775] INFO: cop (12/2011): Created new record with 16 non-zero financial metrics
[2025-03-21 22:34:01,788] INFO: Trying adjusted date: 4/2012 (original: 3/2012)
[2025-03-21 22:34:01,799] WARNING: cop (3/2012): No existing record found(3/2012, 2012-03-31) - creating new one
[2025-03-21 22:34:01,800] INFO: cop (3/2012): Created new record with 14 non-zero financial metrics
[2025-03-21 22:34:01,814] INFO: Trying adjusted date: 7/2012 (original: 6/2012)
[2025-03-21 22:34:01,825] ERROR: Invalid numeric value for Goodwill: 
[2025-03-21 22:34:01,826] ERROR: cop (6/2012): Invalid data types: Goodwill=
[2025-03-21 22:34:01,826] WARNING: cop (6/2012): No existing record found(6/2012, 2012-06-30) - creating new one
[2025-03-21 22:34:01,826] INFO: cop (6/2012): Created new record with 9 non-zero financial metrics
[2025-03-21 22:34:01,838] WARNING: cop (9/2012): Found zero values for fields: Goodwill
[2025-03-21 22:34:01,850] INFO: cop (9/2012): Updated existing record with 9 non-zero financial metrics
[2025-03-21 22:34:01,874] INFO: cop (12/2012): Updated existing record with 15 non-zero financial metrics
[2025-03-21 22:34:01,899] INFO: cop (3/2013): Updated existing record with 12 non-zero financial metrics
[2025-03-21 22:34:01,924] INFO: cop (6/2013): Updated existing record with 9 non-zero financial metrics
[2025-03-21 22:34:01,948] INFO: cop (9/2013): Updated existing record with 9 non-zero financial metrics
[2025-03-21 22:34:01,974] INFO: cop (12/2013): Updated existing record with 14 non-zero financial metrics
[2025-03-21 22:34:01,998] INFO: cop (3/2014): Updated existing record with 12 non-zero financial metrics
[2025-03-21 22:34:02,025] INFO: cop (6/2014): Updated existing record with 9 non-zero financial metrics
[2025-03-21 22:34:02,049] INFO: cop (9/2014): Updated existing record with 9 non-zero financial metrics
[2025-03-21 22:34:02,062] WARNING: cop (12/2014): Found zero values for fields: Share Repurchases
[2025-03-21 22:34:02,074] INFO: cop (12/2014): Updated existing record with 14 non-zero financial metrics
[2025-03-21 22:34:02,098] INFO: cop (3/2015): Updated existing record with 12 non-zero financial metrics
[2025-03-21 22:34:02,122] INFO: cop (6/2015): Updated existing record with 9 non-zero financial metrics
[2025-03-21 22:34:02,146] INFO: cop (9/2015): Updated existing record with 9 non-zero financial metrics
[2025-03-21 22:34:02,171] INFO: cop (12/2015): Updated existing record with 14 non-zero financial metrics
[2025-03-21 22:34:02,196] INFO: cop (3/2016): Updated existing record with 12 non-zero financial metrics
[2025-03-21 22:34:02,220] INFO: cop (6/2016): Updated existing record with 9 non-zero financial metrics
[2025-03-21 22:34:02,244] INFO: cop (9/2016): Updated existing record with 9 non-zero financial metrics
[2025-03-21 22:34:02,267] INFO: cop (12/2016): Updated existing record with 15 non-zero financial metrics
[2025-03-21 22:34:02,294] INFO: cop (3/2017): Updated existing record with 10 non-zero financial metrics
[2025-03-21 22:34:02,319] INFO: cop (6/2017): Updated existing record with 9 non-zero financial metrics
[2025-03-21 22:34:02,344] INFO: cop (9/2017): Updated existing record with 9 non-zero financial metrics
[2025-03-21 22:34:02,368] INFO: cop (12/2017): Updated existing record with 15 non-zero financial metrics
[2025-03-21 22:34:02,391] INFO: cop (3/2018): Updated existing record with 15 non-zero financial metrics
[2025-03-21 22:34:02,415] INFO: cop (6/2018): Updated existing record with 8 non-zero financial metrics
[2025-03-21 22:34:02,439] INFO: cop (9/2018): Updated existing record with 12 non-zero financial metrics
[2025-03-21 22:34:02,462] INFO: cop (12/2018): Updated existing record with 18 non-zero financial metrics
[2025-03-21 22:34:02,486] INFO: cop (3/2019): Updated existing record with 16 non-zero financial metrics
[2025-03-21 22:34:02,511] INFO: cop (6/2019): Updated existing record with 13 non-zero financial metrics
[2025-03-21 22:34:02,537] INFO: cop (9/2019): Updated existing record with 13 non-zero financial metrics
[2025-03-21 22:34:02,565] INFO: cop (12/2019): Updated existing record with 17 non-zero financial metrics
[2025-03-21 22:34:02,591] INFO: cop (3/2020): Updated existing record with 16 non-zero financial metrics
[2025-03-21 22:34:02,616] INFO: cop (6/2020): Updated existing record with 13 non-zero financial metrics
[2025-03-21 22:34:02,642] INFO: cop (9/2020): Updated existing record with 13 non-zero financial metrics
[2025-03-21 22:34:02,668] INFO: cop (12/2020): Updated existing record with 17 non-zero financial metrics
[2025-03-21 22:34:02,692] INFO: cop (3/2021): Updated existing record with 16 non-zero financial metrics
[2025-03-21 22:34:02,716] INFO: cop (6/2021): Updated existing record with 12 non-zero financial metrics
[2025-03-21 22:34:02,744] INFO: cop (9/2021): Updated existing record with 12 non-zero financial metrics
[2025-03-21 22:34:02,769] INFO: cop (12/2021): Updated existing record with 16 non-zero financial metrics
[2025-03-21 22:34:02,794] INFO: cop (3/2022): Updated existing record with 16 non-zero financial metrics
[2025-03-21 22:34:02,818] INFO: cop (6/2022): Updated existing record with 12 non-zero financial metrics
[2025-03-21 22:34:02,842] INFO: cop (9/2022): Updated existing record with 12 non-zero financial metrics
[2025-03-21 22:34:02,867] INFO: cop (12/2022): Updated existing record with 17 non-zero financial metrics
[2025-03-21 22:34:02,894] INFO: cop (3/2023): Updated existing record with 16 non-zero financial metrics
[2025-03-21 22:34:02,919] INFO: cop (6/2023): Updated existing record with 12 non-zero financial metrics
[2025-03-21 22:34:02,944] INFO: cop (9/2023): Updated existing record with 12 non-zero financial metrics
[2025-03-21 22:34:02,969] INFO: cop (12/2023): Updated existing record with 18 non-zero financial metrics
[2025-03-21 22:34:02,994] INFO: cop (3/2024): Updated existing record with 16 non-zero financial metrics
[2025-03-21 22:34:03,019] INFO: cop (6/2024): Updated existing record with 12 non-zero financial metrics
[2025-03-21 22:34:03,044] INFO: cop (9/2024): Updated existing record with 12 non-zero financial metrics
[2025-03-21 22:34:03,056] INFO: Trying adjusted date: 1/2025 (original: 12/2024)
[2025-03-21 22:34:03,068] WARNING: cop (12/2024): No existing record found(12/2024, 2024-12-31) - creating new one
[2025-03-21 22:34:03,069] INFO: cop (12/2024): Created new record with 18 non-zero financial metrics
