[2025-03-22 13:01:13,465] INFO: Trying adjusted date: 4/2013 (original: 3/2013)
[2025-03-22 13:01:13,478] WARNING: cpri (3/2013): No existing record found(3/2013, 2013-03-30) - creating new one
[2025-03-22 13:01:13,479] INFO: cpri (3/2013): Created new record with 18 non-zero financial metrics
[2025-03-22 13:01:13,495] INFO: Trying adjusted date: 7/2013 (original: 6/2013)
[2025-03-22 13:01:13,509] WARNING: cpri (6/2013): No existing record found(6/2013, 2013-06-29) - creating new one
[2025-03-22 13:01:13,509] INFO: cpri (6/2013): Created new record with 19 non-zero financial metrics
[2025-03-22 13:01:13,525] INFO: Trying adjusted date: 10/2013 (original: 9/2013)
[2025-03-22 13:01:13,539] WARNING: cpri (9/2013): No existing record found(9/2013, 2013-09-28) - creating new one
[2025-03-22 13:01:13,540] INFO: cpri (9/2013): Created new record with 15 non-zero financial metrics
[2025-03-22 13:01:13,556] INFO: Trying adjusted date: 1/2014 (original: 12/2013)
[2025-03-22 13:01:13,570] WARNING: cpri (12/2013): No existing record found(12/2013, 2013-12-28) - creating new one
[2025-03-22 13:01:13,571] INFO: cpri (12/2013): Created new record with 15 non-zero financial metrics
[2025-03-22 13:01:13,586] INFO: Trying adjusted date: 4/2014 (original: 3/2014)
[2025-03-22 13:01:13,601] WARNING: cpri (3/2014): No existing record found(3/2014, 2014-03-29) - creating new one
[2025-03-22 13:01:13,601] INFO: cpri (3/2014): Created new record with 20 non-zero financial metrics
[2025-03-22 13:01:13,618] INFO: Trying adjusted date: 7/2014 (original: 6/2014)
[2025-03-22 13:01:13,632] WARNING: cpri (6/2014): No existing record found(6/2014, 2014-06-28) - creating new one
[2025-03-22 13:01:13,632] INFO: cpri (6/2014): Created new record with 19 non-zero financial metrics
[2025-03-22 13:01:13,649] INFO: Trying adjusted date: 10/2014 (original: 9/2014)
[2025-03-22 13:01:13,663] WARNING: cpri (9/2014): No existing record found(9/2014, 2014-09-27) - creating new one
[2025-03-22 13:01:13,664] INFO: cpri (9/2014): Created new record with 14 non-zero financial metrics
[2025-03-22 13:01:13,679] INFO: Trying adjusted date: 1/2015 (original: 12/2014)
[2025-03-22 13:01:13,693] WARNING: cpri (12/2014): No existing record found(12/2014, 2014-12-27) - creating new one
[2025-03-22 13:01:13,693] INFO: cpri (12/2014): Created new record with 14 non-zero financial metrics
[2025-03-22 13:01:13,708] INFO: Trying adjusted date: 4/2015 (original: 3/2015)
[2025-03-22 13:01:13,722] WARNING: cpri (3/2015): No existing record found(3/2015, 2015-03-28) - creating new one
[2025-03-22 13:01:13,724] INFO: cpri (3/2015): Created new record with 16 non-zero financial metrics
[2025-03-22 13:01:13,740] INFO: Trying adjusted date: 7/2015 (original: 6/2015)
[2025-03-22 13:01:13,754] WARNING: cpri (6/2015): No existing record found(6/2015, 2015-06-27) - creating new one
[2025-03-22 13:01:13,755] INFO: cpri (6/2015): Created new record with 15 non-zero financial metrics
[2025-03-22 13:01:13,776] INFO: Trying adjusted date: 10/2015 (original: 9/2015)
[2025-03-22 13:01:13,790] WARNING: cpri (9/2015): No existing record found(9/2015, 2015-09-26) - creating new one
[2025-03-22 13:01:13,791] INFO: cpri (9/2015): Created new record with 14 non-zero financial metrics
[2025-03-22 13:01:13,807] INFO: Trying adjusted date: 1/2016 (original: 12/2015)
[2025-03-22 13:01:13,821] WARNING: cpri (12/2015): No existing record found(12/2015, 2015-12-26) - creating new one
[2025-03-22 13:01:13,822] INFO: cpri (12/2015): Created new record with 14 non-zero financial metrics
[2025-03-22 13:01:13,837] INFO: Trying adjusted date: 3/2016 (original: 4/2016)
[2025-03-22 13:01:13,851] WARNING: cpri (4/2016): No existing record found(4/2016, 2016-04-02) - creating new one
[2025-03-22 13:01:13,852] INFO: cpri (4/2016): Created new record with 17 non-zero financial metrics
[2025-03-22 13:01:13,868] INFO: Trying adjusted date: 6/2016 (original: 7/2016)
[2025-03-22 13:01:13,883] WARNING: cpri (7/2016): Found zero values for fields: Long Term Debt
[2025-03-22 13:01:13,883] WARNING: cpri (7/2016): No existing record found(7/2016, 2016-07-02) - creating new one
[2025-03-22 13:01:13,883] INFO: cpri (7/2016): Created new record with 15 non-zero financial metrics
[2025-03-22 13:01:13,899] INFO: Trying adjusted date: 9/2016 (original: 10/2016)
[2025-03-22 13:01:13,913] WARNING: cpri (10/2016): Found zero values for fields: Long Term Debt
[2025-03-22 13:01:13,913] WARNING: cpri (10/2016): No existing record found(10/2016, 2016-10-01) - creating new one
[2025-03-22 13:01:13,914] INFO: cpri (10/2016): Created new record with 13 non-zero financial metrics
[2025-03-22 13:01:13,931] INFO: Trying adjusted date: 1/2017 (original: 12/2016)
[2025-03-22 13:01:13,945] WARNING: cpri (12/2016): Found zero values for fields: Long Term Debt
[2025-03-22 13:01:13,945] WARNING: cpri (12/2016): No existing record found(12/2016, 2016-12-31) - creating new one
[2025-03-22 13:01:13,945] INFO: cpri (12/2016): Created new record with 13 non-zero financial metrics
[2025-03-22 13:01:13,961] INFO: Trying adjusted date: 3/2017 (original: 4/2017)
[2025-03-22 13:01:13,975] WARNING: cpri (4/2017): Found zero values for fields: Long Term Debt
[2025-03-22 13:01:13,975] WARNING: cpri (4/2017): No existing record found(4/2017, 2017-04-01) - creating new one
[2025-03-22 13:01:13,975] INFO: cpri (4/2017): Created new record with 15 non-zero financial metrics
[2025-03-22 13:01:13,991] INFO: Trying adjusted date: 6/2017 (original: 7/2017)
[2025-03-22 13:01:14,005] WARNING: cpri (7/2017): No existing record found(7/2017, 2017-07-01) - creating new one
[2025-03-22 13:01:14,006] INFO: cpri (7/2017): Created new record with 15 non-zero financial metrics
[2025-03-22 13:01:14,022] INFO: Trying adjusted date: 10/2017 (original: 9/2017)
[2025-03-22 13:01:14,036] WARNING: cpri (9/2017): No existing record found(9/2017, 2017-09-30) - creating new one
[2025-03-22 13:01:14,037] INFO: cpri (9/2017): Created new record with 13 non-zero financial metrics
[2025-03-22 13:01:14,053] INFO: Trying adjusted date: 1/2018 (original: 12/2017)
[2025-03-22 13:01:14,067] WARNING: cpri (12/2017): No existing record found(12/2017, 2017-12-30) - creating new one
[2025-03-22 13:01:14,067] INFO: cpri (12/2017): Created new record with 14 non-zero financial metrics
[2025-03-22 13:01:14,082] INFO: Trying adjusted date: 4/2018 (original: 3/2018)
[2025-03-22 13:01:14,097] WARNING: cpri (3/2018): No existing record found(3/2018, 2018-03-31) - creating new one
[2025-03-22 13:01:14,097] INFO: cpri (3/2018): Created new record with 16 non-zero financial metrics
[2025-03-22 13:01:14,113] INFO: Trying adjusted date: 7/2018 (original: 6/2018)
[2025-03-22 13:01:14,127] WARNING: cpri (6/2018): No existing record found(6/2018, 2018-06-30) - creating new one
[2025-03-22 13:01:14,127] INFO: cpri (6/2018): Created new record with 16 non-zero financial metrics
[2025-03-22 13:01:14,145] INFO: Trying adjusted date: 10/2018 (original: 9/2018)
[2025-03-22 13:01:14,159] WARNING: cpri (9/2018): No existing record found(9/2018, 2018-09-29) - creating new one
[2025-03-22 13:01:14,160] INFO: cpri (9/2018): Created new record with 14 non-zero financial metrics
[2025-03-22 13:01:14,190] INFO: cpri (12/2018): Updated existing record with 14 non-zero financial metrics
[2025-03-22 13:01:14,220] INFO: cpri (3/2019): Updated existing record with 19 non-zero financial metrics
[2025-03-22 13:01:14,250] INFO: cpri (6/2019): Updated existing record with 19 non-zero financial metrics
[2025-03-22 13:01:14,279] INFO: cpri (9/2019): Updated existing record with 14 non-zero financial metrics
[2025-03-22 13:01:14,309] INFO: cpri (12/2019): Updated existing record with 15 non-zero financial metrics
[2025-03-22 13:01:14,338] INFO: cpri (3/2020): Updated existing record with 20 non-zero financial metrics
[2025-03-22 13:01:14,368] INFO: cpri (6/2020): Updated existing record with 20 non-zero financial metrics
[2025-03-22 13:01:14,385] INFO: Trying adjusted date: 10/2020 (original: 9/2020)
[2025-03-22 13:01:14,399] WARNING: cpri (9/2020): No existing record found(9/2020, 2020-09-26) - creating new one
[2025-03-22 13:01:14,400] INFO: cpri (9/2020): Created new record with 15 non-zero financial metrics
[2025-03-22 13:01:14,430] INFO: cpri (12/2020): Updated existing record with 15 non-zero financial metrics
[2025-03-22 13:01:14,448] INFO: Trying adjusted date: 4/2021 (original: 3/2021)
[2025-03-22 13:01:14,462] WARNING: cpri (3/2021): No existing record found(3/2021, 2021-03-27) - creating new one
[2025-03-22 13:01:14,463] INFO: cpri (3/2021): Created new record with 20 non-zero financial metrics
[2025-03-22 13:01:14,494] INFO: cpri (6/2021): Updated existing record with 20 non-zero financial metrics
[2025-03-22 13:01:14,523] INFO: cpri (9/2021): Updated existing record with 14 non-zero financial metrics
[2025-03-22 13:01:14,554] INFO: cpri (12/2021): Updated existing record with 14 non-zero financial metrics
[2025-03-22 13:01:14,570] INFO: Trying adjusted date: 3/2022 (original: 4/2022)
[2025-03-22 13:01:14,585] INFO: Found existing row with adjusted date: 3/2022
[2025-03-22 13:01:14,600] INFO: cpri (3/2022): Updated existing record with 20 non-zero financial metrics
[2025-03-22 13:01:14,616] INFO: Trying adjusted date: 6/2022 (original: 7/2022)
[2025-03-22 13:01:14,629] INFO: Found existing row with adjusted date: 6/2022
[2025-03-22 13:01:14,644] INFO: cpri (6/2022): Updated existing record with 19 non-zero financial metrics
[2025-03-22 13:01:14,659] INFO: Trying adjusted date: 9/2022 (original: 10/2022)
[2025-03-22 13:01:14,673] INFO: Found existing row with adjusted date: 9/2022
[2025-03-22 13:01:14,687] INFO: cpri (9/2022): Updated existing record with 14 non-zero financial metrics
[2025-03-22 13:01:14,716] INFO: cpri (12/2022): Updated existing record with 14 non-zero financial metrics
[2025-03-22 13:01:14,733] INFO: Trying adjusted date: 3/2023 (original: 4/2023)
[2025-03-22 13:01:14,746] INFO: Found existing row with adjusted date: 3/2023
[2025-03-22 13:01:14,760] INFO: cpri (3/2023): Updated existing record with 20 non-zero financial metrics
[2025-03-22 13:01:14,776] INFO: Trying adjusted date: 6/2023 (original: 7/2023)
[2025-03-22 13:01:14,790] INFO: Found existing row with adjusted date: 6/2023
[2025-03-22 13:01:14,804] INFO: cpri (6/2023): Updated existing record with 19 non-zero financial metrics
[2025-03-22 13:01:14,833] INFO: cpri (9/2023): Updated existing record with 14 non-zero financial metrics
[2025-03-22 13:01:14,862] INFO: cpri (12/2023): Updated existing record with 14 non-zero financial metrics
[2025-03-22 13:01:14,892] INFO: cpri (3/2024): Updated existing record with 19 non-zero financial metrics
[2025-03-22 13:01:14,922] INFO: cpri (6/2024): Updated existing record with 19 non-zero financial metrics
[2025-03-22 13:01:14,952] INFO: cpri (9/2024): Updated existing record with 14 non-zero financial metrics
[2025-03-22 13:01:14,968] INFO: Trying adjusted date: 1/2025 (original: 12/2024)
[2025-03-22 13:01:14,982] WARNING: cpri (12/2024): No existing record found(12/2024, 2024-12-28) - creating new one
[2025-03-22 13:01:14,983] INFO: cpri (12/2024): Created new record with 14 non-zero financial metrics
