[2025-03-22 02:09:40,833] INFO: Trying adjusted date: 5/2019 (original: 4/2019)
[2025-03-22 02:09:40,845] WARNING: crwd (4/2019): No existing record found(4/2019, 2019-04-30) - creating new one
[2025-03-22 02:09:40,845] INFO: crwd (4/2019): Created new record with 21 non-zero financial metrics
[2025-03-22 02:09:40,872] INFO: crwd (7/2019): Updated existing record with 17 non-zero financial metrics
[2025-03-22 02:09:40,899] INFO: crwd (10/2019): Updated existing record with 17 non-zero financial metrics
[2025-03-22 02:09:40,912] WARNING: crwd (1/2020): Found zero values for fields: Share Repurchases
[2025-03-22 02:09:40,925] INFO: crwd (1/2020): Updated existing record with 20 non-zero financial metrics
[2025-03-22 02:09:40,952] INFO: crwd (4/2020): Updated existing record with 21 non-zero financial metrics
[2025-03-22 02:09:40,979] INFO: crwd (7/2020): Updated existing record with 17 non-zero financial metrics
[2025-03-22 02:09:40,992] INFO: Trying adjusted date: 11/2020 (original: 10/2020)
[2025-03-22 02:09:41,005] WARNING: crwd (10/2020): No existing record found(10/2020, 2020-10-31) - creating new one
[2025-03-22 02:09:41,005] INFO: crwd (10/2020): Created new record with 17 non-zero financial metrics
[2025-03-22 02:09:41,019] WARNING: crwd (1/2021): Found zero values for fields: Share Repurchases
[2025-03-22 02:09:41,032] INFO: crwd (1/2021): Updated existing record with 20 non-zero financial metrics
[2025-03-22 02:09:41,058] INFO: crwd (4/2021): Updated existing record with 22 non-zero financial metrics
[2025-03-22 02:09:41,084] INFO: crwd (7/2021): Updated existing record with 18 non-zero financial metrics
[2025-03-22 02:09:41,110] INFO: crwd (10/2021): Updated existing record with 18 non-zero financial metrics
[2025-03-22 02:09:41,137] INFO: crwd (1/2022): Updated existing record with 21 non-zero financial metrics
[2025-03-22 02:09:41,162] INFO: crwd (4/2022): Updated existing record with 22 non-zero financial metrics
[2025-03-22 02:09:41,190] INFO: crwd (7/2022): Updated existing record with 18 non-zero financial metrics
[2025-03-22 02:09:41,217] INFO: crwd (10/2022): Updated existing record with 18 non-zero financial metrics
[2025-03-22 02:09:41,243] INFO: crwd (1/2023): Updated existing record with 22 non-zero financial metrics
[2025-03-22 02:09:41,258] WARNING: crwd (4/2023): Found zero values for fields: EPS Diluted
[2025-03-22 02:09:41,270] INFO: crwd (4/2023): Updated existing record with 21 non-zero financial metrics
[2025-03-22 02:09:41,297] INFO: crwd (7/2023): Updated existing record with 18 non-zero financial metrics
[2025-03-22 02:09:41,322] INFO: crwd (10/2023): Updated existing record with 18 non-zero financial metrics
[2025-03-22 02:09:41,348] INFO: crwd (1/2024): Updated existing record with 22 non-zero financial metrics
[2025-03-22 02:09:41,374] INFO: crwd (4/2024): Updated existing record with 22 non-zero financial metrics
[2025-03-22 02:09:41,403] INFO: crwd (7/2024): Updated existing record with 17 non-zero financial metrics
[2025-03-22 02:09:41,429] INFO: crwd (10/2024): Updated existing record with 17 non-zero financial metrics
[2025-03-22 02:09:41,443] INFO: Trying adjusted date: 2/2025 (original: 1/2025)
[2025-03-22 02:09:41,455] WARNING: crwd (1/2025): No existing record found(1/2025, 2025-01-31) - creating new one
[2025-03-22 02:09:41,456] INFO: crwd (1/2025): Created new record with 21 non-zero financial metrics
