[2025-03-21 22:14:13,905] INFO: Trying adjusted date: 4/2010 (original: 5/2010)
[2025-03-21 22:14:13,917] WARNING: csco (5/2010): No existing record found(5/2010, 2010-05-01) - creating new one
[2025-03-21 22:14:13,917] INFO: csco (5/2010): Created new record with 17 non-zero financial metrics
[2025-03-21 22:14:13,931] INFO: Trying adjusted date: 8/2010 (original: 7/2010)
[2025-03-21 22:14:13,944] WARNING: csco (7/2010): No existing record found(7/2010, 2010-07-31) - creating new one
[2025-03-21 22:14:13,945] INFO: csco (7/2010): Created new record with 24 non-zero financial metrics
[2025-03-21 22:14:13,959] INFO: Trying adjusted date: 11/2010 (original: 10/2010)
[2025-03-21 22:14:13,970] WARNING: csco (10/2010): No existing record found(10/2010, 2010-10-30) - creating new one
[2025-03-21 22:14:13,971] INFO: csco (10/2010): Created new record with 24 non-zero financial metrics
[2025-03-21 22:14:13,984] INFO: Trying adjusted date: 2/2011 (original: 1/2011)
[2025-03-21 22:14:13,995] WARNING: csco (1/2011): No existing record found(1/2011, 2011-01-29) - creating new one
[2025-03-21 22:14:13,996] INFO: csco (1/2011): Created new record with 18 non-zero financial metrics
[2025-03-21 22:14:14,008] INFO: Trying adjusted date: 5/2011 (original: 4/2011)
[2025-03-21 22:14:14,020] WARNING: csco (4/2011): No existing record found(4/2011, 2011-04-30) - creating new one
[2025-03-21 22:14:14,020] INFO: csco (4/2011): Created new record with 19 non-zero financial metrics
[2025-03-21 22:14:14,032] INFO: Trying adjusted date: 8/2011 (original: 7/2011)
[2025-03-21 22:14:14,044] WARNING: csco (7/2011): No existing record found(7/2011, 2011-07-30) - creating new one
[2025-03-21 22:14:14,044] INFO: csco (7/2011): Created new record with 24 non-zero financial metrics
[2025-03-21 22:14:14,057] INFO: Trying adjusted date: 11/2011 (original: 10/2011)
[2025-03-21 22:14:14,069] WARNING: csco (10/2011): No existing record found(10/2011, 2011-10-29) - creating new one
[2025-03-21 22:14:14,069] INFO: csco (10/2011): Created new record with 23 non-zero financial metrics
[2025-03-21 22:14:14,082] INFO: Trying adjusted date: 2/2012 (original: 1/2012)
[2025-03-21 22:14:14,094] WARNING: csco (1/2012): No existing record found(1/2012, 2012-01-28) - creating new one
[2025-03-21 22:14:14,095] INFO: csco (1/2012): Created new record with 18 non-zero financial metrics
[2025-03-21 22:14:14,108] INFO: Trying adjusted date: 5/2012 (original: 4/2012)
[2025-03-21 22:14:14,119] WARNING: csco (4/2012): No existing record found(4/2012, 2012-04-28) - creating new one
[2025-03-21 22:14:14,120] INFO: csco (4/2012): Created new record with 18 non-zero financial metrics
[2025-03-21 22:14:14,132] INFO: Trying adjusted date: 8/2012 (original: 7/2012)
[2025-03-21 22:14:14,144] WARNING: csco (7/2012): No existing record found(7/2012, 2012-07-28) - creating new one
[2025-03-21 22:14:14,144] INFO: csco (7/2012): Created new record with 23 non-zero financial metrics
[2025-03-21 22:14:14,170] INFO: csco (10/2012): Updated existing record with 24 non-zero financial metrics
[2025-03-21 22:14:14,195] INFO: csco (1/2013): Updated existing record with 19 non-zero financial metrics
[2025-03-21 22:14:14,219] INFO: csco (4/2013): Updated existing record with 19 non-zero financial metrics
[2025-03-21 22:14:14,243] INFO: csco (7/2013): Updated existing record with 24 non-zero financial metrics
[2025-03-21 22:14:14,268] INFO: csco (10/2013): Updated existing record with 20 non-zero financial metrics
[2025-03-21 22:14:14,292] INFO: csco (1/2014): Updated existing record with 19 non-zero financial metrics
[2025-03-21 22:14:14,317] INFO: csco (4/2014): Updated existing record with 19 non-zero financial metrics
[2025-03-21 22:14:14,342] INFO: csco (7/2014): Updated existing record with 22 non-zero financial metrics
[2025-03-21 22:14:14,368] INFO: csco (10/2014): Updated existing record with 22 non-zero financial metrics
[2025-03-21 22:14:14,392] INFO: csco (1/2015): Updated existing record with 20 non-zero financial metrics
[2025-03-21 22:14:14,417] INFO: csco (4/2015): Updated existing record with 20 non-zero financial metrics
[2025-03-21 22:14:14,442] INFO: csco (7/2015): Updated existing record with 22 non-zero financial metrics
[2025-03-21 22:14:14,467] INFO: csco (10/2015): Updated existing record with 22 non-zero financial metrics
[2025-03-21 22:14:14,492] INFO: csco (1/2016): Updated existing record with 20 non-zero financial metrics
[2025-03-21 22:14:14,521] INFO: csco (4/2016): Updated existing record with 20 non-zero financial metrics
[2025-03-21 22:14:14,546] INFO: csco (7/2016): Updated existing record with 22 non-zero financial metrics
[2025-03-21 22:14:14,577] INFO: csco (10/2016): Updated existing record with 22 non-zero financial metrics
[2025-03-21 22:14:14,604] INFO: csco (1/2017): Updated existing record with 20 non-zero financial metrics
[2025-03-21 22:14:14,629] INFO: csco (4/2017): Updated existing record with 20 non-zero financial metrics
[2025-03-21 22:14:14,653] INFO: csco (7/2017): Updated existing record with 22 non-zero financial metrics
[2025-03-21 22:14:14,681] INFO: csco (10/2017): Updated existing record with 25 non-zero financial metrics
[2025-03-21 22:14:14,705] INFO: csco (1/2018): Updated existing record with 20 non-zero financial metrics
[2025-03-21 22:14:14,730] INFO: csco (4/2018): Updated existing record with 20 non-zero financial metrics
[2025-03-21 22:14:14,755] INFO: csco (7/2018): Updated existing record with 25 non-zero financial metrics
[2025-03-21 22:14:14,780] INFO: csco (10/2018): Updated existing record with 26 non-zero financial metrics
[2025-03-21 22:14:14,805] INFO: csco (1/2019): Updated existing record with 21 non-zero financial metrics
[2025-03-21 22:14:14,829] INFO: csco (4/2019): Updated existing record with 21 non-zero financial metrics
[2025-03-21 22:14:14,853] INFO: csco (7/2019): Updated existing record with 26 non-zero financial metrics
[2025-03-21 22:14:14,879] INFO: csco (10/2019): Updated existing record with 26 non-zero financial metrics
[2025-03-21 22:14:14,903] INFO: csco (1/2020): Updated existing record with 21 non-zero financial metrics
[2025-03-21 22:14:14,928] INFO: csco (4/2020): Updated existing record with 21 non-zero financial metrics
[2025-03-21 22:14:14,955] INFO: csco (7/2020): Updated existing record with 26 non-zero financial metrics
[2025-03-21 22:14:14,981] INFO: csco (10/2020): Updated existing record with 26 non-zero financial metrics
[2025-03-21 22:14:15,007] INFO: csco (1/2021): Updated existing record with 21 non-zero financial metrics
[2025-03-21 22:14:15,020] INFO: Trying adjusted date: 4/2021 (original: 5/2021)
[2025-03-21 22:14:15,032] INFO: Found existing row with adjusted date: 4/2021
[2025-03-21 22:14:15,044] INFO: csco (4/2021): Updated existing record with 21 non-zero financial metrics
[2025-03-21 22:14:15,067] INFO: csco (7/2021): Updated existing record with 26 non-zero financial metrics
[2025-03-21 22:14:15,091] INFO: csco (10/2021): Updated existing record with 26 non-zero financial metrics
[2025-03-21 22:14:15,122] INFO: csco (1/2022): Updated existing record with 21 non-zero financial metrics
[2025-03-21 22:14:15,147] INFO: csco (4/2022): Updated existing record with 21 non-zero financial metrics
[2025-03-21 22:14:15,171] INFO: csco (7/2022): Updated existing record with 26 non-zero financial metrics
[2025-03-21 22:14:15,198] INFO: csco (10/2022): Updated existing record with 26 non-zero financial metrics
[2025-03-21 22:14:15,222] INFO: csco (1/2023): Updated existing record with 21 non-zero financial metrics
[2025-03-21 22:14:15,248] INFO: csco (4/2023): Updated existing record with 21 non-zero financial metrics
[2025-03-21 22:14:15,274] INFO: csco (7/2023): Updated existing record with 26 non-zero financial metrics
[2025-03-21 22:14:15,301] INFO: csco (10/2023): Updated existing record with 26 non-zero financial metrics
[2025-03-21 22:14:15,328] INFO: csco (1/2024): Updated existing record with 21 non-zero financial metrics
[2025-03-21 22:14:15,352] INFO: csco (4/2024): Updated existing record with 21 non-zero financial metrics
[2025-03-21 22:14:15,376] INFO: csco (7/2024): Updated existing record with 25 non-zero financial metrics
[2025-03-21 22:14:15,401] INFO: csco (10/2024): Updated existing record with 25 non-zero financial metrics
[2025-03-21 22:14:15,414] INFO: Trying adjusted date: 2/2025 (original: 1/2025)
[2025-03-21 22:14:15,426] WARNING: csco (1/2025): No existing record found(1/2025, 2025-01-25) - creating new one
[2025-03-21 22:14:15,426] INFO: csco (1/2025): Created new record with 20 non-zero financial metrics
