[2025-03-22 07:02:29,691] INFO: Trying adjusted date: 7/2010 (original: 6/2010)
[2025-03-22 07:02:29,704] WARNING: csl (6/2010): No existing record found(6/2010, 2010-06-30) - creating new one
[2025-03-22 07:02:29,705] INFO: csl (6/2010): Created new record with 11 non-zero financial metrics
[2025-03-22 07:02:29,723] INFO: Trying adjusted date: 10/2010 (original: 9/2010)
[2025-03-22 07:02:29,736] WARNING: csl (9/2010): No existing record found(9/2010, 2010-09-30) - creating new one
[2025-03-22 07:02:29,736] INFO: csl (9/2010): Created new record with 11 non-zero financial metrics
[2025-03-22 07:02:29,752] INFO: Trying adjusted date: 1/2011 (original: 12/2010)
[2025-03-22 07:02:29,765] WARNING: csl (12/2010): No existing record found(12/2010, 2010-12-31) - creating new one
[2025-03-22 07:02:29,766] INFO: csl (12/2010): Created new record with 15 non-zero financial metrics
[2025-03-22 07:02:29,780] INFO: Trying adjusted date: 4/2011 (original: 3/2011)
[2025-03-22 07:02:29,793] WARNING: csl (3/2011): No existing record found(3/2011, 2011-03-31) - creating new one
[2025-03-22 07:02:29,794] INFO: csl (3/2011): Created new record with 15 non-zero financial metrics
[2025-03-22 07:02:29,809] INFO: Trying adjusted date: 7/2011 (original: 6/2011)
[2025-03-22 07:02:29,823] WARNING: csl (6/2011): No existing record found(6/2011, 2011-06-30) - creating new one
[2025-03-22 07:02:29,824] INFO: csl (6/2011): Created new record with 12 non-zero financial metrics
[2025-03-22 07:02:29,838] INFO: Trying adjusted date: 10/2011 (original: 9/2011)
[2025-03-22 07:02:29,852] WARNING: csl (9/2011): No existing record found(9/2011, 2011-09-30) - creating new one
[2025-03-22 07:02:29,853] INFO: csl (9/2011): Created new record with 13 non-zero financial metrics
[2025-03-22 07:02:29,867] INFO: Trying adjusted date: 1/2012 (original: 12/2011)
[2025-03-22 07:02:29,880] WARNING: csl (12/2011): No existing record found(12/2011, 2011-12-31) - creating new one
[2025-03-22 07:02:29,880] INFO: csl (12/2011): Created new record with 17 non-zero financial metrics
[2025-03-22 07:02:29,895] INFO: Trying adjusted date: 4/2012 (original: 3/2012)
[2025-03-22 07:02:29,908] WARNING: csl (3/2012): No existing record found(3/2012, 2012-03-31) - creating new one
[2025-03-22 07:02:29,909] INFO: csl (3/2012): Created new record with 16 non-zero financial metrics
[2025-03-22 07:02:29,923] INFO: Trying adjusted date: 7/2012 (original: 6/2012)
[2025-03-22 07:02:29,936] WARNING: csl (6/2012): No existing record found(6/2012, 2012-06-30) - creating new one
[2025-03-22 07:02:29,936] INFO: csl (6/2012): Created new record with 12 non-zero financial metrics
[2025-03-22 07:02:29,964] INFO: csl (9/2012): Updated existing record with 12 non-zero financial metrics
[2025-03-22 07:02:29,992] INFO: csl (12/2012): Updated existing record with 17 non-zero financial metrics
[2025-03-22 07:02:30,019] INFO: csl (3/2013): Updated existing record with 16 non-zero financial metrics
[2025-03-22 07:02:30,047] INFO: csl (6/2013): Updated existing record with 12 non-zero financial metrics
[2025-03-22 07:02:30,074] INFO: csl (9/2013): Updated existing record with 12 non-zero financial metrics
[2025-03-22 07:02:30,102] INFO: csl (12/2013): Updated existing record with 17 non-zero financial metrics
[2025-03-22 07:02:30,130] INFO: csl (3/2014): Updated existing record with 16 non-zero financial metrics
[2025-03-22 07:02:30,157] INFO: csl (6/2014): Updated existing record with 12 non-zero financial metrics
[2025-03-22 07:02:30,185] INFO: csl (9/2014): Updated existing record with 12 non-zero financial metrics
[2025-03-22 07:02:30,217] INFO: csl (12/2014): Updated existing record with 17 non-zero financial metrics
[2025-03-22 07:02:30,246] INFO: csl (3/2015): Updated existing record with 17 non-zero financial metrics
[2025-03-22 07:02:30,279] INFO: csl (6/2015): Updated existing record with 12 non-zero financial metrics
[2025-03-22 07:02:30,307] INFO: csl (9/2015): Updated existing record with 12 non-zero financial metrics
[2025-03-22 07:02:30,334] INFO: csl (12/2015): Updated existing record with 18 non-zero financial metrics
[2025-03-22 07:02:30,362] INFO: csl (3/2016): Updated existing record with 17 non-zero financial metrics
[2025-03-22 07:02:30,390] INFO: csl (6/2016): Updated existing record with 13 non-zero financial metrics
[2025-03-22 07:02:30,418] INFO: csl (9/2016): Updated existing record with 14 non-zero financial metrics
[2025-03-22 07:02:30,446] INFO: csl (12/2016): Updated existing record with 20 non-zero financial metrics
[2025-03-22 07:02:30,461] WARNING: csl (3/2017): Found zero values for fields: Share Repurchases
[2025-03-22 07:02:30,474] INFO: csl (3/2017): Updated existing record with 18 non-zero financial metrics
[2025-03-22 07:02:30,502] INFO: csl (6/2017): Updated existing record with 14 non-zero financial metrics
[2025-03-22 07:02:30,530] INFO: csl (9/2017): Updated existing record with 14 non-zero financial metrics
[2025-03-22 07:02:30,558] INFO: csl (12/2017): Updated existing record with 20 non-zero financial metrics
[2025-03-22 07:02:30,589] INFO: csl (3/2018): Updated existing record with 20 non-zero financial metrics
[2025-03-22 07:02:30,616] INFO: csl (6/2018): Updated existing record with 14 non-zero financial metrics
[2025-03-22 07:02:30,643] INFO: csl (9/2018): Updated existing record with 14 non-zero financial metrics
[2025-03-22 07:02:30,670] INFO: csl (12/2018): Updated existing record with 21 non-zero financial metrics
[2025-03-22 07:02:30,699] INFO: csl (3/2019): Updated existing record with 19 non-zero financial metrics
[2025-03-22 07:02:30,728] INFO: csl (6/2019): Updated existing record with 14 non-zero financial metrics
[2025-03-22 07:02:30,756] INFO: csl (9/2019): Updated existing record with 15 non-zero financial metrics
[2025-03-22 07:02:30,783] INFO: csl (12/2019): Updated existing record with 21 non-zero financial metrics
[2025-03-22 07:02:30,812] INFO: csl (3/2020): Updated existing record with 21 non-zero financial metrics
[2025-03-22 07:02:30,840] INFO: csl (6/2020): Updated existing record with 16 non-zero financial metrics
[2025-03-22 07:02:30,868] INFO: csl (9/2020): Updated existing record with 16 non-zero financial metrics
[2025-03-22 07:02:30,896] INFO: csl (12/2020): Updated existing record with 20 non-zero financial metrics
[2025-03-22 07:02:30,924] INFO: csl (3/2021): Updated existing record with 20 non-zero financial metrics
[2025-03-22 07:02:30,952] INFO: csl (6/2021): Updated existing record with 15 non-zero financial metrics
[2025-03-22 07:02:30,981] INFO: csl (9/2021): Updated existing record with 15 non-zero financial metrics
[2025-03-22 07:02:31,010] INFO: csl (12/2021): Updated existing record with 20 non-zero financial metrics
[2025-03-22 07:02:31,037] INFO: csl (3/2022): Updated existing record with 20 non-zero financial metrics
[2025-03-22 07:02:31,065] INFO: csl (6/2022): Updated existing record with 15 non-zero financial metrics
[2025-03-22 07:02:31,093] INFO: csl (9/2022): Updated existing record with 15 non-zero financial metrics
[2025-03-22 07:02:31,121] INFO: csl (12/2022): Updated existing record with 20 non-zero financial metrics
[2025-03-22 07:02:31,148] INFO: csl (3/2023): Updated existing record with 20 non-zero financial metrics
[2025-03-22 07:02:31,175] INFO: csl (6/2023): Updated existing record with 15 non-zero financial metrics
[2025-03-22 07:02:31,203] INFO: csl (9/2023): Updated existing record with 15 non-zero financial metrics
[2025-03-22 07:02:31,232] INFO: csl (12/2023): Updated existing record with 21 non-zero financial metrics
[2025-03-22 07:02:31,260] INFO: csl (3/2024): Updated existing record with 20 non-zero financial metrics
[2025-03-22 07:02:31,288] INFO: csl (6/2024): Updated existing record with 15 non-zero financial metrics
[2025-03-22 07:02:31,316] INFO: csl (9/2024): Updated existing record with 15 non-zero financial metrics
[2025-03-22 07:02:31,344] INFO: csl (12/2024): Updated existing record with 20 non-zero financial metrics
