[2025-03-22 04:32:50,503] INFO: Trying adjusted date: 4/2010 (original: 3/2010)
[2025-03-22 04:32:50,516] WARNING: ctra (3/2010): No existing record found(3/2010, 2010-03-31) - creating new one
[2025-03-22 04:32:50,516] INFO: ctra (3/2010): Created new record with 14 non-zero financial metrics
[2025-03-22 04:32:50,531] INFO: Trying adjusted date: 7/2010 (original: 6/2010)
[2025-03-22 04:32:50,545] WARNING: ctra (6/2010): No existing record found(6/2010, 2010-06-30) - creating new one
[2025-03-22 04:32:50,545] INFO: ctra (6/2010): Created new record with 11 non-zero financial metrics
[2025-03-22 04:32:50,559] INFO: Trying adjusted date: 10/2010 (original: 9/2010)
[2025-03-22 04:32:50,572] WARNING: ctra (9/2010): No existing record found(9/2010, 2010-09-30) - creating new one
[2025-03-22 04:32:50,573] INFO: ctra (9/2010): Created new record with 11 non-zero financial metrics
[2025-03-22 04:32:50,587] INFO: Trying adjusted date: 1/2011 (original: 12/2010)
[2025-03-22 04:32:50,600] WARNING: ctra (12/2010): No existing record found(12/2010, 2010-12-31) - creating new one
[2025-03-22 04:32:50,600] INFO: ctra (12/2010): Created new record with 14 non-zero financial metrics
[2025-03-22 04:32:50,615] INFO: Trying adjusted date: 4/2011 (original: 3/2011)
[2025-03-22 04:32:50,627] WARNING: ctra (3/2011): No existing record found(3/2011, 2011-03-31) - creating new one
[2025-03-22 04:32:50,628] INFO: ctra (3/2011): Created new record with 14 non-zero financial metrics
[2025-03-22 04:32:50,642] INFO: Trying adjusted date: 7/2011 (original: 6/2011)
[2025-03-22 04:32:50,655] WARNING: ctra (6/2011): No existing record found(6/2011, 2011-06-30) - creating new one
[2025-03-22 04:32:50,655] INFO: ctra (6/2011): Created new record with 11 non-zero financial metrics
[2025-03-22 04:32:50,669] INFO: Trying adjusted date: 10/2011 (original: 9/2011)
[2025-03-22 04:32:50,682] WARNING: ctra (9/2011): No existing record found(9/2011, 2011-09-30) - creating new one
[2025-03-22 04:32:50,682] INFO: ctra (9/2011): Created new record with 10 non-zero financial metrics
[2025-03-22 04:32:50,696] INFO: Trying adjusted date: 1/2012 (original: 12/2011)
[2025-03-22 04:32:50,709] WARNING: ctra (12/2011): No existing record found(12/2011, 2011-12-31) - creating new one
[2025-03-22 04:32:50,709] INFO: ctra (12/2011): Created new record with 10 non-zero financial metrics
[2025-03-22 04:32:50,723] INFO: Trying adjusted date: 4/2012 (original: 3/2012)
[2025-03-22 04:32:50,735] WARNING: ctra (3/2012): No existing record found(3/2012, 2012-03-31) - creating new one
[2025-03-22 04:32:50,736] INFO: ctra (3/2012): Created new record with 10 non-zero financial metrics
[2025-03-22 04:32:50,750] INFO: Trying adjusted date: 7/2012 (original: 6/2012)
[2025-03-22 04:32:50,763] WARNING: ctra (6/2012): No existing record found(6/2012, 2012-06-30) - creating new one
[2025-03-22 04:32:50,763] INFO: ctra (6/2012): Created new record with 10 non-zero financial metrics
[2025-03-22 04:32:50,778] INFO: Trying adjusted date: 10/2012 (original: 9/2012)
[2025-03-22 04:32:50,790] WARNING: ctra (9/2012): No existing record found(9/2012, 2012-09-30) - creating new one
[2025-03-22 04:32:50,791] INFO: ctra (9/2012): Created new record with 10 non-zero financial metrics
[2025-03-22 04:32:50,808] INFO: Trying adjusted date: 1/2013 (original: 12/2012)
[2025-03-22 04:32:50,821] WARNING: ctra (12/2012): No existing record found(12/2012, 2012-12-31) - creating new one
[2025-03-22 04:32:50,822] INFO: ctra (12/2012): Created new record with 10 non-zero financial metrics
[2025-03-22 04:32:50,836] INFO: Trying adjusted date: 4/2013 (original: 3/2013)
[2025-03-22 04:32:50,848] WARNING: ctra (3/2013): No existing record found(3/2013, 2013-03-31) - creating new one
[2025-03-22 04:32:50,849] INFO: ctra (3/2013): Created new record with 10 non-zero financial metrics
[2025-03-22 04:32:50,863] INFO: Trying adjusted date: 7/2013 (original: 6/2013)
[2025-03-22 04:32:50,876] WARNING: ctra (6/2013): No existing record found(6/2013, 2013-06-30) - creating new one
[2025-03-22 04:32:50,877] INFO: ctra (6/2013): Created new record with 9 non-zero financial metrics
[2025-03-22 04:32:50,890] INFO: Trying adjusted date: 10/2013 (original: 9/2013)
[2025-03-22 04:32:50,903] WARNING: ctra (9/2013): No existing record found(9/2013, 2013-09-30) - creating new one
[2025-03-22 04:32:50,904] INFO: ctra (9/2013): Created new record with 9 non-zero financial metrics
[2025-03-22 04:32:50,918] INFO: Trying adjusted date: 1/2014 (original: 12/2013)
[2025-03-22 04:32:50,930] WARNING: ctra (12/2013): No existing record found(12/2013, 2013-12-31) - creating new one
[2025-03-22 04:32:50,931] INFO: ctra (12/2013): Created new record with 9 non-zero financial metrics
[2025-03-22 04:32:50,945] INFO: Trying adjusted date: 4/2014 (original: 3/2014)
[2025-03-22 04:32:50,958] WARNING: ctra (3/2014): No existing record found(3/2014, 2014-03-31) - creating new one
[2025-03-22 04:32:50,958] INFO: ctra (3/2014): Created new record with 9 non-zero financial metrics
[2025-03-22 04:32:50,972] INFO: Trying adjusted date: 7/2014 (original: 6/2014)
[2025-03-22 04:32:50,985] WARNING: ctra (6/2014): No existing record found(6/2014, 2014-06-30) - creating new one
[2025-03-22 04:32:50,985] INFO: ctra (6/2014): Created new record with 9 non-zero financial metrics
[2025-03-22 04:32:51,000] INFO: Trying adjusted date: 10/2014 (original: 9/2014)
[2025-03-22 04:32:51,012] WARNING: ctra (9/2014): No existing record found(9/2014, 2014-09-30) - creating new one
[2025-03-22 04:32:51,013] INFO: ctra (9/2014): Created new record with 10 non-zero financial metrics
[2025-03-22 04:32:51,027] INFO: Trying adjusted date: 1/2015 (original: 12/2014)
[2025-03-22 04:32:51,041] WARNING: ctra (12/2014): No existing record found(12/2014, 2014-12-31) - creating new one
[2025-03-22 04:32:51,042] INFO: ctra (12/2014): Created new record with 11 non-zero financial metrics
[2025-03-22 04:32:51,055] INFO: Trying adjusted date: 4/2015 (original: 3/2015)
[2025-03-22 04:32:51,068] WARNING: ctra (3/2015): No existing record found(3/2015, 2015-03-31) - creating new one
[2025-03-22 04:32:51,068] INFO: ctra (3/2015): Created new record with 11 non-zero financial metrics
[2025-03-22 04:32:51,085] INFO: Trying adjusted date: 7/2015 (original: 6/2015)
[2025-03-22 04:32:51,098] WARNING: ctra (6/2015): No existing record found(6/2015, 2015-06-30) - creating new one
[2025-03-22 04:32:51,098] INFO: ctra (6/2015): Created new record with 11 non-zero financial metrics
[2025-03-22 04:32:51,113] INFO: Trying adjusted date: 10/2015 (original: 9/2015)
[2025-03-22 04:32:51,126] WARNING: ctra (9/2015): No existing record found(9/2015, 2015-09-30) - creating new one
[2025-03-22 04:32:51,126] INFO: ctra (9/2015): Created new record with 11 non-zero financial metrics
[2025-03-22 04:32:49,744] INFO: Trying adjusted date: 1/2016 (original: 12/2015)
[2025-03-22 04:32:49,757] WARNING: ctra (12/2015): No existing record found(12/2015, 2015-12-31) - creating new one
[2025-03-22 04:32:49,758] INFO: ctra (12/2015): Created new record with 10 non-zero financial metrics
[2025-03-22 04:32:49,773] INFO: Trying adjusted date: 4/2016 (original: 3/2016)
[2025-03-22 04:32:49,786] WARNING: ctra (3/2016): No existing record found(3/2016, 2016-03-31) - creating new one
[2025-03-22 04:32:49,786] INFO: ctra (3/2016): Created new record with 15 non-zero financial metrics
[2025-03-22 04:32:49,800] INFO: Trying adjusted date: 7/2016 (original: 6/2016)
[2025-03-22 04:32:49,812] WARNING: ctra (6/2016): No existing record found(6/2016, 2016-06-30) - creating new one
[2025-03-22 04:32:49,813] INFO: ctra (6/2016): Created new record with 12 non-zero financial metrics
[2025-03-22 04:32:49,827] INFO: Trying adjusted date: 10/2016 (original: 9/2016)
[2025-03-22 04:32:49,839] WARNING: ctra (9/2016): No existing record found(9/2016, 2016-09-30) - creating new one
[2025-03-22 04:32:49,841] INFO: ctra (9/2016): Created new record with 12 non-zero financial metrics
[2025-03-22 04:32:49,856] INFO: Trying adjusted date: 1/2017 (original: 12/2016)
[2025-03-22 04:32:49,868] WARNING: ctra (12/2016): No existing record found(12/2016, 2016-12-31) - creating new one
[2025-03-22 04:32:49,869] INFO: ctra (12/2016): Created new record with 14 non-zero financial metrics
[2025-03-22 04:32:49,884] INFO: Trying adjusted date: 4/2017 (original: 3/2017)
[2025-03-22 04:32:49,896] WARNING: ctra (3/2017): No existing record found(3/2017, 2017-03-31) - creating new one
[2025-03-22 04:32:49,897] INFO: ctra (3/2017): Created new record with 15 non-zero financial metrics
[2025-03-22 04:32:49,911] INFO: Trying adjusted date: 7/2017 (original: 6/2017)
[2025-03-22 04:32:49,923] WARNING: ctra (6/2017): No existing record found(6/2017, 2017-06-30) - creating new one
[2025-03-22 04:32:49,924] INFO: ctra (6/2017): Created new record with 12 non-zero financial metrics
[2025-03-22 04:32:49,938] INFO: Trying adjusted date: 10/2017 (original: 9/2017)
[2025-03-22 04:32:49,950] WARNING: ctra (9/2017): No existing record found(9/2017, 2017-09-30) - creating new one
[2025-03-22 04:32:49,951] INFO: ctra (9/2017): Created new record with 12 non-zero financial metrics
[2025-03-22 04:32:49,967] INFO: Trying adjusted date: 1/2018 (original: 12/2017)
[2025-03-22 04:32:49,979] WARNING: ctra (12/2017): No existing record found(12/2017, 2017-12-31) - creating new one
[2025-03-22 04:32:49,980] INFO: ctra (12/2017): Created new record with 15 non-zero financial metrics
[2025-03-22 04:32:49,994] INFO: Trying adjusted date: 4/2018 (original: 3/2018)
[2025-03-22 04:32:50,007] WARNING: ctra (3/2018): No existing record found(3/2018, 2018-03-31) - creating new one
[2025-03-22 04:32:50,007] INFO: ctra (3/2018): Created new record with 16 non-zero financial metrics
[2025-03-22 04:32:50,021] INFO: Trying adjusted date: 7/2018 (original: 6/2018)
[2025-03-22 04:32:50,034] WARNING: ctra (6/2018): No existing record found(6/2018, 2018-06-30) - creating new one
[2025-03-22 04:32:50,034] INFO: ctra (6/2018): Created new record with 13 non-zero financial metrics
[2025-03-22 04:32:50,048] WARNING: ctra (9/2018): Found zero values for fields: Deposits
[2025-03-22 04:32:50,061] INFO: ctra (9/2018): Updated existing record with 12 non-zero financial metrics
[2025-03-22 04:32:50,075] WARNING: ctra (12/2018): Found zero values for fields: Deposits
[2025-03-22 04:32:50,087] INFO: ctra (12/2018): Updated existing record with 14 non-zero financial metrics
[2025-03-22 04:32:50,115] INFO: ctra (3/2019): Updated existing record with 15 non-zero financial metrics
[2025-03-22 04:32:50,141] INFO: ctra (6/2019): Updated existing record with 12 non-zero financial metrics
[2025-03-22 04:32:50,169] INFO: ctra (9/2019): Updated existing record with 12 non-zero financial metrics
[2025-03-22 04:32:50,196] INFO: ctra (12/2019): Updated existing record with 14 non-zero financial metrics
[2025-03-22 04:32:50,223] INFO: ctra (3/2020): Updated existing record with 16 non-zero financial metrics
[2025-03-22 04:32:50,251] INFO: ctra (6/2020): Updated existing record with 13 non-zero financial metrics
[2025-03-22 04:32:50,277] INFO: ctra (9/2020): Updated existing record with 13 non-zero financial metrics
[2025-03-22 04:32:50,305] INFO: ctra (12/2020): Updated existing record with 15 non-zero financial metrics
[2025-03-22 04:32:50,319] INFO: Trying adjusted date: 4/2021 (original: 3/2021)
[2025-03-22 04:32:50,331] WARNING: ctra (3/2021): No existing record found(3/2021, 2021-03-31) - creating new one
[2025-03-22 04:32:50,332] INFO: ctra (3/2021): Created new record with 16 non-zero financial metrics
[2025-03-22 04:32:50,346] INFO: Trying adjusted date: 7/2021 (original: 6/2021)
[2025-03-22 04:32:50,357] WARNING: ctra (6/2021): No existing record found(6/2021, 2021-06-30) - creating new one
[2025-03-22 04:32:50,357] INFO: ctra (6/2021): Created new record with 13 non-zero financial metrics
[2025-03-22 04:32:50,385] INFO: ctra (9/2021): Updated existing record with 13 non-zero financial metrics
[2025-03-22 04:32:50,411] INFO: ctra (12/2021): Updated existing record with 16 non-zero financial metrics
[2025-03-22 04:32:50,441] INFO: ctra (3/2022): Updated existing record with 16 non-zero financial metrics
[2025-03-22 04:32:50,468] INFO: ctra (6/2022): Updated existing record with 13 non-zero financial metrics
[2025-03-22 04:32:50,494] INFO: ctra (9/2022): Updated existing record with 14 non-zero financial metrics
[2025-03-22 04:32:50,522] INFO: ctra (12/2022): Updated existing record with 18 non-zero financial metrics
[2025-03-22 04:32:50,549] INFO: ctra (3/2023): Updated existing record with 18 non-zero financial metrics
[2025-03-22 04:32:50,577] INFO: ctra (6/2023): Updated existing record with 14 non-zero financial metrics
[2025-03-22 04:32:50,605] INFO: ctra (9/2023): Updated existing record with 14 non-zero financial metrics
[2025-03-22 04:32:50,634] INFO: ctra (12/2023): Updated existing record with 18 non-zero financial metrics
[2025-03-22 04:32:50,661] INFO: ctra (3/2024): Updated existing record with 18 non-zero financial metrics
[2025-03-22 04:32:50,689] INFO: ctra (6/2024): Updated existing record with 13 non-zero financial metrics
[2025-03-22 04:32:50,716] INFO: ctra (9/2024): Updated existing record with 13 non-zero financial metrics
[2025-03-22 04:32:50,730] INFO: Trying adjusted date: 1/2025 (original: 12/2024)
[2025-03-22 04:32:50,742] WARNING: ctra (12/2024): No existing record found(12/2024, 2024-12-31) - creating new one
[2025-03-22 04:32:50,743] INFO: ctra (12/2024): Created new record with 17 non-zero financial metrics
