[2025-03-22 10:22:01,003] INFO: Trying adjusted date: 7/2011 (original: 6/2011)
[2025-03-22 10:22:01,017] WARNING: cube (6/2011): No existing record found(6/2011, 2011-06-30) - creating new one
[2025-03-22 10:22:01,017] INFO: cube (6/2011): Created new record with 11 non-zero financial metrics
[2025-03-22 10:22:01,036] INFO: Trying adjusted date: 10/2011 (original: 9/2011)
[2025-03-22 10:22:01,049] WARNING: cube (9/2011): No existing record found(9/2011, 2011-09-30) - creating new one
[2025-03-22 10:22:01,049] INFO: cube (9/2011): Created new record with 10 non-zero financial metrics
[2025-03-22 10:22:01,066] INFO: Trying adjusted date: 1/2012 (original: 12/2011)
[2025-03-22 10:22:01,080] WARNING: cube (12/2011): No existing record found(12/2011, 2011-12-31) - creating new one
[2025-03-22 10:22:01,081] INFO: cube (12/2011): Created new record with 14 non-zero financial metrics
[2025-03-22 10:22:01,096] INFO: Trying adjusted date: 4/2012 (original: 3/2012)
[2025-03-22 10:22:01,110] WARNING: cube (3/2012): No existing record found(3/2012, 2012-03-31) - creating new one
[2025-03-22 10:22:01,111] INFO: cube (3/2012): Created new record with 13 non-zero financial metrics
[2025-03-22 10:22:01,127] INFO: Trying adjusted date: 7/2012 (original: 6/2012)
[2025-03-22 10:22:01,141] WARNING: cube (6/2012): No existing record found(6/2012, 2012-06-30) - creating new one
[2025-03-22 10:22:01,142] INFO: cube (6/2012): Created new record with 10 non-zero financial metrics
[2025-03-22 10:22:01,157] WARNING: cube (9/2012): Found zero values for fields: EPS Diluted
[2025-03-22 10:22:01,171] INFO: cube (9/2012): Updated existing record with 10 non-zero financial metrics
[2025-03-22 10:22:01,204] INFO: cube (12/2012): Updated existing record with 14 non-zero financial metrics
[2025-03-22 10:22:01,234] INFO: cube (3/2013): Updated existing record with 13 non-zero financial metrics
[2025-03-22 10:22:01,266] INFO: cube (6/2013): Updated existing record with 11 non-zero financial metrics
[2025-03-22 10:22:01,294] INFO: cube (9/2013): Updated existing record with 11 non-zero financial metrics
[2025-03-22 10:22:01,322] INFO: cube (12/2013): Updated existing record with 15 non-zero financial metrics
[2025-03-22 10:22:01,351] INFO: cube (3/2014): Updated existing record with 14 non-zero financial metrics
[2025-03-22 10:22:01,382] INFO: cube (6/2014): Updated existing record with 11 non-zero financial metrics
[2025-03-22 10:22:01,411] INFO: cube (9/2014): Updated existing record with 11 non-zero financial metrics
[2025-03-22 10:22:01,440] INFO: cube (12/2014): Updated existing record with 15 non-zero financial metrics
[2025-03-22 10:22:01,467] INFO: cube (3/2015): Updated existing record with 14 non-zero financial metrics
[2025-03-22 10:22:01,500] INFO: cube (6/2015): Updated existing record with 11 non-zero financial metrics
[2025-03-22 10:22:01,529] INFO: cube (9/2015): Updated existing record with 10 non-zero financial metrics
[2025-03-22 10:22:01,558] INFO: cube (12/2015): Updated existing record with 15 non-zero financial metrics
[2025-03-22 10:22:01,586] INFO: cube (3/2016): Updated existing record with 14 non-zero financial metrics
[2025-03-22 10:22:01,615] INFO: cube (6/2016): Updated existing record with 11 non-zero financial metrics
[2025-03-22 10:22:01,646] INFO: cube (9/2016): Updated existing record with 11 non-zero financial metrics
[2025-03-22 10:22:01,674] INFO: cube (12/2016): Updated existing record with 15 non-zero financial metrics
[2025-03-22 10:22:01,702] INFO: cube (3/2017): Updated existing record with 14 non-zero financial metrics
[2025-03-22 10:22:01,732] INFO: cube (6/2017): Updated existing record with 11 non-zero financial metrics
[2025-03-22 10:22:01,762] INFO: cube (9/2017): Updated existing record with 11 non-zero financial metrics
[2025-03-22 10:22:01,791] INFO: cube (12/2017): Updated existing record with 15 non-zero financial metrics
[2025-03-22 10:22:01,820] INFO: cube (3/2018): Updated existing record with 14 non-zero financial metrics
[2025-03-22 10:22:01,850] INFO: cube (6/2018): Updated existing record with 11 non-zero financial metrics
[2025-03-22 10:22:01,879] INFO: cube (9/2018): Updated existing record with 11 non-zero financial metrics
[2025-03-22 10:22:01,908] INFO: cube (12/2018): Updated existing record with 15 non-zero financial metrics
[2025-03-22 10:22:01,937] INFO: cube (3/2019): Updated existing record with 14 non-zero financial metrics
[2025-03-22 10:22:01,966] INFO: cube (6/2019): Updated existing record with 11 non-zero financial metrics
[2025-03-22 10:22:01,995] INFO: cube (9/2019): Updated existing record with 11 non-zero financial metrics
[2025-03-22 10:22:02,023] INFO: cube (12/2019): Updated existing record with 16 non-zero financial metrics
[2025-03-22 10:22:02,053] INFO: cube (3/2020): Updated existing record with 14 non-zero financial metrics
[2025-03-22 10:22:02,082] INFO: cube (6/2020): Updated existing record with 11 non-zero financial metrics
[2025-03-22 10:22:02,111] INFO: cube (9/2020): Updated existing record with 11 non-zero financial metrics
[2025-03-22 10:22:02,141] INFO: cube (12/2020): Updated existing record with 15 non-zero financial metrics
[2025-03-22 10:22:02,170] INFO: cube (3/2021): Updated existing record with 15 non-zero financial metrics
[2025-03-22 10:22:02,200] INFO: cube (6/2021): Updated existing record with 12 non-zero financial metrics
[2025-03-22 10:22:02,230] INFO: cube (9/2021): Updated existing record with 12 non-zero financial metrics
[2025-03-22 10:22:02,260] INFO: cube (12/2021): Updated existing record with 15 non-zero financial metrics
[2025-03-22 10:22:02,289] INFO: cube (3/2022): Updated existing record with 15 non-zero financial metrics
[2025-03-22 10:22:02,318] INFO: cube (6/2022): Updated existing record with 12 non-zero financial metrics
[2025-03-22 10:22:02,347] INFO: cube (9/2022): Updated existing record with 12 non-zero financial metrics
[2025-03-22 10:22:02,376] INFO: cube (12/2022): Updated existing record with 15 non-zero financial metrics
[2025-03-22 10:22:02,405] INFO: cube (3/2023): Updated existing record with 15 non-zero financial metrics
[2025-03-22 10:22:02,434] INFO: cube (6/2023): Updated existing record with 12 non-zero financial metrics
[2025-03-22 10:22:02,465] INFO: cube (9/2023): Updated existing record with 12 non-zero financial metrics
[2025-03-22 10:22:02,496] INFO: cube (12/2023): Updated existing record with 15 non-zero financial metrics
[2025-03-22 10:22:02,526] INFO: cube (3/2024): Updated existing record with 15 non-zero financial metrics
[2025-03-22 10:22:02,556] INFO: cube (6/2024): Updated existing record with 12 non-zero financial metrics
[2025-03-22 10:22:02,586] INFO: cube (9/2024): Updated existing record with 12 non-zero financial metrics
[2025-03-22 10:22:02,601] INFO: Trying adjusted date: 1/2025 (original: 12/2024)
[2025-03-22 10:22:02,615] WARNING: cube (12/2024): No existing record found(12/2024, 2024-12-31) - creating new one
[2025-03-22 10:22:02,616] INFO: cube (12/2024): Created new record with 15 non-zero financial metrics
