[2025-03-22 09:14:01,213] INFO: Trying adjusted date: 3/2010 (original: 2/2010)
[2025-03-22 09:14:01,225] WARNING: cuk (2/2010): No existing record found(2/2010, 2010-02-28) - creating new one
[2025-03-22 09:14:01,226] INFO: cuk (2/2010): Created new record with 17 non-zero financial metrics
[2025-03-22 09:14:01,241] INFO: Trying adjusted date: 6/2010 (original: 5/2010)
[2025-03-22 09:14:01,257] WARNING: cuk (5/2010): No existing record found(5/2010, 2010-05-31) - creating new one
[2025-03-22 09:14:01,258] INFO: cuk (5/2010): Created new record with 12 non-zero financial metrics
[2025-03-22 09:14:01,273] INFO: Trying adjusted date: 9/2010 (original: 8/2010)
[2025-03-22 09:14:01,287] WARNING: cuk (8/2010): No existing record found(8/2010, 2010-08-31) - creating new one
[2025-03-22 09:14:01,287] INFO: cuk (8/2010): Created new record with 11 non-zero financial metrics
[2025-03-22 09:14:01,303] INFO: Trying adjusted date: 12/2010 (original: 11/2010)
[2025-03-22 09:14:01,316] WARNING: cuk (11/2010): No existing record found(11/2010, 2010-11-30) - creating new one
[2025-03-22 09:14:01,317] INFO: cuk (11/2010): Created new record with 17 non-zero financial metrics
[2025-03-22 09:14:01,333] INFO: Trying adjusted date: 3/2011 (original: 2/2011)
[2025-03-22 09:14:01,346] WARNING: cuk (2/2011): No existing record found(2/2011, 2011-02-28) - creating new one
[2025-03-22 09:14:01,349] INFO: cuk (2/2011): Created new record with 15 non-zero financial metrics
[2025-03-22 09:14:01,365] INFO: Trying adjusted date: 6/2011 (original: 5/2011)
[2025-03-22 09:14:01,379] WARNING: cuk (5/2011): No existing record found(5/2011, 2011-05-31) - creating new one
[2025-03-22 09:14:01,380] INFO: cuk (5/2011): Created new record with 11 non-zero financial metrics
[2025-03-22 09:14:01,395] INFO: Trying adjusted date: 9/2011 (original: 8/2011)
[2025-03-22 09:14:01,409] WARNING: cuk (8/2011): No existing record found(8/2011, 2011-08-31) - creating new one
[2025-03-22 09:14:01,409] INFO: cuk (8/2011): Created new record with 11 non-zero financial metrics
[2025-03-22 09:14:01,425] INFO: Trying adjusted date: 12/2011 (original: 11/2011)
[2025-03-22 09:14:01,438] WARNING: cuk (11/2011): No existing record found(11/2011, 2011-11-30) - creating new one
[2025-03-22 09:14:01,439] INFO: cuk (11/2011): Created new record with 17 non-zero financial metrics
[2025-03-22 09:14:01,453] INFO: Trying adjusted date: 3/2012 (original: 2/2012)
[2025-03-22 09:14:01,467] WARNING: cuk (2/2012): No existing record found(2/2012, 2012-02-29) - creating new one
[2025-03-22 09:14:01,467] INFO: cuk (2/2012): Created new record with 15 non-zero financial metrics
[2025-03-22 09:14:01,482] INFO: Trying adjusted date: 6/2012 (original: 5/2012)
[2025-03-22 09:14:01,495] WARNING: cuk (5/2012): No existing record found(5/2012, 2012-05-31) - creating new one
[2025-03-22 09:14:01,495] INFO: cuk (5/2012): Created new record with 11 non-zero financial metrics
[2025-03-22 09:14:01,511] INFO: Trying adjusted date: 9/2012 (original: 8/2012)
[2025-03-22 09:14:01,524] WARNING: cuk (8/2012): No existing record found(8/2012, 2012-08-31) - creating new one
[2025-03-22 09:14:01,525] INFO: cuk (8/2012): Created new record with 11 non-zero financial metrics
[2025-03-22 09:14:01,540] INFO: Trying adjusted date: 12/2012 (original: 11/2012)
[2025-03-22 09:14:01,552] WARNING: cuk (11/2012): No existing record found(11/2012, 2012-11-30) - creating new one
[2025-03-22 09:14:01,553] INFO: cuk (11/2012): Created new record with 17 non-zero financial metrics
[2025-03-22 09:14:01,582] INFO: cuk (2/2013): Updated existing record with 16 non-zero financial metrics
[2025-03-22 09:14:01,597] INFO: Trying adjusted date: 6/2013 (original: 5/2013)
[2025-03-22 09:14:01,610] WARNING: cuk (5/2013): No existing record found(5/2013, 2013-05-31) - creating new one
[2025-03-22 09:14:01,611] INFO: cuk (5/2013): Created new record with 11 non-zero financial metrics
[2025-03-22 09:14:01,626] INFO: Trying adjusted date: 9/2013 (original: 8/2013)
[2025-03-22 09:14:01,640] WARNING: cuk (8/2013): No existing record found(8/2013, 2013-08-31) - creating new one
[2025-03-22 09:14:01,641] INFO: cuk (8/2013): Created new record with 11 non-zero financial metrics
[2025-03-22 09:14:01,655] INFO: Trying adjusted date: 12/2013 (original: 11/2013)
[2025-03-22 09:14:01,669] WARNING: cuk (11/2013): No existing record found(11/2013, 2013-11-30) - creating new one
[2025-03-22 09:14:01,669] INFO: cuk (11/2013): Created new record with 17 non-zero financial metrics
[2025-03-22 09:14:01,685] INFO: Trying adjusted date: 3/2014 (original: 2/2014)
[2025-03-22 09:14:01,699] WARNING: cuk (2/2014): Found zero values for fields: Share Repurchases
[2025-03-22 09:14:01,699] WARNING: cuk (2/2014): No existing record found(2/2014, 2014-02-28) - creating new one
[2025-03-22 09:14:01,700] INFO: cuk (2/2014): Created new record with 14 non-zero financial metrics
[2025-03-22 09:14:01,727] INFO: cuk (5/2014): Updated existing record with 10 non-zero financial metrics
[2025-03-22 09:14:01,756] INFO: cuk (8/2014): Updated existing record with 11 non-zero financial metrics
[2025-03-22 09:14:01,771] INFO: Trying adjusted date: 12/2014 (original: 11/2014)
[2025-03-22 09:14:01,785] WARNING: cuk (11/2014): Found zero values for fields: Share Repurchases
[2025-03-22 09:14:01,785] WARNING: cuk (11/2014): No existing record found(11/2014, 2014-11-30) - creating new one
[2025-03-22 09:14:01,785] INFO: cuk (11/2014): Created new record with 15 non-zero financial metrics
[2025-03-22 09:14:01,801] INFO: Trying adjusted date: 3/2015 (original: 2/2015)
[2025-03-22 09:14:01,814] WARNING: cuk (2/2015): No existing record found(2/2015, 2015-02-28) - creating new one
[2025-03-22 09:14:01,814] INFO: cuk (2/2015): Created new record with 15 non-zero financial metrics
[2025-03-22 09:14:01,844] INFO: cuk (8/2015): Updated existing record with 11 non-zero financial metrics
[2025-03-22 09:14:01,872] INFO: cuk (11/2015): Updated existing record with 16 non-zero financial metrics
[2025-03-22 09:14:01,887] INFO: Trying adjusted date: 3/2016 (original: 2/2016)
[2025-03-22 09:14:01,901] WARNING: cuk (2/2016): No existing record found(2/2016, 2016-02-29) - creating new one
[2025-03-22 09:14:01,901] INFO: cuk (2/2016): Created new record with 16 non-zero financial metrics
[2025-03-22 09:14:01,916] INFO: Trying adjusted date: 6/2016 (original: 5/2016)
[2025-03-22 09:14:01,930] WARNING: cuk (5/2016): No existing record found(5/2016, 2016-05-31) - creating new one
[2025-03-22 09:14:01,930] INFO: cuk (5/2016): Created new record with 11 non-zero financial metrics
[2025-03-22 09:14:01,946] INFO: Trying adjusted date: 9/2016 (original: 8/2016)
[2025-03-22 09:14:01,960] WARNING: cuk (8/2016): No existing record found(8/2016, 2016-08-31) - creating new one
[2025-03-22 09:14:01,960] INFO: cuk (8/2016): Created new record with 12 non-zero financial metrics
[2025-03-22 09:14:01,975] INFO: Trying adjusted date: 12/2016 (original: 11/2016)
[2025-03-22 09:14:01,989] WARNING: cuk (11/2016): No existing record found(11/2016, 2016-11-30) - creating new one
[2025-03-22 09:14:01,989] INFO: cuk (11/2016): Created new record with 17 non-zero financial metrics
[2025-03-22 09:14:02,004] INFO: Trying adjusted date: 3/2017 (original: 2/2017)
[2025-03-22 09:14:02,018] WARNING: cuk (2/2017): No existing record found(2/2017, 2017-02-28) - creating new one
[2025-03-22 09:14:02,018] INFO: cuk (2/2017): Created new record with 17 non-zero financial metrics
[2025-03-22 09:14:02,033] INFO: Trying adjusted date: 6/2017 (original: 5/2017)
[2025-03-22 09:14:02,048] WARNING: cuk (5/2017): No existing record found(5/2017, 2017-05-31) - creating new one
[2025-03-22 09:14:02,048] INFO: cuk (5/2017): Created new record with 12 non-zero financial metrics
[2025-03-22 09:14:02,063] INFO: Trying adjusted date: 9/2017 (original: 8/2017)
[2025-03-22 09:14:02,077] WARNING: cuk (8/2017): No existing record found(8/2017, 2017-08-31) - creating new one
[2025-03-22 09:14:02,077] INFO: cuk (8/2017): Created new record with 12 non-zero financial metrics
[2025-03-22 09:14:02,095] INFO: Trying adjusted date: 12/2017 (original: 11/2017)
[2025-03-22 09:14:02,109] WARNING: cuk (11/2017): No existing record found(11/2017, 2017-11-30) - creating new one
[2025-03-22 09:14:02,109] INFO: cuk (11/2017): Created new record with 17 non-zero financial metrics
[2025-03-22 09:14:02,125] INFO: Trying adjusted date: 3/2018 (original: 2/2018)
[2025-03-22 09:14:02,139] WARNING: cuk (2/2018): No existing record found(2/2018, 2018-02-28) - creating new one
[2025-03-22 09:14:02,139] INFO: cuk (2/2018): Created new record with 17 non-zero financial metrics
[2025-03-22 09:14:02,154] INFO: Trying adjusted date: 6/2018 (original: 5/2018)
[2025-03-22 09:14:02,168] WARNING: cuk (5/2018): No existing record found(5/2018, 2018-05-31) - creating new one
[2025-03-22 09:14:02,169] INFO: cuk (5/2018): Created new record with 12 non-zero financial metrics
[2025-03-22 09:14:02,186] INFO: Trying adjusted date: 9/2018 (original: 8/2018)
[2025-03-22 09:14:02,199] WARNING: cuk (8/2018): No existing record found(8/2018, 2018-08-31) - creating new one
[2025-03-22 09:14:02,200] INFO: cuk (8/2018): Created new record with 12 non-zero financial metrics
[2025-03-22 09:14:02,216] INFO: Trying adjusted date: 12/2018 (original: 11/2018)
[2025-03-22 09:14:02,232] WARNING: cuk (11/2018): No existing record found(11/2018, 2018-11-30) - creating new one
[2025-03-22 09:14:02,232] INFO: cuk (11/2018): Created new record with 17 non-zero financial metrics
[2025-03-22 09:14:02,248] INFO: Trying adjusted date: 3/2019 (original: 2/2019)
[2025-03-22 09:14:02,262] WARNING: cuk (2/2019): No existing record found(2/2019, 2019-02-28) - creating new one
[2025-03-22 09:14:02,263] INFO: cuk (2/2019): Created new record with 17 non-zero financial metrics
[2025-03-22 09:14:02,278] INFO: Trying adjusted date: 6/2019 (original: 5/2019)
[2025-03-22 09:14:02,292] WARNING: cuk (5/2019): No existing record found(5/2019, 2019-05-31) - creating new one
[2025-03-22 09:14:02,293] INFO: cuk (5/2019): Created new record with 12 non-zero financial metrics
[2025-03-22 09:14:02,309] INFO: Trying adjusted date: 9/2019 (original: 8/2019)
[2025-03-22 09:14:02,323] WARNING: cuk (8/2019): No existing record found(8/2019, 2019-08-31) - creating new one
[2025-03-22 09:14:02,323] INFO: cuk (8/2019): Created new record with 12 non-zero financial metrics
[2025-03-22 09:14:02,339] INFO: Trying adjusted date: 12/2019 (original: 11/2019)
[2025-03-22 09:14:02,352] WARNING: cuk (11/2019): No existing record found(11/2019, 2019-11-30) - creating new one
[2025-03-22 09:14:02,353] INFO: cuk (11/2019): Created new record with 17 non-zero financial metrics
[2025-03-22 09:14:02,372] INFO: Trying adjusted date: 3/2020 (original: 2/2020)
[2025-03-22 09:14:02,386] WARNING: cuk (2/2020): No existing record found(2/2020, 2020-02-29) - creating new one
[2025-03-22 09:14:02,386] INFO: cuk (2/2020): Created new record with 17 non-zero financial metrics
[2025-03-22 09:14:02,402] INFO: Trying adjusted date: 6/2020 (original: 5/2020)
[2025-03-22 09:14:02,417] WARNING: cuk (5/2020): No existing record found(5/2020, 2020-05-31) - creating new one
[2025-03-22 09:14:02,417] INFO: cuk (5/2020): Created new record with 12 non-zero financial metrics
[2025-03-22 09:14:02,434] INFO: Trying adjusted date: 9/2020 (original: 8/2020)
[2025-03-22 09:14:02,449] WARNING: cuk (8/2020): No existing record found(8/2020, 2020-08-31) - creating new one
[2025-03-22 09:14:02,449] INFO: cuk (8/2020): Created new record with 13 non-zero financial metrics
[2025-03-22 09:14:02,464] INFO: Trying adjusted date: 12/2020 (original: 11/2020)
[2025-03-22 09:14:02,478] WARNING: cuk (11/2020): No existing record found(11/2020, 2020-11-30) - creating new one
[2025-03-22 09:14:02,478] INFO: cuk (11/2020): Created new record with 16 non-zero financial metrics
[2025-03-22 09:14:02,493] INFO: Trying adjusted date: 3/2021 (original: 2/2021)
[2025-03-22 09:14:02,507] WARNING: cuk (2/2021): Found zero values for fields: Share Repurchases
[2025-03-22 09:14:02,507] WARNING: cuk (2/2021): No existing record found(2/2021, 2021-02-28) - creating new one
[2025-03-22 09:14:02,508] INFO: cuk (2/2021): Created new record with 17 non-zero financial metrics
[2025-03-22 09:14:02,523] INFO: Trying adjusted date: 6/2021 (original: 5/2021)
[2025-03-22 09:14:02,537] WARNING: cuk (5/2021): No existing record found(5/2021, 2021-05-31) - creating new one
[2025-03-22 09:14:02,538] INFO: cuk (5/2021): Created new record with 14 non-zero financial metrics
[2025-03-22 09:14:02,554] INFO: Trying adjusted date: 9/2021 (original: 8/2021)
[2025-03-22 09:14:02,568] WARNING: cuk (8/2021): No existing record found(8/2021, 2021-08-31) - creating new one
[2025-03-22 09:14:02,569] INFO: cuk (8/2021): Created new record with 14 non-zero financial metrics
[2025-03-22 09:14:02,584] INFO: Trying adjusted date: 12/2021 (original: 11/2021)
[2025-03-22 09:14:02,598] WARNING: cuk (11/2021): Found zero values for fields: Share Repurchases
[2025-03-22 09:14:02,598] WARNING: cuk (11/2021): No existing record found(11/2021, 2021-11-30) - creating new one
[2025-03-22 09:14:02,598] INFO: cuk (11/2021): Created new record with 15 non-zero financial metrics
[2025-03-22 09:14:02,614] INFO: Trying adjusted date: 3/2022 (original: 2/2022)
[2025-03-22 09:14:02,628] WARNING: cuk (2/2022): No existing record found(2/2022, 2022-02-28) - creating new one
[2025-03-22 09:14:02,629] INFO: cuk (2/2022): Created new record with 18 non-zero financial metrics
[2025-03-22 09:14:02,645] INFO: Trying adjusted date: 6/2022 (original: 5/2022)
[2025-03-22 09:14:02,660] WARNING: cuk (5/2022): No existing record found(5/2022, 2022-05-31) - creating new one
[2025-03-22 09:14:02,661] INFO: cuk (5/2022): Created new record with 14 non-zero financial metrics
[2025-03-22 09:14:02,675] INFO: Trying adjusted date: 9/2022 (original: 8/2022)
[2025-03-22 09:14:02,688] WARNING: cuk (8/2022): No existing record found(8/2022, 2022-08-31) - creating new one
[2025-03-22 09:14:02,689] INFO: cuk (8/2022): Created new record with 14 non-zero financial metrics
[2025-03-22 09:14:02,704] INFO: Trying adjusted date: 12/2022 (original: 11/2022)
[2025-03-22 09:14:02,717] WARNING: cuk (11/2022): Found zero values for fields: Share Repurchases
[2025-03-22 09:14:02,717] WARNING: cuk (11/2022): No existing record found(11/2022, 2022-11-30) - creating new one
[2025-03-22 09:14:02,718] INFO: cuk (11/2022): Created new record with 16 non-zero financial metrics
[2025-03-22 09:14:02,732] INFO: Trying adjusted date: 3/2023 (original: 2/2023)
[2025-03-22 09:14:02,746] WARNING: cuk (2/2023): No existing record found(2/2023, 2023-02-28) - creating new one
[2025-03-22 09:14:02,747] INFO: cuk (2/2023): Created new record with 18 non-zero financial metrics
[2025-03-22 09:14:02,763] INFO: Trying adjusted date: 6/2023 (original: 5/2023)
[2025-03-22 09:14:02,776] WARNING: cuk (5/2023): No existing record found(5/2023, 2023-05-31) - creating new one
[2025-03-22 09:14:02,776] INFO: cuk (5/2023): Created new record with 14 non-zero financial metrics
[2025-03-22 09:14:02,791] INFO: Trying adjusted date: 9/2023 (original: 8/2023)
[2025-03-22 09:14:02,804] WARNING: cuk (8/2023): No existing record found(8/2023, 2023-08-31) - creating new one
[2025-03-22 09:14:02,805] INFO: cuk (8/2023): Created new record with 14 non-zero financial metrics
[2025-03-22 09:14:02,821] INFO: Trying adjusted date: 12/2023 (original: 11/2023)
[2025-03-22 09:14:02,834] WARNING: cuk (11/2023): No existing record found(11/2023, 2023-11-30) - creating new one
[2025-03-22 09:14:02,835] INFO: cuk (11/2023): Created new record with 18 non-zero financial metrics
[2025-03-22 09:14:02,849] INFO: Trying adjusted date: 3/2024 (original: 2/2024)
[2025-03-22 09:14:02,863] WARNING: cuk (2/2024): No existing record found(2/2024, 2024-02-29) - creating new one
[2025-03-22 09:14:02,864] INFO: cuk (2/2024): Created new record with 18 non-zero financial metrics
[2025-03-22 09:14:02,879] INFO: Trying adjusted date: 6/2024 (original: 5/2024)
[2025-03-22 09:14:02,892] WARNING: cuk (5/2024): No existing record found(5/2024, 2024-05-31) - creating new one
[2025-03-22 09:14:02,893] INFO: cuk (5/2024): Created new record with 13 non-zero financial metrics
[2025-03-22 09:14:02,908] INFO: Trying adjusted date: 9/2024 (original: 8/2024)
[2025-03-22 09:14:02,922] WARNING: cuk (8/2024): No existing record found(8/2024, 2024-08-31) - creating new one
[2025-03-22 09:14:02,922] INFO: cuk (8/2024): Created new record with 13 non-zero financial metrics
[2025-03-22 09:14:02,937] INFO: Trying adjusted date: 12/2024 (original: 11/2024)
[2025-03-22 09:14:02,950] WARNING: cuk (11/2024): No existing record found(11/2024, 2024-11-30) - creating new one
[2025-03-22 09:14:02,950] INFO: cuk (11/2024): Created new record with 17 non-zero financial metrics
