[2025-03-21 21:46:38,692] INFO: Trying adjusted date: 4/2010 (original: 3/2010)
[2025-03-21 21:46:38,703] WARNING: cvx (3/2010): No existing record found(3/2010, 2010-03-31) - creating new one
[2025-03-21 21:46:38,707] INFO: cvx (3/2010): Created new record with 14 non-zero financial metrics
[2025-03-21 21:46:38,719] INFO: Trying adjusted date: 7/2010 (original: 6/2010)
[2025-03-21 21:46:38,731] WARNING: cvx (6/2010): No existing record found(6/2010, 2010-06-30) - creating new one
[2025-03-21 21:46:38,731] INFO: cvx (6/2010): Created new record with 11 non-zero financial metrics
[2025-03-21 21:46:38,744] INFO: Trying adjusted date: 10/2010 (original: 9/2010)
[2025-03-21 21:46:38,755] WARNING: cvx (9/2010): No existing record found(9/2010, 2010-09-30) - creating new one
[2025-03-21 21:46:38,756] INFO: cvx (9/2010): Created new record with 11 non-zero financial metrics
[2025-03-21 21:46:38,768] INFO: Trying adjusted date: 1/2011 (original: 12/2010)
[2025-03-21 21:46:38,781] WARNING: cvx (12/2010): No existing record found(12/2010, 2010-12-31) - creating new one
[2025-03-21 21:46:38,781] INFO: cvx (12/2010): Created new record with 16 non-zero financial metrics
[2025-03-21 21:46:38,794] INFO: Trying adjusted date: 4/2011 (original: 3/2011)
[2025-03-21 21:46:38,806] WARNING: cvx (3/2011): No existing record found(3/2011, 2011-03-31) - creating new one
[2025-03-21 21:46:38,807] INFO: cvx (3/2011): Created new record with 14 non-zero financial metrics
[2025-03-21 21:46:38,819] INFO: Trying adjusted date: 7/2011 (original: 6/2011)
[2025-03-21 21:46:38,833] WARNING: cvx (6/2011): No existing record found(6/2011, 2011-06-30) - creating new one
[2025-03-21 21:46:38,834] INFO: cvx (6/2011): Created new record with 10 non-zero financial metrics
[2025-03-21 21:46:38,846] INFO: Trying adjusted date: 10/2011 (original: 9/2011)
[2025-03-21 21:46:38,859] WARNING: cvx (9/2011): No existing record found(9/2011, 2011-09-30) - creating new one
[2025-03-21 21:46:38,859] INFO: cvx (9/2011): Created new record with 10 non-zero financial metrics
[2025-03-21 21:46:38,872] INFO: Trying adjusted date: 1/2012 (original: 12/2011)
[2025-03-21 21:46:38,884] WARNING: cvx (12/2011): No existing record found(12/2011, 2011-12-31) - creating new one
[2025-03-21 21:46:38,885] INFO: cvx (12/2011): Created new record with 15 non-zero financial metrics
[2025-03-21 21:46:38,898] INFO: Trying adjusted date: 4/2012 (original: 3/2012)
[2025-03-21 21:46:38,909] WARNING: cvx (3/2012): No existing record found(3/2012, 2012-03-31) - creating new one
[2025-03-21 21:46:38,910] INFO: cvx (3/2012): Created new record with 14 non-zero financial metrics
[2025-03-21 21:46:38,922] INFO: Trying adjusted date: 7/2012 (original: 6/2012)
[2025-03-21 21:46:38,933] WARNING: cvx (6/2012): No existing record found(6/2012, 2012-06-30) - creating new one
[2025-03-21 21:46:38,934] INFO: cvx (6/2012): Created new record with 10 non-zero financial metrics
[2025-03-21 21:46:38,958] INFO: cvx (9/2012): Updated existing record with 10 non-zero financial metrics
[2025-03-21 21:46:38,971] WARNING: cvx (12/2012): Found zero values for fields: Interest Expense
[2025-03-21 21:46:38,984] INFO: cvx (12/2012): Updated existing record with 16 non-zero financial metrics
[2025-03-21 21:46:39,008] INFO: cvx (3/2013): Updated existing record with 14 non-zero financial metrics
[2025-03-21 21:46:39,032] INFO: cvx (6/2013): Updated existing record with 10 non-zero financial metrics
[2025-03-21 21:46:39,058] INFO: cvx (9/2013): Updated existing record with 10 non-zero financial metrics
[2025-03-21 21:46:39,073] WARNING: cvx (12/2013): Found zero values for fields: Interest Expense
[2025-03-21 21:46:39,084] INFO: cvx (12/2013): Updated existing record with 16 non-zero financial metrics
[2025-03-21 21:46:39,110] INFO: cvx (3/2014): Updated existing record with 14 non-zero financial metrics
[2025-03-21 21:46:39,134] INFO: cvx (6/2014): Updated existing record with 11 non-zero financial metrics
[2025-03-21 21:46:39,161] INFO: cvx (9/2014): Updated existing record with 11 non-zero financial metrics
[2025-03-21 21:46:39,174] WARNING: cvx (12/2014): Found zero values for fields: Interest Expense
[2025-03-21 21:46:39,185] INFO: cvx (12/2014): Updated existing record with 16 non-zero financial metrics
[2025-03-21 21:46:39,212] INFO: cvx (3/2015): Updated existing record with 15 non-zero financial metrics
[2025-03-21 21:46:39,235] INFO: cvx (6/2015): Updated existing record with 11 non-zero financial metrics
[2025-03-21 21:46:39,262] INFO: cvx (9/2015): Updated existing record with 11 non-zero financial metrics
[2025-03-21 21:46:39,275] WARNING: cvx (12/2015): Found zero values for fields: Interest Expense
[2025-03-21 21:46:39,286] INFO: cvx (12/2015): Updated existing record with 16 non-zero financial metrics
[2025-03-21 21:46:39,310] INFO: cvx (3/2016): Updated existing record with 14 non-zero financial metrics
[2025-03-21 21:46:39,333] INFO: cvx (6/2016): Updated existing record with 11 non-zero financial metrics
[2025-03-21 21:46:39,357] INFO: cvx (9/2016): Updated existing record with 11 non-zero financial metrics
[2025-03-21 21:46:39,380] INFO: cvx (12/2016): Updated existing record with 17 non-zero financial metrics
[2025-03-21 21:46:39,405] INFO: cvx (3/2017): Updated existing record with 15 non-zero financial metrics
[2025-03-21 21:46:39,429] INFO: cvx (6/2017): Updated existing record with 11 non-zero financial metrics
[2025-03-21 21:46:39,453] INFO: cvx (9/2017): Updated existing record with 11 non-zero financial metrics
[2025-03-21 21:46:39,478] INFO: cvx (12/2017): Updated existing record with 17 non-zero financial metrics
[2025-03-21 21:46:39,501] INFO: cvx (3/2018): Updated existing record with 15 non-zero financial metrics
[2025-03-21 21:46:39,525] INFO: cvx (6/2018): Updated existing record with 12 non-zero financial metrics
[2025-03-21 21:46:39,549] INFO: cvx (9/2018): Updated existing record with 12 non-zero financial metrics
[2025-03-21 21:46:39,572] INFO: cvx (12/2018): Updated existing record with 18 non-zero financial metrics
[2025-03-21 21:46:39,597] INFO: cvx (3/2019): Updated existing record with 16 non-zero financial metrics
[2025-03-21 21:46:39,621] INFO: cvx (6/2019): Updated existing record with 12 non-zero financial metrics
[2025-03-21 21:46:39,647] INFO: cvx (9/2019): Updated existing record with 12 non-zero financial metrics
[2025-03-21 21:46:39,671] INFO: cvx (12/2019): Updated existing record with 17 non-zero financial metrics
[2025-03-21 21:46:39,697] INFO: cvx (3/2020): Updated existing record with 16 non-zero financial metrics
[2025-03-21 21:46:39,721] INFO: cvx (6/2020): Updated existing record with 12 non-zero financial metrics
[2025-03-21 21:46:39,746] INFO: cvx (9/2020): Updated existing record with 12 non-zero financial metrics
[2025-03-21 21:46:39,769] INFO: cvx (12/2020): Updated existing record with 18 non-zero financial metrics
[2025-03-21 21:46:39,798] INFO: cvx (3/2021): Updated existing record with 16 non-zero financial metrics
[2025-03-21 21:46:39,824] INFO: cvx (6/2021): Updated existing record with 12 non-zero financial metrics
[2025-03-21 21:46:39,848] INFO: cvx (9/2021): Updated existing record with 12 non-zero financial metrics
[2025-03-21 21:46:39,874] INFO: cvx (12/2021): Updated existing record with 18 non-zero financial metrics
[2025-03-21 21:46:39,898] INFO: cvx (3/2022): Updated existing record with 16 non-zero financial metrics
[2025-03-21 21:46:39,923] INFO: cvx (6/2022): Updated existing record with 13 non-zero financial metrics
[2025-03-21 21:46:39,948] INFO: cvx (9/2022): Updated existing record with 13 non-zero financial metrics
[2025-03-21 21:46:39,975] INFO: cvx (12/2022): Updated existing record with 18 non-zero financial metrics
[2025-03-21 21:46:40,000] INFO: cvx (3/2023): Updated existing record with 17 non-zero financial metrics
[2025-03-21 21:46:40,027] INFO: cvx (6/2023): Updated existing record with 13 non-zero financial metrics
[2025-03-21 21:46:40,057] INFO: cvx (9/2023): Updated existing record with 13 non-zero financial metrics
[2025-03-21 21:46:40,082] INFO: cvx (12/2023): Updated existing record with 18 non-zero financial metrics
[2025-03-21 21:46:40,106] INFO: cvx (3/2024): Updated existing record with 17 non-zero financial metrics
[2025-03-21 21:46:40,132] INFO: cvx (6/2024): Updated existing record with 13 non-zero financial metrics
[2025-03-21 21:46:40,157] INFO: cvx (9/2024): Updated existing record with 12 non-zero financial metrics
[2025-03-21 21:46:40,181] INFO: cvx (12/2024): Updated existing record with 17 non-zero financial metrics
