[2025-03-22 14:39:40,521] INFO: Trying adjusted date: 7/2010 (original: 6/2010)
[2025-03-22 14:39:40,534] WARNING: cw (6/2010): No existing record found(6/2010, 2010-06-30) - creating new one
[2025-03-22 14:39:40,535] INFO: cw (6/2010): Created new record with 17 non-zero financial metrics
[2025-03-22 14:39:40,552] INFO: Trying adjusted date: 10/2010 (original: 9/2010)
[2025-03-22 14:39:40,566] WARNING: cw (9/2010): No existing record found(9/2010, 2010-09-30) - creating new one
[2025-03-22 14:39:40,566] INFO: cw (9/2010): Created new record with 17 non-zero financial metrics
[2025-03-22 14:39:40,583] INFO: Trying adjusted date: 1/2011 (original: 12/2010)
[2025-03-22 14:39:40,596] WARNING: cw (12/2010): No existing record found(12/2010, 2010-12-31) - creating new one
[2025-03-22 14:39:40,597] INFO: cw (12/2010): Created new record with 21 non-zero financial metrics
[2025-03-22 14:39:40,613] INFO: Trying adjusted date: 4/2011 (original: 3/2011)
[2025-03-22 14:39:40,627] WARNING: cw (3/2011): No existing record found(3/2011, 2011-03-31) - creating new one
[2025-03-22 14:39:40,628] INFO: cw (3/2011): Created new record with 21 non-zero financial metrics
[2025-03-22 14:39:40,644] INFO: Trying adjusted date: 7/2011 (original: 6/2011)
[2025-03-22 14:39:40,658] WARNING: cw (6/2011): No existing record found(6/2011, 2011-06-30) - creating new one
[2025-03-22 14:39:40,659] INFO: cw (6/2011): Created new record with 19 non-zero financial metrics
[2025-03-22 14:39:40,676] INFO: Trying adjusted date: 10/2011 (original: 9/2011)
[2025-03-22 14:39:40,691] WARNING: cw (9/2011): No existing record found(9/2011, 2011-09-30) - creating new one
[2025-03-22 14:39:40,691] INFO: cw (9/2011): Created new record with 19 non-zero financial metrics
[2025-03-22 14:39:40,707] INFO: Trying adjusted date: 1/2012 (original: 12/2011)
[2025-03-22 14:39:40,722] WARNING: cw (12/2011): No existing record found(12/2011, 2011-12-31) - creating new one
[2025-03-22 14:39:40,722] INFO: cw (12/2011): Created new record with 25 non-zero financial metrics
[2025-03-22 14:39:40,739] INFO: Trying adjusted date: 4/2012 (original: 3/2012)
[2025-03-22 14:39:40,753] WARNING: cw (3/2012): No existing record found(3/2012, 2012-03-31) - creating new one
[2025-03-22 14:39:40,753] INFO: cw (3/2012): Created new record with 23 non-zero financial metrics
[2025-03-22 14:39:40,769] INFO: Trying adjusted date: 7/2012 (original: 6/2012)
[2025-03-22 14:39:40,784] WARNING: cw (6/2012): No existing record found(6/2012, 2012-06-30) - creating new one
[2025-03-22 14:39:40,785] INFO: cw (6/2012): Created new record with 20 non-zero financial metrics
[2025-03-22 14:39:40,815] INFO: cw (9/2012): Updated existing record with 20 non-zero financial metrics
[2025-03-22 14:39:40,844] INFO: cw (12/2012): Updated existing record with 24 non-zero financial metrics
[2025-03-22 14:39:40,873] INFO: cw (3/2013): Updated existing record with 23 non-zero financial metrics
[2025-03-22 14:39:40,904] INFO: cw (6/2013): Updated existing record with 20 non-zero financial metrics
[2025-03-22 14:39:40,934] INFO: cw (9/2013): Updated existing record with 20 non-zero financial metrics
[2025-03-22 14:39:40,950] WARNING: cw (12/2013): Found zero values for fields: Share Repurchases
[2025-03-22 14:39:40,964] INFO: cw (12/2013): Updated existing record with 23 non-zero financial metrics
[2025-03-22 14:39:40,995] INFO: cw (3/2014): Updated existing record with 24 non-zero financial metrics
[2025-03-22 14:39:41,024] INFO: cw (6/2014): Updated existing record with 20 non-zero financial metrics
[2025-03-22 14:39:41,055] INFO: cw (9/2014): Updated existing record with 20 non-zero financial metrics
[2025-03-22 14:39:41,085] INFO: cw (12/2014): Updated existing record with 24 non-zero financial metrics
[2025-03-22 14:39:41,116] INFO: cw (3/2015): Updated existing record with 24 non-zero financial metrics
[2025-03-22 14:39:41,145] INFO: cw (6/2015): Updated existing record with 20 non-zero financial metrics
[2025-03-22 14:39:41,174] INFO: cw (9/2015): Updated existing record with 20 non-zero financial metrics
[2025-03-22 14:39:41,205] INFO: cw (12/2015): Updated existing record with 24 non-zero financial metrics
[2025-03-22 14:39:41,235] INFO: cw (3/2016): Updated existing record with 25 non-zero financial metrics
[2025-03-22 14:39:41,266] INFO: cw (6/2016): Updated existing record with 20 non-zero financial metrics
[2025-03-22 14:39:41,296] INFO: cw (9/2016): Updated existing record with 20 non-zero financial metrics
[2025-03-22 14:39:41,325] INFO: cw (12/2016): Updated existing record with 25 non-zero financial metrics
[2025-03-22 14:39:41,356] INFO: cw (3/2017): Updated existing record with 25 non-zero financial metrics
[2025-03-22 14:39:41,387] INFO: cw (6/2017): Updated existing record with 20 non-zero financial metrics
[2025-03-22 14:39:41,416] INFO: cw (9/2017): Updated existing record with 20 non-zero financial metrics
[2025-03-22 14:39:41,447] INFO: cw (12/2017): Updated existing record with 25 non-zero financial metrics
[2025-03-22 14:39:41,476] INFO: cw (3/2018): Updated existing record with 25 non-zero financial metrics
[2025-03-22 14:39:41,506] INFO: cw (6/2018): Updated existing record with 20 non-zero financial metrics
[2025-03-22 14:39:41,537] INFO: cw (9/2018): Updated existing record with 20 non-zero financial metrics
[2025-03-22 14:39:41,572] INFO: cw (12/2018): Updated existing record with 25 non-zero financial metrics
[2025-03-22 14:39:41,602] INFO: cw (3/2019): Updated existing record with 25 non-zero financial metrics
[2025-03-22 14:39:41,634] INFO: cw (6/2019): Updated existing record with 20 non-zero financial metrics
[2025-03-22 14:39:41,663] INFO: cw (9/2019): Updated existing record with 20 non-zero financial metrics
[2025-03-22 14:39:41,694] INFO: cw (12/2019): Updated existing record with 25 non-zero financial metrics
[2025-03-22 14:39:41,726] INFO: cw (3/2020): Updated existing record with 25 non-zero financial metrics
[2025-03-22 14:39:41,758] INFO: cw (6/2020): Updated existing record with 20 non-zero financial metrics
[2025-03-22 14:39:41,790] INFO: cw (9/2020): Updated existing record with 20 non-zero financial metrics
[2025-03-22 14:39:41,820] INFO: cw (12/2020): Updated existing record with 24 non-zero financial metrics
[2025-03-22 14:39:41,851] INFO: cw (3/2021): Updated existing record with 24 non-zero financial metrics
[2025-03-22 14:39:41,881] INFO: cw (6/2021): Updated existing record with 19 non-zero financial metrics
[2025-03-22 14:39:41,911] INFO: cw (9/2021): Updated existing record with 19 non-zero financial metrics
[2025-03-22 14:39:41,941] INFO: cw (12/2021): Updated existing record with 23 non-zero financial metrics
[2025-03-22 14:39:41,971] INFO: cw (3/2022): Updated existing record with 24 non-zero financial metrics
[2025-03-22 14:39:42,001] INFO: cw (6/2022): Updated existing record with 19 non-zero financial metrics
[2025-03-22 14:39:42,031] INFO: cw (9/2022): Updated existing record with 19 non-zero financial metrics
[2025-03-22 14:39:42,062] INFO: cw (12/2022): Updated existing record with 22 non-zero financial metrics
[2025-03-22 14:39:42,094] INFO: cw (3/2023): Updated existing record with 24 non-zero financial metrics
[2025-03-22 14:39:42,123] INFO: cw (6/2023): Updated existing record with 18 non-zero financial metrics
[2025-03-22 14:39:42,153] INFO: cw (9/2023): Updated existing record with 18 non-zero financial metrics
[2025-03-22 14:39:42,182] INFO: cw (12/2023): Updated existing record with 23 non-zero financial metrics
[2025-03-22 14:39:42,212] INFO: cw (3/2024): Updated existing record with 24 non-zero financial metrics
[2025-03-22 14:39:42,242] INFO: cw (6/2024): Updated existing record with 18 non-zero financial metrics
[2025-03-22 14:39:42,272] INFO: cw (9/2024): Updated existing record with 18 non-zero financial metrics
[2025-03-22 14:39:42,288] INFO: Trying adjusted date: 1/2025 (original: 12/2024)
[2025-03-22 14:39:42,302] WARNING: cw (12/2024): No existing record found(12/2024, 2024-12-31) - creating new one
[2025-03-22 14:39:42,303] INFO: cw (12/2024): Created new record with 22 non-zero financial metrics
