[2025-03-22 00:22:19,953] INFO: Trying adjusted date: 4/2010 (original: 3/2010)
[2025-03-22 00:22:19,964] WARNING: d (3/2010): No existing record found(3/2010, 2010-03-31) - creating new one
[2025-03-22 00:22:19,965] INFO: d (3/2010): Created new record with 16 non-zero financial metrics
[2025-03-22 00:22:19,979] INFO: Trying adjusted date: 7/2010 (original: 6/2010)
[2025-03-22 00:22:19,991] WARNING: d (6/2010): No existing record found(6/2010, 2010-06-30) - creating new one
[2025-03-22 00:22:19,991] INFO: d (6/2010): Created new record with 11 non-zero financial metrics
[2025-03-22 00:22:20,004] INFO: Trying adjusted date: 10/2010 (original: 9/2010)
[2025-03-22 00:22:20,015] WARNING: d (9/2010): No existing record found(9/2010, 2010-09-30) - creating new one
[2025-03-22 00:22:20,016] INFO: d (9/2010): Created new record with 12 non-zero financial metrics
[2025-03-22 00:22:20,031] INFO: Trying adjusted date: 1/2011 (original: 12/2010)
[2025-03-22 00:22:20,042] WARNING: d (12/2010): No existing record found(12/2010, 2010-12-31) - creating new one
[2025-03-22 00:22:20,043] INFO: d (12/2010): Created new record with 16 non-zero financial metrics
[2025-03-22 00:22:20,056] INFO: Trying adjusted date: 4/2011 (original: 3/2011)
[2025-03-22 00:22:20,067] WARNING: d (3/2011): No existing record found(3/2011, 2011-03-31) - creating new one
[2025-03-22 00:22:20,068] INFO: d (3/2011): Created new record with 17 non-zero financial metrics
[2025-03-22 00:22:20,081] INFO: Trying adjusted date: 7/2011 (original: 6/2011)
[2025-03-22 00:22:20,093] WARNING: d (6/2011): No existing record found(6/2011, 2011-06-30) - creating new one
[2025-03-22 00:22:20,093] INFO: d (6/2011): Created new record with 12 non-zero financial metrics
[2025-03-22 00:22:20,107] INFO: Trying adjusted date: 10/2011 (original: 9/2011)
[2025-03-22 00:22:20,118] WARNING: d (9/2011): No existing record found(9/2011, 2011-09-30) - creating new one
[2025-03-22 00:22:20,119] INFO: d (9/2011): Created new record with 12 non-zero financial metrics
[2025-03-22 00:22:20,131] INFO: Trying adjusted date: 1/2012 (original: 12/2011)
[2025-03-22 00:22:20,143] WARNING: d (12/2011): No existing record found(12/2011, 2011-12-31) - creating new one
[2025-03-22 00:22:20,143] INFO: d (12/2011): Created new record with 16 non-zero financial metrics
[2025-03-22 00:22:20,156] INFO: Trying adjusted date: 4/2012 (original: 3/2012)
[2025-03-22 00:22:20,168] WARNING: d (3/2012): Found zero values for fields: Share Repurchases
[2025-03-22 00:22:20,168] WARNING: d (3/2012): No existing record found(3/2012, 2012-03-31) - creating new one
[2025-03-22 00:22:20,169] INFO: d (3/2012): Created new record with 16 non-zero financial metrics
[2025-03-22 00:22:20,180] INFO: Trying adjusted date: 7/2012 (original: 6/2012)
[2025-03-22 00:22:20,192] WARNING: d (6/2012): No existing record found(6/2012, 2012-06-30) - creating new one
[2025-03-22 00:22:20,192] INFO: d (6/2012): Created new record with 12 non-zero financial metrics
[2025-03-22 00:22:20,216] INFO: d (9/2012): Updated existing record with 12 non-zero financial metrics
[2025-03-22 00:22:20,229] WARNING: d (12/2012): Found zero values for fields: Share Repurchases
[2025-03-22 00:22:20,241] INFO: d (12/2012): Updated existing record with 16 non-zero financial metrics
[2025-03-22 00:22:20,265] INFO: d (3/2013): Updated existing record with 16 non-zero financial metrics
[2025-03-22 00:22:20,290] INFO: d (6/2013): Updated existing record with 12 non-zero financial metrics
[2025-03-22 00:22:20,314] INFO: d (9/2013): Updated existing record with 12 non-zero financial metrics
[2025-03-22 00:22:20,328] WARNING: d (12/2013): Found zero values for fields: Share Repurchases
[2025-03-22 00:22:20,340] INFO: d (12/2013): Updated existing record with 16 non-zero financial metrics
[2025-03-22 00:22:20,364] INFO: d (3/2014): Updated existing record with 16 non-zero financial metrics
[2025-03-22 00:22:20,389] INFO: d (6/2014): Updated existing record with 12 non-zero financial metrics
[2025-03-22 00:22:20,414] INFO: d (9/2014): Updated existing record with 12 non-zero financial metrics
[2025-03-22 00:22:20,438] INFO: d (12/2014): Updated existing record with 16 non-zero financial metrics
[2025-03-22 00:22:20,463] INFO: d (3/2015): Updated existing record with 15 non-zero financial metrics
[2025-03-22 00:22:20,486] INFO: d (6/2015): Updated existing record with 12 non-zero financial metrics
[2025-03-22 00:22:20,510] INFO: d (9/2015): Updated existing record with 12 non-zero financial metrics
[2025-03-22 00:22:20,538] INFO: d (12/2015): Updated existing record with 16 non-zero financial metrics
[2025-03-22 00:22:20,563] INFO: d (3/2016): Updated existing record with 15 non-zero financial metrics
[2025-03-22 00:22:20,589] INFO: d (6/2016): Updated existing record with 12 non-zero financial metrics
[2025-03-22 00:22:20,613] INFO: d (9/2016): Updated existing record with 12 non-zero financial metrics
[2025-03-22 00:22:20,638] INFO: d (12/2016): Updated existing record with 16 non-zero financial metrics
[2025-03-22 00:22:20,664] INFO: d (3/2017): Updated existing record with 16 non-zero financial metrics
[2025-03-22 00:22:20,688] INFO: d (6/2017): Updated existing record with 12 non-zero financial metrics
[2025-03-22 00:22:20,712] INFO: d (9/2017): Updated existing record with 12 non-zero financial metrics
[2025-03-22 00:22:20,737] INFO: d (12/2017): Updated existing record with 16 non-zero financial metrics
[2025-03-22 00:22:20,761] INFO: d (3/2018): Updated existing record with 17 non-zero financial metrics
[2025-03-22 00:22:20,785] INFO: d (6/2018): Updated existing record with 13 non-zero financial metrics
[2025-03-22 00:22:20,809] INFO: d (9/2018): Updated existing record with 13 non-zero financial metrics
[2025-03-22 00:22:20,835] INFO: d (12/2018): Updated existing record with 16 non-zero financial metrics
[2025-03-22 00:22:20,860] INFO: d (3/2019): Updated existing record with 17 non-zero financial metrics
[2025-03-22 00:22:20,885] INFO: d (6/2019): Updated existing record with 13 non-zero financial metrics
[2025-03-22 00:22:20,909] INFO: d (9/2019): Updated existing record with 13 non-zero financial metrics
[2025-03-22 00:22:20,933] INFO: d (12/2019): Updated existing record with 16 non-zero financial metrics
[2025-03-22 00:22:20,957] INFO: d (3/2020): Updated existing record with 18 non-zero financial metrics
[2025-03-22 00:22:20,982] INFO: d (6/2020): Updated existing record with 13 non-zero financial metrics
[2025-03-22 00:22:21,007] INFO: d (9/2020): Updated existing record with 12 non-zero financial metrics
[2025-03-22 00:22:21,031] INFO: d (12/2020): Updated existing record with 15 non-zero financial metrics
[2025-03-22 00:22:21,057] INFO: d (3/2021): Updated existing record with 15 non-zero financial metrics
[2025-03-22 00:22:21,081] INFO: d (6/2021): Updated existing record with 12 non-zero financial metrics
[2025-03-22 00:22:21,106] INFO: d (9/2021): Updated existing record with 12 non-zero financial metrics
[2025-03-22 00:22:21,131] INFO: d (12/2021): Updated existing record with 14 non-zero financial metrics
[2025-03-22 00:22:21,155] INFO: d (3/2022): Updated existing record with 15 non-zero financial metrics
[2025-03-22 00:22:21,179] INFO: d (6/2022): Updated existing record with 12 non-zero financial metrics
[2025-03-22 00:22:21,204] INFO: d (9/2022): Updated existing record with 12 non-zero financial metrics
[2025-03-22 00:22:21,229] INFO: d (12/2022): Updated existing record with 15 non-zero financial metrics
[2025-03-22 00:22:21,255] INFO: d (3/2023): Updated existing record with 15 non-zero financial metrics
[2025-03-22 00:22:21,279] INFO: d (6/2023): Updated existing record with 12 non-zero financial metrics
[2025-03-22 00:22:21,304] INFO: d (9/2023): Updated existing record with 12 non-zero financial metrics
[2025-03-22 00:22:21,328] INFO: d (12/2023): Updated existing record with 15 non-zero financial metrics
[2025-03-22 00:22:21,353] INFO: d (3/2024): Updated existing record with 15 non-zero financial metrics
[2025-03-22 00:22:21,377] INFO: d (6/2024): Updated existing record with 12 non-zero financial metrics
[2025-03-22 00:22:21,402] INFO: d (9/2024): Updated existing record with 12 non-zero financial metrics
[2025-03-22 00:22:21,415] INFO: Trying adjusted date: 1/2025 (original: 12/2024)
[2025-03-22 00:22:21,427] WARNING: d (12/2024): No existing record found(12/2024, 2024-12-31) - creating new one
[2025-03-22 00:22:21,427] INFO: d (12/2024): Created new record with 15 non-zero financial metrics
