[2025-03-22 03:59:25,122] INFO: dd (9/2017): Updated existing record with 14 non-zero financial metrics
[2025-03-22 03:59:25,137] INFO: Trying adjusted date: 1/2018 (original: 12/2017)
[2025-03-22 03:59:25,149] WARNING: dd (12/2017): No existing record found(12/2017, 2017-12-31) - creating new one
[2025-03-22 03:59:25,149] INFO: dd (12/2017): Created new record with 19 non-zero financial metrics
[2025-03-22 03:59:25,162] INFO: Trying adjusted date: 4/2018 (original: 3/2018)
[2025-03-22 03:59:25,174] WARNING: dd (3/2018): No existing record found(3/2018, 2018-03-31) - creating new one
[2025-03-22 03:59:25,175] INFO: dd (3/2018): Created new record with 17 non-zero financial metrics
[2025-03-22 03:59:25,188] INFO: Trying adjusted date: 7/2018 (original: 6/2018)
[2025-03-22 03:59:25,200] WARNING: dd (6/2018): No existing record found(6/2018, 2018-06-30) - creating new one
[2025-03-22 03:59:25,200] INFO: dd (6/2018): Created new record with 13 non-zero financial metrics
[2025-03-22 03:59:25,214] INFO: Trying adjusted date: 10/2018 (original: 9/2018)
[2025-03-22 03:59:25,226] WARNING: dd (9/2018): No existing record found(9/2018, 2018-09-30) - creating new one
[2025-03-22 03:59:25,227] INFO: dd (9/2018): Created new record with 13 non-zero financial metrics
[2025-03-22 03:59:25,240] INFO: Trying adjusted date: 1/2019 (original: 12/2018)
[2025-03-22 03:59:25,253] WARNING: dd (12/2018): No existing record found(12/2018, 2018-12-31) - creating new one
[2025-03-22 03:59:25,253] INFO: dd (12/2018): Created new record with 19 non-zero financial metrics
[2025-03-22 03:59:25,267] INFO: Trying adjusted date: 4/2019 (original: 3/2019)
[2025-03-22 03:59:25,281] WARNING: dd (3/2019): No existing record found(3/2019, 2019-03-31) - creating new one
[2025-03-22 03:59:25,281] INFO: dd (3/2019): Created new record with 17 non-zero financial metrics
[2025-03-22 03:59:25,308] INFO: dd (6/2019): Updated existing record with 15 non-zero financial metrics
[2025-03-22 03:59:25,333] INFO: dd (9/2019): Updated existing record with 15 non-zero financial metrics
[2025-03-22 03:59:25,359] INFO: dd (12/2019): Updated existing record with 15 non-zero financial metrics
[2025-03-22 03:59:25,385] INFO: dd (3/2020): Updated existing record with 14 non-zero financial metrics
[2025-03-22 03:59:25,411] INFO: dd (6/2020): Updated existing record with 13 non-zero financial metrics
[2025-03-22 03:59:25,437] INFO: dd (9/2020): Updated existing record with 13 non-zero financial metrics
[2025-03-22 03:59:25,463] INFO: dd (12/2020): Updated existing record with 15 non-zero financial metrics
[2025-03-22 03:59:25,490] INFO: dd (3/2021): Updated existing record with 15 non-zero financial metrics
[2025-03-22 03:59:25,516] INFO: dd (6/2021): Updated existing record with 14 non-zero financial metrics
[2025-03-22 03:59:25,541] INFO: dd (9/2021): Updated existing record with 14 non-zero financial metrics
[2025-03-22 03:59:25,567] INFO: dd (12/2021): Updated existing record with 18 non-zero financial metrics
[2025-03-22 03:59:25,594] INFO: dd (3/2022): Updated existing record with 18 non-zero financial metrics
[2025-03-22 03:59:25,619] INFO: dd (6/2022): Updated existing record with 14 non-zero financial metrics
[2025-03-22 03:59:25,645] INFO: dd (9/2022): Updated existing record with 14 non-zero financial metrics
[2025-03-22 03:59:25,670] INFO: dd (12/2022): Updated existing record with 17 non-zero financial metrics
[2025-03-22 03:59:25,684] WARNING: dd (3/2023): Found zero values for fields: Share Repurchases
[2025-03-22 03:59:25,696] INFO: dd (3/2023): Updated existing record with 16 non-zero financial metrics
[2025-03-22 03:59:25,723] INFO: dd (6/2023): Updated existing record with 13 non-zero financial metrics
[2025-03-22 03:59:25,748] INFO: dd (9/2023): Updated existing record with 13 non-zero financial metrics
[2025-03-22 03:59:25,774] INFO: dd (12/2023): Updated existing record with 14 non-zero financial metrics
[2025-03-22 03:59:25,799] INFO: dd (3/2024): Updated existing record with 14 non-zero financial metrics
[2025-03-22 03:59:25,826] INFO: dd (6/2024): Updated existing record with 13 non-zero financial metrics
[2025-03-22 03:59:25,852] INFO: dd (9/2024): Updated existing record with 13 non-zero financial metrics
[2025-03-22 03:59:25,867] INFO: Trying adjusted date: 1/2025 (original: 12/2024)
[2025-03-22 03:59:25,879] WARNING: dd (12/2024): No existing record found(12/2024, 2024-12-31) - creating new one
[2025-03-22 03:59:25,880] INFO: dd (12/2024): Created new record with 13 non-zero financial metrics
