[2025-03-22 10:31:05,989] INFO: Trying adjusted date: 7/2010 (original: 6/2010)
[2025-03-22 10:31:06,003] WARNING: deck (6/2010): No existing record found(6/2010, 2010-06-30) - creating new one
[2025-03-22 10:31:06,003] INFO: deck (6/2010): Created new record with 12 non-zero financial metrics
[2025-03-22 10:31:06,020] INFO: Trying adjusted date: 10/2010 (original: 9/2010)
[2025-03-22 10:31:06,034] WARNING: deck (9/2010): No existing record found(9/2010, 2010-09-30) - creating new one
[2025-03-22 10:31:06,034] INFO: deck (9/2010): Created new record with 11 non-zero financial metrics
[2025-03-22 10:31:06,051] INFO: Trying adjusted date: 1/2011 (original: 12/2010)
[2025-03-22 10:31:06,065] WARNING: deck (12/2010): No existing record found(12/2010, 2010-12-31) - creating new one
[2025-03-22 10:31:06,066] INFO: deck (12/2010): Created new record with 17 non-zero financial metrics
[2025-03-22 10:31:06,081] INFO: Trying adjusted date: 4/2011 (original: 3/2011)
[2025-03-22 10:31:06,096] WARNING: deck (3/2011): No existing record found(3/2011, 2011-03-31) - creating new one
[2025-03-22 10:31:06,096] INFO: deck (3/2011): Created new record with 15 non-zero financial metrics
[2025-03-22 10:31:06,112] INFO: Trying adjusted date: 7/2011 (original: 6/2011)
[2025-03-22 10:31:06,126] WARNING: deck (6/2011): No existing record found(6/2011, 2011-06-30) - creating new one
[2025-03-22 10:31:06,126] INFO: deck (6/2011): Created new record with 12 non-zero financial metrics
[2025-03-22 10:31:06,142] INFO: Trying adjusted date: 10/2011 (original: 9/2011)
[2025-03-22 10:31:06,156] WARNING: deck (9/2011): No existing record found(9/2011, 2011-09-30) - creating new one
[2025-03-22 10:31:06,156] INFO: deck (9/2011): Created new record with 12 non-zero financial metrics
[2025-03-22 10:31:06,172] INFO: Trying adjusted date: 1/2012 (original: 12/2011)
[2025-03-22 10:31:06,186] WARNING: deck (12/2011): No existing record found(12/2011, 2011-12-31) - creating new one
[2025-03-22 10:31:06,186] INFO: deck (12/2011): Created new record with 15 non-zero financial metrics
[2025-03-22 10:31:06,202] INFO: Trying adjusted date: 4/2012 (original: 3/2012)
[2025-03-22 10:31:06,217] WARNING: deck (3/2012): No existing record found(3/2012, 2012-03-31) - creating new one
[2025-03-22 10:31:06,217] INFO: deck (3/2012): Created new record with 14 non-zero financial metrics
[2025-03-22 10:31:06,233] INFO: Trying adjusted date: 7/2012 (original: 6/2012)
[2025-03-22 10:31:06,247] WARNING: deck (6/2012): No existing record found(6/2012, 2012-06-30) - creating new one
[2025-03-22 10:31:06,247] INFO: deck (6/2012): Created new record with 13 non-zero financial metrics
[2025-03-22 10:31:06,277] INFO: deck (9/2012): Updated existing record with 12 non-zero financial metrics
[2025-03-22 10:31:06,307] INFO: deck (12/2012): Updated existing record with 15 non-zero financial metrics
[2025-03-22 10:31:06,338] INFO: deck (3/2013): Updated existing record with 13 non-zero financial metrics
[2025-03-22 10:31:06,367] INFO: deck (6/2013): Updated existing record with 12 non-zero financial metrics
[2025-03-22 10:31:06,396] INFO: deck (9/2013): Updated existing record with 12 non-zero financial metrics
[2025-03-22 10:31:06,411] WARNING: deck (12/2013): Found zero values for fields: Share Repurchases
[2025-03-22 10:31:06,425] INFO: deck (12/2013): Updated existing record with 14 non-zero financial metrics
[2025-03-22 10:31:06,453] INFO: deck (6/2014): Updated existing record with 13 non-zero financial metrics
[2025-03-22 10:31:06,482] INFO: deck (9/2014): Updated existing record with 12 non-zero financial metrics
[2025-03-22 10:31:06,511] INFO: deck (12/2014): Updated existing record with 12 non-zero financial metrics
[2025-03-22 10:31:06,527] INFO: Trying adjusted date: 4/2015 (original: 3/2015)
[2025-03-22 10:31:06,541] WARNING: deck (3/2015): No existing record found(3/2015, 2015-03-31) - creating new one
[2025-03-22 10:31:06,542] INFO: deck (3/2015): Created new record with 15 non-zero financial metrics
[2025-03-22 10:31:06,571] INFO: deck (6/2015): Updated existing record with 17 non-zero financial metrics
[2025-03-22 10:31:06,599] INFO: deck (9/2015): Updated existing record with 12 non-zero financial metrics
[2025-03-22 10:31:06,629] INFO: deck (12/2015): Updated existing record with 12 non-zero financial metrics
[2025-03-22 10:31:06,657] INFO: deck (3/2016): Updated existing record with 15 non-zero financial metrics
[2025-03-22 10:31:06,672] WARNING: deck (6/2016): Found zero values for fields: Share Repurchases
[2025-03-22 10:31:06,685] INFO: deck (6/2016): Updated existing record with 16 non-zero financial metrics
[2025-03-22 10:31:06,715] INFO: deck (9/2016): Updated existing record with 12 non-zero financial metrics
[2025-03-22 10:31:06,745] INFO: deck (12/2016): Updated existing record with 12 non-zero financial metrics
[2025-03-22 10:31:06,774] INFO: deck (3/2017): Updated existing record with 15 non-zero financial metrics
[2025-03-22 10:31:06,803] INFO: deck (6/2017): Updated existing record with 16 non-zero financial metrics
[2025-03-22 10:31:06,833] INFO: deck (9/2017): Updated existing record with 12 non-zero financial metrics
[2025-03-22 10:31:06,862] INFO: deck (12/2017): Updated existing record with 12 non-zero financial metrics
[2025-03-22 10:31:06,892] INFO: deck (3/2018): Updated existing record with 18 non-zero financial metrics
[2025-03-22 10:31:06,922] INFO: deck (6/2018): Updated existing record with 19 non-zero financial metrics
[2025-03-22 10:31:06,951] INFO: deck (9/2018): Updated existing record with 14 non-zero financial metrics
[2025-03-22 10:31:06,979] INFO: deck (12/2018): Updated existing record with 14 non-zero financial metrics
[2025-03-22 10:31:07,008] INFO: deck (3/2019): Updated existing record with 19 non-zero financial metrics
[2025-03-22 10:31:07,037] INFO: deck (6/2019): Updated existing record with 19 non-zero financial metrics
[2025-03-22 10:31:07,067] INFO: deck (9/2019): Updated existing record with 14 non-zero financial metrics
[2025-03-22 10:31:07,096] INFO: deck (12/2019): Updated existing record with 14 non-zero financial metrics
[2025-03-22 10:31:07,127] INFO: deck (3/2020): Updated existing record with 20 non-zero financial metrics
[2025-03-22 10:31:07,143] WARNING: deck (6/2020): Found zero values for fields: Share Repurchases
[2025-03-22 10:31:07,156] INFO: deck (6/2020): Updated existing record with 18 non-zero financial metrics
[2025-03-22 10:31:07,187] INFO: deck (9/2020): Updated existing record with 14 non-zero financial metrics
[2025-03-22 10:31:07,216] INFO: deck (12/2020): Updated existing record with 14 non-zero financial metrics
[2025-03-22 10:31:07,246] INFO: deck (3/2021): Updated existing record with 20 non-zero financial metrics
[2025-03-22 10:31:07,263] INFO: Trying adjusted date: 7/2021 (original: 6/2021)
[2025-03-22 10:31:07,276] WARNING: deck (6/2021): No existing record found(6/2021, 2021-06-30) - creating new one
[2025-03-22 10:31:07,277] INFO: deck (6/2021): Created new record with 19 non-zero financial metrics
[2025-03-22 10:31:07,306] INFO: deck (9/2021): Updated existing record with 14 non-zero financial metrics
[2025-03-22 10:31:07,335] INFO: deck (12/2021): Updated existing record with 14 non-zero financial metrics
[2025-03-22 10:31:07,366] INFO: deck (3/2022): Updated existing record with 19 non-zero financial metrics
[2025-03-22 10:31:07,396] INFO: deck (6/2022): Updated existing record with 18 non-zero financial metrics
[2025-03-22 10:31:07,426] INFO: deck (9/2022): Updated existing record with 13 non-zero financial metrics
[2025-03-22 10:31:07,455] INFO: deck (12/2022): Updated existing record with 13 non-zero financial metrics
[2025-03-22 10:31:07,485] INFO: deck (3/2023): Updated existing record with 19 non-zero financial metrics
[2025-03-22 10:31:07,514] INFO: deck (6/2023): Updated existing record with 18 non-zero financial metrics
[2025-03-22 10:31:07,547] INFO: deck (9/2023): Updated existing record with 13 non-zero financial metrics
[2025-03-22 10:31:07,578] INFO: deck (12/2023): Updated existing record with 13 non-zero financial metrics
[2025-03-22 10:31:07,608] INFO: deck (3/2024): Updated existing record with 19 non-zero financial metrics
[2025-03-22 10:31:07,637] INFO: deck (6/2024): Updated existing record with 18 non-zero financial metrics
[2025-03-22 10:31:07,667] INFO: deck (9/2024): Updated existing record with 13 non-zero financial metrics
[2025-03-22 10:31:07,696] INFO: deck (12/2024): Updated existing record with 13 non-zero financial metrics
