[2025-03-22 03:54:57,016] INFO: Trying adjusted date: 5/2016 (original: 4/2016)
[2025-03-22 03:54:57,029] WARNING: dell (4/2016): No existing record found(4/2016, 2016-04-29) - creating new one
[2025-03-22 03:54:57,030] INFO: dell (4/2016): Created new record with 20 non-zero financial metrics
[2025-03-22 03:54:57,048] INFO: Trying adjusted date: 8/2016 (original: 7/2016)
[2025-03-22 03:54:57,061] WARNING: dell (7/2016): No existing record found(7/2016, 2016-07-29) - creating new one
[2025-03-22 03:54:57,061] INFO: dell (7/2016): Created new record with 16 non-zero financial metrics
[2025-03-22 03:54:57,075] INFO: Trying adjusted date: 11/2016 (original: 10/2016)
[2025-03-22 03:54:57,088] WARNING: dell (10/2016): No existing record found(10/2016, 2016-10-28) - creating new one
[2025-03-22 03:54:57,088] INFO: dell (10/2016): Created new record with 15 non-zero financial metrics
[2025-03-22 03:54:57,102] INFO: Trying adjusted date: 1/2017 (original: 2/2017)
[2025-03-22 03:54:57,115] WARNING: dell (2/2017): No existing record found(2/2017, 2017-02-03) - creating new one
[2025-03-22 03:54:57,115] INFO: dell (2/2017): Created new record with 20 non-zero financial metrics
[2025-03-22 03:54:57,129] INFO: Trying adjusted date: 4/2017 (original: 5/2017)
[2025-03-22 03:54:57,142] WARNING: dell (5/2017): No existing record found(5/2017, 2017-05-05) - creating new one
[2025-03-22 03:54:57,142] INFO: dell (5/2017): Created new record with 19 non-zero financial metrics
[2025-03-22 03:54:57,157] INFO: Trying adjusted date: 7/2017 (original: 8/2017)
[2025-03-22 03:54:57,169] WARNING: dell (8/2017): No existing record found(8/2017, 2017-08-04) - creating new one
[2025-03-22 03:54:57,170] INFO: dell (8/2017): Created new record with 15 non-zero financial metrics
[2025-03-22 03:54:57,185] INFO: Trying adjusted date: 10/2017 (original: 11/2017)
[2025-03-22 03:54:57,198] WARNING: dell (11/2017): No existing record found(11/2017, 2017-11-03) - creating new one
[2025-03-22 03:54:57,198] INFO: dell (11/2017): Created new record with 15 non-zero financial metrics
[2025-03-22 03:54:57,212] INFO: Trying adjusted date: 1/2018 (original: 2/2018)
[2025-03-22 03:54:57,224] WARNING: dell (2/2018): No existing record found(2/2018, 2018-02-02) - creating new one
[2025-03-22 03:54:57,225] INFO: dell (2/2018): Created new record with 20 non-zero financial metrics
[2025-03-22 03:54:57,242] INFO: Trying adjusted date: 4/2018 (original: 5/2018)
[2025-03-22 03:54:57,255] WARNING: dell (5/2018): No existing record found(5/2018, 2018-05-04) - creating new one
[2025-03-22 03:54:57,256] INFO: dell (5/2018): Created new record with 21 non-zero financial metrics
[2025-03-22 03:54:57,270] INFO: Trying adjusted date: 7/2018 (original: 8/2018)
[2025-03-22 03:54:57,282] WARNING: dell (8/2018): No existing record found(8/2018, 2018-08-03) - creating new one
[2025-03-22 03:54:57,283] INFO: dell (8/2018): Created new record with 17 non-zero financial metrics
[2025-03-22 03:54:57,297] INFO: Trying adjusted date: 10/2018 (original: 11/2018)
[2025-03-22 03:54:57,309] WARNING: dell (11/2018): No existing record found(11/2018, 2018-11-02) - creating new one
[2025-03-22 03:54:57,309] INFO: dell (11/2018): Created new record with 17 non-zero financial metrics
[2025-03-22 03:54:57,323] INFO: Trying adjusted date: 1/2019 (original: 2/2019)
[2025-03-22 03:54:57,335] WARNING: dell (2/2019): No existing record found(2/2019, 2019-02-01) - creating new one
[2025-03-22 03:54:57,336] INFO: dell (2/2019): Created new record with 23 non-zero financial metrics
[2025-03-22 03:54:57,350] INFO: Trying adjusted date: 4/2019 (original: 5/2019)
[2025-03-22 03:54:57,362] INFO: Found existing row with adjusted date: 4/2019
[2025-03-22 03:54:57,374] INFO: dell (4/2019): Updated existing record with 22 non-zero financial metrics
[2025-03-22 03:54:57,390] INFO: Trying adjusted date: 7/2019 (original: 8/2019)
[2025-03-22 03:54:57,402] INFO: Found existing row with adjusted date: 7/2019
[2025-03-22 03:54:57,415] INFO: dell (7/2019): Updated existing record with 17 non-zero financial metrics
[2025-03-22 03:54:57,428] INFO: Trying adjusted date: 10/2019 (original: 11/2019)
[2025-03-22 03:54:57,441] INFO: Found existing row with adjusted date: 10/2019
[2025-03-22 03:54:57,454] INFO: dell (10/2019): Updated existing record with 17 non-zero financial metrics
[2025-03-22 03:54:57,479] INFO: dell (1/2020): Updated existing record with 23 non-zero financial metrics
[2025-03-22 03:54:57,493] INFO: Trying adjusted date: 4/2020 (original: 5/2020)
[2025-03-22 03:54:57,506] INFO: Found existing row with adjusted date: 4/2020
[2025-03-22 03:54:57,518] INFO: dell (4/2020): Updated existing record with 23 non-zero financial metrics
[2025-03-22 03:54:57,544] INFO: dell (7/2020): Updated existing record with 18 non-zero financial metrics
[2025-03-22 03:54:57,571] INFO: dell (10/2020): Updated existing record with 19 non-zero financial metrics
[2025-03-22 03:54:57,597] INFO: dell (1/2021): Updated existing record with 25 non-zero financial metrics
[2025-03-22 03:54:57,625] INFO: dell (4/2021): Updated existing record with 24 non-zero financial metrics
[2025-03-22 03:54:57,654] INFO: dell (7/2021): Updated existing record with 19 non-zero financial metrics
[2025-03-22 03:54:57,680] INFO: dell (10/2021): Updated existing record with 19 non-zero financial metrics
[2025-03-22 03:54:57,707] INFO: dell (1/2022): Updated existing record with 24 non-zero financial metrics
[2025-03-22 03:54:57,735] INFO: dell (4/2022): Updated existing record with 23 non-zero financial metrics
[2025-03-22 03:54:57,761] INFO: dell (7/2022): Updated existing record with 18 non-zero financial metrics
[2025-03-22 03:54:57,788] INFO: dell (10/2022): Updated existing record with 18 non-zero financial metrics
[2025-03-22 03:54:57,803] INFO: Trying adjusted date: 1/2023 (original: 2/2023)
[2025-03-22 03:54:57,816] INFO: Found existing row with adjusted date: 1/2023
[2025-03-22 03:54:57,829] INFO: dell (1/2023): Updated existing record with 24 non-zero financial metrics
[2025-03-22 03:54:57,842] INFO: Trying adjusted date: 4/2023 (original: 5/2023)
[2025-03-22 03:54:57,855] INFO: Found existing row with adjusted date: 4/2023
[2025-03-22 03:54:57,868] INFO: dell (4/2023): Updated existing record with 24 non-zero financial metrics
[2025-03-22 03:54:57,881] INFO: Trying adjusted date: 7/2023 (original: 8/2023)
[2025-03-22 03:54:57,894] INFO: Found existing row with adjusted date: 7/2023
[2025-03-22 03:54:57,906] INFO: dell (7/2023): Updated existing record with 18 non-zero financial metrics
[2025-03-22 03:54:57,920] INFO: Trying adjusted date: 10/2023 (original: 11/2023)
[2025-03-22 03:54:57,931] INFO: Found existing row with adjusted date: 10/2023
[2025-03-22 03:54:57,944] INFO: dell (10/2023): Updated existing record with 18 non-zero financial metrics
[2025-03-22 03:54:57,958] INFO: Trying adjusted date: 1/2024 (original: 2/2024)
[2025-03-22 03:54:57,971] INFO: Found existing row with adjusted date: 1/2024
[2025-03-22 03:54:57,983] INFO: dell (1/2024): Updated existing record with 23 non-zero financial metrics
[2025-03-22 03:54:57,997] INFO: Trying adjusted date: 4/2024 (original: 5/2024)
[2025-03-22 03:54:58,009] INFO: Found existing row with adjusted date: 4/2024
[2025-03-22 03:54:58,022] INFO: dell (4/2024): Updated existing record with 24 non-zero financial metrics
[2025-03-22 03:54:58,036] INFO: Trying adjusted date: 7/2024 (original: 8/2024)
[2025-03-22 03:54:58,048] INFO: Found existing row with adjusted date: 7/2024
[2025-03-22 03:54:58,060] INFO: dell (7/2024): Updated existing record with 18 non-zero financial metrics
[2025-03-22 03:54:58,074] INFO: Trying adjusted date: 10/2024 (original: 11/2024)
[2025-03-22 03:54:58,087] INFO: Found existing row with adjusted date: 10/2024
[2025-03-22 03:54:58,099] INFO: dell (10/2024): Updated existing record with 18 non-zero financial metrics
