[2025-03-22 07:13:46,849] INFO: Trying adjusted date: 4/2010 (original: 3/2010)
[2025-03-22 07:13:46,862] WARNING: dgx (3/2010): No existing record found(3/2010, 2010-03-31) - creating new one
[2025-03-22 07:13:46,862] INFO: dgx (3/2010): Created new record with 17 non-zero financial metrics
[2025-03-22 07:13:46,877] INFO: Trying adjusted date: 7/2010 (original: 6/2010)
[2025-03-22 07:13:46,890] WARNING: dgx (6/2010): No existing record found(6/2010, 2010-06-30) - creating new one
[2025-03-22 07:13:46,890] INFO: dgx (6/2010): Created new record with 13 non-zero financial metrics
[2025-03-22 07:13:46,905] INFO: Trying adjusted date: 10/2010 (original: 9/2010)
[2025-03-22 07:13:46,919] WARNING: dgx (9/2010): No existing record found(9/2010, 2010-09-30) - creating new one
[2025-03-22 07:13:46,920] INFO: dgx (9/2010): Created new record with 13 non-zero financial metrics
[2025-03-22 07:13:46,935] INFO: Trying adjusted date: 1/2011 (original: 12/2010)
[2025-03-22 07:13:46,948] WARNING: dgx (12/2010): No existing record found(12/2010, 2010-12-31) - creating new one
[2025-03-22 07:13:46,948] INFO: dgx (12/2010): Created new record with 20 non-zero financial metrics
[2025-03-22 07:13:46,964] INFO: Trying adjusted date: 4/2011 (original: 3/2011)
[2025-03-22 07:13:46,977] WARNING: dgx (3/2011): No existing record found(3/2011, 2011-03-31) - creating new one
[2025-03-22 07:13:46,977] INFO: dgx (3/2011): Created new record with 18 non-zero financial metrics
[2025-03-22 07:13:46,993] INFO: Trying adjusted date: 7/2011 (original: 6/2011)
[2025-03-22 07:13:47,006] WARNING: dgx (6/2011): No existing record found(6/2011, 2011-06-30) - creating new one
[2025-03-22 07:13:47,007] INFO: dgx (6/2011): Created new record with 13 non-zero financial metrics
[2025-03-22 07:13:47,023] INFO: Trying adjusted date: 10/2011 (original: 9/2011)
[2025-03-22 07:13:47,037] WARNING: dgx (9/2011): No existing record found(9/2011, 2011-09-30) - creating new one
[2025-03-22 07:13:47,038] INFO: dgx (9/2011): Created new record with 13 non-zero financial metrics
[2025-03-22 07:13:47,052] INFO: Trying adjusted date: 1/2012 (original: 12/2011)
[2025-03-22 07:13:47,065] WARNING: dgx (12/2011): No existing record found(12/2011, 2011-12-31) - creating new one
[2025-03-22 07:13:47,065] INFO: dgx (12/2011): Created new record with 19 non-zero financial metrics
[2025-03-22 07:13:47,080] INFO: Trying adjusted date: 4/2012 (original: 3/2012)
[2025-03-22 07:13:47,093] WARNING: dgx (3/2012): No existing record found(3/2012, 2012-03-31) - creating new one
[2025-03-22 07:13:47,093] INFO: dgx (3/2012): Created new record with 18 non-zero financial metrics
[2025-03-22 07:13:47,110] INFO: Trying adjusted date: 7/2012 (original: 6/2012)
[2025-03-22 07:13:47,123] WARNING: dgx (6/2012): No existing record found(6/2012, 2012-06-30) - creating new one
[2025-03-22 07:13:47,123] INFO: dgx (6/2012): Created new record with 13 non-zero financial metrics
[2025-03-22 07:13:47,150] INFO: dgx (9/2012): Updated existing record with 13 non-zero financial metrics
[2025-03-22 07:13:47,178] INFO: dgx (12/2012): Updated existing record with 19 non-zero financial metrics
[2025-03-22 07:13:47,205] INFO: dgx (3/2013): Updated existing record with 17 non-zero financial metrics
[2025-03-22 07:13:47,234] INFO: dgx (6/2013): Updated existing record with 12 non-zero financial metrics
[2025-03-22 07:13:47,261] INFO: dgx (9/2013): Updated existing record with 12 non-zero financial metrics
[2025-03-22 07:13:47,292] INFO: dgx (12/2013): Updated existing record with 19 non-zero financial metrics
[2025-03-22 07:13:47,319] INFO: dgx (3/2014): Updated existing record with 18 non-zero financial metrics
[2025-03-22 07:13:47,347] INFO: dgx (6/2014): Updated existing record with 13 non-zero financial metrics
[2025-03-22 07:13:47,374] INFO: dgx (9/2014): Updated existing record with 13 non-zero financial metrics
[2025-03-22 07:13:47,403] INFO: dgx (12/2014): Updated existing record with 19 non-zero financial metrics
[2025-03-22 07:13:47,430] INFO: dgx (3/2015): Updated existing record with 19 non-zero financial metrics
[2025-03-22 07:13:47,458] INFO: dgx (6/2015): Updated existing record with 14 non-zero financial metrics
[2025-03-22 07:13:47,488] INFO: dgx (9/2015): Updated existing record with 14 non-zero financial metrics
[2025-03-22 07:13:47,516] INFO: dgx (12/2015): Updated existing record with 19 non-zero financial metrics
[2025-03-22 07:13:47,544] INFO: dgx (3/2016): Updated existing record with 19 non-zero financial metrics
[2025-03-22 07:13:47,572] INFO: dgx (6/2016): Updated existing record with 14 non-zero financial metrics
[2025-03-22 07:13:47,601] INFO: dgx (9/2016): Updated existing record with 14 non-zero financial metrics
[2025-03-22 07:13:47,629] INFO: dgx (12/2016): Updated existing record with 20 non-zero financial metrics
[2025-03-22 07:13:47,663] INFO: dgx (3/2017): Updated existing record with 18 non-zero financial metrics
[2025-03-22 07:13:47,693] INFO: dgx (6/2017): Updated existing record with 13 non-zero financial metrics
[2025-03-22 07:13:47,721] INFO: dgx (9/2017): Updated existing record with 13 non-zero financial metrics
[2025-03-22 07:13:47,748] INFO: dgx (12/2017): Updated existing record with 20 non-zero financial metrics
[2025-03-22 07:13:47,776] INFO: dgx (3/2018): Updated existing record with 18 non-zero financial metrics
[2025-03-22 07:13:47,803] INFO: dgx (6/2018): Updated existing record with 13 non-zero financial metrics
[2025-03-22 07:13:47,832] INFO: dgx (9/2018): Updated existing record with 13 non-zero financial metrics
[2025-03-22 07:13:47,860] INFO: dgx (12/2018): Updated existing record with 20 non-zero financial metrics
[2025-03-22 07:13:47,888] INFO: dgx (3/2019): Updated existing record with 19 non-zero financial metrics
[2025-03-22 07:13:47,915] INFO: dgx (6/2019): Updated existing record with 14 non-zero financial metrics
[2025-03-22 07:13:47,943] INFO: dgx (9/2019): Updated existing record with 14 non-zero financial metrics
[2025-03-22 07:13:47,971] INFO: dgx (12/2019): Updated existing record with 20 non-zero financial metrics
[2025-03-22 07:13:48,000] INFO: dgx (3/2020): Updated existing record with 19 non-zero financial metrics
[2025-03-22 07:13:48,029] INFO: dgx (6/2020): Updated existing record with 14 non-zero financial metrics
[2025-03-22 07:13:48,057] INFO: dgx (9/2020): Updated existing record with 14 non-zero financial metrics
[2025-03-22 07:13:48,085] INFO: dgx (12/2020): Updated existing record with 21 non-zero financial metrics
[2025-03-22 07:13:48,114] INFO: dgx (3/2021): Updated existing record with 18 non-zero financial metrics
[2025-03-22 07:13:48,142] INFO: dgx (6/2021): Updated existing record with 13 non-zero financial metrics
[2025-03-22 07:13:48,170] INFO: dgx (9/2021): Updated existing record with 13 non-zero financial metrics
[2025-03-22 07:13:48,198] INFO: dgx (12/2021): Updated existing record with 20 non-zero financial metrics
[2025-03-22 07:13:48,225] INFO: dgx (3/2022): Updated existing record with 18 non-zero financial metrics
[2025-03-22 07:13:48,254] INFO: dgx (6/2022): Updated existing record with 13 non-zero financial metrics
[2025-03-22 07:13:48,283] INFO: dgx (9/2022): Updated existing record with 13 non-zero financial metrics
[2025-03-22 07:13:48,311] INFO: dgx (12/2022): Updated existing record with 20 non-zero financial metrics
[2025-03-22 07:13:48,327] WARNING: dgx (3/2023): Found zero values for fields: Share Repurchases
[2025-03-22 07:13:48,340] INFO: dgx (3/2023): Updated existing record with 17 non-zero financial metrics
[2025-03-22 07:13:48,369] INFO: dgx (6/2023): Updated existing record with 13 non-zero financial metrics
[2025-03-22 07:13:48,397] INFO: dgx (9/2023): Updated existing record with 13 non-zero financial metrics
[2025-03-22 07:13:48,426] INFO: dgx (12/2023): Updated existing record with 20 non-zero financial metrics
[2025-03-22 07:13:48,454] INFO: dgx (3/2024): Updated existing record with 17 non-zero financial metrics
[2025-03-22 07:13:48,483] INFO: dgx (6/2024): Updated existing record with 13 non-zero financial metrics
[2025-03-22 07:13:48,510] INFO: dgx (9/2024): Updated existing record with 13 non-zero financial metrics
[2025-03-22 07:13:48,537] INFO: dgx (12/2024): Updated existing record with 19 non-zero financial metrics
