[2025-03-22 04:38:53,898] INFO: Trying adjusted date: 7/2010 (original: 6/2010)
[2025-03-22 04:38:53,911] WARNING: dhi (6/2010): No existing record found(6/2010, 2010-06-30) - creating new one
[2025-03-22 04:38:53,911] INFO: dhi (6/2010): Created new record with 6 non-zero financial metrics
[2025-03-22 04:38:53,925] INFO: Trying adjusted date: 10/2010 (original: 9/2010)
[2025-03-22 04:38:53,939] WARNING: dhi (9/2010): No existing record found(9/2010, 2010-09-30) - creating new one
[2025-03-22 04:38:53,939] INFO: dhi (9/2010): Created new record with 10 non-zero financial metrics
[2025-03-22 04:38:53,954] INFO: Trying adjusted date: 1/2011 (original: 12/2010)
[2025-03-22 04:38:53,967] WARNING: dhi (12/2010): No existing record found(12/2010, 2010-12-31) - creating new one
[2025-03-22 04:38:53,967] INFO: dhi (12/2010): Created new record with 10 non-zero financial metrics
[2025-03-22 04:38:53,982] INFO: Trying adjusted date: 4/2011 (original: 3/2011)
[2025-03-22 04:38:53,995] WARNING: dhi (3/2011): No existing record found(3/2011, 2011-03-31) - creating new one
[2025-03-22 04:38:53,995] INFO: dhi (3/2011): Created new record with 6 non-zero financial metrics
[2025-03-22 04:38:54,009] INFO: Trying adjusted date: 7/2011 (original: 6/2011)
[2025-03-22 04:38:54,022] WARNING: dhi (6/2011): No existing record found(6/2011, 2011-06-30) - creating new one
[2025-03-22 04:38:54,023] INFO: dhi (6/2011): Created new record with 10 non-zero financial metrics
[2025-03-22 04:38:54,037] INFO: Trying adjusted date: 10/2011 (original: 9/2011)
[2025-03-22 04:38:54,051] WARNING: dhi (9/2011): No existing record found(9/2011, 2011-09-30) - creating new one
[2025-03-22 04:38:54,051] INFO: dhi (9/2011): Created new record with 14 non-zero financial metrics
[2025-03-22 04:38:54,065] INFO: Trying adjusted date: 1/2012 (original: 12/2011)
[2025-03-22 04:38:54,078] WARNING: dhi (12/2011): No existing record found(12/2011, 2011-12-31) - creating new one
[2025-03-22 04:38:54,078] INFO: dhi (12/2011): Created new record with 12 non-zero financial metrics
[2025-03-22 04:38:54,093] INFO: Trying adjusted date: 4/2012 (original: 3/2012)
[2025-03-22 04:38:54,106] WARNING: dhi (3/2012): No existing record found(3/2012, 2012-03-31) - creating new one
[2025-03-22 04:38:54,106] INFO: dhi (3/2012): Created new record with 8 non-zero financial metrics
[2025-03-22 04:38:54,121] INFO: Trying adjusted date: 7/2012 (original: 6/2012)
[2025-03-22 04:38:54,134] WARNING: dhi (6/2012): No existing record found(6/2012, 2012-06-30) - creating new one
[2025-03-22 04:38:54,135] INFO: dhi (6/2012): Created new record with 7 non-zero financial metrics
[2025-03-22 04:38:54,149] WARNING: dhi (9/2012): Found zero values for fields: Share Repurchases
[2025-03-22 04:38:54,162] INFO: dhi (9/2012): Updated existing record with 13 non-zero financial metrics
[2025-03-22 04:38:54,188] INFO: dhi (12/2012): Updated existing record with 12 non-zero financial metrics
[2025-03-22 04:38:54,215] INFO: dhi (3/2013): Updated existing record with 8 non-zero financial metrics
[2025-03-22 04:38:54,229] WARNING: dhi (6/2013): Found zero values for fields: Interest Expense
[2025-03-22 04:38:54,242] INFO: dhi (6/2013): Updated existing record with 7 non-zero financial metrics
[2025-03-22 04:38:54,257] WARNING: dhi (9/2013): Found zero values for fields: Share Repurchases
[2025-03-22 04:38:54,270] INFO: dhi (9/2013): Updated existing record with 13 non-zero financial metrics
[2025-03-22 04:38:54,284] WARNING: dhi (12/2013): Found zero values for fields: Interest Expense
[2025-03-22 04:38:54,297] INFO: dhi (12/2013): Updated existing record with 11 non-zero financial metrics
[2025-03-22 04:38:54,312] WARNING: dhi (3/2014): Found zero values for fields: Interest Expense
[2025-03-22 04:38:54,324] INFO: dhi (3/2014): Updated existing record with 7 non-zero financial metrics
[2025-03-22 04:38:54,339] WARNING: dhi (6/2014): Found zero values for fields: Interest Expense
[2025-03-22 04:38:54,351] INFO: dhi (6/2014): Updated existing record with 7 non-zero financial metrics
[2025-03-22 04:38:54,365] WARNING: dhi (9/2014): Found zero values for fields: Interest Expense
[2025-03-22 04:38:54,377] INFO: dhi (9/2014): Updated existing record with 12 non-zero financial metrics
[2025-03-22 04:38:54,404] INFO: dhi (12/2014): Updated existing record with 11 non-zero financial metrics
[2025-03-22 04:38:54,431] INFO: dhi (3/2015): Updated existing record with 7 non-zero financial metrics
[2025-03-22 04:38:54,458] INFO: dhi (6/2015): Updated existing record with 7 non-zero financial metrics
[2025-03-22 04:38:54,472] WARNING: dhi (9/2015): Found zero values for fields: Interest Expense
[2025-03-22 04:38:54,485] INFO: dhi (9/2015): Updated existing record with 12 non-zero financial metrics
[2025-03-22 04:38:54,512] INFO: dhi (12/2015): Updated existing record with 11 non-zero financial metrics
[2025-03-22 04:38:54,538] INFO: dhi (3/2016): Updated existing record with 7 non-zero financial metrics
[2025-03-22 04:38:54,565] INFO: dhi (6/2016): Updated existing record with 7 non-zero financial metrics
[2025-03-22 04:38:54,593] INFO: dhi (9/2016): Updated existing record with 12 non-zero financial metrics
[2025-03-22 04:38:54,620] INFO: dhi (12/2016): Updated existing record with 11 non-zero financial metrics
[2025-03-22 04:38:54,646] INFO: dhi (3/2017): Updated existing record with 7 non-zero financial metrics
[2025-03-22 04:38:54,673] INFO: dhi (6/2017): Updated existing record with 7 non-zero financial metrics
[2025-03-22 04:38:54,700] INFO: dhi (9/2017): Updated existing record with 13 non-zero financial metrics
[2025-03-22 04:38:54,714] WARNING: dhi (12/2017): Found zero values for fields: Interest Expense
[2025-03-22 04:38:54,726] INFO: dhi (12/2017): Updated existing record with 14 non-zero financial metrics
[2025-03-22 04:38:54,741] WARNING: dhi (3/2018): Found zero values for fields: Interest Expense
[2025-03-22 04:38:54,755] INFO: dhi (3/2018): Updated existing record with 9 non-zero financial metrics
[2025-03-22 04:38:54,769] WARNING: dhi (6/2018): Found zero values for fields: Interest Expense
[2025-03-22 04:38:54,781] INFO: dhi (6/2018): Updated existing record with 9 non-zero financial metrics
[2025-03-22 04:38:54,795] WARNING: dhi (9/2018): Found zero values for fields: Interest Expense
[2025-03-22 04:38:54,807] INFO: dhi (9/2018): Updated existing record with 15 non-zero financial metrics
[2025-03-22 04:38:54,835] INFO: dhi (12/2018): Updated existing record with 14 non-zero financial metrics
[2025-03-22 04:38:54,862] INFO: dhi (3/2019): Updated existing record with 9 non-zero financial metrics
[2025-03-22 04:38:54,888] INFO: dhi (6/2019): Updated existing record with 9 non-zero financial metrics
[2025-03-22 04:38:54,916] INFO: dhi (9/2019): Updated existing record with 14 non-zero financial metrics
[2025-03-22 04:38:54,942] INFO: dhi (12/2019): Updated existing record with 14 non-zero financial metrics
[2025-03-22 04:38:54,969] INFO: dhi (3/2020): Updated existing record with 9 non-zero financial metrics
[2025-03-22 04:38:54,995] INFO: dhi (6/2020): Updated existing record with 10 non-zero financial metrics
[2025-03-22 04:38:55,021] INFO: dhi (9/2020): Updated existing record with 15 non-zero financial metrics
[2025-03-22 04:38:55,050] INFO: dhi (12/2020): Updated existing record with 15 non-zero financial metrics
[2025-03-22 04:38:55,076] INFO: dhi (3/2021): Updated existing record with 10 non-zero financial metrics
[2025-03-22 04:38:55,102] INFO: dhi (6/2021): Updated existing record with 11 non-zero financial metrics
[2025-03-22 04:38:55,128] INFO: dhi (9/2021): Updated existing record with 15 non-zero financial metrics
[2025-03-22 04:38:55,155] INFO: dhi (12/2021): Updated existing record with 15 non-zero financial metrics
[2025-03-22 04:38:55,182] INFO: dhi (3/2022): Updated existing record with 10 non-zero financial metrics
[2025-03-22 04:38:55,208] INFO: dhi (6/2022): Updated existing record with 11 non-zero financial metrics
[2025-03-22 04:38:55,235] INFO: dhi (9/2022): Updated existing record with 15 non-zero financial metrics
[2025-03-22 04:38:55,261] INFO: dhi (12/2022): Updated existing record with 15 non-zero financial metrics
[2025-03-22 04:38:55,291] INFO: dhi (3/2023): Updated existing record with 10 non-zero financial metrics
[2025-03-22 04:38:55,317] INFO: dhi (6/2023): Updated existing record with 11 non-zero financial metrics
[2025-03-22 04:38:55,344] INFO: dhi (9/2023): Updated existing record with 15 non-zero financial metrics
[2025-03-22 04:38:55,370] INFO: dhi (12/2023): Updated existing record with 15 non-zero financial metrics
[2025-03-22 04:38:55,399] INFO: dhi (3/2024): Updated existing record with 10 non-zero financial metrics
[2025-03-22 04:38:55,427] INFO: dhi (6/2024): Updated existing record with 10 non-zero financial metrics
[2025-03-22 04:38:55,454] INFO: dhi (9/2024): Updated existing record with 15 non-zero financial metrics
[2025-03-22 04:38:55,480] INFO: dhi (12/2024): Updated existing record with 15 non-zero financial metrics
