[2025-03-21 22:08:00,728] INFO: Trying adjusted date: 3/2010 (original: 4/2010)
[2025-03-21 22:08:00,739] WARNING: dhr (4/2010): No existing record found(4/2010, 2010-04-02) - creating new one
[2025-03-21 22:08:00,739] INFO: dhr (4/2010): Created new record with 18 non-zero financial metrics
[2025-03-21 22:08:00,753] INFO: Trying adjusted date: 9/2010 (original: 10/2010)
[2025-03-21 22:08:00,765] WARNING: dhr (10/2010): No existing record found(10/2010, 2010-10-01) - creating new one
[2025-03-21 22:08:00,766] INFO: dhr (10/2010): Created new record with 16 non-zero financial metrics
[2025-03-21 22:08:00,778] INFO: Trying adjusted date: 1/2011 (original: 12/2010)
[2025-03-21 22:08:00,790] WARNING: dhr (12/2010): No existing record found(12/2010, 2010-12-31) - creating new one
[2025-03-21 22:08:00,791] INFO: dhr (12/2010): Created new record with 21 non-zero financial metrics
[2025-03-21 22:08:00,804] INFO: Trying adjusted date: 3/2011 (original: 4/2011)
[2025-03-21 22:08:00,816] WARNING: dhr (4/2011): No existing record found(4/2011, 2011-04-01) - creating new one
[2025-03-21 22:08:00,816] INFO: dhr (4/2011): Created new record with 20 non-zero financial metrics
[2025-03-21 22:08:00,829] INFO: Trying adjusted date: 6/2011 (original: 7/2011)
[2025-03-21 22:08:00,841] WARNING: dhr (7/2011): No existing record found(7/2011, 2011-07-01) - creating new one
[2025-03-21 22:08:00,841] INFO: dhr (7/2011): Created new record with 16 non-zero financial metrics
[2025-03-21 22:08:00,854] INFO: Trying adjusted date: 10/2011 (original: 9/2011)
[2025-03-21 22:08:00,865] WARNING: dhr (9/2011): No existing record found(9/2011, 2011-09-30) - creating new one
[2025-03-21 22:08:00,866] INFO: dhr (9/2011): Created new record with 16 non-zero financial metrics
[2025-03-21 22:08:00,878] INFO: Trying adjusted date: 1/2012 (original: 12/2011)
[2025-03-21 22:08:00,889] WARNING: dhr (12/2011): No existing record found(12/2011, 2011-12-31) - creating new one
[2025-03-21 22:08:00,890] INFO: dhr (12/2011): Created new record with 20 non-zero financial metrics
[2025-03-21 22:08:00,903] INFO: Trying adjusted date: 4/2012 (original: 3/2012)
[2025-03-21 22:08:00,914] WARNING: dhr (3/2012): No existing record found(3/2012, 2012-03-30) - creating new one
[2025-03-21 22:08:00,915] INFO: dhr (3/2012): Created new record with 20 non-zero financial metrics
[2025-03-21 22:08:00,928] INFO: Trying adjusted date: 7/2012 (original: 6/2012)
[2025-03-21 22:08:00,940] WARNING: dhr (6/2012): No existing record found(6/2012, 2012-06-29) - creating new one
[2025-03-21 22:08:00,941] INFO: dhr (6/2012): Created new record with 16 non-zero financial metrics
[2025-03-21 22:08:00,964] INFO: dhr (9/2012): Updated existing record with 16 non-zero financial metrics
[2025-03-21 22:08:00,990] INFO: dhr (12/2012): Updated existing record with 20 non-zero financial metrics
[2025-03-21 22:08:01,014] INFO: dhr (3/2013): Updated existing record with 20 non-zero financial metrics
[2025-03-21 22:08:01,039] INFO: dhr (6/2013): Updated existing record with 16 non-zero financial metrics
[2025-03-21 22:08:01,063] INFO: dhr (9/2013): Updated existing record with 16 non-zero financial metrics
[2025-03-21 22:08:01,076] WARNING: dhr (12/2013): Found zero values for fields: Share Repurchases
[2025-03-21 22:08:01,088] INFO: dhr (12/2013): Updated existing record with 20 non-zero financial metrics
[2025-03-21 22:08:01,113] INFO: dhr (3/2014): Updated existing record with 20 non-zero financial metrics
[2025-03-21 22:08:01,137] INFO: dhr (6/2014): Updated existing record with 16 non-zero financial metrics
[2025-03-21 22:08:01,162] INFO: dhr (9/2014): Updated existing record with 16 non-zero financial metrics
[2025-03-21 22:08:01,177] WARNING: dhr (12/2014): Found zero values for fields: Share Repurchases
[2025-03-21 22:08:01,189] INFO: dhr (12/2014): Updated existing record with 20 non-zero financial metrics
[2025-03-21 22:08:01,202] INFO: Trying adjusted date: 3/2015 (original: 4/2015)
[2025-03-21 22:08:01,214] INFO: Found existing row with adjusted date: 3/2015
[2025-03-21 22:08:01,225] INFO: dhr (3/2015): Updated existing record with 20 non-zero financial metrics
[2025-03-21 22:08:01,238] INFO: Trying adjusted date: 6/2015 (original: 7/2015)
[2025-03-21 22:08:01,250] INFO: Found existing row with adjusted date: 6/2015
[2025-03-21 22:08:01,262] INFO: dhr (6/2015): Updated existing record with 16 non-zero financial metrics
[2025-03-21 22:08:01,275] INFO: Trying adjusted date: 9/2015 (original: 10/2015)
[2025-03-21 22:08:01,287] INFO: Found existing row with adjusted date: 9/2015
[2025-03-21 22:08:01,299] INFO: dhr (9/2015): Updated existing record with 15 non-zero financial metrics
[2025-03-21 22:08:01,323] INFO: dhr (12/2015): Updated existing record with 20 non-zero financial metrics
[2025-03-21 22:08:01,336] INFO: Trying adjusted date: 3/2016 (original: 4/2016)
[2025-03-21 22:08:01,348] INFO: Found existing row with adjusted date: 3/2016
[2025-03-21 22:08:01,360] INFO: dhr (3/2016): Updated existing record with 20 non-zero financial metrics
[2025-03-21 22:08:01,372] INFO: Trying adjusted date: 6/2016 (original: 7/2016)
[2025-03-21 22:08:01,383] INFO: Found existing row with adjusted date: 6/2016
[2025-03-21 22:08:01,395] INFO: dhr (6/2016): Updated existing record with 16 non-zero financial metrics
[2025-03-21 22:08:01,419] INFO: dhr (9/2016): Updated existing record with 16 non-zero financial metrics
[2025-03-21 22:08:01,443] INFO: dhr (12/2016): Updated existing record with 20 non-zero financial metrics
[2025-03-21 22:08:01,467] INFO: dhr (3/2017): Updated existing record with 20 non-zero financial metrics
[2025-03-21 22:08:01,493] INFO: dhr (6/2017): Updated existing record with 16 non-zero financial metrics
[2025-03-21 22:08:01,517] INFO: dhr (9/2017): Updated existing record with 16 non-zero financial metrics
[2025-03-21 22:08:01,541] INFO: dhr (12/2017): Updated existing record with 20 non-zero financial metrics
[2025-03-21 22:08:01,565] INFO: dhr (3/2018): Updated existing record with 20 non-zero financial metrics
[2025-03-21 22:08:01,590] INFO: dhr (6/2018): Updated existing record with 16 non-zero financial metrics
[2025-03-21 22:08:01,616] INFO: dhr (9/2018): Updated existing record with 16 non-zero financial metrics
[2025-03-21 22:08:01,642] INFO: dhr (12/2018): Updated existing record with 21 non-zero financial metrics
[2025-03-21 22:08:01,668] INFO: dhr (3/2019): Updated existing record with 20 non-zero financial metrics
[2025-03-21 22:08:01,692] INFO: dhr (6/2019): Updated existing record with 16 non-zero financial metrics
[2025-03-21 22:08:01,716] INFO: dhr (9/2019): Updated existing record with 16 non-zero financial metrics
[2025-03-21 22:08:01,741] INFO: dhr (12/2019): Updated existing record with 21 non-zero financial metrics
[2025-03-21 22:08:01,753] INFO: Trying adjusted date: 3/2020 (original: 4/2020)
[2025-03-21 22:08:01,765] INFO: Found existing row with adjusted date: 3/2020
[2025-03-21 22:08:01,778] INFO: dhr (3/2020): Updated existing record with 20 non-zero financial metrics
[2025-03-21 22:08:01,790] INFO: Trying adjusted date: 6/2020 (original: 7/2020)
[2025-03-21 22:08:01,802] INFO: Found existing row with adjusted date: 6/2020
[2025-03-21 22:08:01,814] INFO: dhr (6/2020): Updated existing record with 16 non-zero financial metrics
[2025-03-21 22:08:01,827] INFO: Trying adjusted date: 9/2020 (original: 10/2020)
[2025-03-21 22:08:01,839] INFO: Found existing row with adjusted date: 9/2020
[2025-03-21 22:08:01,851] INFO: dhr (9/2020): Updated existing record with 16 non-zero financial metrics
[2025-03-21 22:08:01,875] INFO: dhr (12/2020): Updated existing record with 20 non-zero financial metrics
[2025-03-21 22:08:01,888] INFO: Trying adjusted date: 3/2021 (original: 4/2021)
[2025-03-21 22:08:01,900] INFO: Found existing row with adjusted date: 3/2021
[2025-03-21 22:08:01,913] INFO: dhr (3/2021): Updated existing record with 19 non-zero financial metrics
[2025-03-21 22:08:01,926] INFO: Trying adjusted date: 6/2021 (original: 7/2021)
[2025-03-21 22:08:01,937] INFO: Found existing row with adjusted date: 6/2021
[2025-03-21 22:08:01,949] INFO: dhr (6/2021): Updated existing record with 15 non-zero financial metrics
[2025-03-21 22:08:01,963] INFO: Trying adjusted date: 9/2021 (original: 10/2021)
[2025-03-21 22:08:01,976] INFO: Found existing row with adjusted date: 9/2021
[2025-03-21 22:08:01,989] INFO: dhr (9/2021): Updated existing record with 15 non-zero financial metrics
[2025-03-21 22:08:02,014] INFO: dhr (12/2021): Updated existing record with 20 non-zero financial metrics
[2025-03-21 22:08:02,030] INFO: Trying adjusted date: 3/2022 (original: 4/2022)
[2025-03-21 22:08:02,043] INFO: Found existing row with adjusted date: 3/2022
[2025-03-21 22:08:02,056] INFO: dhr (3/2022): Updated existing record with 20 non-zero financial metrics
[2025-03-21 22:08:02,074] INFO: Trying adjusted date: 6/2022 (original: 7/2022)
[2025-03-21 22:08:02,086] INFO: Found existing row with adjusted date: 6/2022
[2025-03-21 22:08:02,098] INFO: dhr (6/2022): Updated existing record with 16 non-zero financial metrics
[2025-03-21 22:08:02,128] INFO: dhr (9/2022): Updated existing record with 16 non-zero financial metrics
[2025-03-21 22:08:02,153] INFO: dhr (12/2022): Updated existing record with 20 non-zero financial metrics
[2025-03-21 22:08:02,177] INFO: dhr (3/2023): Updated existing record with 20 non-zero financial metrics
[2025-03-21 22:08:02,202] INFO: dhr (6/2023): Updated existing record with 16 non-zero financial metrics
[2025-03-21 22:08:02,228] INFO: dhr (9/2023): Updated existing record with 16 non-zero financial metrics
[2025-03-21 22:08:02,251] INFO: dhr (12/2023): Updated existing record with 20 non-zero financial metrics
[2025-03-21 22:08:02,276] INFO: dhr (3/2024): Updated existing record with 20 non-zero financial metrics
[2025-03-21 22:08:02,301] INFO: dhr (6/2024): Updated existing record with 15 non-zero financial metrics
[2025-03-21 22:08:02,327] INFO: dhr (9/2024): Updated existing record with 15 non-zero financial metrics
[2025-03-21 22:08:02,352] INFO: dhr (12/2024): Updated existing record with 20 non-zero financial metrics
