[2025-03-21 22:08:43,374] INFO: dis (3/2019): Updated existing record with 13 non-zero financial metrics
[2025-03-21 22:08:43,398] INFO: dis (6/2019): Updated existing record with 13 non-zero financial metrics
[2025-03-21 22:08:43,412] WARNING: dis (9/2019): Found zero values for fields: Share Repurchases
[2025-03-21 22:08:43,423] INFO: dis (9/2019): Updated existing record with 15 non-zero financial metrics
[2025-03-21 22:08:43,448] INFO: dis (12/2019): Updated existing record with 14 non-zero financial metrics
[2025-03-21 22:08:43,472] INFO: dis (3/2020): Updated existing record with 12 non-zero financial metrics
[2025-03-21 22:08:43,497] INFO: dis (6/2020): Updated existing record with 11 non-zero financial metrics
[2025-03-21 22:08:43,510] INFO: Trying adjusted date: 9/2020 (original: 10/2020)
[2025-03-21 22:08:43,521] INFO: Found existing row with adjusted date: 9/2020
[2025-03-21 22:08:43,522] WARNING: dis (9/2020): Found zero values for fields: Share Repurchases
[2025-03-21 22:08:43,533] INFO: dis (9/2020): Updated existing record with 14 non-zero financial metrics
[2025-03-21 22:08:43,546] INFO: Trying adjusted date: 12/2020 (original: 1/2021)
[2025-03-21 22:08:43,557] INFO: Found existing row with adjusted date: 12/2020
[2025-03-21 22:08:43,569] INFO: dis (12/2020): Updated existing record with 14 non-zero financial metrics
[2025-03-21 22:08:43,582] INFO: Trying adjusted date: 3/2021 (original: 4/2021)
[2025-03-21 22:08:43,593] INFO: Found existing row with adjusted date: 3/2021
[2025-03-21 22:08:43,605] INFO: dis (3/2021): Updated existing record with 11 non-zero financial metrics
[2025-03-21 22:08:43,618] INFO: Trying adjusted date: 6/2021 (original: 7/2021)
[2025-03-21 22:08:43,628] INFO: Found existing row with adjusted date: 6/2021
[2025-03-21 22:08:43,640] INFO: dis (6/2021): Updated existing record with 11 non-zero financial metrics
[2025-03-21 22:08:43,652] INFO: Trying adjusted date: 9/2021 (original: 10/2021)
[2025-03-21 22:08:43,663] INFO: Found existing row with adjusted date: 9/2021
[2025-03-21 22:08:43,676] INFO: dis (9/2021): Updated existing record with 14 non-zero financial metrics
[2025-03-21 22:08:43,688] INFO: Trying adjusted date: 12/2021 (original: 1/2022)
[2025-03-21 22:08:43,700] INFO: Found existing row with adjusted date: 12/2021
[2025-03-21 22:08:43,712] INFO: dis (12/2021): Updated existing record with 13 non-zero financial metrics
[2025-03-21 22:08:43,725] INFO: Trying adjusted date: 3/2022 (original: 4/2022)
[2025-03-21 22:08:43,736] INFO: Found existing row with adjusted date: 3/2022
[2025-03-21 22:08:43,748] INFO: dis (3/2022): Updated existing record with 11 non-zero financial metrics
[2025-03-21 22:08:43,761] INFO: Trying adjusted date: 6/2022 (original: 7/2022)
[2025-03-21 22:08:43,772] INFO: Found existing row with adjusted date: 6/2022
[2025-03-21 22:08:43,784] INFO: dis (6/2022): Updated existing record with 11 non-zero financial metrics
[2025-03-21 22:08:43,797] INFO: Trying adjusted date: 9/2022 (original: 10/2022)
[2025-03-21 22:08:43,809] INFO: Found existing row with adjusted date: 9/2022
[2025-03-21 22:08:43,821] INFO: dis (9/2022): Updated existing record with 14 non-zero financial metrics
[2025-03-21 22:08:43,844] INFO: dis (12/2022): Updated existing record with 13 non-zero financial metrics
[2025-03-21 22:08:43,858] INFO: Trying adjusted date: 3/2023 (original: 4/2023)
[2025-03-21 22:08:43,870] INFO: Found existing row with adjusted date: 3/2023
[2025-03-21 22:08:43,881] INFO: dis (3/2023): Updated existing record with 11 non-zero financial metrics
[2025-03-21 22:08:43,894] INFO: Trying adjusted date: 6/2023 (original: 7/2023)
[2025-03-21 22:08:43,905] INFO: Found existing row with adjusted date: 6/2023
[2025-03-21 22:08:43,917] INFO: dis (6/2023): Updated existing record with 11 non-zero financial metrics
[2025-03-21 22:08:43,941] INFO: dis (9/2023): Updated existing record with 14 non-zero financial metrics
[2025-03-21 22:08:43,965] INFO: dis (12/2023): Updated existing record with 15 non-zero financial metrics
[2025-03-21 22:08:43,990] INFO: dis (3/2024): Updated existing record with 11 non-zero financial metrics
[2025-03-21 22:08:44,015] INFO: dis (6/2024): Updated existing record with 11 non-zero financial metrics
[2025-03-21 22:08:44,040] INFO: dis (9/2024): Updated existing record with 16 non-zero financial metrics
[2025-03-21 22:08:44,052] INFO: Trying adjusted date: 1/2025 (original: 12/2024)
[2025-03-21 22:08:44,064] WARNING: dis (12/2024): No existing record found(12/2024, 2024-12-28) - creating new one
[2025-03-21 22:08:44,065] INFO: dis (12/2024): Created new record with 16 non-zero financial metrics
