[2025-03-22 12:29:47,281] INFO: Trying adjusted date: 7/2010 (original: 6/2010)
[2025-03-22 12:29:47,295] WARNING: dlb (6/2010): No existing record found(6/2010, 2010-06-25) - creating new one
[2025-03-22 12:29:47,295] INFO: dlb (6/2010): Created new record with 18 non-zero financial metrics
[2025-03-22 12:29:47,313] INFO: Trying adjusted date: 10/2010 (original: 9/2010)
[2025-03-22 12:29:47,327] WARNING: dlb (9/2010): No existing record found(9/2010, 2010-09-24) - creating new one
[2025-03-22 12:29:47,328] INFO: dlb (9/2010): Created new record with 23 non-zero financial metrics
[2025-03-22 12:29:47,346] INFO: Trying adjusted date: 1/2011 (original: 12/2010)
[2025-03-22 12:29:47,360] WARNING: dlb (12/2010): No existing record found(12/2010, 2010-12-31) - creating new one
[2025-03-22 12:29:47,361] INFO: dlb (12/2010): Created new record with 23 non-zero financial metrics
[2025-03-22 12:29:47,376] INFO: Trying adjusted date: 3/2011 (original: 4/2011)
[2025-03-22 12:29:47,391] WARNING: dlb (4/2011): No existing record found(4/2011, 2011-04-01) - creating new one
[2025-03-22 12:29:47,392] INFO: dlb (4/2011): Created new record with 18 non-zero financial metrics
[2025-03-22 12:29:47,408] INFO: Trying adjusted date: 6/2011 (original: 7/2011)
[2025-03-22 12:29:47,423] WARNING: dlb (7/2011): No existing record found(7/2011, 2011-07-01) - creating new one
[2025-03-22 12:29:47,423] INFO: dlb (7/2011): Created new record with 19 non-zero financial metrics
[2025-03-22 12:29:47,440] INFO: Trying adjusted date: 10/2011 (original: 9/2011)
[2025-03-22 12:29:47,454] WARNING: dlb (9/2011): No existing record found(9/2011, 2011-09-30) - creating new one
[2025-03-22 12:29:47,455] INFO: dlb (9/2011): Created new record with 24 non-zero financial metrics
[2025-03-22 12:29:47,471] INFO: Trying adjusted date: 1/2012 (original: 12/2011)
[2025-03-22 12:29:47,485] WARNING: dlb (12/2011): No existing record found(12/2011, 2011-12-30) - creating new one
[2025-03-22 12:29:47,486] INFO: dlb (12/2011): Created new record with 23 non-zero financial metrics
[2025-03-22 12:29:47,504] INFO: Trying adjusted date: 4/2012 (original: 3/2012)
[2025-03-22 12:29:47,518] WARNING: dlb (3/2012): No existing record found(3/2012, 2012-03-30) - creating new one
[2025-03-22 12:29:47,519] INFO: dlb (3/2012): Created new record with 19 non-zero financial metrics
[2025-03-22 12:29:47,538] INFO: Trying adjusted date: 7/2012 (original: 6/2012)
[2025-03-22 12:29:47,552] WARNING: dlb (6/2012): No existing record found(6/2012, 2012-06-29) - creating new one
[2025-03-22 12:29:47,552] INFO: dlb (6/2012): Created new record with 19 non-zero financial metrics
[2025-03-22 12:29:47,585] INFO: dlb (9/2012): Updated existing record with 24 non-zero financial metrics
[2025-03-22 12:29:47,615] INFO: dlb (12/2012): Updated existing record with 24 non-zero financial metrics
[2025-03-22 12:29:47,645] INFO: dlb (3/2013): Updated existing record with 20 non-zero financial metrics
[2025-03-22 12:29:47,677] INFO: dlb (6/2013): Updated existing record with 20 non-zero financial metrics
[2025-03-22 12:29:47,706] INFO: dlb (9/2013): Updated existing record with 24 non-zero financial metrics
[2025-03-22 12:29:47,736] INFO: dlb (12/2013): Updated existing record with 23 non-zero financial metrics
[2025-03-22 12:29:47,753] WARNING: dlb (3/2014): Found zero values for fields: Share Repurchases
[2025-03-22 12:29:47,766] INFO: dlb (3/2014): Updated existing record with 18 non-zero financial metrics
[2025-03-22 12:29:47,796] INFO: dlb (6/2014): Updated existing record with 19 non-zero financial metrics
[2025-03-22 12:29:47,812] INFO: Trying adjusted date: 12/2014 (original: 11/2014)
[2025-03-22 12:29:47,826] INFO: Found existing row with adjusted date: 12/2014
[2025-03-22 12:29:47,842] INFO: dlb (12/2014): Updated existing record with 0 non-zero financial metrics
[2025-03-22 12:29:47,873] INFO: dlb (12/2014): Updated existing record with 23 non-zero financial metrics
[2025-03-22 12:29:47,902] INFO: dlb (3/2015): Updated existing record with 18 non-zero financial metrics
[2025-03-22 12:29:47,931] INFO: dlb (6/2015): Updated existing record with 19 non-zero financial metrics
[2025-03-22 12:29:47,963] INFO: dlb (9/2015): Updated existing record with 23 non-zero financial metrics
[2025-03-22 12:29:47,979] INFO: Trying adjusted date: 12/2015 (original: 1/2016)
[2025-03-22 12:29:47,993] INFO: Found existing row with adjusted date: 12/2015
[2025-03-22 12:29:48,007] INFO: dlb (12/2015): Updated existing record with 23 non-zero financial metrics
[2025-03-22 12:29:48,023] INFO: Trying adjusted date: 3/2016 (original: 4/2016)
[2025-03-22 12:29:48,037] INFO: Found existing row with adjusted date: 3/2016
[2025-03-22 12:29:48,050] INFO: dlb (3/2016): Updated existing record with 19 non-zero financial metrics
[2025-03-22 12:29:48,066] INFO: Trying adjusted date: 6/2016 (original: 7/2016)
[2025-03-22 12:29:48,079] INFO: Found existing row with adjusted date: 6/2016
[2025-03-22 12:29:48,093] INFO: dlb (6/2016): Updated existing record with 19 non-zero financial metrics
[2025-03-22 12:29:48,124] INFO: dlb (9/2016): Updated existing record with 23 non-zero financial metrics
[2025-03-22 12:29:48,153] INFO: dlb (12/2016): Updated existing record with 23 non-zero financial metrics
[2025-03-22 12:29:48,183] INFO: dlb (3/2017): Updated existing record with 19 non-zero financial metrics
[2025-03-22 12:29:48,211] INFO: dlb (6/2017): Updated existing record with 19 non-zero financial metrics
[2025-03-22 12:29:48,241] INFO: dlb (9/2017): Updated existing record with 23 non-zero financial metrics
[2025-03-22 12:29:48,271] INFO: dlb (12/2017): Updated existing record with 23 non-zero financial metrics
[2025-03-22 12:29:48,301] INFO: dlb (3/2018): Updated existing record with 18 non-zero financial metrics
[2025-03-22 12:29:48,330] INFO: dlb (6/2018): Updated existing record with 19 non-zero financial metrics
[2025-03-22 12:29:48,360] INFO: dlb (9/2018): Updated existing record with 23 non-zero financial metrics
[2025-03-22 12:29:48,391] INFO: dlb (12/2018): Updated existing record with 23 non-zero financial metrics
[2025-03-22 12:29:48,421] INFO: dlb (3/2019): Updated existing record with 18 non-zero financial metrics
[2025-03-22 12:29:48,450] INFO: dlb (6/2019): Updated existing record with 19 non-zero financial metrics
[2025-03-22 12:29:48,480] INFO: dlb (9/2019): Updated existing record with 23 non-zero financial metrics
[2025-03-22 12:29:48,510] INFO: dlb (12/2019): Updated existing record with 23 non-zero financial metrics
[2025-03-22 12:29:48,539] INFO: dlb (3/2020): Updated existing record with 19 non-zero financial metrics
[2025-03-22 12:29:48,568] INFO: dlb (6/2020): Updated existing record with 19 non-zero financial metrics
[2025-03-22 12:29:48,598] INFO: dlb (9/2020): Updated existing record with 23 non-zero financial metrics
[2025-03-22 12:29:48,627] INFO: dlb (12/2020): Updated existing record with 23 non-zero financial metrics
[2025-03-22 12:29:48,658] INFO: dlb (3/2021): Updated existing record with 19 non-zero financial metrics
[2025-03-22 12:29:48,688] INFO: dlb (6/2021): Updated existing record with 19 non-zero financial metrics
[2025-03-22 12:29:48,718] INFO: dlb (9/2021): Updated existing record with 23 non-zero financial metrics
[2025-03-22 12:29:48,748] INFO: dlb (12/2021): Updated existing record with 23 non-zero financial metrics
[2025-03-22 12:29:48,763] INFO: Trying adjusted date: 3/2022 (original: 4/2022)
[2025-03-22 12:29:48,778] INFO: Found existing row with adjusted date: 3/2022
[2025-03-22 12:29:48,792] INFO: dlb (3/2022): Updated existing record with 19 non-zero financial metrics
[2025-03-22 12:29:48,808] INFO: Trying adjusted date: 6/2022 (original: 7/2022)
[2025-03-22 12:29:48,821] INFO: Found existing row with adjusted date: 6/2022
[2025-03-22 12:29:48,836] INFO: dlb (6/2022): Updated existing record with 19 non-zero financial metrics
[2025-03-22 12:29:48,865] INFO: dlb (9/2022): Updated existing record with 23 non-zero financial metrics
[2025-03-22 12:29:48,895] INFO: dlb (12/2022): Updated existing record with 23 non-zero financial metrics
[2025-03-22 12:29:48,926] INFO: dlb (3/2023): Updated existing record with 19 non-zero financial metrics
[2025-03-22 12:29:48,955] INFO: dlb (6/2023): Updated existing record with 19 non-zero financial metrics
[2025-03-22 12:29:48,986] INFO: dlb (9/2023): Updated existing record with 22 non-zero financial metrics
[2025-03-22 12:29:49,015] INFO: dlb (12/2023): Updated existing record with 22 non-zero financial metrics
[2025-03-22 12:29:49,044] INFO: dlb (3/2024): Updated existing record with 18 non-zero financial metrics
[2025-03-22 12:29:49,076] INFO: dlb (6/2024): Updated existing record with 18 non-zero financial metrics
[2025-03-22 12:29:49,106] INFO: dlb (9/2024): Updated existing record with 22 non-zero financial metrics
[2025-03-22 12:29:49,135] INFO: dlb (12/2024): Updated existing record with 22 non-zero financial metrics
