[2025-03-22 03:29:20,625] INFO: Trying adjusted date: 8/2010 (original: 7/2010)
[2025-03-22 03:29:20,637] WARNING: dltr (7/2010): No existing record found(7/2010, 2010-07-31) - creating new one
[2025-03-22 03:29:20,638] INFO: dltr (7/2010): Created new record with 11 non-zero financial metrics
[2025-03-22 03:29:20,654] INFO: Trying adjusted date: 11/2010 (original: 10/2010)
[2025-03-22 03:29:20,667] WARNING: dltr (10/2010): No existing record found(10/2010, 2010-10-30) - creating new one
[2025-03-22 03:29:20,668] INFO: dltr (10/2010): Created new record with 11 non-zero financial metrics
[2025-03-22 03:29:20,683] INFO: Trying adjusted date: 2/2011 (original: 1/2011)
[2025-03-22 03:29:20,696] WARNING: dltr (1/2011): No existing record found(1/2011, 2011-01-29) - creating new one
[2025-03-22 03:29:20,696] INFO: dltr (1/2011): Created new record with 16 non-zero financial metrics
[2025-03-22 03:29:20,713] INFO: Trying adjusted date: 5/2011 (original: 4/2011)
[2025-03-22 03:29:20,726] WARNING: dltr (4/2011): No existing record found(4/2011, 2011-04-30) - creating new one
[2025-03-22 03:29:20,726] INFO: dltr (4/2011): Created new record with 16 non-zero financial metrics
[2025-03-22 03:29:20,740] INFO: Trying adjusted date: 8/2011 (original: 7/2011)
[2025-03-22 03:29:20,753] WARNING: dltr (7/2011): No existing record found(7/2011, 2011-07-30) - creating new one
[2025-03-22 03:29:20,754] INFO: dltr (7/2011): Created new record with 11 non-zero financial metrics
[2025-03-22 03:29:20,768] INFO: Trying adjusted date: 11/2011 (original: 10/2011)
[2025-03-22 03:29:20,780] WARNING: dltr (10/2011): No existing record found(10/2011, 2011-10-29) - creating new one
[2025-03-22 03:29:20,780] INFO: dltr (10/2011): Created new record with 11 non-zero financial metrics
[2025-03-22 03:29:20,794] INFO: Trying adjusted date: 5/2012 (original: 4/2012)
[2025-03-22 03:29:20,807] WARNING: dltr (4/2012): No existing record found(4/2012, 2012-04-28) - creating new one
[2025-03-22 03:29:20,808] INFO: dltr (4/2012): Created new record with 16 non-zero financial metrics
[2025-03-22 03:29:20,823] INFO: Trying adjusted date: 8/2012 (original: 7/2012)
[2025-03-22 03:29:20,836] WARNING: dltr (7/2012): No existing record found(7/2012, 2012-07-28) - creating new one
[2025-03-22 03:29:20,836] INFO: dltr (7/2012): Created new record with 12 non-zero financial metrics
[2025-03-22 03:29:20,864] INFO: dltr (10/2012): Updated existing record with 11 non-zero financial metrics
[2025-03-22 03:29:20,878] INFO: Trying adjusted date: 1/2013 (original: 2/2013)
[2025-03-22 03:29:20,892] INFO: Found existing row with adjusted date: 1/2013
[2025-03-22 03:29:20,905] INFO: dltr (1/2013): Updated existing record with 15 non-zero financial metrics
[2025-03-22 03:29:20,919] INFO: Trying adjusted date: 4/2013 (original: 5/2013)
[2025-03-22 03:29:20,932] INFO: Found existing row with adjusted date: 4/2013
[2025-03-22 03:29:20,945] INFO: dltr (4/2013): Updated existing record with 15 non-zero financial metrics
[2025-03-22 03:29:20,960] INFO: Trying adjusted date: 7/2013 (original: 8/2013)
[2025-03-22 03:29:20,972] INFO: Found existing row with adjusted date: 7/2013
[2025-03-22 03:29:20,985] INFO: dltr (7/2013): Updated existing record with 10 non-zero financial metrics
[2025-03-22 03:29:20,998] INFO: Trying adjusted date: 10/2013 (original: 11/2013)
[2025-03-22 03:29:21,011] INFO: Found existing row with adjusted date: 10/2013
[2025-03-22 03:29:21,023] INFO: dltr (10/2013): Updated existing record with 10 non-zero financial metrics
[2025-03-22 03:29:21,037] INFO: Trying adjusted date: 1/2014 (original: 2/2014)
[2025-03-22 03:29:21,049] INFO: Found existing row with adjusted date: 1/2014
[2025-03-22 03:29:21,062] INFO: dltr (1/2014): Updated existing record with 15 non-zero financial metrics
[2025-03-22 03:29:21,075] INFO: Trying adjusted date: 4/2014 (original: 5/2014)
[2025-03-22 03:29:21,087] INFO: Found existing row with adjusted date: 4/2014
[2025-03-22 03:29:21,088] WARNING: dltr (4/2014): Found zero values for fields: Share Repurchases
[2025-03-22 03:29:21,100] INFO: dltr (4/2014): Updated existing record with 14 non-zero financial metrics
[2025-03-22 03:29:21,114] INFO: Trying adjusted date: 7/2014 (original: 8/2014)
[2025-03-22 03:29:21,126] INFO: Found existing row with adjusted date: 7/2014
[2025-03-22 03:29:21,138] INFO: dltr (7/2014): Updated existing record with 10 non-zero financial metrics
[2025-03-22 03:29:21,152] INFO: Trying adjusted date: 10/2014 (original: 11/2014)
[2025-03-22 03:29:21,165] INFO: Found existing row with adjusted date: 10/2014
[2025-03-22 03:29:21,177] INFO: dltr (10/2014): Updated existing record with 10 non-zero financial metrics
[2025-03-22 03:29:21,191] WARNING: dltr (1/2015): Found zero values for fields: Share Repurchases
[2025-03-22 03:29:21,204] INFO: dltr (1/2015): Updated existing record with 14 non-zero financial metrics
[2025-03-22 03:29:21,218] INFO: Trying adjusted date: 4/2015 (original: 5/2015)
[2025-03-22 03:29:21,230] INFO: Found existing row with adjusted date: 4/2015
[2025-03-22 03:29:21,243] INFO: dltr (4/2015): Updated existing record with 15 non-zero financial metrics
[2025-03-22 03:29:21,257] INFO: Trying adjusted date: 7/2015 (original: 8/2015)
[2025-03-22 03:29:21,269] INFO: Found existing row with adjusted date: 7/2015
[2025-03-22 03:29:21,282] INFO: dltr (7/2015): Updated existing record with 12 non-zero financial metrics
[2025-03-22 03:29:21,308] INFO: dltr (10/2015): Updated existing record with 12 non-zero financial metrics
[2025-03-22 03:29:21,322] WARNING: dltr (1/2016): Found zero values for fields: Share Repurchases
[2025-03-22 03:29:21,334] INFO: dltr (1/2016): Updated existing record with 15 non-zero financial metrics
[2025-03-22 03:29:21,360] INFO: dltr (4/2016): Updated existing record with 15 non-zero financial metrics
[2025-03-22 03:29:21,389] INFO: dltr (7/2016): Updated existing record with 11 non-zero financial metrics
[2025-03-22 03:29:21,415] INFO: dltr (10/2016): Updated existing record with 11 non-zero financial metrics
[2025-03-22 03:29:21,442] INFO: dltr (1/2017): Updated existing record with 15 non-zero financial metrics
[2025-03-22 03:29:21,468] INFO: dltr (4/2017): Updated existing record with 15 non-zero financial metrics
[2025-03-22 03:29:21,494] INFO: dltr (7/2017): Updated existing record with 11 non-zero financial metrics
[2025-03-22 03:29:21,521] INFO: dltr (10/2017): Updated existing record with 11 non-zero financial metrics
[2025-03-22 03:29:21,535] INFO: Trying adjusted date: 1/2018 (original: 2/2018)
[2025-03-22 03:29:21,547] INFO: Found existing row with adjusted date: 1/2018
[2025-03-22 03:29:21,560] INFO: dltr (1/2018): Updated existing record with 15 non-zero financial metrics
[2025-03-22 03:29:21,574] INFO: Trying adjusted date: 4/2018 (original: 5/2018)
[2025-03-22 03:29:21,586] INFO: Found existing row with adjusted date: 4/2018
[2025-03-22 03:29:21,600] INFO: dltr (4/2018): Updated existing record with 16 non-zero financial metrics
[2025-03-22 03:29:21,625] INFO: Trying adjusted date: 7/2018 (original: 8/2018)
[2025-03-22 03:29:21,638] INFO: Found existing row with adjusted date: 7/2018
[2025-03-22 03:29:21,651] INFO: dltr (7/2018): Updated existing record with 12 non-zero financial metrics
[2025-03-22 03:29:21,668] INFO: Trying adjusted date: 10/2018 (original: 11/2018)
[2025-03-22 03:29:21,681] INFO: Found existing row with adjusted date: 10/2018
[2025-03-22 03:29:21,694] INFO: dltr (10/2018): Updated existing record with 13 non-zero financial metrics
[2025-03-22 03:29:21,709] INFO: Trying adjusted date: 1/2019 (original: 2/2019)
[2025-03-22 03:29:21,722] INFO: Found existing row with adjusted date: 1/2019
[2025-03-22 03:29:21,735] INFO: dltr (1/2019): Updated existing record with 16 non-zero financial metrics
[2025-03-22 03:29:21,749] INFO: Trying adjusted date: 4/2019 (original: 5/2019)
[2025-03-22 03:29:21,761] INFO: Found existing row with adjusted date: 4/2019
[2025-03-22 03:29:21,774] INFO: dltr (4/2019): Updated existing record with 17 non-zero financial metrics
[2025-03-22 03:29:21,787] INFO: Trying adjusted date: 7/2019 (original: 8/2019)
[2025-03-22 03:29:21,799] INFO: Found existing row with adjusted date: 7/2019
[2025-03-22 03:29:21,811] INFO: dltr (7/2019): Updated existing record with 12 non-zero financial metrics
[2025-03-22 03:29:21,825] INFO: Trying adjusted date: 10/2019 (original: 11/2019)
[2025-03-22 03:29:21,838] INFO: Found existing row with adjusted date: 10/2019
[2025-03-22 03:29:21,850] INFO: dltr (10/2019): Updated existing record with 12 non-zero financial metrics
[2025-03-22 03:29:21,864] INFO: Trying adjusted date: 1/2020 (original: 2/2020)
[2025-03-22 03:29:21,876] INFO: Found existing row with adjusted date: 1/2020
[2025-03-22 03:29:21,889] INFO: dltr (1/2020): Updated existing record with 17 non-zero financial metrics
[2025-03-22 03:29:21,903] INFO: Trying adjusted date: 4/2020 (original: 5/2020)
[2025-03-22 03:29:21,916] INFO: Found existing row with adjusted date: 4/2020
[2025-03-22 03:29:21,916] WARNING: dltr (4/2020): Found zero values for fields: Share Repurchases
[2025-03-22 03:29:21,928] INFO: dltr (4/2020): Updated existing record with 15 non-zero financial metrics
[2025-03-22 03:29:21,942] INFO: Trying adjusted date: 7/2020 (original: 8/2020)
[2025-03-22 03:29:21,955] INFO: Found existing row with adjusted date: 7/2020
[2025-03-22 03:29:21,967] INFO: dltr (7/2020): Updated existing record with 12 non-zero financial metrics
[2025-03-22 03:29:21,994] INFO: dltr (10/2020): Updated existing record with 12 non-zero financial metrics
[2025-03-22 03:29:22,020] INFO: dltr (1/2021): Updated existing record with 16 non-zero financial metrics
[2025-03-22 03:29:22,034] INFO: Trying adjusted date: 4/2021 (original: 5/2021)
[2025-03-22 03:29:22,047] INFO: Found existing row with adjusted date: 4/2021
[2025-03-22 03:29:22,059] INFO: dltr (4/2021): Updated existing record with 16 non-zero financial metrics
[2025-03-22 03:29:22,084] INFO: dltr (7/2021): Updated existing record with 12 non-zero financial metrics
[2025-03-22 03:29:22,109] INFO: dltr (10/2021): Updated existing record with 12 non-zero financial metrics
[2025-03-22 03:29:22,135] INFO: dltr (1/2022): Updated existing record with 16 non-zero financial metrics
[2025-03-22 03:29:22,160] INFO: dltr (4/2022): Updated existing record with 16 non-zero financial metrics
[2025-03-22 03:29:22,188] INFO: dltr (7/2022): Updated existing record with 12 non-zero financial metrics
[2025-03-22 03:29:22,214] INFO: dltr (10/2022): Updated existing record with 12 non-zero financial metrics
[2025-03-22 03:29:22,241] INFO: dltr (1/2023): Updated existing record with 16 non-zero financial metrics
[2025-03-22 03:29:22,267] INFO: dltr (4/2023): Updated existing record with 16 non-zero financial metrics
[2025-03-22 03:29:22,294] INFO: dltr (7/2023): Updated existing record with 12 non-zero financial metrics
[2025-03-22 03:29:22,320] INFO: dltr (10/2023): Updated existing record with 12 non-zero financial metrics
[2025-03-22 03:29:22,333] INFO: Trying adjusted date: 1/2024 (original: 2/2024)
[2025-03-22 03:29:22,346] INFO: Found existing row with adjusted date: 1/2024
[2025-03-22 03:29:22,359] INFO: dltr (1/2024): Updated existing record with 17 non-zero financial metrics
[2025-03-22 03:29:22,372] INFO: Trying adjusted date: 4/2024 (original: 5/2024)
[2025-03-22 03:29:22,384] INFO: Found existing row with adjusted date: 4/2024
[2025-03-22 03:29:22,397] INFO: dltr (4/2024): Updated existing record with 16 non-zero financial metrics
[2025-03-22 03:29:22,411] INFO: Trying adjusted date: 7/2024 (original: 8/2024)
[2025-03-22 03:29:22,424] INFO: Found existing row with adjusted date: 7/2024
[2025-03-22 03:29:22,437] INFO: dltr (7/2024): Updated existing record with 12 non-zero financial metrics
[2025-03-22 03:29:22,450] INFO: Trying adjusted date: 10/2024 (original: 11/2024)
[2025-03-22 03:29:22,462] INFO: Found existing row with adjusted date: 10/2024
[2025-03-22 03:29:22,474] INFO: dltr (10/2024): Updated existing record with 12 non-zero financial metrics
