[2025-03-22 13:50:59,880] INFO: dnb (6/2020): Updated existing record with 15 non-zero financial metrics
[2025-03-22 13:50:59,911] INFO: dnb (9/2020): Updated existing record with 15 non-zero financial metrics
[2025-03-22 13:50:59,942] INFO: dnb (12/2020): Updated existing record with 19 non-zero financial metrics
[2025-03-22 13:50:59,971] INFO: dnb (3/2021): Updated existing record with 18 non-zero financial metrics
[2025-03-22 13:51:00,001] INFO: dnb (6/2021): Updated existing record with 15 non-zero financial metrics
[2025-03-22 13:51:00,034] INFO: dnb (9/2021): Updated existing record with 15 non-zero financial metrics
[2025-03-22 13:51:00,066] INFO: dnb (12/2021): Updated existing record with 19 non-zero financial metrics
[2025-03-22 13:51:00,098] INFO: dnb (3/2022): Updated existing record with 18 non-zero financial metrics
[2025-03-22 13:51:00,115] WARNING: dnb (6/2022): Found zero values for fields: Net Income, EPS Diluted
[2025-03-22 13:51:00,129] INFO: dnb (6/2022): Updated existing record with 13 non-zero financial metrics
[2025-03-22 13:51:00,160] INFO: dnb (9/2022): Updated existing record with 15 non-zero financial metrics
[2025-03-22 13:51:00,190] INFO: dnb (12/2022): Updated existing record with 19 non-zero financial metrics
[2025-03-22 13:51:00,220] INFO: dnb (3/2023): Updated existing record with 18 non-zero financial metrics
[2025-03-22 13:51:00,253] INFO: dnb (6/2023): Updated existing record with 15 non-zero financial metrics
[2025-03-22 13:51:00,284] INFO: dnb (9/2023): Updated existing record with 15 non-zero financial metrics
[2025-03-22 13:51:00,315] INFO: dnb (12/2023): Updated existing record with 18 non-zero financial metrics
[2025-03-22 13:51:00,344] INFO: dnb (3/2024): Updated existing record with 17 non-zero financial metrics
[2025-03-22 13:51:00,374] INFO: dnb (6/2024): Updated existing record with 13 non-zero financial metrics
[2025-03-22 13:51:00,404] INFO: dnb (9/2024): Updated existing record with 13 non-zero financial metrics
[2025-03-22 13:51:00,420] INFO: Trying adjusted date: 1/2025 (original: 12/2024)
[2025-03-22 13:51:00,434] WARNING: dnb (12/2024): No existing record found(12/2024, 2024-12-31) - creating new one
[2025-03-22 13:51:00,434] INFO: dnb (12/2024): Created new record with 18 non-zero financial metrics
