[2025-03-22 08:51:39,085] INFO: docu (4/2018): Updated existing record with 20 non-zero financial metrics
[2025-03-22 08:51:39,117] INFO: docu (7/2018): Updated existing record with 16 non-zero financial metrics
[2025-03-22 08:51:39,146] INFO: docu (10/2018): Updated existing record with 16 non-zero financial metrics
[2025-03-22 08:51:39,176] INFO: docu (1/2019): Updated existing record with 21 non-zero financial metrics
[2025-03-22 08:51:39,206] INFO: docu (4/2019): Updated existing record with 20 non-zero financial metrics
[2025-03-22 08:51:39,236] INFO: docu (7/2019): Updated existing record with 16 non-zero financial metrics
[2025-03-22 08:51:39,264] INFO: docu (10/2019): Updated existing record with 16 non-zero financial metrics
[2025-03-22 08:51:39,293] INFO: docu (1/2020): Updated existing record with 21 non-zero financial metrics
[2025-03-22 08:51:39,321] INFO: docu (4/2020): Updated existing record with 20 non-zero financial metrics
[2025-03-22 08:51:39,349] INFO: docu (7/2020): Updated existing record with 16 non-zero financial metrics
[2025-03-22 08:51:39,377] INFO: docu (10/2020): Updated existing record with 16 non-zero financial metrics
[2025-03-22 08:51:39,407] INFO: docu (1/2021): Updated existing record with 21 non-zero financial metrics
[2025-03-22 08:51:39,435] INFO: docu (4/2021): Updated existing record with 22 non-zero financial metrics
[2025-03-22 08:51:39,464] INFO: docu (7/2021): Updated existing record with 18 non-zero financial metrics
[2025-03-22 08:51:39,493] INFO: docu (10/2021): Updated existing record with 18 non-zero financial metrics
[2025-03-22 08:51:39,522] INFO: docu (1/2022): Updated existing record with 22 non-zero financial metrics
[2025-03-22 08:51:39,551] INFO: docu (4/2022): Updated existing record with 22 non-zero financial metrics
[2025-03-22 08:51:39,578] INFO: docu (7/2022): Updated existing record with 18 non-zero financial metrics
[2025-03-22 08:51:39,607] INFO: docu (10/2022): Updated existing record with 18 non-zero financial metrics
[2025-03-22 08:51:39,636] INFO: docu (1/2023): Updated existing record with 23 non-zero financial metrics
[2025-03-22 08:51:39,651] WARNING: docu (4/2023): Found zero values for fields: EPS Diluted
[2025-03-22 08:51:39,665] INFO: docu (4/2023): Updated existing record with 22 non-zero financial metrics
[2025-03-22 08:51:39,693] INFO: docu (7/2023): Updated existing record with 18 non-zero financial metrics
[2025-03-22 08:51:39,724] INFO: docu (10/2023): Updated existing record with 18 non-zero financial metrics
[2025-03-22 08:51:39,752] INFO: docu (1/2024): Updated existing record with 23 non-zero financial metrics
[2025-03-22 08:51:39,781] INFO: docu (4/2024): Updated existing record with 23 non-zero financial metrics
[2025-03-22 08:51:39,812] INFO: docu (7/2024): Updated existing record with 17 non-zero financial metrics
[2025-03-22 08:51:39,840] INFO: docu (10/2024): Updated existing record with 17 non-zero financial metrics
[2025-03-22 08:51:39,855] INFO: Trying adjusted date: 2/2025 (original: 1/2025)
[2025-03-22 08:51:39,869] WARNING: docu (1/2025): No existing record found(1/2025, 2025-01-31) - creating new one
[2025-03-22 08:51:39,869] INFO: docu (1/2025): Created new record with 22 non-zero financial metrics
