[2025-03-22 06:22:49,966] INFO: Trying adjusted date: 4/2010 (original: 3/2010)
[2025-03-22 06:22:49,979] WARNING: dov (3/2010): No existing record found(3/2010, 2010-03-31) - creating new one
[2025-03-22 06:22:49,980] INFO: dov (3/2010): Created new record with 15 non-zero financial metrics
[2025-03-22 06:22:50,006] INFO: Trying adjusted date: 7/2010 (original: 6/2010)
[2025-03-22 06:22:50,019] WARNING: dov (6/2010): No existing record found(6/2010, 2010-06-30) - creating new one
[2025-03-22 06:22:50,019] INFO: dov (6/2010): Created new record with 14 non-zero financial metrics
[2025-03-22 06:22:50,034] INFO: Trying adjusted date: 10/2010 (original: 9/2010)
[2025-03-22 06:22:50,047] WARNING: dov (9/2010): No existing record found(9/2010, 2010-09-30) - creating new one
[2025-03-22 06:22:50,047] INFO: dov (9/2010): Created new record with 14 non-zero financial metrics
[2025-03-22 06:22:50,061] INFO: Trying adjusted date: 1/2011 (original: 12/2010)
[2025-03-22 06:22:50,074] WARNING: dov (12/2010): No existing record found(12/2010, 2010-12-31) - creating new one
[2025-03-22 06:22:50,075] INFO: dov (12/2010): Created new record with 18 non-zero financial metrics
[2025-03-22 06:22:50,090] INFO: Trying adjusted date: 4/2011 (original: 3/2011)
[2025-03-22 06:22:50,103] WARNING: dov (3/2011): No existing record found(3/2011, 2011-03-31) - creating new one
[2025-03-22 06:22:50,104] INFO: dov (3/2011): Created new record with 16 non-zero financial metrics
[2025-03-22 06:22:50,119] INFO: Trying adjusted date: 7/2011 (original: 6/2011)
[2025-03-22 06:22:50,131] WARNING: dov (6/2011): No existing record found(6/2011, 2011-06-30) - creating new one
[2025-03-22 06:22:50,132] INFO: dov (6/2011): Created new record with 12 non-zero financial metrics
[2025-03-22 06:22:50,146] INFO: Trying adjusted date: 10/2011 (original: 9/2011)
[2025-03-22 06:22:50,159] WARNING: dov (9/2011): No existing record found(9/2011, 2011-09-30) - creating new one
[2025-03-22 06:22:50,160] INFO: dov (9/2011): Created new record with 12 non-zero financial metrics
[2025-03-22 06:22:50,178] INFO: Trying adjusted date: 1/2012 (original: 12/2011)
[2025-03-22 06:22:50,190] WARNING: dov (12/2011): No existing record found(12/2011, 2011-12-31) - creating new one
[2025-03-22 06:22:50,191] INFO: dov (12/2011): Created new record with 16 non-zero financial metrics
[2025-03-22 06:22:50,208] INFO: Trying adjusted date: 4/2012 (original: 3/2012)
[2025-03-22 06:22:50,221] WARNING: dov (3/2012): No existing record found(3/2012, 2012-03-31) - creating new one
[2025-03-22 06:22:50,222] INFO: dov (3/2012): Created new record with 14 non-zero financial metrics
[2025-03-22 06:22:50,237] INFO: Trying adjusted date: 7/2012 (original: 6/2012)
[2025-03-22 06:22:50,250] WARNING: dov (6/2012): No existing record found(6/2012, 2012-06-30) - creating new one
[2025-03-22 06:22:50,250] INFO: dov (6/2012): Created new record with 12 non-zero financial metrics
[2025-03-22 06:22:50,278] INFO: dov (9/2012): Updated existing record with 12 non-zero financial metrics
[2025-03-22 06:22:50,307] INFO: dov (12/2012): Updated existing record with 16 non-zero financial metrics
[2025-03-22 06:22:50,334] INFO: dov (3/2013): Updated existing record with 14 non-zero financial metrics
[2025-03-22 06:22:50,361] INFO: dov (6/2013): Updated existing record with 12 non-zero financial metrics
[2025-03-22 06:22:50,389] INFO: dov (9/2013): Updated existing record with 12 non-zero financial metrics
[2025-03-22 06:22:50,416] INFO: dov (12/2013): Updated existing record with 16 non-zero financial metrics
[2025-03-22 06:22:50,443] INFO: dov (3/2014): Updated existing record with 15 non-zero financial metrics
[2025-03-22 06:22:50,470] INFO: dov (6/2014): Updated existing record with 12 non-zero financial metrics
[2025-03-22 06:22:50,498] INFO: dov (9/2014): Updated existing record with 12 non-zero financial metrics
[2025-03-22 06:22:50,525] INFO: dov (12/2014): Updated existing record with 16 non-zero financial metrics
[2025-03-22 06:22:50,553] INFO: dov (3/2015): Updated existing record with 15 non-zero financial metrics
[2025-03-22 06:22:50,580] INFO: dov (6/2015): Updated existing record with 13 non-zero financial metrics
[2025-03-22 06:22:50,607] INFO: dov (9/2015): Updated existing record with 13 non-zero financial metrics
[2025-03-22 06:22:50,635] INFO: dov (12/2015): Updated existing record with 16 non-zero financial metrics
[2025-03-22 06:22:50,649] WARNING: dov (3/2016): Found zero values for fields: Share Repurchases
[2025-03-22 06:22:50,662] INFO: dov (3/2016): Updated existing record with 14 non-zero financial metrics
[2025-03-22 06:22:50,691] INFO: dov (6/2016): Updated existing record with 12 non-zero financial metrics
[2025-03-22 06:22:50,719] INFO: dov (9/2016): Updated existing record with 12 non-zero financial metrics
[2025-03-22 06:22:50,733] WARNING: dov (12/2016): Found zero values for fields: Share Repurchases
[2025-03-22 06:22:50,746] INFO: dov (12/2016): Updated existing record with 16 non-zero financial metrics
[2025-03-22 06:22:50,773] INFO: dov (3/2017): Updated existing record with 16 non-zero financial metrics
[2025-03-22 06:22:50,801] INFO: dov (6/2017): Updated existing record with 14 non-zero financial metrics
[2025-03-22 06:22:50,827] INFO: dov (9/2017): Updated existing record with 14 non-zero financial metrics
[2025-03-22 06:22:50,856] INFO: dov (12/2017): Updated existing record with 17 non-zero financial metrics
[2025-03-22 06:22:50,885] INFO: dov (3/2018): Updated existing record with 18 non-zero financial metrics
[2025-03-22 06:22:50,913] INFO: dov (6/2018): Updated existing record with 15 non-zero financial metrics
[2025-03-22 06:22:50,941] INFO: dov (9/2018): Updated existing record with 15 non-zero financial metrics
[2025-03-22 06:22:50,968] INFO: dov (12/2018): Updated existing record with 19 non-zero financial metrics
[2025-03-22 06:22:50,983] WARNING: dov (3/2019): Found zero values for fields: Share Repurchases
[2025-03-22 06:22:50,996] INFO: dov (3/2019): Updated existing record with 16 non-zero financial metrics
[2025-03-22 06:22:51,022] INFO: dov (6/2019): Updated existing record with 13 non-zero financial metrics
[2025-03-22 06:22:51,053] INFO: dov (9/2019): Updated existing record with 13 non-zero financial metrics
[2025-03-22 06:22:51,080] INFO: dov (12/2019): Updated existing record with 18 non-zero financial metrics
[2025-03-22 06:22:51,107] INFO: dov (3/2020): Updated existing record with 16 non-zero financial metrics
[2025-03-22 06:22:51,134] INFO: dov (6/2020): Updated existing record with 13 non-zero financial metrics
[2025-03-22 06:22:51,161] INFO: dov (9/2020): Updated existing record with 13 non-zero financial metrics
[2025-03-22 06:22:51,188] INFO: dov (12/2020): Updated existing record with 18 non-zero financial metrics
[2025-03-22 06:22:51,215] INFO: dov (3/2021): Updated existing record with 18 non-zero financial metrics
[2025-03-22 06:22:51,241] INFO: dov (6/2021): Updated existing record with 13 non-zero financial metrics
[2025-03-22 06:22:51,269] INFO: dov (9/2021): Updated existing record with 13 non-zero financial metrics
[2025-03-22 06:22:51,296] INFO: dov (12/2021): Updated existing record with 20 non-zero financial metrics
[2025-03-22 06:22:51,310] WARNING: dov (3/2022): Found zero values for fields: Share Repurchases
[2025-03-22 06:22:51,324] INFO: dov (3/2022): Updated existing record with 19 non-zero financial metrics
[2025-03-22 06:22:51,351] INFO: dov (6/2022): Updated existing record with 16 non-zero financial metrics
[2025-03-22 06:22:51,378] INFO: dov (9/2022): Updated existing record with 15 non-zero financial metrics
[2025-03-22 06:22:51,408] INFO: dov (12/2022): Updated existing record with 21 non-zero financial metrics
[2025-03-22 06:22:51,436] INFO: dov (3/2023): Updated existing record with 19 non-zero financial metrics
[2025-03-22 06:22:51,464] INFO: dov (6/2023): Updated existing record with 15 non-zero financial metrics
[2025-03-22 06:22:51,491] INFO: dov (9/2023): Updated existing record with 15 non-zero financial metrics
[2025-03-22 06:22:51,506] WARNING: dov (12/2023): Found zero values for fields: Share Repurchases
[2025-03-22 06:22:51,519] INFO: dov (12/2023): Updated existing record with 20 non-zero financial metrics
[2025-03-22 06:22:51,546] INFO: dov (3/2024): Updated existing record with 20 non-zero financial metrics
[2025-03-22 06:22:51,573] INFO: dov (6/2024): Updated existing record with 14 non-zero financial metrics
[2025-03-22 06:22:51,601] INFO: dov (9/2024): Updated existing record with 14 non-zero financial metrics
[2025-03-22 06:22:51,628] INFO: dov (12/2024): Updated existing record with 18 non-zero financial metrics
