[2025-03-22 02:57:39,600] INFO: Trying adjusted date: 4/2019 (original: 3/2019)
[2025-03-22 02:57:39,612] WARNING: dow (3/2019): No existing record found(3/2019, 2019-03-31) - creating new one
[2025-03-22 02:57:39,612] INFO: dow (3/2019): Created new record with 15 non-zero financial metrics
[2025-03-22 02:57:39,627] INFO: Trying adjusted date: 7/2019 (original: 6/2019)
[2025-03-22 02:57:39,640] WARNING: dow (6/2019): No existing record found(6/2019, 2019-06-30) - creating new one
[2025-03-22 02:57:39,640] INFO: dow (6/2019): Created new record with 13 non-zero financial metrics
[2025-03-22 02:57:39,666] INFO: dow (9/2019): Updated existing record with 14 non-zero financial metrics
[2025-03-22 02:57:39,694] INFO: dow (12/2019): Updated existing record with 18 non-zero financial metrics
[2025-03-22 02:57:39,720] INFO: dow (3/2020): Updated existing record with 17 non-zero financial metrics
[2025-03-22 02:57:39,746] INFO: dow (6/2020): Updated existing record with 13 non-zero financial metrics
[2025-03-22 02:57:39,773] INFO: dow (9/2020): Updated existing record with 13 non-zero financial metrics
[2025-03-22 02:57:39,798] INFO: dow (12/2020): Updated existing record with 18 non-zero financial metrics
[2025-03-22 02:57:39,812] WARNING: dow (3/2021): Found zero values for fields: Share Repurchases
[2025-03-22 02:57:39,825] INFO: dow (3/2021): Updated existing record with 16 non-zero financial metrics
[2025-03-22 02:57:39,851] INFO: dow (6/2021): Updated existing record with 13 non-zero financial metrics
[2025-03-22 02:57:39,877] INFO: dow (9/2021): Updated existing record with 13 non-zero financial metrics
[2025-03-22 02:57:39,902] INFO: dow (12/2021): Updated existing record with 17 non-zero financial metrics
[2025-03-22 02:57:39,929] INFO: dow (3/2022): Updated existing record with 17 non-zero financial metrics
[2025-03-22 02:57:39,954] INFO: dow (6/2022): Updated existing record with 13 non-zero financial metrics
[2025-03-22 02:57:39,979] INFO: dow (9/2022): Updated existing record with 13 non-zero financial metrics
[2025-03-22 02:57:40,006] INFO: dow (12/2022): Updated existing record with 16 non-zero financial metrics
[2025-03-22 02:57:40,033] INFO: dow (3/2023): Updated existing record with 17 non-zero financial metrics
[2025-03-22 02:57:40,059] INFO: dow (6/2023): Updated existing record with 12 non-zero financial metrics
[2025-03-22 02:57:40,084] INFO: dow (9/2023): Updated existing record with 12 non-zero financial metrics
[2025-03-22 02:57:40,110] INFO: dow (12/2023): Updated existing record with 16 non-zero financial metrics
[2025-03-22 02:57:40,137] INFO: dow (3/2024): Updated existing record with 16 non-zero financial metrics
[2025-03-22 02:57:40,163] INFO: dow (6/2024): Updated existing record with 12 non-zero financial metrics
[2025-03-22 02:57:40,194] INFO: dow (9/2024): Updated existing record with 12 non-zero financial metrics
[2025-03-22 02:57:40,222] INFO: dow (12/2024): Updated existing record with 16 non-zero financial metrics
