[2025-03-22 08:26:51,115] INFO: Trying adjusted date: 4/2011 (original: 3/2011)
[2025-03-22 08:26:51,127] WARNING: dpz (3/2011): No existing record found(3/2011, 2011-03-27) - creating new one
[2025-03-22 08:26:51,128] INFO: dpz (3/2011): Created new record with 18 non-zero financial metrics
[2025-03-22 08:26:51,143] INFO: Trying adjusted date: 7/2011 (original: 6/2011)
[2025-03-22 08:26:51,156] WARNING: dpz (6/2011): No existing record found(6/2011, 2011-06-19) - creating new one
[2025-03-22 08:26:51,156] INFO: dpz (6/2011): Created new record with 16 non-zero financial metrics
[2025-03-22 08:26:51,171] INFO: Trying adjusted date: 8/2011 (original: 9/2011)
[2025-03-22 08:26:51,183] WARNING: dpz (9/2011): No existing record found(9/2011, 2011-09-11) - creating new one
[2025-03-22 08:26:51,184] INFO: dpz (9/2011): Created new record with 16 non-zero financial metrics
[2025-03-22 08:26:51,200] INFO: Trying adjusted date: 12/2011 (original: 1/2012)
[2025-03-22 08:26:51,213] WARNING: dpz (1/2012): No existing record found(1/2012, 2012-01-01) - creating new one
[2025-03-22 08:26:51,213] INFO: dpz (1/2012): Created new record with 22 non-zero financial metrics
[2025-03-22 08:26:51,230] INFO: Trying adjusted date: 4/2012 (original: 3/2012)
[2025-03-22 08:26:51,243] WARNING: dpz (3/2012): No existing record found(3/2012, 2012-03-25) - creating new one
[2025-03-22 08:26:51,243] INFO: dpz (3/2012): Created new record with 19 non-zero financial metrics
[2025-03-22 08:26:51,257] INFO: Trying adjusted date: 7/2012 (original: 6/2012)
[2025-03-22 08:26:51,270] WARNING: dpz (6/2012): No existing record found(6/2012, 2012-06-17) - creating new one
[2025-03-22 08:26:51,270] INFO: dpz (6/2012): Created new record with 16 non-zero financial metrics
[2025-03-22 08:26:51,299] INFO: dpz (9/2012): Updated existing record with 16 non-zero financial metrics
[2025-03-22 08:26:51,327] INFO: dpz (12/2012): Updated existing record with 22 non-zero financial metrics
[2025-03-22 08:26:51,353] INFO: dpz (3/2013): Updated existing record with 20 non-zero financial metrics
[2025-03-22 08:26:51,382] INFO: dpz (6/2013): Updated existing record with 16 non-zero financial metrics
[2025-03-22 08:26:51,410] INFO: dpz (9/2013): Updated existing record with 16 non-zero financial metrics
[2025-03-22 08:26:51,436] INFO: dpz (12/2013): Updated existing record with 21 non-zero financial metrics
[2025-03-22 08:26:51,464] INFO: dpz (3/2014): Updated existing record with 17 non-zero financial metrics
[2025-03-22 08:26:51,496] INFO: dpz (6/2014): Updated existing record with 16 non-zero financial metrics
[2025-03-22 08:26:51,524] INFO: dpz (9/2014): Updated existing record with 16 non-zero financial metrics
[2025-03-22 08:26:51,552] INFO: dpz (12/2014): Updated existing record with 18 non-zero financial metrics
[2025-03-22 08:26:51,582] INFO: dpz (3/2015): Updated existing record with 17 non-zero financial metrics
[2025-03-22 08:26:51,610] INFO: dpz (6/2015): Updated existing record with 16 non-zero financial metrics
[2025-03-22 08:26:51,639] INFO: dpz (9/2015): Updated existing record with 16 non-zero financial metrics
[2025-03-22 08:26:51,653] INFO: Trying adjusted date: 12/2015 (original: 1/2016)
[2025-03-22 08:26:51,667] INFO: Found existing row with adjusted date: 12/2015
[2025-03-22 08:26:51,680] INFO: dpz (12/2015): Updated existing record with 18 non-zero financial metrics
[2025-03-22 08:26:51,708] INFO: dpz (3/2016): Updated existing record with 16 non-zero financial metrics
[2025-03-22 08:26:51,736] INFO: dpz (6/2016): Updated existing record with 16 non-zero financial metrics
[2025-03-22 08:26:51,768] INFO: dpz (9/2016): Updated existing record with 16 non-zero financial metrics
[2025-03-22 08:26:51,784] INFO: Trying adjusted date: 12/2016 (original: 1/2017)
[2025-03-22 08:26:51,798] INFO: Found existing row with adjusted date: 12/2016
[2025-03-22 08:26:51,811] INFO: dpz (12/2016): Updated existing record with 18 non-zero financial metrics
[2025-03-22 08:26:51,841] INFO: dpz (3/2017): Updated existing record with 17 non-zero financial metrics
[2025-03-22 08:26:51,869] INFO: dpz (6/2017): Updated existing record with 15 non-zero financial metrics
[2025-03-22 08:26:51,897] INFO: dpz (9/2017): Updated existing record with 15 non-zero financial metrics
[2025-03-22 08:26:51,926] INFO: dpz (12/2017): Updated existing record with 18 non-zero financial metrics
[2025-03-22 08:26:51,954] INFO: dpz (3/2018): Updated existing record with 17 non-zero financial metrics
[2025-03-22 08:26:51,984] INFO: dpz (6/2018): Updated existing record with 17 non-zero financial metrics
[2025-03-22 08:26:52,013] INFO: dpz (9/2018): Updated existing record with 17 non-zero financial metrics
[2025-03-22 08:26:52,041] INFO: dpz (12/2018): Updated existing record with 22 non-zero financial metrics
[2025-03-22 08:26:52,069] INFO: dpz (3/2019): Updated existing record with 21 non-zero financial metrics
[2025-03-22 08:26:52,098] INFO: dpz (6/2019): Updated existing record with 16 non-zero financial metrics
[2025-03-22 08:26:52,127] INFO: dpz (9/2019): Updated existing record with 16 non-zero financial metrics
[2025-03-22 08:26:52,156] INFO: dpz (12/2019): Updated existing record with 22 non-zero financial metrics
[2025-03-22 08:26:52,183] INFO: dpz (3/2020): Updated existing record with 21 non-zero financial metrics
[2025-03-22 08:26:52,211] INFO: dpz (6/2020): Updated existing record with 16 non-zero financial metrics
[2025-03-22 08:26:52,240] INFO: dpz (9/2020): Updated existing record with 16 non-zero financial metrics
[2025-03-22 08:26:52,255] INFO: Trying adjusted date: 12/2020 (original: 1/2021)
[2025-03-22 08:26:52,267] INFO: Found existing row with adjusted date: 12/2020
[2025-03-22 08:26:52,281] INFO: dpz (12/2020): Updated existing record with 22 non-zero financial metrics
[2025-03-22 08:26:52,309] INFO: dpz (3/2021): Updated existing record with 21 non-zero financial metrics
[2025-03-22 08:26:52,337] INFO: dpz (6/2021): Updated existing record with 16 non-zero financial metrics
[2025-03-22 08:26:52,365] INFO: dpz (9/2021): Updated existing record with 16 non-zero financial metrics
[2025-03-22 08:26:52,381] INFO: Trying adjusted date: 12/2021 (original: 1/2022)
[2025-03-22 08:26:52,394] INFO: Found existing row with adjusted date: 12/2021
[2025-03-22 08:26:52,408] INFO: dpz (12/2021): Updated existing record with 22 non-zero financial metrics
[2025-03-22 08:26:52,435] INFO: dpz (3/2022): Updated existing record with 21 non-zero financial metrics
[2025-03-22 08:26:52,463] INFO: dpz (6/2022): Updated existing record with 16 non-zero financial metrics
[2025-03-22 08:26:52,491] INFO: dpz (9/2022): Updated existing record with 16 non-zero financial metrics
[2025-03-22 08:26:52,506] INFO: Trying adjusted date: 12/2022 (original: 1/2023)
[2025-03-22 08:26:52,519] INFO: Found existing row with adjusted date: 12/2022
[2025-03-22 08:26:52,532] INFO: dpz (12/2022): Updated existing record with 22 non-zero financial metrics
[2025-03-22 08:26:52,561] INFO: dpz (3/2023): Updated existing record with 21 non-zero financial metrics
[2025-03-22 08:26:52,590] INFO: dpz (6/2023): Updated existing record with 16 non-zero financial metrics
[2025-03-22 08:26:52,618] INFO: dpz (9/2023): Updated existing record with 16 non-zero financial metrics
[2025-03-22 08:26:52,647] INFO: dpz (12/2023): Updated existing record with 22 non-zero financial metrics
[2025-03-22 08:26:52,678] INFO: dpz (3/2024): Updated existing record with 21 non-zero financial metrics
[2025-03-22 08:26:52,707] INFO: dpz (6/2024): Updated existing record with 16 non-zero financial metrics
[2025-03-22 08:26:52,734] INFO: dpz (9/2024): Updated existing record with 16 non-zero financial metrics
[2025-03-22 08:26:52,750] INFO: Trying adjusted date: 1/2025 (original: 12/2024)
[2025-03-22 08:26:52,764] WARNING: dpz (12/2024): No existing record found(12/2024, 2024-12-29) - creating new one
[2025-03-22 08:26:52,764] INFO: dpz (12/2024): Created new record with 22 non-zero financial metrics
