[2025-03-22 06:34:01,437] INFO: Trying adjusted date: 3/2010 (original: 2/2010)
[2025-03-22 06:34:01,450] WARNING: dri (2/2010): No existing record found(2/2010, 2010-02-28) - creating new one
[2025-03-22 06:34:01,451] INFO: dri (2/2010): Created new record with 13 non-zero financial metrics
[2025-03-22 06:34:01,467] INFO: Trying adjusted date: 6/2010 (original: 5/2010)
[2025-03-22 06:34:01,481] WARNING: dri (5/2010): No existing record found(5/2010, 2010-05-30) - creating new one
[2025-03-22 06:34:01,482] INFO: dri (5/2010): Created new record with 13 non-zero financial metrics
[2025-03-22 06:34:01,498] INFO: Trying adjusted date: 9/2010 (original: 8/2010)
[2025-03-22 06:34:01,512] WARNING: dri (8/2010): No existing record found(8/2010, 2010-08-29) - creating new one
[2025-03-22 06:34:01,513] INFO: dri (8/2010): Created new record with 13 non-zero financial metrics
[2025-03-22 06:34:01,528] INFO: Trying adjusted date: 12/2010 (original: 11/2010)
[2025-03-22 06:34:01,542] WARNING: dri (11/2010): No existing record found(11/2010, 2010-11-28) - creating new one
[2025-03-22 06:34:01,542] INFO: dri (11/2010): Created new record with 11 non-zero financial metrics
[2025-03-22 06:34:01,558] INFO: Trying adjusted date: 3/2011 (original: 2/2011)
[2025-03-22 06:34:01,571] WARNING: dri (2/2011): No existing record found(2/2011, 2011-02-27) - creating new one
[2025-03-22 06:34:01,572] INFO: dri (2/2011): Created new record with 11 non-zero financial metrics
[2025-03-22 06:34:01,587] INFO: Trying adjusted date: 6/2011 (original: 5/2011)
[2025-03-22 06:34:01,600] WARNING: dri (5/2011): No existing record found(5/2011, 2011-05-29) - creating new one
[2025-03-22 06:34:01,601] INFO: dri (5/2011): Created new record with 16 non-zero financial metrics
[2025-03-22 06:34:01,615] INFO: Trying adjusted date: 9/2011 (original: 8/2011)
[2025-03-22 06:34:01,629] WARNING: dri (8/2011): No existing record found(8/2011, 2011-08-28) - creating new one
[2025-03-22 06:34:01,629] INFO: dri (8/2011): Created new record with 14 non-zero financial metrics
[2025-03-22 06:34:01,644] INFO: Trying adjusted date: 12/2011 (original: 11/2011)
[2025-03-22 06:34:01,658] WARNING: dri (11/2011): No existing record found(11/2011, 2011-11-27) - creating new one
[2025-03-22 06:34:01,658] INFO: dri (11/2011): Created new record with 12 non-zero financial metrics
[2025-03-22 06:34:01,673] INFO: Trying adjusted date: 3/2012 (original: 2/2012)
[2025-03-22 06:34:01,686] WARNING: dri (2/2012): No existing record found(2/2012, 2012-02-26) - creating new one
[2025-03-22 06:34:01,686] INFO: dri (2/2012): Created new record with 12 non-zero financial metrics
[2025-03-22 06:34:01,701] INFO: Trying adjusted date: 6/2012 (original: 5/2012)
[2025-03-22 06:34:01,714] WARNING: dri (5/2012): No existing record found(5/2012, 2012-05-27) - creating new one
[2025-03-22 06:34:01,714] INFO: dri (5/2012): Created new record with 16 non-zero financial metrics
[2025-03-22 06:34:01,741] INFO: dri (8/2012): Updated existing record with 14 non-zero financial metrics
[2025-03-22 06:34:01,768] INFO: dri (11/2012): Updated existing record with 12 non-zero financial metrics
[2025-03-22 06:34:01,796] INFO: dri (2/2013): Updated existing record with 12 non-zero financial metrics
[2025-03-22 06:34:01,822] INFO: dri (5/2013): Updated existing record with 16 non-zero financial metrics
[2025-03-22 06:34:01,850] INFO: dri (8/2013): Updated existing record with 14 non-zero financial metrics
[2025-03-22 06:34:01,877] INFO: dri (11/2013): Updated existing record with 12 non-zero financial metrics
[2025-03-22 06:34:01,905] INFO: dri (2/2014): Updated existing record with 12 non-zero financial metrics
[2025-03-22 06:34:01,932] INFO: dri (5/2014): Updated existing record with 17 non-zero financial metrics
[2025-03-22 06:34:01,958] INFO: dri (8/2014): Updated existing record with 14 non-zero financial metrics
[2025-03-22 06:34:01,987] INFO: dri (11/2014): Updated existing record with 12 non-zero financial metrics
[2025-03-22 06:34:02,015] INFO: dri (2/2015): Updated existing record with 12 non-zero financial metrics
[2025-03-22 06:34:02,041] INFO: dri (5/2015): Updated existing record with 20 non-zero financial metrics
[2025-03-22 06:34:02,056] WARNING: dri (8/2015): Found zero values for fields: Share Repurchases
[2025-03-22 06:34:02,069] INFO: dri (8/2015): Updated existing record with 16 non-zero financial metrics
[2025-03-22 06:34:02,096] INFO: dri (11/2015): Updated existing record with 15 non-zero financial metrics
[2025-03-22 06:34:02,124] INFO: dri (2/2016): Updated existing record with 15 non-zero financial metrics
[2025-03-22 06:34:02,152] INFO: dri (5/2016): Updated existing record with 20 non-zero financial metrics
[2025-03-22 06:34:02,183] INFO: dri (8/2016): Updated existing record with 17 non-zero financial metrics
[2025-03-22 06:34:02,215] INFO: dri (11/2016): Updated existing record with 15 non-zero financial metrics
[2025-03-22 06:34:02,242] INFO: dri (2/2017): Updated existing record with 15 non-zero financial metrics
[2025-03-22 06:34:02,271] INFO: dri (5/2017): Updated existing record with 20 non-zero financial metrics
[2025-03-22 06:34:02,298] INFO: dri (8/2017): Updated existing record with 17 non-zero financial metrics
[2025-03-22 06:34:02,324] INFO: dri (11/2017): Updated existing record with 15 non-zero financial metrics
[2025-03-22 06:34:02,353] INFO: dri (2/2018): Updated existing record with 15 non-zero financial metrics
[2025-03-22 06:34:02,381] INFO: dri (5/2018): Updated existing record with 20 non-zero financial metrics
[2025-03-22 06:34:02,408] INFO: dri (8/2018): Updated existing record with 17 non-zero financial metrics
[2025-03-22 06:34:02,435] INFO: dri (11/2018): Updated existing record with 15 non-zero financial metrics
[2025-03-22 06:34:02,462] INFO: dri (2/2019): Updated existing record with 15 non-zero financial metrics
[2025-03-22 06:34:02,490] INFO: dri (5/2019): Updated existing record with 20 non-zero financial metrics
[2025-03-22 06:34:02,517] INFO: dri (8/2019): Updated existing record with 17 non-zero financial metrics
[2025-03-22 06:34:02,545] INFO: dri (11/2019): Updated existing record with 15 non-zero financial metrics
[2025-03-22 06:34:02,575] INFO: dri (2/2020): Updated existing record with 15 non-zero financial metrics
[2025-03-22 06:34:02,602] INFO: dri (5/2020): Updated existing record with 20 non-zero financial metrics
[2025-03-22 06:34:02,617] INFO: Trying adjusted date: 9/2020 (original: 8/2020)
[2025-03-22 06:34:02,629] WARNING: dri (8/2020): No existing record found(8/2020, 2020-08-30) - creating new one
[2025-03-22 06:34:02,630] INFO: dri (8/2020): Created new record with 17 non-zero financial metrics
[2025-03-22 06:34:02,658] INFO: dri (11/2020): Updated existing record with 15 non-zero financial metrics
[2025-03-22 06:34:02,684] INFO: dri (2/2021): Updated existing record with 15 non-zero financial metrics
[2025-03-22 06:34:02,712] INFO: dri (5/2021): Updated existing record with 22 non-zero financial metrics
[2025-03-22 06:34:02,740] INFO: dri (8/2021): Updated existing record with 19 non-zero financial metrics
[2025-03-22 06:34:02,768] INFO: dri (11/2021): Updated existing record with 15 non-zero financial metrics
[2025-03-22 06:34:02,795] INFO: dri (2/2022): Updated existing record with 15 non-zero financial metrics
[2025-03-22 06:34:02,824] INFO: dri (5/2022): Updated existing record with 22 non-zero financial metrics
[2025-03-22 06:34:02,854] INFO: dri (8/2022): Updated existing record with 19 non-zero financial metrics
[2025-03-22 06:34:02,881] INFO: dri (11/2022): Updated existing record with 15 non-zero financial metrics
[2025-03-22 06:34:02,908] INFO: dri (2/2023): Updated existing record with 15 non-zero financial metrics
[2025-03-22 06:34:02,936] INFO: dri (5/2023): Updated existing record with 22 non-zero financial metrics
[2025-03-22 06:34:02,963] INFO: dri (8/2023): Updated existing record with 19 non-zero financial metrics
[2025-03-22 06:34:02,991] INFO: dri (11/2023): Updated existing record with 15 non-zero financial metrics
[2025-03-22 06:34:03,018] INFO: dri (2/2024): Updated existing record with 15 non-zero financial metrics
[2025-03-22 06:34:03,047] INFO: dri (5/2024): Updated existing record with 21 non-zero financial metrics
[2025-03-22 06:34:03,076] INFO: dri (8/2024): Updated existing record with 19 non-zero financial metrics
[2025-03-22 06:34:03,104] INFO: dri (11/2024): Updated existing record with 15 non-zero financial metrics
