[2025-03-22 04:31:17,234] INFO: Trying adjusted date: 4/2010 (original: 3/2010)
[2025-03-22 04:31:17,246] WARNING: dte (3/2010): No existing record found(3/2010, 2010-03-31) - creating new one
[2025-03-22 04:31:17,246] INFO: dte (3/2010): Created new record with 12 non-zero financial metrics
[2025-03-22 04:31:17,264] INFO: Trying adjusted date: 10/2010 (original: 9/2010)
[2025-03-22 04:31:17,277] WARNING: dte (9/2010): No existing record found(9/2010, 2010-09-30) - creating new one
[2025-03-22 04:31:17,278] INFO: dte (9/2010): Created new record with 10 non-zero financial metrics
[2025-03-22 04:31:17,291] INFO: Trying adjusted date: 1/2011 (original: 12/2010)
[2025-03-22 04:31:17,303] WARNING: dte (12/2010): No existing record found(12/2010, 2010-12-31) - creating new one
[2025-03-22 04:31:17,304] INFO: dte (12/2010): Created new record with 14 non-zero financial metrics
[2025-03-22 04:31:17,317] INFO: Trying adjusted date: 4/2011 (original: 3/2011)
[2025-03-22 04:31:17,330] WARNING: dte (3/2011): No existing record found(3/2011, 2011-03-31) - creating new one
[2025-03-22 04:31:17,330] INFO: dte (3/2011): Created new record with 15 non-zero financial metrics
[2025-03-22 04:31:17,346] INFO: Trying adjusted date: 7/2011 (original: 6/2011)
[2025-03-22 04:31:17,358] WARNING: dte (6/2011): No existing record found(6/2011, 2011-06-30) - creating new one
[2025-03-22 04:31:17,358] INFO: dte (6/2011): Created new record with 11 non-zero financial metrics
[2025-03-22 04:31:17,373] INFO: Trying adjusted date: 10/2011 (original: 9/2011)
[2025-03-22 04:31:17,386] WARNING: dte (9/2011): No existing record found(9/2011, 2011-09-30) - creating new one
[2025-03-22 04:31:17,387] INFO: dte (9/2011): Created new record with 11 non-zero financial metrics
[2025-03-22 04:31:17,401] INFO: Trying adjusted date: 1/2012 (original: 12/2011)
[2025-03-22 04:31:17,414] WARNING: dte (12/2011): No existing record found(12/2011, 2011-12-31) - creating new one
[2025-03-22 04:31:17,414] INFO: dte (12/2011): Created new record with 15 non-zero financial metrics
[2025-03-22 04:31:17,428] INFO: Trying adjusted date: 4/2012 (original: 3/2012)
[2025-03-22 04:31:17,441] WARNING: dte (3/2012): Found zero values for fields: Share Repurchases
[2025-03-22 04:31:17,442] WARNING: dte (3/2012): No existing record found(3/2012, 2012-03-31) - creating new one
[2025-03-22 04:31:17,442] INFO: dte (3/2012): Created new record with 14 non-zero financial metrics
[2025-03-22 04:31:17,457] INFO: Trying adjusted date: 7/2012 (original: 6/2012)
[2025-03-22 04:31:17,472] WARNING: dte (6/2012): No existing record found(6/2012, 2012-06-30) - creating new one
[2025-03-22 04:31:17,473] INFO: dte (6/2012): Created new record with 12 non-zero financial metrics
[2025-03-22 04:31:17,499] INFO: dte (9/2012): Updated existing record with 12 non-zero financial metrics
[2025-03-22 04:31:17,513] WARNING: dte (12/2012): Found zero values for fields: Share Repurchases
[2025-03-22 04:31:17,526] INFO: dte (12/2012): Updated existing record with 15 non-zero financial metrics
[2025-03-22 04:31:17,553] INFO: dte (3/2013): Updated existing record with 15 non-zero financial metrics
[2025-03-22 04:31:17,579] INFO: dte (6/2013): Updated existing record with 12 non-zero financial metrics
[2025-03-22 04:31:17,607] INFO: dte (9/2013): Updated existing record with 12 non-zero financial metrics
[2025-03-22 04:31:17,621] WARNING: dte (12/2013): Found zero values for fields: Share Repurchases
[2025-03-22 04:31:17,633] INFO: dte (12/2013): Updated existing record with 15 non-zero financial metrics
[2025-03-22 04:31:17,648] INFO: Trying adjusted date: 4/2014 (original: 3/2014)
[2025-03-22 04:31:17,660] WARNING: dte (3/2014): No existing record found(3/2014, 2014-03-31) - creating new one
[2025-03-22 04:31:17,661] INFO: dte (3/2014): Created new record with 16 non-zero financial metrics
[2025-03-22 04:31:17,689] INFO: dte (6/2014): Updated existing record with 12 non-zero financial metrics
[2025-03-22 04:31:17,715] INFO: dte (9/2014): Updated existing record with 12 non-zero financial metrics
[2025-03-22 04:31:17,741] INFO: dte (12/2014): Updated existing record with 16 non-zero financial metrics
[2025-03-22 04:31:17,755] WARNING: dte (3/2015): Found zero values for fields: Share Repurchases
[2025-03-22 04:31:17,767] INFO: dte (3/2015): Updated existing record with 14 non-zero financial metrics
[2025-03-22 04:31:17,794] INFO: dte (6/2015): Updated existing record with 11 non-zero financial metrics
[2025-03-22 04:31:17,820] INFO: dte (9/2015): Updated existing record with 11 non-zero financial metrics
[2025-03-22 04:31:17,835] WARNING: dte (12/2015): Found zero values for fields: Share Repurchases
[2025-03-22 04:31:17,847] INFO: dte (12/2015): Updated existing record with 15 non-zero financial metrics
[2025-03-22 04:31:17,873] INFO: dte (3/2016): Updated existing record with 15 non-zero financial metrics
[2025-03-22 04:31:17,899] INFO: dte (6/2016): Updated existing record with 11 non-zero financial metrics
[2025-03-22 04:31:17,925] INFO: dte (9/2016): Updated existing record with 11 non-zero financial metrics
[2025-03-22 04:31:17,952] INFO: dte (12/2016): Updated existing record with 16 non-zero financial metrics
[2025-03-22 04:31:17,978] INFO: dte (3/2017): Updated existing record with 15 non-zero financial metrics
[2025-03-22 04:31:18,006] INFO: dte (6/2017): Updated existing record with 11 non-zero financial metrics
[2025-03-22 04:31:18,033] INFO: dte (9/2017): Updated existing record with 11 non-zero financial metrics
[2025-03-22 04:31:18,059] INFO: dte (12/2017): Updated existing record with 16 non-zero financial metrics
[2025-03-22 04:31:18,073] WARNING: dte (3/2018): Found zero values for fields: Share Repurchases
[2025-03-22 04:31:18,085] INFO: dte (3/2018): Updated existing record with 15 non-zero financial metrics
[2025-03-22 04:31:18,111] INFO: dte (6/2018): Updated existing record with 11 non-zero financial metrics
[2025-03-22 04:31:18,138] INFO: dte (9/2018): Updated existing record with 11 non-zero financial metrics
[2025-03-22 04:31:18,152] WARNING: dte (12/2018): Found zero values for fields: Share Repurchases
[2025-03-22 04:31:18,165] INFO: dte (12/2018): Updated existing record with 15 non-zero financial metrics
[2025-03-22 04:31:18,191] INFO: dte (3/2019): Updated existing record with 14 non-zero financial metrics
[2025-03-22 04:31:18,218] INFO: dte (6/2019): Updated existing record with 11 non-zero financial metrics
[2025-03-22 04:31:18,246] INFO: dte (9/2019): Updated existing record with 11 non-zero financial metrics
[2025-03-22 04:31:18,260] WARNING: dte (12/2019): Found zero values for fields: Share Repurchases
[2025-03-22 04:31:18,272] INFO: dte (12/2019): Updated existing record with 15 non-zero financial metrics
[2025-03-22 04:31:18,299] INFO: dte (3/2020): Updated existing record with 14 non-zero financial metrics
[2025-03-22 04:31:18,326] INFO: dte (6/2020): Updated existing record with 11 non-zero financial metrics
[2025-03-22 04:31:18,352] INFO: dte (9/2020): Updated existing record with 11 non-zero financial metrics
[2025-03-22 04:31:18,380] INFO: dte (12/2020): Updated existing record with 15 non-zero financial metrics
[2025-03-22 04:31:18,406] INFO: dte (3/2021): Updated existing record with 15 non-zero financial metrics
[2025-03-22 04:31:18,433] INFO: dte (6/2021): Updated existing record with 11 non-zero financial metrics
[2025-03-22 04:31:18,458] INFO: dte (9/2021): Updated existing record with 11 non-zero financial metrics
[2025-03-22 04:31:18,486] INFO: dte (12/2021): Updated existing record with 16 non-zero financial metrics
[2025-03-22 04:31:18,514] INFO: dte (3/2022): Updated existing record with 15 non-zero financial metrics
[2025-03-22 04:31:18,540] INFO: dte (6/2022): Updated existing record with 11 non-zero financial metrics
[2025-03-22 04:31:18,566] INFO: dte (9/2022): Updated existing record with 11 non-zero financial metrics
[2025-03-22 04:31:18,593] INFO: dte (12/2022): Updated existing record with 16 non-zero financial metrics
[2025-03-22 04:31:17,211] WARNING: dte (3/2023): Found zero values for fields: Share Repurchases
[2025-03-22 04:31:17,224] INFO: dte (3/2023): Updated existing record with 14 non-zero financial metrics
[2025-03-22 04:31:17,251] INFO: dte (6/2023): Updated existing record with 11 non-zero financial metrics
[2025-03-22 04:31:17,278] INFO: dte (9/2023): Updated existing record with 11 non-zero financial metrics
[2025-03-22 04:31:17,292] WARNING: dte (12/2023): Found zero values for fields: Share Repurchases
[2025-03-22 04:31:17,305] INFO: dte (12/2023): Updated existing record with 15 non-zero financial metrics
[2025-03-22 04:31:17,331] INFO: dte (3/2024): Updated existing record with 14 non-zero financial metrics
[2025-03-22 04:31:17,359] INFO: dte (6/2024): Updated existing record with 10 non-zero financial metrics
[2025-03-22 04:31:17,387] INFO: dte (9/2024): Updated existing record with 10 non-zero financial metrics
[2025-03-22 04:31:17,401] INFO: Trying adjusted date: 1/2025 (original: 12/2024)
[2025-03-22 04:31:17,413] WARNING: dte (12/2024): Found zero values for fields: Share Repurchases
[2025-03-22 04:31:17,413] WARNING: dte (12/2024): No existing record found(12/2024, 2024-12-31) - creating new one
[2025-03-22 04:31:17,414] INFO: dte (12/2024): Created new record with 15 non-zero financial metrics
