[2025-03-22 01:31:37,527] INFO: Trying adjusted date: 4/2010 (original: 3/2010)
[2025-03-22 01:31:37,539] WARNING: dvn (3/2010): No existing record found(3/2010, 2010-03-31) - creating new one
[2025-03-22 01:31:37,539] INFO: dvn (3/2010): Created new record with 14 non-zero financial metrics
[2025-03-22 01:31:37,554] INFO: Trying adjusted date: 7/2010 (original: 6/2010)
[2025-03-22 01:31:37,566] WARNING: dvn (6/2010): No existing record found(6/2010, 2010-06-30) - creating new one
[2025-03-22 01:31:37,566] INFO: dvn (6/2010): Created new record with 13 non-zero financial metrics
[2025-03-22 01:31:37,580] INFO: Trying adjusted date: 10/2010 (original: 9/2010)
[2025-03-22 01:31:37,592] WARNING: dvn (9/2010): No existing record found(9/2010, 2010-09-30) - creating new one
[2025-03-22 01:31:37,592] INFO: dvn (9/2010): Created new record with 12 non-zero financial metrics
[2025-03-22 01:31:37,608] INFO: Trying adjusted date: 1/2011 (original: 12/2010)
[2025-03-22 01:31:37,620] WARNING: dvn (12/2010): No existing record found(12/2010, 2010-12-31) - creating new one
[2025-03-22 01:31:37,621] INFO: dvn (12/2010): Created new record with 17 non-zero financial metrics
[2025-03-22 01:31:37,634] INFO: Trying adjusted date: 4/2011 (original: 3/2011)
[2025-03-22 01:31:37,646] WARNING: dvn (3/2011): No existing record found(3/2011, 2011-03-31) - creating new one
[2025-03-22 01:31:37,646] INFO: dvn (3/2011): Created new record with 16 non-zero financial metrics
[2025-03-22 01:31:37,661] INFO: Trying adjusted date: 7/2011 (original: 6/2011)
[2025-03-22 01:31:37,674] WARNING: dvn (6/2011): No existing record found(6/2011, 2011-06-30) - creating new one
[2025-03-22 01:31:37,674] INFO: dvn (6/2011): Created new record with 12 non-zero financial metrics
[2025-03-22 01:31:37,689] INFO: Trying adjusted date: 10/2011 (original: 9/2011)
[2025-03-22 01:31:37,701] WARNING: dvn (9/2011): No existing record found(9/2011, 2011-09-30) - creating new one
[2025-03-22 01:31:37,701] INFO: dvn (9/2011): Created new record with 12 non-zero financial metrics
[2025-03-22 01:31:37,715] INFO: Trying adjusted date: 1/2012 (original: 12/2011)
[2025-03-22 01:31:37,727] WARNING: dvn (12/2011): No existing record found(12/2011, 2011-12-31) - creating new one
[2025-03-22 01:31:37,727] INFO: dvn (12/2011): Created new record with 15 non-zero financial metrics
[2025-03-22 01:31:37,741] INFO: Trying adjusted date: 4/2012 (original: 3/2012)
[2025-03-22 01:31:37,753] WARNING: dvn (3/2012): No existing record found(3/2012, 2012-03-31) - creating new one
[2025-03-22 01:31:37,754] INFO: dvn (3/2012): Created new record with 15 non-zero financial metrics
[2025-03-22 01:31:37,767] INFO: Trying adjusted date: 7/2012 (original: 6/2012)
[2025-03-22 01:31:37,779] WARNING: dvn (6/2012): No existing record found(6/2012, 2012-06-30) - creating new one
[2025-03-22 01:31:37,780] INFO: dvn (6/2012): Created new record with 12 non-zero financial metrics
[2025-03-22 01:31:37,805] INFO: dvn (9/2012): Updated existing record with 12 non-zero financial metrics
[2025-03-22 01:31:37,830] INFO: dvn (12/2012): Updated existing record with 15 non-zero financial metrics
[2025-03-22 01:31:37,856] INFO: dvn (3/2013): Updated existing record with 14 non-zero financial metrics
[2025-03-22 01:31:37,881] INFO: dvn (6/2013): Updated existing record with 11 non-zero financial metrics
[2025-03-22 01:31:37,907] INFO: dvn (9/2013): Updated existing record with 11 non-zero financial metrics
[2025-03-22 01:31:37,933] INFO: dvn (12/2013): Updated existing record with 15 non-zero financial metrics
[2025-03-22 01:31:37,958] INFO: dvn (3/2014): Updated existing record with 12 non-zero financial metrics
[2025-03-22 01:31:37,983] INFO: dvn (6/2014): Updated existing record with 12 non-zero financial metrics
[2025-03-22 01:31:38,008] INFO: dvn (9/2014): Updated existing record with 12 non-zero financial metrics
[2025-03-22 01:31:38,037] INFO: dvn (12/2014): Updated existing record with 15 non-zero financial metrics
[2025-03-22 01:31:38,063] INFO: dvn (3/2015): Updated existing record with 13 non-zero financial metrics
[2025-03-22 01:31:38,089] INFO: dvn (6/2015): Updated existing record with 12 non-zero financial metrics
[2025-03-22 01:31:38,114] INFO: dvn (9/2015): Updated existing record with 12 non-zero financial metrics
[2025-03-22 01:31:38,139] INFO: dvn (12/2015): Updated existing record with 13 non-zero financial metrics
[2025-03-22 01:31:38,164] INFO: dvn (3/2016): Updated existing record with 12 non-zero financial metrics
[2025-03-22 01:31:38,190] INFO: dvn (6/2016): Updated existing record with 12 non-zero financial metrics
[2025-03-22 01:31:38,219] INFO: dvn (9/2016): Updated existing record with 13 non-zero financial metrics
[2025-03-22 01:31:38,244] INFO: dvn (12/2016): Updated existing record with 12 non-zero financial metrics
[2025-03-22 01:31:38,270] INFO: dvn (3/2017): Updated existing record with 12 non-zero financial metrics
[2025-03-22 01:31:38,297] INFO: dvn (6/2017): Updated existing record with 12 non-zero financial metrics
[2025-03-22 01:31:38,324] INFO: dvn (9/2017): Updated existing record with 12 non-zero financial metrics
[2025-03-22 01:31:38,350] INFO: dvn (12/2017): Updated existing record with 14 non-zero financial metrics
[2025-03-22 01:31:38,375] INFO: dvn (3/2018): Updated existing record with 15 non-zero financial metrics
[2025-03-22 01:31:38,401] INFO: dvn (6/2018): Updated existing record with 13 non-zero financial metrics
[2025-03-22 01:31:38,426] INFO: dvn (9/2018): Updated existing record with 13 non-zero financial metrics
[2025-03-22 01:31:38,451] INFO: dvn (12/2018): Updated existing record with 14 non-zero financial metrics
[2025-03-22 01:31:38,477] INFO: dvn (3/2019): Updated existing record with 14 non-zero financial metrics
[2025-03-22 01:31:38,502] INFO: dvn (6/2019): Updated existing record with 14 non-zero financial metrics
[2025-03-22 01:31:38,528] INFO: dvn (9/2019): Updated existing record with 14 non-zero financial metrics
[2025-03-22 01:31:38,554] INFO: dvn (12/2019): Updated existing record with 14 non-zero financial metrics
[2025-03-22 01:31:38,579] INFO: dvn (3/2020): Updated existing record with 14 non-zero financial metrics
[2025-03-22 01:31:38,604] INFO: dvn (6/2020): Updated existing record with 12 non-zero financial metrics
[2025-03-22 01:31:38,629] INFO: dvn (9/2020): Updated existing record with 12 non-zero financial metrics
[2025-03-22 01:31:38,656] INFO: dvn (12/2020): Updated existing record with 12 non-zero financial metrics
[2025-03-22 01:31:38,680] INFO: dvn (3/2021): Updated existing record with 13 non-zero financial metrics
[2025-03-22 01:31:38,706] INFO: dvn (6/2021): Updated existing record with 12 non-zero financial metrics
[2025-03-22 01:31:38,732] INFO: dvn (9/2021): Updated existing record with 12 non-zero financial metrics
[2025-03-22 01:31:38,757] INFO: dvn (12/2021): Updated existing record with 12 non-zero financial metrics
[2025-03-22 01:31:38,783] INFO: dvn (3/2022): Updated existing record with 15 non-zero financial metrics
[2025-03-22 01:31:38,810] INFO: dvn (6/2022): Updated existing record with 15 non-zero financial metrics
[2025-03-22 01:31:38,836] INFO: dvn (9/2022): Updated existing record with 16 non-zero financial metrics
[2025-03-22 01:31:38,862] INFO: dvn (12/2022): Updated existing record with 14 non-zero financial metrics
[2025-03-22 01:31:38,889] INFO: dvn (3/2023): Updated existing record with 17 non-zero financial metrics
[2025-03-22 01:31:38,915] INFO: dvn (6/2023): Updated existing record with 17 non-zero financial metrics
[2025-03-22 01:31:38,929] WARNING: dvn (9/2023): Found zero values for fields: Share Repurchases
[2025-03-22 01:31:38,941] INFO: dvn (9/2023): Updated existing record with 16 non-zero financial metrics
[2025-03-22 01:31:38,968] INFO: dvn (12/2023): Updated existing record with 17 non-zero financial metrics
[2025-03-22 01:31:38,993] INFO: dvn (3/2024): Updated existing record with 17 non-zero financial metrics
[2025-03-22 01:31:39,019] INFO: dvn (6/2024): Updated existing record with 17 non-zero financial metrics
[2025-03-22 01:31:39,044] INFO: dvn (9/2024): Updated existing record with 17 non-zero financial metrics
[2025-03-22 01:31:39,057] INFO: Trying adjusted date: 1/2025 (original: 12/2024)
[2025-03-22 01:31:39,069] WARNING: dvn (12/2024): No existing record found(12/2024, 2024-12-31) - creating new one
[2025-03-22 01:31:39,070] INFO: dvn (12/2024): Created new record with 17 non-zero financial metrics
