[2025-03-22 02:52:48,981] INFO: Trying adjusted date: 4/2010 (original: 3/2010)
[2025-03-22 02:52:48,992] WARNING: ea (3/2010): No existing record found(3/2010, 2010-03-31) - creating new one
[2025-03-22 02:52:48,993] INFO: ea (3/2010): Created new record with 15 non-zero financial metrics
[2025-03-22 02:52:49,008] INFO: Trying adjusted date: 7/2010 (original: 6/2010)
[2025-03-22 02:52:49,020] WARNING: ea (6/2010): No existing record found(6/2010, 2010-06-30) - creating new one
[2025-03-22 02:52:49,021] INFO: ea (6/2010): Created new record with 17 non-zero financial metrics
[2025-03-22 02:52:49,034] INFO: Trying adjusted date: 10/2010 (original: 9/2010)
[2025-03-22 02:52:49,046] WARNING: ea (9/2010): No existing record found(9/2010, 2010-09-30) - creating new one
[2025-03-22 02:52:49,047] INFO: ea (9/2010): Created new record with 15 non-zero financial metrics
[2025-03-22 02:52:49,060] INFO: Trying adjusted date: 1/2011 (original: 12/2010)
[2025-03-22 02:52:49,072] WARNING: ea (12/2010): No existing record found(12/2010, 2010-12-31) - creating new one
[2025-03-22 02:52:49,072] INFO: ea (12/2010): Created new record with 15 non-zero financial metrics
[2025-03-22 02:52:49,090] INFO: Trying adjusted date: 4/2011 (original: 3/2011)
[2025-03-22 02:52:49,102] WARNING: ea (3/2011): No existing record found(3/2011, 2011-03-31) - creating new one
[2025-03-22 02:52:49,102] INFO: ea (3/2011): Created new record with 15 non-zero financial metrics
[2025-03-22 02:52:49,116] INFO: Trying adjusted date: 7/2011 (original: 6/2011)
[2025-03-22 02:52:49,128] WARNING: ea (6/2011): No existing record found(6/2011, 2011-06-30) - creating new one
[2025-03-22 02:52:49,128] INFO: ea (6/2011): Created new record with 16 non-zero financial metrics
[2025-03-22 02:52:49,142] INFO: Trying adjusted date: 10/2011 (original: 9/2011)
[2025-03-22 02:52:49,154] WARNING: ea (9/2011): No existing record found(9/2011, 2011-09-30) - creating new one
[2025-03-22 02:52:49,154] INFO: ea (9/2011): Created new record with 15 non-zero financial metrics
[2025-03-22 02:52:49,167] INFO: Trying adjusted date: 1/2012 (original: 12/2011)
[2025-03-22 02:52:49,179] WARNING: ea (12/2011): No existing record found(12/2011, 2011-12-31) - creating new one
[2025-03-22 02:52:49,179] INFO: ea (12/2011): Created new record with 15 non-zero financial metrics
[2025-03-22 02:52:49,193] INFO: Trying adjusted date: 4/2012 (original: 3/2012)
[2025-03-22 02:52:49,204] WARNING: ea (3/2012): No existing record found(3/2012, 2012-03-31) - creating new one
[2025-03-22 02:52:49,205] INFO: ea (3/2012): Created new record with 17 non-zero financial metrics
[2025-03-22 02:52:49,218] INFO: Trying adjusted date: 7/2012 (original: 6/2012)
[2025-03-22 02:52:49,230] WARNING: ea (6/2012): No existing record found(6/2012, 2012-06-30) - creating new one
[2025-03-22 02:52:49,230] INFO: ea (6/2012): Created new record with 16 non-zero financial metrics
[2025-03-22 02:52:49,255] INFO: ea (9/2012): Updated existing record with 15 non-zero financial metrics
[2025-03-22 02:52:49,280] INFO: ea (12/2012): Updated existing record with 16 non-zero financial metrics
[2025-03-22 02:52:49,306] INFO: ea (3/2013): Updated existing record with 18 non-zero financial metrics
[2025-03-22 02:52:49,319] WARNING: ea (6/2013): Found zero values for fields: Share Repurchases
[2025-03-22 02:52:49,332] INFO: ea (6/2013): Updated existing record with 17 non-zero financial metrics
[2025-03-22 02:52:49,357] INFO: ea (9/2013): Updated existing record with 16 non-zero financial metrics
[2025-03-22 02:52:49,384] INFO: ea (12/2013): Updated existing record with 16 non-zero financial metrics
[2025-03-22 02:52:49,397] WARNING: ea (3/2014): Found zero values for fields: Share Repurchases
[2025-03-22 02:52:49,410] INFO: ea (3/2014): Updated existing record with 17 non-zero financial metrics
[2025-03-22 02:52:49,435] INFO: ea (6/2014): Updated existing record with 18 non-zero financial metrics
[2025-03-22 02:52:49,462] INFO: ea (9/2014): Updated existing record with 17 non-zero financial metrics
[2025-03-22 02:52:49,487] INFO: ea (12/2014): Updated existing record with 17 non-zero financial metrics
[2025-03-22 02:52:49,513] INFO: ea (3/2015): Updated existing record with 18 non-zero financial metrics
[2025-03-22 02:52:49,539] INFO: ea (6/2015): Updated existing record with 18 non-zero financial metrics
[2025-03-22 02:52:49,565] INFO: ea (9/2015): Updated existing record with 17 non-zero financial metrics
[2025-03-22 02:52:49,590] INFO: ea (12/2015): Updated existing record with 17 non-zero financial metrics
[2025-03-22 02:52:49,615] INFO: ea (3/2016): Updated existing record with 18 non-zero financial metrics
[2025-03-22 02:52:49,641] INFO: ea (6/2016): Updated existing record with 18 non-zero financial metrics
[2025-03-22 02:52:49,666] INFO: ea (9/2016): Updated existing record with 17 non-zero financial metrics
[2025-03-22 02:52:49,679] WARNING: ea (12/2016): Found zero values for fields: EPS Diluted
[2025-03-22 02:52:49,692] INFO: ea (12/2016): Updated existing record with 16 non-zero financial metrics
[2025-03-22 02:52:49,717] INFO: ea (3/2017): Updated existing record with 17 non-zero financial metrics
[2025-03-22 02:52:49,743] INFO: ea (6/2017): Updated existing record with 17 non-zero financial metrics
[2025-03-22 02:52:49,768] INFO: ea (9/2017): Updated existing record with 16 non-zero financial metrics
[2025-03-22 02:52:49,794] INFO: ea (12/2017): Updated existing record with 16 non-zero financial metrics
[2025-03-22 02:52:49,819] INFO: ea (3/2018): Updated existing record with 17 non-zero financial metrics
[2025-03-22 02:52:49,847] INFO: ea (6/2018): Updated existing record with 17 non-zero financial metrics
[2025-03-22 02:52:49,872] INFO: ea (9/2018): Updated existing record with 16 non-zero financial metrics
[2025-03-22 02:52:49,898] INFO: ea (12/2018): Updated existing record with 16 non-zero financial metrics
[2025-03-22 02:52:49,923] INFO: ea (3/2019): Updated existing record with 17 non-zero financial metrics
[2025-03-22 02:52:49,949] INFO: ea (6/2019): Updated existing record with 17 non-zero financial metrics
[2025-03-22 02:52:49,975] INFO: ea (9/2019): Updated existing record with 16 non-zero financial metrics
[2025-03-22 02:52:50,000] INFO: ea (12/2019): Updated existing record with 16 non-zero financial metrics
[2025-03-22 02:52:50,026] INFO: ea (3/2020): Updated existing record with 17 non-zero financial metrics
[2025-03-22 02:52:50,051] INFO: ea (6/2020): Updated existing record with 17 non-zero financial metrics
[2025-03-22 02:52:50,065] INFO: Trying adjusted date: 10/2020 (original: 9/2020)
[2025-03-22 02:52:50,077] WARNING: ea (9/2020): No existing record found(9/2020, 2020-09-30) - creating new one
[2025-03-22 02:52:50,077] INFO: ea (9/2020): Created new record with 16 non-zero financial metrics
[2025-03-22 02:52:50,103] INFO: ea (12/2020): Updated existing record with 16 non-zero financial metrics
[2025-03-22 02:52:50,129] INFO: ea (3/2021): Updated existing record with 20 non-zero financial metrics
[2025-03-22 02:52:50,155] INFO: ea (6/2021): Updated existing record with 17 non-zero financial metrics
[2025-03-22 02:52:50,183] INFO: ea (9/2021): Updated existing record with 16 non-zero financial metrics
[2025-03-22 02:52:50,209] INFO: ea (12/2021): Updated existing record with 16 non-zero financial metrics
[2025-03-22 02:52:50,234] INFO: ea (3/2022): Updated existing record with 20 non-zero financial metrics
[2025-03-22 02:52:50,260] INFO: ea (6/2022): Updated existing record with 20 non-zero financial metrics
[2025-03-22 02:52:50,286] INFO: ea (9/2022): Updated existing record with 16 non-zero financial metrics
[2025-03-22 02:52:50,311] INFO: ea (12/2022): Updated existing record with 16 non-zero financial metrics
[2025-03-22 02:52:50,336] INFO: ea (3/2023): Updated existing record with 19 non-zero financial metrics
[2025-03-22 02:52:50,362] INFO: ea (6/2023): Updated existing record with 20 non-zero financial metrics
[2025-03-22 02:52:50,388] INFO: ea (9/2023): Updated existing record with 16 non-zero financial metrics
[2025-03-22 02:52:50,414] INFO: ea (12/2023): Updated existing record with 16 non-zero financial metrics
[2025-03-22 02:52:50,440] INFO: ea (3/2024): Updated existing record with 19 non-zero financial metrics
[2025-03-22 02:52:50,467] INFO: ea (6/2024): Updated existing record with 20 non-zero financial metrics
[2025-03-22 02:52:50,492] INFO: ea (9/2024): Updated existing record with 16 non-zero financial metrics
[2025-03-22 02:52:50,517] INFO: ea (12/2024): Updated existing record with 17 non-zero financial metrics
