[2025-03-22 01:28:45,525] INFO: Trying adjusted date: 4/2010 (original: 3/2010)
[2025-03-22 01:28:45,536] WARNING: emr (3/2010): No existing record found(3/2010, 2010-03-31) - creating new one
[2025-03-22 01:28:45,537] INFO: emr (3/2010): Created new record with 11 non-zero financial metrics
[2025-03-22 01:28:45,550] INFO: Trying adjusted date: 7/2010 (original: 6/2010)
[2025-03-22 01:28:45,562] WARNING: emr (6/2010): No existing record found(6/2010, 2010-06-30) - creating new one
[2025-03-22 01:28:45,562] INFO: emr (6/2010): Created new record with 11 non-zero financial metrics
[2025-03-22 01:28:45,577] INFO: Trying adjusted date: 10/2010 (original: 9/2010)
[2025-03-22 01:28:45,589] WARNING: emr (9/2010): No existing record found(9/2010, 2010-09-30) - creating new one
[2025-03-22 01:28:45,589] INFO: emr (9/2010): Created new record with 18 non-zero financial metrics
[2025-03-22 01:28:45,602] INFO: Trying adjusted date: 1/2011 (original: 12/2010)
[2025-03-22 01:28:45,614] WARNING: emr (12/2010): No existing record found(12/2010, 2010-12-31) - creating new one
[2025-03-22 01:28:45,615] INFO: emr (12/2010): Created new record with 16 non-zero financial metrics
[2025-03-22 01:28:45,632] INFO: Trying adjusted date: 4/2011 (original: 3/2011)
[2025-03-22 01:28:45,644] WARNING: emr (3/2011): No existing record found(3/2011, 2011-03-31) - creating new one
[2025-03-22 01:28:45,644] INFO: emr (3/2011): Created new record with 11 non-zero financial metrics
[2025-03-22 01:28:45,661] INFO: Trying adjusted date: 7/2011 (original: 6/2011)
[2025-03-22 01:28:45,673] WARNING: emr (6/2011): No existing record found(6/2011, 2011-06-30) - creating new one
[2025-03-22 01:28:45,674] INFO: emr (6/2011): Created new record with 11 non-zero financial metrics
[2025-03-22 01:28:45,687] INFO: Trying adjusted date: 10/2011 (original: 9/2011)
[2025-03-22 01:28:45,699] WARNING: emr (9/2011): No existing record found(9/2011, 2011-09-30) - creating new one
[2025-03-22 01:28:45,699] INFO: emr (9/2011): Created new record with 18 non-zero financial metrics
[2025-03-22 01:28:45,712] INFO: Trying adjusted date: 1/2012 (original: 12/2011)
[2025-03-22 01:28:45,724] WARNING: emr (12/2011): No existing record found(12/2011, 2011-12-31) - creating new one
[2025-03-22 01:28:45,724] INFO: emr (12/2011): Created new record with 16 non-zero financial metrics
[2025-03-22 01:28:45,738] INFO: Trying adjusted date: 4/2012 (original: 3/2012)
[2025-03-22 01:28:45,750] WARNING: emr (3/2012): No existing record found(3/2012, 2012-03-31) - creating new one
[2025-03-22 01:28:45,750] INFO: emr (3/2012): Created new record with 11 non-zero financial metrics
[2025-03-22 01:28:45,764] INFO: Trying adjusted date: 7/2012 (original: 6/2012)
[2025-03-22 01:28:45,776] WARNING: emr (6/2012): No existing record found(6/2012, 2012-06-30) - creating new one
[2025-03-22 01:28:45,776] INFO: emr (6/2012): Created new record with 11 non-zero financial metrics
[2025-03-22 01:28:45,802] INFO: emr (9/2012): Updated existing record with 18 non-zero financial metrics
[2025-03-22 01:28:45,829] INFO: emr (12/2012): Updated existing record with 16 non-zero financial metrics
[2025-03-22 01:28:45,854] INFO: emr (3/2013): Updated existing record with 11 non-zero financial metrics
[2025-03-22 01:28:45,879] INFO: emr (6/2013): Updated existing record with 11 non-zero financial metrics
[2025-03-22 01:28:45,905] INFO: emr (9/2013): Updated existing record with 18 non-zero financial metrics
[2025-03-22 01:28:45,930] INFO: emr (12/2013): Updated existing record with 16 non-zero financial metrics
[2025-03-22 01:28:45,956] INFO: emr (3/2014): Updated existing record with 11 non-zero financial metrics
[2025-03-22 01:28:45,982] INFO: emr (6/2014): Updated existing record with 11 non-zero financial metrics
[2025-03-22 01:28:46,007] INFO: emr (9/2014): Updated existing record with 18 non-zero financial metrics
[2025-03-22 01:28:46,035] INFO: emr (12/2014): Updated existing record with 16 non-zero financial metrics
[2025-03-22 01:28:46,059] INFO: emr (3/2015): Updated existing record with 11 non-zero financial metrics
[2025-03-22 01:28:46,086] INFO: emr (6/2015): Updated existing record with 11 non-zero financial metrics
[2025-03-22 01:28:46,111] INFO: emr (9/2015): Updated existing record with 18 non-zero financial metrics
[2025-03-22 01:28:46,136] INFO: emr (12/2015): Updated existing record with 16 non-zero financial metrics
[2025-03-22 01:28:46,164] INFO: emr (3/2016): Updated existing record with 11 non-zero financial metrics
[2025-03-22 01:28:46,192] INFO: emr (6/2016): Updated existing record with 11 non-zero financial metrics
[2025-03-22 01:28:46,218] INFO: emr (9/2016): Updated existing record with 18 non-zero financial metrics
[2025-03-22 01:28:46,235] WARNING: emr (12/2016): Found zero values for fields: Share Repurchases
[2025-03-22 01:28:46,247] INFO: emr (12/2016): Updated existing record with 15 non-zero financial metrics
[2025-03-22 01:28:46,272] INFO: emr (3/2017): Updated existing record with 11 non-zero financial metrics
[2025-03-22 01:28:46,297] INFO: emr (6/2017): Updated existing record with 11 non-zero financial metrics
[2025-03-22 01:28:46,323] INFO: emr (9/2017): Updated existing record with 18 non-zero financial metrics
[2025-03-22 01:28:46,350] INFO: emr (12/2017): Updated existing record with 16 non-zero financial metrics
[2025-03-22 01:28:46,378] INFO: emr (3/2018): Updated existing record with 11 non-zero financial metrics
[2025-03-22 01:28:46,405] INFO: emr (6/2018): Updated existing record with 11 non-zero financial metrics
[2025-03-22 01:28:46,431] INFO: emr (9/2018): Updated existing record with 18 non-zero financial metrics
[2025-03-22 01:28:46,458] INFO: emr (12/2018): Updated existing record with 17 non-zero financial metrics
[2025-03-22 01:28:46,483] INFO: emr (3/2019): Updated existing record with 12 non-zero financial metrics
[2025-03-22 01:28:46,508] INFO: emr (6/2019): Updated existing record with 12 non-zero financial metrics
[2025-03-22 01:28:46,534] INFO: emr (9/2019): Updated existing record with 19 non-zero financial metrics
[2025-03-22 01:28:46,559] INFO: emr (12/2019): Updated existing record with 17 non-zero financial metrics
[2025-03-22 01:28:46,584] INFO: emr (3/2020): Updated existing record with 12 non-zero financial metrics
[2025-03-22 01:28:46,609] INFO: emr (6/2020): Updated existing record with 12 non-zero financial metrics
[2025-03-22 01:28:46,634] INFO: emr (9/2020): Updated existing record with 19 non-zero financial metrics
[2025-03-22 01:28:46,660] INFO: emr (12/2020): Updated existing record with 17 non-zero financial metrics
[2025-03-22 01:28:46,685] INFO: emr (3/2021): Updated existing record with 12 non-zero financial metrics
[2025-03-22 01:28:46,711] INFO: emr (6/2021): Updated existing record with 12 non-zero financial metrics
[2025-03-22 01:28:46,736] INFO: emr (9/2021): Updated existing record with 19 non-zero financial metrics
[2025-03-22 01:28:46,761] INFO: emr (12/2021): Updated existing record with 17 non-zero financial metrics
[2025-03-22 01:28:46,786] INFO: emr (3/2022): Updated existing record with 11 non-zero financial metrics
[2025-03-22 01:28:46,811] INFO: emr (6/2022): Updated existing record with 11 non-zero financial metrics
[2025-03-22 01:28:46,836] INFO: emr (9/2022): Updated existing record with 18 non-zero financial metrics
[2025-03-22 01:28:46,862] INFO: emr (12/2022): Updated existing record with 16 non-zero financial metrics
[2025-03-22 01:28:46,892] INFO: emr (3/2023): Updated existing record with 11 non-zero financial metrics
[2025-03-22 01:28:46,917] INFO: emr (6/2023): Updated existing record with 11 non-zero financial metrics
[2025-03-22 01:28:46,944] INFO: emr (9/2023): Updated existing record with 19 non-zero financial metrics
[2025-03-22 01:28:46,970] INFO: emr (12/2023): Updated existing record with 16 non-zero financial metrics
[2025-03-22 01:28:46,995] INFO: emr (3/2024): Updated existing record with 11 non-zero financial metrics
[2025-03-22 01:28:47,020] INFO: emr (6/2024): Updated existing record with 11 non-zero financial metrics
[2025-03-22 01:28:47,046] INFO: emr (9/2024): Updated existing record with 19 non-zero financial metrics
[2025-03-22 01:28:47,061] INFO: Trying adjusted date: 1/2025 (original: 12/2024)
[2025-03-22 01:28:47,073] WARNING: emr (12/2024): No existing record found(12/2024, 2024-12-31) - creating new one
[2025-03-22 01:28:47,074] INFO: emr (12/2024): Created new record with 16 non-zero financial metrics
