[2025-03-21 23:29:05,720] INFO: enb (12/2017): Updated existing record with 19 non-zero financial metrics
[2025-03-21 23:29:05,747] INFO: enb (3/2018): Updated existing record with 20 non-zero financial metrics
[2025-03-21 23:29:05,772] INFO: enb (6/2018): Updated existing record with 16 non-zero financial metrics
[2025-03-21 23:29:05,795] INFO: enb (9/2018): Updated existing record with 16 non-zero financial metrics
[2025-03-21 23:29:05,818] INFO: enb (12/2018): Updated existing record with 21 non-zero financial metrics
[2025-03-21 23:29:05,841] INFO: enb (3/2019): Updated existing record with 20 non-zero financial metrics
[2025-03-21 23:29:05,864] INFO: enb (6/2019): Updated existing record with 16 non-zero financial metrics
[2025-03-21 23:29:05,888] INFO: enb (9/2019): Updated existing record with 16 non-zero financial metrics
[2025-03-21 23:29:05,913] INFO: enb (12/2019): Updated existing record with 22 non-zero financial metrics
[2025-03-21 23:29:05,941] INFO: enb (3/2020): Updated existing record with 20 non-zero financial metrics
[2025-03-21 23:29:05,966] INFO: enb (6/2020): Updated existing record with 16 non-zero financial metrics
[2025-03-21 23:29:05,991] INFO: enb (9/2020): Updated existing record with 16 non-zero financial metrics
[2025-03-21 23:29:06,017] INFO: enb (12/2020): Updated existing record with 22 non-zero financial metrics
[2025-03-21 23:29:06,042] INFO: enb (3/2021): Updated existing record with 20 non-zero financial metrics
[2025-03-21 23:29:06,067] INFO: enb (6/2021): Updated existing record with 16 non-zero financial metrics
[2025-03-21 23:29:06,091] INFO: enb (9/2021): Updated existing record with 16 non-zero financial metrics
[2025-03-21 23:29:06,117] INFO: enb (12/2021): Updated existing record with 22 non-zero financial metrics
[2025-03-21 23:29:06,142] INFO: enb (3/2022): Updated existing record with 21 non-zero financial metrics
[2025-03-21 23:29:06,167] INFO: enb (6/2022): Updated existing record with 16 non-zero financial metrics
[2025-03-21 23:29:06,191] INFO: enb (9/2022): Updated existing record with 16 non-zero financial metrics
[2025-03-21 23:29:06,217] INFO: enb (12/2022): Updated existing record with 23 non-zero financial metrics
[2025-03-21 23:29:06,230] WARNING: enb (3/2023): Found zero values for fields: Share Repurchases
[2025-03-21 23:29:06,242] INFO: enb (3/2023): Updated existing record with 20 non-zero financial metrics
[2025-03-21 23:29:06,267] INFO: enb (6/2023): Updated existing record with 16 non-zero financial metrics
[2025-03-21 23:29:06,291] INFO: enb (9/2023): Updated existing record with 16 non-zero financial metrics
[2025-03-21 23:29:06,317] INFO: enb (12/2023): Updated existing record with 23 non-zero financial metrics
[2025-03-21 23:29:06,342] INFO: enb (3/2024): Updated existing record with 20 non-zero financial metrics
[2025-03-21 23:29:06,367] INFO: enb (6/2024): Updated existing record with 15 non-zero financial metrics
[2025-03-21 23:29:06,393] INFO: enb (9/2024): Updated existing record with 15 non-zero financial metrics
[2025-03-21 23:29:06,406] INFO: Trying adjusted date: 1/2025 (original: 12/2024)
[2025-03-21 23:29:06,417] WARNING: enb (12/2024): Found zero values for fields: Share Repurchases
[2025-03-21 23:29:06,418] WARNING: enb (12/2024): No existing record found(12/2024, 2024-12-31) - creating new one
[2025-03-21 23:29:06,418] INFO: enb (12/2024): Created new record with 21 non-zero financial metrics
