[2025-03-22 08:31:12,834] INFO: Trying adjusted date: 6/2011 (original: 7/2011)
[2025-03-22 08:31:12,847] WARNING: entg (7/2011): No existing record found(7/2011, 2011-07-02) - creating new one
[2025-03-22 08:31:12,848] INFO: entg (7/2011): Created new record with 14 non-zero financial metrics
[2025-03-22 08:31:12,866] INFO: Trying adjusted date: 9/2011 (original: 10/2011)
[2025-03-22 08:31:12,881] WARNING: entg (10/2011): No existing record found(10/2011, 2011-10-01) - creating new one
[2025-03-22 08:31:12,882] INFO: entg (10/2011): Created new record with 14 non-zero financial metrics
[2025-03-22 08:31:12,899] INFO: Trying adjusted date: 1/2012 (original: 12/2011)
[2025-03-22 08:31:12,912] WARNING: entg (12/2011): No existing record found(12/2011, 2011-12-31) - creating new one
[2025-03-22 08:31:12,913] INFO: entg (12/2011): Created new record with 18 non-zero financial metrics
[2025-03-22 08:31:12,928] INFO: Trying adjusted date: 4/2012 (original: 3/2012)
[2025-03-22 08:31:12,942] WARNING: entg (3/2012): No existing record found(3/2012, 2012-03-31) - creating new one
[2025-03-22 08:31:12,943] INFO: entg (3/2012): Created new record with 16 non-zero financial metrics
[2025-03-22 08:31:12,958] INFO: Trying adjusted date: 7/2012 (original: 6/2012)
[2025-03-22 08:31:12,972] WARNING: entg (6/2012): No existing record found(6/2012, 2012-06-30) - creating new one
[2025-03-22 08:31:12,972] INFO: entg (6/2012): Created new record with 12 non-zero financial metrics
[2025-03-22 08:31:13,003] INFO: entg (9/2012): Updated existing record with 12 non-zero financial metrics
[2025-03-22 08:31:13,032] INFO: entg (12/2012): Updated existing record with 17 non-zero financial metrics
[2025-03-22 08:31:13,062] INFO: entg (3/2013): Updated existing record with 17 non-zero financial metrics
[2025-03-22 08:31:13,090] INFO: entg (6/2013): Updated existing record with 12 non-zero financial metrics
[2025-03-22 08:31:13,117] INFO: entg (9/2013): Updated existing record with 12 non-zero financial metrics
[2025-03-22 08:31:13,146] INFO: entg (12/2013): Updated existing record with 17 non-zero financial metrics
[2025-03-22 08:31:13,161] WARNING: entg (3/2014): Found zero values for fields: Share Repurchases
[2025-03-22 08:31:13,174] INFO: entg (3/2014): Updated existing record with 16 non-zero financial metrics
[2025-03-22 08:31:13,202] INFO: entg (6/2014): Updated existing record with 15 non-zero financial metrics
[2025-03-22 08:31:13,230] INFO: entg (9/2014): Updated existing record with 15 non-zero financial metrics
[2025-03-22 08:31:13,244] WARNING: entg (12/2014): Found zero values for fields: Share Repurchases
[2025-03-22 08:31:13,258] INFO: entg (12/2014): Updated existing record with 19 non-zero financial metrics
[2025-03-22 08:31:13,287] INFO: entg (3/2015): Updated existing record with 19 non-zero financial metrics
[2025-03-22 08:31:13,315] INFO: entg (6/2015): Updated existing record with 15 non-zero financial metrics
[2025-03-22 08:31:13,343] INFO: entg (9/2015): Updated existing record with 15 non-zero financial metrics
[2025-03-22 08:31:13,358] WARNING: entg (12/2015): Found zero values for fields: Share Repurchases
[2025-03-22 08:31:13,372] INFO: entg (12/2015): Updated existing record with 19 non-zero financial metrics
[2025-03-22 08:31:13,387] INFO: Trying adjusted date: 3/2016 (original: 4/2016)
[2025-03-22 08:31:13,400] INFO: Found existing row with adjusted date: 3/2016
[2025-03-22 08:31:13,414] INFO: entg (3/2016): Updated existing record with 20 non-zero financial metrics
[2025-03-22 08:31:13,428] INFO: Trying adjusted date: 6/2016 (original: 7/2016)
[2025-03-22 08:31:13,441] INFO: Found existing row with adjusted date: 6/2016
[2025-03-22 08:31:13,454] INFO: entg (6/2016): Updated existing record with 15 non-zero financial metrics
[2025-03-22 08:31:13,469] INFO: Trying adjusted date: 9/2016 (original: 10/2016)
[2025-03-22 08:31:13,483] INFO: Found existing row with adjusted date: 9/2016
[2025-03-22 08:31:13,496] INFO: entg (9/2016): Updated existing record with 15 non-zero financial metrics
[2025-03-22 08:31:13,525] INFO: entg (12/2016): Updated existing record with 20 non-zero financial metrics
[2025-03-22 08:31:13,541] INFO: Trying adjusted date: 3/2017 (original: 4/2017)
[2025-03-22 08:31:13,553] INFO: Found existing row with adjusted date: 3/2017
[2025-03-22 08:31:13,567] INFO: entg (3/2017): Updated existing record with 20 non-zero financial metrics
[2025-03-22 08:31:13,581] INFO: Trying adjusted date: 6/2017 (original: 7/2017)
[2025-03-22 08:31:13,594] INFO: Found existing row with adjusted date: 6/2017
[2025-03-22 08:31:13,608] INFO: entg (6/2017): Updated existing record with 15 non-zero financial metrics
[2025-03-22 08:31:13,635] INFO: entg (9/2017): Updated existing record with 15 non-zero financial metrics
[2025-03-22 08:31:13,663] INFO: entg (12/2017): Updated existing record with 20 non-zero financial metrics
[2025-03-22 08:31:13,692] INFO: entg (3/2018): Updated existing record with 20 non-zero financial metrics
[2025-03-22 08:31:13,720] INFO: entg (6/2018): Updated existing record with 15 non-zero financial metrics
[2025-03-22 08:31:13,750] INFO: entg (9/2018): Updated existing record with 15 non-zero financial metrics
[2025-03-22 08:31:13,778] INFO: entg (12/2018): Updated existing record with 20 non-zero financial metrics
[2025-03-22 08:31:13,806] INFO: entg (3/2019): Updated existing record with 20 non-zero financial metrics
[2025-03-22 08:31:13,834] INFO: entg (6/2019): Updated existing record with 15 non-zero financial metrics
[2025-03-22 08:31:13,862] INFO: entg (9/2019): Updated existing record with 15 non-zero financial metrics
[2025-03-22 08:31:13,891] INFO: entg (12/2019): Updated existing record with 20 non-zero financial metrics
[2025-03-22 08:31:13,918] INFO: entg (3/2020): Updated existing record with 19 non-zero financial metrics
[2025-03-22 08:31:13,947] INFO: entg (6/2020): Updated existing record with 14 non-zero financial metrics
[2025-03-22 08:31:13,975] INFO: entg (9/2020): Updated existing record with 14 non-zero financial metrics
[2025-03-22 08:31:14,003] INFO: entg (12/2020): Updated existing record with 20 non-zero financial metrics
[2025-03-22 08:31:14,018] INFO: Trying adjusted date: 3/2021 (original: 4/2021)
[2025-03-22 08:31:14,032] INFO: Found existing row with adjusted date: 3/2021
[2025-03-22 08:31:14,046] INFO: entg (3/2021): Updated existing record with 19 non-zero financial metrics
[2025-03-22 08:31:14,060] INFO: Trying adjusted date: 6/2021 (original: 7/2021)
[2025-03-22 08:31:14,074] INFO: Found existing row with adjusted date: 6/2021
[2025-03-22 08:31:14,087] INFO: entg (6/2021): Updated existing record with 14 non-zero financial metrics
[2025-03-22 08:31:14,101] INFO: Trying adjusted date: 9/2021 (original: 10/2021)
[2025-03-22 08:31:14,114] INFO: Found existing row with adjusted date: 9/2021
[2025-03-22 08:31:14,127] INFO: entg (9/2021): Updated existing record with 14 non-zero financial metrics
[2025-03-22 08:31:14,155] INFO: entg (12/2021): Updated existing record with 20 non-zero financial metrics
[2025-03-22 08:31:14,170] INFO: Trying adjusted date: 3/2022 (original: 4/2022)
[2025-03-22 08:31:14,183] INFO: Found existing row with adjusted date: 3/2022
[2025-03-22 08:31:14,183] WARNING: entg (3/2022): Found zero values for fields: Share Repurchases
[2025-03-22 08:31:14,196] INFO: entg (3/2022): Updated existing record with 17 non-zero financial metrics
[2025-03-22 08:31:14,211] INFO: Trying adjusted date: 6/2022 (original: 7/2022)
[2025-03-22 08:31:14,225] INFO: Found existing row with adjusted date: 6/2022
[2025-03-22 08:31:14,238] INFO: entg (6/2022): Updated existing record with 14 non-zero financial metrics
[2025-03-22 08:31:14,253] INFO: Trying adjusted date: 9/2022 (original: 10/2022)
[2025-03-22 08:31:14,266] INFO: Found existing row with adjusted date: 9/2022
[2025-03-22 08:31:14,279] INFO: entg (9/2022): Updated existing record with 14 non-zero financial metrics
[2025-03-22 08:31:14,294] WARNING: entg (12/2022): Found zero values for fields: Share Repurchases
[2025-03-22 08:31:14,308] INFO: entg (12/2022): Updated existing record with 19 non-zero financial metrics
[2025-03-22 08:31:14,324] INFO: Trying adjusted date: 3/2023 (original: 4/2023)
[2025-03-22 08:31:14,337] INFO: Found existing row with adjusted date: 3/2023
[2025-03-22 08:31:14,350] INFO: entg (3/2023): Updated existing record with 18 non-zero financial metrics
[2025-03-22 08:31:14,365] INFO: Trying adjusted date: 6/2023 (original: 7/2023)
[2025-03-22 08:31:14,379] INFO: Found existing row with adjusted date: 6/2023
[2025-03-22 08:31:14,393] INFO: entg (6/2023): Updated existing record with 14 non-zero financial metrics
[2025-03-22 08:31:14,421] INFO: entg (9/2023): Updated existing record with 14 non-zero financial metrics
[2025-03-22 08:31:14,436] WARNING: entg (12/2023): Found zero values for fields: Share Repurchases
[2025-03-22 08:31:14,449] INFO: entg (12/2023): Updated existing record with 19 non-zero financial metrics
[2025-03-22 08:31:14,477] INFO: entg (3/2024): Updated existing record with 18 non-zero financial metrics
[2025-03-22 08:31:14,505] INFO: entg (6/2024): Updated existing record with 14 non-zero financial metrics
[2025-03-22 08:31:14,532] INFO: entg (9/2024): Updated existing record with 14 non-zero financial metrics
[2025-03-22 08:31:14,548] INFO: Trying adjusted date: 1/2025 (original: 12/2024)
[2025-03-22 08:31:14,561] WARNING: entg (12/2024): No existing record found(12/2024, 2024-12-31) - creating new one
[2025-03-22 08:31:14,562] INFO: entg (12/2024): Created new record with 19 non-zero financial metrics
