[2025-03-22 09:00:51,273] INFO: Trying adjusted date: 10/2010 (original: 9/2010)
[2025-03-22 09:00:51,286] WARNING: erie (9/2010): No existing record found(9/2010, 2010-09-30) - creating new one
[2025-03-22 09:00:51,287] INFO: erie (9/2010): Created new record with 5 non-zero financial metrics
[2025-03-22 09:00:51,305] INFO: Trying adjusted date: 1/2011 (original: 12/2010)
[2025-03-22 09:00:51,319] WARNING: erie (12/2010): No existing record found(12/2010, 2010-12-31) - creating new one
[2025-03-22 09:00:51,319] INFO: erie (12/2010): Created new record with 9 non-zero financial metrics
[2025-03-22 09:00:51,336] INFO: Trying adjusted date: 4/2011 (original: 3/2011)
[2025-03-22 09:00:51,350] WARNING: erie (3/2011): No existing record found(3/2011, 2011-03-31) - creating new one
[2025-03-22 09:00:51,350] INFO: erie (3/2011): Created new record with 9 non-zero financial metrics
[2025-03-22 09:00:51,365] INFO: Trying adjusted date: 10/2011 (original: 9/2011)
[2025-03-22 09:00:51,379] WARNING: erie (9/2011): No existing record found(9/2011, 2011-09-30) - creating new one
[2025-03-22 09:00:51,379] INFO: erie (9/2011): Created new record with 6 non-zero financial metrics
[2025-03-22 09:00:51,394] INFO: Trying adjusted date: 1/2012 (original: 12/2011)
[2025-03-22 09:00:51,407] WARNING: erie (12/2011): No existing record found(12/2011, 2011-12-31) - creating new one
[2025-03-22 09:00:51,408] INFO: erie (12/2011): Created new record with 7 non-zero financial metrics
[2025-03-22 09:00:51,421] INFO: Trying adjusted date: 4/2012 (original: 3/2012)
[2025-03-22 09:00:51,435] WARNING: erie (3/2012): No existing record found(3/2012, 2012-03-31) - creating new one
[2025-03-22 09:00:51,435] INFO: erie (3/2012): Created new record with 7 non-zero financial metrics
[2025-03-22 09:00:51,450] INFO: Trying adjusted date: 7/2012 (original: 6/2012)
[2025-03-22 09:00:51,464] WARNING: erie (6/2012): No existing record found(6/2012, 2012-06-30) - creating new one
[2025-03-22 09:00:51,464] INFO: erie (6/2012): Created new record with 6 non-zero financial metrics
[2025-03-22 09:00:51,492] INFO: erie (9/2012): Updated existing record with 6 non-zero financial metrics
[2025-03-22 09:00:51,522] INFO: erie (12/2012): Updated existing record with 7 non-zero financial metrics
[2025-03-22 09:00:51,552] INFO: erie (3/2013): Updated existing record with 7 non-zero financial metrics
[2025-03-22 09:00:51,580] INFO: erie (6/2013): Updated existing record with 6 non-zero financial metrics
[2025-03-22 09:00:51,607] INFO: erie (9/2013): Updated existing record with 6 non-zero financial metrics
[2025-03-22 09:00:51,636] INFO: erie (12/2013): Updated existing record with 7 non-zero financial metrics
[2025-03-22 09:00:51,663] INFO: erie (3/2014): Updated existing record with 7 non-zero financial metrics
[2025-03-22 09:00:51,692] INFO: erie (6/2014): Updated existing record with 6 non-zero financial metrics
[2025-03-22 09:00:51,720] INFO: erie (9/2014): Updated existing record with 6 non-zero financial metrics
[2025-03-22 09:00:51,749] INFO: erie (12/2014): Updated existing record with 7 non-zero financial metrics
[2025-03-22 09:00:51,764] WARNING: erie (3/2015): Found zero values for fields: Share Repurchases
[2025-03-22 09:00:51,778] INFO: erie (3/2015): Updated existing record with 6 non-zero financial metrics
[2025-03-22 09:00:51,793] INFO: Trying adjusted date: 7/2015 (original: 6/2015)
[2025-03-22 09:00:51,806] WARNING: erie (6/2015): No existing record found(6/2015, 2015-06-30) - creating new one
[2025-03-22 09:00:51,807] INFO: erie (6/2015): Created new record with 6 non-zero financial metrics
[2025-03-22 09:00:51,835] INFO: erie (9/2015): Updated existing record with 6 non-zero financial metrics
[2025-03-22 09:00:51,851] WARNING: erie (12/2015): Found zero values for fields: Share Repurchases
[2025-03-22 09:00:51,864] INFO: erie (12/2015): Updated existing record with 8 non-zero financial metrics
[2025-03-22 09:00:51,892] INFO: erie (3/2016): Updated existing record with 8 non-zero financial metrics
[2025-03-22 09:00:51,920] INFO: erie (6/2016): Updated existing record with 8 non-zero financial metrics
[2025-03-22 09:00:51,950] INFO: erie (9/2016): Updated existing record with 8 non-zero financial metrics
[2025-03-22 09:00:51,965] WARNING: erie (12/2016): Found zero values for fields: Share Repurchases
[2025-03-22 09:00:51,978] INFO: erie (12/2016): Updated existing record with 9 non-zero financial metrics
[2025-03-22 09:00:52,006] INFO: erie (3/2017): Updated existing record with 9 non-zero financial metrics
[2025-03-22 09:00:52,035] INFO: erie (6/2017): Updated existing record with 9 non-zero financial metrics
[2025-03-22 09:00:52,064] INFO: erie (9/2017): Updated existing record with 9 non-zero financial metrics
[2025-03-22 09:00:52,094] INFO: erie (12/2017): Updated existing record with 12 non-zero financial metrics
[2025-03-22 09:00:52,122] INFO: erie (3/2018): Updated existing record with 13 non-zero financial metrics
[2025-03-22 09:00:52,152] INFO: erie (6/2018): Updated existing record with 10 non-zero financial metrics
[2025-03-22 09:00:52,181] INFO: erie (9/2018): Updated existing record with 10 non-zero financial metrics
[2025-03-22 09:00:52,196] INFO: Trying adjusted date: 1/2019 (original: 12/2018)
[2025-03-22 09:00:52,209] WARNING: erie (12/2018): No existing record found(12/2018, 2018-12-31) - creating new one
[2025-03-22 09:00:52,209] INFO: erie (12/2018): Created new record with 13 non-zero financial metrics
[2025-03-22 09:00:52,238] INFO: erie (3/2019): Updated existing record with 11 non-zero financial metrics
[2025-03-22 09:00:52,267] INFO: erie (6/2019): Updated existing record with 8 non-zero financial metrics
[2025-03-22 09:00:52,297] INFO: erie (9/2019): Updated existing record with 8 non-zero financial metrics
[2025-03-22 09:00:52,312] INFO: Trying adjusted date: 1/2020 (original: 12/2019)
[2025-03-22 09:00:52,325] WARNING: erie (12/2019): No existing record found(12/2019, 2019-12-31) - creating new one
[2025-03-22 09:00:52,325] INFO: erie (12/2019): Created new record with 11 non-zero financial metrics
[2025-03-22 09:00:52,353] INFO: erie (3/2020): Updated existing record with 12 non-zero financial metrics
[2025-03-22 09:00:52,382] INFO: erie (6/2020): Updated existing record with 9 non-zero financial metrics
[2025-03-22 09:00:52,411] INFO: erie (9/2020): Updated existing record with 9 non-zero financial metrics
[2025-03-22 09:00:52,439] INFO: erie (12/2020): Updated existing record with 12 non-zero financial metrics
[2025-03-22 09:00:52,468] INFO: erie (3/2021): Updated existing record with 12 non-zero financial metrics
[2025-03-22 09:00:52,497] INFO: erie (6/2021): Updated existing record with 9 non-zero financial metrics
[2025-03-22 09:00:52,526] INFO: erie (9/2021): Updated existing record with 9 non-zero financial metrics
[2025-03-22 09:00:52,541] INFO: Trying adjusted date: 1/2022 (original: 12/2021)
[2025-03-22 09:00:52,555] WARNING: erie (12/2021): No existing record found(12/2021, 2021-12-31) - creating new one
[2025-03-22 09:00:52,555] INFO: erie (12/2021): Created new record with 13 non-zero financial metrics
[2025-03-22 09:00:52,585] INFO: erie (3/2022): Updated existing record with 12 non-zero financial metrics
[2025-03-22 09:00:52,613] INFO: erie (6/2022): Updated existing record with 9 non-zero financial metrics
[2025-03-22 09:00:52,644] INFO: erie (9/2022): Updated existing record with 10 non-zero financial metrics
[2025-03-22 09:00:52,675] INFO: erie (12/2022): Updated existing record with 13 non-zero financial metrics
[2025-03-22 09:00:52,691] WARNING: erie (3/2023): Found zero values for fields: Interest Expense
[2025-03-22 09:00:52,704] INFO: erie (3/2023): Updated existing record with 12 non-zero financial metrics
[2025-03-22 09:00:52,724] WARNING: erie (6/2023): Found zero values for fields: Interest Expense
[2025-03-22 09:00:52,738] INFO: erie (6/2023): Updated existing record with 9 non-zero financial metrics
[2025-03-22 09:00:52,753] WARNING: erie (9/2023): Found zero values for fields: Interest Expense
[2025-03-22 09:00:52,767] INFO: erie (9/2023): Updated existing record with 9 non-zero financial metrics
[2025-03-22 09:00:52,783] WARNING: erie (12/2023): Found zero values for fields: Interest Expense
[2025-03-22 09:00:52,796] INFO: erie (12/2023): Updated existing record with 12 non-zero financial metrics
[2025-03-22 09:00:52,826] INFO: erie (3/2024): Updated existing record with 12 non-zero financial metrics
[2025-03-22 09:00:52,854] INFO: erie (6/2024): Updated existing record with 9 non-zero financial metrics
[2025-03-22 09:00:52,886] INFO: erie (9/2024): Updated existing record with 9 non-zero financial metrics
[2025-03-22 09:00:52,901] INFO: Trying adjusted date: 1/2025 (original: 12/2024)
[2025-03-22 09:00:52,914] WARNING: erie (12/2024): No existing record found(12/2024, 2024-12-31) - creating new one
[2025-03-22 09:00:52,915] INFO: erie (12/2024): Created new record with 12 non-zero financial metrics
