[2025-03-22 06:32:45,343] INFO: Trying adjusted date: 7/2010 (original: 6/2010)
[2025-03-22 06:32:45,356] WARNING: ess (6/2010): No existing record found(6/2010, 2010-06-30) - creating new one
[2025-03-22 06:32:45,356] INFO: ess (6/2010): Created new record with 10 non-zero financial metrics
[2025-03-22 06:32:45,384] INFO: Trying adjusted date: 10/2010 (original: 9/2010)
[2025-03-22 06:32:45,398] WARNING: ess (9/2010): No existing record found(9/2010, 2010-09-30) - creating new one
[2025-03-22 06:32:45,398] INFO: ess (9/2010): Created new record with 10 non-zero financial metrics
[2025-03-22 06:32:45,415] INFO: Trying adjusted date: 1/2011 (original: 12/2010)
[2025-03-22 06:32:45,428] WARNING: ess (12/2010): Found zero values for fields: Share Repurchases
[2025-03-22 06:32:45,428] WARNING: ess (12/2010): No existing record found(12/2010, 2010-12-31) - creating new one
[2025-03-22 06:32:45,429] INFO: ess (12/2010): Created new record with 13 non-zero financial metrics
[2025-03-22 06:32:45,448] INFO: Trying adjusted date: 4/2011 (original: 3/2011)
[2025-03-22 06:32:45,461] WARNING: ess (3/2011): No existing record found(3/2011, 2011-03-31) - creating new one
[2025-03-22 06:32:45,461] INFO: ess (3/2011): Created new record with 13 non-zero financial metrics
[2025-03-22 06:32:45,477] INFO: Trying adjusted date: 7/2011 (original: 6/2011)
[2025-03-22 06:32:45,491] WARNING: ess (6/2011): No existing record found(6/2011, 2011-06-30) - creating new one
[2025-03-22 06:32:45,492] INFO: ess (6/2011): Created new record with 10 non-zero financial metrics
[2025-03-22 06:32:45,509] INFO: Trying adjusted date: 10/2011 (original: 9/2011)
[2025-03-22 06:32:45,522] WARNING: ess (9/2011): No existing record found(9/2011, 2011-09-30) - creating new one
[2025-03-22 06:32:45,522] INFO: ess (9/2011): Created new record with 10 non-zero financial metrics
[2025-03-22 06:32:45,537] INFO: Trying adjusted date: 1/2012 (original: 12/2011)
[2025-03-22 06:32:45,550] WARNING: ess (12/2011): Found zero values for fields: Share Repurchases
[2025-03-22 06:32:45,550] WARNING: ess (12/2011): No existing record found(12/2011, 2011-12-31) - creating new one
[2025-03-22 06:32:45,550] INFO: ess (12/2011): Created new record with 14 non-zero financial metrics
[2025-03-22 06:32:45,564] INFO: Trying adjusted date: 4/2012 (original: 3/2012)
[2025-03-22 06:32:45,578] WARNING: ess (3/2012): No existing record found(3/2012, 2012-03-31) - creating new one
[2025-03-22 06:32:45,578] INFO: ess (3/2012): Created new record with 13 non-zero financial metrics
[2025-03-22 06:32:45,594] INFO: Trying adjusted date: 7/2012 (original: 6/2012)
[2025-03-22 06:32:45,607] WARNING: ess (6/2012): No existing record found(6/2012, 2012-06-30) - creating new one
[2025-03-22 06:32:45,607] INFO: ess (6/2012): Created new record with 10 non-zero financial metrics
[2025-03-22 06:32:45,643] INFO: ess (9/2012): Updated existing record with 10 non-zero financial metrics
[2025-03-22 06:32:45,670] INFO: ess (12/2012): Updated existing record with 14 non-zero financial metrics
[2025-03-22 06:32:45,696] INFO: ess (3/2013): Updated existing record with 13 non-zero financial metrics
[2025-03-22 06:32:45,724] INFO: ess (6/2013): Updated existing record with 10 non-zero financial metrics
[2025-03-22 06:32:45,751] INFO: ess (9/2013): Updated existing record with 10 non-zero financial metrics
[2025-03-22 06:32:45,778] INFO: ess (12/2013): Updated existing record with 14 non-zero financial metrics
[2025-03-22 06:32:45,805] INFO: ess (3/2014): Updated existing record with 13 non-zero financial metrics
[2025-03-22 06:32:45,833] INFO: ess (6/2014): Updated existing record with 11 non-zero financial metrics
[2025-03-22 06:32:45,860] INFO: ess (9/2014): Updated existing record with 11 non-zero financial metrics
[2025-03-22 06:32:45,889] INFO: ess (12/2014): Updated existing record with 14 non-zero financial metrics
[2025-03-22 06:32:45,917] INFO: ess (3/2015): Updated existing record with 11 non-zero financial metrics
[2025-03-22 06:32:45,944] INFO: ess (6/2015): Updated existing record with 11 non-zero financial metrics
[2025-03-22 06:32:45,971] INFO: ess (9/2015): Updated existing record with 11 non-zero financial metrics
[2025-03-22 06:32:45,999] INFO: ess (12/2015): Updated existing record with 14 non-zero financial metrics
[2025-03-22 06:32:46,028] INFO: ess (3/2016): Updated existing record with 11 non-zero financial metrics
[2025-03-22 06:32:46,059] INFO: ess (6/2016): Updated existing record with 11 non-zero financial metrics
[2025-03-22 06:32:46,086] INFO: ess (9/2016): Updated existing record with 11 non-zero financial metrics
[2025-03-22 06:32:46,115] INFO: ess (12/2016): Updated existing record with 15 non-zero financial metrics
[2025-03-22 06:32:46,142] INFO: ess (3/2017): Updated existing record with 14 non-zero financial metrics
[2025-03-22 06:32:46,168] INFO: ess (6/2017): Updated existing record with 11 non-zero financial metrics
[2025-03-22 06:32:46,196] INFO: ess (9/2017): Updated existing record with 11 non-zero financial metrics
[2025-03-22 06:32:46,210] WARNING: ess (12/2017): Found zero values for fields: Share Repurchases
[2025-03-22 06:32:46,224] INFO: ess (12/2017): Updated existing record with 14 non-zero financial metrics
[2025-03-22 06:32:46,251] INFO: ess (3/2018): Updated existing record with 16 non-zero financial metrics
[2025-03-22 06:32:46,277] INFO: ess (6/2018): Updated existing record with 12 non-zero financial metrics
[2025-03-22 06:32:46,305] INFO: ess (9/2018): Updated existing record with 11 non-zero financial metrics
[2025-03-22 06:32:46,333] INFO: ess (12/2018): Updated existing record with 15 non-zero financial metrics
[2025-03-22 06:32:46,361] INFO: ess (3/2019): Updated existing record with 15 non-zero financial metrics
[2025-03-22 06:32:46,390] INFO: ess (6/2019): Updated existing record with 11 non-zero financial metrics
[2025-03-22 06:32:46,420] INFO: ess (9/2019): Updated existing record with 11 non-zero financial metrics
[2025-03-22 06:32:46,448] INFO: ess (12/2019): Updated existing record with 16 non-zero financial metrics
[2025-03-22 06:32:46,476] INFO: ess (3/2020): Updated existing record with 16 non-zero financial metrics
[2025-03-22 06:32:46,504] INFO: ess (6/2020): Updated existing record with 12 non-zero financial metrics
[2025-03-22 06:32:46,530] INFO: ess (9/2020): Updated existing record with 12 non-zero financial metrics
[2025-03-22 06:32:46,558] INFO: ess (12/2020): Updated existing record with 16 non-zero financial metrics
[2025-03-22 06:32:46,586] INFO: ess (3/2021): Updated existing record with 16 non-zero financial metrics
[2025-03-22 06:32:46,612] INFO: ess (6/2021): Updated existing record with 12 non-zero financial metrics
[2025-03-22 06:32:46,641] INFO: ess (9/2021): Updated existing record with 12 non-zero financial metrics
[2025-03-22 06:32:46,668] INFO: ess (12/2021): Updated existing record with 16 non-zero financial metrics
[2025-03-22 06:32:46,682] WARNING: ess (3/2022): Found zero values for fields: Share Repurchases
[2025-03-22 06:32:46,695] INFO: ess (3/2022): Updated existing record with 15 non-zero financial metrics
[2025-03-22 06:32:46,721] INFO: ess (6/2022): Updated existing record with 12 non-zero financial metrics
[2025-03-22 06:32:46,749] INFO: ess (9/2022): Updated existing record with 12 non-zero financial metrics
[2025-03-22 06:32:46,776] INFO: ess (12/2022): Updated existing record with 15 non-zero financial metrics
[2025-03-22 06:32:46,804] INFO: ess (3/2023): Updated existing record with 16 non-zero financial metrics
[2025-03-22 06:32:46,832] INFO: ess (6/2023): Updated existing record with 12 non-zero financial metrics
[2025-03-22 06:32:46,859] INFO: ess (9/2023): Updated existing record with 12 non-zero financial metrics
[2025-03-22 06:32:46,886] INFO: ess (12/2023): Updated existing record with 15 non-zero financial metrics
[2025-03-22 06:32:46,901] WARNING: ess (3/2024): Found zero values for fields: Share Repurchases
[2025-03-22 06:32:46,914] INFO: ess (3/2024): Updated existing record with 15 non-zero financial metrics
[2025-03-22 06:32:46,942] INFO: ess (6/2024): Updated existing record with 12 non-zero financial metrics
[2025-03-22 06:32:46,969] INFO: ess (9/2024): Updated existing record with 11 non-zero financial metrics
[2025-03-22 06:32:46,983] WARNING: ess (12/2024): Found zero values for fields: Share Repurchases
[2025-03-22 06:32:46,997] INFO: ess (12/2024): Updated existing record with 14 non-zero financial metrics
