[2025-03-22 02:32:05,862] INFO: Trying adjusted date: 7/2010 (original: 6/2010)
[2025-03-22 02:32:05,873] WARNING: et (6/2010): No existing record found(6/2010, 2010-06-30) - creating new one
[2025-03-22 02:32:05,874] INFO: et (6/2010): Created new record with 10 non-zero financial metrics
[2025-03-22 02:32:05,887] INFO: Trying adjusted date: 10/2010 (original: 9/2010)
[2025-03-22 02:32:05,898] WARNING: et (9/2010): No existing record found(9/2010, 2010-09-30) - creating new one
[2025-03-22 02:32:05,899] INFO: et (9/2010): Created new record with 10 non-zero financial metrics
[2025-03-22 02:32:05,912] INFO: Trying adjusted date: 1/2011 (original: 12/2010)
[2025-03-22 02:32:05,925] WARNING: et (12/2010): No existing record found(12/2010, 2010-12-31) - creating new one
[2025-03-22 02:32:05,925] INFO: et (12/2010): Created new record with 13 non-zero financial metrics
[2025-03-22 02:32:05,938] INFO: Trying adjusted date: 4/2011 (original: 3/2011)
[2025-03-22 02:32:05,949] WARNING: et (3/2011): No existing record found(3/2011, 2011-03-31) - creating new one
[2025-03-22 02:32:05,950] INFO: et (3/2011): Created new record with 13 non-zero financial metrics
[2025-03-22 02:32:05,963] INFO: Trying adjusted date: 7/2011 (original: 6/2011)
[2025-03-22 02:32:05,975] WARNING: et (6/2011): No existing record found(6/2011, 2011-06-30) - creating new one
[2025-03-22 02:32:05,976] INFO: et (6/2011): Created new record with 11 non-zero financial metrics
[2025-03-22 02:32:05,990] INFO: Trying adjusted date: 10/2011 (original: 9/2011)
[2025-03-22 02:32:06,001] WARNING: et (9/2011): No existing record found(9/2011, 2011-09-30) - creating new one
[2025-03-22 02:32:06,002] INFO: et (9/2011): Created new record with 11 non-zero financial metrics
[2025-03-22 02:32:06,015] INFO: Trying adjusted date: 1/2012 (original: 12/2011)
[2025-03-22 02:32:06,026] WARNING: et (12/2011): No existing record found(12/2011, 2011-12-31) - creating new one
[2025-03-22 02:32:06,027] INFO: et (12/2011): Created new record with 16 non-zero financial metrics
[2025-03-22 02:32:06,040] INFO: Trying adjusted date: 4/2012 (original: 3/2012)
[2025-03-22 02:32:06,052] WARNING: et (3/2012): No existing record found(3/2012, 2012-03-31) - creating new one
[2025-03-22 02:32:06,053] INFO: et (3/2012): Created new record with 15 non-zero financial metrics
[2025-03-22 02:32:06,066] INFO: Trying adjusted date: 7/2012 (original: 6/2012)
[2025-03-22 02:32:06,078] WARNING: et (6/2012): No existing record found(6/2012, 2012-06-30) - creating new one
[2025-03-22 02:32:06,080] INFO: et (6/2012): Created new record with 12 non-zero financial metrics
[2025-03-22 02:32:06,094] INFO: Trying adjusted date: 10/2012 (original: 9/2012)
[2025-03-22 02:32:06,106] WARNING: et (9/2012): No existing record found(9/2012, 2012-09-30) - creating new one
[2025-03-22 02:32:06,107] INFO: et (9/2012): Created new record with 12 non-zero financial metrics
[2025-03-22 02:32:06,133] INFO: et (12/2012): Updated existing record with 16 non-zero financial metrics
[2025-03-22 02:32:06,158] INFO: et (3/2013): Updated existing record with 15 non-zero financial metrics
[2025-03-22 02:32:06,183] INFO: et (6/2013): Updated existing record with 12 non-zero financial metrics
[2025-03-22 02:32:06,197] INFO: Trying adjusted date: 10/2013 (original: 9/2013)
[2025-03-22 02:32:06,209] WARNING: et (9/2013): No existing record found(9/2013, 2013-09-30) - creating new one
[2025-03-22 02:32:06,209] INFO: et (9/2013): Created new record with 12 non-zero financial metrics
[2025-03-22 02:32:06,222] INFO: Trying adjusted date: 1/2014 (original: 12/2013)
[2025-03-22 02:32:06,235] WARNING: et (12/2013): No existing record found(12/2013, 2013-12-31) - creating new one
[2025-03-22 02:32:06,235] INFO: et (12/2013): Created new record with 16 non-zero financial metrics
[2025-03-22 02:32:06,248] INFO: Trying adjusted date: 4/2014 (original: 3/2014)
[2025-03-22 02:32:06,260] WARNING: et (3/2014): No existing record found(3/2014, 2014-03-31) - creating new one
[2025-03-22 02:32:06,261] INFO: et (3/2014): Created new record with 15 non-zero financial metrics
[2025-03-22 02:32:06,276] INFO: Trying adjusted date: 7/2014 (original: 6/2014)
[2025-03-22 02:32:06,287] WARNING: et (6/2014): No existing record found(6/2014, 2014-06-30) - creating new one
[2025-03-22 02:32:06,288] INFO: et (6/2014): Created new record with 12 non-zero financial metrics
[2025-03-22 02:32:06,301] INFO: Trying adjusted date: 10/2014 (original: 9/2014)
[2025-03-22 02:32:06,312] WARNING: et (9/2014): No existing record found(9/2014, 2014-09-30) - creating new one
[2025-03-22 02:32:06,312] INFO: et (9/2014): Created new record with 12 non-zero financial metrics
[2025-03-22 02:32:06,326] INFO: Trying adjusted date: 1/2015 (original: 12/2014)
[2025-03-22 02:32:06,338] WARNING: et (12/2014): No existing record found(12/2014, 2014-12-31) - creating new one
[2025-03-22 02:32:06,339] INFO: et (12/2014): Created new record with 17 non-zero financial metrics
[2025-03-22 02:32:06,351] INFO: Trying adjusted date: 4/2015 (original: 3/2015)
[2025-03-22 02:32:06,363] WARNING: et (3/2015): Found zero values for fields: Share Repurchases
[2025-03-22 02:32:06,363] WARNING: et (3/2015): No existing record found(3/2015, 2015-03-31) - creating new one
[2025-03-22 02:32:06,363] INFO: et (3/2015): Created new record with 15 non-zero financial metrics
[2025-03-22 02:32:06,378] INFO: Trying adjusted date: 7/2015 (original: 6/2015)
[2025-03-22 02:32:06,392] WARNING: et (6/2015): No existing record found(6/2015, 2015-06-30) - creating new one
[2025-03-22 02:32:06,392] INFO: et (6/2015): Created new record with 12 non-zero financial metrics
[2025-03-22 02:32:06,405] INFO: Trying adjusted date: 10/2015 (original: 9/2015)
[2025-03-22 02:32:06,417] WARNING: et (9/2015): No existing record found(9/2015, 2015-09-30) - creating new one
[2025-03-22 02:32:06,417] INFO: et (9/2015): Created new record with 12 non-zero financial metrics
[2025-03-22 02:32:06,433] INFO: Trying adjusted date: 1/2016 (original: 12/2015)
[2025-03-22 02:32:06,445] WARNING: et (12/2015): No existing record found(12/2015, 2015-12-31) - creating new one
[2025-03-22 02:32:06,445] INFO: et (12/2015): Created new record with 16 non-zero financial metrics
[2025-03-22 02:32:06,459] INFO: Trying adjusted date: 4/2016 (original: 3/2016)
[2025-03-22 02:32:06,471] WARNING: et (3/2016): No existing record found(3/2016, 2016-03-31) - creating new one
[2025-03-22 02:32:06,471] INFO: et (3/2016): Created new record with 15 non-zero financial metrics
[2025-03-22 02:32:06,483] INFO: Trying adjusted date: 7/2016 (original: 6/2016)
[2025-03-22 02:32:06,495] WARNING: et (6/2016): No existing record found(6/2016, 2016-06-30) - creating new one
[2025-03-22 02:32:06,496] INFO: et (6/2016): Created new record with 12 non-zero financial metrics
[2025-03-22 02:32:06,511] INFO: Trying adjusted date: 10/2016 (original: 9/2016)
[2025-03-22 02:32:06,523] WARNING: et (9/2016): No existing record found(9/2016, 2016-09-30) - creating new one
[2025-03-22 02:32:06,524] INFO: et (9/2016): Created new record with 12 non-zero financial metrics
[2025-03-22 02:32:06,537] INFO: Trying adjusted date: 1/2017 (original: 12/2016)
[2025-03-22 02:32:06,549] WARNING: et (12/2016): Found zero values for fields: Share Repurchases
[2025-03-22 02:32:06,552] WARNING: et (12/2016): No existing record found(12/2016, 2016-12-31) - creating new one
[2025-03-22 02:32:06,553] INFO: et (12/2016): Created new record with 15 non-zero financial metrics
[2025-03-22 02:32:06,566] INFO: Trying adjusted date: 4/2017 (original: 3/2017)
[2025-03-22 02:32:06,578] WARNING: et (3/2017): No existing record found(3/2017, 2017-03-31) - creating new one
[2025-03-22 02:32:06,578] INFO: et (3/2017): Created new record with 15 non-zero financial metrics
[2025-03-22 02:32:06,594] INFO: Trying adjusted date: 7/2017 (original: 6/2017)
[2025-03-22 02:32:06,607] WARNING: et (6/2017): No existing record found(6/2017, 2017-06-30) - creating new one
[2025-03-22 02:32:06,608] INFO: et (6/2017): Created new record with 12 non-zero financial metrics
[2025-03-22 02:32:06,620] INFO: Trying adjusted date: 10/2017 (original: 9/2017)
[2025-03-22 02:32:06,632] WARNING: et (9/2017): No existing record found(9/2017, 2017-09-30) - creating new one
[2025-03-22 02:32:06,633] INFO: et (9/2017): Created new record with 12 non-zero financial metrics
[2025-03-22 02:32:06,647] INFO: Trying adjusted date: 1/2018 (original: 12/2017)
[2025-03-22 02:32:06,659] WARNING: et (12/2017): Found zero values for fields: Share Repurchases
[2025-03-22 02:32:06,659] WARNING: et (12/2017): No existing record found(12/2017, 2017-12-31) - creating new one
[2025-03-22 02:32:06,659] INFO: et (12/2017): Created new record with 15 non-zero financial metrics
[2025-03-22 02:32:06,672] INFO: Trying adjusted date: 4/2018 (original: 3/2018)
[2025-03-22 02:32:06,684] WARNING: et (3/2018): No existing record found(3/2018, 2018-03-31) - creating new one
[2025-03-22 02:32:06,685] INFO: et (3/2018): Created new record with 17 non-zero financial metrics
[2025-03-22 02:32:06,699] INFO: Trying adjusted date: 7/2018 (original: 6/2018)
[2025-03-22 02:32:06,710] WARNING: et (6/2018): No existing record found(6/2018, 2018-06-30) - creating new one
[2025-03-22 02:32:06,711] INFO: et (6/2018): Created new record with 13 non-zero financial metrics
[2025-03-22 02:32:06,737] INFO: et (9/2018): Updated existing record with 13 non-zero financial metrics
[2025-03-22 02:32:06,762] INFO: et (12/2018): Updated existing record with 17 non-zero financial metrics
[2025-03-22 02:32:06,776] WARNING: et (3/2019): Found zero values for fields: Share Repurchases
[2025-03-22 02:32:06,788] INFO: et (3/2019): Updated existing record with 16 non-zero financial metrics
[2025-03-22 02:32:06,814] INFO: et (6/2019): Updated existing record with 13 non-zero financial metrics
[2025-03-22 02:32:06,840] INFO: et (9/2019): Updated existing record with 13 non-zero financial metrics
[2025-03-22 02:32:06,865] INFO: et (12/2019): Updated existing record with 15 non-zero financial metrics
[2025-03-22 02:32:06,891] INFO: et (3/2020): Updated existing record with 16 non-zero financial metrics
[2025-03-22 02:32:06,916] INFO: et (6/2020): Updated existing record with 13 non-zero financial metrics
[2025-03-22 02:32:06,942] INFO: et (9/2020): Updated existing record with 13 non-zero financial metrics
[2025-03-22 02:32:06,955] WARNING: et (12/2020): Found zero values for fields: Share Repurchases
[2025-03-22 02:32:06,967] INFO: et (12/2020): Updated existing record with 14 non-zero financial metrics
[2025-03-22 02:32:06,995] INFO: et (3/2021): Updated existing record with 16 non-zero financial metrics
[2025-03-22 02:32:07,021] INFO: et (6/2021): Updated existing record with 13 non-zero financial metrics
[2025-03-22 02:32:07,047] INFO: et (9/2021): Updated existing record with 13 non-zero financial metrics
[2025-03-22 02:32:07,075] INFO: et (12/2021): Updated existing record with 17 non-zero financial metrics
[2025-03-22 02:32:07,102] INFO: et (3/2022): Updated existing record with 15 non-zero financial metrics
[2025-03-22 02:32:07,127] INFO: et (6/2022): Updated existing record with 12 non-zero financial metrics
[2025-03-22 02:32:07,152] INFO: et (9/2022): Updated existing record with 12 non-zero financial metrics
[2025-03-22 02:32:07,166] WARNING: et (12/2022): Found zero values for fields: Share Repurchases
[2025-03-22 02:32:07,178] INFO: et (12/2022): Updated existing record with 16 non-zero financial metrics
[2025-03-22 02:32:07,203] INFO: et (3/2023): Updated existing record with 15 non-zero financial metrics
[2025-03-22 02:32:07,230] INFO: et (6/2023): Updated existing record with 12 non-zero financial metrics
[2025-03-22 02:32:07,255] INFO: et (9/2023): Updated existing record with 12 non-zero financial metrics
[2025-03-22 02:32:07,269] WARNING: et (12/2023): Found zero values for fields: Share Repurchases
[2025-03-22 02:32:07,281] INFO: et (12/2023): Updated existing record with 16 non-zero financial metrics
[2025-03-22 02:32:07,307] INFO: et (3/2024): Updated existing record with 15 non-zero financial metrics
[2025-03-22 02:32:07,332] INFO: et (6/2024): Updated existing record with 12 non-zero financial metrics
[2025-03-22 02:32:07,358] INFO: et (9/2024): Updated existing record with 12 non-zero financial metrics
[2025-03-22 02:32:07,372] INFO: Trying adjusted date: 1/2025 (original: 12/2024)
[2025-03-22 02:32:07,385] WARNING: et (12/2024): No existing record found(12/2024, 2024-12-31) - creating new one
[2025-03-22 02:32:07,385] INFO: et (12/2024): Created new record with 15 non-zero financial metrics
