[2025-03-22 04:58:55,102] INFO: Trying adjusted date: 4/2010 (original: 3/2010)
[2025-03-22 04:58:55,114] WARNING: etr (3/2010): No existing record found(3/2010, 2010-03-31) - creating new one
[2025-03-22 04:58:55,115] INFO: etr (3/2010): Created new record with 13 non-zero financial metrics
[2025-03-22 04:58:55,141] INFO: Trying adjusted date: 10/2010 (original: 9/2010)
[2025-03-22 04:58:55,154] WARNING: etr (9/2010): No existing record found(9/2010, 2010-09-30) - creating new one
[2025-03-22 04:58:55,155] INFO: etr (9/2010): Created new record with 11 non-zero financial metrics
[2025-03-22 04:58:55,169] INFO: Trying adjusted date: 1/2011 (original: 12/2010)
[2025-03-22 04:58:55,182] WARNING: etr (12/2010): No existing record found(12/2010, 2010-12-31) - creating new one
[2025-03-22 04:58:55,182] INFO: etr (12/2010): Created new record with 14 non-zero financial metrics
[2025-03-22 04:58:55,196] INFO: Trying adjusted date: 4/2011 (original: 3/2011)
[2025-03-22 04:58:55,208] WARNING: etr (3/2011): No existing record found(3/2011, 2011-03-31) - creating new one
[2025-03-22 04:58:55,209] INFO: etr (3/2011): Created new record with 14 non-zero financial metrics
[2025-03-22 04:58:55,224] INFO: Trying adjusted date: 7/2011 (original: 6/2011)
[2025-03-22 04:58:55,236] WARNING: etr (6/2011): No existing record found(6/2011, 2011-06-30) - creating new one
[2025-03-22 04:58:55,237] INFO: etr (6/2011): Created new record with 10 non-zero financial metrics
[2025-03-22 04:58:55,254] INFO: Trying adjusted date: 10/2011 (original: 9/2011)
[2025-03-22 04:58:55,267] WARNING: etr (9/2011): No existing record found(9/2011, 2011-09-30) - creating new one
[2025-03-22 04:58:55,268] INFO: etr (9/2011): Created new record with 11 non-zero financial metrics
[2025-03-22 04:58:55,282] INFO: Trying adjusted date: 1/2012 (original: 12/2011)
[2025-03-22 04:58:55,294] WARNING: etr (12/2011): No existing record found(12/2011, 2011-12-31) - creating new one
[2025-03-22 04:58:55,295] INFO: etr (12/2011): Created new record with 15 non-zero financial metrics
[2025-03-22 04:58:55,309] INFO: Trying adjusted date: 4/2012 (original: 3/2012)
[2025-03-22 04:58:55,322] WARNING: etr (3/2012): Found zero values for fields: Share Repurchases
[2025-03-22 04:58:55,322] WARNING: etr (3/2012): No existing record found(3/2012, 2012-03-31) - creating new one
[2025-03-22 04:58:55,322] INFO: etr (3/2012): Created new record with 14 non-zero financial metrics
[2025-03-22 04:58:55,337] INFO: Trying adjusted date: 7/2012 (original: 6/2012)
[2025-03-22 04:58:55,350] WARNING: etr (6/2012): No existing record found(6/2012, 2012-06-30) - creating new one
[2025-03-22 04:58:55,351] INFO: etr (6/2012): Created new record with 11 non-zero financial metrics
[2025-03-22 04:58:55,378] INFO: etr (9/2012): Updated existing record with 11 non-zero financial metrics
[2025-03-22 04:58:55,394] WARNING: etr (12/2012): Found zero values for fields: Share Repurchases
[2025-03-22 04:58:55,407] INFO: etr (12/2012): Updated existing record with 15 non-zero financial metrics
[2025-03-22 04:58:55,421] WARNING: etr (3/2013): Found zero values for fields: Share Repurchases
[2025-03-22 04:58:55,434] INFO: etr (3/2013): Updated existing record with 14 non-zero financial metrics
[2025-03-22 04:58:55,461] INFO: etr (6/2013): Updated existing record with 11 non-zero financial metrics
[2025-03-22 04:58:55,487] INFO: etr (9/2013): Updated existing record with 11 non-zero financial metrics
[2025-03-22 04:58:55,502] WARNING: etr (12/2013): Found zero values for fields: Share Repurchases
[2025-03-22 04:58:55,515] INFO: etr (12/2013): Updated existing record with 14 non-zero financial metrics
[2025-03-22 04:58:55,542] INFO: etr (3/2014): Updated existing record with 14 non-zero financial metrics
[2025-03-22 04:58:55,568] INFO: etr (6/2014): Updated existing record with 11 non-zero financial metrics
[2025-03-22 04:58:55,595] INFO: etr (9/2014): Updated existing record with 11 non-zero financial metrics
[2025-03-22 04:58:55,621] INFO: etr (12/2014): Updated existing record with 15 non-zero financial metrics
[2025-03-22 04:58:55,649] INFO: etr (3/2015): Updated existing record with 15 non-zero financial metrics
[2025-03-22 04:58:55,676] INFO: etr (6/2015): Updated existing record with 11 non-zero financial metrics
[2025-03-22 04:58:55,703] INFO: etr (9/2015): Updated existing record with 11 non-zero financial metrics
[2025-03-22 04:58:55,730] INFO: etr (12/2015): Updated existing record with 15 non-zero financial metrics
[2025-03-22 04:58:55,745] WARNING: etr (3/2016): Found zero values for fields: Share Repurchases
[2025-03-22 04:58:55,757] INFO: etr (3/2016): Updated existing record with 15 non-zero financial metrics
[2025-03-22 04:58:55,786] INFO: etr (6/2016): Updated existing record with 11 non-zero financial metrics
[2025-03-22 04:58:55,814] INFO: etr (9/2016): Updated existing record with 11 non-zero financial metrics
[2025-03-22 04:58:55,828] WARNING: etr (12/2016): Found zero values for fields: Share Repurchases
[2025-03-22 04:58:55,840] INFO: etr (12/2016): Updated existing record with 14 non-zero financial metrics
[2025-03-22 04:58:55,857] WARNING: etr (3/2017): Found zero values for fields: Capital Expenditures
[2025-03-22 04:58:55,869] INFO: etr (3/2017): Updated existing record with 14 non-zero financial metrics
[2025-03-22 04:58:55,896] INFO: etr (6/2017): Updated existing record with 11 non-zero financial metrics
[2025-03-22 04:58:55,922] INFO: etr (9/2017): Updated existing record with 11 non-zero financial metrics
[2025-03-22 04:58:55,939] WARNING: etr (12/2017): Found zero values for fields: Share Repurchases
[2025-03-22 04:58:55,952] INFO: etr (12/2017): Updated existing record with 14 non-zero financial metrics
[2025-03-22 04:58:55,978] INFO: etr (3/2018): Updated existing record with 14 non-zero financial metrics
[2025-03-22 04:58:56,004] INFO: etr (6/2018): Updated existing record with 11 non-zero financial metrics
[2025-03-22 04:58:56,030] INFO: etr (9/2018): Updated existing record with 11 non-zero financial metrics
[2025-03-22 04:58:56,057] INFO: etr (12/2018): Updated existing record with 15 non-zero financial metrics
[2025-03-22 04:58:56,084] INFO: etr (3/2019): Updated existing record with 14 non-zero financial metrics
[2025-03-22 04:58:56,110] INFO: etr (6/2019): Updated existing record with 11 non-zero financial metrics
[2025-03-22 04:58:56,139] INFO: etr (9/2019): Updated existing record with 11 non-zero financial metrics
[2025-03-22 04:58:56,171] INFO: etr (12/2019): Updated existing record with 15 non-zero financial metrics
[2025-03-22 04:58:56,204] INFO: etr (3/2020): Updated existing record with 14 non-zero financial metrics
[2025-03-22 04:58:56,232] INFO: etr (6/2020): Updated existing record with 11 non-zero financial metrics
[2025-03-22 04:58:56,261] INFO: etr (9/2020): Updated existing record with 11 non-zero financial metrics
[2025-03-22 04:58:56,290] INFO: etr (12/2020): Updated existing record with 15 non-zero financial metrics
[2025-03-22 04:58:56,316] INFO: etr (3/2021): Updated existing record with 14 non-zero financial metrics
[2025-03-22 04:58:56,343] INFO: etr (6/2021): Updated existing record with 11 non-zero financial metrics
[2025-03-22 04:58:56,370] INFO: etr (9/2021): Updated existing record with 11 non-zero financial metrics
[2025-03-22 04:58:56,397] INFO: etr (12/2021): Updated existing record with 15 non-zero financial metrics
[2025-03-22 04:58:56,424] INFO: etr (3/2022): Updated existing record with 14 non-zero financial metrics
[2025-03-22 04:58:56,451] INFO: etr (6/2022): Updated existing record with 11 non-zero financial metrics
[2025-03-22 04:58:56,479] INFO: etr (9/2022): Updated existing record with 11 non-zero financial metrics
[2025-03-22 04:58:56,506] INFO: etr (12/2022): Updated existing record with 15 non-zero financial metrics
[2025-03-22 04:58:56,533] INFO: etr (3/2023): Updated existing record with 14 non-zero financial metrics
[2025-03-22 04:58:56,560] INFO: etr (6/2023): Updated existing record with 11 non-zero financial metrics
[2025-03-22 04:58:56,587] INFO: etr (9/2023): Updated existing record with 11 non-zero financial metrics
[2025-03-22 04:58:56,614] INFO: etr (12/2023): Updated existing record with 15 non-zero financial metrics
[2025-03-22 04:58:56,641] INFO: etr (3/2024): Updated existing record with 15 non-zero financial metrics
[2025-03-22 04:58:56,668] INFO: etr (6/2024): Updated existing record with 12 non-zero financial metrics
[2025-03-22 04:58:56,696] INFO: etr (9/2024): Updated existing record with 11 non-zero financial metrics
[2025-03-22 04:58:56,710] INFO: Trying adjusted date: 1/2025 (original: 12/2024)
[2025-03-22 04:58:56,723] WARNING: etr (12/2024): No existing record found(12/2024, 2024-12-31) - creating new one
[2025-03-22 04:58:56,723] INFO: etr (12/2024): Created new record with 15 non-zero financial metrics
