[2025-03-22 07:38:38,037] INFO: etsy (3/2015): Updated existing record with 20 non-zero financial metrics
[2025-03-22 07:38:38,065] INFO: etsy (6/2015): Updated existing record with 16 non-zero financial metrics
[2025-03-22 07:38:38,094] INFO: etsy (9/2015): Updated existing record with 16 non-zero financial metrics
[2025-03-22 07:38:38,109] INFO: Trying adjusted date: 1/2016 (original: 12/2015)
[2025-03-22 07:38:38,122] WARNING: etsy (12/2015): No existing record found(12/2015, 2015-12-31) - creating new one
[2025-03-22 07:38:38,123] INFO: etsy (12/2015): Created new record with 21 non-zero financial metrics
[2025-03-22 07:38:38,152] INFO: etsy (3/2016): Updated existing record with 21 non-zero financial metrics
[2025-03-22 07:38:38,179] INFO: etsy (6/2016): Updated existing record with 16 non-zero financial metrics
[2025-03-22 07:38:38,206] INFO: etsy (9/2016): Updated existing record with 16 non-zero financial metrics
[2025-03-22 07:38:38,235] INFO: etsy (12/2016): Updated existing record with 22 non-zero financial metrics
[2025-03-22 07:38:38,251] INFO: Trying adjusted date: 4/2017 (original: 3/2017)
[2025-03-22 07:38:38,264] WARNING: etsy (3/2017): Found zero values for fields: EPS Diluted
[2025-03-22 07:38:38,264] WARNING: etsy (3/2017): No existing record found(3/2017, 2017-03-31) - creating new one
[2025-03-22 07:38:38,265] INFO: etsy (3/2017): Created new record with 21 non-zero financial metrics
[2025-03-22 07:38:38,279] INFO: Trying adjusted date: 7/2017 (original: 6/2017)
[2025-03-22 07:38:38,293] WARNING: etsy (6/2017): No existing record found(6/2017, 2017-06-30) - creating new one
[2025-03-22 07:38:38,293] INFO: etsy (6/2017): Created new record with 17 non-zero financial metrics
[2025-03-22 07:38:38,319] INFO: etsy (9/2017): Updated existing record with 17 non-zero financial metrics
[2025-03-22 07:38:38,346] INFO: etsy (12/2017): Updated existing record with 23 non-zero financial metrics
[2025-03-22 07:38:38,376] INFO: etsy (3/2018): Updated existing record with 24 non-zero financial metrics
[2025-03-22 07:38:38,404] INFO: etsy (6/2018): Updated existing record with 19 non-zero financial metrics
[2025-03-22 07:38:38,432] INFO: etsy (9/2018): Updated existing record with 18 non-zero financial metrics
[2025-03-22 07:38:38,461] INFO: etsy (12/2018): Updated existing record with 24 non-zero financial metrics
[2025-03-22 07:38:38,489] INFO: etsy (3/2019): Updated existing record with 23 non-zero financial metrics
[2025-03-22 07:38:38,517] INFO: etsy (6/2019): Updated existing record with 18 non-zero financial metrics
[2025-03-22 07:38:38,545] INFO: etsy (9/2019): Updated existing record with 18 non-zero financial metrics
[2025-03-22 07:38:38,573] INFO: etsy (12/2019): Updated existing record with 24 non-zero financial metrics
[2025-03-22 07:38:38,601] INFO: etsy (3/2020): Updated existing record with 23 non-zero financial metrics
[2025-03-22 07:38:38,629] INFO: etsy (6/2020): Updated existing record with 18 non-zero financial metrics
[2025-03-22 07:38:38,657] INFO: etsy (9/2020): Updated existing record with 18 non-zero financial metrics
[2025-03-22 07:38:38,685] INFO: etsy (12/2020): Updated existing record with 23 non-zero financial metrics
[2025-03-22 07:38:38,699] WARNING: etsy (3/2021): Found zero values for fields: Share Repurchases
[2025-03-22 07:38:38,712] INFO: etsy (3/2021): Updated existing record with 22 non-zero financial metrics
[2025-03-22 07:38:38,740] INFO: etsy (6/2021): Updated existing record with 18 non-zero financial metrics
[2025-03-22 07:38:38,772] INFO: etsy (9/2021): Updated existing record with 18 non-zero financial metrics
[2025-03-22 07:38:38,802] INFO: etsy (12/2021): Updated existing record with 23 non-zero financial metrics
[2025-03-22 07:38:38,829] INFO: etsy (3/2022): Updated existing record with 22 non-zero financial metrics
[2025-03-22 07:38:38,858] INFO: etsy (6/2022): Updated existing record with 17 non-zero financial metrics
[2025-03-22 07:38:38,886] INFO: etsy (9/2022): Updated existing record with 17 non-zero financial metrics
[2025-03-22 07:38:38,913] INFO: etsy (12/2022): Updated existing record with 23 non-zero financial metrics
[2025-03-22 07:38:38,941] INFO: etsy (3/2023): Updated existing record with 22 non-zero financial metrics
[2025-03-22 07:38:38,968] INFO: etsy (6/2023): Updated existing record with 17 non-zero financial metrics
[2025-03-22 07:38:38,996] INFO: etsy (9/2023): Updated existing record with 17 non-zero financial metrics
[2025-03-22 07:38:39,025] INFO: etsy (12/2023): Updated existing record with 23 non-zero financial metrics
[2025-03-22 07:38:39,054] INFO: etsy (3/2024): Updated existing record with 22 non-zero financial metrics
[2025-03-22 07:38:39,082] INFO: etsy (6/2024): Updated existing record with 17 non-zero financial metrics
[2025-03-22 07:38:39,113] INFO: etsy (9/2024): Updated existing record with 17 non-zero financial metrics
[2025-03-22 07:38:39,128] INFO: Trying adjusted date: 1/2025 (original: 12/2024)
[2025-03-22 07:38:39,141] WARNING: etsy (12/2024): No existing record found(12/2024, 2024-12-31) - creating new one
[2025-03-22 07:38:39,142] INFO: etsy (12/2024): Created new record with 22 non-zero financial metrics
