[2025-03-22 00:42:56,358] INFO: Trying adjusted date: 7/2010 (original: 6/2010)
[2025-03-22 00:42:56,369] WARNING: ew (6/2010): No existing record found(6/2010, 2010-06-30) - creating new one
[2025-03-22 00:42:56,369] INFO: ew (6/2010): Created new record with 10 non-zero financial metrics
[2025-03-22 00:42:56,384] INFO: Trying adjusted date: 10/2010 (original: 9/2010)
[2025-03-22 00:42:56,396] WARNING: ew (9/2010): No existing record found(9/2010, 2010-09-30) - creating new one
[2025-03-22 00:42:56,396] INFO: ew (9/2010): Created new record with 11 non-zero financial metrics
[2025-03-22 00:42:56,409] INFO: Trying adjusted date: 1/2011 (original: 12/2010)
[2025-03-22 00:42:56,421] WARNING: ew (12/2010): No existing record found(12/2010, 2010-12-31) - creating new one
[2025-03-22 00:42:56,421] INFO: ew (12/2010): Created new record with 18 non-zero financial metrics
[2025-03-22 00:42:56,434] INFO: Trying adjusted date: 4/2011 (original: 3/2011)
[2025-03-22 00:42:56,446] WARNING: ew (3/2011): No existing record found(3/2011, 2011-03-31) - creating new one
[2025-03-22 00:42:56,446] INFO: ew (3/2011): Created new record with 16 non-zero financial metrics
[2025-03-22 00:42:56,460] INFO: Trying adjusted date: 7/2011 (original: 6/2011)
[2025-03-22 00:42:56,472] WARNING: ew (6/2011): No existing record found(6/2011, 2011-06-30) - creating new one
[2025-03-22 00:42:56,473] INFO: ew (6/2011): Created new record with 11 non-zero financial metrics
[2025-03-22 00:42:56,487] INFO: Trying adjusted date: 10/2011 (original: 9/2011)
[2025-03-22 00:42:56,498] WARNING: ew (9/2011): No existing record found(9/2011, 2011-09-30) - creating new one
[2025-03-22 00:42:56,498] INFO: ew (9/2011): Created new record with 11 non-zero financial metrics
[2025-03-22 00:42:56,511] INFO: Trying adjusted date: 1/2012 (original: 12/2011)
[2025-03-22 00:42:56,522] WARNING: ew (12/2011): No existing record found(12/2011, 2011-12-31) - creating new one
[2025-03-22 00:42:56,523] INFO: ew (12/2011): Created new record with 16 non-zero financial metrics
[2025-03-22 00:42:56,536] INFO: Trying adjusted date: 4/2012 (original: 3/2012)
[2025-03-22 00:42:56,548] WARNING: ew (3/2012): No existing record found(3/2012, 2012-03-31) - creating new one
[2025-03-22 00:42:56,549] INFO: ew (3/2012): Created new record with 12 non-zero financial metrics
[2025-03-22 00:42:56,562] INFO: Trying adjusted date: 7/2012 (original: 6/2012)
[2025-03-22 00:42:56,573] WARNING: ew (6/2012): No existing record found(6/2012, 2012-06-30) - creating new one
[2025-03-22 00:42:56,574] INFO: ew (6/2012): Created new record with 10 non-zero financial metrics
[2025-03-22 00:42:56,600] INFO: ew (9/2012): Updated existing record with 10 non-zero financial metrics
[2025-03-22 00:42:56,625] INFO: ew (12/2012): Updated existing record with 16 non-zero financial metrics
[2025-03-22 00:42:56,650] INFO: ew (3/2013): Updated existing record with 12 non-zero financial metrics
[2025-03-22 00:42:56,674] INFO: ew (6/2013): Updated existing record with 10 non-zero financial metrics
[2025-03-22 00:42:56,701] INFO: ew (9/2013): Updated existing record with 10 non-zero financial metrics
[2025-03-22 00:42:56,725] INFO: ew (12/2013): Updated existing record with 17 non-zero financial metrics
[2025-03-22 00:42:56,750] INFO: ew (3/2014): Updated existing record with 12 non-zero financial metrics
[2025-03-22 00:42:56,775] INFO: ew (6/2014): Updated existing record with 10 non-zero financial metrics
[2025-03-22 00:42:56,802] INFO: ew (9/2014): Updated existing record with 10 non-zero financial metrics
[2025-03-22 00:42:56,829] INFO: ew (12/2014): Updated existing record with 16 non-zero financial metrics
[2025-03-22 00:42:56,853] INFO: ew (3/2015): Updated existing record with 12 non-zero financial metrics
[2025-03-22 00:42:56,878] INFO: ew (6/2015): Updated existing record with 10 non-zero financial metrics
[2025-03-22 00:42:56,902] INFO: ew (9/2015): Updated existing record with 10 non-zero financial metrics
[2025-03-22 00:42:56,928] INFO: ew (12/2015): Updated existing record with 16 non-zero financial metrics
[2025-03-22 00:42:56,953] INFO: ew (3/2016): Updated existing record with 12 non-zero financial metrics
[2025-03-22 00:42:56,979] INFO: ew (6/2016): Updated existing record with 10 non-zero financial metrics
[2025-03-22 00:42:57,005] INFO: ew (9/2016): Updated existing record with 10 non-zero financial metrics
[2025-03-22 00:42:57,030] INFO: ew (12/2016): Updated existing record with 16 non-zero financial metrics
[2025-03-22 00:42:57,054] INFO: ew (3/2017): Updated existing record with 13 non-zero financial metrics
[2025-03-22 00:42:57,078] INFO: ew (6/2017): Updated existing record with 11 non-zero financial metrics
[2025-03-22 00:42:57,103] INFO: ew (9/2017): Updated existing record with 12 non-zero financial metrics
[2025-03-22 00:42:57,128] INFO: ew (12/2017): Updated existing record with 19 non-zero financial metrics
[2025-03-22 00:42:57,152] INFO: ew (3/2018): Updated existing record with 19 non-zero financial metrics
[2025-03-22 00:42:57,165] WARNING: ew (6/2018): Found zero values for fields: Interest Expense
[2025-03-22 00:42:57,177] INFO: ew (6/2018): Updated existing record with 14 non-zero financial metrics
[2025-03-22 00:42:57,201] INFO: ew (9/2018): Updated existing record with 14 non-zero financial metrics
[2025-03-22 00:42:57,226] INFO: ew (12/2018): Updated existing record with 21 non-zero financial metrics
[2025-03-22 00:42:57,250] INFO: ew (3/2019): Updated existing record with 18 non-zero financial metrics
[2025-03-22 00:42:57,274] INFO: ew (6/2019): Updated existing record with 12 non-zero financial metrics
[2025-03-22 00:42:57,300] INFO: ew (9/2019): Updated existing record with 12 non-zero financial metrics
[2025-03-22 00:42:57,327] INFO: ew (12/2019): Updated existing record with 21 non-zero financial metrics
[2025-03-22 00:42:57,353] INFO: ew (3/2020): Updated existing record with 17 non-zero financial metrics
[2025-03-22 00:42:57,381] INFO: ew (6/2020): Updated existing record with 12 non-zero financial metrics
[2025-03-22 00:42:57,417] INFO: ew (9/2020): Updated existing record with 13 non-zero financial metrics
[2025-03-22 00:42:57,443] INFO: ew (12/2020): Updated existing record with 20 non-zero financial metrics
[2025-03-22 00:42:57,469] INFO: ew (3/2021): Updated existing record with 18 non-zero financial metrics
[2025-03-22 00:42:57,493] INFO: ew (6/2021): Updated existing record with 13 non-zero financial metrics
[2025-03-22 00:42:57,518] INFO: ew (9/2021): Updated existing record with 14 non-zero financial metrics
[2025-03-22 00:42:57,543] INFO: ew (12/2021): Updated existing record with 21 non-zero financial metrics
[2025-03-22 00:42:57,568] INFO: ew (3/2022): Updated existing record with 19 non-zero financial metrics
[2025-03-22 00:42:57,593] INFO: ew (6/2022): Updated existing record with 14 non-zero financial metrics
[2025-03-22 00:42:57,618] INFO: ew (9/2022): Updated existing record with 14 non-zero financial metrics
[2025-03-22 00:42:57,642] INFO: ew (12/2022): Updated existing record with 21 non-zero financial metrics
[2025-03-22 00:42:57,668] INFO: ew (3/2023): Updated existing record with 19 non-zero financial metrics
[2025-03-22 00:42:57,693] INFO: ew (6/2023): Updated existing record with 15 non-zero financial metrics
[2025-03-22 00:42:57,721] INFO: ew (9/2023): Updated existing record with 15 non-zero financial metrics
[2025-03-22 00:42:57,746] INFO: ew (12/2023): Updated existing record with 22 non-zero financial metrics
[2025-03-22 00:42:57,770] INFO: ew (3/2024): Updated existing record with 20 non-zero financial metrics
[2025-03-22 00:42:57,795] INFO: ew (6/2024): Updated existing record with 15 non-zero financial metrics
[2025-03-22 00:42:57,820] INFO: ew (9/2024): Updated existing record with 15 non-zero financial metrics
[2025-03-22 00:42:57,833] INFO: Trying adjusted date: 1/2025 (original: 12/2024)
[2025-03-22 00:42:57,845] WARNING: ew (12/2024): No existing record found(12/2024, 2024-12-31) - creating new one
[2025-03-22 00:42:57,846] INFO: ew (12/2024): Created new record with 20 non-zero financial metrics
