[2025-03-22 02:05:02,382] INFO: Trying adjusted date: 4/2010 (original: 3/2010)
[2025-03-22 02:05:02,394] WARNING: exc (3/2010): No existing record found(3/2010, 2010-03-31) - creating new one
[2025-03-22 02:05:02,394] INFO: exc (3/2010): Created new record with 16 non-zero financial metrics
[2025-03-22 02:05:02,407] INFO: Trying adjusted date: 7/2010 (original: 6/2010)
[2025-03-22 02:05:02,419] WARNING: exc (6/2010): No existing record found(6/2010, 2010-06-30) - creating new one
[2025-03-22 02:05:02,420] INFO: exc (6/2010): Created new record with 12 non-zero financial metrics
[2025-03-22 02:05:02,433] INFO: Trying adjusted date: 10/2010 (original: 9/2010)
[2025-03-22 02:05:02,445] WARNING: exc (9/2010): No existing record found(9/2010, 2010-09-30) - creating new one
[2025-03-22 02:05:02,445] INFO: exc (9/2010): Created new record with 12 non-zero financial metrics
[2025-03-22 02:05:02,459] INFO: Trying adjusted date: 1/2011 (original: 12/2010)
[2025-03-22 02:05:02,470] WARNING: exc (12/2010): Found zero values for fields: Share Repurchases
[2025-03-22 02:05:02,471] WARNING: exc (12/2010): No existing record found(12/2010, 2010-12-31) - creating new one
[2025-03-22 02:05:02,471] INFO: exc (12/2010): Created new record with 17 non-zero financial metrics
[2025-03-22 02:05:02,484] INFO: Trying adjusted date: 4/2011 (original: 3/2011)
[2025-03-22 02:05:02,497] WARNING: exc (3/2011): No existing record found(3/2011, 2011-03-31) - creating new one
[2025-03-22 02:05:02,497] INFO: exc (3/2011): Created new record with 16 non-zero financial metrics
[2025-03-22 02:05:02,510] INFO: Trying adjusted date: 7/2011 (original: 6/2011)
[2025-03-22 02:05:02,522] WARNING: exc (6/2011): No existing record found(6/2011, 2011-06-30) - creating new one
[2025-03-22 02:05:02,522] INFO: exc (6/2011): Created new record with 12 non-zero financial metrics
[2025-03-22 02:05:02,536] INFO: Trying adjusted date: 10/2011 (original: 9/2011)
[2025-03-22 02:05:02,548] WARNING: exc (9/2011): No existing record found(9/2011, 2011-09-30) - creating new one
[2025-03-22 02:05:02,549] INFO: exc (9/2011): Created new record with 12 non-zero financial metrics
[2025-03-22 02:05:02,561] INFO: Trying adjusted date: 1/2012 (original: 12/2011)
[2025-03-22 02:05:02,574] WARNING: exc (12/2011): Found zero values for fields: Share Repurchases
[2025-03-22 02:05:02,574] WARNING: exc (12/2011): No existing record found(12/2011, 2011-12-31) - creating new one
[2025-03-22 02:05:02,574] INFO: exc (12/2011): Created new record with 17 non-zero financial metrics
[2025-03-22 02:05:02,589] INFO: Trying adjusted date: 4/2012 (original: 3/2012)
[2025-03-22 02:05:02,602] WARNING: exc (3/2012): No existing record found(3/2012, 2012-03-31) - creating new one
[2025-03-22 02:05:02,602] INFO: exc (3/2012): Created new record with 16 non-zero financial metrics
[2025-03-22 02:05:02,618] INFO: Trying adjusted date: 7/2012 (original: 6/2012)
[2025-03-22 02:05:02,631] WARNING: exc (6/2012): No existing record found(6/2012, 2012-06-30) - creating new one
[2025-03-22 02:05:02,631] INFO: exc (6/2012): Created new record with 12 non-zero financial metrics
[2025-03-22 02:05:02,656] INFO: exc (9/2012): Updated existing record with 12 non-zero financial metrics
[2025-03-22 02:05:02,670] WARNING: exc (12/2012): Found zero values for fields: Share Repurchases
[2025-03-22 02:05:02,682] INFO: exc (12/2012): Updated existing record with 17 non-zero financial metrics
[2025-03-22 02:05:02,707] INFO: exc (3/2013): Updated existing record with 16 non-zero financial metrics
[2025-03-22 02:05:02,732] INFO: exc (6/2013): Updated existing record with 12 non-zero financial metrics
[2025-03-22 02:05:02,758] INFO: exc (9/2013): Updated existing record with 12 non-zero financial metrics
[2025-03-22 02:05:02,783] INFO: exc (12/2013): Updated existing record with 17 non-zero financial metrics
[2025-03-22 02:05:02,809] INFO: exc (3/2014): Updated existing record with 16 non-zero financial metrics
[2025-03-22 02:05:02,834] INFO: exc (6/2014): Updated existing record with 13 non-zero financial metrics
[2025-03-22 02:05:02,860] INFO: exc (9/2014): Updated existing record with 13 non-zero financial metrics
[2025-03-22 02:05:02,885] INFO: exc (12/2014): Updated existing record with 17 non-zero financial metrics
[2025-03-22 02:05:02,914] INFO: exc (3/2015): Updated existing record with 17 non-zero financial metrics
[2025-03-22 02:05:02,940] INFO: exc (6/2015): Updated existing record with 13 non-zero financial metrics
[2025-03-22 02:05:02,965] INFO: exc (9/2015): Updated existing record with 12 non-zero financial metrics
[2025-03-22 02:05:02,993] INFO: exc (12/2015): Updated existing record with 17 non-zero financial metrics
[2025-03-22 02:05:03,019] INFO: exc (3/2016): Updated existing record with 16 non-zero financial metrics
[2025-03-22 02:05:03,044] INFO: exc (6/2016): Updated existing record with 13 non-zero financial metrics
[2025-03-22 02:05:03,071] INFO: exc (9/2016): Updated existing record with 13 non-zero financial metrics
[2025-03-22 02:05:03,096] INFO: exc (12/2016): Updated existing record with 18 non-zero financial metrics
[2025-03-22 02:05:03,121] INFO: exc (3/2017): Updated existing record with 17 non-zero financial metrics
[2025-03-22 02:05:03,147] INFO: exc (6/2017): Updated existing record with 13 non-zero financial metrics
[2025-03-22 02:05:03,173] INFO: exc (9/2017): Updated existing record with 13 non-zero financial metrics
[2025-03-22 02:05:03,198] INFO: exc (12/2017): Updated existing record with 18 non-zero financial metrics
[2025-03-22 02:05:03,224] INFO: exc (3/2018): Updated existing record with 17 non-zero financial metrics
[2025-03-22 02:05:03,250] INFO: exc (6/2018): Updated existing record with 13 non-zero financial metrics
[2025-03-22 02:05:03,275] INFO: exc (9/2018): Updated existing record with 13 non-zero financial metrics
[2025-03-22 02:05:03,301] INFO: exc (12/2018): Updated existing record with 18 non-zero financial metrics
[2025-03-22 02:05:03,326] INFO: exc (3/2019): Updated existing record with 16 non-zero financial metrics
[2025-03-22 02:05:03,352] INFO: exc (6/2019): Updated existing record with 13 non-zero financial metrics
[2025-03-22 02:05:03,377] INFO: exc (9/2019): Updated existing record with 13 non-zero financial metrics
[2025-03-22 02:05:03,402] INFO: exc (12/2019): Updated existing record with 17 non-zero financial metrics
[2025-03-22 02:05:03,429] INFO: exc (3/2020): Updated existing record with 16 non-zero financial metrics
[2025-03-22 02:05:03,454] INFO: exc (6/2020): Updated existing record with 13 non-zero financial metrics
[2025-03-22 02:05:03,480] INFO: exc (9/2020): Updated existing record with 13 non-zero financial metrics
[2025-03-22 02:05:03,506] INFO: exc (12/2020): Updated existing record with 18 non-zero financial metrics
[2025-03-22 02:05:03,531] INFO: exc (3/2021): Updated existing record with 16 non-zero financial metrics
[2025-03-22 02:05:03,557] INFO: exc (6/2021): Updated existing record with 12 non-zero financial metrics
[2025-03-22 02:05:03,582] INFO: exc (9/2021): Updated existing record with 12 non-zero financial metrics
[2025-03-22 02:05:03,595] INFO: Trying adjusted date: 1/2022 (original: 12/2021)
[2025-03-22 02:05:03,607] WARNING: exc (12/2021): No existing record found(12/2021, 2021-12-31) - creating new one
[2025-03-22 02:05:03,608] INFO: exc (12/2021): Created new record with 17 non-zero financial metrics
[2025-03-22 02:05:03,638] INFO: exc (3/2022): Updated existing record with 14 non-zero financial metrics
[2025-03-22 02:05:03,663] INFO: exc (6/2022): Updated existing record with 10 non-zero financial metrics
[2025-03-22 02:05:03,689] INFO: exc (9/2022): Updated existing record with 10 non-zero financial metrics
[2025-03-22 02:05:03,716] INFO: exc (12/2022): Updated existing record with 16 non-zero financial metrics
[2025-03-22 02:05:03,742] INFO: exc (3/2023): Updated existing record with 14 non-zero financial metrics
[2025-03-22 02:05:03,770] INFO: exc (6/2023): Updated existing record with 10 non-zero financial metrics
[2025-03-22 02:05:03,796] INFO: exc (9/2023): Updated existing record with 10 non-zero financial metrics
[2025-03-22 02:05:03,821] INFO: exc (12/2023): Updated existing record with 15 non-zero financial metrics
[2025-03-22 02:05:03,847] INFO: exc (3/2024): Updated existing record with 15 non-zero financial metrics
[2025-03-22 02:05:03,872] INFO: exc (6/2024): Updated existing record with 11 non-zero financial metrics
[2025-03-22 02:05:03,898] INFO: exc (9/2024): Updated existing record with 11 non-zero financial metrics
[2025-03-22 02:05:03,912] INFO: Trying adjusted date: 1/2025 (original: 12/2024)
[2025-03-22 02:05:03,924] WARNING: exc (12/2024): No existing record found(12/2024, 2024-12-31) - creating new one
[2025-03-22 02:05:03,925] INFO: exc (12/2024): Created new record with 15 non-zero financial metrics
