[2025-03-22 04:34:06,733] INFO: Trying adjusted date: 7/2010 (original: 6/2010)
[2025-03-22 04:34:06,745] WARNING: exr (6/2010): No existing record found(6/2010, 2010-06-30) - creating new one
[2025-03-22 04:34:06,745] INFO: exr (6/2010): Created new record with 10 non-zero financial metrics
[2025-03-22 04:34:06,761] INFO: Trying adjusted date: 10/2010 (original: 9/2010)
[2025-03-22 04:34:06,774] WARNING: exr (9/2010): No existing record found(9/2010, 2010-09-30) - creating new one
[2025-03-22 04:34:06,774] INFO: exr (9/2010): Created new record with 10 non-zero financial metrics
[2025-03-22 04:34:06,789] INFO: Trying adjusted date: 1/2011 (original: 12/2010)
[2025-03-22 04:34:06,802] WARNING: exr (12/2010): No existing record found(12/2010, 2010-12-31) - creating new one
[2025-03-22 04:34:06,802] INFO: exr (12/2010): Created new record with 13 non-zero financial metrics
[2025-03-22 04:34:06,817] INFO: Trying adjusted date: 4/2011 (original: 3/2011)
[2025-03-22 04:34:06,830] WARNING: exr (3/2011): No existing record found(3/2011, 2011-03-31) - creating new one
[2025-03-22 04:34:06,831] INFO: exr (3/2011): Created new record with 13 non-zero financial metrics
[2025-03-22 04:34:06,846] INFO: Trying adjusted date: 7/2011 (original: 6/2011)
[2025-03-22 04:34:06,860] WARNING: exr (6/2011): No existing record found(6/2011, 2011-06-30) - creating new one
[2025-03-22 04:34:06,860] INFO: exr (6/2011): Created new record with 10 non-zero financial metrics
[2025-03-22 04:34:06,874] INFO: Trying adjusted date: 10/2011 (original: 9/2011)
[2025-03-22 04:34:06,887] WARNING: exr (9/2011): No existing record found(9/2011, 2011-09-30) - creating new one
[2025-03-22 04:34:06,888] INFO: exr (9/2011): Created new record with 10 non-zero financial metrics
[2025-03-22 04:34:06,901] INFO: Trying adjusted date: 1/2012 (original: 12/2011)
[2025-03-22 04:34:06,914] WARNING: exr (12/2011): No existing record found(12/2011, 2011-12-31) - creating new one
[2025-03-22 04:34:06,915] INFO: exr (12/2011): Created new record with 11 non-zero financial metrics
[2025-03-22 04:34:06,929] INFO: Trying adjusted date: 4/2012 (original: 3/2012)
[2025-03-22 04:34:06,942] WARNING: exr (3/2012): No existing record found(3/2012, 2012-03-31) - creating new one
[2025-03-22 04:34:06,942] INFO: exr (3/2012): Created new record with 10 non-zero financial metrics
[2025-03-22 04:34:06,956] INFO: Trying adjusted date: 7/2012 (original: 6/2012)
[2025-03-22 04:34:06,968] WARNING: exr (6/2012): No existing record found(6/2012, 2012-06-30) - creating new one
[2025-03-22 04:34:06,969] INFO: exr (6/2012): Created new record with 10 non-zero financial metrics
[2025-03-22 04:34:07,001] INFO: exr (9/2012): Updated existing record with 10 non-zero financial metrics
[2025-03-22 04:34:07,027] INFO: exr (12/2012): Updated existing record with 11 non-zero financial metrics
[2025-03-22 04:34:07,054] INFO: exr (3/2013): Updated existing record with 10 non-zero financial metrics
[2025-03-22 04:34:07,081] INFO: exr (6/2013): Updated existing record with 10 non-zero financial metrics
[2025-03-22 04:34:07,109] INFO: exr (9/2013): Updated existing record with 10 non-zero financial metrics
[2025-03-22 04:34:07,136] INFO: exr (12/2013): Updated existing record with 11 non-zero financial metrics
[2025-03-22 04:34:07,162] INFO: exr (3/2014): Updated existing record with 10 non-zero financial metrics
[2025-03-22 04:34:07,188] INFO: exr (6/2014): Updated existing record with 10 non-zero financial metrics
[2025-03-22 04:34:07,215] INFO: exr (9/2014): Updated existing record with 10 non-zero financial metrics
[2025-03-22 04:34:07,242] INFO: exr (12/2014): Updated existing record with 11 non-zero financial metrics
[2025-03-22 04:34:07,268] INFO: exr (3/2015): Updated existing record with 10 non-zero financial metrics
[2025-03-22 04:34:07,295] INFO: exr (6/2015): Updated existing record with 10 non-zero financial metrics
[2025-03-22 04:34:07,321] INFO: exr (9/2015): Updated existing record with 10 non-zero financial metrics
[2025-03-22 04:34:07,348] INFO: exr (12/2015): Updated existing record with 11 non-zero financial metrics
[2025-03-22 04:34:07,374] INFO: exr (3/2016): Updated existing record with 10 non-zero financial metrics
[2025-03-22 04:34:07,401] INFO: exr (6/2016): Updated existing record with 10 non-zero financial metrics
[2025-03-22 04:34:07,427] INFO: exr (9/2016): Updated existing record with 10 non-zero financial metrics
[2025-03-22 04:34:07,452] INFO: exr (12/2016): Updated existing record with 13 non-zero financial metrics
[2025-03-22 04:34:07,480] INFO: exr (3/2017): Updated existing record with 13 non-zero financial metrics
[2025-03-22 04:34:07,506] INFO: exr (6/2017): Updated existing record with 10 non-zero financial metrics
[2025-03-22 04:34:07,532] INFO: exr (9/2017): Updated existing record with 10 non-zero financial metrics
[2025-03-22 04:34:07,559] INFO: exr (12/2017): Updated existing record with 13 non-zero financial metrics
[2025-03-22 04:34:07,586] INFO: exr (3/2018): Updated existing record with 13 non-zero financial metrics
[2025-03-22 04:34:07,612] INFO: exr (6/2018): Updated existing record with 10 non-zero financial metrics
[2025-03-22 04:34:07,639] INFO: exr (9/2018): Updated existing record with 11 non-zero financial metrics
[2025-03-22 04:34:07,666] INFO: exr (12/2018): Updated existing record with 14 non-zero financial metrics
[2025-03-22 04:34:07,692] INFO: exr (3/2019): Updated existing record with 14 non-zero financial metrics
[2025-03-22 04:34:07,719] INFO: exr (6/2019): Updated existing record with 11 non-zero financial metrics
[2025-03-22 04:34:07,746] INFO: exr (9/2019): Updated existing record with 11 non-zero financial metrics
[2025-03-22 04:34:07,773] INFO: exr (12/2019): Updated existing record with 14 non-zero financial metrics
[2025-03-22 04:34:07,800] INFO: exr (3/2020): Updated existing record with 15 non-zero financial metrics
[2025-03-22 04:34:07,827] INFO: exr (6/2020): Updated existing record with 11 non-zero financial metrics
[2025-03-22 04:34:07,854] INFO: exr (9/2020): Updated existing record with 11 non-zero financial metrics
[2025-03-22 04:34:07,880] INFO: exr (12/2020): Updated existing record with 15 non-zero financial metrics
[2025-03-22 04:34:07,894] WARNING: exr (3/2021): Found zero values for fields: Share Repurchases
[2025-03-22 04:34:07,907] INFO: exr (3/2021): Updated existing record with 14 non-zero financial metrics
[2025-03-22 04:34:07,936] INFO: exr (6/2021): Updated existing record with 11 non-zero financial metrics
[2025-03-22 04:34:07,964] INFO: exr (9/2021): Updated existing record with 11 non-zero financial metrics
[2025-03-22 04:34:07,979] WARNING: exr (12/2021): Found zero values for fields: Share Repurchases, Interest Expense
[2025-03-22 04:34:07,992] INFO: exr (12/2021): Updated existing record with 13 non-zero financial metrics
[2025-03-22 04:34:08,019] INFO: exr (3/2022): Updated existing record with 14 non-zero financial metrics
[2025-03-22 04:34:08,047] INFO: exr (6/2022): Updated existing record with 13 non-zero financial metrics
[2025-03-22 04:34:08,074] INFO: exr (9/2022): Updated existing record with 13 non-zero financial metrics
[2025-03-22 04:34:08,088] WARNING: exr (12/2022): Found zero values for fields: Interest Expense
[2025-03-22 04:34:06,044] INFO: exr (12/2022): Updated existing record with 16 non-zero financial metrics
[2025-03-22 04:34:06,071] INFO: exr (3/2023): Updated existing record with 16 non-zero financial metrics
[2025-03-22 04:34:06,097] INFO: exr (6/2023): Updated existing record with 13 non-zero financial metrics
[2025-03-22 04:34:06,123] INFO: exr (9/2023): Updated existing record with 13 non-zero financial metrics
[2025-03-22 04:34:06,138] WARNING: exr (12/2023): Found zero values for fields: Share Repurchases
[2025-03-22 04:34:06,151] INFO: exr (12/2023): Updated existing record with 16 non-zero financial metrics
[2025-03-22 04:34:06,181] INFO: exr (3/2024): Updated existing record with 16 non-zero financial metrics
[2025-03-22 04:34:06,209] INFO: exr (6/2024): Updated existing record with 12 non-zero financial metrics
[2025-03-22 04:34:06,235] INFO: exr (9/2024): Updated existing record with 12 non-zero financial metrics
[2025-03-22 04:34:06,250] INFO: Trying adjusted date: 1/2025 (original: 12/2024)
[2025-03-22 04:34:06,263] WARNING: exr (12/2024): Found zero values for fields: Share Repurchases
[2025-03-22 04:34:06,263] WARNING: exr (12/2024): No existing record found(12/2024, 2024-12-31) - creating new one
[2025-03-22 04:34:06,263] INFO: exr (12/2024): Created new record with 15 non-zero financial metrics
