[2025-03-22 15:03:58,418] INFO: Trying adjusted date: 7/2010 (original: 6/2010)
[2025-03-22 15:03:58,432] WARNING: faf (6/2010): No existing record found(6/2010, 2010-06-30) - creating new one
[2025-03-22 15:03:58,432] INFO: faf (6/2010): Created new record with 11 non-zero financial metrics
[2025-03-22 15:03:58,450] INFO: Trying adjusted date: 10/2010 (original: 9/2010)
[2025-03-22 15:03:58,464] WARNING: faf (9/2010): No existing record found(9/2010, 2010-09-30) - creating new one
[2025-03-22 15:03:58,464] INFO: faf (9/2010): Created new record with 11 non-zero financial metrics
[2025-03-22 15:03:58,481] INFO: Trying adjusted date: 1/2011 (original: 12/2010)
[2025-03-22 15:03:58,495] WARNING: faf (12/2010): No existing record found(12/2010, 2010-12-31) - creating new one
[2025-03-22 15:03:58,496] INFO: faf (12/2010): Created new record with 14 non-zero financial metrics
[2025-03-22 15:03:58,512] INFO: Trying adjusted date: 4/2011 (original: 3/2011)
[2025-03-22 15:03:58,526] WARNING: faf (3/2011): No existing record found(3/2011, 2011-03-31) - creating new one
[2025-03-22 15:03:58,527] INFO: faf (3/2011): Created new record with 14 non-zero financial metrics
[2025-03-22 15:03:58,543] INFO: Trying adjusted date: 7/2011 (original: 6/2011)
[2025-03-22 15:03:58,558] WARNING: faf (6/2011): No existing record found(6/2011, 2011-06-30) - creating new one
[2025-03-22 15:03:58,559] INFO: faf (6/2011): Created new record with 12 non-zero financial metrics
[2025-03-22 15:03:58,576] INFO: Trying adjusted date: 10/2011 (original: 9/2011)
[2025-03-22 15:03:58,590] WARNING: faf (9/2011): No existing record found(9/2011, 2011-09-30) - creating new one
[2025-03-22 15:03:58,591] INFO: faf (9/2011): Created new record with 12 non-zero financial metrics
[2025-03-22 15:03:58,607] INFO: Trying adjusted date: 1/2012 (original: 12/2011)
[2025-03-22 15:03:58,622] WARNING: faf (12/2011): No existing record found(12/2011, 2011-12-31) - creating new one
[2025-03-22 15:03:58,622] INFO: faf (12/2011): Created new record with 15 non-zero financial metrics
[2025-03-22 15:03:58,639] INFO: Trying adjusted date: 4/2012 (original: 3/2012)
[2025-03-22 15:03:58,653] WARNING: faf (3/2012): No existing record found(3/2012, 2012-03-31) - creating new one
[2025-03-22 15:03:58,654] INFO: faf (3/2012): Created new record with 15 non-zero financial metrics
[2025-03-22 15:03:58,670] INFO: Trying adjusted date: 7/2012 (original: 6/2012)
[2025-03-22 15:03:58,685] WARNING: faf (6/2012): No existing record found(6/2012, 2012-06-30) - creating new one
[2025-03-22 15:03:58,685] INFO: faf (6/2012): Created new record with 12 non-zero financial metrics
[2025-03-22 15:03:58,716] INFO: faf (9/2012): Updated existing record with 12 non-zero financial metrics
[2025-03-22 15:03:58,746] INFO: faf (12/2012): Updated existing record with 15 non-zero financial metrics
[2025-03-22 15:03:58,776] INFO: faf (3/2013): Updated existing record with 15 non-zero financial metrics
[2025-03-22 15:03:58,806] INFO: faf (6/2013): Updated existing record with 12 non-zero financial metrics
[2025-03-22 15:03:58,837] INFO: faf (9/2013): Updated existing record with 12 non-zero financial metrics
[2025-03-22 15:03:58,868] INFO: faf (12/2013): Updated existing record with 18 non-zero financial metrics
[2025-03-22 15:03:58,899] INFO: faf (3/2014): Updated existing record with 15 non-zero financial metrics
[2025-03-22 15:03:58,930] INFO: faf (6/2014): Updated existing record with 12 non-zero financial metrics
[2025-03-22 15:03:58,961] INFO: faf (9/2014): Updated existing record with 12 non-zero financial metrics
[2025-03-22 15:03:58,992] INFO: faf (12/2014): Updated existing record with 15 non-zero financial metrics
[2025-03-22 15:03:59,023] INFO: faf (3/2015): Updated existing record with 11 non-zero financial metrics
[2025-03-22 15:03:59,054] INFO: faf (6/2015): Updated existing record with 11 non-zero financial metrics
[2025-03-22 15:03:59,084] INFO: faf (9/2015): Updated existing record with 11 non-zero financial metrics
[2025-03-22 15:03:59,114] INFO: faf (12/2015): Updated existing record with 15 non-zero financial metrics
[2025-03-22 15:03:59,146] INFO: faf (3/2016): Updated existing record with 12 non-zero financial metrics
[2025-03-22 15:03:59,178] INFO: faf (6/2016): Updated existing record with 11 non-zero financial metrics
[2025-03-22 15:03:59,208] INFO: faf (9/2016): Updated existing record with 11 non-zero financial metrics
[2025-03-22 15:03:59,239] INFO: faf (12/2016): Updated existing record with 13 non-zero financial metrics
[2025-03-22 15:03:59,255] WARNING: faf (3/2017): Found zero values for fields: Share Repurchases
[2025-03-22 15:03:59,269] INFO: faf (3/2017): Updated existing record with 11 non-zero financial metrics
[2025-03-22 15:03:59,299] INFO: faf (6/2017): Updated existing record with 11 non-zero financial metrics
[2025-03-22 15:03:59,330] INFO: faf (9/2017): Updated existing record with 11 non-zero financial metrics
[2025-03-22 15:03:59,347] WARNING: faf (12/2017): Found zero values for fields: Share Repurchases
[2025-03-22 15:03:59,362] INFO: faf (12/2017): Updated existing record with 12 non-zero financial metrics
[2025-03-22 15:03:59,395] INFO: faf (3/2018): Updated existing record with 11 non-zero financial metrics
[2025-03-22 15:03:59,426] INFO: faf (6/2018): Updated existing record with 11 non-zero financial metrics
[2025-03-22 15:03:59,456] INFO: faf (9/2018): Updated existing record with 11 non-zero financial metrics
[2025-03-22 15:03:59,487] INFO: faf (12/2018): Updated existing record with 16 non-zero financial metrics
[2025-03-22 15:03:59,518] INFO: faf (3/2019): Updated existing record with 14 non-zero financial metrics
[2025-03-22 15:03:59,548] INFO: faf (6/2019): Updated existing record with 10 non-zero financial metrics
[2025-03-22 15:03:59,579] INFO: faf (9/2019): Updated existing record with 10 non-zero financial metrics
[2025-03-22 15:03:59,612] INFO: faf (12/2019): Updated existing record with 16 non-zero financial metrics
[2025-03-22 15:03:59,642] INFO: faf (3/2020): Updated existing record with 15 non-zero financial metrics
[2025-03-22 15:03:59,674] INFO: faf (6/2020): Updated existing record with 11 non-zero financial metrics
[2025-03-22 15:03:59,704] INFO: faf (9/2020): Updated existing record with 11 non-zero financial metrics
[2025-03-22 15:03:59,735] INFO: faf (12/2020): Updated existing record with 15 non-zero financial metrics
[2025-03-22 15:03:59,766] INFO: faf (3/2021): Updated existing record with 15 non-zero financial metrics
[2025-03-22 15:03:59,798] INFO: faf (6/2021): Updated existing record with 11 non-zero financial metrics
[2025-03-22 15:03:59,829] INFO: faf (9/2021): Updated existing record with 11 non-zero financial metrics
[2025-03-22 15:03:59,862] INFO: faf (12/2021): Updated existing record with 15 non-zero financial metrics
[2025-03-22 15:03:59,893] INFO: faf (3/2022): Updated existing record with 15 non-zero financial metrics
[2025-03-22 15:03:59,924] INFO: faf (6/2022): Updated existing record with 11 non-zero financial metrics
[2025-03-22 15:03:59,954] INFO: faf (9/2022): Updated existing record with 11 non-zero financial metrics
[2025-03-22 15:03:59,984] INFO: faf (12/2022): Updated existing record with 15 non-zero financial metrics
[2025-03-22 15:04:00,017] INFO: faf (3/2023): Updated existing record with 15 non-zero financial metrics
[2025-03-22 15:04:00,047] INFO: faf (6/2023): Updated existing record with 11 non-zero financial metrics
[2025-03-22 15:04:00,078] INFO: faf (9/2023): Updated existing record with 11 non-zero financial metrics
[2025-03-22 15:04:00,108] INFO: faf (12/2023): Updated existing record with 15 non-zero financial metrics
[2025-03-22 15:04:00,141] INFO: faf (3/2024): Updated existing record with 15 non-zero financial metrics
[2025-03-22 15:04:00,173] INFO: faf (6/2024): Updated existing record with 11 non-zero financial metrics
[2025-03-22 15:04:00,205] INFO: faf (9/2024): Updated existing record with 11 non-zero financial metrics
[2025-03-22 15:04:00,222] INFO: Trying adjusted date: 1/2025 (original: 12/2024)
[2025-03-22 15:04:00,237] WARNING: faf (12/2024): No existing record found(12/2024, 2024-12-31) - creating new one
[2025-03-22 15:04:00,237] INFO: faf (12/2024): Created new record with 15 non-zero financial metrics
