[2025-03-22 11:33:06,083] INFO: Trying adjusted date: 7/2010 (original: 6/2010)
[2025-03-22 11:33:06,095] WARNING: fcnca (6/2010): No existing record found(6/2010, 2010-06-30) - creating new one
[2025-03-22 11:33:06,096] INFO: fcnca (6/2010): Created new record with 10 non-zero financial metrics
[2025-03-22 11:33:06,124] INFO: Trying adjusted date: 10/2010 (original: 9/2010)
[2025-03-22 11:33:06,137] WARNING: fcnca (9/2010): No existing record found(9/2010, 2010-09-30) - creating new one
[2025-03-22 11:33:06,138] INFO: fcnca (9/2010): Created new record with 10 non-zero financial metrics
[2025-03-22 11:33:06,154] INFO: Trying adjusted date: 1/2011 (original: 12/2010)
[2025-03-22 11:33:06,167] WARNING: fcnca (12/2010): No existing record found(12/2010, 2010-12-31) - creating new one
[2025-03-22 11:33:06,168] INFO: fcnca (12/2010): Created new record with 14 non-zero financial metrics
[2025-03-22 11:33:06,184] INFO: Trying adjusted date: 4/2011 (original: 3/2011)
[2025-03-22 11:33:06,197] WARNING: fcnca (3/2011): No existing record found(3/2011, 2011-03-31) - creating new one
[2025-03-22 11:33:06,198] INFO: fcnca (3/2011): Created new record with 14 non-zero financial metrics
[2025-03-22 11:33:06,212] INFO: Trying adjusted date: 7/2011 (original: 6/2011)
[2025-03-22 11:33:06,225] WARNING: fcnca (6/2011): No existing record found(6/2011, 2011-06-30) - creating new one
[2025-03-22 11:33:06,226] INFO: fcnca (6/2011): Created new record with 10 non-zero financial metrics
[2025-03-22 11:33:06,242] INFO: Trying adjusted date: 10/2011 (original: 9/2011)
[2025-03-22 11:33:06,255] WARNING: fcnca (9/2011): No existing record found(9/2011, 2011-09-30) - creating new one
[2025-03-22 11:33:06,255] INFO: fcnca (9/2011): Created new record with 10 non-zero financial metrics
[2025-03-22 11:33:06,273] INFO: Trying adjusted date: 1/2012 (original: 12/2011)
[2025-03-22 11:33:06,286] WARNING: fcnca (12/2011): No existing record found(12/2011, 2011-12-31) - creating new one
[2025-03-22 11:33:06,287] INFO: fcnca (12/2011): Created new record with 12 non-zero financial metrics
[2025-03-22 11:33:06,302] INFO: Trying adjusted date: 4/2012 (original: 3/2012)
[2025-03-22 11:33:06,315] WARNING: fcnca (3/2012): No existing record found(3/2012, 2012-03-31) - creating new one
[2025-03-22 11:33:06,315] INFO: fcnca (3/2012): Created new record with 12 non-zero financial metrics
[2025-03-22 11:33:06,331] INFO: Trying adjusted date: 7/2012 (original: 6/2012)
[2025-03-22 11:33:06,344] WARNING: fcnca (6/2012): No existing record found(6/2012, 2012-06-30) - creating new one
[2025-03-22 11:33:06,344] INFO: fcnca (6/2012): Created new record with 10 non-zero financial metrics
[2025-03-22 11:33:06,360] INFO: Trying adjusted date: 10/2012 (original: 9/2012)
[2025-03-22 11:33:06,373] WARNING: fcnca (9/2012): No existing record found(9/2012, 2012-09-30) - creating new one
[2025-03-22 11:33:06,373] INFO: fcnca (9/2012): Created new record with 10 non-zero financial metrics
[2025-03-22 11:33:06,388] INFO: Trying adjusted date: 1/2013 (original: 12/2012)
[2025-03-22 11:33:06,401] WARNING: fcnca (12/2012): No existing record found(12/2012, 2012-12-31) - creating new one
[2025-03-22 11:33:06,402] INFO: fcnca (12/2012): Created new record with 12 non-zero financial metrics
[2025-03-22 11:33:06,416] INFO: Trying adjusted date: 4/2013 (original: 3/2013)
[2025-03-22 11:33:06,430] WARNING: fcnca (3/2013): No existing record found(3/2013, 2013-03-31) - creating new one
[2025-03-22 11:33:06,430] INFO: fcnca (3/2013): Created new record with 12 non-zero financial metrics
[2025-03-22 11:33:06,446] INFO: Trying adjusted date: 7/2013 (original: 6/2013)
[2025-03-22 11:33:06,458] WARNING: fcnca (6/2013): No existing record found(6/2013, 2013-06-30) - creating new one
[2025-03-22 11:33:06,459] INFO: fcnca (6/2013): Created new record with 9 non-zero financial metrics
[2025-03-22 11:33:06,476] INFO: Trying adjusted date: 10/2013 (original: 9/2013)
[2025-03-22 11:33:06,489] WARNING: fcnca (9/2013): No existing record found(9/2013, 2013-09-30) - creating new one
[2025-03-22 11:33:06,489] INFO: fcnca (9/2013): Created new record with 9 non-zero financial metrics
[2025-03-22 11:33:06,504] INFO: Trying adjusted date: 1/2014 (original: 12/2013)
[2025-03-22 11:33:06,518] WARNING: fcnca (12/2013): No existing record found(12/2013, 2013-12-31) - creating new one
[2025-03-22 11:33:06,518] INFO: fcnca (12/2013): Created new record with 12 non-zero financial metrics
[2025-03-22 11:33:06,535] INFO: Trying adjusted date: 4/2014 (original: 3/2014)
[2025-03-22 11:33:06,548] WARNING: fcnca (3/2014): Found zero values for fields: Share Repurchases
[2025-03-22 11:33:06,548] WARNING: fcnca (3/2014): No existing record found(3/2014, 2014-03-31) - creating new one
[2025-03-22 11:33:06,549] INFO: fcnca (3/2014): Created new record with 10 non-zero financial metrics
[2025-03-22 11:33:06,564] INFO: Trying adjusted date: 7/2014 (original: 6/2014)
[2025-03-22 11:33:06,577] WARNING: fcnca (6/2014): No existing record found(6/2014, 2014-06-30) - creating new one
[2025-03-22 11:33:06,577] INFO: fcnca (6/2014): Created new record with 9 non-zero financial metrics
[2025-03-22 11:33:06,593] INFO: Trying adjusted date: 10/2014 (original: 9/2014)
[2025-03-22 11:33:06,606] WARNING: fcnca (9/2014): No existing record found(9/2014, 2014-09-30) - creating new one
[2025-03-22 11:33:06,606] INFO: fcnca (9/2014): Created new record with 9 non-zero financial metrics
[2025-03-22 11:33:06,621] INFO: Trying adjusted date: 1/2015 (original: 12/2014)
[2025-03-22 11:33:06,634] WARNING: fcnca (12/2014): Found zero values for fields: Share Repurchases
[2025-03-22 11:33:06,635] WARNING: fcnca (12/2014): No existing record found(12/2014, 2014-12-31) - creating new one
[2025-03-22 11:33:06,635] INFO: fcnca (12/2014): Created new record with 12 non-zero financial metrics
[2025-03-22 11:33:06,653] INFO: Trying adjusted date: 4/2015 (original: 3/2015)
[2025-03-22 11:33:06,666] WARNING: fcnca (3/2015): No existing record found(3/2015, 2015-03-31) - creating new one
[2025-03-22 11:33:06,667] INFO: fcnca (3/2015): Created new record with 10 non-zero financial metrics
[2025-03-22 11:33:06,682] INFO: Trying adjusted date: 7/2015 (original: 6/2015)
[2025-03-22 11:33:06,695] WARNING: fcnca (6/2015): No existing record found(6/2015, 2015-06-30) - creating new one
[2025-03-22 11:33:06,696] INFO: fcnca (6/2015): Created new record with 9 non-zero financial metrics
[2025-03-22 11:33:06,711] INFO: Trying adjusted date: 10/2015 (original: 9/2015)
[2025-03-22 11:33:06,724] WARNING: fcnca (9/2015): No existing record found(9/2015, 2015-09-30) - creating new one
[2025-03-22 11:33:06,725] INFO: fcnca (9/2015): Created new record with 9 non-zero financial metrics
[2025-03-22 11:33:06,742] INFO: Trying adjusted date: 1/2016 (original: 12/2015)
[2025-03-22 11:33:06,755] WARNING: fcnca (12/2015): Found zero values for fields: Share Repurchases
[2025-03-22 11:33:06,755] WARNING: fcnca (12/2015): No existing record found(12/2015, 2015-12-31) - creating new one
[2025-03-22 11:33:06,755] INFO: fcnca (12/2015): Created new record with 12 non-zero financial metrics
[2025-03-22 11:33:06,770] INFO: Trying adjusted date: 4/2016 (original: 3/2016)
[2025-03-22 11:33:06,784] WARNING: fcnca (3/2016): No existing record found(3/2016, 2016-03-31) - creating new one
[2025-03-22 11:33:06,784] INFO: fcnca (3/2016): Created new record with 10 non-zero financial metrics
[2025-03-22 11:33:06,799] INFO: Trying adjusted date: 7/2016 (original: 6/2016)
[2025-03-22 11:33:06,812] WARNING: fcnca (6/2016): No existing record found(6/2016, 2016-06-30) - creating new one
[2025-03-22 11:33:06,813] INFO: fcnca (6/2016): Created new record with 9 non-zero financial metrics
[2025-03-22 11:33:06,828] INFO: Trying adjusted date: 10/2016 (original: 9/2016)
[2025-03-22 11:33:06,841] WARNING: fcnca (9/2016): No existing record found(9/2016, 2016-09-30) - creating new one
[2025-03-22 11:33:06,841] INFO: fcnca (9/2016): Created new record with 9 non-zero financial metrics
[2025-03-22 11:33:06,859] INFO: Trying adjusted date: 1/2017 (original: 12/2016)
[2025-03-22 11:33:06,872] WARNING: fcnca (12/2016): No existing record found(12/2016, 2016-12-31) - creating new one
[2025-03-22 11:33:06,872] INFO: fcnca (12/2016): Created new record with 12 non-zero financial metrics
[2025-03-22 11:33:06,888] INFO: Trying adjusted date: 4/2017 (original: 3/2017)
[2025-03-22 11:33:06,901] WARNING: fcnca (3/2017): No existing record found(3/2017, 2017-03-31) - creating new one
[2025-03-22 11:33:06,902] INFO: fcnca (3/2017): Created new record with 10 non-zero financial metrics
[2025-03-22 11:33:06,917] INFO: Trying adjusted date: 7/2017 (original: 6/2017)
[2025-03-22 11:33:06,930] WARNING: fcnca (6/2017): No existing record found(6/2017, 2017-06-30) - creating new one
[2025-03-22 11:33:06,931] INFO: fcnca (6/2017): Created new record with 9 non-zero financial metrics
[2025-03-22 11:33:06,945] INFO: Trying adjusted date: 10/2017 (original: 9/2017)
[2025-03-22 11:33:06,958] WARNING: fcnca (9/2017): No existing record found(9/2017, 2017-09-30) - creating new one
[2025-03-22 11:33:06,959] INFO: fcnca (9/2017): Created new record with 9 non-zero financial metrics
[2025-03-22 11:33:06,974] INFO: Trying adjusted date: 1/2018 (original: 12/2017)
[2025-03-22 11:33:06,987] WARNING: fcnca (12/2017): No existing record found(12/2017, 2017-12-31) - creating new one
[2025-03-22 11:33:06,988] INFO: fcnca (12/2017): Created new record with 12 non-zero financial metrics
[2025-03-22 11:33:07,004] INFO: Trying adjusted date: 4/2018 (original: 3/2018)
[2025-03-22 11:33:07,017] WARNING: fcnca (3/2018): No existing record found(3/2018, 2018-03-31) - creating new one
[2025-03-22 11:33:07,018] INFO: fcnca (3/2018): Created new record with 10 non-zero financial metrics
[2025-03-22 11:33:07,033] INFO: Trying adjusted date: 7/2018 (original: 6/2018)
[2025-03-22 11:33:07,046] WARNING: fcnca (6/2018): No existing record found(6/2018, 2018-06-30) - creating new one
[2025-03-22 11:33:07,047] INFO: fcnca (6/2018): Created new record with 9 non-zero financial metrics
[2025-03-22 11:33:07,061] INFO: Trying adjusted date: 10/2018 (original: 9/2018)
[2025-03-22 11:33:07,074] WARNING: fcnca (9/2018): No existing record found(9/2018, 2018-09-30) - creating new one
[2025-03-22 11:33:07,076] INFO: fcnca (9/2018): Created new record with 9 non-zero financial metrics
[2025-03-22 11:33:07,092] INFO: Trying adjusted date: 1/2019 (original: 12/2018)
[2025-03-22 11:33:07,105] WARNING: fcnca (12/2018): No existing record found(12/2018, 2018-12-31) - creating new one
[2025-03-22 11:33:07,106] INFO: fcnca (12/2018): Created new record with 13 non-zero financial metrics
[2025-03-22 11:33:07,123] INFO: Trying adjusted date: 4/2019 (original: 3/2019)
[2025-03-22 11:33:07,136] WARNING: fcnca (3/2019): No existing record found(3/2019, 2019-03-31) - creating new one
[2025-03-22 11:33:07,137] INFO: fcnca (3/2019): Created new record with 11 non-zero financial metrics
[2025-03-22 11:33:07,154] INFO: Trying adjusted date: 7/2019 (original: 6/2019)
[2025-03-22 11:33:07,167] WARNING: fcnca (6/2019): No existing record found(6/2019, 2019-06-30) - creating new one
[2025-03-22 11:33:07,167] INFO: fcnca (6/2019): Created new record with 9 non-zero financial metrics
[2025-03-22 11:33:07,183] INFO: Trying adjusted date: 10/2019 (original: 9/2019)
[2025-03-22 11:33:07,197] WARNING: fcnca (9/2019): No existing record found(9/2019, 2019-09-30) - creating new one
[2025-03-22 11:33:07,197] INFO: fcnca (9/2019): Created new record with 9 non-zero financial metrics
[2025-03-22 11:33:07,211] INFO: Trying adjusted date: 1/2020 (original: 12/2019)
[2025-03-22 11:33:07,224] WARNING: fcnca (12/2019): No existing record found(12/2019, 2019-12-31) - creating new one
[2025-03-22 11:33:07,225] INFO: fcnca (12/2019): Created new record with 16 non-zero financial metrics
[2025-03-22 11:33:07,241] INFO: Trying adjusted date: 4/2020 (original: 3/2020)
[2025-03-22 11:33:07,255] WARNING: fcnca (3/2020): No existing record found(3/2020, 2020-03-31) - creating new one
[2025-03-22 11:33:07,255] INFO: fcnca (3/2020): Created new record with 14 non-zero financial metrics
[2025-03-22 11:33:07,271] INFO: Trying adjusted date: 7/2020 (original: 6/2020)
[2025-03-22 11:33:07,284] WARNING: fcnca (6/2020): No existing record found(6/2020, 2020-06-30) - creating new one
[2025-03-22 11:33:07,285] INFO: fcnca (6/2020): Created new record with 9 non-zero financial metrics
[2025-03-22 11:33:07,300] INFO: Trying adjusted date: 10/2020 (original: 9/2020)
[2025-03-22 11:33:07,313] WARNING: fcnca (9/2020): No existing record found(9/2020, 2020-09-30) - creating new one
[2025-03-22 11:33:07,313] INFO: fcnca (9/2020): Created new record with 9 non-zero financial metrics
[2025-03-22 11:33:07,329] INFO: Trying adjusted date: 1/2021 (original: 12/2020)
[2025-03-22 11:33:07,343] WARNING: fcnca (12/2020): No existing record found(12/2020, 2020-12-31) - creating new one
[2025-03-22 11:33:07,343] INFO: fcnca (12/2020): Created new record with 15 non-zero financial metrics
[2025-03-22 11:33:07,359] INFO: Trying adjusted date: 4/2021 (original: 3/2021)
[2025-03-22 11:33:07,372] WARNING: fcnca (3/2021): Found zero values for fields: Share Repurchases
[2025-03-22 11:33:07,373] WARNING: fcnca (3/2021): No existing record found(3/2021, 2021-03-31) - creating new one
[2025-03-22 11:33:07,373] INFO: fcnca (3/2021): Created new record with 13 non-zero financial metrics
[2025-03-22 11:33:07,403] INFO: fcnca (6/2021): Updated existing record with 9 non-zero financial metrics
[2025-03-22 11:33:07,432] INFO: fcnca (9/2021): Updated existing record with 10 non-zero financial metrics
[2025-03-22 11:33:07,447] WARNING: fcnca (12/2021): Found zero values for fields: Share Repurchases
[2025-03-22 11:33:07,460] INFO: fcnca (12/2021): Updated existing record with 15 non-zero financial metrics
[2025-03-22 11:33:07,490] INFO: fcnca (3/2022): Updated existing record with 15 non-zero financial metrics
[2025-03-22 11:33:07,519] INFO: fcnca (6/2022): Updated existing record with 13 non-zero financial metrics
[2025-03-22 11:33:07,548] INFO: fcnca (9/2022): Updated existing record with 13 non-zero financial metrics
[2025-03-22 11:33:07,575] INFO: fcnca (12/2022): Updated existing record with 18 non-zero financial metrics
[2025-03-22 11:33:07,603] INFO: fcnca (3/2023): Updated existing record with 17 non-zero financial metrics
[2025-03-22 11:33:07,632] INFO: fcnca (6/2023): Updated existing record with 13 non-zero financial metrics
[2025-03-22 11:33:07,662] INFO: fcnca (9/2023): Updated existing record with 13 non-zero financial metrics
[2025-03-22 11:33:07,678] WARNING: fcnca (12/2023): Found zero values for fields: Share Repurchases
[2025-03-22 11:33:07,691] INFO: fcnca (12/2023): Updated existing record with 17 non-zero financial metrics
[2025-03-22 11:33:07,719] INFO: fcnca (3/2024): Updated existing record with 16 non-zero financial metrics
[2025-03-22 11:33:07,748] INFO: fcnca (6/2024): Updated existing record with 11 non-zero financial metrics
[2025-03-22 11:33:07,775] INFO: fcnca (9/2024): Updated existing record with 11 non-zero financial metrics
[2025-03-22 11:33:07,806] INFO: fcnca (12/2024): Updated existing record with 18 non-zero financial metrics
