[2025-03-22 01:54:48,012] INFO: Trying adjusted date: 4/2010 (original: 3/2010)
[2025-03-22 01:54:48,024] WARNING: fcx (3/2010): No existing record found(3/2010, 2010-03-31) - creating new one
[2025-03-22 01:54:48,024] INFO: fcx (3/2010): Created new record with 13 non-zero financial metrics
[2025-03-22 01:54:48,037] INFO: Trying adjusted date: 7/2010 (original: 6/2010)
[2025-03-22 01:54:48,050] WARNING: fcx (6/2010): No existing record found(6/2010, 2010-06-30) - creating new one
[2025-03-22 01:54:48,050] INFO: fcx (6/2010): Created new record with 10 non-zero financial metrics
[2025-03-22 01:54:48,063] INFO: Trying adjusted date: 10/2010 (original: 9/2010)
[2025-03-22 01:54:48,075] WARNING: fcx (9/2010): No existing record found(9/2010, 2010-09-30) - creating new one
[2025-03-22 01:54:48,076] INFO: fcx (9/2010): Created new record with 10 non-zero financial metrics
[2025-03-22 01:54:48,089] INFO: Trying adjusted date: 1/2011 (original: 12/2010)
[2025-03-22 01:54:48,101] WARNING: fcx (12/2010): Found zero values for fields: Share Repurchases
[2025-03-22 01:54:48,102] WARNING: fcx (12/2010): No existing record found(12/2010, 2010-12-31) - creating new one
[2025-03-22 01:54:48,102] INFO: fcx (12/2010): Created new record with 13 non-zero financial metrics
[2025-03-22 01:54:48,116] INFO: Trying adjusted date: 4/2011 (original: 3/2011)
[2025-03-22 01:54:48,128] WARNING: fcx (3/2011): No existing record found(3/2011, 2011-03-31) - creating new one
[2025-03-22 01:54:48,128] INFO: fcx (3/2011): Created new record with 13 non-zero financial metrics
[2025-03-22 01:54:48,143] INFO: Trying adjusted date: 7/2011 (original: 6/2011)
[2025-03-22 01:54:48,155] WARNING: fcx (6/2011): No existing record found(6/2011, 2011-06-30) - creating new one
[2025-03-22 01:54:48,156] INFO: fcx (6/2011): Created new record with 11 non-zero financial metrics
[2025-03-22 01:54:48,169] INFO: Trying adjusted date: 10/2011 (original: 9/2011)
[2025-03-22 01:54:48,181] WARNING: fcx (9/2011): No existing record found(9/2011, 2011-09-30) - creating new one
[2025-03-22 01:54:48,181] INFO: fcx (9/2011): Created new record with 11 non-zero financial metrics
[2025-03-22 01:54:48,194] INFO: Trying adjusted date: 1/2012 (original: 12/2011)
[2025-03-22 01:54:48,207] WARNING: fcx (12/2011): No existing record found(12/2011, 2011-12-31) - creating new one
[2025-03-22 01:54:48,207] INFO: fcx (12/2011): Created new record with 14 non-zero financial metrics
[2025-03-22 01:54:48,221] INFO: Trying adjusted date: 4/2012 (original: 3/2012)
[2025-03-22 01:54:48,233] WARNING: fcx (3/2012): No existing record found(3/2012, 2012-03-31) - creating new one
[2025-03-22 01:54:48,234] INFO: fcx (3/2012): Created new record with 14 non-zero financial metrics
[2025-03-22 01:54:48,247] INFO: Trying adjusted date: 7/2012 (original: 6/2012)
[2025-03-22 01:54:48,259] WARNING: fcx (6/2012): No existing record found(6/2012, 2012-06-30) - creating new one
[2025-03-22 01:54:48,259] INFO: fcx (6/2012): Created new record with 10 non-zero financial metrics
[2025-03-22 01:54:48,286] INFO: fcx (9/2012): Updated existing record with 10 non-zero financial metrics
[2025-03-22 01:54:48,311] INFO: fcx (12/2012): Updated existing record with 13 non-zero financial metrics
[2025-03-22 01:54:48,336] INFO: fcx (3/2013): Updated existing record with 13 non-zero financial metrics
[2025-03-22 01:54:48,362] INFO: fcx (6/2013): Updated existing record with 13 non-zero financial metrics
[2025-03-22 01:54:48,387] INFO: fcx (9/2013): Updated existing record with 13 non-zero financial metrics
[2025-03-22 01:54:48,413] INFO: fcx (12/2013): Updated existing record with 16 non-zero financial metrics
[2025-03-22 01:54:48,442] INFO: fcx (3/2014): Updated existing record with 15 non-zero financial metrics
[2025-03-22 01:54:48,468] INFO: fcx (6/2014): Updated existing record with 13 non-zero financial metrics
[2025-03-22 01:54:48,493] INFO: fcx (9/2014): Updated existing record with 13 non-zero financial metrics
[2025-03-22 01:54:48,506] WARNING: fcx (12/2014): Found zero values for fields: Goodwill
[2025-03-22 01:54:48,519] INFO: fcx (12/2014): Updated existing record with 14 non-zero financial metrics
[2025-03-22 01:54:48,544] INFO: fcx (3/2015): Updated existing record with 14 non-zero financial metrics
[2025-03-22 01:54:48,570] INFO: fcx (6/2015): Updated existing record with 11 non-zero financial metrics
[2025-03-22 01:54:48,595] INFO: fcx (9/2015): Updated existing record with 11 non-zero financial metrics
[2025-03-22 01:54:48,620] INFO: fcx (12/2015): Updated existing record with 14 non-zero financial metrics
[2025-03-22 01:54:48,646] INFO: fcx (3/2016): Updated existing record with 13 non-zero financial metrics
[2025-03-22 01:54:48,672] INFO: fcx (6/2016): Updated existing record with 11 non-zero financial metrics
[2025-03-22 01:54:48,698] INFO: fcx (9/2016): Updated existing record with 11 non-zero financial metrics
[2025-03-22 01:54:48,723] INFO: fcx (12/2016): Updated existing record with 14 non-zero financial metrics
[2025-03-22 01:54:48,751] INFO: fcx (3/2017): Updated existing record with 13 non-zero financial metrics
[2025-03-22 01:54:48,777] INFO: fcx (6/2017): Updated existing record with 10 non-zero financial metrics
[2025-03-22 01:54:48,802] INFO: fcx (9/2017): Updated existing record with 10 non-zero financial metrics
[2025-03-22 01:54:48,827] INFO: fcx (12/2017): Updated existing record with 14 non-zero financial metrics
[2025-03-22 01:54:48,853] INFO: fcx (3/2018): Updated existing record with 13 non-zero financial metrics
[2025-03-22 01:54:48,878] INFO: fcx (6/2018): Updated existing record with 11 non-zero financial metrics
[2025-03-22 01:54:48,904] INFO: fcx (9/2018): Updated existing record with 11 non-zero financial metrics
[2025-03-22 01:54:48,930] INFO: fcx (12/2018): Updated existing record with 14 non-zero financial metrics
[2025-03-22 01:54:48,955] INFO: fcx (3/2019): Updated existing record with 13 non-zero financial metrics
[2025-03-22 01:54:48,981] INFO: fcx (6/2019): Updated existing record with 11 non-zero financial metrics
[2025-03-22 01:54:49,007] INFO: fcx (9/2019): Updated existing record with 11 non-zero financial metrics
[2025-03-22 01:54:49,032] INFO: fcx (12/2019): Updated existing record with 15 non-zero financial metrics
[2025-03-22 01:54:49,057] INFO: fcx (3/2020): Updated existing record with 13 non-zero financial metrics
[2025-03-22 01:54:49,082] INFO: fcx (6/2020): Updated existing record with 10 non-zero financial metrics
[2025-03-22 01:54:49,109] INFO: fcx (9/2020): Updated existing record with 10 non-zero financial metrics
[2025-03-22 01:54:49,135] INFO: fcx (12/2020): Updated existing record with 16 non-zero financial metrics
[2025-03-22 01:54:49,161] INFO: fcx (3/2021): Updated existing record with 15 non-zero financial metrics
[2025-03-22 01:54:49,187] INFO: fcx (6/2021): Updated existing record with 12 non-zero financial metrics
[2025-03-22 01:54:49,213] INFO: fcx (9/2021): Updated existing record with 12 non-zero financial metrics
[2025-03-22 01:54:49,238] INFO: fcx (12/2021): Updated existing record with 17 non-zero financial metrics
[2025-03-22 01:54:49,264] INFO: fcx (3/2022): Updated existing record with 16 non-zero financial metrics
[2025-03-22 01:54:49,290] INFO: fcx (6/2022): Updated existing record with 12 non-zero financial metrics
[2025-03-22 01:54:49,315] INFO: fcx (9/2022): Updated existing record with 12 non-zero financial metrics
[2025-03-22 01:54:49,342] INFO: fcx (12/2022): Updated existing record with 16 non-zero financial metrics
[2025-03-22 01:54:49,355] WARNING: fcx (3/2023): Found zero values for fields: Share Repurchases
[2025-03-22 01:54:49,367] INFO: fcx (3/2023): Updated existing record with 15 non-zero financial metrics
[2025-03-22 01:54:49,393] INFO: fcx (6/2023): Updated existing record with 12 non-zero financial metrics
[2025-03-22 01:54:49,421] INFO: fcx (9/2023): Updated existing record with 12 non-zero financial metrics
[2025-03-22 01:54:49,434] WARNING: fcx (12/2023): Found zero values for fields: Share Repurchases
[2025-03-22 01:54:49,446] INFO: fcx (12/2023): Updated existing record with 15 non-zero financial metrics
[2025-03-22 01:54:49,472] INFO: fcx (3/2024): Updated existing record with 15 non-zero financial metrics
[2025-03-22 01:54:49,498] INFO: fcx (6/2024): Updated existing record with 12 non-zero financial metrics
[2025-03-22 01:54:49,525] INFO: fcx (9/2024): Updated existing record with 12 non-zero financial metrics
[2025-03-22 01:54:49,552] INFO: fcx (12/2024): Updated existing record with 16 non-zero financial metrics
