[2025-03-22 10:39:44,543] INFO: Trying adjusted date: 7/2010 (original: 6/2010)
[2025-03-22 10:39:44,556] WARNING: ffiv (6/2010): No existing record found(6/2010, 2010-06-30) - creating new one
[2025-03-22 10:39:44,557] INFO: ffiv (6/2010): Created new record with 15 non-zero financial metrics
[2025-03-22 10:39:44,574] INFO: Trying adjusted date: 10/2010 (original: 9/2010)
[2025-03-22 10:39:44,589] WARNING: ffiv (9/2010): No existing record found(9/2010, 2010-09-30) - creating new one
[2025-03-22 10:39:44,590] INFO: ffiv (9/2010): Created new record with 20 non-zero financial metrics
[2025-03-22 10:39:44,606] INFO: Trying adjusted date: 1/2011 (original: 12/2010)
[2025-03-22 10:39:44,620] WARNING: ffiv (12/2010): No existing record found(12/2010, 2010-12-31) - creating new one
[2025-03-22 10:39:44,621] INFO: ffiv (12/2010): Created new record with 20 non-zero financial metrics
[2025-03-22 10:39:44,637] INFO: Trying adjusted date: 4/2011 (original: 3/2011)
[2025-03-22 10:39:44,652] WARNING: ffiv (3/2011): No existing record found(3/2011, 2011-03-31) - creating new one
[2025-03-22 10:39:44,652] INFO: ffiv (3/2011): Created new record with 15 non-zero financial metrics
[2025-03-22 10:39:44,668] INFO: Trying adjusted date: 7/2011 (original: 6/2011)
[2025-03-22 10:39:44,682] WARNING: ffiv (6/2011): No existing record found(6/2011, 2011-06-30) - creating new one
[2025-03-22 10:39:44,683] INFO: ffiv (6/2011): Created new record with 15 non-zero financial metrics
[2025-03-22 10:39:44,700] INFO: Trying adjusted date: 10/2011 (original: 9/2011)
[2025-03-22 10:39:44,713] WARNING: ffiv (9/2011): No existing record found(9/2011, 2011-09-30) - creating new one
[2025-03-22 10:39:44,715] INFO: ffiv (9/2011): Created new record with 20 non-zero financial metrics
[2025-03-22 10:39:44,731] INFO: Trying adjusted date: 1/2012 (original: 12/2011)
[2025-03-22 10:39:44,745] WARNING: ffiv (12/2011): No existing record found(12/2011, 2011-12-31) - creating new one
[2025-03-22 10:39:44,745] INFO: ffiv (12/2011): Created new record with 20 non-zero financial metrics
[2025-03-22 10:39:44,762] INFO: Trying adjusted date: 4/2012 (original: 3/2012)
[2025-03-22 10:39:44,776] WARNING: ffiv (3/2012): No existing record found(3/2012, 2012-03-31) - creating new one
[2025-03-22 10:39:44,776] INFO: ffiv (3/2012): Created new record with 15 non-zero financial metrics
[2025-03-22 10:39:44,793] INFO: Trying adjusted date: 7/2012 (original: 6/2012)
[2025-03-22 10:39:44,807] WARNING: ffiv (6/2012): No existing record found(6/2012, 2012-06-30) - creating new one
[2025-03-22 10:39:44,808] INFO: ffiv (6/2012): Created new record with 15 non-zero financial metrics
[2025-03-22 10:39:44,840] INFO: ffiv (9/2012): Updated existing record with 20 non-zero financial metrics
[2025-03-22 10:39:44,872] INFO: ffiv (12/2012): Updated existing record with 20 non-zero financial metrics
[2025-03-22 10:39:44,918] INFO: ffiv (3/2013): Updated existing record with 15 non-zero financial metrics
[2025-03-22 10:39:44,949] INFO: ffiv (6/2013): Updated existing record with 15 non-zero financial metrics
[2025-03-22 10:39:44,978] INFO: ffiv (9/2013): Updated existing record with 20 non-zero financial metrics
[2025-03-22 10:39:45,014] INFO: ffiv (12/2013): Updated existing record with 20 non-zero financial metrics
[2025-03-22 10:39:45,047] INFO: ffiv (3/2014): Updated existing record with 15 non-zero financial metrics
[2025-03-22 10:39:45,075] INFO: ffiv (6/2014): Updated existing record with 15 non-zero financial metrics
[2025-03-22 10:39:45,104] INFO: ffiv (9/2014): Updated existing record with 20 non-zero financial metrics
[2025-03-22 10:39:45,134] INFO: ffiv (12/2014): Updated existing record with 20 non-zero financial metrics
[2025-03-22 10:39:45,164] INFO: ffiv (3/2015): Updated existing record with 15 non-zero financial metrics
[2025-03-22 10:39:45,193] INFO: ffiv (6/2015): Updated existing record with 15 non-zero financial metrics
[2025-03-22 10:39:45,221] INFO: ffiv (9/2015): Updated existing record with 20 non-zero financial metrics
[2025-03-22 10:39:45,250] INFO: ffiv (12/2015): Updated existing record with 20 non-zero financial metrics
[2025-03-22 10:39:45,279] INFO: ffiv (3/2016): Updated existing record with 15 non-zero financial metrics
[2025-03-22 10:39:45,309] INFO: ffiv (6/2016): Updated existing record with 15 non-zero financial metrics
[2025-03-22 10:39:45,338] INFO: ffiv (9/2016): Updated existing record with 20 non-zero financial metrics
[2025-03-22 10:39:45,370] INFO: ffiv (12/2016): Updated existing record with 20 non-zero financial metrics
[2025-03-22 10:39:45,400] INFO: ffiv (3/2017): Updated existing record with 15 non-zero financial metrics
[2025-03-22 10:39:45,429] INFO: ffiv (6/2017): Updated existing record with 15 non-zero financial metrics
[2025-03-22 10:39:45,458] INFO: ffiv (9/2017): Updated existing record with 20 non-zero financial metrics
[2025-03-22 10:39:45,488] INFO: ffiv (12/2017): Updated existing record with 20 non-zero financial metrics
[2025-03-22 10:39:45,519] INFO: ffiv (3/2018): Updated existing record with 15 non-zero financial metrics
[2025-03-22 10:39:45,548] INFO: ffiv (6/2018): Updated existing record with 15 non-zero financial metrics
[2025-03-22 10:39:45,577] INFO: ffiv (9/2018): Updated existing record with 20 non-zero financial metrics
[2025-03-22 10:39:45,606] INFO: ffiv (12/2018): Updated existing record with 21 non-zero financial metrics
[2025-03-22 10:39:45,637] INFO: ffiv (3/2019): Updated existing record with 16 non-zero financial metrics
[2025-03-22 10:39:45,666] INFO: ffiv (6/2019): Updated existing record with 18 non-zero financial metrics
[2025-03-22 10:39:45,698] INFO: ffiv (9/2019): Updated existing record with 23 non-zero financial metrics
[2025-03-22 10:39:45,713] WARNING: ffiv (12/2019): Found zero values for fields: Share Repurchases
[2025-03-22 10:39:45,726] INFO: ffiv (12/2019): Updated existing record with 21 non-zero financial metrics
[2025-03-22 10:39:45,757] INFO: ffiv (3/2020): Updated existing record with 17 non-zero financial metrics
[2025-03-22 10:39:45,789] INFO: ffiv (6/2020): Updated existing record with 17 non-zero financial metrics
[2025-03-22 10:39:45,819] INFO: ffiv (9/2020): Updated existing record with 22 non-zero financial metrics
[2025-03-22 10:39:45,848] INFO: ffiv (12/2020): Updated existing record with 21 non-zero financial metrics
[2025-03-22 10:39:45,877] INFO: ffiv (3/2021): Updated existing record with 18 non-zero financial metrics
[2025-03-22 10:39:45,906] INFO: ffiv (6/2021): Updated existing record with 18 non-zero financial metrics
[2025-03-22 10:39:45,936] INFO: ffiv (9/2021): Updated existing record with 22 non-zero financial metrics
[2025-03-22 10:39:45,966] INFO: ffiv (12/2021): Updated existing record with 22 non-zero financial metrics
[2025-03-22 10:39:45,993] INFO: ffiv (3/2022): Updated existing record with 18 non-zero financial metrics
[2025-03-22 10:39:46,023] INFO: ffiv (6/2022): Updated existing record with 18 non-zero financial metrics
[2025-03-22 10:39:46,052] INFO: ffiv (9/2022): Updated existing record with 22 non-zero financial metrics
[2025-03-22 10:39:46,081] INFO: ffiv (12/2022): Updated existing record with 22 non-zero financial metrics
[2025-03-22 10:39:46,110] INFO: ffiv (3/2023): Updated existing record with 18 non-zero financial metrics
[2025-03-22 10:39:46,139] INFO: ffiv (6/2023): Updated existing record with 18 non-zero financial metrics
[2025-03-22 10:39:46,169] INFO: ffiv (9/2023): Updated existing record with 22 non-zero financial metrics
[2025-03-22 10:39:46,198] INFO: ffiv (12/2023): Updated existing record with 22 non-zero financial metrics
[2025-03-22 10:39:46,225] INFO: ffiv (3/2024): Updated existing record with 18 non-zero financial metrics
[2025-03-22 10:39:46,254] INFO: ffiv (6/2024): Updated existing record with 18 non-zero financial metrics
[2025-03-22 10:39:46,284] INFO: ffiv (9/2024): Updated existing record with 22 non-zero financial metrics
[2025-03-22 10:39:46,313] INFO: ffiv (12/2024): Updated existing record with 21 non-zero financial metrics
