[2025-03-22 11:14:28,907] INFO: Trying adjusted date: 4/2010 (original: 3/2010)
[2025-03-22 11:14:28,921] WARNING: flex (3/2010): Found zero values for fields: Share Repurchases
[2025-03-22 11:14:28,921] WARNING: flex (3/2010): No existing record found(3/2010, 2010-03-31) - creating new one
[2025-03-22 11:14:28,922] INFO: flex (3/2010): Created new record with 13 non-zero financial metrics
[2025-03-22 11:14:28,941] INFO: Trying adjusted date: 6/2010 (original: 7/2010)
[2025-03-22 11:14:28,956] WARNING: flex (7/2010): No existing record found(7/2010, 2010-07-02) - creating new one
[2025-03-22 11:14:28,957] INFO: flex (7/2010): Created new record with 17 non-zero financial metrics
[2025-03-22 11:14:28,973] INFO: Trying adjusted date: 9/2010 (original: 10/2010)
[2025-03-22 11:14:28,987] WARNING: flex (10/2010): No existing record found(10/2010, 2010-10-01) - creating new one
[2025-03-22 11:14:28,988] INFO: flex (10/2010): Created new record with 13 non-zero financial metrics
[2025-03-22 11:14:29,004] INFO: Trying adjusted date: 1/2011 (original: 12/2010)
[2025-03-22 11:14:29,019] WARNING: flex (12/2010): No existing record found(12/2010, 2010-12-31) - creating new one
[2025-03-22 11:14:29,019] INFO: flex (12/2010): Created new record with 13 non-zero financial metrics
[2025-03-22 11:14:29,035] INFO: Trying adjusted date: 4/2011 (original: 3/2011)
[2025-03-22 11:14:29,049] WARNING: flex (3/2011): No existing record found(3/2011, 2011-03-31) - creating new one
[2025-03-22 11:14:29,050] INFO: flex (3/2011): Created new record with 17 non-zero financial metrics
[2025-03-22 11:14:29,066] INFO: Trying adjusted date: 6/2011 (original: 7/2011)
[2025-03-22 11:14:29,080] WARNING: flex (7/2011): No existing record found(7/2011, 2011-07-01) - creating new one
[2025-03-22 11:14:29,081] INFO: flex (7/2011): Created new record with 18 non-zero financial metrics
[2025-03-22 11:14:29,097] INFO: Trying adjusted date: 10/2011 (original: 9/2011)
[2025-03-22 11:14:29,110] WARNING: flex (9/2011): No existing record found(9/2011, 2011-09-30) - creating new one
[2025-03-22 11:14:29,111] INFO: flex (9/2011): Created new record with 13 non-zero financial metrics
[2025-03-22 11:14:29,127] INFO: Trying adjusted date: 1/2012 (original: 12/2011)
[2025-03-22 11:14:29,142] WARNING: flex (12/2011): No existing record found(12/2011, 2011-12-31) - creating new one
[2025-03-22 11:14:29,142] INFO: flex (12/2011): Created new record with 13 non-zero financial metrics
[2025-03-22 11:14:29,158] INFO: Trying adjusted date: 4/2012 (original: 3/2012)
[2025-03-22 11:14:29,172] WARNING: flex (3/2012): No existing record found(3/2012, 2012-03-31) - creating new one
[2025-03-22 11:14:29,173] INFO: flex (3/2012): Created new record with 21 non-zero financial metrics
[2025-03-22 11:14:29,189] INFO: Trying adjusted date: 7/2012 (original: 6/2012)
[2025-03-22 11:14:29,203] WARNING: flex (6/2012): No existing record found(6/2012, 2012-06-29) - creating new one
[2025-03-22 11:14:29,204] INFO: flex (6/2012): Created new record with 19 non-zero financial metrics
[2025-03-22 11:14:29,234] INFO: flex (9/2012): Updated existing record with 15 non-zero financial metrics
[2025-03-22 11:14:29,251] INFO: Trying adjusted date: 11/2012 (original: 10/2012)
[2025-03-22 11:14:29,264] WARNING: flex (10/2012): No existing record found(10/2012, 2012-10-27) - creating new one
[2025-03-22 11:14:29,264] INFO: flex (10/2012): Created new record with 0 non-zero financial metrics
[2025-03-22 11:14:29,293] INFO: flex (12/2012): Updated existing record with 15 non-zero financial metrics
[2025-03-22 11:14:29,324] INFO: flex (3/2013): Updated existing record with 20 non-zero financial metrics
[2025-03-22 11:14:29,352] INFO: flex (6/2013): Updated existing record with 18 non-zero financial metrics
[2025-03-22 11:14:29,382] INFO: flex (12/2013): Updated existing record with 14 non-zero financial metrics
[2025-03-22 11:14:29,411] INFO: flex (3/2014): Updated existing record with 20 non-zero financial metrics
[2025-03-22 11:14:29,441] INFO: flex (6/2014): Updated existing record with 18 non-zero financial metrics
[2025-03-22 11:14:29,471] INFO: flex (9/2014): Updated existing record with 13 non-zero financial metrics
[2025-03-22 11:14:29,501] INFO: flex (12/2014): Updated existing record with 14 non-zero financial metrics
[2025-03-22 11:14:29,531] INFO: flex (3/2015): Updated existing record with 20 non-zero financial metrics
[2025-03-22 11:14:29,561] INFO: flex (6/2015): Updated existing record with 20 non-zero financial metrics
[2025-03-22 11:14:29,590] INFO: flex (9/2015): Updated existing record with 15 non-zero financial metrics
[2025-03-22 11:14:29,622] INFO: flex (12/2015): Updated existing record with 15 non-zero financial metrics
[2025-03-22 11:14:29,654] INFO: flex (3/2016): Updated existing record with 20 non-zero financial metrics
[2025-03-22 11:14:29,670] INFO: Trying adjusted date: 6/2016 (original: 7/2016)
[2025-03-22 11:14:29,684] INFO: Found existing row with adjusted date: 6/2016
[2025-03-22 11:14:29,698] INFO: flex (6/2016): Updated existing record with 20 non-zero financial metrics
[2025-03-22 11:14:29,714] WARNING: flex (9/2016): Found zero values for fields: EPS Diluted
[2025-03-22 11:14:29,729] INFO: flex (9/2016): Updated existing record with 13 non-zero financial metrics
[2025-03-22 11:14:29,759] INFO: flex (12/2016): Updated existing record with 14 non-zero financial metrics
[2025-03-22 11:14:29,789] INFO: flex (3/2017): Updated existing record with 21 non-zero financial metrics
[2025-03-22 11:14:29,820] INFO: flex (6/2017): Updated existing record with 20 non-zero financial metrics
[2025-03-22 11:14:29,851] INFO: flex (9/2017): Updated existing record with 15 non-zero financial metrics
[2025-03-22 11:14:29,880] INFO: flex (12/2017): Updated existing record with 15 non-zero financial metrics
[2025-03-22 11:14:29,912] INFO: flex (3/2018): Updated existing record with 21 non-zero financial metrics
[2025-03-22 11:14:29,927] WARNING: flex (6/2018): Found zero values for fields: Share Repurchases
[2025-03-22 11:14:29,942] INFO: flex (6/2018): Updated existing record with 15 non-zero financial metrics
[2025-03-22 11:14:29,971] INFO: flex (9/2018): Updated existing record with 11 non-zero financial metrics
[2025-03-22 11:14:30,001] INFO: flex (12/2018): Updated existing record with 11 non-zero financial metrics
[2025-03-22 11:14:30,031] INFO: flex (3/2019): Updated existing record with 19 non-zero financial metrics
[2025-03-22 11:14:30,060] INFO: flex (6/2019): Updated existing record with 18 non-zero financial metrics
[2025-03-22 11:14:30,089] INFO: flex (9/2019): Updated existing record with 13 non-zero financial metrics
[2025-03-22 11:14:30,120] INFO: flex (12/2019): Updated existing record with 14 non-zero financial metrics
[2025-03-22 11:14:30,149] INFO: flex (3/2020): Updated existing record with 19 non-zero financial metrics
[2025-03-22 11:14:30,165] WARNING: flex (6/2020): Found zero values for fields: Share Repurchases
[2025-03-22 11:14:30,179] INFO: flex (6/2020): Updated existing record with 18 non-zero financial metrics
[2025-03-22 11:14:30,208] INFO: flex (9/2020): Updated existing record with 14 non-zero financial metrics
[2025-03-22 11:14:30,237] INFO: flex (12/2020): Updated existing record with 14 non-zero financial metrics
[2025-03-22 11:14:30,266] INFO: flex (3/2021): Updated existing record with 19 non-zero financial metrics
[2025-03-22 11:14:30,282] INFO: Trying adjusted date: 6/2021 (original: 7/2021)
[2025-03-22 11:14:30,296] INFO: Found existing row with adjusted date: 6/2021
[2025-03-22 11:14:30,310] INFO: flex (6/2021): Updated existing record with 19 non-zero financial metrics
[2025-03-22 11:14:30,326] INFO: Trying adjusted date: 9/2021 (original: 10/2021)
[2025-03-22 11:14:30,339] INFO: Found existing row with adjusted date: 9/2021
[2025-03-22 11:14:30,353] INFO: flex (9/2021): Updated existing record with 15 non-zero financial metrics
[2025-03-22 11:14:30,381] INFO: flex (12/2021): Updated existing record with 16 non-zero financial metrics
[2025-03-22 11:14:30,410] INFO: flex (3/2022): Updated existing record with 21 non-zero financial metrics
[2025-03-22 11:14:30,425] INFO: Trying adjusted date: 6/2022 (original: 7/2022)
[2025-03-22 11:14:30,439] INFO: Found existing row with adjusted date: 6/2022
[2025-03-22 11:14:30,453] INFO: flex (6/2022): Updated existing record with 22 non-zero financial metrics
[2025-03-22 11:14:30,483] INFO: flex (9/2022): Updated existing record with 17 non-zero financial metrics
[2025-03-22 11:14:30,511] INFO: flex (12/2022): Updated existing record with 17 non-zero financial metrics
[2025-03-22 11:14:30,542] INFO: flex (3/2023): Updated existing record with 22 non-zero financial metrics
[2025-03-22 11:14:30,572] INFO: flex (6/2023): Updated existing record with 22 non-zero financial metrics
[2025-03-22 11:14:30,602] INFO: flex (9/2023): Updated existing record with 17 non-zero financial metrics
[2025-03-22 11:14:30,632] INFO: flex (12/2023): Updated existing record with 17 non-zero financial metrics
[2025-03-22 11:14:30,661] INFO: flex (3/2024): Updated existing record with 22 non-zero financial metrics
[2025-03-22 11:14:30,691] INFO: flex (6/2024): Updated existing record with 22 non-zero financial metrics
[2025-03-22 11:14:30,722] INFO: flex (9/2024): Updated existing record with 17 non-zero financial metrics
[2025-03-22 11:14:30,752] INFO: flex (12/2024): Updated existing record with 17 non-zero financial metrics
