[2025-03-22 07:59:17,375] INFO: Trying adjusted date: 4/2010 (original: 3/2010)
[2025-03-22 07:59:17,387] WARNING: fmc (3/2010): No existing record found(3/2010, 2010-03-31) - creating new one
[2025-03-22 07:59:17,387] INFO: fmc (3/2010): Created new record with 13 non-zero financial metrics
[2025-03-22 07:59:17,404] INFO: Trying adjusted date: 7/2010 (original: 6/2010)
[2025-03-22 07:59:17,417] WARNING: fmc (6/2010): No existing record found(6/2010, 2010-06-30) - creating new one
[2025-03-22 07:59:17,418] INFO: fmc (6/2010): Created new record with 11 non-zero financial metrics
[2025-03-22 07:59:17,433] INFO: Trying adjusted date: 10/2010 (original: 9/2010)
[2025-03-22 07:59:17,446] WARNING: fmc (9/2010): No existing record found(9/2010, 2010-09-30) - creating new one
[2025-03-22 07:59:17,446] INFO: fmc (9/2010): Created new record with 11 non-zero financial metrics
[2025-03-22 07:59:17,461] INFO: Trying adjusted date: 1/2011 (original: 12/2010)
[2025-03-22 07:59:17,475] WARNING: fmc (12/2010): No existing record found(12/2010, 2010-12-31) - creating new one
[2025-03-22 07:59:17,476] INFO: fmc (12/2010): Created new record with 14 non-zero financial metrics
[2025-03-22 07:59:17,490] INFO: Trying adjusted date: 4/2011 (original: 3/2011)
[2025-03-22 07:59:17,504] WARNING: fmc (3/2011): No existing record found(3/2011, 2011-03-31) - creating new one
[2025-03-22 07:59:17,504] INFO: fmc (3/2011): Created new record with 13 non-zero financial metrics
[2025-03-22 07:59:17,519] INFO: Trying adjusted date: 7/2011 (original: 6/2011)
[2025-03-22 07:59:17,532] WARNING: fmc (6/2011): No existing record found(6/2011, 2011-06-30) - creating new one
[2025-03-22 07:59:17,532] INFO: fmc (6/2011): Created new record with 13 non-zero financial metrics
[2025-03-22 07:59:17,548] INFO: Trying adjusted date: 10/2011 (original: 9/2011)
[2025-03-22 07:59:17,562] WARNING: fmc (9/2011): No existing record found(9/2011, 2011-09-30) - creating new one
[2025-03-22 07:59:17,562] INFO: fmc (9/2011): Created new record with 13 non-zero financial metrics
[2025-03-22 07:59:17,576] INFO: Trying adjusted date: 1/2012 (original: 12/2011)
[2025-03-22 07:59:17,589] WARNING: fmc (12/2011): No existing record found(12/2011, 2011-12-31) - creating new one
[2025-03-22 07:59:17,590] INFO: fmc (12/2011): Created new record with 16 non-zero financial metrics
[2025-03-22 07:59:17,605] INFO: Trying adjusted date: 4/2012 (original: 3/2012)
[2025-03-22 07:59:17,619] WARNING: fmc (3/2012): No existing record found(3/2012, 2012-03-31) - creating new one
[2025-03-22 07:59:17,619] INFO: fmc (3/2012): Created new record with 15 non-zero financial metrics
[2025-03-22 07:59:17,634] INFO: Trying adjusted date: 7/2012 (original: 6/2012)
[2025-03-22 07:59:17,646] WARNING: fmc (6/2012): No existing record found(6/2012, 2012-06-30) - creating new one
[2025-03-22 07:59:17,647] INFO: fmc (6/2012): Created new record with 13 non-zero financial metrics
[2025-03-22 07:59:17,674] INFO: fmc (9/2012): Updated existing record with 13 non-zero financial metrics
[2025-03-22 07:59:17,703] INFO: fmc (12/2012): Updated existing record with 16 non-zero financial metrics
[2025-03-22 07:59:17,730] INFO: fmc (3/2013): Updated existing record with 15 non-zero financial metrics
[2025-03-22 07:59:17,759] INFO: fmc (6/2013): Updated existing record with 13 non-zero financial metrics
[2025-03-22 07:59:17,789] INFO: fmc (9/2013): Updated existing record with 13 non-zero financial metrics
[2025-03-22 07:59:17,816] INFO: fmc (12/2013): Updated existing record with 16 non-zero financial metrics
[2025-03-22 07:59:17,831] WARNING: fmc (3/2014): Found zero values for fields: Share Repurchases
[2025-03-22 07:59:17,845] INFO: fmc (3/2014): Updated existing record with 14 non-zero financial metrics
[2025-03-22 07:59:17,873] INFO: fmc (6/2014): Updated existing record with 13 non-zero financial metrics
[2025-03-22 07:59:17,899] INFO: fmc (9/2014): Updated existing record with 13 non-zero financial metrics
[2025-03-22 07:59:17,915] WARNING: fmc (12/2014): Found zero values for fields: Share Repurchases
[2025-03-22 07:59:17,928] INFO: fmc (12/2014): Updated existing record with 15 non-zero financial metrics
[2025-03-22 07:59:17,956] INFO: fmc (3/2015): Updated existing record with 14 non-zero financial metrics
[2025-03-22 07:59:17,984] INFO: fmc (6/2015): Updated existing record with 13 non-zero financial metrics
[2025-03-22 07:59:18,013] INFO: fmc (9/2015): Updated existing record with 13 non-zero financial metrics
[2025-03-22 07:59:18,029] WARNING: fmc (12/2015): Found zero values for fields: Share Repurchases
[2025-03-22 07:59:18,042] INFO: fmc (12/2015): Updated existing record with 16 non-zero financial metrics
[2025-03-22 07:59:18,069] INFO: fmc (3/2016): Updated existing record with 15 non-zero financial metrics
[2025-03-22 07:59:18,097] INFO: fmc (6/2016): Updated existing record with 14 non-zero financial metrics
[2025-03-22 07:59:18,124] INFO: fmc (9/2016): Updated existing record with 14 non-zero financial metrics
[2025-03-22 07:59:18,152] INFO: fmc (12/2016): Updated existing record with 16 non-zero financial metrics
[2025-03-22 07:59:18,180] INFO: fmc (3/2017): Updated existing record with 15 non-zero financial metrics
[2025-03-22 07:59:18,210] INFO: fmc (6/2017): Updated existing record with 14 non-zero financial metrics
[2025-03-22 07:59:18,238] INFO: fmc (9/2017): Updated existing record with 14 non-zero financial metrics
[2025-03-22 07:59:18,252] WARNING: fmc (12/2017): Found zero values for fields: Share Repurchases
[2025-03-22 07:59:18,266] INFO: fmc (12/2017): Updated existing record with 15 non-zero financial metrics
[2025-03-22 07:59:18,294] INFO: fmc (3/2018): Updated existing record with 17 non-zero financial metrics
[2025-03-22 07:59:18,322] INFO: fmc (6/2018): Updated existing record with 16 non-zero financial metrics
[2025-03-22 07:59:18,350] INFO: fmc (9/2018): Updated existing record with 16 non-zero financial metrics
[2025-03-22 07:59:18,378] INFO: fmc (12/2018): Updated existing record with 19 non-zero financial metrics
[2025-03-22 07:59:18,406] INFO: fmc (3/2019): Updated existing record with 18 non-zero financial metrics
[2025-03-22 07:59:18,434] INFO: fmc (6/2019): Updated existing record with 16 non-zero financial metrics
[2025-03-22 07:59:18,462] INFO: fmc (9/2019): Updated existing record with 16 non-zero financial metrics
[2025-03-22 07:59:18,490] INFO: fmc (12/2019): Updated existing record with 18 non-zero financial metrics
[2025-03-22 07:59:18,505] WARNING: fmc (3/2020): Found zero values for fields: Share Repurchases
[2025-03-22 07:59:18,518] INFO: fmc (3/2020): Updated existing record with 17 non-zero financial metrics
[2025-03-22 07:59:18,548] INFO: fmc (6/2020): Updated existing record with 14 non-zero financial metrics
[2025-03-22 07:59:18,576] INFO: fmc (9/2020): Updated existing record with 14 non-zero financial metrics
[2025-03-22 07:59:18,604] INFO: fmc (12/2020): Updated existing record with 18 non-zero financial metrics
[2025-03-22 07:59:18,632] INFO: fmc (3/2021): Updated existing record with 18 non-zero financial metrics
[2025-03-22 07:59:18,663] INFO: fmc (6/2021): Updated existing record with 14 non-zero financial metrics
[2025-03-22 07:59:18,692] INFO: fmc (9/2021): Updated existing record with 14 non-zero financial metrics
[2025-03-22 07:59:18,720] INFO: fmc (12/2021): Updated existing record with 18 non-zero financial metrics
[2025-03-22 07:59:18,734] WARNING: fmc (3/2022): Found zero values for fields: Share Repurchases
[2025-03-22 07:59:18,747] INFO: fmc (3/2022): Updated existing record with 17 non-zero financial metrics
[2025-03-22 07:59:18,775] INFO: fmc (6/2022): Updated existing record with 14 non-zero financial metrics
[2025-03-22 07:59:18,805] INFO: fmc (9/2022): Updated existing record with 14 non-zero financial metrics
[2025-03-22 07:59:18,834] INFO: fmc (12/2022): Updated existing record with 19 non-zero financial metrics
[2025-03-22 07:59:18,862] INFO: fmc (3/2023): Updated existing record with 18 non-zero financial metrics
[2025-03-22 07:59:18,890] INFO: fmc (6/2023): Updated existing record with 14 non-zero financial metrics
[2025-03-22 07:59:18,918] INFO: fmc (9/2023): Updated existing record with 14 non-zero financial metrics
[2025-03-22 07:59:18,946] INFO: fmc (12/2023): Updated existing record with 18 non-zero financial metrics
[2025-03-22 07:59:18,961] WARNING: fmc (3/2024): Found zero values for fields: Share Repurchases
[2025-03-22 07:59:18,974] INFO: fmc (3/2024): Updated existing record with 17 non-zero financial metrics
[2025-03-22 07:59:19,002] INFO: fmc (6/2024): Updated existing record with 14 non-zero financial metrics
[2025-03-22 07:59:19,033] INFO: fmc (9/2024): Updated existing record with 14 non-zero financial metrics
[2025-03-22 07:59:19,049] WARNING: fmc (12/2024): Found zero values for fields: Share Repurchases
[2025-03-22 07:59:19,062] INFO: fmc (12/2024): Updated existing record with 17 non-zero financial metrics
