[2025-03-22 11:16:45,138] INFO: fnd (3/2017): Updated existing record with 19 non-zero financial metrics
[2025-03-22 11:16:45,171] INFO: fnd (6/2017): Updated existing record with 19 non-zero financial metrics
[2025-03-22 11:16:45,202] INFO: fnd (9/2017): Updated existing record with 19 non-zero financial metrics
[2025-03-22 11:16:45,232] INFO: fnd (12/2017): Updated existing record with 22 non-zero financial metrics
[2025-03-22 11:16:45,262] INFO: fnd (3/2018): Updated existing record with 21 non-zero financial metrics
[2025-03-22 11:16:45,293] INFO: fnd (6/2018): Updated existing record with 17 non-zero financial metrics
[2025-03-22 11:16:45,323] INFO: fnd (9/2018): Updated existing record with 17 non-zero financial metrics
[2025-03-22 11:16:45,356] INFO: fnd (12/2018): Updated existing record with 21 non-zero financial metrics
[2025-03-22 11:16:45,387] INFO: fnd (3/2019): Updated existing record with 20 non-zero financial metrics
[2025-03-22 11:16:45,416] INFO: fnd (6/2019): Updated existing record with 17 non-zero financial metrics
[2025-03-22 11:16:45,446] INFO: fnd (9/2019): Updated existing record with 17 non-zero financial metrics
[2025-03-22 11:16:45,475] INFO: fnd (12/2019): Updated existing record with 20 non-zero financial metrics
[2025-03-22 11:16:45,504] INFO: fnd (3/2020): Updated existing record with 19 non-zero financial metrics
[2025-03-22 11:16:45,533] INFO: fnd (6/2020): Updated existing record with 16 non-zero financial metrics
[2025-03-22 11:16:45,564] INFO: fnd (9/2020): Updated existing record with 17 non-zero financial metrics
[2025-03-22 11:16:45,593] INFO: fnd (12/2020): Updated existing record with 21 non-zero financial metrics
[2025-03-22 11:16:45,608] INFO: Trying adjusted date: 3/2021 (original: 4/2021)
[2025-03-22 11:16:45,622] INFO: Found existing row with adjusted date: 3/2021
[2025-03-22 11:16:45,634] INFO: fnd (3/2021): Updated existing record with 19 non-zero financial metrics
[2025-03-22 11:16:45,650] INFO: Trying adjusted date: 6/2021 (original: 7/2021)
[2025-03-22 11:16:45,663] INFO: Found existing row with adjusted date: 6/2021
[2025-03-22 11:16:45,677] INFO: fnd (6/2021): Updated existing record with 16 non-zero financial metrics
[2025-03-22 11:16:45,705] INFO: fnd (9/2021): Updated existing record with 16 non-zero financial metrics
[2025-03-22 11:16:45,735] INFO: fnd (12/2021): Updated existing record with 21 non-zero financial metrics
[2025-03-22 11:16:45,767] INFO: fnd (3/2022): Updated existing record with 19 non-zero financial metrics
[2025-03-22 11:16:45,798] INFO: fnd (6/2022): Updated existing record with 16 non-zero financial metrics
[2025-03-22 11:16:45,830] INFO: fnd (9/2022): Updated existing record with 16 non-zero financial metrics
[2025-03-22 11:16:45,861] INFO: fnd (12/2022): Updated existing record with 20 non-zero financial metrics
[2025-03-22 11:16:45,892] INFO: fnd (3/2023): Updated existing record with 19 non-zero financial metrics
[2025-03-22 11:16:45,920] INFO: fnd (6/2023): Updated existing record with 16 non-zero financial metrics
[2025-03-22 11:16:45,951] INFO: fnd (9/2023): Updated existing record with 16 non-zero financial metrics
[2025-03-22 11:16:45,980] INFO: fnd (12/2023): Updated existing record with 20 non-zero financial metrics
[2025-03-22 11:16:46,008] INFO: fnd (3/2024): Updated existing record with 19 non-zero financial metrics
[2025-03-22 11:16:46,038] INFO: fnd (6/2024): Updated existing record with 16 non-zero financial metrics
[2025-03-22 11:16:46,068] INFO: fnd (9/2024): Updated existing record with 15 non-zero financial metrics
[2025-03-22 11:16:46,084] INFO: Trying adjusted date: 1/2025 (original: 12/2024)
[2025-03-22 11:16:46,098] WARNING: fnd (12/2024): No existing record found(12/2024, 2024-12-26) - creating new one
[2025-03-22 11:16:46,099] INFO: fnd (12/2024): Created new record with 19 non-zero financial metrics
