[2025-03-22 09:10:30,070] INFO: Trying adjusted date: 7/2010 (original: 6/2010)
[2025-03-22 09:10:30,083] WARNING: fnf (6/2010): No existing record found(6/2010, 2010-06-30) - creating new one
[2025-03-22 09:10:30,083] INFO: fnf (6/2010): Created new record with 11 non-zero financial metrics
[2025-03-22 09:10:30,100] INFO: Trying adjusted date: 10/2010 (original: 9/2010)
[2025-03-22 09:10:30,113] WARNING: fnf (9/2010): No existing record found(9/2010, 2010-09-30) - creating new one
[2025-03-22 09:10:30,114] INFO: fnf (9/2010): Created new record with 11 non-zero financial metrics
[2025-03-22 09:10:30,129] INFO: Trying adjusted date: 1/2011 (original: 12/2010)
[2025-03-22 09:10:30,142] WARNING: fnf (12/2010): No existing record found(12/2010, 2010-12-31) - creating new one
[2025-03-22 09:10:30,143] INFO: fnf (12/2010): Created new record with 16 non-zero financial metrics
[2025-03-22 09:10:30,161] INFO: Trying adjusted date: 4/2011 (original: 3/2011)
[2025-03-22 09:10:30,173] WARNING: fnf (3/2011): No existing record found(3/2011, 2011-03-31) - creating new one
[2025-03-22 09:10:30,174] INFO: fnf (3/2011): Created new record with 15 non-zero financial metrics
[2025-03-22 09:10:30,191] INFO: Trying adjusted date: 7/2011 (original: 6/2011)
[2025-03-22 09:10:30,204] WARNING: fnf (6/2011): No existing record found(6/2011, 2011-06-30) - creating new one
[2025-03-22 09:10:30,205] INFO: fnf (6/2011): Created new record with 11 non-zero financial metrics
[2025-03-22 09:10:30,220] INFO: Trying adjusted date: 10/2011 (original: 9/2011)
[2025-03-22 09:10:30,234] WARNING: fnf (9/2011): No existing record found(9/2011, 2011-09-30) - creating new one
[2025-03-22 09:10:30,234] INFO: fnf (9/2011): Created new record with 12 non-zero financial metrics
[2025-03-22 09:10:30,249] INFO: Trying adjusted date: 1/2012 (original: 12/2011)
[2025-03-22 09:10:30,262] WARNING: fnf (12/2011): No existing record found(12/2011, 2011-12-31) - creating new one
[2025-03-22 09:10:30,263] INFO: fnf (12/2011): Created new record with 17 non-zero financial metrics
[2025-03-22 09:10:30,278] INFO: Trying adjusted date: 4/2012 (original: 3/2012)
[2025-03-22 09:10:30,292] WARNING: fnf (3/2012): Found zero values for fields: Share Repurchases
[2025-03-22 09:10:30,292] WARNING: fnf (3/2012): No existing record found(3/2012, 2012-03-31) - creating new one
[2025-03-22 09:10:30,293] INFO: fnf (3/2012): Created new record with 15 non-zero financial metrics
[2025-03-22 09:10:30,307] INFO: Trying adjusted date: 7/2012 (original: 6/2012)
[2025-03-22 09:10:30,321] WARNING: fnf (6/2012): No existing record found(6/2012, 2012-06-30) - creating new one
[2025-03-22 09:10:30,321] INFO: fnf (6/2012): Created new record with 11 non-zero financial metrics
[2025-03-22 09:10:30,348] INFO: fnf (9/2012): Updated existing record with 11 non-zero financial metrics
[2025-03-22 09:10:30,377] INFO: fnf (12/2012): Updated existing record with 17 non-zero financial metrics
[2025-03-22 09:10:30,405] INFO: fnf (3/2013): Updated existing record with 16 non-zero financial metrics
[2025-03-22 09:10:30,434] INFO: fnf (6/2013): Updated existing record with 11 non-zero financial metrics
[2025-03-22 09:10:30,461] INFO: fnf (9/2013): Updated existing record with 11 non-zero financial metrics
[2025-03-22 09:10:30,490] INFO: fnf (12/2013): Updated existing record with 17 non-zero financial metrics
[2025-03-22 09:10:30,505] WARNING: fnf (3/2014): Found zero values for fields: Share Repurchases
[2025-03-22 09:10:30,518] INFO: fnf (3/2014): Updated existing record with 15 non-zero financial metrics
[2025-03-22 09:10:30,546] INFO: fnf (6/2014): Updated existing record with 11 non-zero financial metrics
[2025-03-22 09:10:30,562] WARNING: fnf (9/2014): Found zero values for fields: EPS Diluted
[2025-03-22 09:10:30,576] INFO: fnf (9/2014): Updated existing record with 10 non-zero financial metrics
[2025-03-22 09:10:30,605] INFO: fnf (12/2014): Updated existing record with 16 non-zero financial metrics
[2025-03-22 09:10:30,633] INFO: fnf (3/2015): Updated existing record with 15 non-zero financial metrics
[2025-03-22 09:10:30,662] INFO: fnf (6/2015): Updated existing record with 9 non-zero financial metrics
[2025-03-22 09:10:30,689] INFO: fnf (9/2015): Updated existing record with 9 non-zero financial metrics
[2025-03-22 09:10:30,718] INFO: fnf (12/2015): Updated existing record with 14 non-zero financial metrics
[2025-03-22 09:10:30,747] INFO: fnf (3/2016): Updated existing record with 13 non-zero financial metrics
[2025-03-22 09:10:30,775] INFO: fnf (6/2016): Updated existing record with 9 non-zero financial metrics
[2025-03-22 09:10:30,804] INFO: fnf (9/2016): Updated existing record with 9 non-zero financial metrics
[2025-03-22 09:10:30,832] INFO: fnf (12/2016): Updated existing record with 14 non-zero financial metrics
[2025-03-22 09:10:30,849] WARNING: fnf (3/2017): Found zero values for fields: Share Repurchases
[2025-03-22 09:10:30,863] INFO: fnf (3/2017): Updated existing record with 12 non-zero financial metrics
[2025-03-22 09:10:30,892] INFO: fnf (6/2017): Updated existing record with 9 non-zero financial metrics
[2025-03-22 09:10:30,921] INFO: fnf (9/2017): Updated existing record with 9 non-zero financial metrics
[2025-03-22 09:10:30,949] INFO: fnf (12/2017): Updated existing record with 14 non-zero financial metrics
[2025-03-22 09:10:30,977] INFO: fnf (3/2018): Updated existing record with 14 non-zero financial metrics
[2025-03-22 09:10:31,006] INFO: fnf (6/2018): Updated existing record with 11 non-zero financial metrics
[2025-03-22 09:10:31,034] INFO: fnf (9/2018): Updated existing record with 11 non-zero financial metrics
[2025-03-22 09:10:31,062] INFO: fnf (12/2018): Updated existing record with 15 non-zero financial metrics
[2025-03-22 09:10:31,092] INFO: fnf (3/2019): Updated existing record with 15 non-zero financial metrics
[2025-03-22 09:10:31,119] INFO: fnf (6/2019): Updated existing record with 11 non-zero financial metrics
[2025-03-22 09:10:31,147] INFO: fnf (9/2019): Updated existing record with 11 non-zero financial metrics
[2025-03-22 09:10:31,176] INFO: fnf (12/2019): Updated existing record with 16 non-zero financial metrics
[2025-03-22 09:10:31,204] INFO: fnf (3/2020): Updated existing record with 16 non-zero financial metrics
[2025-03-22 09:10:31,233] INFO: fnf (6/2020): Updated existing record with 12 non-zero financial metrics
[2025-03-22 09:10:31,261] INFO: fnf (9/2020): Updated existing record with 12 non-zero financial metrics
[2025-03-22 09:10:31,287] INFO: fnf (12/2020): Updated existing record with 16 non-zero financial metrics
[2025-03-22 09:10:31,316] INFO: fnf (3/2021): Updated existing record with 16 non-zero financial metrics
[2025-03-22 09:10:31,344] INFO: fnf (6/2021): Updated existing record with 12 non-zero financial metrics
[2025-03-22 09:10:31,373] INFO: fnf (9/2021): Updated existing record with 12 non-zero financial metrics
[2025-03-22 09:10:31,402] INFO: fnf (12/2021): Updated existing record with 16 non-zero financial metrics
[2025-03-22 09:10:31,431] INFO: fnf (3/2022): Updated existing record with 16 non-zero financial metrics
[2025-03-22 09:10:31,460] INFO: fnf (6/2022): Updated existing record with 12 non-zero financial metrics
[2025-03-22 09:10:31,489] INFO: fnf (9/2022): Updated existing record with 12 non-zero financial metrics
[2025-03-22 09:10:31,517] INFO: fnf (12/2022): Updated existing record with 16 non-zero financial metrics
[2025-03-22 09:10:31,544] INFO: fnf (3/2023): Updated existing record with 16 non-zero financial metrics
[2025-03-22 09:10:31,573] INFO: fnf (6/2023): Updated existing record with 12 non-zero financial metrics
[2025-03-22 09:10:31,602] INFO: fnf (9/2023): Updated existing record with 12 non-zero financial metrics
[2025-03-22 09:10:31,630] INFO: fnf (12/2023): Updated existing record with 15 non-zero financial metrics
[2025-03-22 09:10:31,645] WARNING: fnf (3/2024): Found zero values for fields: Share Repurchases
[2025-03-22 09:10:31,659] INFO: fnf (3/2024): Updated existing record with 15 non-zero financial metrics
[2025-03-22 09:10:31,688] INFO: fnf (6/2024): Updated existing record with 11 non-zero financial metrics
[2025-03-22 09:10:31,717] INFO: fnf (9/2024): Updated existing record with 11 non-zero financial metrics
[2025-03-22 09:10:31,732] INFO: Trying adjusted date: 1/2025 (original: 12/2024)
[2025-03-22 09:10:31,745] WARNING: fnf (12/2024): Found zero values for fields: Share Repurchases
[2025-03-22 09:10:31,745] WARNING: fnf (12/2024): No existing record found(12/2024, 2024-12-31) - creating new one
[2025-03-22 09:10:31,746] INFO: fnf (12/2024): Created new record with 14 non-zero financial metrics
