[2025-03-22 07:46:43,192] INFO: Trying adjusted date: 4/2010 (original: 3/2010)
[2025-03-22 07:46:43,206] WARNING: fslr (3/2010): No existing record found(3/2010, 2010-03-27) - creating new one
[2025-03-22 07:46:43,206] INFO: fslr (3/2010): Created new record with 18 non-zero financial metrics
[2025-03-22 07:46:43,221] INFO: Trying adjusted date: 7/2010 (original: 6/2010)
[2025-03-22 07:46:43,236] WARNING: fslr (6/2010): No existing record found(6/2010, 2010-06-26) - creating new one
[2025-03-22 07:46:43,240] INFO: fslr (6/2010): Created new record with 16 non-zero financial metrics
[2025-03-22 07:46:43,257] INFO: Trying adjusted date: 10/2010 (original: 9/2010)
[2025-03-22 07:46:43,270] WARNING: fslr (9/2010): Found zero values for fields: Interest Expense
[2025-03-22 07:46:43,270] WARNING: fslr (9/2010): No existing record found(9/2010, 2010-09-25) - creating new one
[2025-03-22 07:46:43,271] INFO: fslr (9/2010): Created new record with 15 non-zero financial metrics
[2025-03-22 07:46:43,286] INFO: Trying adjusted date: 1/2011 (original: 12/2010)
[2025-03-22 07:46:43,299] WARNING: fslr (12/2010): No existing record found(12/2010, 2010-12-31) - creating new one
[2025-03-22 07:46:43,300] INFO: fslr (12/2010): Created new record with 21 non-zero financial metrics
[2025-03-22 07:46:43,314] INFO: Trying adjusted date: 4/2011 (original: 3/2011)
[2025-03-22 07:46:43,327] WARNING: fslr (3/2011): Found zero values for fields: Interest Expense
[2025-03-22 07:46:43,327] WARNING: fslr (3/2011): No existing record found(3/2011, 2011-03-31) - creating new one
[2025-03-22 07:46:43,327] INFO: fslr (3/2011): Created new record with 19 non-zero financial metrics
[2025-03-22 07:46:43,342] INFO: Trying adjusted date: 7/2011 (original: 6/2011)
[2025-03-22 07:46:43,355] WARNING: fslr (6/2011): Found zero values for fields: Interest Expense
[2025-03-22 07:46:43,356] WARNING: fslr (6/2011): No existing record found(6/2011, 2011-06-30) - creating new one
[2025-03-22 07:46:43,356] INFO: fslr (6/2011): Created new record with 15 non-zero financial metrics
[2025-03-22 07:46:43,371] INFO: Trying adjusted date: 10/2011 (original: 9/2011)
[2025-03-22 07:46:43,384] WARNING: fslr (9/2011): Found zero values for fields: Interest Expense
[2025-03-22 07:46:43,384] WARNING: fslr (9/2011): No existing record found(9/2011, 2011-09-30) - creating new one
[2025-03-22 07:46:43,384] INFO: fslr (9/2011): Created new record with 15 non-zero financial metrics
[2025-03-22 07:46:43,400] INFO: Trying adjusted date: 1/2012 (original: 12/2011)
[2025-03-22 07:46:43,413] WARNING: fslr (12/2011): No existing record found(12/2011, 2011-12-31) - creating new one
[2025-03-22 07:46:43,413] INFO: fslr (12/2011): Created new record with 21 non-zero financial metrics
[2025-03-22 07:46:43,429] INFO: Trying adjusted date: 4/2012 (original: 3/2012)
[2025-03-22 07:46:43,442] WARNING: fslr (3/2012): No existing record found(3/2012, 2012-03-31) - creating new one
[2025-03-22 07:46:43,442] INFO: fslr (3/2012): Created new record with 20 non-zero financial metrics
[2025-03-22 07:46:43,470] INFO: fslr (6/2012): Updated existing record with 16 non-zero financial metrics
[2025-03-22 07:46:43,499] INFO: fslr (9/2012): Updated existing record with 16 non-zero financial metrics
[2025-03-22 07:46:43,526] INFO: fslr (12/2012): Updated existing record with 21 non-zero financial metrics
[2025-03-22 07:46:43,553] INFO: fslr (3/2013): Updated existing record with 20 non-zero financial metrics
[2025-03-22 07:46:43,583] INFO: fslr (6/2013): Updated existing record with 16 non-zero financial metrics
[2025-03-22 07:46:43,611] INFO: fslr (9/2013): Updated existing record with 17 non-zero financial metrics
[2025-03-22 07:46:43,639] INFO: fslr (12/2013): Updated existing record with 22 non-zero financial metrics
[2025-03-22 07:46:43,667] INFO: fslr (3/2014): Updated existing record with 21 non-zero financial metrics
[2025-03-22 07:46:43,695] INFO: fslr (6/2014): Updated existing record with 17 non-zero financial metrics
[2025-03-22 07:46:43,722] INFO: fslr (9/2014): Updated existing record with 17 non-zero financial metrics
[2025-03-22 07:46:43,750] INFO: fslr (12/2014): Updated existing record with 22 non-zero financial metrics
[2025-03-22 07:46:43,778] INFO: fslr (3/2015): Updated existing record with 22 non-zero financial metrics
[2025-03-22 07:46:43,805] INFO: fslr (6/2015): Updated existing record with 18 non-zero financial metrics
[2025-03-22 07:46:43,833] INFO: fslr (9/2015): Updated existing record with 18 non-zero financial metrics
[2025-03-22 07:46:43,862] INFO: fslr (12/2015): Updated existing record with 22 non-zero financial metrics
[2025-03-22 07:46:43,894] INFO: fslr (3/2016): Updated existing record with 22 non-zero financial metrics
[2025-03-22 07:46:43,921] INFO: fslr (6/2016): Updated existing record with 18 non-zero financial metrics
[2025-03-22 07:46:43,949] INFO: fslr (9/2016): Updated existing record with 18 non-zero financial metrics
[2025-03-22 07:46:43,976] INFO: fslr (12/2016): Updated existing record with 22 non-zero financial metrics
[2025-03-22 07:46:44,005] INFO: fslr (3/2017): Updated existing record with 21 non-zero financial metrics
[2025-03-22 07:46:44,020] INFO: Trying adjusted date: 7/2017 (original: 6/2017)
[2025-03-22 07:46:44,033] WARNING: fslr (6/2017): No existing record found(6/2017, 2017-06-30) - creating new one
[2025-03-22 07:46:44,033] INFO: fslr (6/2017): Created new record with 17 non-zero financial metrics
[2025-03-22 07:46:44,061] INFO: fslr (9/2017): Updated existing record with 18 non-zero financial metrics
[2025-03-22 07:46:44,090] INFO: fslr (12/2017): Updated existing record with 22 non-zero financial metrics
[2025-03-22 07:46:44,103] INFO: Trying adjusted date: 4/2018 (original: 3/2018)
[2025-03-22 07:46:44,117] WARNING: fslr (3/2018): No existing record found(3/2018, 2018-03-31) - creating new one
[2025-03-22 07:46:44,117] INFO: fslr (3/2018): Created new record with 22 non-zero financial metrics
[2025-03-22 07:46:44,132] INFO: Trying adjusted date: 7/2018 (original: 6/2018)
[2025-03-22 07:46:44,144] WARNING: fslr (6/2018): No existing record found(6/2018, 2018-06-30) - creating new one
[2025-03-22 07:46:44,145] INFO: fslr (6/2018): Created new record with 18 non-zero financial metrics
[2025-03-22 07:46:44,173] INFO: fslr (9/2018): Updated existing record with 18 non-zero financial metrics
[2025-03-22 07:46:44,200] INFO: fslr (12/2018): Updated existing record with 22 non-zero financial metrics
[2025-03-22 07:46:44,228] INFO: fslr (3/2019): Updated existing record with 22 non-zero financial metrics
[2025-03-22 07:46:44,242] INFO: Trying adjusted date: 7/2019 (original: 6/2019)
[2025-03-22 07:46:44,255] WARNING: fslr (6/2019): No existing record found(6/2019, 2019-06-30) - creating new one
[2025-03-22 07:46:44,256] INFO: fslr (6/2019): Created new record with 18 non-zero financial metrics
[2025-03-22 07:46:44,284] INFO: fslr (9/2019): Updated existing record with 18 non-zero financial metrics
[2025-03-22 07:46:44,311] INFO: fslr (12/2019): Updated existing record with 22 non-zero financial metrics
[2025-03-22 07:46:44,340] INFO: fslr (3/2020): Updated existing record with 23 non-zero financial metrics
[2025-03-22 07:46:44,367] INFO: fslr (6/2020): Updated existing record with 19 non-zero financial metrics
[2025-03-22 07:46:44,397] INFO: fslr (9/2020): Updated existing record with 19 non-zero financial metrics
[2025-03-22 07:46:44,425] INFO: fslr (12/2020): Updated existing record with 22 non-zero financial metrics
[2025-03-22 07:46:44,454] INFO: fslr (3/2021): Updated existing record with 22 non-zero financial metrics
[2025-03-22 07:46:44,481] INFO: fslr (6/2021): Updated existing record with 18 non-zero financial metrics
[2025-03-22 07:46:44,509] INFO: fslr (9/2021): Updated existing record with 18 non-zero financial metrics
[2025-03-22 07:46:44,537] INFO: fslr (12/2021): Updated existing record with 22 non-zero financial metrics
[2025-03-22 07:46:44,565] INFO: fslr (3/2022): Updated existing record with 21 non-zero financial metrics
[2025-03-22 07:46:44,593] INFO: fslr (6/2022): Updated existing record with 17 non-zero financial metrics
[2025-03-22 07:46:44,621] INFO: fslr (9/2022): Updated existing record with 18 non-zero financial metrics
[2025-03-22 07:46:44,650] INFO: fslr (12/2022): Updated existing record with 22 non-zero financial metrics
[2025-03-22 07:46:44,678] INFO: fslr (3/2023): Updated existing record with 22 non-zero financial metrics
[2025-03-22 07:46:44,706] INFO: fslr (6/2023): Updated existing record with 18 non-zero financial metrics
[2025-03-22 07:46:44,735] INFO: fslr (9/2023): Updated existing record with 17 non-zero financial metrics
[2025-03-22 07:46:44,762] INFO: fslr (12/2023): Updated existing record with 21 non-zero financial metrics
[2025-03-22 07:46:44,791] INFO: fslr (3/2024): Updated existing record with 21 non-zero financial metrics
[2025-03-22 07:46:44,819] INFO: fslr (6/2024): Updated existing record with 16 non-zero financial metrics
[2025-03-22 07:46:44,849] INFO: fslr (9/2024): Updated existing record with 16 non-zero financial metrics
[2025-03-22 07:46:44,864] INFO: Trying adjusted date: 1/2025 (original: 12/2024)
[2025-03-22 07:46:44,876] WARNING: fslr (12/2024): No existing record found(12/2024, 2024-12-31) - creating new one
[2025-03-22 07:46:44,877] INFO: fslr (12/2024): Created new record with 20 non-zero financial metrics
