[2025-03-22 11:28:15,192] INFO: Trying adjusted date: 7/2011 (original: 6/2011)
[2025-03-22 11:28:15,205] WARNING: ftnt (6/2011): No existing record found(6/2011, 2011-06-30) - creating new one
[2025-03-22 11:28:15,206] INFO: ftnt (6/2011): Created new record with 16 non-zero financial metrics
[2025-03-22 11:28:15,222] INFO: Trying adjusted date: 10/2011 (original: 9/2011)
[2025-03-22 11:28:15,236] WARNING: ftnt (9/2011): No existing record found(9/2011, 2011-09-30) - creating new one
[2025-03-22 11:28:15,236] INFO: ftnt (9/2011): Created new record with 16 non-zero financial metrics
[2025-03-22 11:28:15,255] INFO: Trying adjusted date: 4/2012 (original: 3/2012)
[2025-03-22 11:28:15,268] WARNING: ftnt (3/2012): No existing record found(3/2012, 2012-03-31) - creating new one
[2025-03-22 11:28:15,269] INFO: ftnt (3/2012): Created new record with 20 non-zero financial metrics
[2025-03-22 11:28:15,284] INFO: Trying adjusted date: 7/2012 (original: 6/2012)
[2025-03-22 11:28:15,298] WARNING: ftnt (6/2012): No existing record found(6/2012, 2012-06-30) - creating new one
[2025-03-22 11:28:15,298] INFO: ftnt (6/2012): Created new record with 17 non-zero financial metrics
[2025-03-22 11:28:15,329] INFO: ftnt (9/2012): Updated existing record with 17 non-zero financial metrics
[2025-03-22 11:28:15,358] INFO: ftnt (12/2012): Updated existing record with 20 non-zero financial metrics
[2025-03-22 11:28:15,387] INFO: ftnt (3/2013): Updated existing record with 21 non-zero financial metrics
[2025-03-22 11:28:15,416] INFO: ftnt (6/2013): Updated existing record with 18 non-zero financial metrics
[2025-03-22 11:28:15,447] INFO: ftnt (9/2013): Updated existing record with 18 non-zero financial metrics
[2025-03-22 11:28:15,478] INFO: ftnt (12/2013): Updated existing record with 22 non-zero financial metrics
[2025-03-22 11:28:15,507] INFO: ftnt (3/2014): Updated existing record with 22 non-zero financial metrics
[2025-03-22 11:28:15,536] INFO: ftnt (6/2014): Updated existing record with 18 non-zero financial metrics
[2025-03-22 11:28:15,566] INFO: ftnt (9/2014): Updated existing record with 18 non-zero financial metrics
[2025-03-22 11:28:15,594] INFO: ftnt (12/2014): Updated existing record with 23 non-zero financial metrics
[2025-03-22 11:28:15,610] WARNING: ftnt (3/2015): Found zero values for fields: Share Repurchases
[2025-03-22 11:28:15,624] INFO: ftnt (3/2015): Updated existing record with 21 non-zero financial metrics
[2025-03-22 11:28:15,639] WARNING: ftnt (6/2015): Found zero values for fields: EPS Diluted
[2025-03-22 11:28:15,653] INFO: ftnt (6/2015): Updated existing record with 17 non-zero financial metrics
[2025-03-22 11:28:15,682] INFO: ftnt (9/2015): Updated existing record with 18 non-zero financial metrics
[2025-03-22 11:28:15,711] INFO: ftnt (12/2015): Updated existing record with 21 non-zero financial metrics
[2025-03-22 11:28:15,741] INFO: ftnt (3/2016): Updated existing record with 21 non-zero financial metrics
[2025-03-22 11:28:15,770] INFO: ftnt (6/2016): Updated existing record with 17 non-zero financial metrics
[2025-03-22 11:28:15,800] INFO: ftnt (9/2016): Updated existing record with 17 non-zero financial metrics
[2025-03-22 11:28:15,829] INFO: ftnt (12/2016): Updated existing record with 21 non-zero financial metrics
[2025-03-22 11:28:15,845] WARNING: ftnt (3/2017): Found zero values for fields: Share Repurchases
[2025-03-22 11:28:15,859] INFO: ftnt (3/2017): Updated existing record with 20 non-zero financial metrics
[2025-03-22 11:28:15,889] INFO: ftnt (6/2017): Updated existing record with 17 non-zero financial metrics
[2025-03-22 11:28:15,919] INFO: ftnt (9/2017): Updated existing record with 17 non-zero financial metrics
[2025-03-22 11:28:15,948] INFO: ftnt (12/2017): Updated existing record with 21 non-zero financial metrics
[2025-03-22 11:28:15,980] INFO: ftnt (3/2018): Updated existing record with 23 non-zero financial metrics
[2025-03-22 11:28:16,010] INFO: ftnt (6/2018): Updated existing record with 19 non-zero financial metrics
[2025-03-22 11:28:16,038] INFO: ftnt (9/2018): Updated existing record with 19 non-zero financial metrics
[2025-03-22 11:28:16,068] INFO: ftnt (12/2018): Updated existing record with 23 non-zero financial metrics
[2025-03-22 11:28:16,098] INFO: ftnt (3/2019): Updated existing record with 24 non-zero financial metrics
[2025-03-22 11:28:16,127] INFO: ftnt (6/2019): Updated existing record with 19 non-zero financial metrics
[2025-03-22 11:28:16,156] INFO: ftnt (9/2019): Updated existing record with 19 non-zero financial metrics
[2025-03-22 11:28:16,185] INFO: ftnt (12/2019): Updated existing record with 23 non-zero financial metrics
[2025-03-22 11:28:16,215] INFO: ftnt (3/2020): Updated existing record with 24 non-zero financial metrics
[2025-03-22 11:28:16,243] INFO: ftnt (6/2020): Updated existing record with 19 non-zero financial metrics
[2025-03-22 11:28:16,273] INFO: ftnt (9/2020): Updated existing record with 19 non-zero financial metrics
[2025-03-22 11:28:16,303] INFO: ftnt (12/2020): Updated existing record with 23 non-zero financial metrics
[2025-03-22 11:28:16,319] WARNING: ftnt (3/2021): Found zero values for fields: Share Repurchases
[2025-03-22 11:28:16,332] INFO: ftnt (3/2021): Updated existing record with 24 non-zero financial metrics
[2025-03-22 11:28:16,363] INFO: ftnt (6/2021): Updated existing record with 21 non-zero financial metrics
[2025-03-22 11:28:16,392] INFO: ftnt (9/2021): Updated existing record with 20 non-zero financial metrics
[2025-03-22 11:28:16,423] INFO: ftnt (12/2021): Updated existing record with 24 non-zero financial metrics
[2025-03-22 11:28:16,452] INFO: ftnt (3/2022): Updated existing record with 25 non-zero financial metrics
[2025-03-22 11:28:16,483] INFO: ftnt (6/2022): Updated existing record with 20 non-zero financial metrics
[2025-03-22 11:28:16,513] INFO: ftnt (9/2022): Updated existing record with 20 non-zero financial metrics
[2025-03-22 11:28:16,545] INFO: ftnt (12/2022): Updated existing record with 24 non-zero financial metrics
[2025-03-22 11:28:16,563] WARNING: ftnt (3/2023): Found zero values for fields: Share Repurchases
[2025-03-22 11:28:16,577] INFO: ftnt (3/2023): Updated existing record with 24 non-zero financial metrics
[2025-03-22 11:28:16,607] INFO: ftnt (6/2023): Updated existing record with 20 non-zero financial metrics
[2025-03-22 11:28:16,637] INFO: ftnt (9/2023): Updated existing record with 20 non-zero financial metrics
[2025-03-22 11:28:16,668] INFO: ftnt (12/2023): Updated existing record with 24 non-zero financial metrics
[2025-03-22 11:28:16,698] INFO: ftnt (3/2024): Updated existing record with 24 non-zero financial metrics
[2025-03-22 11:28:16,728] INFO: ftnt (6/2024): Updated existing record with 20 non-zero financial metrics
[2025-03-22 11:28:16,757] INFO: ftnt (9/2024): Updated existing record with 19 non-zero financial metrics
[2025-03-22 11:28:16,772] INFO: Trying adjusted date: 1/2025 (original: 12/2024)
[2025-03-22 11:28:16,787] WARNING: ftnt (12/2024): No existing record found(12/2024, 2024-12-31) - creating new one
[2025-03-22 11:28:16,787] INFO: ftnt (12/2024): Created new record with 24 non-zero financial metrics
