[2025-03-22 04:59:48,442] INFO: Trying adjusted date: 6/2016 (original: 7/2016)
[2025-03-22 04:59:48,454] INFO: Found existing row with adjusted date: 6/2016
[2025-03-22 04:59:48,466] INFO: ftv (6/2016): Updated existing record with 15 non-zero financial metrics
[2025-03-22 04:59:48,494] INFO: ftv (9/2016): Updated existing record with 16 non-zero financial metrics
[2025-03-22 04:59:48,520] INFO: ftv (12/2016): Updated existing record with 20 non-zero financial metrics
[2025-03-22 04:59:48,548] INFO: ftv (3/2017): Updated existing record with 20 non-zero financial metrics
[2025-03-22 04:59:48,575] INFO: ftv (6/2017): Updated existing record with 16 non-zero financial metrics
[2025-03-22 04:59:48,604] INFO: ftv (9/2017): Updated existing record with 16 non-zero financial metrics
[2025-03-22 04:59:48,631] INFO: ftv (12/2017): Updated existing record with 19 non-zero financial metrics
[2025-03-22 04:59:48,657] INFO: ftv (3/2018): Updated existing record with 20 non-zero financial metrics
[2025-03-22 04:59:48,685] INFO: ftv (6/2018): Updated existing record with 17 non-zero financial metrics
[2025-03-22 04:59:48,711] INFO: ftv (9/2018): Updated existing record with 17 non-zero financial metrics
[2025-03-22 04:59:48,737] INFO: ftv (12/2018): Updated existing record with 21 non-zero financial metrics
[2025-03-22 04:59:48,764] INFO: ftv (3/2019): Updated existing record with 22 non-zero financial metrics
[2025-03-22 04:59:48,791] INFO: ftv (6/2019): Updated existing record with 18 non-zero financial metrics
[2025-03-22 04:59:48,818] INFO: ftv (9/2019): Updated existing record with 18 non-zero financial metrics
[2025-03-22 04:59:48,845] INFO: ftv (12/2019): Updated existing record with 22 non-zero financial metrics
[2025-03-22 04:59:48,872] INFO: ftv (3/2020): Updated existing record with 22 non-zero financial metrics
[2025-03-22 04:59:48,900] INFO: ftv (6/2020): Updated existing record with 18 non-zero financial metrics
[2025-03-22 04:59:48,927] INFO: ftv (9/2020): Updated existing record with 18 non-zero financial metrics
[2025-03-22 04:59:48,953] INFO: ftv (12/2020): Updated existing record with 23 non-zero financial metrics
[2025-03-22 04:59:48,968] INFO: Trying adjusted date: 3/2021 (original: 4/2021)
[2025-03-22 04:59:48,980] INFO: Found existing row with adjusted date: 3/2021
[2025-03-22 04:59:48,992] INFO: ftv (3/2021): Updated existing record with 22 non-zero financial metrics
[2025-03-22 04:59:49,007] INFO: Trying adjusted date: 6/2021 (original: 7/2021)
[2025-03-22 04:59:49,020] INFO: Found existing row with adjusted date: 6/2021
[2025-03-22 04:59:49,033] INFO: ftv (6/2021): Updated existing record with 18 non-zero financial metrics
[2025-03-22 04:59:49,047] INFO: Trying adjusted date: 9/2021 (original: 10/2021)
[2025-03-22 04:59:49,059] INFO: Found existing row with adjusted date: 9/2021
[2025-03-22 04:59:49,072] INFO: ftv (9/2021): Updated existing record with 18 non-zero financial metrics
[2025-03-22 04:59:49,099] INFO: ftv (12/2021): Updated existing record with 23 non-zero financial metrics
[2025-03-22 04:59:49,113] INFO: Trying adjusted date: 3/2022 (original: 4/2022)
[2025-03-22 04:59:49,125] INFO: Found existing row with adjusted date: 3/2022
[2025-03-22 04:59:49,138] INFO: ftv (3/2022): Updated existing record with 24 non-zero financial metrics
[2025-03-22 04:59:49,152] INFO: Trying adjusted date: 6/2022 (original: 7/2022)
[2025-03-22 04:59:49,164] INFO: Found existing row with adjusted date: 6/2022
[2025-03-22 04:59:49,177] INFO: ftv (6/2022): Updated existing record with 19 non-zero financial metrics
[2025-03-22 04:59:49,202] INFO: ftv (9/2022): Updated existing record with 19 non-zero financial metrics
[2025-03-22 04:59:49,232] INFO: ftv (12/2022): Updated existing record with 24 non-zero financial metrics
[2025-03-22 04:59:49,246] WARNING: ftv (3/2023): Found zero values for fields: Share Repurchases
[2025-03-22 04:59:49,259] INFO: ftv (3/2023): Updated existing record with 22 non-zero financial metrics
[2025-03-22 04:59:49,285] INFO: ftv (6/2023): Updated existing record with 18 non-zero financial metrics
[2025-03-22 04:59:49,312] INFO: ftv (9/2023): Updated existing record with 18 non-zero financial metrics
[2025-03-22 04:59:49,338] INFO: ftv (12/2023): Updated existing record with 23 non-zero financial metrics
[2025-03-22 04:59:49,366] INFO: ftv (3/2024): Updated existing record with 22 non-zero financial metrics
[2025-03-22 04:59:49,392] INFO: ftv (6/2024): Updated existing record with 17 non-zero financial metrics
[2025-03-22 04:59:49,419] INFO: ftv (9/2024): Updated existing record with 17 non-zero financial metrics
[2025-03-22 04:59:49,433] INFO: Trying adjusted date: 1/2025 (original: 12/2024)
[2025-03-22 04:59:49,445] WARNING: ftv (12/2024): No existing record found(12/2024, 2024-12-31) - creating new one
[2025-03-22 04:59:49,446] INFO: ftv (12/2024): Created new record with 23 non-zero financial metrics
