[2025-03-22 00:32:00,201] INFO: Trying adjusted date: 3/2010 (original: 4/2010)
[2025-03-22 00:32:00,212] WARNING: gd (4/2010): No existing record found(4/2010, 2010-04-04) - creating new one
[2025-03-22 00:32:00,215] INFO: gd (4/2010): Created new record with 18 non-zero financial metrics
[2025-03-22 00:32:00,229] INFO: Trying adjusted date: 6/2010 (original: 7/2010)
[2025-03-22 00:32:00,240] WARNING: gd (7/2010): No existing record found(7/2010, 2010-07-04) - creating new one
[2025-03-22 00:32:00,241] INFO: gd (7/2010): Created new record with 14 non-zero financial metrics
[2025-03-22 00:32:00,254] INFO: Trying adjusted date: 9/2010 (original: 10/2010)
[2025-03-22 00:32:00,265] WARNING: gd (10/2010): No existing record found(10/2010, 2010-10-03) - creating new one
[2025-03-22 00:32:00,266] INFO: gd (10/2010): Created new record with 14 non-zero financial metrics
[2025-03-22 00:32:00,279] INFO: Trying adjusted date: 1/2011 (original: 12/2010)
[2025-03-22 00:32:00,291] WARNING: gd (12/2010): No existing record found(12/2010, 2010-12-31) - creating new one
[2025-03-22 00:32:00,291] INFO: gd (12/2010): Created new record with 20 non-zero financial metrics
[2025-03-22 00:32:00,304] INFO: Trying adjusted date: 3/2011 (original: 4/2011)
[2025-03-22 00:32:00,316] WARNING: gd (4/2011): No existing record found(4/2011, 2011-04-03) - creating new one
[2025-03-22 00:32:00,316] INFO: gd (4/2011): Created new record with 19 non-zero financial metrics
[2025-03-22 00:32:00,329] INFO: Trying adjusted date: 6/2011 (original: 7/2011)
[2025-03-22 00:32:00,341] WARNING: gd (7/2011): No existing record found(7/2011, 2011-07-03) - creating new one
[2025-03-22 00:32:00,342] INFO: gd (7/2011): Created new record with 14 non-zero financial metrics
[2025-03-22 00:32:00,354] INFO: Trying adjusted date: 9/2011 (original: 10/2011)
[2025-03-22 00:32:00,366] WARNING: gd (10/2011): No existing record found(10/2011, 2011-10-02) - creating new one
[2025-03-22 00:32:00,366] INFO: gd (10/2011): Created new record with 14 non-zero financial metrics
[2025-03-22 00:32:00,379] INFO: Trying adjusted date: 1/2012 (original: 12/2011)
[2025-03-22 00:32:00,391] WARNING: gd (12/2011): No existing record found(12/2011, 2011-12-31) - creating new one
[2025-03-22 00:32:00,392] INFO: gd (12/2011): Created new record with 20 non-zero financial metrics
[2025-03-22 00:32:00,405] INFO: Trying adjusted date: 3/2012 (original: 4/2012)
[2025-03-22 00:32:00,417] WARNING: gd (4/2012): No existing record found(4/2012, 2012-04-01) - creating new one
[2025-03-22 00:32:00,417] INFO: gd (4/2012): Created new record with 19 non-zero financial metrics
[2025-03-22 00:32:00,430] INFO: Trying adjusted date: 6/2012 (original: 7/2012)
[2025-03-22 00:32:00,442] WARNING: gd (7/2012): No existing record found(7/2012, 2012-07-01) - creating new one
[2025-03-22 00:32:00,442] INFO: gd (7/2012): Created new record with 14 non-zero financial metrics
[2025-03-22 00:32:00,467] INFO: gd (9/2012): Updated existing record with 14 non-zero financial metrics
[2025-03-22 00:32:00,491] INFO: gd (12/2012): Updated existing record with 21 non-zero financial metrics
[2025-03-22 00:32:00,504] WARNING: gd (3/2013): Found zero values for fields: Share Repurchases
[2025-03-22 00:32:00,516] INFO: gd (3/2013): Updated existing record with 18 non-zero financial metrics
[2025-03-22 00:32:00,540] INFO: gd (6/2013): Updated existing record with 13 non-zero financial metrics
[2025-03-22 00:32:00,566] INFO: gd (9/2013): Updated existing record with 13 non-zero financial metrics
[2025-03-22 00:32:00,591] INFO: gd (12/2013): Updated existing record with 20 non-zero financial metrics
[2025-03-22 00:32:00,615] INFO: gd (3/2014): Updated existing record with 18 non-zero financial metrics
[2025-03-22 00:32:00,640] INFO: gd (6/2014): Updated existing record with 13 non-zero financial metrics
[2025-03-22 00:32:00,665] INFO: gd (9/2014): Updated existing record with 13 non-zero financial metrics
[2025-03-22 00:32:00,690] INFO: gd (12/2014): Updated existing record with 20 non-zero financial metrics
[2025-03-22 00:32:00,703] INFO: Trying adjusted date: 3/2015 (original: 4/2015)
[2025-03-22 00:32:00,714] INFO: Found existing row with adjusted date: 3/2015
[2025-03-22 00:32:00,726] INFO: gd (3/2015): Updated existing record with 18 non-zero financial metrics
[2025-03-22 00:32:00,739] INFO: Trying adjusted date: 6/2015 (original: 7/2015)
[2025-03-22 00:32:00,751] INFO: Found existing row with adjusted date: 6/2015
[2025-03-22 00:32:00,763] INFO: gd (6/2015): Updated existing record with 13 non-zero financial metrics
[2025-03-22 00:32:00,775] INFO: Trying adjusted date: 9/2015 (original: 10/2015)
[2025-03-22 00:32:00,787] INFO: Found existing row with adjusted date: 9/2015
[2025-03-22 00:32:00,799] INFO: gd (9/2015): Updated existing record with 13 non-zero financial metrics
[2025-03-22 00:32:00,824] INFO: gd (12/2015): Updated existing record with 20 non-zero financial metrics
[2025-03-22 00:32:00,838] INFO: Trying adjusted date: 3/2016 (original: 4/2016)
[2025-03-22 00:32:00,851] INFO: Found existing row with adjusted date: 3/2016
[2025-03-22 00:32:00,863] INFO: gd (3/2016): Updated existing record with 19 non-zero financial metrics
[2025-03-22 00:32:00,876] INFO: Trying adjusted date: 6/2016 (original: 7/2016)
[2025-03-22 00:32:00,888] INFO: Found existing row with adjusted date: 6/2016
[2025-03-22 00:32:00,900] INFO: gd (6/2016): Updated existing record with 14 non-zero financial metrics
[2025-03-22 00:32:00,913] INFO: Trying adjusted date: 9/2016 (original: 10/2016)
[2025-03-22 00:32:00,926] INFO: Found existing row with adjusted date: 9/2016
[2025-03-22 00:32:00,938] INFO: gd (9/2016): Updated existing record with 14 non-zero financial metrics
[2025-03-22 00:32:00,962] INFO: gd (12/2016): Updated existing record with 17 non-zero financial metrics
[2025-03-22 00:32:00,975] INFO: Trying adjusted date: 3/2017 (original: 4/2017)
[2025-03-22 00:32:00,987] INFO: Found existing row with adjusted date: 3/2017
[2025-03-22 00:32:00,999] INFO: gd (3/2017): Updated existing record with 16 non-zero financial metrics
[2025-03-22 00:32:01,011] INFO: Trying adjusted date: 6/2017 (original: 7/2017)
[2025-03-22 00:32:01,023] INFO: Found existing row with adjusted date: 6/2017
[2025-03-22 00:32:01,034] INFO: gd (6/2017): Updated existing record with 13 non-zero financial metrics
[2025-03-22 00:32:01,047] INFO: Trying adjusted date: 9/2017 (original: 10/2017)
[2025-03-22 00:32:01,058] INFO: Found existing row with adjusted date: 9/2017
[2025-03-22 00:32:01,070] INFO: gd (9/2017): Updated existing record with 14 non-zero financial metrics
[2025-03-22 00:32:01,095] INFO: gd (12/2017): Updated existing record with 17 non-zero financial metrics
[2025-03-22 00:32:01,107] INFO: Trying adjusted date: 3/2018 (original: 4/2018)
[2025-03-22 00:32:01,119] INFO: Found existing row with adjusted date: 3/2018
[2025-03-22 00:32:01,131] INFO: gd (3/2018): Updated existing record with 14 non-zero financial metrics
[2025-03-22 00:32:01,144] INFO: Trying adjusted date: 6/2018 (original: 7/2018)
[2025-03-22 00:32:01,156] INFO: Found existing row with adjusted date: 6/2018
[2025-03-22 00:32:01,167] INFO: gd (6/2018): Updated existing record with 13 non-zero financial metrics
[2025-03-22 00:32:01,191] INFO: gd (9/2018): Updated existing record with 14 non-zero financial metrics
[2025-03-22 00:32:01,216] INFO: gd (12/2018): Updated existing record with 17 non-zero financial metrics
[2025-03-22 00:32:01,241] INFO: gd (3/2019): Updated existing record with 14 non-zero financial metrics
[2025-03-22 00:32:01,266] INFO: gd (6/2019): Updated existing record with 12 non-zero financial metrics
[2025-03-22 00:32:01,291] INFO: gd (9/2019): Updated existing record with 13 non-zero financial metrics
[2025-03-22 00:32:01,316] INFO: gd (12/2019): Updated existing record with 20 non-zero financial metrics
[2025-03-22 00:32:01,340] INFO: gd (3/2020): Updated existing record with 16 non-zero financial metrics
[2025-03-22 00:32:01,365] INFO: gd (6/2020): Updated existing record with 11 non-zero financial metrics
[2025-03-22 00:32:01,388] INFO: gd (9/2020): Updated existing record with 11 non-zero financial metrics
[2025-03-22 00:32:01,413] INFO: gd (12/2020): Updated existing record with 19 non-zero financial metrics
[2025-03-22 00:32:01,426] INFO: Trying adjusted date: 3/2021 (original: 4/2021)
[2025-03-22 00:32:01,437] INFO: Found existing row with adjusted date: 3/2021
[2025-03-22 00:32:01,449] INFO: gd (3/2021): Updated existing record with 16 non-zero financial metrics
[2025-03-22 00:32:01,461] INFO: Trying adjusted date: 6/2021 (original: 7/2021)
[2025-03-22 00:32:01,472] INFO: Found existing row with adjusted date: 6/2021
[2025-03-22 00:32:01,484] INFO: gd (6/2021): Updated existing record with 11 non-zero financial metrics
[2025-03-22 00:32:01,497] INFO: Trying adjusted date: 9/2021 (original: 10/2021)
[2025-03-22 00:32:01,509] INFO: Found existing row with adjusted date: 9/2021
[2025-03-22 00:32:01,521] INFO: gd (9/2021): Updated existing record with 11 non-zero financial metrics
[2025-03-22 00:32:01,545] INFO: gd (12/2021): Updated existing record with 19 non-zero financial metrics
[2025-03-22 00:32:01,558] INFO: Trying adjusted date: 3/2022 (original: 4/2022)
[2025-03-22 00:32:01,570] INFO: Found existing row with adjusted date: 3/2022
[2025-03-22 00:32:01,582] INFO: gd (3/2022): Updated existing record with 16 non-zero financial metrics
[2025-03-22 00:32:01,595] INFO: Trying adjusted date: 6/2022 (original: 7/2022)
[2025-03-22 00:32:01,606] INFO: Found existing row with adjusted date: 6/2022
[2025-03-22 00:32:01,618] INFO: gd (6/2022): Updated existing record with 11 non-zero financial metrics
[2025-03-22 00:32:01,630] INFO: Trying adjusted date: 9/2022 (original: 10/2022)
[2025-03-22 00:32:01,642] INFO: Found existing row with adjusted date: 9/2022
[2025-03-22 00:32:01,654] INFO: gd (9/2022): Updated existing record with 11 non-zero financial metrics
[2025-03-22 00:32:01,678] INFO: gd (12/2022): Updated existing record with 19 non-zero financial metrics
[2025-03-22 00:32:01,691] INFO: Trying adjusted date: 3/2023 (original: 4/2023)
[2025-03-22 00:32:01,703] INFO: Found existing row with adjusted date: 3/2023
[2025-03-22 00:32:01,714] INFO: gd (3/2023): Updated existing record with 16 non-zero financial metrics
[2025-03-22 00:32:01,727] INFO: Trying adjusted date: 6/2023 (original: 7/2023)
[2025-03-22 00:32:01,739] INFO: Found existing row with adjusted date: 6/2023
[2025-03-22 00:32:01,751] INFO: gd (6/2023): Updated existing record with 11 non-zero financial metrics
[2025-03-22 00:32:01,763] INFO: Trying adjusted date: 9/2023 (original: 10/2023)
[2025-03-22 00:32:01,775] INFO: Found existing row with adjusted date: 9/2023
[2025-03-22 00:32:01,787] INFO: gd (9/2023): Updated existing record with 11 non-zero financial metrics
[2025-03-22 00:32:01,812] INFO: gd (12/2023): Updated existing record with 19 non-zero financial metrics
[2025-03-22 00:32:01,836] INFO: gd (3/2024): Updated existing record with 16 non-zero financial metrics
[2025-03-22 00:32:01,861] INFO: gd (6/2024): Updated existing record with 11 non-zero financial metrics
[2025-03-22 00:32:01,885] INFO: gd (9/2024): Updated existing record with 11 non-zero financial metrics
[2025-03-22 00:32:01,910] INFO: gd (12/2024): Updated existing record with 18 non-zero financial metrics
