[2025-03-22 08:29:57,036] INFO: gddy (3/2015): Updated existing record with 0 non-zero financial metrics
[2025-03-22 08:29:57,067] INFO: gddy (6/2015): Updated existing record with 10 non-zero financial metrics
[2025-03-22 08:29:57,099] INFO: gddy (9/2015): Updated existing record with 10 non-zero financial metrics
[2025-03-22 08:29:57,129] INFO: gddy (12/2015): Updated existing record with 13 non-zero financial metrics
[2025-03-22 08:29:57,158] INFO: gddy (3/2016): Updated existing record with 13 non-zero financial metrics
[2025-03-22 08:29:57,186] INFO: gddy (6/2016): Updated existing record with 10 non-zero financial metrics
[2025-03-22 08:29:57,215] INFO: gddy (9/2016): Updated existing record with 11 non-zero financial metrics
[2025-03-22 08:29:57,243] INFO: gddy (12/2016): Updated existing record with 13 non-zero financial metrics
[2025-03-22 08:29:57,271] INFO: gddy (3/2017): Updated existing record with 13 non-zero financial metrics
[2025-03-22 08:29:57,300] INFO: gddy (6/2017): Updated existing record with 10 non-zero financial metrics
[2025-03-22 08:29:57,328] INFO: gddy (9/2017): Updated existing record with 10 non-zero financial metrics
[2025-03-22 08:29:57,356] INFO: gddy (12/2017): Updated existing record with 15 non-zero financial metrics
[2025-03-22 08:29:57,383] INFO: gddy (3/2018): Updated existing record with 15 non-zero financial metrics
[2025-03-22 08:29:57,412] INFO: gddy (6/2018): Updated existing record with 11 non-zero financial metrics
[2025-03-22 08:29:57,441] INFO: gddy (9/2018): Updated existing record with 11 non-zero financial metrics
[2025-03-22 08:29:57,457] WARNING: gddy (12/2018): Found zero values for fields: Share Repurchases
[2025-03-22 08:29:57,470] INFO: gddy (12/2018): Updated existing record with 15 non-zero financial metrics
[2025-03-22 08:29:57,499] INFO: gddy (3/2019): Updated existing record with 15 non-zero financial metrics
[2025-03-22 08:29:57,527] INFO: gddy (6/2019): Updated existing record with 11 non-zero financial metrics
[2025-03-22 08:29:57,555] INFO: gddy (9/2019): Updated existing record with 11 non-zero financial metrics
[2025-03-22 08:29:57,583] INFO: gddy (12/2019): Updated existing record with 15 non-zero financial metrics
[2025-03-22 08:29:57,611] INFO: gddy (3/2020): Updated existing record with 15 non-zero financial metrics
[2025-03-22 08:29:57,639] INFO: gddy (6/2020): Updated existing record with 10 non-zero financial metrics
[2025-03-22 08:29:57,667] INFO: gddy (9/2020): Updated existing record with 10 non-zero financial metrics
[2025-03-22 08:29:57,695] INFO: gddy (12/2020): Updated existing record with 15 non-zero financial metrics
[2025-03-22 08:29:57,724] INFO: gddy (3/2021): Updated existing record with 15 non-zero financial metrics
[2025-03-22 08:29:57,751] INFO: gddy (6/2021): Updated existing record with 10 non-zero financial metrics
[2025-03-22 08:29:57,779] INFO: gddy (9/2021): Updated existing record with 10 non-zero financial metrics
[2025-03-22 08:29:57,807] INFO: gddy (12/2021): Updated existing record with 15 non-zero financial metrics
[2025-03-22 08:29:57,836] INFO: gddy (3/2022): Updated existing record with 15 non-zero financial metrics
[2025-03-22 08:29:57,866] INFO: gddy (6/2022): Updated existing record with 10 non-zero financial metrics
[2025-03-22 08:29:57,895] INFO: gddy (9/2022): Updated existing record with 10 non-zero financial metrics
[2025-03-22 08:29:57,925] INFO: gddy (12/2022): Updated existing record with 15 non-zero financial metrics
[2025-03-22 08:29:57,953] INFO: gddy (3/2023): Updated existing record with 15 non-zero financial metrics
[2025-03-22 08:29:57,981] INFO: gddy (6/2023): Updated existing record with 10 non-zero financial metrics
[2025-03-22 08:29:58,009] INFO: gddy (9/2023): Updated existing record with 10 non-zero financial metrics
[2025-03-22 08:29:58,037] INFO: gddy (12/2023): Updated existing record with 15 non-zero financial metrics
[2025-03-22 08:29:58,064] INFO: gddy (3/2024): Updated existing record with 15 non-zero financial metrics
[2025-03-22 08:29:58,092] INFO: gddy (6/2024): Updated existing record with 9 non-zero financial metrics
[2025-03-22 08:29:58,121] INFO: gddy (9/2024): Updated existing record with 9 non-zero financial metrics
[2025-03-22 08:29:58,136] INFO: Trying adjusted date: 1/2025 (original: 12/2024)
[2025-03-22 08:29:58,149] WARNING: gddy (12/2024): No existing record found(12/2024, 2024-12-31) - creating new one
[2025-03-22 08:29:58,150] INFO: gddy (12/2024): Created new record with 13 non-zero financial metrics
