[2025-03-22 14:19:15,058] WARNING: gh (9/2018): Found zero values for fields: Loan Loss Reserves
[2025-03-22 14:19:15,073] INFO: gh (9/2018): Updated existing record with 15 non-zero financial metrics
[2025-03-22 14:19:15,090] WARNING: gh (12/2018): Found zero values for fields: Loan Loss Reserves
[2025-03-22 14:19:15,104] INFO: gh (12/2018): Updated existing record with 20 non-zero financial metrics
[2025-03-22 14:19:15,135] INFO: gh (3/2019): Updated existing record with 19 non-zero financial metrics
[2025-03-22 14:19:15,164] INFO: gh (6/2019): Updated existing record with 15 non-zero financial metrics
[2025-03-22 14:19:15,194] INFO: gh (9/2019): Updated existing record with 16 non-zero financial metrics
[2025-03-22 14:19:15,211] WARNING: gh (12/2019): Found zero values for fields: Share Repurchases, Loan Loss Reserves
[2025-03-22 14:19:15,225] INFO: gh (12/2019): Updated existing record with 20 non-zero financial metrics
[2025-03-22 14:19:15,255] INFO: gh (3/2020): Updated existing record with 20 non-zero financial metrics
[2025-03-22 14:19:15,284] INFO: gh (6/2020): Updated existing record with 17 non-zero financial metrics
[2025-03-22 14:19:15,300] WARNING: gh (9/2020): Found zero values for fields: Loan Loss Reserves
[2025-03-22 14:19:15,314] INFO: gh (9/2020): Updated existing record with 16 non-zero financial metrics
[2025-03-22 14:19:15,331] WARNING: gh (12/2020): Found zero values for fields: Share Repurchases
[2025-03-22 14:19:15,345] INFO: gh (12/2020): Updated existing record with 20 non-zero financial metrics
[2025-03-22 14:19:15,375] INFO: gh (3/2021): Updated existing record with 20 non-zero financial metrics
[2025-03-22 14:19:15,404] INFO: gh (6/2021): Updated existing record with 17 non-zero financial metrics
[2025-03-22 14:19:15,434] INFO: gh (9/2021): Updated existing record with 17 non-zero financial metrics
[2025-03-22 14:19:15,464] INFO: gh (12/2021): Updated existing record with 21 non-zero financial metrics
[2025-03-22 14:19:15,494] INFO: gh (3/2022): Updated existing record with 21 non-zero financial metrics
[2025-03-22 14:19:15,522] INFO: gh (6/2022): Updated existing record with 17 non-zero financial metrics
[2025-03-22 14:19:15,556] INFO: gh (9/2022): Updated existing record with 17 non-zero financial metrics
[2025-03-22 14:19:15,585] INFO: gh (12/2022): Updated existing record with 21 non-zero financial metrics
[2025-03-22 14:19:15,615] INFO: gh (3/2023): Updated existing record with 21 non-zero financial metrics
[2025-03-22 14:19:15,644] INFO: gh (6/2023): Updated existing record with 17 non-zero financial metrics
[2025-03-22 14:19:15,672] INFO: gh (9/2023): Updated existing record with 17 non-zero financial metrics
[2025-03-22 14:19:15,702] INFO: gh (12/2023): Updated existing record with 21 non-zero financial metrics
[2025-03-22 14:19:15,733] INFO: gh (3/2024): Updated existing record with 21 non-zero financial metrics
[2025-03-22 14:19:15,762] INFO: gh (6/2024): Updated existing record with 16 non-zero financial metrics
[2025-03-22 14:19:15,791] INFO: gh (9/2024): Updated existing record with 16 non-zero financial metrics
[2025-03-22 14:19:15,808] INFO: Trying adjusted date: 1/2025 (original: 12/2024)
[2025-03-22 14:19:15,823] WARNING: gh (12/2024): No existing record found(12/2024, 2024-12-31) - creating new one
[2025-03-22 14:19:15,824] INFO: gh (12/2024): Created new record with 20 non-zero financial metrics
