[2025-03-22 01:38:18,771] INFO: Trying adjusted date: 6/2010 (original: 5/2010)
[2025-03-22 01:38:18,783] WARNING: gis (5/2010): No existing record found(5/2010, 2010-05-30) - creating new one
[2025-03-22 01:38:18,783] INFO: gis (5/2010): Created new record with 17 non-zero financial metrics
[2025-03-22 01:38:18,798] INFO: Trying adjusted date: 9/2010 (original: 8/2010)
[2025-03-22 01:38:18,811] WARNING: gis (8/2010): No existing record found(8/2010, 2010-08-29) - creating new one
[2025-03-22 01:38:18,812] INFO: gis (8/2010): Created new record with 18 non-zero financial metrics
[2025-03-22 01:38:18,825] INFO: Trying adjusted date: 12/2010 (original: 11/2010)
[2025-03-22 01:38:18,838] WARNING: gis (11/2010): No existing record found(11/2010, 2010-11-28) - creating new one
[2025-03-22 01:38:18,839] INFO: gis (11/2010): Created new record with 13 non-zero financial metrics
[2025-03-22 01:38:18,853] INFO: Trying adjusted date: 3/2011 (original: 2/2011)
[2025-03-22 01:38:18,866] WARNING: gis (2/2011): No existing record found(2/2011, 2011-02-27) - creating new one
[2025-03-22 01:38:18,866] INFO: gis (2/2011): Created new record with 13 non-zero financial metrics
[2025-03-22 01:38:18,879] INFO: Trying adjusted date: 6/2011 (original: 5/2011)
[2025-03-22 01:38:18,892] WARNING: gis (5/2011): No existing record found(5/2011, 2011-05-29) - creating new one
[2025-03-22 01:38:18,893] INFO: gis (5/2011): Created new record with 19 non-zero financial metrics
[2025-03-22 01:38:18,907] INFO: Trying adjusted date: 9/2011 (original: 8/2011)
[2025-03-22 01:38:18,920] WARNING: gis (8/2011): No existing record found(8/2011, 2011-08-28) - creating new one
[2025-03-22 01:38:18,921] INFO: gis (8/2011): Created new record with 18 non-zero financial metrics
[2025-03-22 01:38:18,936] INFO: Trying adjusted date: 12/2011 (original: 11/2011)
[2025-03-22 01:38:18,949] WARNING: gis (11/2011): No existing record found(11/2011, 2011-11-27) - creating new one
[2025-03-22 01:38:18,950] INFO: gis (11/2011): Created new record with 12 non-zero financial metrics
[2025-03-22 01:38:18,964] INFO: Trying adjusted date: 3/2012 (original: 2/2012)
[2025-03-22 01:38:18,976] WARNING: gis (2/2012): No existing record found(2/2012, 2012-02-26) - creating new one
[2025-03-22 01:38:18,977] INFO: gis (2/2012): Created new record with 12 non-zero financial metrics
[2025-03-22 01:38:18,991] INFO: Trying adjusted date: 6/2012 (original: 5/2012)
[2025-03-22 01:38:19,004] WARNING: gis (5/2012): No existing record found(5/2012, 2012-05-27) - creating new one
[2025-03-22 01:38:19,005] INFO: gis (5/2012): Created new record with 18 non-zero financial metrics
[2025-03-22 01:38:19,031] INFO: gis (8/2012): Updated existing record with 16 non-zero financial metrics
[2025-03-22 01:38:19,059] INFO: gis (11/2012): Updated existing record with 11 non-zero financial metrics
[2025-03-22 01:38:19,085] INFO: gis (2/2013): Updated existing record with 11 non-zero financial metrics
[2025-03-22 01:38:19,112] INFO: gis (5/2013): Updated existing record with 18 non-zero financial metrics
[2025-03-22 01:38:19,137] INFO: gis (8/2013): Updated existing record with 16 non-zero financial metrics
[2025-03-22 01:38:19,162] INFO: gis (11/2013): Updated existing record with 11 non-zero financial metrics
[2025-03-22 01:38:19,187] INFO: gis (2/2014): Updated existing record with 11 non-zero financial metrics
[2025-03-22 01:38:19,211] INFO: gis (5/2014): Updated existing record with 18 non-zero financial metrics
[2025-03-22 01:38:19,237] INFO: gis (8/2014): Updated existing record with 16 non-zero financial metrics
[2025-03-22 01:38:19,263] INFO: gis (11/2014): Updated existing record with 11 non-zero financial metrics
[2025-03-22 01:38:19,287] INFO: gis (2/2015): Updated existing record with 11 non-zero financial metrics
[2025-03-22 01:38:19,313] INFO: gis (5/2015): Updated existing record with 18 non-zero financial metrics
[2025-03-22 01:38:19,340] INFO: gis (8/2015): Updated existing record with 16 non-zero financial metrics
[2025-03-22 01:38:19,366] INFO: gis (11/2015): Updated existing record with 11 non-zero financial metrics
[2025-03-22 01:38:17,993] INFO: gis (2/2016): Updated existing record with 11 non-zero financial metrics
[2025-03-22 01:38:18,018] INFO: gis (5/2016): Updated existing record with 15 non-zero financial metrics
[2025-03-22 01:38:18,044] INFO: gis (8/2016): Updated existing record with 13 non-zero financial metrics
[2025-03-22 01:38:18,070] INFO: gis (11/2016): Updated existing record with 11 non-zero financial metrics
[2025-03-22 01:38:18,097] INFO: gis (2/2017): Updated existing record with 11 non-zero financial metrics
[2025-03-22 01:38:18,123] INFO: gis (5/2017): Updated existing record with 15 non-zero financial metrics
[2025-03-22 01:38:18,148] INFO: gis (8/2017): Updated existing record with 17 non-zero financial metrics
[2025-03-22 01:38:18,174] INFO: gis (11/2017): Updated existing record with 12 non-zero financial metrics
[2025-03-22 01:38:18,199] INFO: gis (2/2018): Updated existing record with 12 non-zero financial metrics
[2025-03-22 01:38:18,227] INFO: gis (5/2018): Updated existing record with 18 non-zero financial metrics
[2025-03-22 01:38:18,253] INFO: gis (8/2018): Updated existing record with 17 non-zero financial metrics
[2025-03-22 01:38:18,279] INFO: gis (11/2018): Updated existing record with 12 non-zero financial metrics
[2025-03-22 01:38:18,305] INFO: gis (2/2019): Updated existing record with 13 non-zero financial metrics
[2025-03-22 01:38:18,330] INFO: gis (5/2019): Updated existing record with 19 non-zero financial metrics
[2025-03-22 01:38:18,344] WARNING: gis (8/2019): Found zero values for fields: Share Repurchases
[2025-03-22 01:38:18,356] INFO: gis (8/2019): Updated existing record with 17 non-zero financial metrics
[2025-03-22 01:38:18,382] INFO: gis (11/2019): Updated existing record with 13 non-zero financial metrics
[2025-03-22 01:38:18,409] INFO: gis (2/2020): Updated existing record with 13 non-zero financial metrics
[2025-03-22 01:38:18,433] INFO: gis (5/2020): Updated existing record with 19 non-zero financial metrics
[2025-03-22 01:38:18,459] INFO: gis (8/2020): Updated existing record with 17 non-zero financial metrics
[2025-03-22 01:38:18,485] INFO: gis (11/2020): Updated existing record with 13 non-zero financial metrics
[2025-03-22 01:38:18,512] INFO: gis (2/2021): Updated existing record with 13 non-zero financial metrics
[2025-03-22 01:38:18,537] INFO: gis (5/2021): Updated existing record with 19 non-zero financial metrics
[2025-03-22 01:38:18,562] INFO: gis (8/2021): Updated existing record with 18 non-zero financial metrics
[2025-03-22 01:38:18,588] INFO: gis (11/2021): Updated existing record with 13 non-zero financial metrics
[2025-03-22 01:38:18,613] INFO: gis (2/2022): Updated existing record with 13 non-zero financial metrics
[2025-03-22 01:38:18,639] INFO: gis (5/2022): Updated existing record with 19 non-zero financial metrics
[2025-03-22 01:38:18,664] INFO: gis (8/2022): Updated existing record with 18 non-zero financial metrics
[2025-03-22 01:38:18,691] INFO: gis (11/2022): Updated existing record with 13 non-zero financial metrics
[2025-03-22 01:38:18,717] INFO: gis (2/2023): Updated existing record with 13 non-zero financial metrics
[2025-03-22 01:38:18,746] INFO: gis (5/2023): Updated existing record with 19 non-zero financial metrics
[2025-03-22 01:38:18,771] INFO: gis (8/2023): Updated existing record with 18 non-zero financial metrics
[2025-03-22 01:38:18,797] INFO: gis (11/2023): Updated existing record with 13 non-zero financial metrics
[2025-03-22 01:38:18,822] INFO: gis (2/2024): Updated existing record with 13 non-zero financial metrics
[2025-03-22 01:38:18,847] INFO: gis (5/2024): Updated existing record with 19 non-zero financial metrics
[2025-03-22 01:38:18,873] INFO: gis (8/2024): Updated existing record with 18 non-zero financial metrics
[2025-03-22 01:38:18,898] INFO: gis (11/2024): Updated existing record with 13 non-zero financial metrics
[2025-03-22 01:38:18,912] INFO: Trying adjusted date: 3/2025 (original: 2/2025)
[2025-03-22 01:38:18,924] WARNING: gis (2/2025): No existing record found(2/2025, 2025-02-23) - creating new one
[2025-03-22 01:38:18,925] INFO: gis (2/2025): Created new record with 13 non-zero financial metrics
