[2025-03-22 04:06:33,987] INFO: Trying adjusted date: 4/2010 (original: 3/2010)
[2025-03-22 04:06:33,998] WARNING: glw (3/2010): No existing record found(3/2010, 2010-03-31) - creating new one
[2025-03-22 04:06:33,999] INFO: glw (3/2010): Created new record with 14 non-zero financial metrics
[2025-03-22 04:06:34,014] INFO: Trying adjusted date: 7/2010 (original: 6/2010)
[2025-03-22 04:06:34,027] WARNING: glw (6/2010): No existing record found(6/2010, 2010-06-30) - creating new one
[2025-03-22 04:06:34,027] INFO: glw (6/2010): Created new record with 12 non-zero financial metrics
[2025-03-22 04:06:34,041] INFO: Trying adjusted date: 10/2010 (original: 9/2010)
[2025-03-22 04:06:34,054] WARNING: glw (9/2010): No existing record found(9/2010, 2010-09-30) - creating new one
[2025-03-22 04:06:34,054] INFO: glw (9/2010): Created new record with 12 non-zero financial metrics
[2025-03-22 04:06:34,069] INFO: Trying adjusted date: 1/2011 (original: 12/2010)
[2025-03-22 04:06:34,081] WARNING: glw (12/2010): No existing record found(12/2010, 2010-12-31) - creating new one
[2025-03-22 04:06:34,083] INFO: glw (12/2010): Created new record with 17 non-zero financial metrics
[2025-03-22 04:06:34,097] INFO: Trying adjusted date: 4/2011 (original: 3/2011)
[2025-03-22 04:06:34,110] WARNING: glw (3/2011): No existing record found(3/2011, 2011-03-31) - creating new one
[2025-03-22 04:06:34,110] INFO: glw (3/2011): Created new record with 15 non-zero financial metrics
[2025-03-22 04:06:34,124] INFO: Trying adjusted date: 7/2011 (original: 6/2011)
[2025-03-22 04:06:34,137] WARNING: glw (6/2011): No existing record found(6/2011, 2011-06-30) - creating new one
[2025-03-22 04:06:34,137] INFO: glw (6/2011): Created new record with 13 non-zero financial metrics
[2025-03-22 04:06:34,151] INFO: Trying adjusted date: 10/2011 (original: 9/2011)
[2025-03-22 04:06:34,164] WARNING: glw (9/2011): No existing record found(9/2011, 2011-09-30) - creating new one
[2025-03-22 04:06:34,164] INFO: glw (9/2011): Created new record with 13 non-zero financial metrics
[2025-03-22 04:06:34,179] INFO: Trying adjusted date: 1/2012 (original: 12/2011)
[2025-03-22 04:06:34,192] WARNING: glw (12/2011): No existing record found(12/2011, 2011-12-31) - creating new one
[2025-03-22 04:06:34,193] INFO: glw (12/2011): Created new record with 18 non-zero financial metrics
[2025-03-22 04:06:34,209] INFO: Trying adjusted date: 4/2012 (original: 3/2012)
[2025-03-22 04:06:34,222] WARNING: glw (3/2012): No existing record found(3/2012, 2012-03-31) - creating new one
[2025-03-22 04:06:34,222] INFO: glw (3/2012): Created new record with 16 non-zero financial metrics
[2025-03-22 04:06:34,237] INFO: Trying adjusted date: 7/2012 (original: 6/2012)
[2025-03-22 04:06:34,249] WARNING: glw (6/2012): No existing record found(6/2012, 2012-06-30) - creating new one
[2025-03-22 04:06:34,250] INFO: glw (6/2012): Created new record with 13 non-zero financial metrics
[2025-03-22 04:06:34,276] INFO: glw (9/2012): Updated existing record with 13 non-zero financial metrics
[2025-03-22 04:06:34,303] INFO: glw (12/2012): Updated existing record with 18 non-zero financial metrics
[2025-03-22 04:06:34,329] INFO: glw (3/2013): Updated existing record with 17 non-zero financial metrics
[2025-03-22 04:06:34,358] INFO: glw (6/2013): Updated existing record with 15 non-zero financial metrics
[2025-03-22 04:06:34,385] INFO: glw (9/2013): Updated existing record with 15 non-zero financial metrics
[2025-03-22 04:06:34,412] INFO: glw (12/2013): Updated existing record with 17 non-zero financial metrics
[2025-03-22 04:06:34,438] INFO: glw (3/2014): Updated existing record with 16 non-zero financial metrics
[2025-03-22 04:06:34,464] INFO: glw (6/2014): Updated existing record with 13 non-zero financial metrics
[2025-03-22 04:06:34,490] INFO: glw (9/2014): Updated existing record with 13 non-zero financial metrics
[2025-03-22 04:06:34,517] INFO: glw (12/2014): Updated existing record with 17 non-zero financial metrics
[2025-03-22 04:06:34,543] INFO: glw (3/2015): Updated existing record with 16 non-zero financial metrics
[2025-03-22 04:06:34,570] INFO: glw (6/2015): Updated existing record with 13 non-zero financial metrics
[2025-03-22 04:06:34,595] INFO: glw (9/2015): Updated existing record with 13 non-zero financial metrics
[2025-03-22 04:06:34,622] INFO: glw (12/2015): Updated existing record with 17 non-zero financial metrics
[2025-03-22 04:06:34,648] INFO: glw (3/2016): Updated existing record with 16 non-zero financial metrics
[2025-03-22 04:06:34,674] INFO: glw (6/2016): Updated existing record with 14 non-zero financial metrics
[2025-03-22 04:06:34,700] INFO: glw (9/2016): Updated existing record with 13 non-zero financial metrics
[2025-03-22 04:06:34,726] INFO: glw (12/2016): Updated existing record with 17 non-zero financial metrics
[2025-03-22 04:06:34,752] INFO: glw (3/2017): Updated existing record with 14 non-zero financial metrics
[2025-03-22 04:06:34,778] INFO: glw (6/2017): Updated existing record with 13 non-zero financial metrics
[2025-03-22 04:06:34,806] INFO: glw (9/2017): Updated existing record with 13 non-zero financial metrics
[2025-03-22 04:06:34,833] INFO: glw (12/2017): Updated existing record with 18 non-zero financial metrics
[2025-03-22 04:06:34,860] INFO: glw (3/2018): Updated existing record with 19 non-zero financial metrics
[2025-03-22 04:06:34,887] INFO: glw (6/2018): Updated existing record with 15 non-zero financial metrics
[2025-03-22 04:06:34,913] INFO: glw (9/2018): Updated existing record with 15 non-zero financial metrics
[2025-03-22 04:06:34,940] INFO: glw (12/2018): Updated existing record with 19 non-zero financial metrics
[2025-03-22 04:06:34,966] INFO: glw (3/2019): Updated existing record with 18 non-zero financial metrics
[2025-03-22 04:06:34,992] INFO: glw (6/2019): Updated existing record with 14 non-zero financial metrics
[2025-03-22 04:06:35,019] INFO: glw (9/2019): Updated existing record with 14 non-zero financial metrics
[2025-03-22 04:06:35,045] INFO: glw (12/2019): Updated existing record with 18 non-zero financial metrics
[2025-03-22 04:06:35,075] INFO: glw (3/2020): Updated existing record with 18 non-zero financial metrics
[2025-03-22 04:06:35,102] INFO: glw (6/2020): Updated existing record with 14 non-zero financial metrics
[2025-03-22 04:06:35,127] INFO: glw (9/2020): Updated existing record with 14 non-zero financial metrics
[2025-03-22 04:06:35,155] INFO: glw (12/2020): Updated existing record with 18 non-zero financial metrics
[2025-03-22 04:06:35,170] ERROR: Invalid numeric value for Share Repurchases: 
[2025-03-22 04:06:35,170] ERROR: glw (3/2021): Invalid data types: Share Repurchases=
[2025-03-22 04:06:35,183] INFO: glw (3/2021): Updated existing record with 17 non-zero financial metrics
[2025-03-22 04:06:35,210] INFO: glw (6/2021): Updated existing record with 14 non-zero financial metrics
[2025-03-22 04:06:35,236] INFO: glw (9/2021): Updated existing record with 14 non-zero financial metrics
[2025-03-22 04:06:35,264] INFO: glw (12/2021): Updated existing record with 19 non-zero financial metrics
[2025-03-22 04:06:35,291] INFO: glw (3/2022): Updated existing record with 18 non-zero financial metrics
[2025-03-22 04:06:35,317] INFO: glw (6/2022): Updated existing record with 14 non-zero financial metrics
[2025-03-22 04:06:35,343] INFO: glw (9/2022): Updated existing record with 14 non-zero financial metrics
[2025-03-22 04:06:35,371] INFO: glw (12/2022): Updated existing record with 19 non-zero financial metrics
[2025-03-22 04:06:35,385] ERROR: Invalid numeric value for Share Repurchases: 
[2025-03-22 04:06:35,386] ERROR: glw (3/2023): Invalid data types: Share Repurchases=
[2025-03-22 04:06:35,399] INFO: glw (3/2023): Updated existing record with 16 non-zero financial metrics
[2025-03-22 04:06:35,426] INFO: glw (6/2023): Updated existing record with 13 non-zero financial metrics
[2025-03-22 04:06:35,451] INFO: glw (9/2023): Updated existing record with 13 non-zero financial metrics
[2025-03-22 04:06:35,466] ERROR: Invalid numeric value for Share Repurchases: 
[2025-03-22 04:06:35,466] ERROR: glw (12/2023): Invalid data types: Share Repurchases=
[2025-03-22 04:06:35,479] INFO: glw (12/2023): Updated existing record with 18 non-zero financial metrics
[2025-03-22 04:06:35,505] INFO: glw (3/2024): Updated existing record with 17 non-zero financial metrics
[2025-03-22 04:06:35,534] INFO: glw (6/2024): Updated existing record with 14 non-zero financial metrics
[2025-03-22 04:06:35,561] INFO: glw (9/2024): Updated existing record with 14 non-zero financial metrics
[2025-03-22 04:06:35,591] INFO: glw (12/2024): Updated existing record with 20 non-zero financial metrics
