[2025-03-22 14:00:40,690] INFO: gmed (9/2012): Updated existing record with 15 non-zero financial metrics
[2025-03-22 14:00:40,709] WARNING: gmed (12/2012): Found zero values for fields: Share Repurchases
[2025-03-22 14:00:40,724] INFO: gmed (12/2012): Updated existing record with 19 non-zero financial metrics
[2025-03-22 14:00:40,754] INFO: gmed (3/2013): Updated existing record with 19 non-zero financial metrics
[2025-03-22 14:00:40,785] INFO: gmed (6/2013): Updated existing record with 15 non-zero financial metrics
[2025-03-22 14:00:40,815] INFO: gmed (9/2013): Updated existing record with 15 non-zero financial metrics
[2025-03-22 14:00:40,831] WARNING: gmed (12/2013): Found zero values for fields: Share Repurchases
[2025-03-22 14:00:40,846] INFO: gmed (12/2013): Updated existing record with 19 non-zero financial metrics
[2025-03-22 14:00:40,876] INFO: gmed (3/2014): Updated existing record with 19 non-zero financial metrics
[2025-03-22 14:00:40,907] INFO: gmed (6/2014): Updated existing record with 15 non-zero financial metrics
[2025-03-22 14:00:40,938] INFO: gmed (9/2014): Updated existing record with 15 non-zero financial metrics
[2025-03-22 14:00:40,968] INFO: gmed (12/2014): Updated existing record with 19 non-zero financial metrics
[2025-03-22 14:00:40,998] INFO: gmed (3/2015): Updated existing record with 19 non-zero financial metrics
[2025-03-22 14:00:41,030] INFO: gmed (6/2015): Updated existing record with 15 non-zero financial metrics
[2025-03-22 14:00:41,061] INFO: gmed (9/2015): Updated existing record with 15 non-zero financial metrics
[2025-03-22 14:00:41,092] INFO: gmed (12/2015): Updated existing record with 19 non-zero financial metrics
[2025-03-22 14:00:41,122] INFO: gmed (3/2016): Updated existing record with 19 non-zero financial metrics
[2025-03-22 14:00:41,153] INFO: gmed (6/2016): Updated existing record with 15 non-zero financial metrics
[2025-03-22 14:00:41,183] INFO: gmed (9/2016): Updated existing record with 15 non-zero financial metrics
[2025-03-22 14:00:41,213] INFO: gmed (12/2016): Updated existing record with 19 non-zero financial metrics
[2025-03-22 14:00:41,244] INFO: gmed (3/2017): Updated existing record with 19 non-zero financial metrics
[2025-03-22 14:00:41,275] INFO: gmed (6/2017): Updated existing record with 15 non-zero financial metrics
[2025-03-22 14:00:41,304] INFO: gmed (9/2017): Updated existing record with 15 non-zero financial metrics
[2025-03-22 14:00:41,337] INFO: gmed (12/2017): Updated existing record with 19 non-zero financial metrics
[2025-03-22 14:00:41,370] INFO: gmed (3/2018): Updated existing record with 19 non-zero financial metrics
[2025-03-22 14:00:41,402] INFO: gmed (6/2018): Updated existing record with 15 non-zero financial metrics
[2025-03-22 14:00:41,433] INFO: gmed (9/2018): Updated existing record with 15 non-zero financial metrics
[2025-03-22 14:00:41,463] INFO: gmed (12/2018): Updated existing record with 19 non-zero financial metrics
[2025-03-22 14:00:41,493] INFO: gmed (3/2019): Updated existing record with 19 non-zero financial metrics
[2025-03-22 14:00:41,524] INFO: gmed (6/2019): Updated existing record with 15 non-zero financial metrics
[2025-03-22 14:00:41,554] INFO: gmed (9/2019): Updated existing record with 15 non-zero financial metrics
[2025-03-22 14:00:41,584] INFO: gmed (12/2019): Updated existing record with 19 non-zero financial metrics
[2025-03-22 14:00:41,614] INFO: gmed (3/2020): Updated existing record with 20 non-zero financial metrics
[2025-03-22 14:00:41,645] INFO: gmed (6/2020): Updated existing record with 15 non-zero financial metrics
[2025-03-22 14:00:41,678] INFO: gmed (9/2020): Updated existing record with 15 non-zero financial metrics
[2025-03-22 14:00:41,707] INFO: gmed (12/2020): Updated existing record with 19 non-zero financial metrics
[2025-03-22 14:00:41,736] INFO: gmed (3/2021): Updated existing record with 18 non-zero financial metrics
[2025-03-22 14:00:41,767] INFO: gmed (6/2021): Updated existing record with 14 non-zero financial metrics
[2025-03-22 14:00:41,798] INFO: gmed (9/2021): Updated existing record with 14 non-zero financial metrics
[2025-03-22 14:00:41,829] INFO: gmed (12/2021): Updated existing record with 18 non-zero financial metrics
[2025-03-22 14:00:41,860] INFO: gmed (3/2022): Updated existing record with 18 non-zero financial metrics
[2025-03-22 14:00:41,890] INFO: gmed (6/2022): Updated existing record with 14 non-zero financial metrics
[2025-03-22 14:00:41,921] INFO: gmed (9/2022): Updated existing record with 14 non-zero financial metrics
[2025-03-22 14:00:41,951] INFO: gmed (12/2022): Updated existing record with 19 non-zero financial metrics
[2025-03-22 14:00:41,982] INFO: gmed (3/2023): Updated existing record with 18 non-zero financial metrics
[2025-03-22 14:00:42,012] INFO: gmed (6/2023): Updated existing record with 14 non-zero financial metrics
[2025-03-22 14:00:42,042] INFO: gmed (9/2023): Updated existing record with 14 non-zero financial metrics
[2025-03-22 14:00:42,072] INFO: gmed (12/2023): Updated existing record with 19 non-zero financial metrics
[2025-03-22 14:00:42,103] INFO: gmed (3/2024): Updated existing record with 19 non-zero financial metrics
[2025-03-22 14:00:42,134] INFO: gmed (6/2024): Updated existing record with 15 non-zero financial metrics
[2025-03-22 14:00:42,164] INFO: gmed (9/2024): Updated existing record with 14 non-zero financial metrics
[2025-03-22 14:00:42,183] INFO: Trying adjusted date: 1/2025 (original: 12/2024)
[2025-03-22 14:00:42,198] WARNING: gmed (12/2024): No existing record found(12/2024, 2024-12-31) - creating new one
[2025-03-22 14:00:42,198] INFO: gmed (12/2024): Created new record with 19 non-zero financial metrics
