[2025-03-22 08:09:03,307] INFO: Trying adjusted date: 7/2011 (original: 6/2011)
[2025-03-22 08:09:03,320] WARNING: gnrc (6/2011): No existing record found(6/2011, 2011-06-30) - creating new one
[2025-03-22 08:09:03,321] INFO: gnrc (6/2011): Created new record with 17 non-zero financial metrics
[2025-03-22 08:09:03,338] INFO: Trying adjusted date: 10/2011 (original: 9/2011)
[2025-03-22 08:09:03,352] WARNING: gnrc (9/2011): No existing record found(9/2011, 2011-09-30) - creating new one
[2025-03-22 08:09:03,353] INFO: gnrc (9/2011): Created new record with 16 non-zero financial metrics
[2025-03-22 08:09:03,368] INFO: Trying adjusted date: 1/2012 (original: 12/2011)
[2025-03-22 08:09:03,382] WARNING: gnrc (12/2011): No existing record found(12/2011, 2011-12-31) - creating new one
[2025-03-22 08:09:03,383] INFO: gnrc (12/2011): Created new record with 20 non-zero financial metrics
[2025-03-22 08:09:03,399] INFO: Trying adjusted date: 4/2012 (original: 3/2012)
[2025-03-22 08:09:03,413] WARNING: gnrc (3/2012): No existing record found(3/2012, 2012-03-31) - creating new one
[2025-03-22 08:09:03,413] INFO: gnrc (3/2012): Created new record with 21 non-zero financial metrics
[2025-03-22 08:09:03,429] INFO: Trying adjusted date: 7/2012 (original: 6/2012)
[2025-03-22 08:09:03,442] WARNING: gnrc (6/2012): No existing record found(6/2012, 2012-06-30) - creating new one
[2025-03-22 08:09:03,443] INFO: gnrc (6/2012): Created new record with 17 non-zero financial metrics
[2025-03-22 08:09:03,471] INFO: gnrc (12/2012): Updated existing record with 21 non-zero financial metrics
[2025-03-22 08:09:03,499] INFO: gnrc (3/2013): Updated existing record with 22 non-zero financial metrics
[2025-03-22 08:09:03,527] INFO: gnrc (6/2013): Updated existing record with 18 non-zero financial metrics
[2025-03-22 08:09:03,555] INFO: gnrc (9/2013): Updated existing record with 17 non-zero financial metrics
[2025-03-22 08:09:03,582] INFO: gnrc (12/2013): Updated existing record with 22 non-zero financial metrics
[2025-03-22 08:09:03,610] INFO: gnrc (3/2014): Updated existing record with 21 non-zero financial metrics
[2025-03-22 08:09:03,638] INFO: gnrc (6/2014): Updated existing record with 19 non-zero financial metrics
[2025-03-22 08:09:03,668] INFO: gnrc (9/2014): Updated existing record with 19 non-zero financial metrics
[2025-03-22 08:09:03,695] INFO: gnrc (12/2014): Updated existing record with 23 non-zero financial metrics
[2025-03-22 08:09:03,723] INFO: gnrc (3/2015): Updated existing record with 23 non-zero financial metrics
[2025-03-22 08:09:03,750] INFO: gnrc (6/2015): Updated existing record with 19 non-zero financial metrics
[2025-03-22 08:09:03,779] INFO: gnrc (9/2015): Updated existing record with 20 non-zero financial metrics
[2025-03-22 08:09:03,808] INFO: gnrc (12/2015): Updated existing record with 24 non-zero financial metrics
[2025-03-22 08:09:03,836] INFO: gnrc (3/2016): Updated existing record with 22 non-zero financial metrics
[2025-03-22 08:09:03,864] INFO: gnrc (6/2016): Updated existing record with 19 non-zero financial metrics
[2025-03-22 08:09:03,892] INFO: gnrc (9/2016): Updated existing record with 19 non-zero financial metrics
[2025-03-22 08:09:03,920] INFO: gnrc (12/2016): Updated existing record with 24 non-zero financial metrics
[2025-03-22 08:09:03,949] INFO: gnrc (3/2017): Updated existing record with 22 non-zero financial metrics
[2025-03-22 08:09:03,978] INFO: gnrc (6/2017): Updated existing record with 19 non-zero financial metrics
[2025-03-22 08:09:04,006] INFO: gnrc (9/2017): Updated existing record with 18 non-zero financial metrics
[2025-03-22 08:09:04,035] INFO: gnrc (12/2017): Updated existing record with 23 non-zero financial metrics
[2025-03-22 08:09:04,062] INFO: gnrc (3/2018): Updated existing record with 24 non-zero financial metrics
[2025-03-22 08:09:04,092] INFO: gnrc (6/2018): Updated existing record with 20 non-zero financial metrics
[2025-03-22 08:09:04,119] INFO: gnrc (9/2018): Updated existing record with 20 non-zero financial metrics
[2025-03-22 08:09:04,147] INFO: gnrc (12/2018): Updated existing record with 25 non-zero financial metrics
[2025-03-22 08:09:04,162] ERROR: Invalid numeric value for Share Repurchases: 
[2025-03-22 08:09:04,163] ERROR: gnrc (3/2019): Invalid data types: Share Repurchases=
[2025-03-22 08:09:04,176] INFO: gnrc (3/2019): Updated existing record with 22 non-zero financial metrics
[2025-03-22 08:09:04,204] INFO: gnrc (6/2019): Updated existing record with 19 non-zero financial metrics
[2025-03-22 08:09:04,233] INFO: gnrc (9/2019): Updated existing record with 19 non-zero financial metrics
[2025-03-22 08:09:04,250] WARNING: gnrc (12/2019): Found zero values for fields: Share Repurchases
[2025-03-22 08:09:04,264] INFO: gnrc (12/2019): Updated existing record with 24 non-zero financial metrics
[2025-03-22 08:09:04,292] INFO: gnrc (3/2020): Updated existing record with 24 non-zero financial metrics
[2025-03-22 08:09:04,320] INFO: gnrc (6/2020): Updated existing record with 20 non-zero financial metrics
[2025-03-22 08:09:04,350] INFO: gnrc (9/2020): Updated existing record with 20 non-zero financial metrics
[2025-03-22 08:09:04,365] WARNING: gnrc (12/2020): Found zero values for fields: Share Repurchases
[2025-03-22 08:09:04,381] INFO: gnrc (12/2020): Updated existing record with 25 non-zero financial metrics
[2025-03-22 08:09:04,410] INFO: gnrc (3/2021): Updated existing record with 23 non-zero financial metrics
[2025-03-22 08:09:04,439] INFO: gnrc (6/2021): Updated existing record with 19 non-zero financial metrics
[2025-03-22 08:09:04,468] INFO: gnrc (9/2021): Updated existing record with 19 non-zero financial metrics
[2025-03-22 08:09:04,497] INFO: gnrc (12/2021): Updated existing record with 26 non-zero financial metrics
[2025-03-22 08:09:04,525] INFO: gnrc (3/2022): Updated existing record with 23 non-zero financial metrics
[2025-03-22 08:09:04,553] INFO: gnrc (6/2022): Updated existing record with 19 non-zero financial metrics
[2025-03-22 08:09:04,581] INFO: gnrc (9/2022): Updated existing record with 20 non-zero financial metrics
[2025-03-22 08:09:04,609] INFO: gnrc (12/2022): Updated existing record with 26 non-zero financial metrics
[2025-03-22 08:09:04,637] INFO: gnrc (3/2023): Updated existing record with 24 non-zero financial metrics
[2025-03-22 08:09:04,664] INFO: gnrc (6/2023): Updated existing record with 20 non-zero financial metrics
[2025-03-22 08:09:04,695] INFO: gnrc (9/2023): Updated existing record with 20 non-zero financial metrics
[2025-03-22 08:09:04,724] INFO: gnrc (12/2023): Updated existing record with 26 non-zero financial metrics
[2025-03-22 08:09:04,751] INFO: gnrc (3/2024): Updated existing record with 23 non-zero financial metrics
[2025-03-22 08:09:04,781] INFO: gnrc (6/2024): Updated existing record with 19 non-zero financial metrics
[2025-03-22 08:09:04,811] INFO: gnrc (9/2024): Updated existing record with 19 non-zero financial metrics
[2025-03-22 08:09:04,826] INFO: Trying adjusted date: 1/2025 (original: 12/2024)
[2025-03-22 08:09:04,840] WARNING: gnrc (12/2024): No existing record found(12/2024, 2024-12-31) - creating new one
[2025-03-22 08:09:04,840] INFO: gnrc (12/2024): Created new record with 26 non-zero financial metrics
