[2025-03-22 05:15:06,287] INFO: Trying adjusted date: 4/2010 (original: 3/2010)
[2025-03-22 05:15:06,300] WARNING: gpc (3/2010): No existing record found(3/2010, 2010-03-31) - creating new one
[2025-03-22 05:15:06,300] INFO: gpc (3/2010): Created new record with 14 non-zero financial metrics
[2025-03-22 05:15:06,314] INFO: Trying adjusted date: 7/2010 (original: 6/2010)
[2025-03-22 05:15:06,328] WARNING: gpc (6/2010): No existing record found(6/2010, 2010-06-30) - creating new one
[2025-03-22 05:15:06,328] INFO: gpc (6/2010): Created new record with 10 non-zero financial metrics
[2025-03-22 05:15:06,342] INFO: Trying adjusted date: 10/2010 (original: 9/2010)
[2025-03-22 05:15:06,355] WARNING: gpc (9/2010): No existing record found(9/2010, 2010-09-30) - creating new one
[2025-03-22 05:15:06,356] INFO: gpc (9/2010): Created new record with 9 non-zero financial metrics
[2025-03-22 05:15:06,370] INFO: Trying adjusted date: 1/2011 (original: 12/2010)
[2025-03-22 05:15:06,382] WARNING: gpc (12/2010): No existing record found(12/2010, 2010-12-31) - creating new one
[2025-03-22 05:15:06,383] INFO: gpc (12/2010): Created new record with 16 non-zero financial metrics
[2025-03-22 05:15:06,397] INFO: Trying adjusted date: 4/2011 (original: 3/2011)
[2025-03-22 05:15:06,410] WARNING: gpc (3/2011): No existing record found(3/2011, 2011-03-31) - creating new one
[2025-03-22 05:15:06,410] INFO: gpc (3/2011): Created new record with 14 non-zero financial metrics
[2025-03-22 05:15:06,425] INFO: Trying adjusted date: 7/2011 (original: 6/2011)
[2025-03-22 05:15:06,438] WARNING: gpc (6/2011): No existing record found(6/2011, 2011-06-30) - creating new one
[2025-03-22 05:15:06,438] INFO: gpc (6/2011): Created new record with 9 non-zero financial metrics
[2025-03-22 05:15:06,452] INFO: Trying adjusted date: 10/2011 (original: 9/2011)
[2025-03-22 05:15:06,465] WARNING: gpc (9/2011): No existing record found(9/2011, 2011-09-30) - creating new one
[2025-03-22 05:15:06,465] INFO: gpc (9/2011): Created new record with 10 non-zero financial metrics
[2025-03-22 05:15:06,479] INFO: Trying adjusted date: 1/2012 (original: 12/2011)
[2025-03-22 05:15:06,492] WARNING: gpc (12/2011): No existing record found(12/2011, 2011-12-31) - creating new one
[2025-03-22 05:15:06,492] INFO: gpc (12/2011): Created new record with 17 non-zero financial metrics
[2025-03-22 05:15:06,507] INFO: Trying adjusted date: 4/2012 (original: 3/2012)
[2025-03-22 05:15:06,519] WARNING: gpc (3/2012): No existing record found(3/2012, 2012-03-31) - creating new one
[2025-03-22 05:15:06,520] INFO: gpc (3/2012): Created new record with 15 non-zero financial metrics
[2025-03-22 05:15:06,534] INFO: Trying adjusted date: 7/2012 (original: 6/2012)
[2025-03-22 05:15:06,547] WARNING: gpc (6/2012): No existing record found(6/2012, 2012-06-30) - creating new one
[2025-03-22 05:15:06,548] INFO: gpc (6/2012): Created new record with 10 non-zero financial metrics
[2025-03-22 05:15:06,574] INFO: gpc (9/2012): Updated existing record with 10 non-zero financial metrics
[2025-03-22 05:15:06,601] INFO: gpc (12/2012): Updated existing record with 17 non-zero financial metrics
[2025-03-22 05:15:06,628] INFO: gpc (3/2013): Updated existing record with 15 non-zero financial metrics
[2025-03-22 05:15:06,654] INFO: gpc (6/2013): Updated existing record with 10 non-zero financial metrics
[2025-03-22 05:15:06,680] INFO: gpc (9/2013): Updated existing record with 10 non-zero financial metrics
[2025-03-22 05:15:06,708] INFO: gpc (12/2013): Updated existing record with 17 non-zero financial metrics
[2025-03-22 05:15:06,734] INFO: gpc (3/2014): Updated existing record with 16 non-zero financial metrics
[2025-03-22 05:15:06,763] INFO: gpc (6/2014): Updated existing record with 11 non-zero financial metrics
[2025-03-22 05:15:06,790] INFO: gpc (9/2014): Updated existing record with 11 non-zero financial metrics
[2025-03-22 05:15:06,816] INFO: gpc (12/2014): Updated existing record with 14 non-zero financial metrics
[2025-03-22 05:15:06,843] INFO: gpc (3/2015): Updated existing record with 13 non-zero financial metrics
[2025-03-22 05:15:06,868] INFO: gpc (6/2015): Updated existing record with 11 non-zero financial metrics
[2025-03-22 05:15:06,895] INFO: gpc (9/2015): Updated existing record with 11 non-zero financial metrics
[2025-03-22 05:15:06,926] INFO: gpc (12/2015): Updated existing record with 15 non-zero financial metrics
[2025-03-22 05:15:06,952] INFO: gpc (3/2016): Updated existing record with 14 non-zero financial metrics
[2025-03-22 05:15:06,979] INFO: gpc (6/2016): Updated existing record with 10 non-zero financial metrics
[2025-03-22 05:15:07,005] INFO: gpc (9/2016): Updated existing record with 10 non-zero financial metrics
[2025-03-22 05:15:07,032] INFO: gpc (12/2016): Updated existing record with 15 non-zero financial metrics
[2025-03-22 05:15:07,060] INFO: gpc (3/2017): Updated existing record with 12 non-zero financial metrics
[2025-03-22 05:15:07,087] INFO: gpc (6/2017): Updated existing record with 10 non-zero financial metrics
[2025-03-22 05:15:07,114] INFO: gpc (9/2017): Updated existing record with 10 non-zero financial metrics
[2025-03-22 05:15:07,142] INFO: gpc (12/2017): Updated existing record with 15 non-zero financial metrics
[2025-03-22 05:15:07,157] WARNING: gpc (3/2018): Found zero values for fields: Share Repurchases
[2025-03-22 05:15:07,170] INFO: gpc (3/2018): Updated existing record with 13 non-zero financial metrics
[2025-03-22 05:15:07,196] INFO: gpc (6/2018): Updated existing record with 12 non-zero financial metrics
[2025-03-22 05:15:07,223] INFO: gpc (9/2018): Updated existing record with 12 non-zero financial metrics
[2025-03-22 05:15:07,249] INFO: gpc (12/2018): Updated existing record with 19 non-zero financial metrics
[2025-03-22 05:15:07,275] INFO: gpc (3/2019): Updated existing record with 16 non-zero financial metrics
[2025-03-22 05:15:07,303] INFO: gpc (6/2019): Updated existing record with 12 non-zero financial metrics
[2025-03-22 05:15:07,329] INFO: gpc (9/2019): Updated existing record with 12 non-zero financial metrics
[2025-03-22 05:15:07,357] INFO: gpc (12/2019): Updated existing record with 17 non-zero financial metrics
[2025-03-22 05:15:07,385] INFO: gpc (3/2020): Updated existing record with 17 non-zero financial metrics
[2025-03-22 05:15:07,412] INFO: gpc (6/2020): Updated existing record with 11 non-zero financial metrics
[2025-03-22 05:15:07,439] INFO: gpc (9/2020): Updated existing record with 12 non-zero financial metrics
[2025-03-22 05:15:07,465] INFO: gpc (12/2020): Updated existing record with 14 non-zero financial metrics
[2025-03-22 05:15:07,480] WARNING: gpc (3/2021): Found zero values for fields: Share Repurchases
[2025-03-22 05:15:07,493] INFO: gpc (3/2021): Updated existing record with 12 non-zero financial metrics
[2025-03-22 05:15:07,520] INFO: gpc (6/2021): Updated existing record with 11 non-zero financial metrics
[2025-03-22 05:15:07,546] INFO: gpc (9/2021): Updated existing record with 11 non-zero financial metrics
[2025-03-22 05:15:07,573] INFO: gpc (12/2021): Updated existing record with 14 non-zero financial metrics
[2025-03-22 05:15:07,600] INFO: gpc (3/2022): Updated existing record with 16 non-zero financial metrics
[2025-03-22 05:15:07,627] INFO: gpc (6/2022): Updated existing record with 11 non-zero financial metrics
[2025-03-22 05:15:07,653] INFO: gpc (9/2022): Updated existing record with 11 non-zero financial metrics
[2025-03-22 05:15:07,680] INFO: gpc (12/2022): Updated existing record with 14 non-zero financial metrics
[2025-03-22 05:15:07,707] INFO: gpc (3/2023): Updated existing record with 16 non-zero financial metrics
[2025-03-22 05:15:07,733] INFO: gpc (6/2023): Updated existing record with 11 non-zero financial metrics
[2025-03-22 05:15:07,760] INFO: gpc (9/2023): Updated existing record with 11 non-zero financial metrics
[2025-03-22 05:15:07,786] INFO: gpc (12/2023): Updated existing record with 17 non-zero financial metrics
[2025-03-22 05:15:07,812] INFO: gpc (3/2024): Updated existing record with 16 non-zero financial metrics
[2025-03-22 05:15:07,839] INFO: gpc (6/2024): Updated existing record with 10 non-zero financial metrics
[2025-03-22 05:15:07,865] INFO: gpc (9/2024): Updated existing record with 10 non-zero financial metrics
[2025-03-22 05:15:07,880] INFO: Trying adjusted date: 1/2025 (original: 12/2024)
[2025-03-22 05:15:07,894] WARNING: gpc (12/2024): No existing record found(12/2024, 2024-12-31) - creating new one
[2025-03-22 05:15:07,895] INFO: gpc (12/2024): Created new record with 16 non-zero financial metrics
