[2025-03-22 12:17:30,389] INFO: Trying adjusted date: 7/2010 (original: 6/2010)
[2025-03-22 12:17:30,402] WARNING: gtls (6/2010): No existing record found(6/2010, 2010-06-30) - creating new one
[2025-03-22 12:17:30,402] INFO: gtls (6/2010): Created new record with 13 non-zero financial metrics
[2025-03-22 12:17:30,418] INFO: Trying adjusted date: 10/2010 (original: 9/2010)
[2025-03-22 12:17:30,432] WARNING: gtls (9/2010): No existing record found(9/2010, 2010-09-30) - creating new one
[2025-03-22 12:17:30,432] INFO: gtls (9/2010): Created new record with 13 non-zero financial metrics
[2025-03-22 12:17:30,448] INFO: Trying adjusted date: 1/2011 (original: 12/2010)
[2025-03-22 12:17:30,463] WARNING: gtls (12/2010): No existing record found(12/2010, 2010-12-31) - creating new one
[2025-03-22 12:17:30,464] INFO: gtls (12/2010): Created new record with 17 non-zero financial metrics
[2025-03-22 12:17:30,479] INFO: Trying adjusted date: 4/2011 (original: 3/2011)
[2025-03-22 12:17:30,493] WARNING: gtls (3/2011): No existing record found(3/2011, 2011-03-31) - creating new one
[2025-03-22 12:17:30,494] INFO: gtls (3/2011): Created new record with 17 non-zero financial metrics
[2025-03-22 12:17:30,510] INFO: Trying adjusted date: 7/2011 (original: 6/2011)
[2025-03-22 12:17:30,523] WARNING: gtls (6/2011): No existing record found(6/2011, 2011-06-30) - creating new one
[2025-03-22 12:17:30,524] INFO: gtls (6/2011): Created new record with 13 non-zero financial metrics
[2025-03-22 12:17:30,539] INFO: Trying adjusted date: 10/2011 (original: 9/2011)
[2025-03-22 12:17:30,553] WARNING: gtls (9/2011): No existing record found(9/2011, 2011-09-30) - creating new one
[2025-03-22 12:17:30,553] INFO: gtls (9/2011): Created new record with 13 non-zero financial metrics
[2025-03-22 12:17:30,569] INFO: Trying adjusted date: 4/2012 (original: 3/2012)
[2025-03-22 12:17:30,584] WARNING: gtls (3/2012): No existing record found(3/2012, 2012-03-31) - creating new one
[2025-03-22 12:17:30,585] INFO: gtls (3/2012): Created new record with 18 non-zero financial metrics
[2025-03-22 12:17:30,601] INFO: Trying adjusted date: 7/2012 (original: 6/2012)
[2025-03-22 12:17:30,616] WARNING: gtls (6/2012): No existing record found(6/2012, 2012-06-30) - creating new one
[2025-03-22 12:17:30,617] INFO: gtls (6/2012): Created new record with 13 non-zero financial metrics
[2025-03-22 12:17:30,645] INFO: gtls (9/2012): Updated existing record with 13 non-zero financial metrics
[2025-03-22 12:17:30,676] INFO: gtls (12/2012): Updated existing record with 19 non-zero financial metrics
[2025-03-22 12:17:30,706] INFO: gtls (3/2013): Updated existing record with 18 non-zero financial metrics
[2025-03-22 12:17:30,735] INFO: gtls (6/2013): Updated existing record with 14 non-zero financial metrics
[2025-03-22 12:17:30,765] INFO: gtls (9/2013): Updated existing record with 14 non-zero financial metrics
[2025-03-22 12:17:30,796] INFO: gtls (12/2013): Updated existing record with 20 non-zero financial metrics
[2025-03-22 12:17:30,827] INFO: gtls (3/2014): Updated existing record with 19 non-zero financial metrics
[2025-03-22 12:17:30,856] INFO: gtls (6/2014): Updated existing record with 14 non-zero financial metrics
[2025-03-22 12:17:30,885] INFO: gtls (9/2014): Updated existing record with 14 non-zero financial metrics
[2025-03-22 12:17:30,915] INFO: gtls (12/2014): Updated existing record with 20 non-zero financial metrics
[2025-03-22 12:17:30,944] INFO: gtls (3/2015): Updated existing record with 19 non-zero financial metrics
[2025-03-22 12:17:30,974] INFO: gtls (6/2015): Updated existing record with 14 non-zero financial metrics
[2025-03-22 12:17:31,005] INFO: gtls (9/2015): Updated existing record with 14 non-zero financial metrics
[2025-03-22 12:17:31,035] INFO: gtls (12/2015): Updated existing record with 20 non-zero financial metrics
[2025-03-22 12:17:31,051] INFO: Trying adjusted date: 4/2016 (original: 3/2016)
[2025-03-22 12:17:31,066] WARNING: gtls (3/2016): No existing record found(3/2016, 2016-03-31) - creating new one
[2025-03-22 12:17:31,066] INFO: gtls (3/2016): Created new record with 19 non-zero financial metrics
[2025-03-22 12:17:31,096] INFO: gtls (6/2016): Updated existing record with 14 non-zero financial metrics
[2025-03-22 12:17:31,126] INFO: gtls (9/2016): Updated existing record with 14 non-zero financial metrics
[2025-03-22 12:17:31,155] INFO: gtls (12/2016): Updated existing record with 20 non-zero financial metrics
[2025-03-22 12:17:31,186] INFO: gtls (3/2017): Updated existing record with 19 non-zero financial metrics
[2025-03-22 12:17:31,216] INFO: gtls (6/2017): Updated existing record with 14 non-zero financial metrics
[2025-03-22 12:17:31,247] INFO: gtls (9/2017): Updated existing record with 14 non-zero financial metrics
[2025-03-22 12:17:31,277] INFO: gtls (12/2017): Updated existing record with 20 non-zero financial metrics
[2025-03-22 12:17:31,306] INFO: gtls (3/2018): Updated existing record with 20 non-zero financial metrics
[2025-03-22 12:17:31,335] INFO: gtls (6/2018): Updated existing record with 15 non-zero financial metrics
[2025-03-22 12:17:31,366] INFO: gtls (9/2018): Updated existing record with 16 non-zero financial metrics
[2025-03-22 12:17:31,400] INFO: gtls (12/2018): Updated existing record with 22 non-zero financial metrics
[2025-03-22 12:17:31,429] INFO: gtls (3/2019): Updated existing record with 18 non-zero financial metrics
[2025-03-22 12:17:31,460] INFO: gtls (6/2019): Updated existing record with 13 non-zero financial metrics
[2025-03-22 12:17:31,490] INFO: gtls (9/2019): Updated existing record with 13 non-zero financial metrics
[2025-03-22 12:17:31,519] INFO: gtls (12/2019): Updated existing record with 21 non-zero financial metrics
[2025-03-22 12:17:31,551] INFO: gtls (3/2020): Updated existing record with 19 non-zero financial metrics
[2025-03-22 12:17:31,581] INFO: gtls (6/2020): Updated existing record with 15 non-zero financial metrics
[2025-03-22 12:17:31,611] INFO: gtls (9/2020): Updated existing record with 15 non-zero financial metrics
[2025-03-22 12:17:31,640] INFO: gtls (12/2020): Updated existing record with 21 non-zero financial metrics
[2025-03-22 12:17:31,657] WARNING: gtls (3/2021): Found zero values for fields: Share Repurchases
[2025-03-22 12:17:31,671] INFO: gtls (3/2021): Updated existing record with 19 non-zero financial metrics
[2025-03-22 12:17:31,701] INFO: gtls (6/2021): Updated existing record with 15 non-zero financial metrics
[2025-03-22 12:17:31,730] INFO: gtls (9/2021): Updated existing record with 15 non-zero financial metrics
[2025-03-22 12:17:31,746] WARNING: gtls (12/2021): Found zero values for fields: Share Repurchases
[2025-03-22 12:17:31,760] INFO: gtls (12/2021): Updated existing record with 21 non-zero financial metrics
[2025-03-22 12:17:31,790] INFO: gtls (3/2022): Updated existing record with 19 non-zero financial metrics
[2025-03-22 12:17:31,820] INFO: gtls (6/2022): Updated existing record with 15 non-zero financial metrics
[2025-03-22 12:17:31,849] INFO: gtls (9/2022): Updated existing record with 15 non-zero financial metrics
[2025-03-22 12:17:31,866] WARNING: gtls (12/2022): Found zero values for fields: Share Repurchases
[2025-03-22 12:17:31,880] INFO: gtls (12/2022): Updated existing record with 21 non-zero financial metrics
[2025-03-22 12:17:31,909] INFO: gtls (3/2023): Updated existing record with 19 non-zero financial metrics
[2025-03-22 12:17:31,938] INFO: gtls (6/2023): Updated existing record with 15 non-zero financial metrics
[2025-03-22 12:17:31,967] INFO: gtls (9/2023): Updated existing record with 15 non-zero financial metrics
[2025-03-22 12:17:31,998] INFO: gtls (12/2023): Updated existing record with 21 non-zero financial metrics
[2025-03-22 12:17:32,030] INFO: gtls (3/2024): Updated existing record with 19 non-zero financial metrics
[2025-03-22 12:17:32,060] INFO: gtls (6/2024): Updated existing record with 14 non-zero financial metrics
[2025-03-22 12:17:32,089] INFO: gtls (9/2024): Updated existing record with 14 non-zero financial metrics
[2025-03-22 12:17:32,106] INFO: Trying adjusted date: 1/2025 (original: 12/2024)
[2025-03-22 12:17:32,120] WARNING: gtls (12/2024): No existing record found(12/2024, 2024-12-31) - creating new one
[2025-03-22 12:17:32,121] INFO: gtls (12/2024): Created new record with 20 non-zero financial metrics
