[2025-03-22 09:45:59,638] INFO: Trying adjusted date: 7/2011 (original: 6/2011)
[2025-03-22 09:45:59,650] WARNING: h (6/2011): No existing record found(6/2011, 2011-06-30) - creating new one
[2025-03-22 09:45:59,651] INFO: h (6/2011): Created new record with 11 non-zero financial metrics
[2025-03-22 09:45:59,666] INFO: Trying adjusted date: 10/2011 (original: 9/2011)
[2025-03-22 09:45:59,680] WARNING: h (9/2011): No existing record found(9/2011, 2011-09-30) - creating new one
[2025-03-22 09:45:59,681] INFO: h (9/2011): Created new record with 11 non-zero financial metrics
[2025-03-22 09:45:59,696] INFO: Trying adjusted date: 1/2012 (original: 12/2011)
[2025-03-22 09:45:59,708] WARNING: h (12/2011): No existing record found(12/2011, 2011-12-31) - creating new one
[2025-03-22 09:45:59,709] INFO: h (12/2011): Created new record with 14 non-zero financial metrics
[2025-03-22 09:45:59,724] INFO: Trying adjusted date: 4/2012 (original: 3/2012)
[2025-03-22 09:45:59,737] WARNING: h (3/2012): No existing record found(3/2012, 2012-03-31) - creating new one
[2025-03-22 09:45:59,738] INFO: h (3/2012): Created new record with 12 non-zero financial metrics
[2025-03-22 09:45:59,752] INFO: Trying adjusted date: 7/2012 (original: 6/2012)
[2025-03-22 09:45:59,765] WARNING: h (6/2012): No existing record found(6/2012, 2012-06-30) - creating new one
[2025-03-22 09:45:59,765] INFO: h (6/2012): Created new record with 11 non-zero financial metrics
[2025-03-22 09:45:59,793] INFO: h (9/2012): Updated existing record with 11 non-zero financial metrics
[2025-03-22 09:45:59,821] INFO: h (12/2012): Updated existing record with 14 non-zero financial metrics
[2025-03-22 09:45:59,849] INFO: h (3/2013): Updated existing record with 13 non-zero financial metrics
[2025-03-22 09:45:59,876] INFO: h (6/2013): Updated existing record with 11 non-zero financial metrics
[2025-03-22 09:45:59,903] INFO: h (9/2013): Updated existing record with 11 non-zero financial metrics
[2025-03-22 09:45:59,932] INFO: h (12/2013): Updated existing record with 17 non-zero financial metrics
[2025-03-22 09:45:59,960] INFO: h (3/2014): Updated existing record with 13 non-zero financial metrics
[2025-03-22 09:45:59,987] INFO: h (6/2014): Updated existing record with 11 non-zero financial metrics
[2025-03-22 09:46:00,016] INFO: h (9/2014): Updated existing record with 11 non-zero financial metrics
[2025-03-22 09:46:00,043] INFO: h (12/2014): Updated existing record with 14 non-zero financial metrics
[2025-03-22 09:46:00,072] INFO: h (3/2015): Updated existing record with 13 non-zero financial metrics
[2025-03-22 09:46:00,100] INFO: h (6/2015): Updated existing record with 11 non-zero financial metrics
[2025-03-22 09:46:00,129] INFO: h (9/2015): Updated existing record with 11 non-zero financial metrics
[2025-03-22 09:46:00,155] INFO: h (12/2015): Updated existing record with 14 non-zero financial metrics
[2025-03-22 09:46:00,184] INFO: h (3/2016): Updated existing record with 14 non-zero financial metrics
[2025-03-22 09:46:00,212] INFO: h (6/2016): Updated existing record with 12 non-zero financial metrics
[2025-03-22 09:46:00,240] INFO: h (9/2016): Updated existing record with 12 non-zero financial metrics
[2025-03-22 09:46:00,267] INFO: h (12/2016): Updated existing record with 14 non-zero financial metrics
[2025-03-22 09:46:00,294] INFO: h (3/2017): Updated existing record with 14 non-zero financial metrics
[2025-03-22 09:46:00,323] INFO: h (6/2017): Updated existing record with 11 non-zero financial metrics
[2025-03-22 09:46:00,351] INFO: h (9/2017): Updated existing record with 11 non-zero financial metrics
[2025-03-22 09:46:00,378] INFO: h (12/2017): Updated existing record with 16 non-zero financial metrics
[2025-03-22 09:46:00,405] INFO: h (3/2018): Updated existing record with 17 non-zero financial metrics
[2025-03-22 09:46:00,435] INFO: h (6/2018): Updated existing record with 12 non-zero financial metrics
[2025-03-22 09:46:00,463] INFO: h (9/2018): Updated existing record with 12 non-zero financial metrics
[2025-03-22 09:46:00,490] INFO: h (12/2018): Updated existing record with 17 non-zero financial metrics
[2025-03-22 09:46:00,518] INFO: h (3/2019): Updated existing record with 17 non-zero financial metrics
[2025-03-22 09:46:00,545] INFO: h (6/2019): Updated existing record with 12 non-zero financial metrics
[2025-03-22 09:46:00,572] INFO: h (9/2019): Updated existing record with 12 non-zero financial metrics
[2025-03-22 09:46:00,601] INFO: h (12/2019): Updated existing record with 17 non-zero financial metrics
[2025-03-22 09:46:00,630] INFO: h (3/2020): Updated existing record with 17 non-zero financial metrics
[2025-03-22 09:46:00,659] INFO: h (6/2020): Updated existing record with 12 non-zero financial metrics
[2025-03-22 09:46:00,687] INFO: h (9/2020): Updated existing record with 12 non-zero financial metrics
[2025-03-22 09:46:00,715] INFO: h (12/2020): Updated existing record with 18 non-zero financial metrics
[2025-03-22 09:46:00,730] WARNING: h (3/2021): Found zero values for fields: Share Repurchases
[2025-03-22 09:46:00,743] INFO: h (3/2021): Updated existing record with 17 non-zero financial metrics
[2025-03-22 09:46:00,771] INFO: h (6/2021): Updated existing record with 13 non-zero financial metrics
[2025-03-22 09:46:00,800] INFO: h (9/2021): Updated existing record with 13 non-zero financial metrics
[2025-03-22 09:46:00,816] INFO: Trying adjusted date: 1/2022 (original: 12/2021)
[2025-03-22 09:46:00,830] WARNING: h (12/2021): Found zero values for fields: Share Repurchases
[2025-03-22 09:46:00,830] WARNING: h (12/2021): No existing record found(12/2021, 2021-12-31) - creating new one
[2025-03-22 09:46:00,830] INFO: h (12/2021): Created new record with 18 non-zero financial metrics
[2025-03-22 09:46:00,860] INFO: h (3/2022): Updated existing record with 17 non-zero financial metrics
[2025-03-22 09:46:00,876] INFO: Trying adjusted date: 7/2022 (original: 6/2022)
[2025-03-22 09:46:00,889] WARNING: h (6/2022): No existing record found(6/2022, 2022-06-30) - creating new one
[2025-03-22 09:46:00,890] INFO: h (6/2022): Created new record with 13 non-zero financial metrics
[2025-03-22 09:46:00,918] INFO: h (9/2022): Updated existing record with 13 non-zero financial metrics
[2025-03-22 09:46:00,947] INFO: h (12/2022): Updated existing record with 18 non-zero financial metrics
[2025-03-22 09:46:00,978] INFO: h (3/2023): Updated existing record with 18 non-zero financial metrics
[2025-03-22 09:46:01,010] INFO: h (6/2023): Updated existing record with 13 non-zero financial metrics
[2025-03-22 09:46:01,041] INFO: h (9/2023): Updated existing record with 13 non-zero financial metrics
[2025-03-22 09:46:01,069] INFO: h (12/2023): Updated existing record with 18 non-zero financial metrics
[2025-03-22 09:46:01,101] INFO: h (3/2024): Updated existing record with 19 non-zero financial metrics
[2025-03-22 09:46:01,130] INFO: h (6/2024): Updated existing record with 13 non-zero financial metrics
[2025-03-22 09:46:01,157] INFO: h (9/2024): Updated existing record with 13 non-zero financial metrics
[2025-03-22 09:46:01,174] INFO: Trying adjusted date: 1/2025 (original: 12/2024)
[2025-03-22 09:46:01,187] WARNING: h (12/2024): No existing record found(12/2024, 2024-12-31) - creating new one
[2025-03-22 09:46:01,188] INFO: h (12/2024): Created new record with 18 non-zero financial metrics
