[2025-03-22 09:30:05,142] INFO: Trying adjusted date: 7/2010 (original: 6/2010)
[2025-03-22 09:30:05,155] WARNING: has (6/2010): No existing record found(6/2010, 2010-06-27) - creating new one
[2025-03-22 09:30:05,156] INFO: has (6/2010): Created new record with 14 non-zero financial metrics
[2025-03-22 09:30:05,173] INFO: Trying adjusted date: 1/2011 (original: 12/2010)
[2025-03-22 09:30:05,187] WARNING: has (12/2010): No existing record found(12/2010, 2010-12-26) - creating new one
[2025-03-22 09:30:05,188] INFO: has (12/2010): Created new record with 19 non-zero financial metrics
[2025-03-22 09:30:05,204] INFO: Trying adjusted date: 4/2011 (original: 3/2011)
[2025-03-22 09:30:05,217] WARNING: has (3/2011): No existing record found(3/2011, 2011-03-27) - creating new one
[2025-03-22 09:30:05,218] INFO: has (3/2011): Created new record with 19 non-zero financial metrics
[2025-03-22 09:30:05,233] INFO: Trying adjusted date: 7/2011 (original: 6/2011)
[2025-03-22 09:30:05,246] WARNING: has (6/2011): No existing record found(6/2011, 2011-06-26) - creating new one
[2025-03-22 09:30:05,247] INFO: has (6/2011): Created new record with 14 non-zero financial metrics
[2025-03-22 09:30:05,261] INFO: Trying adjusted date: 10/2011 (original: 9/2011)
[2025-03-22 09:30:05,274] WARNING: has (9/2011): No existing record found(9/2011, 2011-09-25) - creating new one
[2025-03-22 09:30:05,275] INFO: has (9/2011): Created new record with 14 non-zero financial metrics
[2025-03-22 09:30:05,291] INFO: Trying adjusted date: 1/2012 (original: 12/2011)
[2025-03-22 09:30:05,304] WARNING: has (12/2011): No existing record found(12/2011, 2011-12-25) - creating new one
[2025-03-22 09:30:05,305] INFO: has (12/2011): Created new record with 20 non-zero financial metrics
[2025-03-22 09:30:05,321] INFO: Trying adjusted date: 3/2012 (original: 4/2012)
[2025-03-22 09:30:05,334] WARNING: has (4/2012): No existing record found(4/2012, 2012-04-01) - creating new one
[2025-03-22 09:30:05,335] INFO: has (4/2012): Created new record with 19 non-zero financial metrics
[2025-03-22 09:30:05,349] INFO: Trying adjusted date: 6/2012 (original: 7/2012)
[2025-03-22 09:30:05,363] WARNING: has (7/2012): No existing record found(7/2012, 2012-07-01) - creating new one
[2025-03-22 09:30:05,363] INFO: has (7/2012): Created new record with 14 non-zero financial metrics
[2025-03-22 09:30:05,391] INFO: has (9/2012): Updated existing record with 14 non-zero financial metrics
[2025-03-22 09:30:05,421] INFO: has (12/2012): Updated existing record with 20 non-zero financial metrics
[2025-03-22 09:30:05,450] INFO: has (3/2013): Updated existing record with 19 non-zero financial metrics
[2025-03-22 09:30:05,479] INFO: has (6/2013): Updated existing record with 15 non-zero financial metrics
[2025-03-22 09:30:05,507] INFO: has (9/2013): Updated existing record with 15 non-zero financial metrics
[2025-03-22 09:30:05,537] INFO: has (12/2013): Updated existing record with 20 non-zero financial metrics
[2025-03-22 09:30:05,565] INFO: has (3/2014): Updated existing record with 20 non-zero financial metrics
[2025-03-22 09:30:05,595] INFO: has (6/2014): Updated existing record with 15 non-zero financial metrics
[2025-03-22 09:30:05,624] INFO: has (9/2014): Updated existing record with 15 non-zero financial metrics
[2025-03-22 09:30:05,654] INFO: has (12/2014): Updated existing record with 20 non-zero financial metrics
[2025-03-22 09:30:05,684] INFO: has (3/2015): Updated existing record with 20 non-zero financial metrics
[2025-03-22 09:30:05,712] INFO: has (9/2015): Updated existing record with 14 non-zero financial metrics
[2025-03-22 09:30:05,740] INFO: has (12/2015): Updated existing record with 20 non-zero financial metrics
[2025-03-22 09:30:05,770] INFO: has (3/2016): Updated existing record with 18 non-zero financial metrics
[2025-03-22 09:30:05,802] INFO: has (6/2016): Updated existing record with 16 non-zero financial metrics
[2025-03-22 09:30:05,830] INFO: has (9/2016): Updated existing record with 15 non-zero financial metrics
[2025-03-22 09:30:05,859] INFO: has (12/2016): Updated existing record with 21 non-zero financial metrics
[2025-03-22 09:30:05,875] INFO: Trying adjusted date: 3/2017 (original: 4/2017)
[2025-03-22 09:30:05,888] INFO: Found existing row with adjusted date: 3/2017
[2025-03-22 09:30:05,902] INFO: has (3/2017): Updated existing record with 17 non-zero financial metrics
[2025-03-22 09:30:05,917] INFO: Trying adjusted date: 6/2017 (original: 7/2017)
[2025-03-22 09:30:05,930] INFO: Found existing row with adjusted date: 6/2017
[2025-03-22 09:30:05,943] INFO: has (6/2017): Updated existing record with 15 non-zero financial metrics
[2025-03-22 09:30:05,958] INFO: Trying adjusted date: 9/2017 (original: 10/2017)
[2025-03-22 09:30:05,972] INFO: Found existing row with adjusted date: 9/2017
[2025-03-22 09:30:05,985] INFO: has (9/2017): Updated existing record with 15 non-zero financial metrics
[2025-03-22 09:30:06,013] INFO: has (12/2017): Updated existing record with 21 non-zero financial metrics
[2025-03-22 09:30:06,028] INFO: Trying adjusted date: 3/2018 (original: 4/2018)
[2025-03-22 09:30:06,041] INFO: Found existing row with adjusted date: 3/2018
[2025-03-22 09:30:06,055] INFO: has (3/2018): Updated existing record with 17 non-zero financial metrics
[2025-03-22 09:30:06,070] INFO: Trying adjusted date: 6/2018 (original: 7/2018)
[2025-03-22 09:30:06,082] INFO: Found existing row with adjusted date: 6/2018
[2025-03-22 09:30:06,096] INFO: has (6/2018): Updated existing record with 15 non-zero financial metrics
[2025-03-22 09:30:06,124] INFO: has (9/2018): Updated existing record with 15 non-zero financial metrics
[2025-03-22 09:30:06,152] INFO: has (12/2018): Updated existing record with 21 non-zero financial metrics
[2025-03-22 09:30:06,180] INFO: has (3/2019): Updated existing record with 20 non-zero financial metrics
[2025-03-22 09:30:06,208] INFO: has (6/2019): Updated existing record with 15 non-zero financial metrics
[2025-03-22 09:30:06,239] INFO: has (9/2019): Updated existing record with 15 non-zero financial metrics
[2025-03-22 09:30:06,268] INFO: has (12/2019): Updated existing record with 21 non-zero financial metrics
[2025-03-22 09:30:06,283] WARNING: has (3/2020): Found zero values for fields: Share Repurchases
[2025-03-22 09:30:06,296] INFO: has (3/2020): Updated existing record with 20 non-zero financial metrics
[2025-03-22 09:30:06,325] INFO: has (6/2020): Updated existing record with 16 non-zero financial metrics
[2025-03-22 09:30:06,355] INFO: has (9/2020): Updated existing record with 16 non-zero financial metrics
[2025-03-22 09:30:06,371] WARNING: has (12/2020): Found zero values for fields: Share Repurchases
[2025-03-22 09:30:06,385] INFO: has (12/2020): Updated existing record with 19 non-zero financial metrics
[2025-03-22 09:30:06,414] INFO: has (3/2021): Updated existing record with 19 non-zero financial metrics
[2025-03-22 09:30:06,444] INFO: has (6/2021): Updated existing record with 15 non-zero financial metrics
[2025-03-22 09:30:06,473] INFO: has (9/2021): Updated existing record with 15 non-zero financial metrics
[2025-03-22 09:30:06,489] WARNING: has (12/2021): Found zero values for fields: Share Repurchases
[2025-03-22 09:30:06,502] INFO: has (12/2021): Updated existing record with 18 non-zero financial metrics
[2025-03-22 09:30:06,532] INFO: has (3/2022): Updated existing record with 18 non-zero financial metrics
[2025-03-22 09:30:06,560] INFO: has (6/2022): Updated existing record with 14 non-zero financial metrics
[2025-03-22 09:30:06,589] INFO: has (9/2022): Updated existing record with 14 non-zero financial metrics
[2025-03-22 09:30:06,618] INFO: has (12/2022): Updated existing record with 19 non-zero financial metrics
[2025-03-22 09:30:06,632] INFO: Trying adjusted date: 3/2023 (original: 4/2023)
[2025-03-22 09:30:06,645] INFO: Found existing row with adjusted date: 3/2023
[2025-03-22 09:30:06,658] INFO: has (3/2023): Updated existing record with 18 non-zero financial metrics
[2025-03-22 09:30:06,673] INFO: Trying adjusted date: 6/2023 (original: 7/2023)
[2025-03-22 09:30:06,687] INFO: Found existing row with adjusted date: 6/2023
[2025-03-22 09:30:06,700] INFO: has (6/2023): Updated existing record with 14 non-zero financial metrics
[2025-03-22 09:30:06,715] INFO: Trying adjusted date: 9/2023 (original: 10/2023)
[2025-03-22 09:30:06,728] INFO: Found existing row with adjusted date: 9/2023
[2025-03-22 09:30:06,740] INFO: has (9/2023): Updated existing record with 14 non-zero financial metrics
[2025-03-22 09:30:06,755] WARNING: has (12/2023): Found zero values for fields: Share Repurchases
[2025-03-22 09:30:06,769] INFO: has (12/2023): Updated existing record with 18 non-zero financial metrics
[2025-03-22 09:30:06,796] INFO: has (3/2024): Updated existing record with 19 non-zero financial metrics
[2025-03-22 09:30:06,825] INFO: has (6/2024): Updated existing record with 15 non-zero financial metrics
[2025-03-22 09:30:06,856] INFO: has (9/2024): Updated existing record with 15 non-zero financial metrics
[2025-03-22 09:30:06,872] INFO: Trying adjusted date: 1/2025 (original: 12/2024)
[2025-03-22 09:30:06,884] WARNING: has (12/2024): Found zero values for fields: Share Repurchases
[2025-03-22 09:30:06,885] WARNING: has (12/2024): No existing record found(12/2024, 2024-12-29) - creating new one
[2025-03-22 09:30:06,885] INFO: has (12/2024): Created new record with 18 non-zero financial metrics
