[2025-03-22 05:34:31,739] INFO: Trying adjusted date: 7/2010 (original: 6/2010)
[2025-03-22 05:34:31,751] WARNING: hban (6/2010): No existing record found(6/2010, 2010-06-30) - creating new one
[2025-03-22 05:34:31,751] INFO: hban (6/2010): Created new record with 10 non-zero financial metrics
[2025-03-22 05:34:31,768] INFO: Trying adjusted date: 10/2010 (original: 9/2010)
[2025-03-22 05:34:31,780] WARNING: hban (9/2010): No existing record found(9/2010, 2010-09-30) - creating new one
[2025-03-22 05:34:31,781] INFO: hban (9/2010): Created new record with 10 non-zero financial metrics
[2025-03-22 05:34:31,796] INFO: Trying adjusted date: 1/2011 (original: 12/2010)
[2025-03-22 05:34:31,809] WARNING: hban (12/2010): No existing record found(12/2010, 2010-12-31) - creating new one
[2025-03-22 05:34:31,809] INFO: hban (12/2010): Created new record with 14 non-zero financial metrics
[2025-03-22 05:34:31,824] INFO: Trying adjusted date: 4/2011 (original: 3/2011)
[2025-03-22 05:34:31,837] WARNING: hban (3/2011): No existing record found(3/2011, 2011-03-31) - creating new one
[2025-03-22 05:34:31,838] INFO: hban (3/2011): Created new record with 14 non-zero financial metrics
[2025-03-22 05:34:31,852] INFO: Trying adjusted date: 7/2011 (original: 6/2011)
[2025-03-22 05:34:31,864] WARNING: hban (6/2011): No existing record found(6/2011, 2011-06-30) - creating new one
[2025-03-22 05:34:31,865] INFO: hban (6/2011): Created new record with 10 non-zero financial metrics
[2025-03-22 05:34:31,880] INFO: Trying adjusted date: 10/2011 (original: 9/2011)
[2025-03-22 05:34:31,892] WARNING: hban (9/2011): No existing record found(9/2011, 2011-09-30) - creating new one
[2025-03-22 05:34:31,893] INFO: hban (9/2011): Created new record with 9 non-zero financial metrics
[2025-03-22 05:34:31,908] INFO: Trying adjusted date: 1/2012 (original: 12/2011)
[2025-03-22 05:34:31,920] WARNING: hban (12/2011): No existing record found(12/2011, 2011-12-31) - creating new one
[2025-03-22 05:34:31,921] INFO: hban (12/2011): Created new record with 14 non-zero financial metrics
[2025-03-22 05:34:31,935] INFO: Trying adjusted date: 4/2012 (original: 3/2012)
[2025-03-22 05:34:31,947] WARNING: hban (3/2012): No existing record found(3/2012, 2012-03-31) - creating new one
[2025-03-22 05:34:31,948] INFO: hban (3/2012): Created new record with 14 non-zero financial metrics
[2025-03-22 05:34:31,962] INFO: Trying adjusted date: 7/2012 (original: 6/2012)
[2025-03-22 05:34:31,975] WARNING: hban (6/2012): No existing record found(6/2012, 2012-06-30) - creating new one
[2025-03-22 05:34:31,975] INFO: hban (6/2012): Created new record with 10 non-zero financial metrics
[2025-03-22 05:34:32,002] INFO: hban (9/2012): Updated existing record with 10 non-zero financial metrics
[2025-03-22 05:34:32,030] INFO: hban (12/2012): Updated existing record with 14 non-zero financial metrics
[2025-03-22 05:34:32,058] INFO: hban (3/2013): Updated existing record with 15 non-zero financial metrics
[2025-03-22 05:34:32,085] INFO: hban (6/2013): Updated existing record with 11 non-zero financial metrics
[2025-03-22 05:34:32,112] INFO: hban (9/2013): Updated existing record with 11 non-zero financial metrics
[2025-03-22 05:34:32,140] INFO: hban (12/2013): Updated existing record with 15 non-zero financial metrics
[2025-03-22 05:34:32,168] INFO: hban (3/2014): Updated existing record with 15 non-zero financial metrics
[2025-03-22 05:34:32,196] INFO: hban (6/2014): Updated existing record with 11 non-zero financial metrics
[2025-03-22 05:34:32,226] INFO: hban (9/2014): Updated existing record with 11 non-zero financial metrics
[2025-03-22 05:34:32,253] INFO: hban (12/2014): Updated existing record with 16 non-zero financial metrics
[2025-03-22 05:34:32,280] INFO: hban (3/2015): Updated existing record with 16 non-zero financial metrics
[2025-03-22 05:34:32,307] INFO: hban (6/2015): Updated existing record with 12 non-zero financial metrics
[2025-03-22 05:34:32,336] INFO: hban (9/2015): Updated existing record with 12 non-zero financial metrics
[2025-03-22 05:34:32,363] INFO: hban (12/2015): Updated existing record with 16 non-zero financial metrics
[2025-03-22 05:34:32,377] WARNING: hban (3/2016): Found zero values for fields: Share Repurchases
[2025-03-22 05:34:32,390] INFO: hban (3/2016): Updated existing record with 15 non-zero financial metrics
[2025-03-22 05:34:32,418] INFO: hban (6/2016): Updated existing record with 11 non-zero financial metrics
[2025-03-22 05:34:32,446] INFO: hban (9/2016): Updated existing record with 11 non-zero financial metrics
[2025-03-22 05:34:32,460] WARNING: hban (12/2016): Found zero values for fields: Share Repurchases
[2025-03-22 05:34:32,474] INFO: hban (12/2016): Updated existing record with 15 non-zero financial metrics
[2025-03-22 05:34:32,502] INFO: hban (3/2017): Updated existing record with 15 non-zero financial metrics
[2025-03-22 05:34:32,530] INFO: hban (6/2017): Updated existing record with 11 non-zero financial metrics
[2025-03-22 05:34:32,558] INFO: hban (9/2017): Updated existing record with 11 non-zero financial metrics
[2025-03-22 05:34:32,585] INFO: hban (12/2017): Updated existing record with 17 non-zero financial metrics
[2025-03-22 05:34:32,613] INFO: hban (3/2018): Updated existing record with 17 non-zero financial metrics
[2025-03-22 05:34:32,640] INFO: hban (6/2018): Updated existing record with 12 non-zero financial metrics
[2025-03-22 05:34:32,667] INFO: hban (9/2018): Updated existing record with 12 non-zero financial metrics
[2025-03-22 05:34:32,694] INFO: hban (12/2018): Updated existing record with 18 non-zero financial metrics
[2025-03-22 05:34:32,722] INFO: hban (3/2019): Updated existing record with 17 non-zero financial metrics
[2025-03-22 05:34:32,750] INFO: hban (6/2019): Updated existing record with 12 non-zero financial metrics
[2025-03-22 05:34:32,779] INFO: hban (9/2019): Updated existing record with 12 non-zero financial metrics
[2025-03-22 05:34:32,810] INFO: hban (12/2019): Updated existing record with 16 non-zero financial metrics
[2025-03-22 05:34:32,836] INFO: hban (3/2020): Updated existing record with 16 non-zero financial metrics
[2025-03-22 05:34:32,865] INFO: hban (6/2020): Updated existing record with 11 non-zero financial metrics
[2025-03-22 05:34:32,892] INFO: hban (9/2020): Updated existing record with 11 non-zero financial metrics
[2025-03-22 05:34:32,920] INFO: hban (12/2020): Updated existing record with 17 non-zero financial metrics
[2025-03-22 05:34:32,934] WARNING: hban (3/2021): Found zero values for fields: Share Repurchases
[2025-03-22 05:34:32,947] INFO: hban (3/2021): Updated existing record with 15 non-zero financial metrics
[2025-03-22 05:34:32,975] INFO: hban (6/2021): Updated existing record with 11 non-zero financial metrics
[2025-03-22 05:34:33,005] INFO: hban (9/2021): Updated existing record with 11 non-zero financial metrics
[2025-03-22 05:34:33,032] INFO: hban (12/2021): Updated existing record with 17 non-zero financial metrics
[2025-03-22 05:34:33,047] WARNING: hban (3/2022): Found zero values for fields: Share Repurchases
[2025-03-22 05:34:33,060] INFO: hban (3/2022): Updated existing record with 15 non-zero financial metrics
[2025-03-22 05:34:33,088] INFO: hban (6/2022): Updated existing record with 11 non-zero financial metrics
[2025-03-22 05:34:33,114] INFO: hban (9/2022): Updated existing record with 11 non-zero financial metrics
[2025-03-22 05:34:33,129] WARNING: hban (12/2022): Found zero values for fields: Share Repurchases
[2025-03-22 05:34:33,142] INFO: hban (12/2022): Updated existing record with 16 non-zero financial metrics
[2025-03-22 05:34:33,169] INFO: hban (3/2023): Updated existing record with 15 non-zero financial metrics
[2025-03-22 05:34:33,195] INFO: hban (6/2023): Updated existing record with 11 non-zero financial metrics
[2025-03-22 05:34:33,224] INFO: hban (9/2023): Updated existing record with 11 non-zero financial metrics
[2025-03-22 05:34:33,239] WARNING: hban (12/2023): Found zero values for fields: Share Repurchases
[2025-03-22 05:34:33,253] INFO: hban (12/2023): Updated existing record with 16 non-zero financial metrics
[2025-03-22 05:34:33,280] INFO: hban (3/2024): Updated existing record with 15 non-zero financial metrics
[2025-03-22 05:34:33,308] INFO: hban (6/2024): Updated existing record with 10 non-zero financial metrics
[2025-03-22 05:34:33,335] INFO: hban (9/2024): Updated existing record with 10 non-zero financial metrics
[2025-03-22 05:34:33,363] INFO: hban (12/2024): Updated existing record with 15 non-zero financial metrics
