[2025-03-22 05:57:30,978] INFO: Trying adjusted date: 8/2010 (original: 7/2010)
[2025-03-22 05:57:30,991] WARNING: hei (7/2010): No existing record found(7/2010, 2010-07-31) - creating new one
[2025-03-22 05:57:30,992] INFO: hei (7/2010): Created new record with 13 non-zero financial metrics
[2025-03-22 05:57:31,006] INFO: Trying adjusted date: 11/2010 (original: 10/2010)
[2025-03-22 05:57:31,020] WARNING: hei (10/2010): No existing record found(10/2010, 2010-10-31) - creating new one
[2025-03-22 05:57:31,020] INFO: hei (10/2010): Created new record with 17 non-zero financial metrics
[2025-03-22 05:57:31,036] INFO: Trying adjusted date: 2/2011 (original: 1/2011)
[2025-03-22 05:57:31,050] WARNING: hei (1/2011): No existing record found(1/2011, 2011-01-31) - creating new one
[2025-03-22 05:57:31,050] INFO: hei (1/2011): Created new record with 17 non-zero financial metrics
[2025-03-22 05:57:31,066] INFO: Trying adjusted date: 5/2011 (original: 4/2011)
[2025-03-22 05:57:31,080] WARNING: hei (4/2011): No existing record found(4/2011, 2011-04-30) - creating new one
[2025-03-22 05:57:31,080] INFO: hei (4/2011): Created new record with 0 non-zero financial metrics
[2025-03-22 05:57:31,095] INFO: Trying adjusted date: 8/2011 (original: 7/2011)
[2025-03-22 05:57:31,109] WARNING: hei (7/2011): No existing record found(7/2011, 2011-07-31) - creating new one
[2025-03-22 05:57:31,109] INFO: hei (7/2011): Created new record with 15 non-zero financial metrics
[2025-03-22 05:57:31,124] INFO: Trying adjusted date: 11/2011 (original: 10/2011)
[2025-03-22 05:57:31,137] WARNING: hei (10/2011): Found zero values for fields: Share Repurchases
[2025-03-22 05:57:31,137] WARNING: hei (10/2011): No existing record found(10/2011, 2011-10-31) - creating new one
[2025-03-22 05:57:31,137] INFO: hei (10/2011): Created new record with 18 non-zero financial metrics
[2025-03-22 05:57:31,152] INFO: Trying adjusted date: 2/2012 (original: 1/2012)
[2025-03-22 05:57:31,165] WARNING: hei (1/2012): No existing record found(1/2012, 2012-01-31) - creating new one
[2025-03-22 05:57:31,166] INFO: hei (1/2012): Created new record with 18 non-zero financial metrics
[2025-03-22 05:57:31,182] INFO: Trying adjusted date: 5/2012 (original: 4/2012)
[2025-03-22 05:57:31,196] WARNING: hei (4/2012): No existing record found(4/2012, 2012-04-30) - creating new one
[2025-03-22 05:57:31,196] INFO: hei (4/2012): Created new record with 15 non-zero financial metrics
[2025-03-22 05:57:31,211] INFO: Trying adjusted date: 8/2012 (original: 7/2012)
[2025-03-22 05:57:31,225] WARNING: hei (7/2012): No existing record found(7/2012, 2012-07-31) - creating new one
[2025-03-22 05:57:31,225] INFO: hei (7/2012): Created new record with 15 non-zero financial metrics
[2025-03-22 05:57:31,253] INFO: hei (10/2012): Updated existing record with 18 non-zero financial metrics
[2025-03-22 05:57:31,281] INFO: hei (1/2013): Updated existing record with 18 non-zero financial metrics
[2025-03-22 05:57:31,308] INFO: hei (4/2013): Updated existing record with 15 non-zero financial metrics
[2025-03-22 05:57:31,336] INFO: hei (7/2013): Updated existing record with 15 non-zero financial metrics
[2025-03-22 05:57:31,366] INFO: hei (10/2013): Updated existing record with 15 non-zero financial metrics
[2025-03-22 05:57:31,398] INFO: hei (1/2014): Updated existing record with 15 non-zero financial metrics
[2025-03-22 05:57:31,428] INFO: hei (4/2014): Updated existing record with 15 non-zero financial metrics
[2025-03-22 05:57:31,456] INFO: hei (7/2014): Updated existing record with 15 non-zero financial metrics
[2025-03-22 05:57:31,484] INFO: hei (10/2014): Updated existing record with 15 non-zero financial metrics
[2025-03-22 05:57:31,512] INFO: hei (1/2015): Updated existing record with 16 non-zero financial metrics
[2025-03-22 05:57:31,539] INFO: hei (4/2015): Updated existing record with 16 non-zero financial metrics
[2025-03-22 05:57:31,565] INFO: hei (7/2015): Updated existing record with 16 non-zero financial metrics
[2025-03-22 05:57:31,593] INFO: hei (10/2015): Updated existing record with 15 non-zero financial metrics
[2025-03-22 05:57:31,619] INFO: hei (1/2016): Updated existing record with 16 non-zero financial metrics
[2025-03-22 05:57:31,647] INFO: hei (4/2016): Updated existing record with 16 non-zero financial metrics
[2025-03-22 05:57:31,673] INFO: hei (7/2016): Updated existing record with 16 non-zero financial metrics
[2025-03-22 05:57:31,700] INFO: hei (10/2016): Updated existing record with 15 non-zero financial metrics
[2025-03-22 05:57:31,727] INFO: hei (1/2017): Updated existing record with 16 non-zero financial metrics
[2025-03-22 05:57:31,755] INFO: hei (4/2017): Updated existing record with 16 non-zero financial metrics
[2025-03-22 05:57:31,783] INFO: hei (7/2017): Updated existing record with 16 non-zero financial metrics
[2025-03-22 05:57:31,812] INFO: hei (10/2017): Updated existing record with 18 non-zero financial metrics
[2025-03-22 05:57:31,838] INFO: hei (1/2018): Updated existing record with 19 non-zero financial metrics
[2025-03-22 05:57:31,866] INFO: hei (4/2018): Updated existing record with 16 non-zero financial metrics
[2025-03-22 05:57:31,895] INFO: hei (7/2018): Updated existing record with 16 non-zero financial metrics
[2025-03-22 05:57:31,922] INFO: hei (10/2018): Updated existing record with 18 non-zero financial metrics
[2025-03-22 05:57:31,949] INFO: hei (1/2019): Updated existing record with 19 non-zero financial metrics
[2025-03-22 05:57:31,975] INFO: hei (4/2019): Updated existing record with 16 non-zero financial metrics
[2025-03-22 05:57:32,002] INFO: hei (7/2019): Updated existing record with 16 non-zero financial metrics
[2025-03-22 05:57:32,030] INFO: hei (10/2019): Updated existing record with 18 non-zero financial metrics
[2025-03-22 05:57:32,058] INFO: hei (1/2020): Updated existing record with 19 non-zero financial metrics
[2025-03-22 05:57:32,084] INFO: hei (4/2020): Updated existing record with 16 non-zero financial metrics
[2025-03-22 05:57:32,111] INFO: hei (7/2020): Updated existing record with 16 non-zero financial metrics
[2025-03-22 05:57:32,137] INFO: hei (10/2020): Updated existing record with 18 non-zero financial metrics
[2025-03-22 05:57:32,165] INFO: hei (1/2021): Updated existing record with 19 non-zero financial metrics
[2025-03-22 05:57:32,193] INFO: hei (4/2021): Updated existing record with 16 non-zero financial metrics
[2025-03-22 05:57:32,220] INFO: hei (7/2021): Updated existing record with 16 non-zero financial metrics
[2025-03-22 05:57:32,249] INFO: hei (10/2021): Updated existing record with 18 non-zero financial metrics
[2025-03-22 05:57:32,278] INFO: hei (1/2022): Updated existing record with 19 non-zero financial metrics
[2025-03-22 05:57:32,305] INFO: hei (4/2022): Updated existing record with 16 non-zero financial metrics
[2025-03-22 05:57:32,332] INFO: hei (7/2022): Updated existing record with 16 non-zero financial metrics
[2025-03-22 05:57:32,361] INFO: hei (10/2022): Updated existing record with 18 non-zero financial metrics
[2025-03-22 05:57:32,389] INFO: hei (1/2023): Updated existing record with 19 non-zero financial metrics
[2025-03-22 05:57:32,415] INFO: hei (4/2023): Updated existing record with 16 non-zero financial metrics
[2025-03-22 05:57:32,443] INFO: hei (7/2023): Updated existing record with 15 non-zero financial metrics
[2025-03-22 05:57:32,470] INFO: hei (10/2023): Updated existing record with 17 non-zero financial metrics
[2025-03-22 05:57:32,497] INFO: hei (1/2024): Updated existing record with 19 non-zero financial metrics
[2025-03-22 05:57:32,524] INFO: hei (4/2024): Updated existing record with 16 non-zero financial metrics
[2025-03-22 05:57:32,552] INFO: hei (7/2024): Updated existing record with 16 non-zero financial metrics
[2025-03-22 05:57:32,579] INFO: hei (10/2024): Updated existing record with 18 non-zero financial metrics
[2025-03-22 05:57:32,593] INFO: Trying adjusted date: 2/2025 (original: 1/2025)
[2025-03-22 05:57:32,605] WARNING: hei (1/2025): No existing record found(1/2025, 2025-01-31) - creating new one
[2025-03-22 05:57:32,606] INFO: hei (1/2025): Created new record with 20 non-zero financial metrics
