[2025-03-22 05:10:49,890] INFO: Trying adjusted date: 4/2010 (original: 3/2010)
[2025-03-22 05:10:49,903] WARNING: hig (3/2010): No existing record found(3/2010, 2010-03-31) - creating new one
[2025-03-22 05:10:49,904] INFO: hig (3/2010): Created new record with 12 non-zero financial metrics
[2025-03-22 05:10:49,919] INFO: Trying adjusted date: 7/2010 (original: 6/2010)
[2025-03-22 05:10:49,931] WARNING: hig (6/2010): No existing record found(6/2010, 2010-06-30) - creating new one
[2025-03-22 05:10:49,931] INFO: hig (6/2010): Created new record with 9 non-zero financial metrics
[2025-03-22 05:10:49,945] INFO: Trying adjusted date: 10/2010 (original: 9/2010)
[2025-03-22 05:10:49,957] WARNING: hig (9/2010): No existing record found(9/2010, 2010-09-30) - creating new one
[2025-03-22 05:10:49,958] INFO: hig (9/2010): Created new record with 9 non-zero financial metrics
[2025-03-22 05:10:49,972] INFO: Trying adjusted date: 4/2011 (original: 3/2011)
[2025-03-22 05:10:49,984] WARNING: hig (3/2011): No existing record found(3/2011, 2011-03-31) - creating new one
[2025-03-22 05:10:49,984] INFO: hig (3/2011): Created new record with 12 non-zero financial metrics
[2025-03-22 05:10:50,003] INFO: Trying adjusted date: 7/2011 (original: 6/2011)
[2025-03-22 05:10:50,016] WARNING: hig (6/2011): No existing record found(6/2011, 2011-06-30) - creating new one
[2025-03-22 05:10:50,016] INFO: hig (6/2011): Created new record with 9 non-zero financial metrics
[2025-03-22 05:10:50,029] INFO: Trying adjusted date: 10/2011 (original: 9/2011)
[2025-03-22 05:10:50,042] WARNING: hig (9/2011): Found zero values for fields: Net Income
[2025-03-22 05:10:50,042] WARNING: hig (9/2011): No existing record found(9/2011, 2011-09-30) - creating new one
[2025-03-22 05:10:50,043] INFO: hig (9/2011): Created new record with 8 non-zero financial metrics
[2025-03-22 05:10:50,056] INFO: Trying adjusted date: 1/2012 (original: 12/2011)
[2025-03-22 05:10:50,069] WARNING: hig (12/2011): No existing record found(12/2011, 2011-12-31) - creating new one
[2025-03-22 05:10:50,070] INFO: hig (12/2011): Created new record with 11 non-zero financial metrics
[2025-03-22 05:10:50,084] INFO: Trying adjusted date: 4/2012 (original: 3/2012)
[2025-03-22 05:10:50,096] WARNING: hig (3/2012): No existing record found(3/2012, 2012-03-31) - creating new one
[2025-03-22 05:10:50,097] INFO: hig (3/2012): Created new record with 11 non-zero financial metrics
[2025-03-22 05:10:50,123] INFO: hig (6/2012): Updated existing record with 8 non-zero financial metrics
[2025-03-22 05:10:50,150] INFO: hig (9/2012): Updated existing record with 8 non-zero financial metrics
[2025-03-22 05:10:50,178] INFO: hig (12/2012): Updated existing record with 11 non-zero financial metrics
[2025-03-22 05:10:50,204] INFO: hig (3/2013): Updated existing record with 11 non-zero financial metrics
[2025-03-22 05:10:50,231] INFO: hig (6/2013): Updated existing record with 8 non-zero financial metrics
[2025-03-22 05:10:50,259] INFO: hig (9/2013): Updated existing record with 8 non-zero financial metrics
[2025-03-22 05:10:50,285] INFO: hig (12/2013): Updated existing record with 12 non-zero financial metrics
[2025-03-22 05:10:50,311] INFO: hig (3/2014): Updated existing record with 13 non-zero financial metrics
[2025-03-22 05:10:50,338] INFO: hig (6/2014): Updated existing record with 9 non-zero financial metrics
[2025-03-22 05:10:50,351] WARNING: hig (9/2014): Found zero values for fields: Share Repurchases
[2025-03-22 05:10:50,364] INFO: hig (9/2014): Updated existing record with 9 non-zero financial metrics
[2025-03-22 05:10:50,391] INFO: hig (12/2014): Updated existing record with 13 non-zero financial metrics
[2025-03-22 05:10:50,418] INFO: hig (3/2015): Updated existing record with 13 non-zero financial metrics
[2025-03-22 05:10:50,447] INFO: hig (6/2015): Updated existing record with 9 non-zero financial metrics
[2025-03-22 05:10:50,474] INFO: hig (9/2015): Updated existing record with 9 non-zero financial metrics
[2025-03-22 05:10:50,501] INFO: hig (12/2015): Updated existing record with 13 non-zero financial metrics
[2025-03-22 05:10:50,529] INFO: hig (3/2016): Updated existing record with 13 non-zero financial metrics
[2025-03-22 05:10:50,544] INFO: Trying adjusted date: 7/2016 (original: 6/2016)
[2025-03-22 05:10:50,556] WARNING: hig (6/2016): No existing record found(6/2016, 2016-06-30) - creating new one
[2025-03-22 05:10:50,557] INFO: hig (6/2016): Created new record with 9 non-zero financial metrics
[2025-03-22 05:10:50,583] INFO: hig (9/2016): Updated existing record with 9 non-zero financial metrics
[2025-03-22 05:10:50,611] INFO: hig (12/2016): Updated existing record with 13 non-zero financial metrics
[2025-03-22 05:10:50,638] INFO: hig (3/2017): Updated existing record with 13 non-zero financial metrics
[2025-03-22 05:10:50,664] INFO: hig (6/2017): Updated existing record with 9 non-zero financial metrics
[2025-03-22 05:10:50,692] INFO: hig (9/2017): Updated existing record with 9 non-zero financial metrics
[2025-03-22 05:10:50,718] INFO: hig (12/2017): Updated existing record with 14 non-zero financial metrics
[2025-03-22 05:10:50,746] INFO: hig (3/2018): Updated existing record with 13 non-zero financial metrics
[2025-03-22 05:10:50,772] INFO: hig (6/2018): Updated existing record with 9 non-zero financial metrics
[2025-03-22 05:10:50,801] INFO: hig (9/2018): Updated existing record with 9 non-zero financial metrics
[2025-03-22 05:10:50,829] INFO: hig (12/2018): Updated existing record with 13 non-zero financial metrics
[2025-03-22 05:10:50,856] INFO: hig (3/2019): Updated existing record with 13 non-zero financial metrics
[2025-03-22 05:10:50,884] INFO: hig (6/2019): Updated existing record with 9 non-zero financial metrics
[2025-03-22 05:10:50,911] INFO: hig (9/2019): Updated existing record with 9 non-zero financial metrics
[2025-03-22 05:10:50,937] INFO: hig (12/2019): Updated existing record with 14 non-zero financial metrics
[2025-03-22 05:10:50,964] INFO: hig (3/2020): Updated existing record with 14 non-zero financial metrics
[2025-03-22 05:10:50,990] INFO: hig (6/2020): Updated existing record with 9 non-zero financial metrics
[2025-03-22 05:10:51,017] INFO: hig (9/2020): Updated existing record with 9 non-zero financial metrics
[2025-03-22 05:10:51,044] INFO: hig (12/2020): Updated existing record with 14 non-zero financial metrics
[2025-03-22 05:10:51,070] INFO: hig (3/2021): Updated existing record with 14 non-zero financial metrics
[2025-03-22 05:10:51,097] INFO: hig (6/2021): Updated existing record with 9 non-zero financial metrics
[2025-03-22 05:10:51,126] INFO: hig (9/2021): Updated existing record with 9 non-zero financial metrics
[2025-03-22 05:10:51,153] INFO: hig (12/2021): Updated existing record with 14 non-zero financial metrics
[2025-03-22 05:10:51,182] INFO: hig (3/2022): Updated existing record with 14 non-zero financial metrics
[2025-03-22 05:10:51,209] INFO: hig (6/2022): Updated existing record with 10 non-zero financial metrics
[2025-03-22 05:10:51,236] INFO: hig (9/2022): Updated existing record with 10 non-zero financial metrics
[2025-03-22 05:10:51,263] INFO: hig (12/2022): Updated existing record with 15 non-zero financial metrics
[2025-03-22 05:10:51,289] INFO: hig (3/2023): Updated existing record with 14 non-zero financial metrics
[2025-03-22 05:10:51,316] INFO: hig (6/2023): Updated existing record with 9 non-zero financial metrics
[2025-03-22 05:10:51,342] INFO: hig (9/2023): Updated existing record with 9 non-zero financial metrics
[2025-03-22 05:10:51,369] INFO: hig (12/2023): Updated existing record with 15 non-zero financial metrics
[2025-03-22 05:10:51,398] INFO: hig (3/2024): Updated existing record with 15 non-zero financial metrics
[2025-03-22 05:10:51,424] INFO: hig (6/2024): Updated existing record with 10 non-zero financial metrics
[2025-03-22 05:10:51,451] INFO: hig (9/2024): Updated existing record with 10 non-zero financial metrics
[2025-03-22 05:10:51,479] INFO: hig (12/2024): Updated existing record with 15 non-zero financial metrics
