[2025-03-22 02:37:22,052] INFO: hlt (3/2014): Updated existing record with 18 non-zero financial metrics
[2025-03-22 02:37:22,080] INFO: hlt (6/2014): Updated existing record with 14 non-zero financial metrics
[2025-03-22 02:37:22,107] INFO: hlt (9/2014): Updated existing record with 14 non-zero financial metrics
[2025-03-22 02:37:22,133] INFO: hlt (12/2014): Updated existing record with 18 non-zero financial metrics
[2025-03-22 02:37:22,160] INFO: hlt (3/2015): Updated existing record with 18 non-zero financial metrics
[2025-03-22 02:37:22,187] INFO: hlt (6/2015): Updated existing record with 14 non-zero financial metrics
[2025-03-22 02:37:22,213] INFO: hlt (9/2015): Updated existing record with 14 non-zero financial metrics
[2025-03-22 02:37:22,243] INFO: hlt (12/2015): Updated existing record with 18 non-zero financial metrics
[2025-03-22 02:37:22,268] INFO: hlt (3/2016): Updated existing record with 18 non-zero financial metrics
[2025-03-22 02:37:22,294] INFO: hlt (6/2016): Updated existing record with 14 non-zero financial metrics
[2025-03-22 02:37:22,319] INFO: hlt (9/2016): Updated existing record with 14 non-zero financial metrics
[2025-03-22 02:37:22,345] INFO: hlt (12/2016): Updated existing record with 18 non-zero financial metrics
[2025-03-22 02:37:22,371] INFO: hlt (3/2017): Updated existing record with 18 non-zero financial metrics
[2025-03-22 02:37:22,396] INFO: hlt (6/2017): Updated existing record with 13 non-zero financial metrics
[2025-03-22 02:37:22,422] INFO: hlt (9/2017): Updated existing record with 13 non-zero financial metrics
[2025-03-22 02:37:22,450] INFO: hlt (12/2017): Updated existing record with 18 non-zero financial metrics
[2025-03-22 02:37:22,478] INFO: hlt (3/2018): Updated existing record with 19 non-zero financial metrics
[2025-03-22 02:37:22,504] INFO: hlt (6/2018): Updated existing record with 14 non-zero financial metrics
[2025-03-22 02:37:22,530] INFO: hlt (9/2018): Updated existing record with 14 non-zero financial metrics
[2025-03-22 02:37:22,556] INFO: hlt (12/2018): Updated existing record with 19 non-zero financial metrics
[2025-03-22 02:37:22,582] INFO: hlt (3/2019): Updated existing record with 19 non-zero financial metrics
[2025-03-22 02:37:22,608] INFO: hlt (6/2019): Updated existing record with 14 non-zero financial metrics
[2025-03-22 02:37:22,634] INFO: hlt (9/2019): Updated existing record with 14 non-zero financial metrics
[2025-03-22 02:37:22,661] INFO: hlt (12/2019): Updated existing record with 19 non-zero financial metrics
[2025-03-22 02:37:22,687] INFO: hlt (3/2020): Updated existing record with 19 non-zero financial metrics
[2025-03-22 02:37:22,713] INFO: hlt (6/2020): Updated existing record with 14 non-zero financial metrics
[2025-03-22 02:37:22,739] INFO: hlt (9/2020): Updated existing record with 14 non-zero financial metrics
[2025-03-22 02:37:22,766] INFO: hlt (12/2020): Updated existing record with 19 non-zero financial metrics
[2025-03-22 02:37:22,779] WARNING: hlt (3/2021): Found zero values for fields: Share Repurchases
[2025-03-22 02:37:22,792] INFO: hlt (3/2021): Updated existing record with 18 non-zero financial metrics
[2025-03-22 02:37:22,818] INFO: hlt (6/2021): Updated existing record with 14 non-zero financial metrics
[2025-03-22 02:37:22,844] INFO: hlt (9/2021): Updated existing record with 14 non-zero financial metrics
[2025-03-22 02:37:22,858] WARNING: hlt (12/2021): Found zero values for fields: Share Repurchases
[2025-03-22 02:37:22,871] INFO: hlt (12/2021): Updated existing record with 18 non-zero financial metrics
[2025-03-22 02:37:22,897] INFO: hlt (3/2022): Updated existing record with 19 non-zero financial metrics
[2025-03-22 02:37:22,923] INFO: hlt (6/2022): Updated existing record with 14 non-zero financial metrics
[2025-03-22 02:37:22,950] INFO: hlt (9/2022): Updated existing record with 14 non-zero financial metrics
[2025-03-22 02:37:22,975] INFO: hlt (12/2022): Updated existing record with 19 non-zero financial metrics
[2025-03-22 02:37:23,001] INFO: hlt (3/2023): Updated existing record with 19 non-zero financial metrics
[2025-03-22 02:37:23,027] INFO: hlt (6/2023): Updated existing record with 14 non-zero financial metrics
[2025-03-22 02:37:23,054] INFO: hlt (9/2023): Updated existing record with 14 non-zero financial metrics
[2025-03-22 02:37:23,080] INFO: hlt (12/2023): Updated existing record with 19 non-zero financial metrics
[2025-03-22 02:37:23,110] INFO: hlt (3/2024): Updated existing record with 19 non-zero financial metrics
[2025-03-22 02:37:23,135] INFO: hlt (6/2024): Updated existing record with 14 non-zero financial metrics
[2025-03-22 02:37:23,163] INFO: hlt (9/2024): Updated existing record with 14 non-zero financial metrics
[2025-03-22 02:37:23,178] INFO: Trying adjusted date: 1/2025 (original: 12/2024)
[2025-03-22 02:37:23,191] WARNING: hlt (12/2024): No existing record found(12/2024, 2024-12-31) - creating new one
[2025-03-22 02:37:23,191] INFO: hlt (12/2024): Created new record with 19 non-zero financial metrics
