[2025-03-22 10:27:44,419] INFO: Trying adjusted date: 7/2021 (original: 6/2021)
[2025-03-22 10:27:44,432] WARNING: hood (6/2021): No existing record found(6/2021, 2021-06-30) - creating new one
[2025-03-22 10:27:44,432] INFO: hood (6/2021): Created new record with 11 non-zero financial metrics
[2025-03-22 10:27:44,462] INFO: hood (9/2021): Updated existing record with 12 non-zero financial metrics
[2025-03-22 10:27:44,493] INFO: hood (12/2021): Updated existing record with 16 non-zero financial metrics
[2025-03-22 10:27:44,508] WARNING: hood (3/2022): Found zero values for fields: Financing Cash Flow
[2025-03-22 10:27:44,522] INFO: hood (3/2022): Updated existing record with 14 non-zero financial metrics
[2025-03-22 10:27:44,550] INFO: hood (6/2022): Updated existing record with 12 non-zero financial metrics
[2025-03-22 10:27:44,579] INFO: hood (9/2022): Updated existing record with 12 non-zero financial metrics
[2025-03-22 10:27:44,594] WARNING: hood (12/2022): Found zero values for fields: Financing Cash Flow
[2025-03-22 10:27:44,608] INFO: hood (12/2022): Updated existing record with 15 non-zero financial metrics
[2025-03-22 10:27:44,638] INFO: hood (3/2023): Updated existing record with 15 non-zero financial metrics
[2025-03-22 10:27:44,667] INFO: hood (6/2023): Updated existing record with 12 non-zero financial metrics
[2025-03-22 10:27:44,695] INFO: hood (9/2023): Updated existing record with 12 non-zero financial metrics
[2025-03-22 10:27:44,724] INFO: hood (12/2023): Updated existing record with 17 non-zero financial metrics
[2025-03-22 10:27:44,755] INFO: hood (3/2024): Updated existing record with 15 non-zero financial metrics
[2025-03-22 10:27:44,784] INFO: hood (6/2024): Updated existing record with 12 non-zero financial metrics
[2025-03-22 10:27:44,812] INFO: hood (9/2024): Updated existing record with 12 non-zero financial metrics
[2025-03-22 10:27:44,828] INFO: Trying adjusted date: 1/2025 (original: 12/2024)
[2025-03-22 10:27:44,842] WARNING: hood (12/2024): No existing record found(12/2024, 2024-12-31) - creating new one
[2025-03-22 10:27:44,843] INFO: hood (12/2024): Created new record with 17 non-zero financial metrics
