[2025-03-22 06:35:04,383] INFO: Trying adjusted date: 11/2015 (original: 10/2015)
[2025-03-22 06:35:04,395] WARNING: hpe (10/2015): No existing record found(10/2015, 2015-10-31) - creating new one
[2025-03-22 06:35:04,395] INFO: hpe (10/2015): Created new record with 14 non-zero financial metrics
[2025-03-22 06:35:04,426] INFO: hpe (1/2016): Updated existing record with 15 non-zero financial metrics
[2025-03-22 06:35:04,456] INFO: hpe (4/2016): Updated existing record with 14 non-zero financial metrics
[2025-03-22 06:35:04,485] INFO: hpe (7/2016): Updated existing record with 14 non-zero financial metrics
[2025-03-22 06:35:04,512] INFO: hpe (10/2016): Updated existing record with 18 non-zero financial metrics
[2025-03-22 06:35:04,539] INFO: hpe (1/2017): Updated existing record with 18 non-zero financial metrics
[2025-03-22 06:35:04,566] INFO: hpe (4/2017): Updated existing record with 14 non-zero financial metrics
[2025-03-22 06:35:04,593] INFO: hpe (7/2017): Updated existing record with 14 non-zero financial metrics
[2025-03-22 06:35:04,621] INFO: hpe (10/2017): Updated existing record with 18 non-zero financial metrics
[2025-03-22 06:35:04,651] INFO: hpe (1/2018): Updated existing record with 17 non-zero financial metrics
[2025-03-22 06:35:04,679] INFO: hpe (4/2018): Updated existing record with 13 non-zero financial metrics
[2025-03-22 06:35:04,706] INFO: hpe (7/2018): Updated existing record with 13 non-zero financial metrics
[2025-03-22 06:35:04,734] INFO: hpe (10/2018): Updated existing record with 18 non-zero financial metrics
[2025-03-22 06:35:04,762] INFO: hpe (1/2019): Updated existing record with 17 non-zero financial metrics
[2025-03-22 06:35:04,790] INFO: hpe (4/2019): Updated existing record with 13 non-zero financial metrics
[2025-03-22 06:35:04,819] INFO: hpe (7/2019): Updated existing record with 13 non-zero financial metrics
[2025-03-22 06:35:04,847] INFO: hpe (10/2019): Updated existing record with 18 non-zero financial metrics
[2025-03-22 06:35:04,876] INFO: hpe (1/2020): Updated existing record with 17 non-zero financial metrics
[2025-03-22 06:35:04,904] INFO: hpe (4/2020): Updated existing record with 12 non-zero financial metrics
[2025-03-22 06:35:04,932] INFO: hpe (7/2020): Updated existing record with 13 non-zero financial metrics
[2025-03-22 06:35:04,960] INFO: hpe (10/2020): Updated existing record with 19 non-zero financial metrics
[2025-03-22 06:35:04,975] WARNING: hpe (1/2021): Found zero values for fields: Share Repurchases
[2025-03-22 06:35:04,988] INFO: hpe (1/2021): Updated existing record with 17 non-zero financial metrics
[2025-03-22 06:35:05,014] INFO: hpe (4/2021): Updated existing record with 14 non-zero financial metrics
[2025-03-22 06:35:05,042] INFO: hpe (7/2021): Updated existing record with 14 non-zero financial metrics
[2025-03-22 06:35:05,070] INFO: hpe (10/2021): Updated existing record with 19 non-zero financial metrics
[2025-03-22 06:35:05,098] INFO: hpe (1/2022): Updated existing record with 18 non-zero financial metrics
[2025-03-22 06:35:05,126] INFO: hpe (4/2022): Updated existing record with 14 non-zero financial metrics
[2025-03-22 06:35:05,154] INFO: hpe (7/2022): Updated existing record with 14 non-zero financial metrics
[2025-03-22 06:35:05,182] INFO: hpe (10/2022): Updated existing record with 19 non-zero financial metrics
[2025-03-22 06:35:05,209] INFO: hpe (1/2023): Updated existing record with 17 non-zero financial metrics
[2025-03-22 06:35:05,236] INFO: hpe (4/2023): Updated existing record with 13 non-zero financial metrics
[2025-03-22 06:35:05,263] INFO: hpe (7/2023): Updated existing record with 13 non-zero financial metrics
[2025-03-22 06:35:05,291] INFO: hpe (10/2023): Updated existing record with 19 non-zero financial metrics
[2025-03-22 06:35:05,319] INFO: hpe (1/2024): Updated existing record with 17 non-zero financial metrics
[2025-03-22 06:35:05,346] INFO: hpe (4/2024): Updated existing record with 13 non-zero financial metrics
[2025-03-22 06:35:05,373] INFO: hpe (7/2024): Updated existing record with 13 non-zero financial metrics
[2025-03-22 06:35:05,400] INFO: hpe (10/2024): Updated existing record with 19 non-zero financial metrics
[2025-03-22 06:35:05,419] INFO: Trying adjusted date: 2/2025 (original: 1/2025)
[2025-03-22 06:35:05,432] WARNING: hpe (1/2025): No existing record found(1/2025, 2025-01-31) - creating new one
[2025-03-22 06:35:05,432] INFO: hpe (1/2025): Created new record with 17 non-zero financial metrics
