[2025-03-22 04:36:24,367] INFO: Trying adjusted date: 8/2010 (original: 7/2010)
[2025-03-22 04:36:24,379] WARNING: hrl (7/2010): No existing record found(7/2010, 2010-07-25) - creating new one
[2025-03-22 04:36:24,380] INFO: hrl (7/2010): Created new record with 13 non-zero financial metrics
[2025-03-22 04:36:24,396] INFO: Trying adjusted date: 11/2010 (original: 10/2010)
[2025-03-22 04:36:24,410] WARNING: hrl (10/2010): No existing record found(10/2010, 2010-10-31) - creating new one
[2025-03-22 04:36:24,410] INFO: hrl (10/2010): Created new record with 18 non-zero financial metrics
[2025-03-22 04:36:24,425] INFO: Trying adjusted date: 2/2011 (original: 1/2011)
[2025-03-22 04:36:24,438] WARNING: hrl (1/2011): No existing record found(1/2011, 2011-01-30) - creating new one
[2025-03-22 04:36:24,438] INFO: hrl (1/2011): Created new record with 18 non-zero financial metrics
[2025-03-22 04:36:24,452] INFO: Trying adjusted date: 4/2011 (original: 5/2011)
[2025-03-22 04:36:24,466] WARNING: hrl (5/2011): No existing record found(5/2011, 2011-05-01) - creating new one
[2025-03-22 04:36:24,466] INFO: hrl (5/2011): Created new record with 13 non-zero financial metrics
[2025-03-22 04:36:24,480] INFO: Trying adjusted date: 8/2011 (original: 7/2011)
[2025-03-22 04:36:24,493] WARNING: hrl (7/2011): No existing record found(7/2011, 2011-07-31) - creating new one
[2025-03-22 04:36:24,494] INFO: hrl (7/2011): Created new record with 13 non-zero financial metrics
[2025-03-22 04:36:24,509] INFO: Trying adjusted date: 11/2011 (original: 10/2011)
[2025-03-22 04:36:24,521] WARNING: hrl (10/2011): No existing record found(10/2011, 2011-10-30) - creating new one
[2025-03-22 04:36:24,522] INFO: hrl (10/2011): Created new record with 16 non-zero financial metrics
[2025-03-22 04:36:24,537] INFO: Trying adjusted date: 2/2012 (original: 1/2012)
[2025-03-22 04:36:24,549] WARNING: hrl (1/2012): No existing record found(1/2012, 2012-01-29) - creating new one
[2025-03-22 04:36:24,550] INFO: hrl (1/2012): Created new record with 15 non-zero financial metrics
[2025-03-22 04:36:24,563] INFO: Trying adjusted date: 5/2012 (original: 4/2012)
[2025-03-22 04:36:24,576] WARNING: hrl (4/2012): No existing record found(4/2012, 2012-04-29) - creating new one
[2025-03-22 04:36:24,576] INFO: hrl (4/2012): Created new record with 13 non-zero financial metrics
[2025-03-22 04:36:24,590] INFO: Trying adjusted date: 8/2012 (original: 7/2012)
[2025-03-22 04:36:24,603] WARNING: hrl (7/2012): No existing record found(7/2012, 2012-07-29) - creating new one
[2025-03-22 04:36:24,604] INFO: hrl (7/2012): Created new record with 13 non-zero financial metrics
[2025-03-22 04:36:24,630] INFO: hrl (10/2012): Updated existing record with 16 non-zero financial metrics
[2025-03-22 04:36:24,657] INFO: hrl (1/2013): Updated existing record with 14 non-zero financial metrics
[2025-03-22 04:36:24,684] INFO: hrl (4/2013): Updated existing record with 13 non-zero financial metrics
[2025-03-22 04:36:24,710] INFO: hrl (7/2013): Updated existing record with 13 non-zero financial metrics
[2025-03-22 04:36:24,735] INFO: hrl (10/2013): Updated existing record with 16 non-zero financial metrics
[2025-03-22 04:36:24,761] INFO: hrl (1/2014): Updated existing record with 15 non-zero financial metrics
[2025-03-22 04:36:24,788] INFO: hrl (4/2014): Updated existing record with 14 non-zero financial metrics
[2025-03-22 04:36:24,814] INFO: hrl (7/2014): Updated existing record with 14 non-zero financial metrics
[2025-03-22 04:36:24,841] INFO: hrl (10/2014): Updated existing record with 17 non-zero financial metrics
[2025-03-22 04:36:24,867] INFO: hrl (1/2015): Updated existing record with 15 non-zero financial metrics
[2025-03-22 04:36:24,892] INFO: hrl (4/2015): Updated existing record with 14 non-zero financial metrics
[2025-03-22 04:36:24,919] INFO: hrl (7/2015): Updated existing record with 14 non-zero financial metrics
[2025-03-22 04:36:24,946] INFO: hrl (10/2015): Updated existing record with 17 non-zero financial metrics
[2025-03-22 04:36:24,972] INFO: hrl (1/2016): Updated existing record with 15 non-zero financial metrics
[2025-03-22 04:36:24,999] INFO: hrl (4/2016): Updated existing record with 14 non-zero financial metrics
[2025-03-22 04:36:25,024] INFO: hrl (7/2016): Updated existing record with 14 non-zero financial metrics
[2025-03-22 04:36:25,051] INFO: hrl (10/2016): Updated existing record with 17 non-zero financial metrics
[2025-03-22 04:36:25,078] INFO: hrl (1/2017): Updated existing record with 16 non-zero financial metrics
[2025-03-22 04:36:25,106] INFO: hrl (4/2017): Updated existing record with 14 non-zero financial metrics
[2025-03-22 04:36:25,132] INFO: hrl (7/2017): Updated existing record with 14 non-zero financial metrics
[2025-03-22 04:36:25,159] INFO: hrl (10/2017): Updated existing record with 20 non-zero financial metrics
[2025-03-22 04:36:25,185] INFO: hrl (1/2018): Updated existing record with 19 non-zero financial metrics
[2025-03-22 04:36:25,212] INFO: hrl (4/2018): Updated existing record with 14 non-zero financial metrics
[2025-03-22 04:36:25,238] INFO: hrl (7/2018): Updated existing record with 14 non-zero financial metrics
[2025-03-22 04:36:25,265] INFO: hrl (10/2018): Updated existing record with 19 non-zero financial metrics
[2025-03-22 04:36:25,291] INFO: hrl (1/2019): Updated existing record with 18 non-zero financial metrics
[2025-03-22 04:36:25,320] INFO: hrl (4/2019): Updated existing record with 13 non-zero financial metrics
[2025-03-22 04:36:25,346] INFO: hrl (7/2019): Updated existing record with 13 non-zero financial metrics
[2025-03-22 04:36:25,372] INFO: hrl (10/2019): Updated existing record with 19 non-zero financial metrics
[2025-03-22 04:36:25,386] WARNING: hrl (1/2020): Found zero values for fields: Share Repurchases
[2025-03-22 04:36:25,400] INFO: hrl (1/2020): Updated existing record with 17 non-zero financial metrics
[2025-03-22 04:36:25,426] INFO: hrl (4/2020): Updated existing record with 13 non-zero financial metrics
[2025-03-22 04:36:25,452] INFO: hrl (7/2020): Updated existing record with 13 non-zero financial metrics
[2025-03-22 04:36:25,479] INFO: hrl (10/2020): Updated existing record with 19 non-zero financial metrics
[2025-03-22 04:36:25,505] INFO: hrl (1/2021): Updated existing record with 18 non-zero financial metrics
[2025-03-22 04:36:25,532] INFO: hrl (4/2021): Updated existing record with 13 non-zero financial metrics
[2025-03-22 04:36:25,559] INFO: hrl (7/2021): Updated existing record with 13 non-zero financial metrics
[2025-03-22 04:36:25,586] INFO: hrl (10/2021): Updated existing record with 19 non-zero financial metrics
[2025-03-22 04:36:25,600] WARNING: hrl (1/2022): Found zero values for fields: Share Repurchases
[2025-03-22 04:36:25,613] INFO: hrl (1/2022): Updated existing record with 17 non-zero financial metrics
[2025-03-22 04:36:25,629] INFO: Trying adjusted date: 4/2022 (original: 5/2022)
[2025-03-22 04:36:25,641] INFO: Found existing row with adjusted date: 4/2022
[2025-03-22 04:36:25,654] INFO: hrl (4/2022): Updated existing record with 13 non-zero financial metrics
[2025-03-22 04:36:25,686] INFO: hrl (7/2022): Updated existing record with 13 non-zero financial metrics
[2025-03-22 04:36:25,701] WARNING: hrl (10/2022): Found zero values for fields: Share Repurchases
[2025-03-22 04:36:25,715] INFO: hrl (10/2022): Updated existing record with 18 non-zero financial metrics
[2025-03-22 04:36:25,743] INFO: hrl (1/2023): Updated existing record with 17 non-zero financial metrics
[2025-03-22 04:36:25,769] INFO: hrl (4/2023): Updated existing record with 13 non-zero financial metrics
[2025-03-22 04:36:25,796] INFO: hrl (7/2023): Updated existing record with 13 non-zero financial metrics
[2025-03-22 04:36:25,823] INFO: hrl (10/2023): Updated existing record with 19 non-zero financial metrics
[2025-03-22 04:36:25,851] INFO: hrl (1/2024): Updated existing record with 17 non-zero financial metrics
[2025-03-22 04:36:25,878] INFO: hrl (4/2024): Updated existing record with 13 non-zero financial metrics
[2025-03-22 04:36:25,904] INFO: hrl (7/2024): Updated existing record with 12 non-zero financial metrics
[2025-03-22 04:36:25,919] WARNING: hrl (10/2024): Found zero values for fields: Share Repurchases
[2025-03-22 04:36:25,932] INFO: hrl (10/2024): Updated existing record with 17 non-zero financial metrics
[2025-03-22 04:36:25,946] INFO: Trying adjusted date: 2/2025 (original: 1/2025)
[2025-03-22 04:36:25,959] WARNING: hrl (1/2025): No existing record found(1/2025, 2025-01-26) - creating new one
[2025-03-22 04:36:25,960] INFO: hrl (1/2025): Created new record with 16 non-zero financial metrics
