[2025-03-22 08:19:11,174] INFO: Trying adjusted date: 4/2010 (original: 3/2010)
[2025-03-22 08:19:11,186] WARNING: hst (3/2010): No existing record found(3/2010, 2010-03-26) - creating new one
[2025-03-22 08:19:11,187] INFO: hst (3/2010): Created new record with 12 non-zero financial metrics
[2025-03-22 08:19:11,204] INFO: Trying adjusted date: 7/2010 (original: 6/2010)
[2025-03-22 08:19:11,217] WARNING: hst (6/2010): No existing record found(6/2010, 2010-06-18) - creating new one
[2025-03-22 08:19:11,218] INFO: hst (6/2010): Created new record with 9 non-zero financial metrics
[2025-03-22 08:19:11,234] INFO: Trying adjusted date: 8/2010 (original: 9/2010)
[2025-03-22 08:19:11,248] WARNING: hst (9/2010): No existing record found(9/2010, 2010-09-10) - creating new one
[2025-03-22 08:19:11,248] INFO: hst (9/2010): Created new record with 9 non-zero financial metrics
[2025-03-22 08:19:11,263] INFO: Trying adjusted date: 1/2011 (original: 12/2010)
[2025-03-22 08:19:11,276] WARNING: hst (12/2010): No existing record found(12/2010, 2010-12-31) - creating new one
[2025-03-22 08:19:11,277] INFO: hst (12/2010): Created new record with 2 non-zero financial metrics
[2025-03-22 08:19:11,295] INFO: Trying adjusted date: 4/2011 (original: 3/2011)
[2025-03-22 08:19:11,312] WARNING: hst (3/2011): No existing record found(3/2011, 2011-03-25) - creating new one
[2025-03-22 08:19:11,312] INFO: hst (3/2011): Created new record with 1 non-zero financial metrics
[2025-03-22 08:19:11,327] INFO: Trying adjusted date: 7/2011 (original: 6/2011)
[2025-03-22 08:19:11,341] WARNING: hst (6/2011): No existing record found(6/2011, 2011-06-17) - creating new one
[2025-03-22 08:19:11,341] INFO: hst (6/2011): Created new record with 1 non-zero financial metrics
[2025-03-22 08:19:11,358] INFO: Trying adjusted date: 8/2011 (original: 9/2011)
[2025-03-22 08:19:11,372] WARNING: hst (9/2011): No existing record found(9/2011, 2011-09-09) - creating new one
[2025-03-22 08:19:11,373] INFO: hst (9/2011): Created new record with 1 non-zero financial metrics
[2025-03-22 08:19:11,387] INFO: Trying adjusted date: 1/2012 (original: 12/2011)
[2025-03-22 08:19:11,401] WARNING: hst (12/2011): No existing record found(12/2011, 2011-12-31) - creating new one
[2025-03-22 08:19:11,401] INFO: hst (12/2011): Created new record with 2 non-zero financial metrics
[2025-03-22 08:19:11,417] INFO: Trying adjusted date: 4/2012 (original: 3/2012)
[2025-03-22 08:19:11,429] WARNING: hst (3/2012): No existing record found(3/2012, 2012-03-23) - creating new one
[2025-03-22 08:19:11,430] INFO: hst (3/2012): Created new record with 1 non-zero financial metrics
[2025-03-22 08:19:11,444] INFO: Trying adjusted date: 5/2012 (original: 6/2012)
[2025-03-22 08:19:11,458] WARNING: hst (6/2012): No existing record found(6/2012, 2012-06-15) - creating new one
[2025-03-22 08:19:11,459] INFO: hst (6/2012): Created new record with 1 non-zero financial metrics
[2025-03-22 08:19:11,487] INFO: hst (9/2012): Updated existing record with 1 non-zero financial metrics
[2025-03-22 08:19:11,515] INFO: hst (12/2012): Updated existing record with 3 non-zero financial metrics
[2025-03-22 08:19:11,543] INFO: hst (3/2013): Updated existing record with 1 non-zero financial metrics
[2025-03-22 08:19:11,571] INFO: hst (6/2013): Updated existing record with 1 non-zero financial metrics
[2025-03-22 08:19:11,599] INFO: hst (9/2013): Updated existing record with 10 non-zero financial metrics
[2025-03-22 08:19:11,627] INFO: hst (12/2013): Updated existing record with 14 non-zero financial metrics
[2025-03-22 08:19:11,655] INFO: hst (3/2014): Updated existing record with 13 non-zero financial metrics
[2025-03-22 08:19:11,683] INFO: hst (6/2014): Updated existing record with 10 non-zero financial metrics
[2025-03-22 08:19:11,711] INFO: hst (9/2014): Updated existing record with 10 non-zero financial metrics
[2025-03-22 08:19:11,739] INFO: hst (12/2014): Updated existing record with 12 non-zero financial metrics
[2025-03-22 08:19:11,768] INFO: hst (3/2015): Updated existing record with 11 non-zero financial metrics
[2025-03-22 08:19:11,797] INFO: hst (6/2015): Updated existing record with 10 non-zero financial metrics
[2025-03-22 08:19:11,826] INFO: hst (9/2015): Updated existing record with 10 non-zero financial metrics
[2025-03-22 08:19:11,853] INFO: hst (12/2015): Updated existing record with 13 non-zero financial metrics
[2025-03-22 08:19:11,881] INFO: hst (3/2016): Updated existing record with 12 non-zero financial metrics
[2025-03-22 08:19:11,910] INFO: hst (6/2016): Updated existing record with 10 non-zero financial metrics
[2025-03-22 08:19:11,938] INFO: hst (9/2016): Updated existing record with 10 non-zero financial metrics
[2025-03-22 08:19:11,970] INFO: hst (12/2016): Updated existing record with 13 non-zero financial metrics
[2025-03-22 08:19:11,999] INFO: hst (3/2017): Updated existing record with 11 non-zero financial metrics
[2025-03-22 08:19:12,027] INFO: hst (6/2017): Updated existing record with 10 non-zero financial metrics
[2025-03-22 08:19:12,055] INFO: hst (9/2017): Updated existing record with 10 non-zero financial metrics
[2025-03-22 08:19:12,084] INFO: hst (12/2017): Updated existing record with 12 non-zero financial metrics
[2025-03-22 08:19:12,113] INFO: hst (3/2018): Updated existing record with 11 non-zero financial metrics
[2025-03-22 08:19:12,141] INFO: hst (6/2018): Updated existing record with 10 non-zero financial metrics
[2025-03-22 08:19:12,170] INFO: hst (9/2018): Updated existing record with 10 non-zero financial metrics
[2025-03-22 08:19:12,199] INFO: hst (12/2018): Updated existing record with 14 non-zero financial metrics
[2025-03-22 08:19:12,228] INFO: hst (3/2019): Updated existing record with 13 non-zero financial metrics
[2025-03-22 08:19:12,256] INFO: hst (6/2019): Updated existing record with 10 non-zero financial metrics
[2025-03-22 08:19:12,284] INFO: hst (9/2019): Updated existing record with 10 non-zero financial metrics
[2025-03-22 08:19:12,312] INFO: hst (12/2019): Updated existing record with 15 non-zero financial metrics
[2025-03-22 08:19:12,340] INFO: hst (3/2020): Updated existing record with 13 non-zero financial metrics
[2025-03-22 08:19:12,370] INFO: hst (6/2020): Updated existing record with 10 non-zero financial metrics
[2025-03-22 08:19:12,399] INFO: hst (9/2020): Updated existing record with 10 non-zero financial metrics
[2025-03-22 08:19:12,428] INFO: hst (12/2020): Updated existing record with 15 non-zero financial metrics
[2025-03-22 08:19:12,455] INFO: hst (3/2021): Updated existing record with 13 non-zero financial metrics
[2025-03-22 08:19:12,484] INFO: hst (6/2021): Updated existing record with 10 non-zero financial metrics
[2025-03-22 08:19:12,512] INFO: hst (9/2021): Updated existing record with 10 non-zero financial metrics
[2025-03-22 08:19:12,526] WARNING: hst (12/2021): Found zero values for fields: Share Repurchases
[2025-03-22 08:19:12,540] INFO: hst (12/2021): Updated existing record with 14 non-zero financial metrics
[2025-03-22 08:19:12,568] INFO: hst (3/2022): Updated existing record with 13 non-zero financial metrics
[2025-03-22 08:19:12,597] INFO: hst (6/2022): Updated existing record with 10 non-zero financial metrics
[2025-03-22 08:19:12,624] INFO: hst (9/2022): Updated existing record with 10 non-zero financial metrics
[2025-03-22 08:19:12,652] INFO: hst (12/2022): Updated existing record with 15 non-zero financial metrics
[2025-03-22 08:19:12,681] INFO: hst (3/2023): Updated existing record with 14 non-zero financial metrics
[2025-03-22 08:19:12,709] INFO: hst (6/2023): Updated existing record with 10 non-zero financial metrics
[2025-03-22 08:19:12,738] INFO: hst (9/2023): Updated existing record with 10 non-zero financial metrics
[2025-03-22 08:19:12,766] INFO: hst (12/2023): Updated existing record with 15 non-zero financial metrics
[2025-03-22 08:19:12,781] WARNING: hst (3/2024): Found zero values for fields: Share Repurchases
[2025-03-22 08:19:12,795] INFO: hst (3/2024): Updated existing record with 13 non-zero financial metrics
[2025-03-22 08:19:12,824] INFO: hst (6/2024): Updated existing record with 10 non-zero financial metrics
[2025-03-22 08:19:12,852] INFO: hst (9/2024): Updated existing record with 9 non-zero financial metrics
[2025-03-22 08:19:12,867] INFO: Trying adjusted date: 1/2025 (original: 12/2024)
[2025-03-22 08:19:12,881] WARNING: hst (12/2024): No existing record found(12/2024, 2024-12-31) - creating new one
[2025-03-22 08:19:12,881] INFO: hst (12/2024): Created new record with 14 non-zero financial metrics
