[2025-03-22 01:40:20,832] INFO: Trying adjusted date: 3/2010 (original: 4/2010)
[2025-03-22 01:40:20,843] WARNING: hsy (4/2010): No existing record found(4/2010, 2010-04-04) - creating new one
[2025-03-22 01:40:20,844] INFO: hsy (4/2010): Created new record with 16 non-zero financial metrics
[2025-03-22 01:40:20,859] INFO: Trying adjusted date: 6/2010 (original: 7/2010)
[2025-03-22 01:40:20,871] WARNING: hsy (7/2010): No existing record found(7/2010, 2010-07-04) - creating new one
[2025-03-22 01:40:20,871] INFO: hsy (7/2010): Created new record with 11 non-zero financial metrics
[2025-03-22 01:40:20,884] INFO: Trying adjusted date: 9/2010 (original: 10/2010)
[2025-03-22 01:40:20,897] WARNING: hsy (10/2010): No existing record found(10/2010, 2010-10-03) - creating new one
[2025-03-22 01:40:20,897] INFO: hsy (10/2010): Created new record with 11 non-zero financial metrics
[2025-03-22 01:40:20,910] INFO: Trying adjusted date: 1/2011 (original: 12/2010)
[2025-03-22 01:40:20,922] WARNING: hsy (12/2010): No existing record found(12/2010, 2010-12-31) - creating new one
[2025-03-22 01:40:20,923] INFO: hsy (12/2010): Created new record with 17 non-zero financial metrics
[2025-03-22 01:40:20,936] INFO: Trying adjusted date: 3/2011 (original: 4/2011)
[2025-03-22 01:40:20,948] WARNING: hsy (4/2011): No existing record found(4/2011, 2011-04-03) - creating new one
[2025-03-22 01:40:20,948] INFO: hsy (4/2011): Created new record with 16 non-zero financial metrics
[2025-03-22 01:40:20,962] INFO: Trying adjusted date: 6/2011 (original: 7/2011)
[2025-03-22 01:40:20,974] WARNING: hsy (7/2011): No existing record found(7/2011, 2011-07-03) - creating new one
[2025-03-22 01:40:20,974] INFO: hsy (7/2011): Created new record with 11 non-zero financial metrics
[2025-03-22 01:40:20,987] INFO: Trying adjusted date: 9/2011 (original: 10/2011)
[2025-03-22 01:40:20,999] WARNING: hsy (10/2011): No existing record found(10/2011, 2011-10-02) - creating new one
[2025-03-22 01:40:21,001] INFO: hsy (10/2011): Created new record with 12 non-zero financial metrics
[2025-03-22 01:40:21,014] INFO: Trying adjusted date: 1/2012 (original: 12/2011)
[2025-03-22 01:40:21,027] WARNING: hsy (12/2011): No existing record found(12/2011, 2011-12-31) - creating new one
[2025-03-22 01:40:21,027] INFO: hsy (12/2011): Created new record with 15 non-zero financial metrics
[2025-03-22 01:40:21,041] INFO: Trying adjusted date: 3/2012 (original: 4/2012)
[2025-03-22 01:40:21,052] WARNING: hsy (4/2012): No existing record found(4/2012, 2012-04-01) - creating new one
[2025-03-22 01:40:21,053] INFO: hsy (4/2012): Created new record with 18 non-zero financial metrics
[2025-03-22 01:40:21,067] INFO: Trying adjusted date: 6/2012 (original: 7/2012)
[2025-03-22 01:40:21,079] WARNING: hsy (7/2012): No existing record found(7/2012, 2012-07-01) - creating new one
[2025-03-22 01:40:21,079] INFO: hsy (7/2012): Created new record with 12 non-zero financial metrics
[2025-03-22 01:40:21,104] INFO: hsy (9/2012): Updated existing record with 12 non-zero financial metrics
[2025-03-22 01:40:21,129] INFO: hsy (12/2012): Updated existing record with 19 non-zero financial metrics
[2025-03-22 01:40:21,156] INFO: hsy (3/2013): Updated existing record with 18 non-zero financial metrics
[2025-03-22 01:40:21,181] INFO: hsy (6/2013): Updated existing record with 13 non-zero financial metrics
[2025-03-22 01:40:21,207] INFO: hsy (9/2013): Updated existing record with 13 non-zero financial metrics
[2025-03-22 01:40:21,232] INFO: hsy (12/2013): Updated existing record with 19 non-zero financial metrics
[2025-03-22 01:40:21,259] INFO: hsy (3/2014): Updated existing record with 18 non-zero financial metrics
[2025-03-22 01:40:21,284] INFO: hsy (6/2014): Updated existing record with 13 non-zero financial metrics
[2025-03-22 01:40:21,310] INFO: hsy (9/2014): Updated existing record with 13 non-zero financial metrics
[2025-03-22 01:40:21,335] INFO: hsy (12/2014): Updated existing record with 20 non-zero financial metrics
[2025-03-22 01:40:21,349] INFO: Trying adjusted date: 3/2015 (original: 4/2015)
[2025-03-22 01:40:21,361] INFO: Found existing row with adjusted date: 3/2015
[2025-03-22 01:40:21,374] INFO: hsy (3/2015): Updated existing record with 19 non-zero financial metrics
[2025-03-22 01:40:21,387] INFO: Trying adjusted date: 6/2015 (original: 7/2015)
[2025-03-22 01:40:21,399] INFO: Found existing row with adjusted date: 6/2015
[2025-03-22 01:40:21,412] INFO: hsy (6/2015): Updated existing record with 14 non-zero financial metrics
[2025-03-22 01:40:21,425] INFO: Trying adjusted date: 9/2015 (original: 10/2015)
[2025-03-22 01:40:21,436] INFO: Found existing row with adjusted date: 9/2015
[2025-03-22 01:40:21,448] INFO: hsy (9/2015): Updated existing record with 14 non-zero financial metrics
[2025-03-22 01:40:21,476] INFO: hsy (12/2015): Updated existing record with 20 non-zero financial metrics
[2025-03-22 01:40:21,490] INFO: Trying adjusted date: 3/2016 (original: 4/2016)
[2025-03-22 01:40:21,502] INFO: Found existing row with adjusted date: 3/2016
[2025-03-22 01:40:21,514] INFO: hsy (3/2016): Updated existing record with 19 non-zero financial metrics
[2025-03-22 01:40:21,528] INFO: Trying adjusted date: 6/2016 (original: 7/2016)
[2025-03-22 01:40:21,540] INFO: Found existing row with adjusted date: 6/2016
[2025-03-22 01:40:21,552] INFO: hsy (6/2016): Updated existing record with 14 non-zero financial metrics
[2025-03-22 01:40:21,566] INFO: Trying adjusted date: 9/2016 (original: 10/2016)
[2025-03-22 01:40:21,578] INFO: Found existing row with adjusted date: 9/2016
[2025-03-22 01:40:21,590] INFO: hsy (9/2016): Updated existing record with 14 non-zero financial metrics
[2025-03-22 01:40:21,616] INFO: hsy (12/2016): Updated existing record with 21 non-zero financial metrics
[2025-03-22 01:40:21,629] INFO: Trying adjusted date: 3/2017 (original: 4/2017)
[2025-03-22 01:40:21,641] INFO: Found existing row with adjusted date: 3/2017
[2025-03-22 01:40:21,641] WARNING: hsy (3/2017): Found zero values for fields: Share Repurchases
[2025-03-22 01:40:21,653] INFO: hsy (3/2017): Updated existing record with 19 non-zero financial metrics
[2025-03-22 01:40:21,667] INFO: Trying adjusted date: 6/2017 (original: 7/2017)
[2025-03-22 01:40:21,679] INFO: Found existing row with adjusted date: 6/2017
[2025-03-22 01:40:21,692] INFO: hsy (6/2017): Updated existing record with 15 non-zero financial metrics
[2025-03-22 01:40:21,705] INFO: Trying adjusted date: 9/2017 (original: 10/2017)
[2025-03-22 01:40:21,717] INFO: Found existing row with adjusted date: 9/2017
[2025-03-22 01:40:21,729] INFO: hsy (9/2017): Updated existing record with 15 non-zero financial metrics
[2025-03-22 01:40:21,753] INFO: hsy (12/2017): Updated existing record with 21 non-zero financial metrics
[2025-03-22 01:40:21,767] INFO: Trying adjusted date: 3/2018 (original: 4/2018)
[2025-03-22 01:40:21,779] INFO: Found existing row with adjusted date: 3/2018
[2025-03-22 01:40:21,791] INFO: hsy (3/2018): Updated existing record with 20 non-zero financial metrics
[2025-03-22 01:40:21,805] INFO: Trying adjusted date: 6/2018 (original: 7/2018)
[2025-03-22 01:40:21,816] INFO: Found existing row with adjusted date: 6/2018
[2025-03-22 01:40:21,828] INFO: hsy (6/2018): Updated existing record with 15 non-zero financial metrics
[2025-03-22 01:40:21,853] INFO: hsy (9/2018): Updated existing record with 15 non-zero financial metrics
[2025-03-22 01:40:21,879] INFO: hsy (12/2018): Updated existing record with 21 non-zero financial metrics
[2025-03-22 01:40:21,904] INFO: hsy (3/2019): Updated existing record with 20 non-zero financial metrics
[2025-03-22 01:40:21,929] INFO: hsy (6/2019): Updated existing record with 15 non-zero financial metrics
[2025-03-22 01:40:21,955] INFO: hsy (9/2019): Updated existing record with 14 non-zero financial metrics
[2025-03-22 01:40:21,983] INFO: hsy (12/2019): Updated existing record with 20 non-zero financial metrics
[2025-03-22 01:40:22,009] INFO: hsy (3/2020): Updated existing record with 19 non-zero financial metrics
[2025-03-22 01:40:22,034] INFO: hsy (6/2020): Updated existing record with 14 non-zero financial metrics
[2025-03-22 01:40:22,060] INFO: hsy (9/2020): Updated existing record with 14 non-zero financial metrics
[2025-03-22 01:40:22,085] INFO: hsy (12/2020): Updated existing record with 20 non-zero financial metrics
[2025-03-22 01:40:22,099] INFO: Trying adjusted date: 3/2021 (original: 4/2021)
[2025-03-22 01:40:22,114] INFO: Found existing row with adjusted date: 3/2021
[2025-03-22 01:40:22,127] INFO: hsy (3/2021): Updated existing record with 19 non-zero financial metrics
[2025-03-22 01:40:22,140] INFO: Trying adjusted date: 6/2021 (original: 7/2021)
[2025-03-22 01:40:22,152] INFO: Found existing row with adjusted date: 6/2021
[2025-03-22 01:40:22,163] INFO: hsy (6/2021): Updated existing record with 14 non-zero financial metrics
[2025-03-22 01:40:22,177] INFO: Trying adjusted date: 9/2021 (original: 10/2021)
[2025-03-22 01:40:22,188] INFO: Found existing row with adjusted date: 9/2021
[2025-03-22 01:40:22,201] INFO: hsy (9/2021): Updated existing record with 14 non-zero financial metrics
[2025-03-22 01:40:22,226] INFO: hsy (12/2021): Updated existing record with 19 non-zero financial metrics
[2025-03-22 01:40:22,239] INFO: Trying adjusted date: 3/2022 (original: 4/2022)
[2025-03-22 01:40:22,252] INFO: Found existing row with adjusted date: 3/2022
[2025-03-22 01:40:22,264] INFO: hsy (3/2022): Updated existing record with 18 non-zero financial metrics
[2025-03-22 01:40:22,276] INFO: Trying adjusted date: 6/2022 (original: 7/2022)
[2025-03-22 01:40:22,288] INFO: Found existing row with adjusted date: 6/2022
[2025-03-22 01:40:22,300] INFO: hsy (6/2022): Updated existing record with 13 non-zero financial metrics
[2025-03-22 01:40:22,313] INFO: Trying adjusted date: 9/2022 (original: 10/2022)
[2025-03-22 01:40:22,325] INFO: Found existing row with adjusted date: 9/2022
[2025-03-22 01:40:22,338] INFO: hsy (9/2022): Updated existing record with 13 non-zero financial metrics
[2025-03-22 01:40:22,363] INFO: hsy (12/2022): Updated existing record with 18 non-zero financial metrics
[2025-03-22 01:40:22,376] INFO: Trying adjusted date: 3/2023 (original: 4/2023)
[2025-03-22 01:40:22,388] INFO: Found existing row with adjusted date: 3/2023
[2025-03-22 01:40:22,400] INFO: hsy (3/2023): Updated existing record with 18 non-zero financial metrics
[2025-03-22 01:40:22,414] INFO: Trying adjusted date: 6/2023 (original: 7/2023)
[2025-03-22 01:40:22,426] INFO: Found existing row with adjusted date: 6/2023
[2025-03-22 01:40:22,439] INFO: hsy (6/2023): Updated existing record with 13 non-zero financial metrics
[2025-03-22 01:40:22,452] INFO: Trying adjusted date: 9/2023 (original: 10/2023)
[2025-03-22 01:40:22,463] INFO: Found existing row with adjusted date: 9/2023
[2025-03-22 01:40:22,475] INFO: hsy (9/2023): Updated existing record with 13 non-zero financial metrics
[2025-03-22 01:40:22,500] INFO: hsy (12/2023): Updated existing record with 18 non-zero financial metrics
[2025-03-22 01:40:22,525] INFO: hsy (3/2024): Updated existing record with 18 non-zero financial metrics
[2025-03-22 01:40:22,550] INFO: hsy (6/2024): Updated existing record with 13 non-zero financial metrics
[2025-03-22 01:40:22,578] INFO: hsy (9/2024): Updated existing record with 13 non-zero financial metrics
[2025-03-22 01:40:22,591] INFO: Trying adjusted date: 1/2025 (original: 12/2024)
[2025-03-22 01:40:22,603] WARNING: hsy (12/2024): No existing record found(12/2024, 2024-12-31) - creating new one
[2025-03-22 01:40:22,604] INFO: hsy (12/2024): Created new record with 19 non-zero financial metrics
