[2025-03-22 08:47:07,701] INFO: Trying adjusted date: 7/2010 (original: 6/2010)
[2025-03-22 08:47:07,714] WARNING: hubb (6/2010): No existing record found(6/2010, 2010-06-30) - creating new one
[2025-03-22 08:47:07,714] INFO: hubb (6/2010): Created new record with 13 non-zero financial metrics
[2025-03-22 08:47:07,731] INFO: Trying adjusted date: 10/2010 (original: 9/2010)
[2025-03-22 08:47:07,744] WARNING: hubb (9/2010): No existing record found(9/2010, 2010-09-30) - creating new one
[2025-03-22 08:47:07,745] INFO: hubb (9/2010): Created new record with 13 non-zero financial metrics
[2025-03-22 08:47:07,760] INFO: Trying adjusted date: 1/2011 (original: 12/2010)
[2025-03-22 08:47:07,773] WARNING: hubb (12/2010): No existing record found(12/2010, 2010-12-31) - creating new one
[2025-03-22 08:47:07,774] INFO: hubb (12/2010): Created new record with 18 non-zero financial metrics
[2025-03-22 08:47:07,789] INFO: Trying adjusted date: 4/2011 (original: 3/2011)
[2025-03-22 08:47:07,803] WARNING: hubb (3/2011): No existing record found(3/2011, 2011-03-31) - creating new one
[2025-03-22 08:47:07,804] INFO: hubb (3/2011): Created new record with 17 non-zero financial metrics
[2025-03-22 08:47:07,818] INFO: Trying adjusted date: 7/2011 (original: 6/2011)
[2025-03-22 08:47:07,832] WARNING: hubb (6/2011): No existing record found(6/2011, 2011-06-30) - creating new one
[2025-03-22 08:47:07,832] INFO: hubb (6/2011): Created new record with 13 non-zero financial metrics
[2025-03-22 08:47:07,846] INFO: Trying adjusted date: 10/2011 (original: 9/2011)
[2025-03-22 08:47:07,860] WARNING: hubb (9/2011): No existing record found(9/2011, 2011-09-30) - creating new one
[2025-03-22 08:47:07,861] INFO: hubb (9/2011): Created new record with 13 non-zero financial metrics
[2025-03-22 08:47:07,875] INFO: Trying adjusted date: 1/2012 (original: 12/2011)
[2025-03-22 08:47:07,889] WARNING: hubb (12/2011): No existing record found(12/2011, 2011-12-31) - creating new one
[2025-03-22 08:47:07,889] INFO: hubb (12/2011): Created new record with 18 non-zero financial metrics
[2025-03-22 08:47:07,904] INFO: Trying adjusted date: 4/2012 (original: 3/2012)
[2025-03-22 08:47:07,917] WARNING: hubb (3/2012): No existing record found(3/2012, 2012-03-31) - creating new one
[2025-03-22 08:47:07,918] INFO: hubb (3/2012): Created new record with 17 non-zero financial metrics
[2025-03-22 08:47:07,933] INFO: Trying adjusted date: 7/2012 (original: 6/2012)
[2025-03-22 08:47:07,947] WARNING: hubb (6/2012): No existing record found(6/2012, 2012-06-30) - creating new one
[2025-03-22 08:47:07,947] INFO: hubb (6/2012): Created new record with 13 non-zero financial metrics
[2025-03-22 08:47:07,964] INFO: Trying adjusted date: 10/2012 (original: 9/2012)
[2025-03-22 08:47:07,978] WARNING: hubb (9/2012): No existing record found(9/2012, 2012-09-30) - creating new one
[2025-03-22 08:47:07,978] INFO: hubb (9/2012): Created new record with 13 non-zero financial metrics
[2025-03-22 08:47:07,999] INFO: Trying adjusted date: 1/2013 (original: 12/2012)
[2025-03-22 08:47:08,014] WARNING: hubb (12/2012): No existing record found(12/2012, 2012-12-31) - creating new one
[2025-03-22 08:47:08,014] INFO: hubb (12/2012): Created new record with 18 non-zero financial metrics
[2025-03-22 08:47:08,032] INFO: Trying adjusted date: 4/2013 (original: 3/2013)
[2025-03-22 08:47:08,046] WARNING: hubb (3/2013): Found zero values for fields: Share Repurchases
[2025-03-22 08:47:08,046] WARNING: hubb (3/2013): No existing record found(3/2013, 2013-03-31) - creating new one
[2025-03-22 08:47:08,046] INFO: hubb (3/2013): Created new record with 16 non-zero financial metrics
[2025-03-22 08:47:08,062] INFO: Trying adjusted date: 7/2013 (original: 6/2013)
[2025-03-22 08:47:08,076] WARNING: hubb (6/2013): No existing record found(6/2013, 2013-06-30) - creating new one
[2025-03-22 08:47:08,077] INFO: hubb (6/2013): Created new record with 13 non-zero financial metrics
[2025-03-22 08:47:08,094] INFO: Trying adjusted date: 10/2013 (original: 9/2013)
[2025-03-22 08:47:08,107] WARNING: hubb (9/2013): No existing record found(9/2013, 2013-09-30) - creating new one
[2025-03-22 08:47:08,107] INFO: hubb (9/2013): Created new record with 13 non-zero financial metrics
[2025-03-22 08:47:08,123] INFO: Trying adjusted date: 1/2014 (original: 12/2013)
[2025-03-22 08:47:08,137] WARNING: hubb (12/2013): No existing record found(12/2013, 2013-12-31) - creating new one
[2025-03-22 08:47:08,137] INFO: hubb (12/2013): Created new record with 15 non-zero financial metrics
[2025-03-22 08:47:08,152] INFO: Trying adjusted date: 4/2014 (original: 3/2014)
[2025-03-22 08:47:08,165] WARNING: hubb (3/2014): No existing record found(3/2014, 2014-03-31) - creating new one
[2025-03-22 08:47:08,166] INFO: hubb (3/2014): Created new record with 14 non-zero financial metrics
[2025-03-22 08:47:08,182] INFO: Trying adjusted date: 7/2014 (original: 6/2014)
[2025-03-22 08:47:08,195] WARNING: hubb (6/2014): No existing record found(6/2014, 2014-06-30) - creating new one
[2025-03-22 08:47:08,196] INFO: hubb (6/2014): Created new record with 13 non-zero financial metrics
[2025-03-22 08:47:08,211] INFO: Trying adjusted date: 10/2014 (original: 9/2014)
[2025-03-22 08:47:08,224] WARNING: hubb (9/2014): No existing record found(9/2014, 2014-09-30) - creating new one
[2025-03-22 08:47:08,225] INFO: hubb (9/2014): Created new record with 13 non-zero financial metrics
[2025-03-22 08:47:08,239] INFO: Trying adjusted date: 1/2015 (original: 12/2014)
[2025-03-22 08:47:08,253] WARNING: hubb (12/2014): No existing record found(12/2014, 2014-12-31) - creating new one
[2025-03-22 08:47:08,253] INFO: hubb (12/2014): Created new record with 15 non-zero financial metrics
[2025-03-22 08:47:08,269] INFO: Trying adjusted date: 4/2015 (original: 3/2015)
[2025-03-22 08:47:08,282] WARNING: hubb (3/2015): No existing record found(3/2015, 2015-03-31) - creating new one
[2025-03-22 08:47:08,282] INFO: hubb (3/2015): Created new record with 14 non-zero financial metrics
[2025-03-22 08:47:08,298] INFO: Trying adjusted date: 7/2015 (original: 6/2015)
[2025-03-22 08:47:08,311] WARNING: hubb (6/2015): No existing record found(6/2015, 2015-06-30) - creating new one
[2025-03-22 08:47:08,311] INFO: hubb (6/2015): Created new record with 13 non-zero financial metrics
[2025-03-22 08:47:08,326] INFO: Trying adjusted date: 10/2015 (original: 9/2015)
[2025-03-22 08:47:08,340] WARNING: hubb (9/2015): No existing record found(9/2015, 2015-09-30) - creating new one
[2025-03-22 08:47:08,340] INFO: hubb (9/2015): Created new record with 13 non-zero financial metrics
[2025-03-22 08:47:08,368] INFO: hubb (12/2015): Updated existing record with 18 non-zero financial metrics
[2025-03-22 08:47:08,396] INFO: hubb (3/2016): Updated existing record with 18 non-zero financial metrics
[2025-03-22 08:47:08,424] INFO: hubb (6/2016): Updated existing record with 14 non-zero financial metrics
[2025-03-22 08:47:08,453] INFO: hubb (9/2016): Updated existing record with 14 non-zero financial metrics
[2025-03-22 08:47:08,482] INFO: hubb (12/2016): Updated existing record with 18 non-zero financial metrics
[2025-03-22 08:47:08,510] INFO: hubb (3/2017): Updated existing record with 17 non-zero financial metrics
[2025-03-22 08:47:08,538] INFO: hubb (6/2017): Updated existing record with 13 non-zero financial metrics
[2025-03-22 08:47:08,566] INFO: hubb (9/2017): Updated existing record with 13 non-zero financial metrics
[2025-03-22 08:47:08,595] INFO: hubb (12/2017): Updated existing record with 18 non-zero financial metrics
[2025-03-22 08:47:08,611] WARNING: hubb (3/2018): Found zero values for fields: Share Repurchases
[2025-03-22 08:47:08,624] INFO: hubb (3/2018): Updated existing record with 17 non-zero financial metrics
[2025-03-22 08:47:08,652] INFO: hubb (6/2018): Updated existing record with 14 non-zero financial metrics
[2025-03-22 08:47:08,682] INFO: hubb (9/2018): Updated existing record with 14 non-zero financial metrics
[2025-03-22 08:47:08,712] INFO: hubb (12/2018): Updated existing record with 20 non-zero financial metrics
[2025-03-22 08:47:08,740] INFO: hubb (3/2019): Updated existing record with 18 non-zero financial metrics
[2025-03-22 08:47:08,772] INFO: hubb (6/2019): Updated existing record with 14 non-zero financial metrics
[2025-03-22 08:47:08,800] INFO: hubb (9/2019): Updated existing record with 14 non-zero financial metrics
[2025-03-22 08:47:08,830] INFO: hubb (12/2019): Updated existing record with 20 non-zero financial metrics
[2025-03-22 08:47:08,858] INFO: hubb (3/2020): Updated existing record with 18 non-zero financial metrics
[2025-03-22 08:47:08,886] INFO: hubb (6/2020): Updated existing record with 14 non-zero financial metrics
[2025-03-22 08:47:08,915] INFO: hubb (9/2020): Updated existing record with 14 non-zero financial metrics
[2025-03-22 08:47:08,943] INFO: hubb (12/2020): Updated existing record with 20 non-zero financial metrics
[2025-03-22 08:47:08,971] INFO: hubb (3/2021): Updated existing record with 18 non-zero financial metrics
[2025-03-22 08:47:09,002] INFO: hubb (6/2021): Updated existing record with 14 non-zero financial metrics
[2025-03-22 08:47:09,031] INFO: hubb (9/2021): Updated existing record with 14 non-zero financial metrics
[2025-03-22 08:47:09,061] INFO: hubb (12/2021): Updated existing record with 16 non-zero financial metrics
[2025-03-22 08:47:09,088] INFO: hubb (3/2022): Updated existing record with 16 non-zero financial metrics
[2025-03-22 08:47:09,119] INFO: hubb (6/2022): Updated existing record with 14 non-zero financial metrics
[2025-03-22 08:47:09,147] INFO: hubb (9/2022): Updated existing record with 14 non-zero financial metrics
[2025-03-22 08:47:09,176] INFO: hubb (12/2022): Updated existing record with 16 non-zero financial metrics
[2025-03-22 08:47:09,205] INFO: hubb (3/2023): Updated existing record with 16 non-zero financial metrics
[2025-03-22 08:47:09,232] INFO: hubb (6/2023): Updated existing record with 14 non-zero financial metrics
[2025-03-22 08:47:09,261] INFO: hubb (9/2023): Updated existing record with 14 non-zero financial metrics
[2025-03-22 08:47:09,289] INFO: hubb (12/2023): Updated existing record with 17 non-zero financial metrics
[2025-03-22 08:47:09,318] INFO: hubb (3/2024): Updated existing record with 18 non-zero financial metrics
[2025-03-22 08:47:09,346] INFO: hubb (6/2024): Updated existing record with 14 non-zero financial metrics
[2025-03-22 08:47:09,374] INFO: hubb (9/2024): Updated existing record with 14 non-zero financial metrics
[2025-03-22 08:47:09,402] INFO: hubb (12/2024): Updated existing record with 17 non-zero financial metrics
