[2025-03-22 00:30:26,031] INFO: Trying adjusted date: 4/2010 (original: 3/2010)
[2025-03-22 00:30:26,043] WARNING: hum (3/2010): No existing record found(3/2010, 2010-03-31) - creating new one
[2025-03-22 00:30:26,043] INFO: hum (3/2010): Created new record with 16 non-zero financial metrics
[2025-03-22 00:30:26,058] INFO: Trying adjusted date: 7/2010 (original: 6/2010)
[2025-03-22 00:30:26,071] WARNING: hum (6/2010): No existing record found(6/2010, 2010-06-30) - creating new one
[2025-03-22 00:30:26,071] INFO: hum (6/2010): Created new record with 11 non-zero financial metrics
[2025-03-22 00:30:26,084] INFO: Trying adjusted date: 10/2010 (original: 9/2010)
[2025-03-22 00:30:26,096] WARNING: hum (9/2010): No existing record found(9/2010, 2010-09-30) - creating new one
[2025-03-22 00:30:26,097] INFO: hum (9/2010): Created new record with 11 non-zero financial metrics
[2025-03-22 00:30:26,111] INFO: Trying adjusted date: 1/2011 (original: 12/2010)
[2025-03-22 00:30:26,124] WARNING: hum (12/2010): No existing record found(12/2010, 2010-12-31) - creating new one
[2025-03-22 00:30:26,124] INFO: hum (12/2010): Created new record with 17 non-zero financial metrics
[2025-03-22 00:30:26,138] INFO: Trying adjusted date: 4/2011 (original: 3/2011)
[2025-03-22 00:30:26,150] WARNING: hum (3/2011): No existing record found(3/2011, 2011-03-31) - creating new one
[2025-03-22 00:30:26,150] INFO: hum (3/2011): Created new record with 16 non-zero financial metrics
[2025-03-22 00:30:26,164] INFO: Trying adjusted date: 7/2011 (original: 6/2011)
[2025-03-22 00:30:26,177] WARNING: hum (6/2011): No existing record found(6/2011, 2011-06-30) - creating new one
[2025-03-22 00:30:26,177] INFO: hum (6/2011): Created new record with 11 non-zero financial metrics
[2025-03-22 00:30:26,190] INFO: Trying adjusted date: 10/2011 (original: 9/2011)
[2025-03-22 00:30:26,203] WARNING: hum (9/2011): No existing record found(9/2011, 2011-09-30) - creating new one
[2025-03-22 00:30:26,203] INFO: hum (9/2011): Created new record with 11 non-zero financial metrics
[2025-03-22 00:30:26,216] INFO: Trying adjusted date: 1/2012 (original: 12/2011)
[2025-03-22 00:30:26,228] WARNING: hum (12/2011): No existing record found(12/2011, 2011-12-31) - creating new one
[2025-03-22 00:30:26,229] INFO: hum (12/2011): Created new record with 17 non-zero financial metrics
[2025-03-22 00:30:26,242] INFO: Trying adjusted date: 4/2012 (original: 3/2012)
[2025-03-22 00:30:26,254] WARNING: hum (3/2012): No existing record found(3/2012, 2012-03-31) - creating new one
[2025-03-22 00:30:26,254] INFO: hum (3/2012): Created new record with 16 non-zero financial metrics
[2025-03-22 00:30:26,278] INFO: hum (6/2012): Updated existing record with 11 non-zero financial metrics
[2025-03-22 00:30:26,305] INFO: hum (9/2012): Updated existing record with 11 non-zero financial metrics
[2025-03-22 00:30:26,330] INFO: hum (12/2012): Updated existing record with 17 non-zero financial metrics
[2025-03-22 00:30:26,355] INFO: hum (3/2013): Updated existing record with 16 non-zero financial metrics
[2025-03-22 00:30:26,380] INFO: hum (6/2013): Updated existing record with 11 non-zero financial metrics
[2025-03-22 00:30:26,405] INFO: hum (9/2013): Updated existing record with 11 non-zero financial metrics
[2025-03-22 00:30:26,429] INFO: hum (12/2013): Updated existing record with 17 non-zero financial metrics
[2025-03-22 00:30:26,455] INFO: hum (3/2014): Updated existing record with 16 non-zero financial metrics
[2025-03-22 00:30:26,481] INFO: hum (6/2014): Updated existing record with 11 non-zero financial metrics
[2025-03-22 00:30:26,505] INFO: hum (9/2014): Updated existing record with 11 non-zero financial metrics
[2025-03-22 00:30:26,530] INFO: hum (12/2014): Updated existing record with 16 non-zero financial metrics
[2025-03-22 00:30:26,558] INFO: hum (3/2015): Updated existing record with 16 non-zero financial metrics
[2025-03-22 00:30:26,583] INFO: hum (6/2015): Updated existing record with 11 non-zero financial metrics
[2025-03-22 00:30:26,609] INFO: hum (9/2015): Updated existing record with 11 non-zero financial metrics
[2025-03-22 00:30:26,633] INFO: hum (12/2015): Updated existing record with 16 non-zero financial metrics
[2025-03-22 00:30:26,663] INFO: hum (3/2016): Updated existing record with 16 non-zero financial metrics
[2025-03-22 00:30:26,688] INFO: hum (6/2016): Updated existing record with 11 non-zero financial metrics
[2025-03-22 00:30:26,713] INFO: hum (9/2016): Updated existing record with 11 non-zero financial metrics
[2025-03-22 00:30:26,740] INFO: hum (12/2016): Updated existing record with 16 non-zero financial metrics
[2025-03-22 00:30:26,765] INFO: hum (3/2017): Updated existing record with 16 non-zero financial metrics
[2025-03-22 00:30:26,789] INFO: hum (6/2017): Updated existing record with 11 non-zero financial metrics
[2025-03-22 00:30:26,814] INFO: hum (9/2017): Updated existing record with 11 non-zero financial metrics
[2025-03-22 00:30:26,839] INFO: hum (12/2017): Updated existing record with 16 non-zero financial metrics
[2025-03-22 00:30:26,864] INFO: hum (3/2018): Updated existing record with 16 non-zero financial metrics
[2025-03-22 00:30:26,890] INFO: hum (6/2018): Updated existing record with 11 non-zero financial metrics
[2025-03-22 00:30:26,915] INFO: hum (9/2018): Updated existing record with 11 non-zero financial metrics
[2025-03-22 00:30:26,929] WARNING: hum (12/2018): Found zero values for fields: Deferred Revenue, Capitalized Contract Costs
[2025-03-22 00:30:26,941] INFO: hum (12/2018): Updated existing record with 16 non-zero financial metrics
[2025-03-22 00:30:26,967] INFO: hum (3/2019): Updated existing record with 16 non-zero financial metrics
[2025-03-22 00:30:26,991] INFO: hum (6/2019): Updated existing record with 11 non-zero financial metrics
[2025-03-22 00:30:27,017] INFO: hum (9/2019): Updated existing record with 11 non-zero financial metrics
[2025-03-22 00:30:27,030] WARNING: hum (12/2019): Found zero values for fields: Deferred Revenue, Capitalized Contract Costs
[2025-03-22 00:30:27,042] INFO: hum (12/2019): Updated existing record with 16 non-zero financial metrics
[2025-03-22 00:30:27,069] INFO: hum (3/2020): Updated existing record with 16 non-zero financial metrics
[2025-03-22 00:30:27,096] INFO: hum (6/2020): Updated existing record with 11 non-zero financial metrics
[2025-03-22 00:30:27,120] INFO: hum (9/2020): Updated existing record with 11 non-zero financial metrics
[2025-03-22 00:30:27,145] INFO: hum (12/2020): Updated existing record with 16 non-zero financial metrics
[2025-03-22 00:30:27,170] INFO: hum (3/2021): Updated existing record with 16 non-zero financial metrics
[2025-03-22 00:30:27,195] INFO: hum (6/2021): Updated existing record with 11 non-zero financial metrics
[2025-03-22 00:30:27,220] INFO: hum (9/2021): Updated existing record with 10 non-zero financial metrics
[2025-03-22 00:30:27,245] INFO: hum (12/2021): Updated existing record with 15 non-zero financial metrics
[2025-03-22 00:30:27,271] INFO: hum (3/2022): Updated existing record with 15 non-zero financial metrics
[2025-03-22 00:30:27,296] INFO: hum (6/2022): Updated existing record with 10 non-zero financial metrics
[2025-03-22 00:30:27,322] INFO: hum (9/2022): Updated existing record with 10 non-zero financial metrics
[2025-03-22 00:30:27,348] INFO: hum (12/2022): Updated existing record with 16 non-zero financial metrics
[2025-03-22 00:30:27,373] INFO: hum (3/2023): Updated existing record with 16 non-zero financial metrics
[2025-03-22 00:30:27,398] INFO: hum (6/2023): Updated existing record with 11 non-zero financial metrics
[2025-03-22 00:30:27,423] INFO: hum (9/2023): Updated existing record with 11 non-zero financial metrics
[2025-03-22 00:30:27,449] INFO: hum (12/2023): Updated existing record with 16 non-zero financial metrics
[2025-03-22 00:30:27,473] INFO: hum (3/2024): Updated existing record with 16 non-zero financial metrics
[2025-03-22 00:30:27,498] INFO: hum (6/2024): Updated existing record with 10 non-zero financial metrics
[2025-03-22 00:30:27,525] INFO: hum (9/2024): Updated existing record with 10 non-zero financial metrics
[2025-03-22 00:30:27,538] INFO: Trying adjusted date: 1/2025 (original: 12/2024)
[2025-03-22 00:30:27,550] WARNING: hum (12/2024): No existing record found(12/2024, 2024-12-31) - creating new one
[2025-03-22 00:30:27,550] INFO: hum (12/2024): Created new record with 15 non-zero financial metrics
