[2025-03-22 14:38:22,907] INFO: Trying adjusted date: 7/2010 (original: 6/2010)
[2025-03-22 14:38:22,920] WARNING: hun (6/2010): No existing record found(6/2010, 2010-06-30) - creating new one
[2025-03-22 14:38:22,921] INFO: hun (6/2010): Created new record with 15 non-zero financial metrics
[2025-03-22 14:38:22,938] INFO: Trying adjusted date: 10/2010 (original: 9/2010)
[2025-03-22 14:38:22,953] WARNING: hun (9/2010): No existing record found(9/2010, 2010-09-30) - creating new one
[2025-03-22 14:38:22,953] INFO: hun (9/2010): Created new record with 15 non-zero financial metrics
[2025-03-22 14:38:22,969] INFO: Trying adjusted date: 1/2011 (original: 12/2010)
[2025-03-22 14:38:22,984] WARNING: hun (12/2010): No existing record found(12/2010, 2010-12-31) - creating new one
[2025-03-22 14:38:22,984] INFO: hun (12/2010): Created new record with 19 non-zero financial metrics
[2025-03-22 14:38:23,000] INFO: Trying adjusted date: 4/2011 (original: 3/2011)
[2025-03-22 14:38:23,015] WARNING: hun (3/2011): No existing record found(3/2011, 2011-03-31) - creating new one
[2025-03-22 14:38:23,016] INFO: hun (3/2011): Created new record with 19 non-zero financial metrics
[2025-03-22 14:38:23,032] INFO: Trying adjusted date: 7/2011 (original: 6/2011)
[2025-03-22 14:38:23,046] WARNING: hun (6/2011): No existing record found(6/2011, 2011-06-30) - creating new one
[2025-03-22 14:38:23,047] INFO: hun (6/2011): Created new record with 16 non-zero financial metrics
[2025-03-22 14:38:23,063] INFO: Trying adjusted date: 10/2011 (original: 9/2011)
[2025-03-22 14:38:23,077] WARNING: hun (9/2011): No existing record found(9/2011, 2011-09-30) - creating new one
[2025-03-22 14:38:23,078] INFO: hun (9/2011): Created new record with 16 non-zero financial metrics
[2025-03-22 14:38:23,094] INFO: Trying adjusted date: 1/2012 (original: 12/2011)
[2025-03-22 14:38:23,108] WARNING: hun (12/2011): No existing record found(12/2011, 2011-12-31) - creating new one
[2025-03-22 14:38:23,109] INFO: hun (12/2011): Created new record with 22 non-zero financial metrics
[2025-03-22 14:38:23,125] INFO: Trying adjusted date: 4/2012 (original: 3/2012)
[2025-03-22 14:38:23,139] WARNING: hun (3/2012): No existing record found(3/2012, 2012-03-31) - creating new one
[2025-03-22 14:38:23,139] INFO: hun (3/2012): Created new record with 20 non-zero financial metrics
[2025-03-22 14:38:23,155] INFO: Trying adjusted date: 7/2012 (original: 6/2012)
[2025-03-22 14:38:23,169] WARNING: hun (6/2012): No existing record found(6/2012, 2012-06-30) - creating new one
[2025-03-22 14:38:23,170] INFO: hun (6/2012): Created new record with 16 non-zero financial metrics
[2025-03-22 14:38:23,200] INFO: hun (9/2012): Updated existing record with 15 non-zero financial metrics
[2025-03-22 14:38:23,232] INFO: hun (12/2012): Updated existing record with 20 non-zero financial metrics
[2025-03-22 14:38:23,262] INFO: hun (3/2013): Updated existing record with 19 non-zero financial metrics
[2025-03-22 14:38:23,294] INFO: hun (6/2013): Updated existing record with 15 non-zero financial metrics
[2025-03-22 14:38:23,331] INFO: hun (9/2013): Updated existing record with 15 non-zero financial metrics
[2025-03-22 14:38:23,360] INFO: hun (12/2013): Updated existing record with 20 non-zero financial metrics
[2025-03-22 14:38:23,393] INFO: hun (3/2014): Updated existing record with 19 non-zero financial metrics
[2025-03-22 14:38:23,424] INFO: hun (6/2014): Updated existing record with 15 non-zero financial metrics
[2025-03-22 14:38:23,455] INFO: hun (9/2014): Updated existing record with 15 non-zero financial metrics
[2025-03-22 14:38:23,486] INFO: hun (12/2014): Updated existing record with 20 non-zero financial metrics
[2025-03-22 14:38:23,517] INFO: hun (3/2015): Updated existing record with 19 non-zero financial metrics
[2025-03-22 14:38:23,547] INFO: hun (6/2015): Updated existing record with 15 non-zero financial metrics
[2025-03-22 14:38:23,577] INFO: hun (9/2015): Updated existing record with 15 non-zero financial metrics
[2025-03-22 14:38:23,609] INFO: hun (12/2015): Updated existing record with 20 non-zero financial metrics
[2025-03-22 14:38:23,639] INFO: hun (3/2016): Updated existing record with 19 non-zero financial metrics
[2025-03-22 14:38:23,669] INFO: hun (6/2016): Updated existing record with 15 non-zero financial metrics
[2025-03-22 14:38:23,700] INFO: hun (9/2016): Updated existing record with 15 non-zero financial metrics
[2025-03-22 14:38:23,731] INFO: hun (12/2016): Updated existing record with 19 non-zero financial metrics
[2025-03-22 14:38:23,762] INFO: hun (3/2017): Updated existing record with 19 non-zero financial metrics
[2025-03-22 14:38:23,792] INFO: hun (6/2017): Updated existing record with 15 non-zero financial metrics
[2025-03-22 14:38:23,825] INFO: hun (9/2017): Updated existing record with 15 non-zero financial metrics
[2025-03-22 14:38:23,856] INFO: hun (12/2017): Updated existing record with 19 non-zero financial metrics
[2025-03-22 14:38:23,889] INFO: hun (3/2018): Updated existing record with 19 non-zero financial metrics
[2025-03-22 14:38:23,919] INFO: hun (6/2018): Updated existing record with 15 non-zero financial metrics
[2025-03-22 14:38:23,950] INFO: hun (9/2018): Updated existing record with 15 non-zero financial metrics
[2025-03-22 14:38:23,979] INFO: hun (12/2018): Updated existing record with 20 non-zero financial metrics
[2025-03-22 14:38:24,010] INFO: hun (3/2019): Updated existing record with 20 non-zero financial metrics
[2025-03-22 14:38:24,040] INFO: hun (6/2019): Updated existing record with 15 non-zero financial metrics
[2025-03-22 14:38:24,072] INFO: hun (9/2019): Updated existing record with 15 non-zero financial metrics
[2025-03-22 14:38:24,103] INFO: hun (12/2019): Updated existing record with 20 non-zero financial metrics
[2025-03-22 14:38:24,133] INFO: hun (3/2020): Updated existing record with 20 non-zero financial metrics
[2025-03-22 14:38:24,163] INFO: hun (6/2020): Updated existing record with 15 non-zero financial metrics
[2025-03-22 14:38:24,194] INFO: hun (9/2020): Updated existing record with 15 non-zero financial metrics
[2025-03-22 14:38:24,228] INFO: hun (12/2020): Updated existing record with 20 non-zero financial metrics
[2025-03-22 14:38:24,245] WARNING: hun (3/2021): Found zero values for fields: Share Repurchases
[2025-03-22 14:38:24,259] INFO: hun (3/2021): Updated existing record with 19 non-zero financial metrics
[2025-03-22 14:38:24,290] INFO: hun (6/2021): Updated existing record with 15 non-zero financial metrics
[2025-03-22 14:38:24,321] INFO: hun (9/2021): Updated existing record with 15 non-zero financial metrics
[2025-03-22 14:38:24,352] INFO: hun (12/2021): Updated existing record with 20 non-zero financial metrics
[2025-03-22 14:38:24,383] INFO: hun (3/2022): Updated existing record with 20 non-zero financial metrics
[2025-03-22 14:38:24,414] INFO: hun (6/2022): Updated existing record with 15 non-zero financial metrics
[2025-03-22 14:38:24,445] INFO: hun (9/2022): Updated existing record with 15 non-zero financial metrics
[2025-03-22 14:38:24,475] INFO: hun (12/2022): Updated existing record with 20 non-zero financial metrics
[2025-03-22 14:38:24,506] INFO: hun (3/2023): Updated existing record with 20 non-zero financial metrics
[2025-03-22 14:38:24,536] INFO: hun (6/2023): Updated existing record with 15 non-zero financial metrics
[2025-03-22 14:38:24,552] WARNING: hun (9/2023): Found zero values for fields: Net Income, EPS Diluted
[2025-03-22 14:38:24,566] INFO: hun (9/2023): Updated existing record with 13 non-zero financial metrics
[2025-03-22 14:38:24,598] INFO: hun (12/2023): Updated existing record with 20 non-zero financial metrics
[2025-03-22 14:38:24,628] INFO: hun (3/2024): Updated existing record with 20 non-zero financial metrics
[2025-03-22 14:38:24,659] INFO: hun (6/2024): Updated existing record with 15 non-zero financial metrics
[2025-03-22 14:38:24,689] INFO: hun (9/2024): Updated existing record with 15 non-zero financial metrics
[2025-03-22 14:38:24,708] INFO: Trying adjusted date: 1/2025 (original: 12/2024)
[2025-03-22 14:38:24,722] WARNING: hun (12/2024): No existing record found(12/2024, 2024-12-31) - creating new one
[2025-03-22 14:38:24,722] INFO: hun (12/2024): Created new record with 20 non-zero financial metrics
