[2025-03-22 07:03:48,307] INFO: Trying adjusted date: 7/2010 (original: 6/2010)
[2025-03-22 07:03:48,320] WARNING: iex (6/2010): No existing record found(6/2010, 2010-06-30) - creating new one
[2025-03-22 07:03:48,321] INFO: iex (6/2010): Created new record with 14 non-zero financial metrics
[2025-03-22 07:03:48,335] INFO: Trying adjusted date: 10/2010 (original: 9/2010)
[2025-03-22 07:03:48,348] WARNING: iex (9/2010): No existing record found(9/2010, 2010-09-30) - creating new one
[2025-03-22 07:03:48,348] INFO: iex (9/2010): Created new record with 14 non-zero financial metrics
[2025-03-22 07:03:48,362] INFO: Trying adjusted date: 1/2011 (original: 12/2010)
[2025-03-22 07:03:48,375] WARNING: iex (12/2010): No existing record found(12/2010, 2010-12-31) - creating new one
[2025-03-22 07:03:48,376] INFO: iex (12/2010): Created new record with 18 non-zero financial metrics
[2025-03-22 07:03:48,390] INFO: Trying adjusted date: 4/2011 (original: 3/2011)
[2025-03-22 07:03:48,404] WARNING: iex (3/2011): No existing record found(3/2011, 2011-03-31) - creating new one
[2025-03-22 07:03:48,404] INFO: iex (3/2011): Created new record with 18 non-zero financial metrics
[2025-03-22 07:03:48,418] INFO: Trying adjusted date: 7/2011 (original: 6/2011)
[2025-03-22 07:03:48,431] WARNING: iex (6/2011): No existing record found(6/2011, 2011-06-30) - creating new one
[2025-03-22 07:03:48,432] INFO: iex (6/2011): Created new record with 15 non-zero financial metrics
[2025-03-22 07:03:48,446] INFO: Trying adjusted date: 10/2011 (original: 9/2011)
[2025-03-22 07:03:48,459] WARNING: iex (9/2011): No existing record found(9/2011, 2011-09-30) - creating new one
[2025-03-22 07:03:48,459] INFO: iex (9/2011): Created new record with 15 non-zero financial metrics
[2025-03-22 07:03:48,474] INFO: Trying adjusted date: 1/2012 (original: 12/2011)
[2025-03-22 07:03:48,487] WARNING: iex (12/2011): No existing record found(12/2011, 2011-12-31) - creating new one
[2025-03-22 07:03:48,488] INFO: iex (12/2011): Created new record with 20 non-zero financial metrics
[2025-03-22 07:03:48,504] INFO: Trying adjusted date: 4/2012 (original: 3/2012)
[2025-03-22 07:03:48,517] WARNING: iex (3/2012): No existing record found(3/2012, 2012-03-31) - creating new one
[2025-03-22 07:03:48,518] INFO: iex (3/2012): Created new record with 20 non-zero financial metrics
[2025-03-22 07:03:48,532] INFO: Trying adjusted date: 7/2012 (original: 6/2012)
[2025-03-22 07:03:48,545] WARNING: iex (6/2012): No existing record found(6/2012, 2012-06-30) - creating new one
[2025-03-22 07:03:48,546] INFO: iex (6/2012): Created new record with 15 non-zero financial metrics
[2025-03-22 07:03:48,573] INFO: iex (9/2012): Updated existing record with 14 non-zero financial metrics
[2025-03-22 07:03:48,602] INFO: iex (12/2012): Updated existing record with 21 non-zero financial metrics
[2025-03-22 07:03:48,631] INFO: iex (3/2013): Updated existing record with 20 non-zero financial metrics
[2025-03-22 07:03:48,658] INFO: iex (6/2013): Updated existing record with 15 non-zero financial metrics
[2025-03-22 07:03:48,688] INFO: iex (9/2013): Updated existing record with 15 non-zero financial metrics
[2025-03-22 07:03:48,716] INFO: iex (12/2013): Updated existing record with 21 non-zero financial metrics
[2025-03-22 07:03:48,742] INFO: iex (3/2014): Updated existing record with 20 non-zero financial metrics
[2025-03-22 07:03:48,771] INFO: iex (6/2014): Updated existing record with 15 non-zero financial metrics
[2025-03-22 07:03:48,798] INFO: iex (9/2014): Updated existing record with 15 non-zero financial metrics
[2025-03-22 07:03:48,829] INFO: iex (12/2014): Updated existing record with 21 non-zero financial metrics
[2025-03-22 07:03:48,857] INFO: iex (3/2015): Updated existing record with 20 non-zero financial metrics
[2025-03-22 07:03:48,887] INFO: iex (6/2015): Updated existing record with 15 non-zero financial metrics
[2025-03-22 07:03:48,915] INFO: iex (9/2015): Updated existing record with 15 non-zero financial metrics
[2025-03-22 07:03:48,943] INFO: iex (12/2015): Updated existing record with 21 non-zero financial metrics
[2025-03-22 07:03:48,972] INFO: iex (3/2016): Updated existing record with 20 non-zero financial metrics
[2025-03-22 07:03:48,999] INFO: iex (6/2016): Updated existing record with 15 non-zero financial metrics
[2025-03-22 07:03:49,027] INFO: iex (9/2016): Updated existing record with 15 non-zero financial metrics
[2025-03-22 07:03:49,055] INFO: iex (12/2016): Updated existing record with 21 non-zero financial metrics
[2025-03-22 07:03:49,082] INFO: iex (3/2017): Updated existing record with 20 non-zero financial metrics
[2025-03-22 07:03:49,109] INFO: iex (6/2017): Updated existing record with 15 non-zero financial metrics
[2025-03-22 07:03:49,138] INFO: iex (9/2017): Updated existing record with 15 non-zero financial metrics
[2025-03-22 07:03:49,168] INFO: iex (12/2017): Updated existing record with 21 non-zero financial metrics
[2025-03-22 07:03:49,183] WARNING: iex (3/2018): Found zero values for fields: Share Repurchases
[2025-03-22 07:03:49,196] INFO: iex (3/2018): Updated existing record with 20 non-zero financial metrics
[2025-03-22 07:03:49,224] INFO: iex (6/2018): Updated existing record with 17 non-zero financial metrics
[2025-03-22 07:03:49,253] INFO: iex (9/2018): Updated existing record with 17 non-zero financial metrics
[2025-03-22 07:03:49,284] INFO: iex (12/2018): Updated existing record with 23 non-zero financial metrics
[2025-03-22 07:03:49,310] INFO: iex (3/2019): Updated existing record with 22 non-zero financial metrics
[2025-03-22 07:03:49,338] INFO: iex (6/2019): Updated existing record with 17 non-zero financial metrics
[2025-03-22 07:03:49,368] INFO: iex (9/2019): Updated existing record with 17 non-zero financial metrics
[2025-03-22 07:03:49,396] INFO: iex (12/2019): Updated existing record with 22 non-zero financial metrics
[2025-03-22 07:03:49,423] INFO: iex (3/2020): Updated existing record with 22 non-zero financial metrics
[2025-03-22 07:03:49,451] INFO: iex (6/2020): Updated existing record with 17 non-zero financial metrics
[2025-03-22 07:03:49,479] INFO: iex (9/2020): Updated existing record with 17 non-zero financial metrics
[2025-03-22 07:03:49,508] INFO: iex (12/2020): Updated existing record with 22 non-zero financial metrics
[2025-03-22 07:03:49,522] WARNING: iex (3/2021): Found zero values for fields: Share Repurchases
[2025-03-22 07:03:49,537] INFO: iex (3/2021): Updated existing record with 21 non-zero financial metrics
[2025-03-22 07:03:49,563] INFO: iex (6/2021): Updated existing record with 17 non-zero financial metrics
[2025-03-22 07:03:49,591] INFO: iex (9/2021): Updated existing record with 17 non-zero financial metrics
[2025-03-22 07:03:49,605] WARNING: iex (12/2021): Found zero values for fields: Share Repurchases
[2025-03-22 07:03:49,618] INFO: iex (12/2021): Updated existing record with 21 non-zero financial metrics
[2025-03-22 07:03:49,646] INFO: iex (3/2022): Updated existing record with 22 non-zero financial metrics
[2025-03-22 07:03:49,674] INFO: iex (6/2022): Updated existing record with 17 non-zero financial metrics
[2025-03-22 07:03:49,706] INFO: iex (9/2022): Updated existing record with 17 non-zero financial metrics
[2025-03-22 07:03:49,721] WARNING: iex (12/2022): Found zero values for fields: Loan Loss Reserves
[2025-03-22 07:03:49,735] INFO: iex (12/2022): Updated existing record with 22 non-zero financial metrics
[2025-03-22 07:03:49,750] WARNING: iex (3/2023): Found zero values for fields: Share Repurchases
[2025-03-22 07:03:49,763] INFO: iex (3/2023): Updated existing record with 21 non-zero financial metrics
[2025-03-22 07:03:49,790] INFO: iex (6/2023): Updated existing record with 17 non-zero financial metrics
[2025-03-22 07:03:49,818] INFO: iex (9/2023): Updated existing record with 17 non-zero financial metrics
[2025-03-22 07:03:49,846] INFO: iex (12/2023): Updated existing record with 23 non-zero financial metrics
[2025-03-22 07:03:49,873] INFO: iex (3/2024): Updated existing record with 21 non-zero financial metrics
[2025-03-22 07:03:49,901] INFO: iex (6/2024): Updated existing record with 17 non-zero financial metrics
[2025-03-22 07:03:49,930] INFO: iex (9/2024): Updated existing record with 16 non-zero financial metrics
[2025-03-22 07:03:49,945] WARNING: iex (12/2024): Found zero values for fields: Share Repurchases
[2025-03-22 07:03:49,958] INFO: iex (12/2024): Updated existing record with 21 non-zero financial metrics
