[2025-03-22 04:14:27,754] INFO: Trying adjusted date: 7/2010 (original: 6/2010)
[2025-03-22 04:14:27,766] WARNING: iff (6/2010): No existing record found(6/2010, 2010-06-30) - creating new one
[2025-03-22 04:14:27,766] INFO: iff (6/2010): Created new record with 11 non-zero financial metrics
[2025-03-22 04:14:27,781] INFO: Trying adjusted date: 10/2010 (original: 9/2010)
[2025-03-22 04:14:27,795] WARNING: iff (9/2010): No existing record found(9/2010, 2010-09-30) - creating new one
[2025-03-22 04:14:27,796] INFO: iff (9/2010): Created new record with 11 non-zero financial metrics
[2025-03-22 04:14:27,810] INFO: Trying adjusted date: 1/2011 (original: 12/2010)
[2025-03-22 04:14:27,823] WARNING: iff (12/2010): No existing record found(12/2010, 2010-12-31) - creating new one
[2025-03-22 04:14:27,823] INFO: iff (12/2010): Created new record with 15 non-zero financial metrics
[2025-03-22 04:14:27,837] INFO: Trying adjusted date: 4/2011 (original: 3/2011)
[2025-03-22 04:14:27,850] WARNING: iff (3/2011): No existing record found(3/2011, 2011-03-31) - creating new one
[2025-03-22 04:14:27,851] INFO: iff (3/2011): Created new record with 15 non-zero financial metrics
[2025-03-22 04:14:27,864] INFO: Trying adjusted date: 7/2011 (original: 6/2011)
[2025-03-22 04:14:27,876] WARNING: iff (6/2011): No existing record found(6/2011, 2011-06-30) - creating new one
[2025-03-22 04:14:27,877] INFO: iff (6/2011): Created new record with 13 non-zero financial metrics
[2025-03-22 04:14:27,892] INFO: Trying adjusted date: 10/2011 (original: 9/2011)
[2025-03-22 04:14:27,904] WARNING: iff (9/2011): No existing record found(9/2011, 2011-09-30) - creating new one
[2025-03-22 04:14:27,905] INFO: iff (9/2011): Created new record with 13 non-zero financial metrics
[2025-03-22 04:14:27,918] INFO: Trying adjusted date: 1/2012 (original: 12/2011)
[2025-03-22 04:14:27,931] WARNING: iff (12/2011): No existing record found(12/2011, 2011-12-31) - creating new one
[2025-03-22 04:14:27,932] INFO: iff (12/2011): Created new record with 17 non-zero financial metrics
[2025-03-22 04:14:27,946] INFO: Trying adjusted date: 4/2012 (original: 3/2012)
[2025-03-22 04:14:27,958] WARNING: iff (3/2012): No existing record found(3/2012, 2012-03-31) - creating new one
[2025-03-22 04:14:27,958] INFO: iff (3/2012): Created new record with 17 non-zero financial metrics
[2025-03-22 04:14:27,973] INFO: Trying adjusted date: 7/2012 (original: 6/2012)
[2025-03-22 04:14:27,986] WARNING: iff (6/2012): No existing record found(6/2012, 2012-06-30) - creating new one
[2025-03-22 04:14:27,987] INFO: iff (6/2012): Created new record with 13 non-zero financial metrics
[2025-03-22 04:14:28,017] INFO: iff (9/2012): Updated existing record with 13 non-zero financial metrics
[2025-03-22 04:14:28,042] INFO: iff (12/2012): Updated existing record with 17 non-zero financial metrics
[2025-03-22 04:14:28,070] INFO: iff (3/2013): Updated existing record with 18 non-zero financial metrics
[2025-03-22 04:14:28,099] INFO: iff (6/2013): Updated existing record with 13 non-zero financial metrics
[2025-03-22 04:14:28,126] INFO: iff (9/2013): Updated existing record with 13 non-zero financial metrics
[2025-03-22 04:14:28,153] INFO: iff (12/2013): Updated existing record with 18 non-zero financial metrics
[2025-03-22 04:14:28,180] INFO: iff (3/2014): Updated existing record with 18 non-zero financial metrics
[2025-03-22 04:14:28,205] INFO: iff (6/2014): Updated existing record with 13 non-zero financial metrics
[2025-03-22 04:14:28,234] INFO: iff (9/2014): Updated existing record with 13 non-zero financial metrics
[2025-03-22 04:14:28,262] INFO: iff (12/2014): Updated existing record with 19 non-zero financial metrics
[2025-03-22 04:14:28,288] INFO: iff (3/2015): Updated existing record with 19 non-zero financial metrics
[2025-03-22 04:14:28,314] INFO: iff (6/2015): Updated existing record with 14 non-zero financial metrics
[2025-03-22 04:14:28,341] INFO: iff (9/2015): Updated existing record with 14 non-zero financial metrics
[2025-03-22 04:14:28,368] INFO: iff (12/2015): Updated existing record with 19 non-zero financial metrics
[2025-03-22 04:14:28,395] INFO: iff (3/2016): Updated existing record with 19 non-zero financial metrics
[2025-03-22 04:14:28,422] INFO: iff (6/2016): Updated existing record with 14 non-zero financial metrics
[2025-03-22 04:14:28,452] INFO: iff (9/2016): Updated existing record with 14 non-zero financial metrics
[2025-03-22 04:14:28,480] INFO: iff (12/2016): Updated existing record with 19 non-zero financial metrics
[2025-03-22 04:14:28,508] INFO: iff (3/2017): Updated existing record with 19 non-zero financial metrics
[2025-03-22 04:14:28,534] INFO: iff (6/2017): Updated existing record with 14 non-zero financial metrics
[2025-03-22 04:14:28,561] INFO: iff (9/2017): Updated existing record with 14 non-zero financial metrics
[2025-03-22 04:14:28,588] INFO: iff (12/2017): Updated existing record with 19 non-zero financial metrics
[2025-03-22 04:14:28,616] INFO: iff (3/2018): Updated existing record with 21 non-zero financial metrics
[2025-03-22 04:14:28,642] INFO: iff (6/2018): Updated existing record with 16 non-zero financial metrics
[2025-03-22 04:14:28,669] INFO: iff (9/2018): Updated existing record with 15 non-zero financial metrics
[2025-03-22 04:14:28,696] INFO: iff (12/2018): Updated existing record with 21 non-zero financial metrics
[2025-03-22 04:14:28,710] WARNING: iff (3/2019): Found zero values for fields: Share Repurchases
[2025-03-22 04:14:28,723] INFO: iff (3/2019): Updated existing record with 19 non-zero financial metrics
[2025-03-22 04:14:28,750] INFO: iff (6/2019): Updated existing record with 15 non-zero financial metrics
[2025-03-22 04:14:28,776] INFO: iff (9/2019): Updated existing record with 15 non-zero financial metrics
[2025-03-22 04:14:28,791] WARNING: iff (12/2019): Found zero values for fields: Share Repurchases
[2025-03-22 04:14:28,803] INFO: iff (12/2019): Updated existing record with 20 non-zero financial metrics
[2025-03-22 04:14:28,830] INFO: iff (3/2020): Updated existing record with 20 non-zero financial metrics
[2025-03-22 04:14:28,857] INFO: iff (6/2020): Updated existing record with 16 non-zero financial metrics
[2025-03-22 04:14:28,883] INFO: iff (9/2020): Updated existing record with 16 non-zero financial metrics
[2025-03-22 04:14:28,897] WARNING: iff (12/2020): Found zero values for fields: Share Repurchases
[2025-03-22 04:14:28,910] INFO: iff (12/2020): Updated existing record with 21 non-zero financial metrics
[2025-03-22 04:14:28,937] INFO: iff (3/2021): Updated existing record with 19 non-zero financial metrics
[2025-03-22 04:14:28,963] INFO: iff (6/2021): Updated existing record with 15 non-zero financial metrics
[2025-03-22 04:14:28,989] INFO: iff (9/2021): Updated existing record with 15 non-zero financial metrics
[2025-03-22 04:14:29,018] INFO: iff (12/2021): Updated existing record with 20 non-zero financial metrics
[2025-03-22 04:14:29,045] INFO: iff (3/2022): Updated existing record with 19 non-zero financial metrics
[2025-03-22 04:14:29,071] INFO: iff (6/2022): Updated existing record with 15 non-zero financial metrics
[2025-03-22 04:14:29,098] INFO: iff (9/2022): Updated existing record with 15 non-zero financial metrics
[2025-03-22 04:14:29,125] INFO: iff (12/2022): Updated existing record with 20 non-zero financial metrics
[2025-03-22 04:14:29,153] INFO: iff (3/2023): Updated existing record with 19 non-zero financial metrics
[2025-03-22 04:14:29,180] INFO: iff (6/2023): Updated existing record with 15 non-zero financial metrics
[2025-03-22 04:14:29,206] INFO: iff (9/2023): Updated existing record with 15 non-zero financial metrics
[2025-03-22 04:14:29,235] INFO: iff (12/2023): Updated existing record with 20 non-zero financial metrics
[2025-03-22 04:14:29,262] INFO: iff (3/2024): Updated existing record with 19 non-zero financial metrics
[2025-03-22 04:14:29,289] INFO: iff (6/2024): Updated existing record with 15 non-zero financial metrics
[2025-03-22 04:14:29,315] INFO: iff (9/2024): Updated existing record with 15 non-zero financial metrics
[2025-03-22 04:14:29,329] INFO: Trying adjusted date: 1/2025 (original: 12/2024)
[2025-03-22 04:14:29,342] WARNING: iff (12/2024): No existing record found(12/2024, 2024-12-31) - creating new one
[2025-03-22 04:14:29,342] INFO: iff (12/2024): Created new record with 19 non-zero financial metrics
