[2025-03-22 03:26:16,692] INFO: Trying adjusted date: 6/2010 (original: 7/2010)
[2025-03-22 03:26:16,706] WARNING: ilmn (7/2010): No existing record found(7/2010, 2010-07-04) - creating new one
[2025-03-22 03:26:16,706] INFO: ilmn (7/2010): Created new record with 15 non-zero financial metrics
[2025-03-22 03:26:16,722] INFO: Trying adjusted date: 9/2010 (original: 10/2010)
[2025-03-22 03:26:16,734] WARNING: ilmn (10/2010): No existing record found(10/2010, 2010-10-03) - creating new one
[2025-03-22 03:26:16,735] INFO: ilmn (10/2010): Created new record with 15 non-zero financial metrics
[2025-03-22 03:26:16,750] INFO: Trying adjusted date: 12/2010 (original: 1/2011)
[2025-03-22 03:26:16,762] WARNING: ilmn (1/2011): No existing record found(1/2011, 2011-01-02) - creating new one
[2025-03-22 03:26:16,763] INFO: ilmn (1/2011): Created new record with 20 non-zero financial metrics
[2025-03-22 03:26:16,777] INFO: Trying adjusted date: 3/2011 (original: 4/2011)
[2025-03-22 03:26:16,790] WARNING: ilmn (4/2011): No existing record found(4/2011, 2011-04-03) - creating new one
[2025-03-22 03:26:16,791] INFO: ilmn (4/2011): Created new record with 20 non-zero financial metrics
[2025-03-22 03:26:16,804] INFO: Trying adjusted date: 6/2011 (original: 7/2011)
[2025-03-22 03:26:16,817] WARNING: ilmn (7/2011): No existing record found(7/2011, 2011-07-03) - creating new one
[2025-03-22 03:26:16,818] INFO: ilmn (7/2011): Created new record with 15 non-zero financial metrics
[2025-03-22 03:26:16,835] INFO: Trying adjusted date: 9/2011 (original: 10/2011)
[2025-03-22 03:26:16,847] WARNING: ilmn (10/2011): No existing record found(10/2011, 2011-10-02) - creating new one
[2025-03-22 03:26:16,848] INFO: ilmn (10/2011): Created new record with 15 non-zero financial metrics
[2025-03-22 03:26:16,861] INFO: Trying adjusted date: 12/2011 (original: 1/2012)
[2025-03-22 03:26:16,874] WARNING: ilmn (1/2012): No existing record found(1/2012, 2012-01-01) - creating new one
[2025-03-22 03:26:16,874] INFO: ilmn (1/2012): Created new record with 21 non-zero financial metrics
[2025-03-22 03:26:16,888] INFO: Trying adjusted date: 3/2012 (original: 4/2012)
[2025-03-22 03:26:16,900] WARNING: ilmn (4/2012): Found zero values for fields: Share Repurchases
[2025-03-22 03:26:16,900] WARNING: ilmn (4/2012): No existing record found(4/2012, 2012-04-01) - creating new one
[2025-03-22 03:26:16,901] INFO: ilmn (4/2012): Created new record with 19 non-zero financial metrics
[2025-03-22 03:26:16,916] INFO: Trying adjusted date: 6/2012 (original: 7/2012)
[2025-03-22 03:26:16,928] WARNING: ilmn (7/2012): No existing record found(7/2012, 2012-07-01) - creating new one
[2025-03-22 03:26:16,929] INFO: ilmn (7/2012): Created new record with 15 non-zero financial metrics
[2025-03-22 03:26:16,956] INFO: ilmn (9/2012): Updated existing record with 16 non-zero financial metrics
[2025-03-22 03:26:16,984] INFO: ilmn (12/2012): Updated existing record with 21 non-zero financial metrics
[2025-03-22 03:26:17,010] INFO: ilmn (3/2013): Updated existing record with 20 non-zero financial metrics
[2025-03-22 03:26:17,035] INFO: ilmn (6/2013): Updated existing record with 16 non-zero financial metrics
[2025-03-22 03:26:17,062] INFO: ilmn (9/2013): Updated existing record with 15 non-zero financial metrics
[2025-03-22 03:26:17,089] INFO: ilmn (12/2013): Updated existing record with 21 non-zero financial metrics
[2025-03-22 03:26:17,114] INFO: ilmn (3/2014): Updated existing record with 20 non-zero financial metrics
[2025-03-22 03:26:17,141] INFO: ilmn (6/2014): Updated existing record with 15 non-zero financial metrics
[2025-03-22 03:26:17,168] INFO: ilmn (9/2014): Updated existing record with 15 non-zero financial metrics
[2025-03-22 03:26:17,195] INFO: ilmn (12/2014): Updated existing record with 21 non-zero financial metrics
[2025-03-22 03:26:17,221] INFO: ilmn (3/2015): Updated existing record with 20 non-zero financial metrics
[2025-03-22 03:26:17,249] INFO: ilmn (6/2015): Updated existing record with 15 non-zero financial metrics
[2025-03-22 03:26:17,275] INFO: ilmn (9/2015): Updated existing record with 14 non-zero financial metrics
[2025-03-22 03:26:17,289] INFO: Trying adjusted date: 12/2015 (original: 1/2016)
[2025-03-22 03:26:17,302] INFO: Found existing row with adjusted date: 12/2015
[2025-03-22 03:26:17,315] INFO: ilmn (12/2015): Updated existing record with 20 non-zero financial metrics
[2025-03-22 03:26:17,329] INFO: Trying adjusted date: 3/2016 (original: 4/2016)
[2025-03-22 03:26:17,342] INFO: Found existing row with adjusted date: 3/2016
[2025-03-22 03:26:17,354] INFO: ilmn (3/2016): Updated existing record with 19 non-zero financial metrics
[2025-03-22 03:26:17,368] INFO: Trying adjusted date: 6/2016 (original: 7/2016)
[2025-03-22 03:26:17,381] INFO: Found existing row with adjusted date: 6/2016
[2025-03-22 03:26:17,393] INFO: ilmn (6/2016): Updated existing record with 15 non-zero financial metrics
[2025-03-22 03:26:17,406] INFO: Trying adjusted date: 9/2016 (original: 10/2016)
[2025-03-22 03:26:17,418] INFO: Found existing row with adjusted date: 9/2016
[2025-03-22 03:26:17,430] INFO: ilmn (9/2016): Updated existing record with 15 non-zero financial metrics
[2025-03-22 03:26:17,444] INFO: Trying adjusted date: 12/2016 (original: 1/2017)
[2025-03-22 03:26:17,457] INFO: Found existing row with adjusted date: 12/2016
[2025-03-22 03:26:17,470] INFO: ilmn (12/2016): Updated existing record with 20 non-zero financial metrics
[2025-03-22 03:26:17,483] INFO: Trying adjusted date: 3/2017 (original: 4/2017)
[2025-03-22 03:26:17,497] INFO: Found existing row with adjusted date: 3/2017
[2025-03-22 03:26:17,509] INFO: ilmn (3/2017): Updated existing record with 20 non-zero financial metrics
[2025-03-22 03:26:17,523] INFO: Trying adjusted date: 6/2017 (original: 7/2017)
[2025-03-22 03:26:17,535] INFO: Found existing row with adjusted date: 6/2017
[2025-03-22 03:26:17,547] INFO: ilmn (6/2017): Updated existing record with 15 non-zero financial metrics
[2025-03-22 03:26:17,561] INFO: Trying adjusted date: 9/2017 (original: 10/2017)
[2025-03-22 03:26:17,573] INFO: Found existing row with adjusted date: 9/2017
[2025-03-22 03:26:17,585] INFO: ilmn (9/2017): Updated existing record with 15 non-zero financial metrics
[2025-03-22 03:26:17,611] INFO: ilmn (12/2017): Updated existing record with 20 non-zero financial metrics
[2025-03-22 03:26:17,625] INFO: Trying adjusted date: 3/2018 (original: 4/2018)
[2025-03-22 03:26:17,637] INFO: Found existing row with adjusted date: 3/2018
[2025-03-22 03:26:17,650] INFO: ilmn (3/2018): Updated existing record with 20 non-zero financial metrics
[2025-03-22 03:26:17,663] INFO: Trying adjusted date: 6/2018 (original: 7/2018)
[2025-03-22 03:26:17,675] INFO: Found existing row with adjusted date: 6/2018
[2025-03-22 03:26:17,688] INFO: ilmn (6/2018): Updated existing record with 16 non-zero financial metrics
[2025-03-22 03:26:17,714] INFO: ilmn (9/2018): Updated existing record with 15 non-zero financial metrics
[2025-03-22 03:26:17,740] INFO: ilmn (12/2018): Updated existing record with 21 non-zero financial metrics
[2025-03-22 03:26:17,766] INFO: ilmn (3/2019): Updated existing record with 20 non-zero financial metrics
[2025-03-22 03:26:17,793] INFO: ilmn (6/2019): Updated existing record with 15 non-zero financial metrics
[2025-03-22 03:26:17,819] INFO: ilmn (9/2019): Updated existing record with 15 non-zero financial metrics
[2025-03-22 03:26:17,845] INFO: ilmn (12/2019): Updated existing record with 20 non-zero financial metrics
[2025-03-22 03:26:17,871] INFO: ilmn (3/2020): Updated existing record with 19 non-zero financial metrics
[2025-03-22 03:26:17,897] INFO: ilmn (6/2020): Updated existing record with 14 non-zero financial metrics
[2025-03-22 03:26:17,924] INFO: ilmn (9/2020): Updated existing record with 14 non-zero financial metrics
[2025-03-22 03:26:17,938] INFO: Trying adjusted date: 12/2020 (original: 1/2021)
[2025-03-22 03:26:17,951] INFO: Found existing row with adjusted date: 12/2020
[2025-03-22 03:26:17,963] INFO: ilmn (12/2020): Updated existing record with 19 non-zero financial metrics
[2025-03-22 03:26:17,977] INFO: Trying adjusted date: 3/2021 (original: 4/2021)
[2025-03-22 03:26:17,989] INFO: Found existing row with adjusted date: 3/2021
[2025-03-22 03:26:18,002] INFO: ilmn (3/2021): Updated existing record with 19 non-zero financial metrics
[2025-03-22 03:26:18,016] INFO: Trying adjusted date: 6/2021 (original: 7/2021)
[2025-03-22 03:26:18,031] INFO: Found existing row with adjusted date: 6/2021
[2025-03-22 03:26:18,043] INFO: ilmn (6/2021): Updated existing record with 15 non-zero financial metrics
[2025-03-22 03:26:18,057] INFO: Trying adjusted date: 9/2021 (original: 10/2021)
[2025-03-22 03:26:18,069] INFO: Found existing row with adjusted date: 9/2021
[2025-03-22 03:26:18,081] INFO: ilmn (9/2021): Updated existing record with 15 non-zero financial metrics
[2025-03-22 03:26:18,096] INFO: Trying adjusted date: 12/2021 (original: 1/2022)
[2025-03-22 03:26:18,109] INFO: Found existing row with adjusted date: 12/2021
[2025-03-22 03:26:18,109] WARNING: ilmn (12/2021): Found zero values for fields: Share Repurchases
[2025-03-22 03:26:18,121] INFO: ilmn (12/2021): Updated existing record with 18 non-zero financial metrics
[2025-03-22 03:26:18,136] INFO: Trying adjusted date: 3/2022 (original: 4/2022)
[2025-03-22 03:26:18,148] INFO: Found existing row with adjusted date: 3/2022
[2025-03-22 03:26:18,161] INFO: ilmn (3/2022): Updated existing record with 19 non-zero financial metrics
[2025-03-22 03:26:18,175] INFO: Trying adjusted date: 6/2022 (original: 7/2022)
[2025-03-22 03:26:18,187] INFO: Found existing row with adjusted date: 6/2022
[2025-03-22 03:26:18,200] INFO: ilmn (6/2022): Updated existing record with 15 non-zero financial metrics
[2025-03-22 03:26:18,213] INFO: Trying adjusted date: 9/2022 (original: 10/2022)
[2025-03-22 03:26:18,226] INFO: Found existing row with adjusted date: 9/2022
[2025-03-22 03:26:18,239] INFO: ilmn (9/2022): Updated existing record with 15 non-zero financial metrics
[2025-03-22 03:26:18,252] INFO: Trying adjusted date: 12/2022 (original: 1/2023)
[2025-03-22 03:26:18,264] INFO: Found existing row with adjusted date: 12/2022
[2025-03-22 03:26:18,264] WARNING: ilmn (12/2022): Found zero values for fields: Share Repurchases
[2025-03-22 03:26:18,277] INFO: ilmn (12/2022): Updated existing record with 19 non-zero financial metrics
[2025-03-22 03:26:18,291] INFO: Trying adjusted date: 3/2023 (original: 4/2023)
[2025-03-22 03:26:18,303] INFO: Found existing row with adjusted date: 3/2023
[2025-03-22 03:26:18,316] INFO: ilmn (3/2023): Updated existing record with 19 non-zero financial metrics
[2025-03-22 03:26:18,329] INFO: Trying adjusted date: 6/2023 (original: 7/2023)
[2025-03-22 03:26:18,342] WARNING: ilmn (7/2023): No existing record found(7/2023, 2023-07-02) - creating new one
[2025-03-22 03:26:18,342] INFO: ilmn (7/2023): Created new record with 15 non-zero financial metrics
[2025-03-22 03:26:18,356] INFO: Trying adjusted date: 9/2023 (original: 10/2023)
[2025-03-22 03:26:18,368] INFO: Found existing row with adjusted date: 9/2023
[2025-03-22 03:26:18,380] INFO: ilmn (9/2023): Updated existing record with 15 non-zero financial metrics
[2025-03-22 03:26:18,393] INFO: Trying adjusted date: 1/2024 (original: 12/2023)
[2025-03-22 03:26:18,406] WARNING: ilmn (12/2023): No existing record found(12/2023, 2023-12-31) - creating new one
[2025-03-22 03:26:18,407] INFO: ilmn (12/2023): Created new record with 19 non-zero financial metrics
[2025-03-22 03:26:18,435] INFO: ilmn (3/2024): Updated existing record with 19 non-zero financial metrics
[2025-03-22 03:26:18,461] INFO: ilmn (6/2024): Updated existing record with 14 non-zero financial metrics
[2025-03-22 03:26:18,487] INFO: ilmn (9/2024): Updated existing record with 14 non-zero financial metrics
[2025-03-22 03:26:18,501] INFO: Trying adjusted date: 1/2025 (original: 12/2024)
[2025-03-22 03:26:18,514] WARNING: ilmn (12/2024): No existing record found(12/2024, 2024-12-29) - creating new one
[2025-03-22 03:26:18,514] INFO: ilmn (12/2024): Created new record with 19 non-zero financial metrics
