[2025-03-22 03:18:54,395] INFO: Trying adjusted date: 4/2010 (original: 3/2010)
[2025-03-22 03:18:54,408] WARNING: imo (3/2010): Found zero values for fields: Share Repurchases
[2025-03-22 03:18:54,408] WARNING: imo (3/2010): No existing record found(3/2010, 2010-03-31) - creating new one
[2025-03-22 03:18:54,408] INFO: imo (3/2010): Created new record with 12 non-zero financial metrics
[2025-03-22 03:18:54,422] INFO: Trying adjusted date: 7/2010 (original: 6/2010)
[2025-03-22 03:18:54,435] WARNING: imo (6/2010): Found zero values for fields: Interest Expense
[2025-03-22 03:18:54,435] WARNING: imo (6/2010): No existing record found(6/2010, 2010-06-30) - creating new one
[2025-03-22 03:18:54,436] INFO: imo (6/2010): Created new record with 12 non-zero financial metrics
[2025-03-22 03:18:54,449] INFO: Trying adjusted date: 10/2010 (original: 9/2010)
[2025-03-22 03:18:54,462] WARNING: imo (9/2010): No existing record found(9/2010, 2010-09-30) - creating new one
[2025-03-22 03:18:54,463] INFO: imo (9/2010): Created new record with 12 non-zero financial metrics
[2025-03-22 03:18:54,477] INFO: Trying adjusted date: 1/2011 (original: 12/2010)
[2025-03-22 03:18:54,490] WARNING: imo (12/2010): No existing record found(12/2010, 2010-12-31) - creating new one
[2025-03-22 03:18:54,490] INFO: imo (12/2010): Created new record with 14 non-zero financial metrics
[2025-03-22 03:18:54,504] INFO: Trying adjusted date: 4/2011 (original: 3/2011)
[2025-03-22 03:18:54,517] ERROR: Invalid numeric value for Interest Expense: 
[2025-03-22 03:18:54,517] ERROR: imo (3/2011): Invalid data types: Interest Expense=
[2025-03-22 03:18:54,517] WARNING: imo (3/2011): No existing record found(3/2011, 2011-03-31) - creating new one
[2025-03-22 03:18:54,518] INFO: imo (3/2011): Created new record with 12 non-zero financial metrics
[2025-03-22 03:18:54,531] INFO: Trying adjusted date: 7/2011 (original: 6/2011)
[2025-03-22 03:18:54,543] WARNING: imo (6/2011): No existing record found(6/2011, 2011-06-30) - creating new one
[2025-03-22 03:18:54,543] INFO: imo (6/2011): Created new record with 13 non-zero financial metrics
[2025-03-22 03:18:54,557] INFO: Trying adjusted date: 10/2011 (original: 9/2011)
[2025-03-22 03:18:54,570] ERROR: Invalid numeric value for Interest Expense: 
[2025-03-22 03:18:54,570] ERROR: imo (9/2011): Invalid data types: Interest Expense=
[2025-03-22 03:18:54,570] WARNING: imo (9/2011): No existing record found(9/2011, 2011-09-30) - creating new one
[2025-03-22 03:18:54,570] INFO: imo (9/2011): Created new record with 12 non-zero financial metrics
[2025-03-22 03:18:54,586] INFO: Trying adjusted date: 1/2012 (original: 12/2011)
[2025-03-22 03:18:54,599] WARNING: imo (12/2011): No existing record found(12/2011, 2011-12-31) - creating new one
[2025-03-22 03:18:54,599] INFO: imo (12/2011): Created new record with 14 non-zero financial metrics
[2025-03-22 03:18:54,614] INFO: Trying adjusted date: 4/2012 (original: 3/2012)
[2025-03-22 03:18:54,626] ERROR: Invalid numeric value for Interest Expense: 
[2025-03-22 03:18:54,626] ERROR: imo (3/2012): Invalid data types: Interest Expense=
[2025-03-22 03:18:54,626] WARNING: imo (3/2012): No existing record found(3/2012, 2012-03-31) - creating new one
[2025-03-22 03:18:54,626] INFO: imo (3/2012): Created new record with 12 non-zero financial metrics
[2025-03-22 03:18:54,640] INFO: Trying adjusted date: 7/2012 (original: 6/2012)
[2025-03-22 03:18:54,652] ERROR: Invalid numeric value for Interest Expense: 
[2025-03-22 03:18:54,652] ERROR: imo (6/2012): Invalid data types: Interest Expense=
[2025-03-22 03:18:54,652] WARNING: imo (6/2012): No existing record found(6/2012, 2012-06-30) - creating new one
[2025-03-22 03:18:54,652] INFO: imo (6/2012): Created new record with 12 non-zero financial metrics
[2025-03-22 03:18:54,678] INFO: imo (9/2012): Updated existing record with 12 non-zero financial metrics
[2025-03-22 03:18:54,692] INFO: Trying adjusted date: 1/2013 (original: 12/2012)
[2025-03-22 03:18:54,705] WARNING: imo (12/2012): No existing record found(12/2012, 2012-12-31) - creating new one
[2025-03-22 03:18:54,705] INFO: imo (12/2012): Created new record with 14 non-zero financial metrics
[2025-03-22 03:18:54,718] ERROR: Invalid numeric value for Interest Expense: 
[2025-03-22 03:18:54,719] ERROR: imo (3/2013): Invalid data types: Interest Expense=
[2025-03-22 03:18:54,731] INFO: imo (3/2013): Updated existing record with 11 non-zero financial metrics
[2025-03-22 03:18:54,756] INFO: imo (6/2013): Updated existing record with 11 non-zero financial metrics
[2025-03-22 03:18:54,783] INFO: imo (9/2013): Updated existing record with 11 non-zero financial metrics
[2025-03-22 03:18:54,809] INFO: imo (12/2013): Updated existing record with 12 non-zero financial metrics
[2025-03-22 03:18:54,835] INFO: imo (3/2014): Updated existing record with 11 non-zero financial metrics
[2025-03-22 03:18:54,862] INFO: imo (6/2014): Updated existing record with 9 non-zero financial metrics
[2025-03-22 03:18:54,889] INFO: imo (9/2014): Updated existing record with 8 non-zero financial metrics
[2025-03-22 03:18:54,902] INFO: Trying adjusted date: 1/2015 (original: 12/2014)
[2025-03-22 03:18:54,915] WARNING: imo (12/2014): No existing record found(12/2014, 2014-12-31) - creating new one
[2025-03-22 03:18:54,916] INFO: imo (12/2014): Created new record with 9 non-zero financial metrics
[2025-03-22 03:18:54,941] INFO: imo (3/2015): Updated existing record with 8 non-zero financial metrics
[2025-03-22 03:18:54,967] INFO: imo (6/2015): Updated existing record with 8 non-zero financial metrics
[2025-03-22 03:18:54,993] INFO: imo (9/2015): Updated existing record with 8 non-zero financial metrics
[2025-03-22 03:18:55,017] INFO: imo (12/2015): Updated existing record with 9 non-zero financial metrics
[2025-03-22 03:18:55,032] INFO: Trying adjusted date: 4/2016 (original: 3/2016)
[2025-03-22 03:18:55,045] WARNING: imo (3/2016): No existing record found(3/2016, 2016-03-31) - creating new one
[2025-03-22 03:18:55,045] INFO: imo (3/2016): Created new record with 8 non-zero financial metrics
[2025-03-22 03:18:55,059] INFO: Trying adjusted date: 7/2016 (original: 6/2016)
[2025-03-22 03:18:55,071] WARNING: imo (6/2016): No existing record found(6/2016, 2016-06-30) - creating new one
[2025-03-22 03:18:55,072] INFO: imo (6/2016): Created new record with 8 non-zero financial metrics
[2025-03-22 03:18:55,099] INFO: imo (9/2016): Updated existing record with 8 non-zero financial metrics
[2025-03-22 03:18:55,126] INFO: imo (12/2016): Updated existing record with 9 non-zero financial metrics
[2025-03-22 03:18:55,151] INFO: imo (3/2017): Updated existing record with 8 non-zero financial metrics
[2025-03-22 03:18:55,178] INFO: imo (6/2017): Updated existing record with 9 non-zero financial metrics
[2025-03-22 03:18:55,205] INFO: imo (9/2017): Updated existing record with 9 non-zero financial metrics
[2025-03-22 03:18:55,230] INFO: imo (12/2017): Updated existing record with 10 non-zero financial metrics
[2025-03-22 03:18:55,256] INFO: imo (3/2018): Updated existing record with 9 non-zero financial metrics
[2025-03-22 03:18:55,282] INFO: imo (6/2018): Updated existing record with 12 non-zero financial metrics
[2025-03-22 03:18:55,309] INFO: imo (9/2018): Updated existing record with 12 non-zero financial metrics
[2025-03-22 03:18:55,334] INFO: imo (12/2018): Updated existing record with 13 non-zero financial metrics
[2025-03-22 03:18:55,360] INFO: imo (3/2019): Updated existing record with 12 non-zero financial metrics
[2025-03-22 03:18:55,386] INFO: imo (6/2019): Updated existing record with 12 non-zero financial metrics
[2025-03-22 03:18:55,412] INFO: imo (9/2019): Updated existing record with 12 non-zero financial metrics
[2025-03-22 03:18:55,438] INFO: imo (12/2019): Updated existing record with 13 non-zero financial metrics
[2025-03-22 03:18:55,464] INFO: imo (3/2020): Updated existing record with 14 non-zero financial metrics
[2025-03-22 03:18:55,479] WARNING: imo (6/2020): Found zero values for fields: Share Repurchases
[2025-03-22 03:18:55,491] INFO: imo (6/2020): Updated existing record with 13 non-zero financial metrics
[2025-03-22 03:18:55,505] WARNING: imo (9/2020): Found zero values for fields: Share Repurchases, EPS Diluted
[2025-03-22 03:18:55,517] INFO: imo (9/2020): Updated existing record with 12 non-zero financial metrics
[2025-03-22 03:18:55,543] INFO: imo (12/2020): Updated existing record with 15 non-zero financial metrics
[2025-03-22 03:18:55,557] WARNING: imo (3/2021): Found zero values for fields: Share Repurchases
[2025-03-22 03:18:55,570] INFO: imo (3/2021): Updated existing record with 11 non-zero financial metrics
[2025-03-22 03:18:55,595] INFO: imo (6/2021): Updated existing record with 12 non-zero financial metrics
[2025-03-22 03:18:55,621] INFO: imo (9/2021): Updated existing record with 13 non-zero financial metrics
[2025-03-22 03:18:55,648] INFO: imo (12/2021): Updated existing record with 13 non-zero financial metrics
[2025-03-22 03:18:55,673] INFO: imo (3/2022): Updated existing record with 12 non-zero financial metrics
[2025-03-22 03:18:55,700] INFO: imo (6/2022): Updated existing record with 12 non-zero financial metrics
[2025-03-22 03:18:55,726] INFO: imo (9/2022): Updated existing record with 14 non-zero financial metrics
[2025-03-22 03:18:55,752] INFO: imo (12/2022): Updated existing record with 15 non-zero financial metrics
[2025-03-22 03:18:55,764] WARNING: imo (3/2023): Found zero values for fields: Share Repurchases
[2025-03-22 03:18:55,775] INFO: imo (3/2023): Updated existing record with 13 non-zero financial metrics
[2025-03-22 03:18:55,789] WARNING: imo (6/2023): Found zero values for fields: Share Repurchases
[2025-03-22 03:18:55,801] INFO: imo (6/2023): Updated existing record with 13 non-zero financial metrics
[2025-03-22 03:18:55,830] INFO: imo (9/2023): Updated existing record with 14 non-zero financial metrics
[2025-03-22 03:18:55,858] INFO: imo (12/2023): Updated existing record with 15 non-zero financial metrics
[2025-03-22 03:18:55,871] WARNING: imo (3/2024): Found zero values for fields: Share Repurchases
[2025-03-22 03:18:55,884] INFO: imo (3/2024): Updated existing record with 13 non-zero financial metrics
[2025-03-22 03:18:55,898] WARNING: imo (6/2024): Found zero values for fields: Share Repurchases
[2025-03-22 03:18:55,911] INFO: imo (6/2024): Updated existing record with 13 non-zero financial metrics
[2025-03-22 03:18:55,937] INFO: imo (9/2024): Updated existing record with 14 non-zero financial metrics
[2025-03-22 03:18:55,963] INFO: imo (12/2024): Updated existing record with 15 non-zero financial metrics
