[2025-03-22 15:21:46,721] INFO: Trying adjusted date: 4/2018 (original: 3/2018)
[2025-03-22 15:21:46,735] WARNING: insp (3/2018): No existing record found(3/2018, 2018-03-31) - creating new one
[2025-03-22 15:21:46,735] INFO: insp (3/2018): Created new record with 19 non-zero financial metrics
[2025-03-22 15:21:46,769] INFO: insp (6/2018): Updated existing record with 15 non-zero financial metrics
[2025-03-22 15:21:46,806] INFO: insp (9/2018): Updated existing record with 16 non-zero financial metrics
[2025-03-22 15:21:46,838] INFO: insp (12/2018): Updated existing record with 19 non-zero financial metrics
[2025-03-22 15:21:46,872] INFO: insp (3/2019): Updated existing record with 20 non-zero financial metrics
[2025-03-22 15:21:46,902] INFO: insp (6/2019): Updated existing record with 16 non-zero financial metrics
[2025-03-22 15:21:46,932] INFO: insp (9/2019): Updated existing record with 16 non-zero financial metrics
[2025-03-22 15:21:46,964] INFO: insp (12/2019): Updated existing record with 19 non-zero financial metrics
[2025-03-22 15:21:46,995] INFO: insp (3/2020): Updated existing record with 20 non-zero financial metrics
[2025-03-22 15:21:47,026] INFO: insp (6/2020): Updated existing record with 16 non-zero financial metrics
[2025-03-22 15:21:47,056] INFO: insp (9/2020): Updated existing record with 16 non-zero financial metrics
[2025-03-22 15:21:47,087] INFO: insp (12/2020): Updated existing record with 19 non-zero financial metrics
[2025-03-22 15:21:47,118] INFO: insp (3/2021): Updated existing record with 20 non-zero financial metrics
[2025-03-22 15:21:47,152] INFO: insp (6/2021): Updated existing record with 17 non-zero financial metrics
[2025-03-22 15:21:47,188] INFO: insp (9/2021): Updated existing record with 17 non-zero financial metrics
[2025-03-22 15:21:47,222] INFO: insp (12/2021): Updated existing record with 20 non-zero financial metrics
[2025-03-22 15:21:47,254] INFO: insp (3/2022): Updated existing record with 21 non-zero financial metrics
[2025-03-22 15:21:47,285] INFO: insp (6/2022): Updated existing record with 17 non-zero financial metrics
[2025-03-22 15:21:47,317] INFO: insp (9/2022): Updated existing record with 16 non-zero financial metrics
[2025-03-22 15:21:47,348] INFO: insp (12/2022): Updated existing record with 19 non-zero financial metrics
[2025-03-22 15:21:47,365] WARNING: insp (3/2023): Found zero values for fields: Interest Expense
[2025-03-22 15:21:47,380] INFO: insp (3/2023): Updated existing record with 19 non-zero financial metrics
[2025-03-22 15:21:47,396] WARNING: insp (6/2023): Found zero values for fields: Interest Expense
[2025-03-22 15:21:47,410] INFO: insp (6/2023): Updated existing record with 15 non-zero financial metrics
[2025-03-22 15:21:47,427] WARNING: insp (9/2023): Found zero values for fields: Interest Expense
[2025-03-22 15:21:47,441] INFO: insp (9/2023): Updated existing record with 15 non-zero financial metrics
[2025-03-22 15:21:47,460] INFO: Trying adjusted date: 1/2024 (original: 12/2023)
[2025-03-22 15:21:47,474] WARNING: insp (12/2023): Found zero values for fields: Interest Expense
[2025-03-22 15:21:47,474] WARNING: insp (12/2023): No existing record found(12/2023, 2023-12-31) - creating new one
[2025-03-22 15:21:47,474] INFO: insp (12/2023): Created new record with 18 non-zero financial metrics
[2025-03-22 15:21:47,503] INFO: insp (3/2024): Updated existing record with 19 non-zero financial metrics
[2025-03-22 15:21:47,537] INFO: insp (6/2024): Updated existing record with 15 non-zero financial metrics
[2025-03-22 15:21:47,568] INFO: insp (9/2024): Updated existing record with 15 non-zero financial metrics
[2025-03-22 15:21:47,587] INFO: Trying adjusted date: 1/2025 (original: 12/2024)
[2025-03-22 15:21:47,602] WARNING: insp (12/2024): No existing record found(12/2024, 2024-12-31) - creating new one
[2025-03-22 15:21:47,602] INFO: insp (12/2024): Created new record with 19 non-zero financial metrics
