[2025-03-21 22:58:30,875] INFO: Trying adjusted date: 4/2010 (original: 3/2010)
[2025-03-21 22:58:30,886] WARNING: intc (3/2010): No existing record found(3/2010, 2010-03-27) - creating new one
[2025-03-21 22:58:30,887] INFO: intc (3/2010): Created new record with 19 non-zero financial metrics
[2025-03-21 22:58:30,901] INFO: Trying adjusted date: 7/2010 (original: 6/2010)
[2025-03-21 22:58:30,912] WARNING: intc (6/2010): No existing record found(6/2010, 2010-06-26) - creating new one
[2025-03-21 22:58:30,913] INFO: intc (6/2010): Created new record with 14 non-zero financial metrics
[2025-03-21 22:58:30,929] INFO: Trying adjusted date: 10/2010 (original: 9/2010)
[2025-03-21 22:58:30,941] WARNING: intc (9/2010): No existing record found(9/2010, 2010-09-25) - creating new one
[2025-03-21 22:58:30,941] INFO: intc (9/2010): Created new record with 14 non-zero financial metrics
[2025-03-21 22:58:30,954] INFO: Trying adjusted date: 1/2011 (original: 12/2010)
[2025-03-21 22:58:30,966] WARNING: intc (12/2010): No existing record found(12/2010, 2010-12-25) - creating new one
[2025-03-21 22:58:30,968] INFO: intc (12/2010): Created new record with 19 non-zero financial metrics
[2025-03-21 22:58:30,980] INFO: Trying adjusted date: 3/2011 (original: 4/2011)
[2025-03-21 22:58:30,992] WARNING: intc (4/2011): No existing record found(4/2011, 2011-04-02) - creating new one
[2025-03-21 22:58:30,993] INFO: intc (4/2011): Created new record with 20 non-zero financial metrics
[2025-03-21 22:58:31,006] INFO: Trying adjusted date: 6/2011 (original: 7/2011)
[2025-03-21 22:58:31,019] WARNING: intc (7/2011): No existing record found(7/2011, 2011-07-02) - creating new one
[2025-03-21 22:58:31,019] INFO: intc (7/2011): Created new record with 14 non-zero financial metrics
[2025-03-21 22:58:31,032] INFO: Trying adjusted date: 9/2011 (original: 10/2011)
[2025-03-21 22:58:31,045] WARNING: intc (10/2011): No existing record found(10/2011, 2011-10-01) - creating new one
[2025-03-21 22:58:31,046] INFO: intc (10/2011): Created new record with 14 non-zero financial metrics
[2025-03-21 22:58:31,058] INFO: Trying adjusted date: 1/2012 (original: 12/2011)
[2025-03-21 22:58:31,070] WARNING: intc (12/2011): No existing record found(12/2011, 2011-12-31) - creating new one
[2025-03-21 22:58:31,071] INFO: intc (12/2011): Created new record with 20 non-zero financial metrics
[2025-03-21 22:58:31,084] INFO: Trying adjusted date: 4/2012 (original: 3/2012)
[2025-03-21 22:58:31,096] WARNING: intc (3/2012): No existing record found(3/2012, 2012-03-31) - creating new one
[2025-03-21 22:58:31,097] INFO: intc (3/2012): Created new record with 20 non-zero financial metrics
[2025-03-21 22:58:31,121] INFO: intc (6/2012): Updated existing record with 15 non-zero financial metrics
[2025-03-21 22:58:31,146] INFO: intc (9/2012): Updated existing record with 15 non-zero financial metrics
[2025-03-21 22:58:31,170] INFO: intc (12/2012): Updated existing record with 20 non-zero financial metrics
[2025-03-21 22:58:31,195] INFO: intc (3/2013): Updated existing record with 21 non-zero financial metrics
[2025-03-21 22:58:31,220] INFO: intc (6/2013): Updated existing record with 16 non-zero financial metrics
[2025-03-21 22:58:31,244] INFO: intc (9/2013): Updated existing record with 16 non-zero financial metrics
[2025-03-21 22:58:31,270] INFO: intc (12/2013): Updated existing record with 18 non-zero financial metrics
[2025-03-21 22:58:31,295] INFO: intc (3/2014): Updated existing record with 18 non-zero financial metrics
[2025-03-21 22:58:31,320] INFO: intc (6/2014): Updated existing record with 16 non-zero financial metrics
[2025-03-21 22:58:31,344] INFO: intc (9/2014): Updated existing record with 16 non-zero financial metrics
[2025-03-21 22:58:31,369] INFO: intc (12/2014): Updated existing record with 19 non-zero financial metrics
[2025-03-21 22:58:31,393] INFO: intc (3/2015): Updated existing record with 19 non-zero financial metrics
[2025-03-21 22:58:31,418] INFO: intc (6/2015): Updated existing record with 17 non-zero financial metrics
[2025-03-21 22:58:31,443] INFO: intc (9/2015): Updated existing record with 18 non-zero financial metrics
[2025-03-21 22:58:31,467] INFO: intc (12/2015): Updated existing record with 20 non-zero financial metrics
[2025-03-21 22:58:31,480] INFO: Trying adjusted date: 3/2016 (original: 4/2016)
[2025-03-21 22:58:31,492] INFO: Found existing row with adjusted date: 3/2016
[2025-03-21 22:58:31,504] INFO: intc (3/2016): Updated existing record with 20 non-zero financial metrics
[2025-03-21 22:58:31,516] INFO: Trying adjusted date: 6/2016 (original: 7/2016)
[2025-03-21 22:58:31,528] INFO: Found existing row with adjusted date: 6/2016
[2025-03-21 22:58:31,540] INFO: intc (6/2016): Updated existing record with 18 non-zero financial metrics
[2025-03-21 22:58:31,553] INFO: Trying adjusted date: 9/2016 (original: 10/2016)
[2025-03-21 22:58:31,565] INFO: Found existing row with adjusted date: 9/2016
[2025-03-21 22:58:31,577] INFO: intc (9/2016): Updated existing record with 18 non-zero financial metrics
[2025-03-21 22:58:31,602] INFO: intc (12/2016): Updated existing record with 19 non-zero financial metrics
[2025-03-21 22:58:31,617] INFO: Trying adjusted date: 3/2017 (original: 4/2017)
[2025-03-21 22:58:31,628] INFO: Found existing row with adjusted date: 3/2017
[2025-03-21 22:58:31,640] INFO: intc (3/2017): Updated existing record with 17 non-zero financial metrics
[2025-03-21 22:58:31,653] INFO: Trying adjusted date: 6/2017 (original: 7/2017)
[2025-03-21 22:58:31,665] INFO: Found existing row with adjusted date: 6/2017
[2025-03-21 22:58:31,677] INFO: intc (6/2017): Updated existing record with 16 non-zero financial metrics
[2025-03-21 22:58:31,702] INFO: intc (9/2017): Updated existing record with 16 non-zero financial metrics
[2025-03-21 22:58:31,727] INFO: intc (12/2017): Updated existing record with 18 non-zero financial metrics
[2025-03-21 22:58:31,752] INFO: intc (3/2018): Updated existing record with 18 non-zero financial metrics
[2025-03-21 22:58:31,777] INFO: intc (6/2018): Updated existing record with 16 non-zero financial metrics
[2025-03-21 22:58:31,801] INFO: intc (9/2018): Updated existing record with 16 non-zero financial metrics
[2025-03-21 22:58:31,826] INFO: intc (12/2018): Updated existing record with 19 non-zero financial metrics
[2025-03-21 22:58:31,851] INFO: intc (3/2019): Updated existing record with 18 non-zero financial metrics
[2025-03-21 22:58:31,875] INFO: intc (6/2019): Updated existing record with 16 non-zero financial metrics
[2025-03-21 22:58:31,899] INFO: intc (9/2019): Updated existing record with 16 non-zero financial metrics
[2025-03-21 22:58:31,924] INFO: intc (12/2019): Updated existing record with 21 non-zero financial metrics
[2025-03-21 22:58:31,951] INFO: intc (3/2020): Updated existing record with 22 non-zero financial metrics
[2025-03-21 22:58:31,976] INFO: intc (6/2020): Updated existing record with 17 non-zero financial metrics
[2025-03-21 22:58:31,999] INFO: intc (9/2020): Updated existing record with 17 non-zero financial metrics
[2025-03-21 22:58:32,025] INFO: intc (12/2020): Updated existing record with 21 non-zero financial metrics
[2025-03-21 22:58:32,050] INFO: intc (3/2021): Updated existing record with 21 non-zero financial metrics
[2025-03-21 22:58:32,076] INFO: intc (6/2021): Updated existing record with 16 non-zero financial metrics
[2025-03-21 22:58:32,103] INFO: intc (9/2021): Updated existing record with 17 non-zero financial metrics
[2025-03-21 22:58:32,130] INFO: intc (12/2021): Updated existing record with 21 non-zero financial metrics
[2025-03-21 22:58:32,143] INFO: Trying adjusted date: 3/2022 (original: 4/2022)
[2025-03-21 22:58:32,155] INFO: Found existing row with adjusted date: 3/2022
[2025-03-21 22:58:32,155] WARNING: intc (3/2022): Found zero values for fields: Share Repurchases
[2025-03-21 22:58:32,167] INFO: intc (3/2022): Updated existing record with 18 non-zero financial metrics
[2025-03-21 22:58:32,180] INFO: Trying adjusted date: 6/2022 (original: 7/2022)
[2025-03-21 22:58:32,192] INFO: Found existing row with adjusted date: 6/2022
[2025-03-21 22:58:32,204] INFO: intc (6/2022): Updated existing record with 14 non-zero financial metrics
[2025-03-21 22:58:32,216] INFO: Trying adjusted date: 9/2022 (original: 10/2022)
[2025-03-21 22:58:32,228] INFO: Found existing row with adjusted date: 9/2022
[2025-03-21 22:58:32,240] INFO: intc (9/2022): Updated existing record with 14 non-zero financial metrics
[2025-03-21 22:58:32,253] WARNING: intc (12/2022): Found zero values for fields: Share Repurchases
[2025-03-21 22:58:32,265] INFO: intc (12/2022): Updated existing record with 19 non-zero financial metrics
[2025-03-21 22:58:32,278] INFO: Trying adjusted date: 3/2023 (original: 4/2023)
[2025-03-21 22:58:32,290] INFO: Found existing row with adjusted date: 3/2023
[2025-03-21 22:58:32,302] INFO: intc (3/2023): Updated existing record with 18 non-zero financial metrics
[2025-03-21 22:58:32,314] INFO: Trying adjusted date: 6/2023 (original: 7/2023)
[2025-03-21 22:58:32,326] INFO: Found existing row with adjusted date: 6/2023
[2025-03-21 22:58:32,338] INFO: intc (6/2023): Updated existing record with 14 non-zero financial metrics
[2025-03-21 22:58:32,362] INFO: intc (9/2023): Updated existing record with 14 non-zero financial metrics
[2025-03-21 22:58:32,377] WARNING: intc (12/2023): Found zero values for fields: Share Repurchases
[2025-03-21 22:58:32,389] INFO: intc (12/2023): Updated existing record with 19 non-zero financial metrics
[2025-03-21 22:58:32,414] INFO: intc (3/2024): Updated existing record with 18 non-zero financial metrics
[2025-03-21 22:58:32,440] INFO: intc (6/2024): Updated existing record with 13 non-zero financial metrics
[2025-03-21 22:58:32,453] INFO: Trying adjusted date: 10/2024 (original: 9/2024)
[2025-03-21 22:58:32,465] WARNING: intc (9/2024): No existing record found(9/2024, 2024-09-28) - creating new one
[2025-03-21 22:58:32,466] INFO: intc (9/2024): Created new record with 13 non-zero financial metrics
[2025-03-21 22:58:32,491] INFO: intc (12/2024): Updated existing record with 18 non-zero financial metrics
