[2025-03-22 14:23:22,618] INFO: Trying adjusted date: 7/2011 (original: 6/2011)
[2025-03-22 14:23:22,633] WARNING: irdm (6/2011): No existing record found(6/2011, 2011-06-30) - creating new one
[2025-03-22 14:23:22,633] INFO: irdm (6/2011): Created new record with 14 non-zero financial metrics
[2025-03-22 14:23:22,651] INFO: Trying adjusted date: 10/2011 (original: 9/2011)
[2025-03-22 14:23:22,665] WARNING: irdm (9/2011): No existing record found(9/2011, 2011-09-30) - creating new one
[2025-03-22 14:23:22,666] INFO: irdm (9/2011): Created new record with 14 non-zero financial metrics
[2025-03-22 14:23:22,682] INFO: Trying adjusted date: 1/2012 (original: 12/2011)
[2025-03-22 14:23:22,696] WARNING: irdm (12/2011): No existing record found(12/2011, 2011-12-31) - creating new one
[2025-03-22 14:23:22,696] INFO: irdm (12/2011): Created new record with 18 non-zero financial metrics
[2025-03-22 14:23:22,712] INFO: Trying adjusted date: 4/2012 (original: 3/2012)
[2025-03-22 14:23:22,727] WARNING: irdm (3/2012): No existing record found(3/2012, 2012-03-31) - creating new one
[2025-03-22 14:23:22,727] INFO: irdm (3/2012): Created new record with 0 non-zero financial metrics
[2025-03-22 14:23:22,744] INFO: Trying adjusted date: 7/2012 (original: 6/2012)
[2025-03-22 14:23:22,759] WARNING: irdm (6/2012): No existing record found(6/2012, 2012-06-30) - creating new one
[2025-03-22 14:23:22,759] INFO: irdm (6/2012): Created new record with 0 non-zero financial metrics
[2025-03-22 14:23:22,790] INFO: irdm (9/2012): Updated existing record with 0 non-zero financial metrics
[2025-03-22 14:23:22,821] INFO: irdm (12/2012): Updated existing record with 0 non-zero financial metrics
[2025-03-22 14:23:22,855] INFO: irdm (3/2013): Updated existing record with 0 non-zero financial metrics
[2025-03-22 14:23:22,886] INFO: irdm (6/2013): Updated existing record with 15 non-zero financial metrics
[2025-03-22 14:23:22,916] INFO: irdm (9/2013): Updated existing record with 15 non-zero financial metrics
[2025-03-22 14:23:22,946] INFO: irdm (12/2013): Updated existing record with 16 non-zero financial metrics
[2025-03-22 14:23:22,976] INFO: irdm (3/2014): Updated existing record with 16 non-zero financial metrics
[2025-03-22 14:23:23,006] INFO: irdm (6/2014): Updated existing record with 15 non-zero financial metrics
[2025-03-22 14:23:23,036] INFO: irdm (9/2014): Updated existing record with 15 non-zero financial metrics
[2025-03-22 14:23:23,068] INFO: irdm (12/2014): Updated existing record with 16 non-zero financial metrics
[2025-03-22 14:23:23,098] INFO: irdm (3/2015): Updated existing record with 16 non-zero financial metrics
[2025-03-22 14:23:23,128] INFO: irdm (6/2015): Updated existing record with 15 non-zero financial metrics
[2025-03-22 14:23:23,159] INFO: irdm (9/2015): Updated existing record with 15 non-zero financial metrics
[2025-03-22 14:23:23,175] WARNING: irdm (12/2015): Found zero values for fields: Goodwill
[2025-03-22 14:23:23,190] INFO: irdm (12/2015): Updated existing record with 14 non-zero financial metrics
[2025-03-22 14:23:23,220] INFO: irdm (3/2016): Updated existing record with 15 non-zero financial metrics
[2025-03-22 14:23:23,250] INFO: irdm (6/2016): Updated existing record with 14 non-zero financial metrics
[2025-03-22 14:23:23,280] INFO: irdm (9/2016): Updated existing record with 14 non-zero financial metrics
[2025-03-22 14:23:23,296] WARNING: irdm (12/2016): Found zero values for fields: Goodwill
[2025-03-22 14:23:23,310] INFO: irdm (12/2016): Updated existing record with 16 non-zero financial metrics
[2025-03-22 14:23:23,340] INFO: irdm (3/2017): Updated existing record with 15 non-zero financial metrics
[2025-03-22 14:23:23,372] INFO: irdm (6/2017): Updated existing record with 14 non-zero financial metrics
[2025-03-22 14:23:23,405] INFO: irdm (9/2017): Updated existing record with 13 non-zero financial metrics
[2025-03-22 14:23:23,434] INFO: irdm (12/2017): Updated existing record with 16 non-zero financial metrics
[2025-03-22 14:23:23,464] INFO: irdm (3/2018): Updated existing record with 18 non-zero financial metrics
[2025-03-22 14:23:23,495] INFO: irdm (6/2018): Updated existing record with 13 non-zero financial metrics
[2025-03-22 14:23:23,526] INFO: irdm (9/2018): Updated existing record with 13 non-zero financial metrics
[2025-03-22 14:23:23,557] INFO: irdm (12/2018): Updated existing record with 14 non-zero financial metrics
[2025-03-22 14:23:23,587] INFO: irdm (3/2019): Updated existing record with 15 non-zero financial metrics
[2025-03-22 14:23:23,620] INFO: irdm (6/2019): Updated existing record with 12 non-zero financial metrics
[2025-03-22 14:23:23,653] INFO: irdm (9/2019): Updated existing record with 11 non-zero financial metrics
[2025-03-22 14:23:23,685] INFO: irdm (12/2019): Updated existing record with 17 non-zero financial metrics
[2025-03-22 14:23:23,720] INFO: irdm (3/2020): Updated existing record with 15 non-zero financial metrics
[2025-03-22 14:23:23,750] INFO: irdm (6/2020): Updated existing record with 11 non-zero financial metrics
[2025-03-22 14:23:23,780] INFO: irdm (9/2020): Updated existing record with 11 non-zero financial metrics
[2025-03-22 14:23:23,811] INFO: irdm (12/2020): Updated existing record with 16 non-zero financial metrics
[2025-03-22 14:23:23,842] INFO: irdm (3/2021): Updated existing record with 17 non-zero financial metrics
[2025-03-22 14:23:23,873] INFO: irdm (6/2021): Updated existing record with 12 non-zero financial metrics
[2025-03-22 14:23:23,905] INFO: irdm (9/2021): Updated existing record with 12 non-zero financial metrics
[2025-03-22 14:23:23,936] INFO: irdm (12/2021): Updated existing record with 17 non-zero financial metrics
[2025-03-22 14:23:23,968] INFO: irdm (3/2022): Updated existing record with 17 non-zero financial metrics
[2025-03-22 14:23:23,986] INFO: Trying adjusted date: 7/2022 (original: 6/2022)
[2025-03-22 14:23:24,001] WARNING: irdm (6/2022): No existing record found(6/2022, 2022-06-30) - creating new one
[2025-03-22 14:23:24,001] INFO: irdm (6/2022): Created new record with 13 non-zero financial metrics
[2025-03-22 14:23:24,032] INFO: irdm (9/2022): Updated existing record with 13 non-zero financial metrics
[2025-03-22 14:23:24,050] INFO: Trying adjusted date: 1/2023 (original: 12/2022)
[2025-03-22 14:23:24,064] WARNING: irdm (12/2022): No existing record found(12/2022, 2022-12-31) - creating new one
[2025-03-22 14:23:24,065] INFO: irdm (12/2022): Created new record with 17 non-zero financial metrics
[2025-03-22 14:23:24,095] INFO: irdm (3/2023): Updated existing record with 17 non-zero financial metrics
[2025-03-22 14:23:24,125] INFO: irdm (6/2023): Updated existing record with 12 non-zero financial metrics
[2025-03-22 14:23:24,157] INFO: irdm (9/2023): Updated existing record with 12 non-zero financial metrics
[2025-03-22 14:23:24,186] INFO: irdm (12/2023): Updated existing record with 18 non-zero financial metrics
[2025-03-22 14:23:24,216] INFO: irdm (3/2024): Updated existing record with 17 non-zero financial metrics
[2025-03-22 14:23:24,246] INFO: irdm (6/2024): Updated existing record with 13 non-zero financial metrics
[2025-03-22 14:23:24,276] INFO: irdm (9/2024): Updated existing record with 13 non-zero financial metrics
[2025-03-22 14:23:24,293] INFO: Trying adjusted date: 1/2025 (original: 12/2024)
[2025-03-22 14:23:24,307] WARNING: irdm (12/2024): No existing record found(12/2024, 2024-12-31) - creating new one
[2025-03-22 14:23:24,307] INFO: irdm (12/2024): Created new record with 20 non-zero financial metrics
