[2025-03-21 23:57:56,814] INFO: Trying adjusted date: 4/2010 (original: 3/2010)
[2025-03-21 23:57:56,825] WARNING: isrg (3/2010): Found zero values for fields: Share Repurchases
[2025-03-21 23:57:56,825] WARNING: isrg (3/2010): No existing record found(3/2010, 2010-03-31) - creating new one
[2025-03-21 23:57:56,826] INFO: isrg (3/2010): Created new record with 18 non-zero financial metrics
[2025-03-21 23:57:56,838] INFO: Trying adjusted date: 7/2010 (original: 6/2010)
[2025-03-21 23:57:56,850] WARNING: isrg (6/2010): No existing record found(6/2010, 2010-06-30) - creating new one
[2025-03-21 23:57:56,850] INFO: isrg (6/2010): Created new record with 15 non-zero financial metrics
[2025-03-21 23:57:56,863] INFO: Trying adjusted date: 10/2010 (original: 9/2010)
[2025-03-21 23:57:56,875] WARNING: isrg (9/2010): No existing record found(9/2010, 2010-09-30) - creating new one
[2025-03-21 23:57:56,875] INFO: isrg (9/2010): Created new record with 16 non-zero financial metrics
[2025-03-21 23:57:56,892] INFO: Trying adjusted date: 1/2011 (original: 12/2010)
[2025-03-21 23:57:56,904] WARNING: isrg (12/2010): No existing record found(12/2010, 2010-12-31) - creating new one
[2025-03-21 23:57:56,905] INFO: isrg (12/2010): Created new record with 19 non-zero financial metrics
[2025-03-21 23:57:56,918] INFO: Trying adjusted date: 4/2011 (original: 3/2011)
[2025-03-21 23:57:56,930] WARNING: isrg (3/2011): No existing record found(3/2011, 2011-03-31) - creating new one
[2025-03-21 23:57:56,930] INFO: isrg (3/2011): Created new record with 19 non-zero financial metrics
[2025-03-21 23:57:56,944] INFO: Trying adjusted date: 7/2011 (original: 6/2011)
[2025-03-21 23:57:56,957] WARNING: isrg (6/2011): No existing record found(6/2011, 2011-06-30) - creating new one
[2025-03-21 23:57:56,957] INFO: isrg (6/2011): Created new record with 17 non-zero financial metrics
[2025-03-21 23:57:56,972] INFO: Trying adjusted date: 10/2011 (original: 9/2011)
[2025-03-21 23:57:56,984] WARNING: isrg (9/2011): No existing record found(9/2011, 2011-09-30) - creating new one
[2025-03-21 23:57:56,984] INFO: isrg (9/2011): Created new record with 16 non-zero financial metrics
[2025-03-21 23:57:56,997] INFO: Trying adjusted date: 1/2012 (original: 12/2011)
[2025-03-21 23:57:57,009] WARNING: isrg (12/2011): No existing record found(12/2011, 2011-12-31) - creating new one
[2025-03-21 23:57:57,010] INFO: isrg (12/2011): Created new record with 19 non-zero financial metrics
[2025-03-21 23:57:57,023] INFO: Trying adjusted date: 4/2012 (original: 3/2012)
[2025-03-21 23:57:57,035] WARNING: isrg (3/2012): Found zero values for fields: Share Repurchases
[2025-03-21 23:57:57,035] WARNING: isrg (3/2012): No existing record found(3/2012, 2012-03-31) - creating new one
[2025-03-21 23:57:57,036] INFO: isrg (3/2012): Created new record with 18 non-zero financial metrics
[2025-03-21 23:57:57,049] INFO: Trying adjusted date: 7/2012 (original: 6/2012)
[2025-03-21 23:57:57,060] WARNING: isrg (6/2012): No existing record found(6/2012, 2012-06-30) - creating new one
[2025-03-21 23:57:57,061] INFO: isrg (6/2012): Created new record with 16 non-zero financial metrics
[2025-03-21 23:57:57,084] INFO: isrg (9/2012): Updated existing record with 16 non-zero financial metrics
[2025-03-21 23:57:57,109] INFO: isrg (12/2012): Updated existing record with 19 non-zero financial metrics
[2025-03-21 23:57:57,136] INFO: isrg (3/2013): Updated existing record with 19 non-zero financial metrics
[2025-03-21 23:57:57,161] INFO: isrg (6/2013): Updated existing record with 16 non-zero financial metrics
[2025-03-21 23:57:57,188] INFO: isrg (9/2013): Updated existing record with 16 non-zero financial metrics
[2025-03-21 23:57:57,214] INFO: isrg (12/2013): Updated existing record with 19 non-zero financial metrics
[2025-03-21 23:57:57,227] WARNING: isrg (3/2014): Found zero values for fields: Share Repurchases
[2025-03-21 23:57:57,239] INFO: isrg (3/2014): Updated existing record with 18 non-zero financial metrics
[2025-03-21 23:57:57,267] INFO: isrg (6/2014): Updated existing record with 15 non-zero financial metrics
[2025-03-21 23:57:57,293] INFO: isrg (9/2014): Updated existing record with 15 non-zero financial metrics
[2025-03-21 23:57:57,318] INFO: isrg (12/2014): Updated existing record with 19 non-zero financial metrics
[2025-03-21 23:57:57,344] INFO: isrg (3/2015): Updated existing record with 19 non-zero financial metrics
[2025-03-21 23:57:57,370] INFO: isrg (6/2015): Updated existing record with 15 non-zero financial metrics
[2025-03-21 23:57:57,395] INFO: isrg (9/2015): Updated existing record with 15 non-zero financial metrics
[2025-03-21 23:57:57,421] INFO: isrg (12/2015): Updated existing record with 19 non-zero financial metrics
[2025-03-21 23:57:57,446] INFO: isrg (3/2016): Updated existing record with 19 non-zero financial metrics
[2025-03-21 23:57:57,471] INFO: isrg (6/2016): Updated existing record with 15 non-zero financial metrics
[2025-03-21 23:57:57,497] INFO: isrg (9/2016): Updated existing record with 15 non-zero financial metrics
[2025-03-21 23:57:57,532] INFO: isrg (12/2016): Updated existing record with 19 non-zero financial metrics
[2025-03-21 23:57:57,557] INFO: isrg (3/2017): Updated existing record with 20 non-zero financial metrics
[2025-03-21 23:57:57,586] INFO: isrg (6/2017): Updated existing record with 16 non-zero financial metrics
[2025-03-21 23:57:57,612] INFO: isrg (9/2017): Updated existing record with 16 non-zero financial metrics
[2025-03-21 23:57:57,637] INFO: isrg (12/2017): Updated existing record with 19 non-zero financial metrics
[2025-03-21 23:57:57,650] WARNING: isrg (3/2018): Found zero values for fields: Share Repurchases
[2025-03-21 23:57:57,661] INFO: isrg (3/2018): Updated existing record with 20 non-zero financial metrics
[2025-03-21 23:57:57,686] INFO: isrg (6/2018): Updated existing record with 17 non-zero financial metrics
[2025-03-21 23:57:57,710] INFO: isrg (9/2018): Updated existing record with 17 non-zero financial metrics
[2025-03-21 23:57:57,724] WARNING: isrg (12/2018): Found zero values for fields: Share Repurchases
[2025-03-21 23:57:57,736] INFO: isrg (12/2018): Updated existing record with 20 non-zero financial metrics
[2025-03-21 23:57:57,763] INFO: isrg (3/2019): Updated existing record with 20 non-zero financial metrics
[2025-03-21 23:57:57,788] INFO: isrg (6/2019): Updated existing record with 17 non-zero financial metrics
[2025-03-21 23:57:57,812] INFO: isrg (9/2019): Updated existing record with 17 non-zero financial metrics
[2025-03-21 23:57:57,840] INFO: isrg (12/2019): Updated existing record with 21 non-zero financial metrics
[2025-03-21 23:57:57,865] INFO: isrg (3/2020): Updated existing record with 21 non-zero financial metrics
[2025-03-21 23:57:57,890] INFO: isrg (6/2020): Updated existing record with 17 non-zero financial metrics
[2025-03-21 23:57:57,918] INFO: isrg (9/2020): Updated existing record with 17 non-zero financial metrics
[2025-03-21 23:57:57,943] INFO: isrg (12/2020): Updated existing record with 20 non-zero financial metrics
[2025-03-21 23:57:57,958] WARNING: isrg (3/2021): Found zero values for fields: Share Repurchases
[2025-03-21 23:57:57,971] INFO: isrg (3/2021): Updated existing record with 19 non-zero financial metrics
[2025-03-21 23:57:57,996] INFO: isrg (6/2021): Updated existing record with 16 non-zero financial metrics
[2025-03-21 23:57:58,021] INFO: isrg (9/2021): Updated existing record with 16 non-zero financial metrics
[2025-03-21 23:57:58,036] WARNING: isrg (12/2021): Found zero values for fields: Share Repurchases
[2025-03-21 23:57:58,048] INFO: isrg (12/2021): Updated existing record with 19 non-zero financial metrics
[2025-03-21 23:57:58,073] INFO: isrg (3/2022): Updated existing record with 20 non-zero financial metrics
[2025-03-21 23:57:58,098] INFO: isrg (6/2022): Updated existing record with 16 non-zero financial metrics
[2025-03-21 23:57:58,123] INFO: isrg (9/2022): Updated existing record with 16 non-zero financial metrics
[2025-03-21 23:57:58,149] INFO: isrg (12/2022): Updated existing record with 20 non-zero financial metrics
[2025-03-21 23:57:58,175] INFO: isrg (3/2023): Updated existing record with 20 non-zero financial metrics
[2025-03-21 23:57:58,202] INFO: isrg (6/2023): Updated existing record with 16 non-zero financial metrics
[2025-03-21 23:57:58,226] INFO: isrg (9/2023): Updated existing record with 16 non-zero financial metrics
[2025-03-21 23:57:58,252] INFO: isrg (12/2023): Updated existing record with 20 non-zero financial metrics
[2025-03-21 23:57:58,265] WARNING: isrg (3/2024): Found zero values for fields: Share Repurchases
[2025-03-21 23:57:58,277] INFO: isrg (3/2024): Updated existing record with 19 non-zero financial metrics
[2025-03-21 23:57:58,302] INFO: isrg (6/2024): Updated existing record with 16 non-zero financial metrics
[2025-03-21 23:57:58,328] INFO: isrg (9/2024): Updated existing record with 16 non-zero financial metrics
[2025-03-21 23:57:58,343] WARNING: isrg (12/2024): Found zero values for fields: Share Repurchases
[2025-03-21 23:57:58,355] INFO: isrg (12/2024): Updated existing record with 19 non-zero financial metrics
