[2025-03-22 14:03:17,113] INFO: Trying adjusted date: 4/2010 (original: 3/2010)
[2025-03-22 14:03:17,127] WARNING: itt (3/2010): No existing record found(3/2010, 2010-03-31) - creating new one
[2025-03-22 14:03:17,128] INFO: itt (3/2010): Created new record with 13 non-zero financial metrics
[2025-03-22 14:03:17,146] INFO: Trying adjusted date: 7/2010 (original: 6/2010)
[2025-03-22 14:03:17,161] WARNING: itt (6/2010): No existing record found(6/2010, 2010-06-30) - creating new one
[2025-03-22 14:03:17,161] INFO: itt (6/2010): Created new record with 12 non-zero financial metrics
[2025-03-22 14:03:17,178] INFO: Trying adjusted date: 10/2010 (original: 9/2010)
[2025-03-22 14:03:17,192] WARNING: itt (9/2010): No existing record found(9/2010, 2010-09-30) - creating new one
[2025-03-22 14:03:17,192] INFO: itt (9/2010): Created new record with 12 non-zero financial metrics
[2025-03-22 14:03:17,208] INFO: Trying adjusted date: 1/2011 (original: 12/2010)
[2025-03-22 14:03:17,222] WARNING: itt (12/2010): Found zero values for fields: Share Repurchases
[2025-03-22 14:03:17,222] WARNING: itt (12/2010): No existing record found(12/2010, 2010-12-31) - creating new one
[2025-03-22 14:03:17,222] INFO: itt (12/2010): Created new record with 14 non-zero financial metrics
[2025-03-22 14:03:17,238] INFO: Trying adjusted date: 4/2011 (original: 3/2011)
[2025-03-22 14:03:17,252] WARNING: itt (3/2011): No existing record found(3/2011, 2011-03-31) - creating new one
[2025-03-22 14:03:17,252] INFO: itt (3/2011): Created new record with 12 non-zero financial metrics
[2025-03-22 14:03:17,269] INFO: Trying adjusted date: 7/2011 (original: 6/2011)
[2025-03-22 14:03:17,283] WARNING: itt (6/2011): No existing record found(6/2011, 2011-06-30) - creating new one
[2025-03-22 14:03:17,283] INFO: itt (6/2011): Created new record with 11 non-zero financial metrics
[2025-03-22 14:03:17,299] INFO: Trying adjusted date: 10/2011 (original: 9/2011)
[2025-03-22 14:03:17,314] WARNING: itt (9/2011): No existing record found(9/2011, 2011-09-30) - creating new one
[2025-03-22 14:03:17,314] INFO: itt (9/2011): Created new record with 11 non-zero financial metrics
[2025-03-22 14:03:17,332] INFO: Trying adjusted date: 1/2012 (original: 12/2011)
[2025-03-22 14:03:17,346] WARNING: itt (12/2011): No existing record found(12/2011, 2011-12-31) - creating new one
[2025-03-22 14:03:17,346] INFO: itt (12/2011): Created new record with 14 non-zero financial metrics
[2025-03-22 14:03:17,365] INFO: Trying adjusted date: 4/2012 (original: 3/2012)
[2025-03-22 14:03:17,382] WARNING: itt (3/2012): No existing record found(3/2012, 2012-03-31) - creating new one
[2025-03-22 14:03:17,382] INFO: itt (3/2012): Created new record with 14 non-zero financial metrics
[2025-03-22 14:03:17,399] INFO: Trying adjusted date: 7/2012 (original: 6/2012)
[2025-03-22 14:03:17,413] WARNING: itt (6/2012): No existing record found(6/2012, 2012-06-30) - creating new one
[2025-03-22 14:03:17,413] INFO: itt (6/2012): Created new record with 13 non-zero financial metrics
[2025-03-22 14:03:17,444] INFO: itt (9/2012): Updated existing record with 13 non-zero financial metrics
[2025-03-22 14:03:17,476] INFO: itt (12/2012): Updated existing record with 17 non-zero financial metrics
[2025-03-22 14:03:17,507] INFO: itt (3/2013): Updated existing record with 17 non-zero financial metrics
[2025-03-22 14:03:17,537] INFO: itt (6/2013): Updated existing record with 16 non-zero financial metrics
[2025-03-22 14:03:17,568] INFO: itt (9/2013): Updated existing record with 16 non-zero financial metrics
[2025-03-22 14:03:17,599] INFO: itt (12/2013): Updated existing record with 18 non-zero financial metrics
[2025-03-22 14:03:17,629] INFO: itt (3/2014): Updated existing record with 17 non-zero financial metrics
[2025-03-22 14:03:17,659] INFO: itt (6/2014): Updated existing record with 16 non-zero financial metrics
[2025-03-22 14:03:17,690] INFO: itt (9/2014): Updated existing record with 16 non-zero financial metrics
[2025-03-22 14:03:17,720] INFO: itt (12/2014): Updated existing record with 17 non-zero financial metrics
[2025-03-22 14:03:17,751] INFO: itt (3/2015): Updated existing record with 17 non-zero financial metrics
[2025-03-22 14:03:17,782] INFO: itt (6/2015): Updated existing record with 16 non-zero financial metrics
[2025-03-22 14:03:17,810] INFO: itt (9/2015): Updated existing record with 16 non-zero financial metrics
[2025-03-22 14:03:17,840] INFO: itt (12/2015): Updated existing record with 17 non-zero financial metrics
[2025-03-22 14:03:17,871] INFO: itt (3/2016): Updated existing record with 17 non-zero financial metrics
[2025-03-22 14:03:17,902] INFO: itt (6/2016): Updated existing record with 16 non-zero financial metrics
[2025-03-22 14:03:17,932] INFO: itt (9/2016): Updated existing record with 16 non-zero financial metrics
[2025-03-22 14:03:17,962] INFO: itt (12/2016): Updated existing record with 17 non-zero financial metrics
[2025-03-22 14:03:17,992] INFO: itt (3/2017): Updated existing record with 17 non-zero financial metrics
[2025-03-22 14:03:18,023] INFO: itt (6/2017): Updated existing record with 16 non-zero financial metrics
[2025-03-22 14:03:18,054] INFO: itt (9/2017): Updated existing record with 16 non-zero financial metrics
[2025-03-22 14:03:18,087] INFO: itt (12/2017): Updated existing record with 17 non-zero financial metrics
[2025-03-22 14:03:18,117] INFO: itt (3/2018): Updated existing record with 19 non-zero financial metrics
[2025-03-22 14:03:18,148] INFO: itt (6/2018): Updated existing record with 18 non-zero financial metrics
[2025-03-22 14:03:18,178] INFO: itt (9/2018): Updated existing record with 18 non-zero financial metrics
[2025-03-22 14:03:18,208] INFO: itt (12/2018): Updated existing record with 18 non-zero financial metrics
[2025-03-22 14:03:18,241] INFO: itt (3/2019): Updated existing record with 18 non-zero financial metrics
[2025-03-22 14:03:18,271] INFO: itt (6/2019): Updated existing record with 17 non-zero financial metrics
[2025-03-22 14:03:18,301] INFO: itt (9/2019): Updated existing record with 17 non-zero financial metrics
[2025-03-22 14:03:18,331] INFO: itt (12/2019): Updated existing record with 20 non-zero financial metrics
[2025-03-22 14:03:18,362] INFO: itt (3/2020): Updated existing record with 21 non-zero financial metrics
[2025-03-22 14:03:18,392] INFO: itt (6/2020): Updated existing record with 18 non-zero financial metrics
[2025-03-22 14:03:18,423] INFO: itt (9/2020): Updated existing record with 18 non-zero financial metrics
[2025-03-22 14:03:18,455] INFO: itt (12/2020): Updated existing record with 21 non-zero financial metrics
[2025-03-22 14:03:18,486] INFO: itt (3/2021): Updated existing record with 20 non-zero financial metrics
[2025-03-22 14:03:18,503] INFO: Trying adjusted date: 6/2021 (original: 7/2021)
[2025-03-22 14:03:18,520] INFO: Found existing row with adjusted date: 6/2021
[2025-03-22 14:03:18,534] INFO: itt (6/2021): Updated existing record with 17 non-zero financial metrics
[2025-03-22 14:03:18,550] INFO: Trying adjusted date: 9/2021 (original: 10/2021)
[2025-03-22 14:03:18,564] INFO: Found existing row with adjusted date: 9/2021
[2025-03-22 14:03:18,578] INFO: itt (9/2021): Updated existing record with 17 non-zero financial metrics
[2025-03-22 14:03:18,608] INFO: itt (12/2021): Updated existing record with 21 non-zero financial metrics
[2025-03-22 14:03:18,624] INFO: Trying adjusted date: 3/2022 (original: 4/2022)
[2025-03-22 14:03:18,638] INFO: Found existing row with adjusted date: 3/2022
[2025-03-22 14:03:18,652] INFO: itt (3/2022): Updated existing record with 20 non-zero financial metrics
[2025-03-22 14:03:18,668] INFO: Trying adjusted date: 6/2022 (original: 7/2022)
[2025-03-22 14:03:18,682] INFO: Found existing row with adjusted date: 6/2022
[2025-03-22 14:03:18,696] INFO: itt (6/2022): Updated existing record with 17 non-zero financial metrics
[2025-03-22 14:03:18,712] INFO: Trying adjusted date: 9/2022 (original: 10/2022)
[2025-03-22 14:03:18,725] INFO: Found existing row with adjusted date: 9/2022
[2025-03-22 14:03:18,738] INFO: itt (9/2022): Updated existing record with 17 non-zero financial metrics
[2025-03-22 14:03:18,769] INFO: itt (12/2022): Updated existing record with 21 non-zero financial metrics
[2025-03-22 14:03:18,786] INFO: Trying adjusted date: 3/2023 (original: 4/2023)
[2025-03-22 14:03:18,800] INFO: Found existing row with adjusted date: 3/2023
[2025-03-22 14:03:18,814] INFO: itt (3/2023): Updated existing record with 20 non-zero financial metrics
[2025-03-22 14:03:18,831] INFO: Trying adjusted date: 6/2023 (original: 7/2023)
[2025-03-22 14:03:18,845] INFO: Found existing row with adjusted date: 6/2023
[2025-03-22 14:03:18,858] INFO: itt (6/2023): Updated existing record with 17 non-zero financial metrics
[2025-03-22 14:03:18,889] INFO: itt (9/2023): Updated existing record with 17 non-zero financial metrics
[2025-03-22 14:03:18,920] INFO: itt (12/2023): Updated existing record with 21 non-zero financial metrics
[2025-03-22 14:03:18,939] WARNING: itt (3/2024): Found zero values for fields: Share Repurchases
[2025-03-22 14:03:18,953] INFO: itt (3/2024): Updated existing record with 18 non-zero financial metrics
[2025-03-22 14:03:18,983] INFO: itt (6/2024): Updated existing record with 17 non-zero financial metrics
[2025-03-22 14:03:19,014] INFO: itt (9/2024): Updated existing record with 18 non-zero financial metrics
[2025-03-22 14:03:19,030] INFO: Trying adjusted date: 1/2025 (original: 12/2024)
[2025-03-22 14:03:19,045] WARNING: itt (12/2024): No existing record found(12/2024, 2024-12-31) - creating new one
[2025-03-22 14:03:19,045] INFO: itt (12/2024): Created new record with 21 non-zero financial metrics
