[2025-03-22 07:09:46,528] INFO: Trying adjusted date: 3/2010 (original: 4/2010)
[2025-03-22 07:09:46,540] WARNING: j (4/2010): No existing record found(4/2010, 2010-04-02) - creating new one
[2025-03-22 07:09:46,541] INFO: j (4/2010): Created new record with 10 non-zero financial metrics
[2025-03-22 07:09:46,555] INFO: Trying adjusted date: 6/2010 (original: 7/2010)
[2025-03-22 07:09:46,568] WARNING: j (7/2010): No existing record found(7/2010, 2010-07-02) - creating new one
[2025-03-22 07:09:46,569] INFO: j (7/2010): Created new record with 10 non-zero financial metrics
[2025-03-22 07:09:46,584] INFO: Trying adjusted date: 9/2010 (original: 10/2010)
[2025-03-22 07:09:46,597] WARNING: j (10/2010): No existing record found(10/2010, 2010-10-01) - creating new one
[2025-03-22 07:09:46,597] INFO: j (10/2010): Created new record with 15 non-zero financial metrics
[2025-03-22 07:09:46,611] INFO: Trying adjusted date: 1/2011 (original: 12/2010)
[2025-03-22 07:09:46,624] WARNING: j (12/2010): No existing record found(12/2010, 2010-12-31) - creating new one
[2025-03-22 07:09:46,624] INFO: j (12/2010): Created new record with 14 non-zero financial metrics
[2025-03-22 07:09:46,639] INFO: Trying adjusted date: 3/2011 (original: 4/2011)
[2025-03-22 07:09:46,653] WARNING: j (4/2011): No existing record found(4/2011, 2011-04-01) - creating new one
[2025-03-22 07:09:46,654] INFO: j (4/2011): Created new record with 10 non-zero financial metrics
[2025-03-22 07:09:46,669] INFO: Trying adjusted date: 6/2011 (original: 7/2011)
[2025-03-22 07:09:46,684] WARNING: j (7/2011): No existing record found(7/2011, 2011-07-01) - creating new one
[2025-03-22 07:09:46,685] INFO: j (7/2011): Created new record with 10 non-zero financial metrics
[2025-03-22 07:09:46,699] INFO: Trying adjusted date: 10/2011 (original: 9/2011)
[2025-03-22 07:09:46,712] WARNING: j (9/2011): No existing record found(9/2011, 2011-09-30) - creating new one
[2025-03-22 07:09:46,713] INFO: j (9/2011): Created new record with 14 non-zero financial metrics
[2025-03-22 07:09:46,727] INFO: Trying adjusted date: 1/2012 (original: 12/2011)
[2025-03-22 07:09:46,739] WARNING: j (12/2011): No existing record found(12/2011, 2011-12-30) - creating new one
[2025-03-22 07:09:46,740] INFO: j (12/2011): Created new record with 13 non-zero financial metrics
[2025-03-22 07:09:46,755] INFO: Trying adjusted date: 4/2012 (original: 3/2012)
[2025-03-22 07:09:46,767] WARNING: j (3/2012): No existing record found(3/2012, 2012-03-30) - creating new one
[2025-03-22 07:09:46,768] INFO: j (3/2012): Created new record with 10 non-zero financial metrics
[2025-03-22 07:09:46,782] INFO: Trying adjusted date: 7/2012 (original: 6/2012)
[2025-03-22 07:09:46,794] WARNING: j (6/2012): No existing record found(6/2012, 2012-06-29) - creating new one
[2025-03-22 07:09:46,795] INFO: j (6/2012): Created new record with 10 non-zero financial metrics
[2025-03-22 07:09:46,809] INFO: Trying adjusted date: 10/2012 (original: 9/2012)
[2025-03-22 07:09:46,821] WARNING: j (9/2012): No existing record found(9/2012, 2012-09-28) - creating new one
[2025-03-22 07:09:46,821] INFO: j (9/2012): Created new record with 13 non-zero financial metrics
[2025-03-22 07:09:46,836] INFO: Trying adjusted date: 1/2013 (original: 12/2012)
[2025-03-22 07:09:46,848] WARNING: j (12/2012): No existing record found(12/2012, 2012-12-28) - creating new one
[2025-03-22 07:09:46,849] INFO: j (12/2012): Created new record with 14 non-zero financial metrics
[2025-03-22 07:09:46,864] INFO: Trying adjusted date: 4/2013 (original: 3/2013)
[2025-03-22 07:09:46,876] WARNING: j (3/2013): No existing record found(3/2013, 2013-03-29) - creating new one
[2025-03-22 07:09:46,877] INFO: j (3/2013): Created new record with 10 non-zero financial metrics
[2025-03-22 07:09:46,891] INFO: Trying adjusted date: 7/2013 (original: 6/2013)
[2025-03-22 07:09:46,904] WARNING: j (6/2013): No existing record found(6/2013, 2013-06-28) - creating new one
[2025-03-22 07:09:46,905] INFO: j (6/2013): Created new record with 10 non-zero financial metrics
[2025-03-22 07:09:46,920] INFO: Trying adjusted date: 10/2013 (original: 9/2013)
[2025-03-22 07:09:46,932] WARNING: j (9/2013): No existing record found(9/2013, 2013-09-27) - creating new one
[2025-03-22 07:09:46,933] INFO: j (9/2013): Created new record with 13 non-zero financial metrics
[2025-03-22 07:09:46,947] INFO: Trying adjusted date: 1/2014 (original: 12/2013)
[2025-03-22 07:09:46,959] WARNING: j (12/2013): No existing record found(12/2013, 2013-12-27) - creating new one
[2025-03-22 07:09:46,959] INFO: j (12/2013): Created new record with 14 non-zero financial metrics
[2025-03-22 07:09:46,974] INFO: Trying adjusted date: 4/2014 (original: 3/2014)
[2025-03-22 07:09:46,987] WARNING: j (3/2014): No existing record found(3/2014, 2014-03-28) - creating new one
[2025-03-22 07:09:46,987] INFO: j (3/2014): Created new record with 10 non-zero financial metrics
[2025-03-22 07:09:47,002] INFO: Trying adjusted date: 7/2014 (original: 6/2014)
[2025-03-22 07:09:47,015] WARNING: j (6/2014): No existing record found(6/2014, 2014-06-27) - creating new one
[2025-03-22 07:09:47,015] INFO: j (6/2014): Created new record with 10 non-zero financial metrics
[2025-03-22 07:09:47,029] INFO: Trying adjusted date: 10/2014 (original: 9/2014)
[2025-03-22 07:09:47,041] WARNING: j (9/2014): No existing record found(9/2014, 2014-09-26) - creating new one
[2025-03-22 07:09:47,041] INFO: j (9/2014): Created new record with 14 non-zero financial metrics
[2025-03-22 07:09:47,055] INFO: Trying adjusted date: 1/2015 (original: 12/2014)
[2025-03-22 07:09:47,067] WARNING: j (12/2014): No existing record found(12/2014, 2014-12-26) - creating new one
[2025-03-22 07:09:47,068] INFO: j (12/2014): Created new record with 15 non-zero financial metrics
[2025-03-22 07:09:47,083] INFO: Trying adjusted date: 4/2015 (original: 3/2015)
[2025-03-22 07:09:47,096] WARNING: j (3/2015): No existing record found(3/2015, 2015-03-27) - creating new one
[2025-03-22 07:09:47,096] INFO: j (3/2015): Created new record with 10 non-zero financial metrics
[2025-03-22 07:09:47,110] INFO: Trying adjusted date: 7/2015 (original: 6/2015)
[2025-03-22 07:09:47,123] WARNING: j (6/2015): No existing record found(6/2015, 2015-06-26) - creating new one
[2025-03-22 07:09:47,123] INFO: j (6/2015): Created new record with 10 non-zero financial metrics
[2025-03-22 07:09:47,137] INFO: Trying adjusted date: 9/2015 (original: 10/2015)
[2025-03-22 07:09:47,150] WARNING: j (10/2015): No existing record found(10/2015, 2015-10-02) - creating new one
[2025-03-22 07:09:47,150] INFO: j (10/2015): Created new record with 14 non-zero financial metrics
[2025-03-22 07:09:47,167] INFO: Trying adjusted date: 12/2015 (original: 1/2016)
[2025-03-22 07:09:47,179] WARNING: j (1/2016): No existing record found(1/2016, 2016-01-01) - creating new one
[2025-03-22 07:09:47,180] INFO: j (1/2016): Created new record with 15 non-zero financial metrics
[2025-03-22 07:09:47,194] INFO: Trying adjusted date: 3/2016 (original: 4/2016)
[2025-03-22 07:09:47,207] WARNING: j (4/2016): No existing record found(4/2016, 2016-04-01) - creating new one
[2025-03-22 07:09:47,208] INFO: j (4/2016): Created new record with 10 non-zero financial metrics
[2025-03-22 07:09:47,223] INFO: Trying adjusted date: 6/2016 (original: 7/2016)
[2025-03-22 07:09:47,237] WARNING: j (7/2016): No existing record found(7/2016, 2016-07-01) - creating new one
[2025-03-22 07:09:47,237] INFO: j (7/2016): Created new record with 10 non-zero financial metrics
[2025-03-22 07:09:47,251] INFO: Trying adjusted date: 10/2016 (original: 9/2016)
[2025-03-22 07:09:47,263] WARNING: j (9/2016): No existing record found(9/2016, 2016-09-30) - creating new one
[2025-03-22 07:09:47,263] INFO: j (9/2016): Created new record with 12 non-zero financial metrics
[2025-03-22 07:09:47,278] INFO: Trying adjusted date: 1/2017 (original: 12/2016)
[2025-03-22 07:09:47,291] WARNING: j (12/2016): No existing record found(12/2016, 2016-12-30) - creating new one
[2025-03-22 07:09:47,291] INFO: j (12/2016): Created new record with 12 non-zero financial metrics
[2025-03-22 07:09:47,305] INFO: Trying adjusted date: 4/2017 (original: 3/2017)
[2025-03-22 07:09:47,318] WARNING: j (3/2017): No existing record found(3/2017, 2017-03-31) - creating new one
[2025-03-22 07:09:47,319] INFO: j (3/2017): Created new record with 10 non-zero financial metrics
[2025-03-22 07:09:47,333] INFO: Trying adjusted date: 7/2017 (original: 6/2017)
[2025-03-22 07:09:47,346] WARNING: j (6/2017): No existing record found(6/2017, 2017-06-30) - creating new one
[2025-03-22 07:09:47,346] INFO: j (6/2017): Created new record with 10 non-zero financial metrics
[2025-03-22 07:09:47,360] INFO: Trying adjusted date: 10/2017 (original: 9/2017)
[2025-03-22 07:09:47,373] WARNING: j (9/2017): No existing record found(9/2017, 2017-09-29) - creating new one
[2025-03-22 07:09:47,374] INFO: j (9/2017): Created new record with 12 non-zero financial metrics
[2025-03-22 07:09:47,388] INFO: Trying adjusted date: 1/2018 (original: 12/2017)
[2025-03-22 07:09:47,400] WARNING: j (12/2017): No existing record found(12/2017, 2017-12-29) - creating new one
[2025-03-22 07:09:47,401] INFO: j (12/2017): Created new record with 12 non-zero financial metrics
[2025-03-22 07:09:47,416] INFO: Trying adjusted date: 4/2018 (original: 3/2018)
[2025-03-22 07:09:47,429] WARNING: j (3/2018): No existing record found(3/2018, 2018-03-30) - creating new one
[2025-03-22 07:09:47,430] INFO: j (3/2018): Created new record with 11 non-zero financial metrics
[2025-03-22 07:09:47,443] INFO: Trying adjusted date: 7/2018 (original: 6/2018)
[2025-03-22 07:09:47,456] WARNING: j (6/2018): No existing record found(6/2018, 2018-06-29) - creating new one
[2025-03-22 07:09:47,457] INFO: j (6/2018): Created new record with 10 non-zero financial metrics
[2025-03-22 07:09:47,472] INFO: Trying adjusted date: 10/2018 (original: 9/2018)
[2025-03-22 07:09:47,485] WARNING: j (9/2018): No existing record found(9/2018, 2018-09-28) - creating new one
[2025-03-22 07:09:47,486] INFO: j (9/2018): Created new record with 17 non-zero financial metrics
[2025-03-22 07:09:47,500] INFO: Trying adjusted date: 1/2019 (original: 12/2018)
[2025-03-22 07:09:47,515] WARNING: j (12/2018): No existing record found(12/2018, 2018-12-28) - creating new one
[2025-03-22 07:09:47,516] INFO: j (12/2018): Created new record with 17 non-zero financial metrics
[2025-03-22 07:09:47,530] INFO: Trying adjusted date: 4/2019 (original: 3/2019)
[2025-03-22 07:09:47,543] WARNING: j (3/2019): No existing record found(3/2019, 2019-03-29) - creating new one
[2025-03-22 07:09:47,543] INFO: j (3/2019): Created new record with 12 non-zero financial metrics
[2025-03-22 07:09:47,557] INFO: Trying adjusted date: 7/2019 (original: 6/2019)
[2025-03-22 07:09:47,569] WARNING: j (6/2019): No existing record found(6/2019, 2019-06-28) - creating new one
[2025-03-22 07:09:47,570] INFO: j (6/2019): Created new record with 12 non-zero financial metrics
[2025-03-22 07:09:47,584] INFO: Trying adjusted date: 10/2019 (original: 9/2019)
[2025-03-22 07:09:47,597] WARNING: j (9/2019): No existing record found(9/2019, 2019-09-27) - creating new one
[2025-03-22 07:09:47,598] INFO: j (9/2019): Created new record with 17 non-zero financial metrics
[2025-03-22 07:09:47,611] WARNING: j (12/2019): Found zero values for fields: Share Repurchases
[2025-03-22 07:09:47,623] INFO: j (12/2019): Updated existing record with 16 non-zero financial metrics
[2025-03-22 07:09:47,652] INFO: j (3/2020): Updated existing record with 12 non-zero financial metrics
[2025-03-22 07:09:47,679] INFO: j (6/2020): Updated existing record with 12 non-zero financial metrics
[2025-03-22 07:09:47,693] INFO: Trying adjusted date: 9/2020 (original: 10/2020)
[2025-03-22 07:09:47,706] INFO: Found existing row with adjusted date: 9/2020
[2025-03-22 07:09:47,720] INFO: j (9/2020): Updated existing record with 17 non-zero financial metrics
[2025-03-22 07:09:47,735] INFO: Trying adjusted date: 12/2020 (original: 1/2021)
[2025-03-22 07:09:47,747] INFO: Found existing row with adjusted date: 12/2020
[2025-03-22 07:09:47,760] INFO: j (12/2020): Updated existing record with 17 non-zero financial metrics
[2025-03-22 07:09:47,774] INFO: Trying adjusted date: 3/2021 (original: 4/2021)
[2025-03-22 07:09:47,787] INFO: Found existing row with adjusted date: 3/2021
[2025-03-22 07:09:47,800] INFO: j (3/2021): Updated existing record with 12 non-zero financial metrics
[2025-03-22 07:09:47,815] INFO: Trying adjusted date: 6/2021 (original: 7/2021)
[2025-03-22 07:09:47,827] INFO: Found existing row with adjusted date: 6/2021
[2025-03-22 07:09:47,839] INFO: j (6/2021): Updated existing record with 12 non-zero financial metrics
[2025-03-22 07:09:47,854] INFO: Trying adjusted date: 9/2021 (original: 10/2021)
[2025-03-22 07:09:47,867] INFO: Found existing row with adjusted date: 9/2021
[2025-03-22 07:09:47,880] INFO: j (9/2021): Updated existing record with 17 non-zero financial metrics
[2025-03-22 07:09:47,893] WARNING: j (12/2021): Found zero values for fields: Share Repurchases
[2025-03-22 07:09:47,906] INFO: j (12/2021): Updated existing record with 16 non-zero financial metrics
[2025-03-22 07:09:47,919] INFO: Trying adjusted date: 3/2022 (original: 4/2022)
[2025-03-22 07:09:47,932] INFO: Found existing row with adjusted date: 3/2022
[2025-03-22 07:09:47,945] INFO: j (3/2022): Updated existing record with 12 non-zero financial metrics
[2025-03-22 07:09:47,959] INFO: Trying adjusted date: 6/2022 (original: 7/2022)
[2025-03-22 07:09:47,971] INFO: Found existing row with adjusted date: 6/2022
[2025-03-22 07:09:47,984] INFO: j (6/2022): Updated existing record with 12 non-zero financial metrics
[2025-03-22 07:09:48,010] INFO: j (9/2022): Updated existing record with 17 non-zero financial metrics
[2025-03-22 07:09:48,036] INFO: j (12/2022): Updated existing record with 17 non-zero financial metrics
[2025-03-22 07:09:48,064] INFO: j (3/2023): Updated existing record with 12 non-zero financial metrics
[2025-03-22 07:09:48,090] INFO: j (6/2023): Updated existing record with 12 non-zero financial metrics
[2025-03-22 07:09:48,117] INFO: j (9/2023): Updated existing record with 17 non-zero financial metrics
[2025-03-22 07:09:48,143] INFO: j (12/2023): Updated existing record with 17 non-zero financial metrics
[2025-03-22 07:09:48,170] INFO: j (3/2024): Updated existing record with 12 non-zero financial metrics
[2025-03-22 07:09:48,197] INFO: j (6/2024): Updated existing record with 11 non-zero financial metrics
[2025-03-22 07:09:48,223] INFO: j (9/2024): Updated existing record with 16 non-zero financial metrics
[2025-03-22 07:09:48,251] INFO: j (12/2024): Updated existing record with 16 non-zero financial metrics
