[2025-03-22 10:29:52,073] INFO: Trying adjusted date: 7/2011 (original: 6/2011)
[2025-03-22 10:29:52,086] WARNING: jazz (6/2011): No existing record found(6/2011, 2011-06-30) - creating new one
[2025-03-22 10:29:52,087] INFO: jazz (6/2011): Created new record with 13 non-zero financial metrics
[2025-03-22 10:29:52,104] INFO: Trying adjusted date: 10/2011 (original: 9/2011)
[2025-03-22 10:29:52,118] WARNING: jazz (9/2011): No existing record found(9/2011, 2011-09-30) - creating new one
[2025-03-22 10:29:52,119] INFO: jazz (9/2011): Created new record with 13 non-zero financial metrics
[2025-03-22 10:29:52,134] INFO: Trying adjusted date: 1/2012 (original: 12/2011)
[2025-03-22 10:29:52,147] WARNING: jazz (12/2011): No existing record found(12/2011, 2011-12-31) - creating new one
[2025-03-22 10:29:52,148] INFO: jazz (12/2011): Created new record with 16 non-zero financial metrics
[2025-03-22 10:29:52,164] INFO: Trying adjusted date: 4/2012 (original: 3/2012)
[2025-03-22 10:29:52,177] WARNING: jazz (3/2012): No existing record found(3/2012, 2012-03-31) - creating new one
[2025-03-22 10:29:52,178] INFO: jazz (3/2012): Created new record with 16 non-zero financial metrics
[2025-03-22 10:29:52,194] INFO: Trying adjusted date: 7/2012 (original: 6/2012)
[2025-03-22 10:29:52,208] WARNING: jazz (6/2012): No existing record found(6/2012, 2012-06-30) - creating new one
[2025-03-22 10:29:52,208] INFO: jazz (6/2012): Created new record with 12 non-zero financial metrics
[2025-03-22 10:29:52,238] INFO: jazz (9/2012): Updated existing record with 12 non-zero financial metrics
[2025-03-22 10:29:52,267] INFO: jazz (12/2012): Updated existing record with 15 non-zero financial metrics
[2025-03-22 10:29:52,298] INFO: jazz (3/2013): Updated existing record with 15 non-zero financial metrics
[2025-03-22 10:29:52,326] INFO: jazz (6/2013): Updated existing record with 12 non-zero financial metrics
[2025-03-22 10:29:52,354] INFO: jazz (9/2013): Updated existing record with 12 non-zero financial metrics
[2025-03-22 10:29:52,384] INFO: jazz (12/2013): Updated existing record with 16 non-zero financial metrics
[2025-03-22 10:29:52,413] INFO: jazz (3/2014): Updated existing record with 16 non-zero financial metrics
[2025-03-22 10:29:52,442] INFO: jazz (6/2014): Updated existing record with 13 non-zero financial metrics
[2025-03-22 10:29:52,472] INFO: jazz (9/2014): Updated existing record with 13 non-zero financial metrics
[2025-03-22 10:29:52,501] INFO: jazz (12/2014): Updated existing record with 17 non-zero financial metrics
[2025-03-22 10:29:52,533] INFO: jazz (3/2015): Updated existing record with 17 non-zero financial metrics
[2025-03-22 10:29:52,563] INFO: jazz (6/2015): Updated existing record with 13 non-zero financial metrics
[2025-03-22 10:29:52,593] INFO: jazz (9/2015): Updated existing record with 13 non-zero financial metrics
[2025-03-22 10:29:52,622] INFO: jazz (12/2015): Updated existing record with 17 non-zero financial metrics
[2025-03-22 10:29:52,651] INFO: jazz (3/2016): Updated existing record with 16 non-zero financial metrics
[2025-03-22 10:29:52,679] INFO: jazz (6/2016): Updated existing record with 12 non-zero financial metrics
[2025-03-22 10:29:52,708] INFO: jazz (9/2016): Updated existing record with 12 non-zero financial metrics
[2025-03-22 10:29:52,737] INFO: jazz (12/2016): Updated existing record with 16 non-zero financial metrics
[2025-03-22 10:29:52,766] INFO: jazz (3/2017): Updated existing record with 17 non-zero financial metrics
[2025-03-22 10:29:52,794] INFO: jazz (6/2017): Updated existing record with 13 non-zero financial metrics
[2025-03-22 10:29:52,823] INFO: jazz (9/2017): Updated existing record with 13 non-zero financial metrics
[2025-03-22 10:29:52,851] INFO: jazz (12/2017): Updated existing record with 18 non-zero financial metrics
[2025-03-22 10:29:52,882] INFO: jazz (3/2018): Updated existing record with 18 non-zero financial metrics
[2025-03-22 10:29:52,913] INFO: jazz (6/2018): Updated existing record with 14 non-zero financial metrics
[2025-03-22 10:29:52,943] INFO: jazz (9/2018): Updated existing record with 14 non-zero financial metrics
[2025-03-22 10:29:52,972] INFO: jazz (12/2018): Updated existing record with 19 non-zero financial metrics
[2025-03-22 10:29:53,001] INFO: jazz (3/2019): Updated existing record with 18 non-zero financial metrics
[2025-03-22 10:29:53,033] INFO: jazz (6/2019): Updated existing record with 14 non-zero financial metrics
[2025-03-22 10:29:53,062] INFO: jazz (9/2019): Updated existing record with 14 non-zero financial metrics
[2025-03-22 10:29:53,092] INFO: jazz (12/2019): Updated existing record with 19 non-zero financial metrics
[2025-03-22 10:29:53,120] INFO: jazz (3/2020): Updated existing record with 18 non-zero financial metrics
[2025-03-22 10:29:53,149] INFO: jazz (6/2020): Updated existing record with 13 non-zero financial metrics
[2025-03-22 10:29:53,178] INFO: jazz (9/2020): Updated existing record with 13 non-zero financial metrics
[2025-03-22 10:29:53,207] INFO: jazz (12/2020): Updated existing record with 19 non-zero financial metrics
[2025-03-22 10:29:53,223] WARNING: jazz (3/2021): Found zero values for fields: Share Repurchases
[2025-03-22 10:29:53,236] INFO: jazz (3/2021): Updated existing record with 17 non-zero financial metrics
[2025-03-22 10:29:53,266] INFO: jazz (6/2021): Updated existing record with 13 non-zero financial metrics
[2025-03-22 10:29:53,297] INFO: jazz (9/2021): Updated existing record with 13 non-zero financial metrics
[2025-03-22 10:29:53,313] WARNING: jazz (12/2021): Found zero values for fields: Share Repurchases
[2025-03-22 10:29:53,328] INFO: jazz (12/2021): Updated existing record with 18 non-zero financial metrics
[2025-03-22 10:29:53,357] INFO: jazz (3/2022): Updated existing record with 17 non-zero financial metrics
[2025-03-22 10:29:53,385] INFO: jazz (6/2022): Updated existing record with 13 non-zero financial metrics
[2025-03-22 10:29:53,415] INFO: jazz (9/2022): Updated existing record with 13 non-zero financial metrics
[2025-03-22 10:29:53,444] INFO: jazz (12/2022): Updated existing record with 19 non-zero financial metrics
[2025-03-22 10:29:53,472] INFO: jazz (3/2023): Updated existing record with 16 non-zero financial metrics
[2025-03-22 10:29:53,501] INFO: jazz (6/2023): Updated existing record with 12 non-zero financial metrics
[2025-03-22 10:29:53,530] INFO: jazz (9/2023): Updated existing record with 12 non-zero financial metrics
[2025-03-22 10:29:53,559] INFO: jazz (12/2023): Updated existing record with 18 non-zero financial metrics
[2025-03-22 10:29:53,588] INFO: jazz (3/2024): Updated existing record with 16 non-zero financial metrics
[2025-03-22 10:29:53,619] INFO: jazz (6/2024): Updated existing record with 12 non-zero financial metrics
[2025-03-22 10:29:53,647] INFO: jazz (9/2024): Updated existing record with 12 non-zero financial metrics
[2025-03-22 10:29:53,664] INFO: Trying adjusted date: 1/2025 (original: 12/2024)
[2025-03-22 10:29:53,678] WARNING: jazz (12/2024): No existing record found(12/2024, 2024-12-31) - creating new one
[2025-03-22 10:29:53,678] INFO: jazz (12/2024): Created new record with 17 non-zero financial metrics
