[2025-03-22 06:09:39,981] INFO: Trying adjusted date: 7/2010 (original: 6/2010)
[2025-03-22 06:09:39,994] WARNING: jbht (6/2010): No existing record found(6/2010, 2010-06-30) - creating new one
[2025-03-22 06:09:39,995] INFO: jbht (6/2010): Created new record with 9 non-zero financial metrics
[2025-03-22 06:09:40,009] INFO: Trying adjusted date: 10/2010 (original: 9/2010)
[2025-03-22 06:09:40,023] WARNING: jbht (9/2010): No existing record found(9/2010, 2010-09-30) - creating new one
[2025-03-22 06:09:40,024] INFO: jbht (9/2010): Created new record with 9 non-zero financial metrics
[2025-03-22 06:09:40,038] INFO: Trying adjusted date: 1/2011 (original: 12/2010)
[2025-03-22 06:09:40,051] WARNING: jbht (12/2010): No existing record found(12/2010, 2010-12-31) - creating new one
[2025-03-22 06:09:40,052] INFO: jbht (12/2010): Created new record with 17 non-zero financial metrics
[2025-03-22 06:09:40,067] INFO: Trying adjusted date: 4/2011 (original: 3/2011)
[2025-03-22 06:09:40,080] WARNING: jbht (3/2011): No existing record found(3/2011, 2011-03-31) - creating new one
[2025-03-22 06:09:40,080] INFO: jbht (3/2011): Created new record with 14 non-zero financial metrics
[2025-03-22 06:09:40,095] INFO: Trying adjusted date: 7/2011 (original: 6/2011)
[2025-03-22 06:09:40,109] WARNING: jbht (6/2011): No existing record found(6/2011, 2011-06-30) - creating new one
[2025-03-22 06:09:40,110] INFO: jbht (6/2011): Created new record with 10 non-zero financial metrics
[2025-03-22 06:09:40,125] INFO: Trying adjusted date: 10/2011 (original: 9/2011)
[2025-03-22 06:09:40,138] WARNING: jbht (9/2011): No existing record found(9/2011, 2011-09-30) - creating new one
[2025-03-22 06:09:40,138] INFO: jbht (9/2011): Created new record with 10 non-zero financial metrics
[2025-03-22 06:09:40,153] INFO: Trying adjusted date: 1/2012 (original: 12/2011)
[2025-03-22 06:09:40,166] WARNING: jbht (12/2011): No existing record found(12/2011, 2011-12-31) - creating new one
[2025-03-22 06:09:40,167] INFO: jbht (12/2011): Created new record with 18 non-zero financial metrics
[2025-03-22 06:09:40,184] INFO: Trying adjusted date: 4/2012 (original: 3/2012)
[2025-03-22 06:09:40,198] WARNING: jbht (3/2012): No existing record found(3/2012, 2012-03-31) - creating new one
[2025-03-22 06:09:40,198] INFO: jbht (3/2012): Created new record with 13 non-zero financial metrics
[2025-03-22 06:09:40,213] INFO: Trying adjusted date: 7/2012 (original: 6/2012)
[2025-03-22 06:09:40,226] WARNING: jbht (6/2012): No existing record found(6/2012, 2012-06-30) - creating new one
[2025-03-22 06:09:40,226] INFO: jbht (6/2012): Created new record with 9 non-zero financial metrics
[2025-03-22 06:09:40,254] INFO: jbht (9/2012): Updated existing record with 9 non-zero financial metrics
[2025-03-22 06:09:40,282] INFO: jbht (12/2012): Updated existing record with 18 non-zero financial metrics
[2025-03-22 06:09:40,312] INFO: jbht (3/2013): Updated existing record with 13 non-zero financial metrics
[2025-03-22 06:09:40,338] INFO: jbht (6/2013): Updated existing record with 9 non-zero financial metrics
[2025-03-22 06:09:40,365] INFO: jbht (9/2013): Updated existing record with 9 non-zero financial metrics
[2025-03-22 06:09:40,392] INFO: jbht (12/2013): Updated existing record with 18 non-zero financial metrics
[2025-03-22 06:09:40,420] INFO: jbht (3/2014): Updated existing record with 13 non-zero financial metrics
[2025-03-22 06:09:40,446] INFO: jbht (6/2014): Updated existing record with 9 non-zero financial metrics
[2025-03-22 06:09:40,474] INFO: jbht (9/2014): Updated existing record with 9 non-zero financial metrics
[2025-03-22 06:09:40,500] INFO: jbht (12/2014): Updated existing record with 18 non-zero financial metrics
[2025-03-22 06:09:40,530] INFO: jbht (3/2015): Updated existing record with 15 non-zero financial metrics
[2025-03-22 06:09:40,558] INFO: jbht (6/2015): Updated existing record with 10 non-zero financial metrics
[2025-03-22 06:09:40,586] INFO: jbht (9/2015): Updated existing record with 10 non-zero financial metrics
[2025-03-22 06:09:40,614] INFO: jbht (12/2015): Updated existing record with 19 non-zero financial metrics
[2025-03-22 06:09:40,642] INFO: jbht (3/2016): Updated existing record with 16 non-zero financial metrics
[2025-03-22 06:09:40,669] INFO: jbht (6/2016): Updated existing record with 11 non-zero financial metrics
[2025-03-22 06:09:40,696] INFO: jbht (9/2016): Updated existing record with 11 non-zero financial metrics
[2025-03-22 06:09:40,724] INFO: jbht (12/2016): Updated existing record with 16 non-zero financial metrics
[2025-03-22 06:09:40,751] INFO: jbht (3/2017): Updated existing record with 12 non-zero financial metrics
[2025-03-22 06:09:40,778] INFO: jbht (6/2017): Updated existing record with 10 non-zero financial metrics
[2025-03-22 06:09:40,807] INFO: jbht (9/2017): Updated existing record with 11 non-zero financial metrics
[2025-03-22 06:09:40,834] INFO: jbht (12/2017): Updated existing record with 19 non-zero financial metrics
[2025-03-22 06:09:40,848] ERROR: Invalid numeric value for Share Repurchases: 
[2025-03-22 06:09:40,849] ERROR: jbht (3/2018): Invalid data types: Share Repurchases=
[2025-03-22 06:09:40,862] INFO: jbht (3/2018): Updated existing record with 14 non-zero financial metrics
[2025-03-22 06:09:40,889] INFO: jbht (6/2018): Updated existing record with 10 non-zero financial metrics
[2025-03-22 06:09:40,916] INFO: jbht (9/2018): Updated existing record with 10 non-zero financial metrics
[2025-03-22 06:09:40,943] INFO: jbht (12/2018): Updated existing record with 18 non-zero financial metrics
[2025-03-22 06:09:40,971] INFO: jbht (3/2019): Updated existing record with 15 non-zero financial metrics
[2025-03-22 06:09:40,998] INFO: jbht (6/2019): Updated existing record with 11 non-zero financial metrics
[2025-03-22 06:09:41,026] INFO: jbht (9/2019): Updated existing record with 11 non-zero financial metrics
[2025-03-22 06:09:41,053] INFO: jbht (12/2019): Updated existing record with 18 non-zero financial metrics
[2025-03-22 06:09:41,081] INFO: jbht (3/2020): Updated existing record with 15 non-zero financial metrics
[2025-03-22 06:09:41,109] INFO: jbht (6/2020): Updated existing record with 10 non-zero financial metrics
[2025-03-22 06:09:41,136] INFO: jbht (9/2020): Updated existing record with 10 non-zero financial metrics
[2025-03-22 06:09:41,164] INFO: jbht (12/2020): Updated existing record with 18 non-zero financial metrics
[2025-03-22 06:09:41,192] INFO: jbht (3/2021): Updated existing record with 16 non-zero financial metrics
[2025-03-22 06:09:41,220] INFO: jbht (6/2021): Updated existing record with 11 non-zero financial metrics
[2025-03-22 06:09:41,248] INFO: jbht (9/2021): Updated existing record with 11 non-zero financial metrics
[2025-03-22 06:09:41,275] INFO: jbht (12/2021): Updated existing record with 18 non-zero financial metrics
[2025-03-22 06:09:41,303] INFO: jbht (3/2022): Updated existing record with 17 non-zero financial metrics
[2025-03-22 06:09:41,330] INFO: jbht (6/2022): Updated existing record with 11 non-zero financial metrics
[2025-03-22 06:09:41,357] INFO: jbht (9/2022): Updated existing record with 12 non-zero financial metrics
[2025-03-22 06:09:41,384] INFO: jbht (12/2022): Updated existing record with 18 non-zero financial metrics
[2025-03-22 06:09:41,411] INFO: jbht (3/2023): Updated existing record with 16 non-zero financial metrics
[2025-03-22 06:09:41,438] INFO: jbht (6/2023): Updated existing record with 11 non-zero financial metrics
[2025-03-22 06:09:41,465] INFO: jbht (9/2023): Updated existing record with 12 non-zero financial metrics
[2025-03-22 06:09:41,493] INFO: jbht (12/2023): Updated existing record with 19 non-zero financial metrics
[2025-03-22 06:09:41,520] INFO: jbht (3/2024): Updated existing record with 16 non-zero financial metrics
[2025-03-22 06:09:41,548] INFO: jbht (6/2024): Updated existing record with 11 non-zero financial metrics
[2025-03-22 06:09:41,578] INFO: jbht (9/2024): Updated existing record with 11 non-zero financial metrics
[2025-03-22 06:09:41,606] INFO: jbht (12/2024): Updated existing record with 19 non-zero financial metrics
