[2025-03-22 02:27:22,521] INFO: Trying adjusted date: 4/2010 (original: 3/2010)
[2025-03-22 02:27:22,533] WARNING: jci (3/2010): No existing record found(3/2010, 2010-03-26) - creating new one
[2025-03-22 02:27:22,533] INFO: jci (3/2010): Created new record with 0 non-zero financial metrics
[2025-03-22 02:27:22,549] INFO: Trying adjusted date: 7/2010 (original: 6/2010)
[2025-03-22 02:27:22,562] WARNING: jci (6/2010): No existing record found(6/2010, 2010-06-25) - creating new one
[2025-03-22 02:27:22,563] INFO: jci (6/2010): Created new record with 0 non-zero financial metrics
[2025-03-22 02:27:22,577] INFO: Trying adjusted date: 10/2010 (original: 9/2010)
[2025-03-22 02:27:22,589] WARNING: jci (9/2010): No existing record found(9/2010, 2010-09-24) - creating new one
[2025-03-22 02:27:22,590] INFO: jci (9/2010): Created new record with 0 non-zero financial metrics
[2025-03-22 02:27:22,603] INFO: Trying adjusted date: 1/2011 (original: 12/2010)
[2025-03-22 02:27:22,615] WARNING: jci (12/2010): No existing record found(12/2010, 2010-12-24) - creating new one
[2025-03-22 02:27:22,616] INFO: jci (12/2010): Created new record with 0 non-zero financial metrics
[2025-03-22 02:27:22,630] INFO: Trying adjusted date: 4/2011 (original: 3/2011)
[2025-03-22 02:27:22,642] WARNING: jci (3/2011): No existing record found(3/2011, 2011-03-25) - creating new one
[2025-03-22 02:27:22,642] INFO: jci (3/2011): Created new record with 0 non-zero financial metrics
[2025-03-22 02:27:22,655] INFO: Trying adjusted date: 7/2011 (original: 6/2011)
[2025-03-22 02:27:22,667] WARNING: jci (6/2011): No existing record found(6/2011, 2011-06-24) - creating new one
[2025-03-22 02:27:22,667] INFO: jci (6/2011): Created new record with 15 non-zero financial metrics
[2025-03-22 02:27:22,681] INFO: Trying adjusted date: 10/2011 (original: 9/2011)
[2025-03-22 02:27:22,693] WARNING: jci (9/2011): No existing record found(9/2011, 2011-09-30) - creating new one
[2025-03-22 02:27:22,694] INFO: jci (9/2011): Created new record with 17 non-zero financial metrics
[2025-03-22 02:27:22,707] INFO: Trying adjusted date: 1/2012 (original: 12/2011)
[2025-03-22 02:27:22,720] WARNING: jci (12/2011): No existing record found(12/2011, 2011-12-30) - creating new one
[2025-03-22 02:27:22,720] INFO: jci (12/2011): Created new record with 16 non-zero financial metrics
[2025-03-22 02:27:22,734] INFO: Trying adjusted date: 4/2012 (original: 3/2012)
[2025-03-22 02:27:22,746] WARNING: jci (3/2012): No existing record found(3/2012, 2012-03-30) - creating new one
[2025-03-22 02:27:22,747] INFO: jci (3/2012): Created new record with 15 non-zero financial metrics
[2025-03-22 02:27:22,760] INFO: Trying adjusted date: 7/2012 (original: 6/2012)
[2025-03-22 02:27:22,772] WARNING: jci (6/2012): No existing record found(6/2012, 2012-06-29) - creating new one
[2025-03-22 02:27:22,773] INFO: jci (6/2012): Created new record with 15 non-zero financial metrics
[2025-03-22 02:27:22,798] INFO: jci (9/2012): Updated existing record with 17 non-zero financial metrics
[2025-03-22 02:27:22,822] INFO: jci (12/2012): Updated existing record with 16 non-zero financial metrics
[2025-03-22 02:27:22,850] INFO: jci (3/2013): Updated existing record with 15 non-zero financial metrics
[2025-03-22 02:27:22,875] INFO: jci (6/2013): Updated existing record with 0 non-zero financial metrics
[2025-03-22 02:27:22,904] INFO: jci (9/2013): Updated existing record with 17 non-zero financial metrics
[2025-03-22 02:27:22,930] INFO: jci (12/2013): Updated existing record with 16 non-zero financial metrics
[2025-03-22 02:27:22,944] INFO: Trying adjusted date: 4/2014 (original: 3/2014)
[2025-03-22 02:27:22,957] WARNING: jci (3/2014): No existing record found(3/2014, 2014-03-28) - creating new one
[2025-03-22 02:27:22,957] INFO: jci (3/2014): Created new record with 15 non-zero financial metrics
[2025-03-22 02:27:22,982] INFO: jci (6/2014): Updated existing record with 15 non-zero financial metrics
[2025-03-22 02:27:23,008] INFO: jci (9/2014): Updated existing record with 17 non-zero financial metrics
[2025-03-22 02:27:23,034] INFO: jci (12/2014): Updated existing record with 17 non-zero financial metrics
[2025-03-22 02:27:23,060] INFO: jci (3/2015): Updated existing record with 15 non-zero financial metrics
[2025-03-22 02:27:23,085] INFO: jci (6/2015): Updated existing record with 15 non-zero financial metrics
[2025-03-22 02:27:23,111] INFO: jci (9/2015): Updated existing record with 17 non-zero financial metrics
[2025-03-22 02:27:23,126] WARNING: jci (12/2015): Found zero values for fields: Share Repurchases
[2025-03-22 02:27:23,138] INFO: jci (12/2015): Updated existing record with 16 non-zero financial metrics
[2025-03-22 02:27:23,163] INFO: jci (3/2016): Updated existing record with 15 non-zero financial metrics
[2025-03-22 02:27:23,189] INFO: jci (6/2016): Updated existing record with 15 non-zero financial metrics
[2025-03-22 02:27:23,215] INFO: jci (9/2016): Updated existing record with 17 non-zero financial metrics
[2025-03-22 02:27:23,240] INFO: jci (12/2016): Updated existing record with 16 non-zero financial metrics
[2025-03-22 02:27:23,265] INFO: jci (3/2017): Updated existing record with 13 non-zero financial metrics
[2025-03-22 02:27:23,292] INFO: jci (6/2017): Updated existing record with 13 non-zero financial metrics
[2025-03-22 02:27:23,318] INFO: jci (9/2017): Updated existing record with 18 non-zero financial metrics
[2025-03-22 02:27:23,344] INFO: jci (12/2017): Updated existing record with 17 non-zero financial metrics
[2025-03-22 02:27:23,370] INFO: jci (3/2018): Updated existing record with 13 non-zero financial metrics
[2025-03-22 02:27:23,397] INFO: jci (6/2018): Updated existing record with 13 non-zero financial metrics
[2025-03-22 02:27:23,423] INFO: jci (9/2018): Updated existing record with 18 non-zero financial metrics
[2025-03-22 02:27:23,449] INFO: jci (12/2018): Updated existing record with 14 non-zero financial metrics
[2025-03-22 02:27:23,480] INFO: jci (3/2019): Updated existing record with 13 non-zero financial metrics
[2025-03-22 02:27:23,505] INFO: jci (6/2019): Updated existing record with 13 non-zero financial metrics
[2025-03-22 02:27:23,531] INFO: jci (9/2019): Updated existing record with 18 non-zero financial metrics
[2025-03-22 02:27:23,556] INFO: jci (12/2019): Updated existing record with 14 non-zero financial metrics
[2025-03-22 02:27:23,580] INFO: jci (3/2020): Updated existing record with 13 non-zero financial metrics
[2025-03-22 02:27:23,607] INFO: jci (6/2020): Updated existing record with 13 non-zero financial metrics
[2025-03-22 02:27:23,632] INFO: jci (9/2020): Updated existing record with 18 non-zero financial metrics
[2025-03-22 02:27:23,658] INFO: jci (12/2020): Updated existing record with 15 non-zero financial metrics
[2025-03-22 02:27:23,684] INFO: jci (3/2021): Updated existing record with 14 non-zero financial metrics
[2025-03-22 02:27:23,711] INFO: jci (6/2021): Updated existing record with 14 non-zero financial metrics
[2025-03-22 02:27:23,736] INFO: jci (9/2021): Updated existing record with 19 non-zero financial metrics
[2025-03-22 02:27:23,762] INFO: jci (12/2021): Updated existing record with 17 non-zero financial metrics
[2025-03-22 02:27:23,788] INFO: jci (3/2022): Updated existing record with 15 non-zero financial metrics
[2025-03-22 02:27:23,816] INFO: jci (6/2022): Updated existing record with 15 non-zero financial metrics
[2025-03-22 02:27:23,842] INFO: jci (9/2022): Updated existing record with 17 non-zero financial metrics
[2025-03-22 02:27:23,867] INFO: jci (12/2022): Updated existing record with 17 non-zero financial metrics
[2025-03-22 02:27:23,894] INFO: jci (3/2023): Updated existing record with 14 non-zero financial metrics
[2025-03-22 02:27:23,919] INFO: jci (6/2023): Updated existing record with 14 non-zero financial metrics
[2025-03-22 02:27:23,948] INFO: jci (9/2023): Updated existing record with 16 non-zero financial metrics
[2025-03-22 02:27:23,962] WARNING: jci (12/2023): Found zero values for fields: Share Repurchases
[2025-03-22 02:27:23,975] INFO: jci (12/2023): Updated existing record with 16 non-zero financial metrics
[2025-03-22 02:27:24,000] INFO: jci (3/2024): Updated existing record with 13 non-zero financial metrics
[2025-03-22 02:27:24,026] INFO: jci (6/2024): Updated existing record with 13 non-zero financial metrics
[2025-03-22 02:27:24,052] INFO: jci (9/2024): Updated existing record with 15 non-zero financial metrics
[2025-03-22 02:27:24,069] INFO: Trying adjusted date: 1/2025 (original: 12/2024)
[2025-03-22 02:27:24,080] WARNING: jci (12/2024): No existing record found(12/2024, 2024-12-31) - creating new one
[2025-03-22 02:27:24,081] INFO: jci (12/2024): Created new record with 14 non-zero financial metrics
