[2025-03-22 07:34:35,737] INFO: Trying adjusted date: 10/2010 (original: 9/2010)
[2025-03-22 07:34:35,750] WARNING: jkhy (9/2010): No existing record found(9/2010, 2010-09-30) - creating new one
[2025-03-22 07:34:35,751] INFO: jkhy (9/2010): Created new record with 20 non-zero financial metrics
[2025-03-22 07:34:35,766] INFO: Trying adjusted date: 1/2011 (original: 12/2010)
[2025-03-22 07:34:35,780] WARNING: jkhy (12/2010): No existing record found(12/2010, 2010-12-31) - creating new one
[2025-03-22 07:34:35,781] INFO: jkhy (12/2010): Created new record with 16 non-zero financial metrics
[2025-03-22 07:34:35,796] INFO: Trying adjusted date: 4/2011 (original: 3/2011)
[2025-03-22 07:34:35,809] WARNING: jkhy (3/2011): No existing record found(3/2011, 2011-03-31) - creating new one
[2025-03-22 07:34:35,810] INFO: jkhy (3/2011): Created new record with 16 non-zero financial metrics
[2025-03-22 07:34:35,824] INFO: Trying adjusted date: 10/2011 (original: 9/2011)
[2025-03-22 07:34:35,838] WARNING: jkhy (9/2011): No existing record found(9/2011, 2011-09-30) - creating new one
[2025-03-22 07:34:35,839] INFO: jkhy (9/2011): Created new record with 21 non-zero financial metrics
[2025-03-22 07:34:35,853] INFO: Trying adjusted date: 1/2012 (original: 12/2011)
[2025-03-22 07:34:35,868] WARNING: jkhy (12/2011): No existing record found(12/2011, 2011-12-31) - creating new one
[2025-03-22 07:34:35,868] INFO: jkhy (12/2011): Created new record with 17 non-zero financial metrics
[2025-03-22 07:34:35,884] INFO: Trying adjusted date: 4/2012 (original: 3/2012)
[2025-03-22 07:34:35,896] WARNING: jkhy (3/2012): No existing record found(3/2012, 2012-03-31) - creating new one
[2025-03-22 07:34:35,896] INFO: jkhy (3/2012): Created new record with 17 non-zero financial metrics
[2025-03-22 07:34:35,913] INFO: Trying adjusted date: 7/2012 (original: 6/2012)
[2025-03-22 07:34:35,927] WARNING: jkhy (6/2012): No existing record found(6/2012, 2012-06-30) - creating new one
[2025-03-22 07:34:35,928] INFO: jkhy (6/2012): Created new record with 22 non-zero financial metrics
[2025-03-22 07:34:35,957] INFO: jkhy (9/2012): Updated existing record with 22 non-zero financial metrics
[2025-03-22 07:34:35,986] INFO: jkhy (12/2012): Updated existing record with 17 non-zero financial metrics
[2025-03-22 07:34:36,015] INFO: jkhy (3/2013): Updated existing record with 17 non-zero financial metrics
[2025-03-22 07:34:36,044] INFO: jkhy (6/2013): Updated existing record with 22 non-zero financial metrics
[2025-03-22 07:34:36,059] WARNING: jkhy (9/2013): Found zero values for fields: Share Repurchases
[2025-03-22 07:34:36,074] INFO: jkhy (9/2013): Updated existing record with 21 non-zero financial metrics
[2025-03-22 07:34:36,103] INFO: jkhy (12/2013): Updated existing record with 17 non-zero financial metrics
[2025-03-22 07:34:36,132] INFO: jkhy (3/2014): Updated existing record with 17 non-zero financial metrics
[2025-03-22 07:34:36,160] INFO: jkhy (6/2014): Updated existing record with 22 non-zero financial metrics
[2025-03-22 07:34:36,191] INFO: jkhy (9/2014): Updated existing record with 22 non-zero financial metrics
[2025-03-22 07:34:36,219] INFO: jkhy (12/2014): Updated existing record with 17 non-zero financial metrics
[2025-03-22 07:34:36,247] INFO: jkhy (3/2015): Updated existing record with 17 non-zero financial metrics
[2025-03-22 07:34:36,277] INFO: jkhy (6/2015): Updated existing record with 22 non-zero financial metrics
[2025-03-22 07:34:36,292] WARNING: jkhy (9/2015): Found zero values for fields: Long Term Debt
[2025-03-22 07:34:36,306] INFO: jkhy (9/2015): Updated existing record with 21 non-zero financial metrics
[2025-03-22 07:34:36,335] INFO: jkhy (12/2015): Updated existing record with 16 non-zero financial metrics
[2025-03-22 07:34:36,363] INFO: jkhy (3/2016): Updated existing record with 16 non-zero financial metrics
[2025-03-22 07:34:36,390] INFO: jkhy (6/2016): Updated existing record with 21 non-zero financial metrics
[2025-03-22 07:34:36,417] INFO: jkhy (9/2016): Updated existing record with 21 non-zero financial metrics
[2025-03-22 07:34:36,444] INFO: jkhy (12/2016): Updated existing record with 16 non-zero financial metrics
[2025-03-22 07:34:36,474] INFO: jkhy (3/2017): Updated existing record with 16 non-zero financial metrics
[2025-03-22 07:34:36,502] INFO: jkhy (6/2017): Updated existing record with 21 non-zero financial metrics
[2025-03-22 07:34:36,531] INFO: jkhy (9/2017): Updated existing record with 18 non-zero financial metrics
[2025-03-22 07:34:36,559] INFO: jkhy (12/2017): Updated existing record with 13 non-zero financial metrics
[2025-03-22 07:34:36,589] INFO: jkhy (3/2018): Updated existing record with 13 non-zero financial metrics
[2025-03-22 07:34:36,619] INFO: jkhy (6/2018): Updated existing record with 18 non-zero financial metrics
[2025-03-22 07:34:36,634] WARNING: jkhy (9/2018): Found zero values for fields: Share Repurchases
[2025-03-22 07:34:36,647] INFO: jkhy (9/2018): Updated existing record with 18 non-zero financial metrics
[2025-03-22 07:34:36,675] INFO: jkhy (12/2018): Updated existing record with 14 non-zero financial metrics
[2025-03-22 07:34:36,703] INFO: jkhy (3/2019): Updated existing record with 14 non-zero financial metrics
[2025-03-22 07:34:36,722] WARNING: jkhy (6/2019): Found zero values for fields: Long Term Debt
[2025-03-22 07:34:36,735] INFO: jkhy (6/2019): Updated existing record with 19 non-zero financial metrics
[2025-03-22 07:34:36,764] INFO: jkhy (9/2019): Updated existing record with 19 non-zero financial metrics
[2025-03-22 07:34:36,792] INFO: jkhy (12/2019): Updated existing record with 14 non-zero financial metrics
[2025-03-22 07:34:36,821] INFO: jkhy (3/2020): Updated existing record with 15 non-zero financial metrics
[2025-03-22 07:34:36,849] INFO: jkhy (6/2020): Updated existing record with 20 non-zero financial metrics
[2025-03-22 07:34:36,877] INFO: jkhy (9/2020): Updated existing record with 21 non-zero financial metrics
[2025-03-22 07:34:36,905] INFO: jkhy (12/2020): Updated existing record with 16 non-zero financial metrics
[2025-03-22 07:34:36,933] INFO: jkhy (3/2021): Updated existing record with 16 non-zero financial metrics
[2025-03-22 07:34:36,961] INFO: jkhy (6/2021): Updated existing record with 21 non-zero financial metrics
[2025-03-22 07:34:36,977] WARNING: jkhy (9/2021): Found zero values for fields: Share Repurchases
[2025-03-22 07:34:36,990] INFO: jkhy (9/2021): Updated existing record with 20 non-zero financial metrics
[2025-03-22 07:34:37,019] INFO: jkhy (12/2021): Updated existing record with 16 non-zero financial metrics
[2025-03-22 07:34:37,046] INFO: jkhy (3/2022): Updated existing record with 16 non-zero financial metrics
[2025-03-22 07:34:37,075] INFO: jkhy (6/2022): Updated existing record with 20 non-zero financial metrics
[2025-03-22 07:34:37,104] INFO: jkhy (9/2022): Updated existing record with 20 non-zero financial metrics
[2025-03-22 07:34:37,132] INFO: jkhy (12/2022): Updated existing record with 16 non-zero financial metrics
[2025-03-22 07:34:37,160] INFO: jkhy (3/2023): Updated existing record with 16 non-zero financial metrics
[2025-03-22 07:34:37,191] INFO: jkhy (6/2023): Updated existing record with 21 non-zero financial metrics
[2025-03-22 07:34:37,219] INFO: jkhy (9/2023): Updated existing record with 21 non-zero financial metrics
[2025-03-22 07:34:37,246] INFO: jkhy (12/2023): Updated existing record with 16 non-zero financial metrics
[2025-03-22 07:34:37,273] INFO: jkhy (3/2024): Updated existing record with 15 non-zero financial metrics
[2025-03-22 07:34:37,302] INFO: jkhy (6/2024): Updated existing record with 20 non-zero financial metrics
[2025-03-22 07:34:37,317] WARNING: jkhy (9/2024): Found zero values for fields: Share Repurchases
[2025-03-22 07:34:37,330] INFO: jkhy (9/2024): Updated existing record with 19 non-zero financial metrics
[2025-03-22 07:34:37,358] INFO: jkhy (12/2024): Updated existing record with 15 non-zero financial metrics
