[2025-03-22 10:47:18,275] INFO: Trying adjusted date: 4/2010 (original: 3/2010)
[2025-03-22 10:47:18,289] WARNING: jnpr (3/2010): No existing record found(3/2010, 2010-03-31) - creating new one
[2025-03-22 10:47:18,290] INFO: jnpr (3/2010): Created new record with 19 non-zero financial metrics
[2025-03-22 10:47:18,307] INFO: Trying adjusted date: 7/2010 (original: 6/2010)
[2025-03-22 10:47:18,321] WARNING: jnpr (6/2010): No existing record found(6/2010, 2010-06-30) - creating new one
[2025-03-22 10:47:18,321] INFO: jnpr (6/2010): Created new record with 16 non-zero financial metrics
[2025-03-22 10:47:18,337] INFO: Trying adjusted date: 10/2010 (original: 9/2010)
[2025-03-22 10:47:18,352] WARNING: jnpr (9/2010): No existing record found(9/2010, 2010-09-30) - creating new one
[2025-03-22 10:47:18,353] INFO: jnpr (9/2010): Created new record with 16 non-zero financial metrics
[2025-03-22 10:47:18,369] INFO: Trying adjusted date: 1/2011 (original: 12/2010)
[2025-03-22 10:47:18,385] WARNING: jnpr (12/2010): No existing record found(12/2010, 2010-12-31) - creating new one
[2025-03-22 10:47:18,386] INFO: jnpr (12/2010): Created new record with 20 non-zero financial metrics
[2025-03-22 10:47:18,402] INFO: Trying adjusted date: 4/2011 (original: 3/2011)
[2025-03-22 10:47:18,415] WARNING: jnpr (3/2011): No existing record found(3/2011, 2011-03-31) - creating new one
[2025-03-22 10:47:18,416] INFO: jnpr (3/2011): Created new record with 21 non-zero financial metrics
[2025-03-22 10:47:18,430] INFO: Trying adjusted date: 7/2011 (original: 6/2011)
[2025-03-22 10:47:18,444] WARNING: jnpr (6/2011): No existing record found(6/2011, 2011-06-30) - creating new one
[2025-03-22 10:47:18,444] INFO: jnpr (6/2011): Created new record with 17 non-zero financial metrics
[2025-03-22 10:47:18,460] INFO: Trying adjusted date: 10/2011 (original: 9/2011)
[2025-03-22 10:47:18,474] WARNING: jnpr (9/2011): No existing record found(9/2011, 2011-09-30) - creating new one
[2025-03-22 10:47:18,474] INFO: jnpr (9/2011): Created new record with 17 non-zero financial metrics
[2025-03-22 10:47:18,490] INFO: Trying adjusted date: 1/2012 (original: 12/2011)
[2025-03-22 10:47:18,503] WARNING: jnpr (12/2011): No existing record found(12/2011, 2011-12-31) - creating new one
[2025-03-22 10:47:18,504] INFO: jnpr (12/2011): Created new record with 22 non-zero financial metrics
[2025-03-22 10:47:18,519] INFO: Trying adjusted date: 4/2012 (original: 3/2012)
[2025-03-22 10:47:18,533] WARNING: jnpr (3/2012): No existing record found(3/2012, 2012-03-31) - creating new one
[2025-03-22 10:47:18,533] INFO: jnpr (3/2012): Created new record with 22 non-zero financial metrics
[2025-03-22 10:47:18,549] INFO: Trying adjusted date: 7/2012 (original: 6/2012)
[2025-03-22 10:47:18,562] WARNING: jnpr (6/2012): No existing record found(6/2012, 2012-06-30) - creating new one
[2025-03-22 10:47:18,562] INFO: jnpr (6/2012): Created new record with 18 non-zero financial metrics
[2025-03-22 10:47:18,591] INFO: jnpr (9/2012): Updated existing record with 19 non-zero financial metrics
[2025-03-22 10:47:18,620] INFO: jnpr (12/2012): Updated existing record with 23 non-zero financial metrics
[2025-03-22 10:47:18,649] INFO: jnpr (3/2013): Updated existing record with 23 non-zero financial metrics
[2025-03-22 10:47:18,678] INFO: jnpr (6/2013): Updated existing record with 19 non-zero financial metrics
[2025-03-22 10:47:18,707] INFO: jnpr (9/2013): Updated existing record with 19 non-zero financial metrics
[2025-03-22 10:47:18,736] INFO: jnpr (12/2013): Updated existing record with 23 non-zero financial metrics
[2025-03-22 10:47:18,766] INFO: jnpr (3/2014): Updated existing record with 22 non-zero financial metrics
[2025-03-22 10:47:18,795] INFO: jnpr (6/2014): Updated existing record with 18 non-zero financial metrics
[2025-03-22 10:47:18,825] INFO: jnpr (9/2014): Updated existing record with 18 non-zero financial metrics
[2025-03-22 10:47:18,855] INFO: jnpr (12/2014): Updated existing record with 23 non-zero financial metrics
[2025-03-22 10:47:18,887] INFO: jnpr (3/2015): Updated existing record with 22 non-zero financial metrics
[2025-03-22 10:47:18,917] INFO: jnpr (6/2015): Updated existing record with 18 non-zero financial metrics
[2025-03-22 10:47:18,946] INFO: jnpr (9/2015): Updated existing record with 18 non-zero financial metrics
[2025-03-22 10:47:18,977] INFO: jnpr (12/2015): Updated existing record with 23 non-zero financial metrics
[2025-03-22 10:47:19,007] INFO: jnpr (3/2016): Updated existing record with 22 non-zero financial metrics
[2025-03-22 10:47:19,036] INFO: jnpr (6/2016): Updated existing record with 18 non-zero financial metrics
[2025-03-22 10:47:19,065] INFO: jnpr (9/2016): Updated existing record with 19 non-zero financial metrics
[2025-03-22 10:47:19,094] INFO: jnpr (12/2016): Updated existing record with 24 non-zero financial metrics
[2025-03-22 10:47:19,124] INFO: jnpr (3/2017): Updated existing record with 23 non-zero financial metrics
[2025-03-22 10:47:19,153] INFO: jnpr (6/2017): Updated existing record with 18 non-zero financial metrics
[2025-03-22 10:47:19,184] INFO: jnpr (9/2017): Updated existing record with 18 non-zero financial metrics
[2025-03-22 10:47:19,213] INFO: jnpr (12/2017): Updated existing record with 23 non-zero financial metrics
[2025-03-22 10:47:19,241] INFO: jnpr (3/2018): Updated existing record with 23 non-zero financial metrics
[2025-03-22 10:47:19,272] INFO: jnpr (6/2018): Updated existing record with 20 non-zero financial metrics
[2025-03-22 10:47:19,303] INFO: jnpr (9/2018): Updated existing record with 20 non-zero financial metrics
[2025-03-22 10:47:17,938] INFO: jnpr (12/2018): Updated existing record with 24 non-zero financial metrics
[2025-03-22 10:47:17,968] INFO: jnpr (3/2019): Updated existing record with 24 non-zero financial metrics
[2025-03-22 10:47:17,997] INFO: jnpr (6/2019): Updated existing record with 20 non-zero financial metrics
[2025-03-22 10:47:18,026] INFO: jnpr (9/2019): Updated existing record with 21 non-zero financial metrics
[2025-03-22 10:47:18,055] INFO: jnpr (12/2019): Updated existing record with 24 non-zero financial metrics
[2025-03-22 10:47:18,084] INFO: jnpr (3/2020): Updated existing record with 25 non-zero financial metrics
[2025-03-22 10:47:18,113] INFO: jnpr (6/2020): Updated existing record with 21 non-zero financial metrics
[2025-03-22 10:47:18,146] INFO: jnpr (9/2020): Updated existing record with 21 non-zero financial metrics
[2025-03-22 10:47:18,174] INFO: jnpr (12/2020): Updated existing record with 24 non-zero financial metrics
[2025-03-22 10:47:18,204] INFO: jnpr (3/2021): Updated existing record with 24 non-zero financial metrics
[2025-03-22 10:47:18,233] INFO: jnpr (6/2021): Updated existing record with 20 non-zero financial metrics
[2025-03-22 10:47:18,262] INFO: jnpr (9/2021): Updated existing record with 20 non-zero financial metrics
[2025-03-22 10:47:18,291] INFO: jnpr (12/2021): Updated existing record with 24 non-zero financial metrics
[2025-03-22 10:47:18,319] INFO: jnpr (3/2022): Updated existing record with 24 non-zero financial metrics
[2025-03-22 10:47:18,348] INFO: jnpr (6/2022): Updated existing record with 20 non-zero financial metrics
[2025-03-22 10:47:18,380] INFO: jnpr (9/2022): Updated existing record with 20 non-zero financial metrics
[2025-03-22 10:47:18,408] INFO: jnpr (12/2022): Updated existing record with 25 non-zero financial metrics
[2025-03-22 10:47:18,437] INFO: jnpr (3/2023): Updated existing record with 25 non-zero financial metrics
[2025-03-22 10:47:18,465] INFO: jnpr (6/2023): Updated existing record with 21 non-zero financial metrics
[2025-03-22 10:47:18,495] INFO: jnpr (9/2023): Updated existing record with 21 non-zero financial metrics
[2025-03-22 10:47:18,525] INFO: jnpr (12/2023): Updated existing record with 25 non-zero financial metrics
[2025-03-22 10:47:18,541] WARNING: jnpr (3/2024): Found zero values for fields: EPS Diluted
[2025-03-22 10:47:18,554] INFO: jnpr (3/2024): Updated existing record with 24 non-zero financial metrics
[2025-03-22 10:47:18,584] INFO: jnpr (6/2024): Updated existing record with 20 non-zero financial metrics
[2025-03-22 10:47:18,613] INFO: jnpr (9/2024): Updated existing record with 20 non-zero financial metrics
[2025-03-22 10:47:18,629] WARNING: jnpr (12/2024): Found zero values for fields: Share Repurchases
[2025-03-22 10:47:18,643] INFO: jnpr (12/2024): Updated existing record with 23 non-zero financial metrics
