[2025-03-21 21:10:35,644] INFO: Trying adjusted date: 4/2010 (original: 3/2010)
[2025-03-21 21:10:35,656] ERROR: Invalid numeric value for original_report_date: 2010-03-31
[2025-03-21 21:10:35,656] ERROR: jpm (3/2010): Invalid data types: original_report_date=2010-03-31
[2025-03-21 21:10:35,656] ERROR: jpm (3/2010): No existing record found(3/2010, 2010-03-31) - creating new one
[2025-03-21 21:10:35,656] INFO: jpm (3/2010): Created new record with 14 non-zero financial metrics
[2025-03-21 21:10:35,670] INFO: Trying adjusted date: 7/2010 (original: 6/2010)
[2025-03-21 21:10:35,682] ERROR: Invalid numeric value for original_report_date: 2010-06-30
[2025-03-21 21:10:35,682] ERROR: jpm (6/2010): Invalid data types: original_report_date=2010-06-30
[2025-03-21 21:10:35,682] ERROR: jpm (6/2010): No existing record found(6/2010, 2010-06-30) - creating new one
[2025-03-21 21:10:35,682] INFO: jpm (6/2010): Created new record with 11 non-zero financial metrics
[2025-03-21 21:10:35,694] INFO: Trying adjusted date: 10/2010 (original: 9/2010)
[2025-03-21 21:10:35,706] ERROR: Invalid numeric value for original_report_date: 2010-09-30
[2025-03-21 21:10:35,706] ERROR: jpm (9/2010): Invalid data types: original_report_date=2010-09-30
[2025-03-21 21:10:35,706] ERROR: jpm (9/2010): No existing record found(9/2010, 2010-09-30) - creating new one
[2025-03-21 21:10:35,706] INFO: jpm (9/2010): Created new record with 11 non-zero financial metrics
[2025-03-21 21:10:35,718] INFO: Trying adjusted date: 1/2011 (original: 12/2010)
[2025-03-21 21:10:35,730] ERROR: Invalid numeric value for original_report_date: 2010-12-31
[2025-03-21 21:10:35,730] ERROR: jpm (12/2010): Invalid data types: original_report_date=2010-12-31
[2025-03-21 21:10:35,730] ERROR: jpm (12/2010): No existing record found(12/2010, 2010-12-31) - creating new one
[2025-03-21 21:10:35,730] INFO: jpm (12/2010): Created new record with 15 non-zero financial metrics
[2025-03-21 21:10:35,743] INFO: Trying adjusted date: 4/2011 (original: 3/2011)
[2025-03-21 21:10:35,755] ERROR: Invalid numeric value for original_report_date: 2011-03-31
[2025-03-21 21:10:35,755] ERROR: jpm (3/2011): Invalid data types: original_report_date=2011-03-31
[2025-03-21 21:10:35,755] ERROR: jpm (3/2011): No existing record found(3/2011, 2011-03-31) - creating new one
[2025-03-21 21:10:35,756] INFO: jpm (3/2011): Created new record with 15 non-zero financial metrics
[2025-03-21 21:10:35,768] INFO: Trying adjusted date: 7/2011 (original: 6/2011)
[2025-03-21 21:10:35,780] ERROR: Invalid numeric value for original_report_date: 2011-06-30
[2025-03-21 21:10:35,780] ERROR: jpm (6/2011): Invalid data types: original_report_date=2011-06-30
[2025-03-21 21:10:35,780] ERROR: jpm (6/2011): No existing record found(6/2011, 2011-06-30) - creating new one
[2025-03-21 21:10:35,781] INFO: jpm (6/2011): Created new record with 11 non-zero financial metrics
[2025-03-21 21:10:35,793] INFO: Trying adjusted date: 10/2011 (original: 9/2011)
[2025-03-21 21:10:35,805] ERROR: Invalid numeric value for original_report_date: 2011-09-30
[2025-03-21 21:10:35,805] ERROR: jpm (9/2011): Invalid data types: original_report_date=2011-09-30
[2025-03-21 21:10:35,805] ERROR: jpm (9/2011): No existing record found(9/2011, 2011-09-30) - creating new one
[2025-03-21 21:10:35,806] INFO: jpm (9/2011): Created new record with 11 non-zero financial metrics
[2025-03-21 21:10:35,818] INFO: Trying adjusted date: 1/2012 (original: 12/2011)
[2025-03-21 21:10:35,830] ERROR: Invalid numeric value for original_report_date: 2011-12-31
[2025-03-21 21:10:35,830] ERROR: jpm (12/2011): Invalid data types: original_report_date=2011-12-31
[2025-03-21 21:10:35,830] ERROR: jpm (12/2011): No existing record found(12/2011, 2011-12-31) - creating new one
[2025-03-21 21:10:35,830] INFO: jpm (12/2011): Created new record with 14 non-zero financial metrics
[2025-03-21 21:10:35,842] INFO: Trying adjusted date: 4/2012 (original: 3/2012)
[2025-03-21 21:10:35,854] ERROR: Invalid numeric value for original_report_date: 2012-03-31
[2025-03-21 21:10:35,854] ERROR: jpm (3/2012): Invalid data types: original_report_date=2012-03-31
[2025-03-21 21:10:35,854] ERROR: jpm (3/2012): No existing record found(3/2012, 2012-03-31) - creating new one
[2025-03-21 21:10:35,855] INFO: jpm (3/2012): Created new record with 14 non-zero financial metrics
[2025-03-21 21:10:35,867] INFO: Trying adjusted date: 7/2012 (original: 6/2012)
[2025-03-21 21:10:35,879] ERROR: Invalid numeric value for original_report_date: 2012-06-30
[2025-03-21 21:10:35,879] ERROR: jpm (6/2012): Invalid data types: original_report_date=2012-06-30
[2025-03-21 21:10:35,879] ERROR: jpm (6/2012): No existing record found(6/2012, 2012-06-30) - creating new one
[2025-03-21 21:10:35,879] INFO: jpm (6/2012): Created new record with 11 non-zero financial metrics
[2025-03-21 21:10:35,892] ERROR: Invalid numeric value for original_report_date: 2012-09-30
[2025-03-21 21:10:35,892] ERROR: jpm (9/2012): Invalid data types: original_report_date=2012-09-30
[2025-03-21 21:10:35,904] INFO: jpm (9/2012): Updated existing record with 11 non-zero financial metrics
[2025-03-21 21:10:35,916] ERROR: Invalid numeric value for original_report_date: 2012-12-31
[2025-03-21 21:10:35,917] ERROR: jpm (12/2012): Invalid data types: original_report_date=2012-12-31
[2025-03-21 21:10:35,928] INFO: jpm (12/2012): Updated existing record with 14 non-zero financial metrics
[2025-03-21 21:10:35,941] ERROR: Invalid numeric value for original_report_date: 2013-03-31
[2025-03-21 21:10:35,941] ERROR: jpm (3/2013): Invalid data types: original_report_date=2013-03-31
[2025-03-21 21:10:35,952] INFO: jpm (3/2013): Updated existing record with 14 non-zero financial metrics
[2025-03-21 21:10:35,968] ERROR: Invalid numeric value for original_report_date: 2013-06-30
[2025-03-21 21:10:35,968] ERROR: jpm (6/2013): Invalid data types: original_report_date=2013-06-30
[2025-03-21 21:10:35,979] INFO: jpm (6/2013): Updated existing record with 11 non-zero financial metrics
[2025-03-21 21:10:35,992] ERROR: Invalid numeric value for original_report_date: 2013-09-30
[2025-03-21 21:10:35,992] ERROR: jpm (9/2013): Invalid data types: original_report_date=2013-09-30
[2025-03-21 21:10:36,004] INFO: jpm (9/2013): Updated existing record with 11 non-zero financial metrics
[2025-03-21 21:10:36,016] ERROR: Invalid numeric value for original_report_date: 2013-12-31
[2025-03-21 21:10:36,016] ERROR: jpm (12/2013): Invalid data types: original_report_date=2013-12-31
[2025-03-21 21:10:36,028] INFO: jpm (12/2013): Updated existing record with 14 non-zero financial metrics
[2025-03-21 21:10:36,041] ERROR: Invalid numeric value for original_report_date: 2014-03-31
[2025-03-21 21:10:36,041] ERROR: jpm (3/2014): Invalid data types: original_report_date=2014-03-31
[2025-03-21 21:10:36,053] INFO: jpm (3/2014): Updated existing record with 14 non-zero financial metrics
[2025-03-21 21:10:36,068] ERROR: Invalid numeric value for original_report_date: 2014-06-30
[2025-03-21 21:10:36,068] ERROR: jpm (6/2014): Invalid data types: original_report_date=2014-06-30
[2025-03-21 21:10:36,079] INFO: jpm (6/2014): Updated existing record with 11 non-zero financial metrics
[2025-03-21 21:10:36,092] ERROR: Invalid numeric value for original_report_date: 2014-09-30
[2025-03-21 21:10:36,093] ERROR: jpm (9/2014): Invalid data types: original_report_date=2014-09-30
[2025-03-21 21:10:36,104] INFO: jpm (9/2014): Updated existing record with 10 non-zero financial metrics
[2025-03-21 21:10:36,117] ERROR: Invalid numeric value for original_report_date: 2014-12-31
[2025-03-21 21:10:36,117] ERROR: jpm (12/2014): Invalid data types: original_report_date=2014-12-31
[2025-03-21 21:10:36,128] INFO: jpm (12/2014): Updated existing record with 13 non-zero financial metrics
[2025-03-21 21:10:36,141] ERROR: Invalid numeric value for original_report_date: 2015-03-31
[2025-03-21 21:10:36,141] ERROR: jpm (3/2015): Invalid data types: original_report_date=2015-03-31
[2025-03-21 21:10:36,152] INFO: jpm (3/2015): Updated existing record with 13 non-zero financial metrics
[2025-03-21 21:10:36,165] ERROR: Invalid numeric value for original_report_date: 2015-06-30
[2025-03-21 21:10:36,165] ERROR: jpm (6/2015): Invalid data types: original_report_date=2015-06-30
[2025-03-21 21:10:36,176] INFO: jpm (6/2015): Updated existing record with 10 non-zero financial metrics
[2025-03-21 21:10:36,189] ERROR: Invalid numeric value for original_report_date: 2015-09-30
[2025-03-21 21:10:36,189] ERROR: jpm (9/2015): Invalid data types: original_report_date=2015-09-30
[2025-03-21 21:10:36,201] INFO: jpm (9/2015): Updated existing record with 10 non-zero financial metrics
[2025-03-21 21:10:36,216] ERROR: Invalid numeric value for original_report_date: 2015-12-31
[2025-03-21 21:10:36,217] ERROR: jpm (12/2015): Invalid data types: original_report_date=2015-12-31
[2025-03-21 21:10:36,228] INFO: jpm (12/2015): Updated existing record with 13 non-zero financial metrics
[2025-03-21 21:10:36,241] ERROR: Invalid numeric value for original_report_date: 2016-03-31
[2025-03-21 21:10:36,241] ERROR: jpm (3/2016): Invalid data types: original_report_date=2016-03-31
[2025-03-21 21:10:36,252] INFO: jpm (3/2016): Updated existing record with 13 non-zero financial metrics
[2025-03-21 21:10:36,265] ERROR: Invalid numeric value for original_report_date: 2016-06-30
[2025-03-21 21:10:36,265] ERROR: jpm (6/2016): Invalid data types: original_report_date=2016-06-30
[2025-03-21 21:10:36,276] INFO: jpm (6/2016): Updated existing record with 10 non-zero financial metrics
[2025-03-21 21:10:36,289] ERROR: Invalid numeric value for original_report_date: 2016-09-30
[2025-03-21 21:10:36,289] ERROR: jpm (9/2016): Invalid data types: original_report_date=2016-09-30
[2025-03-21 21:10:36,300] INFO: jpm (9/2016): Updated existing record with 11 non-zero financial metrics
[2025-03-21 21:10:36,312] ERROR: Invalid numeric value for original_report_date: 2016-12-31
[2025-03-21 21:10:36,313] ERROR: jpm (12/2016): Invalid data types: original_report_date=2016-12-31
[2025-03-21 21:10:36,324] INFO: jpm (12/2016): Updated existing record with 14 non-zero financial metrics
[2025-03-21 21:10:36,337] ERROR: Invalid numeric value for original_report_date: 2017-03-31
[2025-03-21 21:10:36,337] ERROR: jpm (3/2017): Invalid data types: original_report_date=2017-03-31
[2025-03-21 21:10:36,348] INFO: jpm (3/2017): Updated existing record with 14 non-zero financial metrics
[2025-03-21 21:10:36,362] ERROR: Invalid numeric value for original_report_date: 2017-06-30
[2025-03-21 21:10:36,362] ERROR: jpm (6/2017): Invalid data types: original_report_date=2017-06-30
[2025-03-21 21:10:36,374] INFO: jpm (6/2017): Updated existing record with 11 non-zero financial metrics
[2025-03-21 21:10:36,387] ERROR: Invalid numeric value for original_report_date: 2017-09-30
[2025-03-21 21:10:36,387] ERROR: jpm (9/2017): Invalid data types: original_report_date=2017-09-30
[2025-03-21 21:10:36,399] INFO: jpm (9/2017): Updated existing record with 11 non-zero financial metrics
[2025-03-21 21:10:36,411] ERROR: Invalid numeric value for original_report_date: 2017-12-31
[2025-03-21 21:10:36,411] ERROR: jpm (12/2017): Invalid data types: original_report_date=2017-12-31
[2025-03-21 21:10:36,423] INFO: jpm (12/2017): Updated existing record with 15 non-zero financial metrics
[2025-03-21 21:10:36,436] ERROR: Invalid numeric value for original_report_date: 2018-03-31
[2025-03-21 21:10:36,436] ERROR: jpm (3/2018): Invalid data types: original_report_date=2018-03-31
[2025-03-21 21:10:36,448] INFO: jpm (3/2018): Updated existing record with 16 non-zero financial metrics
[2025-03-21 21:10:36,463] ERROR: Invalid numeric value for original_report_date: 2018-06-30
[2025-03-21 21:10:36,463] ERROR: jpm (6/2018): Invalid data types: original_report_date=2018-06-30
[2025-03-21 21:10:36,475] INFO: jpm (6/2018): Updated existing record with 12 non-zero financial metrics
[2025-03-21 21:10:36,487] ERROR: Invalid numeric value for original_report_date: 2018-09-30
[2025-03-21 21:10:36,487] ERROR: jpm (9/2018): Invalid data types: original_report_date=2018-09-30
[2025-03-21 21:10:36,499] INFO: jpm (9/2018): Updated existing record with 12 non-zero financial metrics
[2025-03-21 21:10:36,511] ERROR: Invalid numeric value for original_report_date: 2018-12-31
[2025-03-21 21:10:36,511] ERROR: jpm (12/2018): Invalid data types: original_report_date=2018-12-31
[2025-03-21 21:10:36,523] INFO: jpm (12/2018): Updated existing record with 16 non-zero financial metrics
[2025-03-21 21:10:36,535] ERROR: Invalid numeric value for original_report_date: 2019-03-31
[2025-03-21 21:10:36,535] ERROR: jpm (3/2019): Invalid data types: original_report_date=2019-03-31
[2025-03-21 21:10:36,547] INFO: jpm (3/2019): Updated existing record with 15 non-zero financial metrics
[2025-03-21 21:10:36,559] ERROR: Invalid numeric value for original_report_date: 2019-06-30
[2025-03-21 21:10:36,560] ERROR: jpm (6/2019): Invalid data types: original_report_date=2019-06-30
[2025-03-21 21:10:36,571] INFO: jpm (6/2019): Updated existing record with 11 non-zero financial metrics
[2025-03-21 21:10:36,583] ERROR: Invalid numeric value for original_report_date: 2019-09-30
[2025-03-21 21:10:36,583] ERROR: jpm (9/2019): Invalid data types: original_report_date=2019-09-30
[2025-03-21 21:10:36,595] INFO: jpm (9/2019): Updated existing record with 10 non-zero financial metrics
[2025-03-21 21:10:36,607] ERROR: Invalid numeric value for original_report_date: 2019-12-31
[2025-03-21 21:10:36,607] ERROR: jpm (12/2019): Invalid data types: original_report_date=2019-12-31
[2025-03-21 21:10:36,619] INFO: jpm (12/2019): Updated existing record with 14 non-zero financial metrics
[2025-03-21 21:10:36,631] ERROR: Invalid numeric value for original_report_date: 2020-03-31
[2025-03-21 21:10:36,631] ERROR: jpm (3/2020): Invalid data types: original_report_date=2020-03-31
[2025-03-21 21:10:36,642] INFO: jpm (3/2020): Updated existing record with 14 non-zero financial metrics
[2025-03-21 21:10:36,655] ERROR: Invalid numeric value for original_report_date: 2020-06-30
[2025-03-21 21:10:36,655] ERROR: jpm (6/2020): Invalid data types: original_report_date=2020-06-30
[2025-03-21 21:10:36,666] INFO: jpm (6/2020): Updated existing record with 10 non-zero financial metrics
[2025-03-21 21:10:36,679] ERROR: Invalid numeric value for original_report_date: 2020-09-30
[2025-03-21 21:10:36,679] ERROR: jpm (9/2020): Invalid data types: original_report_date=2020-09-30
[2025-03-21 21:10:36,691] INFO: jpm (9/2020): Updated existing record with 10 non-zero financial metrics
[2025-03-21 21:10:36,704] ERROR: Invalid numeric value for original_report_date: 2020-12-31
[2025-03-21 21:10:36,704] ERROR: jpm (12/2020): Invalid data types: original_report_date=2020-12-31
[2025-03-21 21:10:36,716] INFO: jpm (12/2020): Updated existing record with 14 non-zero financial metrics
[2025-03-21 21:10:36,730] ERROR: Invalid numeric value for original_report_date: 2021-03-31
[2025-03-21 21:10:36,730] ERROR: jpm (3/2021): Invalid data types: original_report_date=2021-03-31
[2025-03-21 21:10:36,742] INFO: jpm (3/2021): Updated existing record with 14 non-zero financial metrics
[2025-03-21 21:10:36,755] ERROR: Invalid numeric value for original_report_date: 2021-06-30
[2025-03-21 21:10:36,755] ERROR: jpm (6/2021): Invalid data types: original_report_date=2021-06-30
[2025-03-21 21:10:36,767] INFO: jpm (6/2021): Updated existing record with 10 non-zero financial metrics
[2025-03-21 21:10:36,779] ERROR: Invalid numeric value for original_report_date: 2021-09-30
[2025-03-21 21:10:36,780] ERROR: jpm (9/2021): Invalid data types: original_report_date=2021-09-30
[2025-03-21 21:10:36,791] INFO: jpm (9/2021): Updated existing record with 10 non-zero financial metrics
[2025-03-21 21:10:36,803] ERROR: Invalid numeric value for original_report_date: 2021-12-31
[2025-03-21 21:10:36,803] ERROR: jpm (12/2021): Invalid data types: original_report_date=2021-12-31
[2025-03-21 21:10:36,815] INFO: jpm (12/2021): Updated existing record with 14 non-zero financial metrics
[2025-03-21 21:10:36,827] ERROR: Invalid numeric value for original_report_date: 2022-03-31
[2025-03-21 21:10:36,828] ERROR: jpm (3/2022): Invalid data types: original_report_date=2022-03-31
[2025-03-21 21:10:36,839] INFO: jpm (3/2022): Updated existing record with 14 non-zero financial metrics
[2025-03-21 21:10:36,852] ERROR: Invalid numeric value for original_report_date: 2022-06-30
[2025-03-21 21:10:36,853] ERROR: jpm (6/2022): Invalid data types: original_report_date=2022-06-30
[2025-03-21 21:10:36,864] INFO: jpm (6/2022): Updated existing record with 10 non-zero financial metrics
[2025-03-21 21:10:36,876] ERROR: Invalid numeric value for original_report_date: 2022-09-30
[2025-03-21 21:10:36,876] ERROR: jpm (9/2022): Invalid data types: original_report_date=2022-09-30
[2025-03-21 21:10:36,887] INFO: jpm (9/2022): Updated existing record with 10 non-zero financial metrics
[2025-03-21 21:10:36,900] ERROR: Invalid numeric value for original_report_date: 2022-12-31
[2025-03-21 21:10:36,900] ERROR: jpm (12/2022): Invalid data types: original_report_date=2022-12-31
[2025-03-21 21:10:36,911] INFO: jpm (12/2022): Updated existing record with 14 non-zero financial metrics
[2025-03-21 21:10:36,924] ERROR: Invalid numeric value for original_report_date: 2023-03-31
[2025-03-21 21:10:36,924] ERROR: jpm (3/2023): Invalid data types: original_report_date=2023-03-31
[2025-03-21 21:10:36,935] INFO: jpm (3/2023): Updated existing record with 14 non-zero financial metrics
[2025-03-21 21:10:36,948] ERROR: Invalid numeric value for original_report_date: 2023-06-30
[2025-03-21 21:10:36,948] ERROR: jpm (6/2023): Invalid data types: original_report_date=2023-06-30
[2025-03-21 21:10:36,960] INFO: jpm (6/2023): Updated existing record with 10 non-zero financial metrics
[2025-03-21 21:10:36,973] ERROR: Invalid numeric value for original_report_date: 2023-09-30
[2025-03-21 21:10:36,973] ERROR: jpm (9/2023): Invalid data types: original_report_date=2023-09-30
[2025-03-21 21:10:36,985] INFO: jpm (9/2023): Updated existing record with 10 non-zero financial metrics
[2025-03-21 21:10:36,999] ERROR: Invalid numeric value for original_report_date: 2023-12-31
[2025-03-21 21:10:36,999] ERROR: jpm (12/2023): Invalid data types: original_report_date=2023-12-31
[2025-03-21 21:10:37,011] INFO: jpm (12/2023): Updated existing record with 14 non-zero financial metrics
[2025-03-21 21:10:37,024] ERROR: Invalid numeric value for original_report_date: 2024-03-31
[2025-03-21 21:10:37,024] ERROR: jpm (3/2024): Invalid data types: original_report_date=2024-03-31
[2025-03-21 21:10:37,036] INFO: jpm (3/2024): Updated existing record with 14 non-zero financial metrics
[2025-03-21 21:10:37,049] ERROR: Invalid numeric value for original_report_date: 2024-06-30
[2025-03-21 21:10:37,049] ERROR: jpm (6/2024): Invalid data types: original_report_date=2024-06-30
[2025-03-21 21:10:37,060] INFO: jpm (6/2024): Updated existing record with 9 non-zero financial metrics
[2025-03-21 21:10:37,073] ERROR: Invalid numeric value for original_report_date: 2024-09-30
[2025-03-21 21:10:37,073] ERROR: jpm (9/2024): Invalid data types: original_report_date=2024-09-30
[2025-03-21 21:10:37,085] INFO: jpm (9/2024): Updated existing record with 9 non-zero financial metrics
[2025-03-21 21:10:37,100] ERROR: Invalid numeric value for original_report_date: 2024-12-31
[2025-03-21 21:10:37,100] ERROR: jpm (12/2024): Invalid data types: original_report_date=2024-12-31
[2025-03-21 21:10:37,111] INFO: jpm (12/2024): Updated existing record with 13 non-zero financial metrics
