[2025-03-22 01:18:07,371] INFO: Trying adjusted date: 1/2011 (original: 12/2010)
[2025-03-22 01:18:07,383] WARNING: klac (12/2010): No existing record found(12/2010, 2010-12-31) - creating new one
[2025-03-22 01:18:07,384] INFO: klac (12/2010): Created new record with 15 non-zero financial metrics
[2025-03-22 01:18:07,399] INFO: Trying adjusted date: 4/2011 (original: 3/2011)
[2025-03-22 01:18:07,412] WARNING: klac (3/2011): No existing record found(3/2011, 2011-03-31) - creating new one
[2025-03-22 01:18:07,412] INFO: klac (3/2011): Created new record with 15 non-zero financial metrics
[2025-03-22 01:18:07,426] INFO: Trying adjusted date: 7/2011 (original: 6/2011)
[2025-03-22 01:18:07,439] WARNING: klac (6/2011): No existing record found(6/2011, 2011-06-30) - creating new one
[2025-03-22 01:18:07,439] INFO: klac (6/2011): Created new record with 20 non-zero financial metrics
[2025-03-22 01:18:07,456] INFO: Trying adjusted date: 10/2011 (original: 9/2011)
[2025-03-22 01:18:07,469] WARNING: klac (9/2011): No existing record found(9/2011, 2011-09-30) - creating new one
[2025-03-22 01:18:07,470] INFO: klac (9/2011): Created new record with 20 non-zero financial metrics
[2025-03-22 01:18:07,483] INFO: Trying adjusted date: 1/2012 (original: 12/2011)
[2025-03-22 01:18:07,496] WARNING: klac (12/2011): No existing record found(12/2011, 2011-12-31) - creating new one
[2025-03-22 01:18:07,496] INFO: klac (12/2011): Created new record with 15 non-zero financial metrics
[2025-03-22 01:18:07,510] INFO: Trying adjusted date: 4/2012 (original: 3/2012)
[2025-03-22 01:18:07,525] WARNING: klac (3/2012): No existing record found(3/2012, 2012-03-31) - creating new one
[2025-03-22 01:18:07,526] INFO: klac (3/2012): Created new record with 15 non-zero financial metrics
[2025-03-22 01:18:07,540] INFO: Trying adjusted date: 7/2012 (original: 6/2012)
[2025-03-22 01:18:07,552] WARNING: klac (6/2012): No existing record found(6/2012, 2012-06-30) - creating new one
[2025-03-22 01:18:07,553] INFO: klac (6/2012): Created new record with 20 non-zero financial metrics
[2025-03-22 01:18:07,579] INFO: klac (9/2012): Updated existing record with 20 non-zero financial metrics
[2025-03-22 01:18:07,604] INFO: klac (12/2012): Updated existing record with 15 non-zero financial metrics
[2025-03-22 01:18:07,630] INFO: klac (3/2013): Updated existing record with 15 non-zero financial metrics
[2025-03-22 01:18:07,656] INFO: klac (6/2013): Updated existing record with 20 non-zero financial metrics
[2025-03-22 01:18:07,681] INFO: klac (9/2013): Updated existing record with 20 non-zero financial metrics
[2025-03-22 01:18:07,707] INFO: klac (12/2013): Updated existing record with 15 non-zero financial metrics
[2025-03-22 01:18:07,733] INFO: klac (3/2014): Updated existing record with 15 non-zero financial metrics
[2025-03-22 01:18:07,758] INFO: klac (6/2014): Updated existing record with 20 non-zero financial metrics
[2025-03-22 01:18:07,783] INFO: klac (9/2014): Updated existing record with 20 non-zero financial metrics
[2025-03-22 01:18:07,808] INFO: klac (12/2014): Updated existing record with 16 non-zero financial metrics
[2025-03-22 01:18:07,834] INFO: klac (3/2015): Updated existing record with 16 non-zero financial metrics
[2025-03-22 01:18:07,859] INFO: klac (6/2015): Updated existing record with 20 non-zero financial metrics
[2025-03-22 01:18:07,885] INFO: klac (9/2015): Updated existing record with 20 non-zero financial metrics
[2025-03-22 01:18:07,911] INFO: klac (12/2015): Updated existing record with 15 non-zero financial metrics
[2025-03-22 01:18:07,937] INFO: klac (3/2016): Updated existing record with 15 non-zero financial metrics
[2025-03-22 01:18:07,963] INFO: klac (6/2016): Updated existing record with 20 non-zero financial metrics
[2025-03-22 01:18:07,976] WARNING: klac (9/2016): Found zero values for fields: Share Repurchases
[2025-03-22 01:18:07,989] INFO: klac (9/2016): Updated existing record with 19 non-zero financial metrics
[2025-03-22 01:18:08,015] INFO: klac (12/2016): Updated existing record with 15 non-zero financial metrics
[2025-03-22 01:18:08,041] INFO: klac (3/2017): Updated existing record with 15 non-zero financial metrics
[2025-03-22 01:18:08,067] INFO: klac (6/2017): Updated existing record with 20 non-zero financial metrics
[2025-03-22 01:18:08,092] INFO: klac (9/2017): Updated existing record with 20 non-zero financial metrics
[2025-03-22 01:18:08,117] INFO: klac (12/2017): Updated existing record with 15 non-zero financial metrics
[2025-03-22 01:18:08,143] INFO: klac (3/2018): Updated existing record with 15 non-zero financial metrics
[2025-03-22 01:18:08,169] INFO: klac (6/2018): Updated existing record with 20 non-zero financial metrics
[2025-03-22 01:18:08,193] INFO: klac (9/2018): Updated existing record with 22 non-zero financial metrics
[2025-03-22 01:18:08,220] INFO: klac (12/2018): Updated existing record with 17 non-zero financial metrics
[2025-03-22 01:18:08,245] INFO: klac (3/2019): Updated existing record with 17 non-zero financial metrics
[2025-03-22 01:18:08,271] INFO: klac (6/2019): Updated existing record with 22 non-zero financial metrics
[2025-03-22 01:18:08,297] INFO: klac (9/2019): Updated existing record with 22 non-zero financial metrics
[2025-03-22 01:18:08,326] INFO: klac (12/2019): Updated existing record with 17 non-zero financial metrics
[2025-03-22 01:18:08,351] INFO: klac (3/2020): Updated existing record with 17 non-zero financial metrics
[2025-03-22 01:18:08,376] INFO: klac (6/2020): Updated existing record with 21 non-zero financial metrics
[2025-03-22 01:18:08,401] INFO: klac (9/2020): Updated existing record with 22 non-zero financial metrics
[2025-03-22 01:18:08,427] INFO: klac (12/2020): Updated existing record with 17 non-zero financial metrics
[2025-03-22 01:18:08,453] INFO: klac (3/2021): Updated existing record with 17 non-zero financial metrics
[2025-03-22 01:18:08,479] INFO: klac (6/2021): Updated existing record with 22 non-zero financial metrics
[2025-03-22 01:18:08,504] INFO: klac (9/2021): Updated existing record with 22 non-zero financial metrics
[2025-03-22 01:18:08,530] INFO: klac (12/2021): Updated existing record with 17 non-zero financial metrics
[2025-03-22 01:18:08,556] INFO: klac (3/2022): Updated existing record with 17 non-zero financial metrics
[2025-03-22 01:18:08,582] INFO: klac (6/2022): Updated existing record with 22 non-zero financial metrics
[2025-03-22 01:18:08,607] INFO: klac (9/2022): Updated existing record with 22 non-zero financial metrics
[2025-03-22 01:18:08,633] INFO: klac (12/2022): Updated existing record with 17 non-zero financial metrics
[2025-03-22 01:18:08,659] INFO: klac (3/2023): Updated existing record with 17 non-zero financial metrics
[2025-03-22 01:18:08,684] INFO: klac (6/2023): Updated existing record with 22 non-zero financial metrics
[2025-03-22 01:18:08,711] INFO: klac (9/2023): Updated existing record with 21 non-zero financial metrics
[2025-03-22 01:18:08,736] INFO: klac (12/2023): Updated existing record with 17 non-zero financial metrics
[2025-03-22 01:18:08,761] INFO: klac (3/2024): Updated existing record with 17 non-zero financial metrics
[2025-03-22 01:18:08,788] INFO: klac (6/2024): Updated existing record with 21 non-zero financial metrics
[2025-03-22 01:18:08,813] INFO: klac (9/2024): Updated existing record with 21 non-zero financial metrics
[2025-03-22 01:18:08,839] INFO: klac (12/2024): Updated existing record with 16 non-zero financial metrics
