[2025-03-22 02:07:47,346] INFO: Trying adjusted date: 10/2011 (original: 9/2011)
[2025-03-22 02:07:47,357] WARNING: kmi (9/2011): No existing record found(9/2011, 2011-09-30) - creating new one
[2025-03-22 02:07:47,358] INFO: kmi (9/2011): Created new record with 12 non-zero financial metrics
[2025-03-22 02:07:47,373] INFO: Trying adjusted date: 3/2012 (original: 2/2012)
[2025-03-22 02:07:47,385] WARNING: kmi (2/2012): No existing record found(2/2012, 2012-02-22) - creating new one
[2025-03-22 02:07:47,385] INFO: kmi (2/2012): Created new record with 0 non-zero financial metrics
[2025-03-22 02:07:47,398] INFO: Trying adjusted date: 4/2012 (original: 3/2012)
[2025-03-22 02:07:47,411] WARNING: kmi (3/2012): No existing record found(3/2012, 2012-03-31) - creating new one
[2025-03-22 02:07:47,411] INFO: kmi (3/2012): Created new record with 16 non-zero financial metrics
[2025-03-22 02:07:47,424] INFO: Trying adjusted date: 7/2012 (original: 6/2012)
[2025-03-22 02:07:47,436] WARNING: kmi (6/2012): No existing record found(6/2012, 2012-06-30) - creating new one
[2025-03-22 02:07:47,436] INFO: kmi (6/2012): Created new record with 13 non-zero financial metrics
[2025-03-22 02:07:47,450] INFO: Trying adjusted date: 10/2012 (original: 9/2012)
[2025-03-22 02:07:47,463] WARNING: kmi (9/2012): No existing record found(9/2012, 2012-09-30) - creating new one
[2025-03-22 02:07:47,463] INFO: kmi (9/2012): Created new record with 13 non-zero financial metrics
[2025-03-22 02:07:47,489] INFO: kmi (12/2012): Updated existing record with 18 non-zero financial metrics
[2025-03-22 02:07:47,514] INFO: kmi (3/2013): Updated existing record with 18 non-zero financial metrics
[2025-03-22 02:07:47,540] INFO: kmi (6/2013): Updated existing record with 14 non-zero financial metrics
[2025-03-22 02:07:47,566] INFO: kmi (9/2013): Updated existing record with 14 non-zero financial metrics
[2025-03-22 02:07:47,590] INFO: kmi (12/2013): Updated existing record with 18 non-zero financial metrics
[2025-03-22 02:07:47,616] INFO: kmi (3/2014): Updated existing record with 17 non-zero financial metrics
[2025-03-22 02:07:47,642] INFO: kmi (6/2014): Updated existing record with 12 non-zero financial metrics
[2025-03-22 02:07:47,668] INFO: kmi (9/2014): Updated existing record with 12 non-zero financial metrics
[2025-03-22 02:07:47,693] INFO: kmi (12/2014): Updated existing record with 19 non-zero financial metrics
[2025-03-22 02:07:47,718] INFO: kmi (3/2015): Updated existing record with 18 non-zero financial metrics
[2025-03-22 02:07:47,744] INFO: kmi (6/2015): Updated existing record with 14 non-zero financial metrics
[2025-03-22 02:07:47,769] INFO: kmi (9/2015): Updated existing record with 14 non-zero financial metrics
[2025-03-22 02:07:47,795] INFO: kmi (12/2015): Updated existing record with 19 non-zero financial metrics
[2025-03-22 02:07:47,821] INFO: kmi (3/2016): Updated existing record with 18 non-zero financial metrics
[2025-03-22 02:07:47,847] INFO: kmi (6/2016): Updated existing record with 14 non-zero financial metrics
[2025-03-22 02:07:47,873] INFO: kmi (9/2016): Updated existing record with 14 non-zero financial metrics
[2025-03-22 02:07:47,900] INFO: kmi (12/2016): Updated existing record with 19 non-zero financial metrics
[2025-03-22 02:07:47,927] INFO: kmi (3/2017): Updated existing record with 18 non-zero financial metrics
[2025-03-22 02:07:47,952] INFO: kmi (6/2017): Updated existing record with 15 non-zero financial metrics
[2025-03-22 02:07:47,978] INFO: kmi (9/2017): Updated existing record with 15 non-zero financial metrics
[2025-03-22 02:07:48,004] INFO: kmi (12/2017): Updated existing record with 19 non-zero financial metrics
[2025-03-22 02:07:48,030] INFO: kmi (3/2018): Updated existing record with 19 non-zero financial metrics
[2025-03-22 02:07:48,056] INFO: kmi (6/2018): Updated existing record with 14 non-zero financial metrics
[2025-03-22 02:07:48,083] INFO: kmi (9/2018): Updated existing record with 14 non-zero financial metrics
[2025-03-22 02:07:48,109] INFO: kmi (12/2018): Updated existing record with 20 non-zero financial metrics
[2025-03-22 02:07:48,136] INFO: kmi (3/2019): Updated existing record with 19 non-zero financial metrics
[2025-03-22 02:07:48,161] INFO: kmi (6/2019): Updated existing record with 14 non-zero financial metrics
[2025-03-22 02:07:48,187] INFO: kmi (9/2019): Updated existing record with 13 non-zero financial metrics
[2025-03-22 02:07:48,214] INFO: kmi (12/2019): Updated existing record with 20 non-zero financial metrics
[2025-03-22 02:07:48,240] INFO: kmi (3/2020): Updated existing record with 19 non-zero financial metrics
[2025-03-22 02:07:48,266] INFO: kmi (6/2020): Updated existing record with 13 non-zero financial metrics
[2025-03-22 02:07:48,291] INFO: kmi (9/2020): Updated existing record with 13 non-zero financial metrics
[2025-03-22 02:07:48,318] INFO: kmi (12/2020): Updated existing record with 19 non-zero financial metrics
[2025-03-22 02:07:48,332] WARNING: kmi (3/2021): Found zero values for fields: Share Repurchases
[2025-03-22 02:07:48,344] INFO: kmi (3/2021): Updated existing record with 18 non-zero financial metrics
[2025-03-22 02:07:48,370] INFO: kmi (6/2021): Updated existing record with 14 non-zero financial metrics
[2025-03-22 02:07:48,395] INFO: kmi (9/2021): Updated existing record with 14 non-zero financial metrics
[2025-03-22 02:07:48,409] WARNING: kmi (12/2021): Found zero values for fields: Share Repurchases
[2025-03-22 02:07:48,421] INFO: kmi (12/2021): Updated existing record with 19 non-zero financial metrics
[2025-03-22 02:07:48,447] INFO: kmi (3/2022): Updated existing record with 19 non-zero financial metrics
[2025-03-22 02:07:48,475] INFO: kmi (6/2022): Updated existing record with 14 non-zero financial metrics
[2025-03-22 02:07:48,504] INFO: kmi (9/2022): Updated existing record with 14 non-zero financial metrics
[2025-03-22 02:07:48,530] INFO: kmi (12/2022): Updated existing record with 20 non-zero financial metrics
[2025-03-22 02:07:48,556] INFO: kmi (3/2023): Updated existing record with 18 non-zero financial metrics
[2025-03-22 02:07:48,583] INFO: kmi (6/2023): Updated existing record with 13 non-zero financial metrics
[2025-03-22 02:07:48,613] INFO: kmi (9/2023): Updated existing record with 13 non-zero financial metrics
[2025-03-22 02:07:48,640] INFO: kmi (12/2023): Updated existing record with 19 non-zero financial metrics
[2025-03-22 02:07:48,669] INFO: kmi (3/2024): Updated existing record with 18 non-zero financial metrics
[2025-03-22 02:07:48,697] INFO: kmi (6/2024): Updated existing record with 13 non-zero financial metrics
[2025-03-22 02:07:48,723] INFO: kmi (9/2024): Updated existing record with 13 non-zero financial metrics
[2025-03-22 02:07:48,751] INFO: kmi (12/2024): Updated existing record with 18 non-zero financial metrics
