[2025-03-22 04:10:58,173] INFO: Trying adjusted date: 7/2020 (original: 6/2020)
[2025-03-22 04:10:58,186] WARNING: lcid (6/2020): No existing record found(6/2020, 2020-06-30) - creating new one
[2025-03-22 04:10:58,186] INFO: lcid (6/2020): Created new record with 3 non-zero financial metrics
[2025-03-22 04:10:58,200] INFO: Trying adjusted date: 10/2020 (original: 9/2020)
[2025-03-22 04:10:58,213] WARNING: lcid (9/2020): No existing record found(9/2020, 2020-09-30) - creating new one
[2025-03-22 04:10:58,213] INFO: lcid (9/2020): Created new record with 5 non-zero financial metrics
[2025-03-22 04:10:58,228] INFO: Trying adjusted date: 1/2021 (original: 12/2020)
[2025-03-22 04:10:58,240] WARNING: lcid (12/2020): No existing record found(12/2020, 2020-12-31) - creating new one
[2025-03-22 04:10:58,240] INFO: lcid (12/2020): Created new record with 3 non-zero financial metrics
[2025-03-22 04:10:58,253] INFO: Trying adjusted date: 4/2021 (original: 3/2021)
[2025-03-22 04:10:58,266] WARNING: lcid (3/2021): No existing record found(3/2021, 2021-03-31) - creating new one
[2025-03-22 04:10:58,266] INFO: lcid (3/2021): Created new record with 9 non-zero financial metrics
[2025-03-22 04:10:58,280] INFO: Trying adjusted date: 7/2021 (original: 6/2021)
[2025-03-22 04:10:58,292] WARNING: lcid (6/2021): No existing record found(6/2021, 2021-06-30) - creating new one
[2025-03-22 04:10:58,293] INFO: lcid (6/2021): Created new record with 7 non-zero financial metrics
[2025-03-22 04:10:58,320] INFO: lcid (9/2021): Updated existing record with 15 non-zero financial metrics
[2025-03-22 04:10:58,333] WARNING: lcid (12/2021): Found zero values for fields: Loan Loss Reserves
[2025-03-22 04:10:58,347] INFO: lcid (12/2021): Updated existing record with 18 non-zero financial metrics
[2025-03-22 04:10:58,372] INFO: lcid (3/2022): Updated existing record with 17 non-zero financial metrics
[2025-03-22 04:10:58,399] INFO: lcid (6/2022): Updated existing record with 14 non-zero financial metrics
[2025-03-22 04:10:58,426] INFO: lcid (9/2022): Updated existing record with 14 non-zero financial metrics
[2025-03-22 04:10:58,440] WARNING: lcid (12/2022): Found zero values for fields: Share Repurchases, Loan Loss Reserves
[2025-03-22 04:10:58,453] INFO: lcid (12/2022): Updated existing record with 18 non-zero financial metrics
[2025-03-22 04:10:58,479] INFO: lcid (3/2023): Updated existing record with 18 non-zero financial metrics
[2025-03-22 04:10:58,506] INFO: lcid (6/2023): Updated existing record with 14 non-zero financial metrics
[2025-03-22 04:10:58,533] INFO: lcid (9/2023): Updated existing record with 14 non-zero financial metrics
[2025-03-22 04:10:58,547] WARNING: lcid (12/2023): Found zero values for fields: Share Repurchases
[2025-03-22 04:10:58,559] INFO: lcid (12/2023): Updated existing record with 18 non-zero financial metrics
[2025-03-22 04:10:58,586] INFO: lcid (3/2024): Updated existing record with 18 non-zero financial metrics
[2025-03-22 04:10:58,613] INFO: lcid (6/2024): Updated existing record with 13 non-zero financial metrics
[2025-03-22 04:10:58,639] INFO: lcid (9/2024): Updated existing record with 13 non-zero financial metrics
[2025-03-22 04:10:58,653] INFO: Trying adjusted date: 1/2025 (original: 12/2024)
[2025-03-22 04:10:58,666] WARNING: lcid (12/2024): No existing record found(12/2024, 2024-12-31) - creating new one
[2025-03-22 04:10:58,666] INFO: lcid (12/2024): Created new record with 17 non-zero financial metrics
