[2025-03-22 15:31:09,505] INFO: Trying adjusted date: 6/2011 (original: 7/2011)
[2025-03-22 15:31:09,519] WARNING: lfus (7/2011): No existing record found(7/2011, 2011-07-02) - creating new one
[2025-03-22 15:31:09,519] INFO: lfus (7/2011): Created new record with 14 non-zero financial metrics
[2025-03-22 15:31:09,538] INFO: Trying adjusted date: 9/2011 (original: 10/2011)
[2025-03-22 15:31:09,553] WARNING: lfus (10/2011): No existing record found(10/2011, 2011-10-01) - creating new one
[2025-03-22 15:31:09,553] INFO: lfus (10/2011): Created new record with 14 non-zero financial metrics
[2025-03-22 15:31:09,571] INFO: Trying adjusted date: 1/2012 (original: 12/2011)
[2025-03-22 15:31:09,585] WARNING: lfus (12/2011): No existing record found(12/2011, 2011-12-31) - creating new one
[2025-03-22 15:31:09,585] INFO: lfus (12/2011): Created new record with 20 non-zero financial metrics
[2025-03-22 15:31:09,602] INFO: Trying adjusted date: 4/2012 (original: 3/2012)
[2025-03-22 15:31:09,616] WARNING: lfus (3/2012): No existing record found(3/2012, 2012-03-31) - creating new one
[2025-03-22 15:31:09,617] INFO: lfus (3/2012): Created new record with 18 non-zero financial metrics
[2025-03-22 15:31:09,633] INFO: Trying adjusted date: 7/2012 (original: 6/2012)
[2025-03-22 15:31:09,648] WARNING: lfus (6/2012): No existing record found(6/2012, 2012-06-30) - creating new one
[2025-03-22 15:31:09,648] INFO: lfus (6/2012): Created new record with 14 non-zero financial metrics
[2025-03-22 15:31:09,679] INFO: lfus (9/2012): Updated existing record with 14 non-zero financial metrics
[2025-03-22 15:31:09,710] INFO: lfus (12/2012): Updated existing record with 20 non-zero financial metrics
[2025-03-22 15:31:09,744] INFO: lfus (3/2013): Updated existing record with 18 non-zero financial metrics
[2025-03-22 15:31:09,781] INFO: lfus (6/2013): Updated existing record with 15 non-zero financial metrics
[2025-03-22 15:31:09,813] INFO: lfus (9/2013): Updated existing record with 15 non-zero financial metrics
[2025-03-22 15:31:09,844] INFO: lfus (12/2013): Updated existing record with 20 non-zero financial metrics
[2025-03-22 15:31:09,875] INFO: lfus (3/2014): Updated existing record with 19 non-zero financial metrics
[2025-03-22 15:31:09,905] INFO: lfus (6/2014): Updated existing record with 15 non-zero financial metrics
[2025-03-22 15:31:09,935] INFO: lfus (9/2014): Updated existing record with 15 non-zero financial metrics
[2025-03-22 15:31:09,967] INFO: lfus (12/2014): Updated existing record with 21 non-zero financial metrics
[2025-03-22 15:31:10,000] INFO: lfus (3/2015): Updated existing record with 19 non-zero financial metrics
[2025-03-22 15:31:10,032] INFO: lfus (6/2015): Updated existing record with 15 non-zero financial metrics
[2025-03-22 15:31:10,065] INFO: lfus (9/2015): Updated existing record with 15 non-zero financial metrics
[2025-03-22 15:31:10,082] INFO: Trying adjusted date: 12/2015 (original: 1/2016)
[2025-03-22 15:31:10,097] INFO: Found existing row with adjusted date: 12/2015
[2025-03-22 15:31:10,111] INFO: lfus (12/2015): Updated existing record with 21 non-zero financial metrics
[2025-03-22 15:31:10,128] INFO: Trying adjusted date: 3/2016 (original: 4/2016)
[2025-03-22 15:31:10,141] INFO: Found existing row with adjusted date: 3/2016
[2025-03-22 15:31:10,156] INFO: lfus (3/2016): Updated existing record with 19 non-zero financial metrics
[2025-03-22 15:31:10,173] INFO: Trying adjusted date: 6/2016 (original: 7/2016)
[2025-03-22 15:31:10,186] INFO: Found existing row with adjusted date: 6/2016
[2025-03-22 15:31:10,200] INFO: lfus (6/2016): Updated existing record with 15 non-zero financial metrics
[2025-03-22 15:31:10,216] INFO: Trying adjusted date: 9/2016 (original: 10/2016)
[2025-03-22 15:31:10,232] INFO: Found existing row with adjusted date: 9/2016
[2025-03-22 15:31:10,246] INFO: lfus (9/2016): Updated existing record with 15 non-zero financial metrics
[2025-03-22 15:31:10,263] ERROR: Invalid numeric value for Share Repurchases: 
[2025-03-22 15:31:10,263] ERROR: lfus (12/2016): Invalid data types: Share Repurchases=
[2025-03-22 15:31:10,277] INFO: lfus (12/2016): Updated existing record with 20 non-zero financial metrics
[2025-03-22 15:31:10,293] INFO: Trying adjusted date: 3/2017 (original: 4/2017)
[2025-03-22 15:31:10,307] INFO: Found existing row with adjusted date: 3/2017
[2025-03-22 15:31:10,322] INFO: lfus (3/2017): Updated existing record with 20 non-zero financial metrics
[2025-03-22 15:31:10,338] INFO: Trying adjusted date: 6/2017 (original: 7/2017)
[2025-03-22 15:31:10,353] INFO: Found existing row with adjusted date: 6/2017
[2025-03-22 15:31:10,367] INFO: lfus (6/2017): Updated existing record with 16 non-zero financial metrics
[2025-03-22 15:31:10,396] INFO: lfus (9/2017): Updated existing record with 16 non-zero financial metrics
[2025-03-22 15:31:10,413] ERROR: Invalid numeric value for Share Repurchases: 
[2025-03-22 15:31:10,413] ERROR: lfus (12/2017): Invalid data types: Share Repurchases=
[2025-03-22 15:31:10,428] INFO: lfus (12/2017): Updated existing record with 20 non-zero financial metrics
[2025-03-22 15:31:10,460] INFO: lfus (3/2018): Updated existing record with 19 non-zero financial metrics
[2025-03-22 15:31:10,491] INFO: lfus (6/2018): Updated existing record with 15 non-zero financial metrics
[2025-03-22 15:31:10,521] INFO: lfus (9/2018): Updated existing record with 15 non-zero financial metrics
[2025-03-22 15:31:10,553] INFO: lfus (12/2018): Updated existing record with 20 non-zero financial metrics
[2025-03-22 15:31:10,583] INFO: lfus (3/2019): Updated existing record with 19 non-zero financial metrics
[2025-03-22 15:31:10,614] INFO: lfus (6/2019): Updated existing record with 15 non-zero financial metrics
[2025-03-22 15:31:10,645] INFO: lfus (9/2019): Updated existing record with 15 non-zero financial metrics
[2025-03-22 15:31:10,677] INFO: lfus (12/2019): Updated existing record with 20 non-zero financial metrics
[2025-03-22 15:31:10,708] INFO: lfus (3/2020): Updated existing record with 19 non-zero financial metrics
[2025-03-22 15:31:10,738] INFO: lfus (6/2020): Updated existing record with 15 non-zero financial metrics
[2025-03-22 15:31:10,769] INFO: lfus (9/2020): Updated existing record with 15 non-zero financial metrics
[2025-03-22 15:31:10,802] INFO: lfus (12/2020): Updated existing record with 21 non-zero financial metrics
[2025-03-22 15:31:10,819] WARNING: lfus (3/2021): Found zero values for fields: Share Repurchases
[2025-03-22 15:31:10,833] INFO: lfus (3/2021): Updated existing record with 20 non-zero financial metrics
[2025-03-22 15:31:10,865] INFO: lfus (6/2021): Updated existing record with 16 non-zero financial metrics
[2025-03-22 15:31:10,896] INFO: lfus (9/2021): Updated existing record with 16 non-zero financial metrics
[2025-03-22 15:31:10,913] INFO: Trying adjusted date: 12/2021 (original: 1/2022)
[2025-03-22 15:31:10,928] INFO: Found existing row with adjusted date: 12/2021
[2025-03-22 15:31:10,928] WARNING: lfus (12/2021): Found zero values for fields: Share Repurchases
[2025-03-22 15:31:10,943] INFO: lfus (12/2021): Updated existing record with 20 non-zero financial metrics
[2025-03-22 15:31:10,959] INFO: Trying adjusted date: 3/2022 (original: 4/2022)
[2025-03-22 15:31:10,972] INFO: Found existing row with adjusted date: 3/2022
[2025-03-22 15:31:10,987] INFO: lfus (3/2022): Updated existing record with 20 non-zero financial metrics
[2025-03-22 15:31:11,004] INFO: Trying adjusted date: 6/2022 (original: 7/2022)
[2025-03-22 15:31:11,017] INFO: Found existing row with adjusted date: 6/2022
[2025-03-22 15:31:11,032] INFO: lfus (6/2022): Updated existing record with 16 non-zero financial metrics
[2025-03-22 15:31:11,048] INFO: Trying adjusted date: 9/2022 (original: 10/2022)
[2025-03-22 15:31:11,064] INFO: Found existing row with adjusted date: 9/2022
[2025-03-22 15:31:11,077] INFO: lfus (9/2022): Updated existing record with 16 non-zero financial metrics
[2025-03-22 15:31:11,094] WARNING: lfus (12/2022): Found zero values for fields: Share Repurchases
[2025-03-22 15:31:11,108] INFO: lfus (12/2022): Updated existing record with 20 non-zero financial metrics
[2025-03-22 15:31:11,125] INFO: Trying adjusted date: 3/2023 (original: 4/2023)
[2025-03-22 15:31:11,138] INFO: Found existing row with adjusted date: 3/2023
[2025-03-22 15:31:11,152] INFO: lfus (3/2023): Updated existing record with 20 non-zero financial metrics
[2025-03-22 15:31:11,168] INFO: Trying adjusted date: 6/2023 (original: 7/2023)
[2025-03-22 15:31:11,183] INFO: Found existing row with adjusted date: 6/2023
[2025-03-22 15:31:11,197] INFO: lfus (6/2023): Updated existing record with 16 non-zero financial metrics
[2025-03-22 15:31:11,228] INFO: lfus (9/2023): Updated existing record with 16 non-zero financial metrics
[2025-03-22 15:31:11,259] INFO: lfus (12/2023): Updated existing record with 21 non-zero financial metrics
[2025-03-22 15:31:11,290] INFO: lfus (3/2024): Updated existing record with 22 non-zero financial metrics
[2025-03-22 15:31:11,319] INFO: lfus (6/2024): Updated existing record with 16 non-zero financial metrics
[2025-03-22 15:31:11,350] INFO: lfus (9/2024): Updated existing record with 16 non-zero financial metrics
[2025-03-22 15:31:11,383] INFO: lfus (12/2024): Updated existing record with 21 non-zero financial metrics
