[2025-03-22 05:24:24,235] INFO: Trying adjusted date: 4/2010 (original: 3/2010)
[2025-03-22 05:24:24,247] WARNING: lh (3/2010): No existing record found(3/2010, 2010-03-31) - creating new one
[2025-03-22 05:24:24,247] INFO: lh (3/2010): Created new record with 20 non-zero financial metrics
[2025-03-22 05:24:24,264] INFO: Trying adjusted date: 10/2010 (original: 9/2010)
[2025-03-22 05:24:24,276] WARNING: lh (9/2010): No existing record found(9/2010, 2010-09-30) - creating new one
[2025-03-22 05:24:24,277] INFO: lh (9/2010): Created new record with 16 non-zero financial metrics
[2025-03-22 05:24:24,292] INFO: Trying adjusted date: 4/2011 (original: 3/2011)
[2025-03-22 05:24:24,305] WARNING: lh (3/2011): No existing record found(3/2011, 2011-03-31) - creating new one
[2025-03-22 05:24:24,306] INFO: lh (3/2011): Created new record with 20 non-zero financial metrics
[2025-03-22 05:24:24,320] INFO: Trying adjusted date: 7/2011 (original: 6/2011)
[2025-03-22 05:24:24,333] WARNING: lh (6/2011): No existing record found(6/2011, 2011-06-30) - creating new one
[2025-03-22 05:24:24,334] INFO: lh (6/2011): Created new record with 15 non-zero financial metrics
[2025-03-22 05:24:24,348] INFO: Trying adjusted date: 10/2011 (original: 9/2011)
[2025-03-22 05:24:24,360] WARNING: lh (9/2011): No existing record found(9/2011, 2011-09-30) - creating new one
[2025-03-22 05:24:24,361] INFO: lh (9/2011): Created new record with 15 non-zero financial metrics
[2025-03-22 05:24:24,374] INFO: Trying adjusted date: 1/2012 (original: 12/2011)
[2025-03-22 05:24:24,386] WARNING: lh (12/2011): No existing record found(12/2011, 2011-12-31) - creating new one
[2025-03-22 05:24:24,387] INFO: lh (12/2011): Created new record with 20 non-zero financial metrics
[2025-03-22 05:24:24,402] INFO: Trying adjusted date: 4/2012 (original: 3/2012)
[2025-03-22 05:24:24,416] WARNING: lh (3/2012): No existing record found(3/2012, 2012-03-31) - creating new one
[2025-03-22 05:24:24,416] INFO: lh (3/2012): Created new record with 20 non-zero financial metrics
[2025-03-22 05:24:24,430] INFO: Trying adjusted date: 7/2012 (original: 6/2012)
[2025-03-22 05:24:24,442] WARNING: lh (6/2012): No existing record found(6/2012, 2012-06-30) - creating new one
[2025-03-22 05:24:24,443] INFO: lh (6/2012): Created new record with 15 non-zero financial metrics
[2025-03-22 05:24:24,469] INFO: lh (9/2012): Updated existing record with 15 non-zero financial metrics
[2025-03-22 05:24:24,497] INFO: lh (12/2012): Updated existing record with 20 non-zero financial metrics
[2025-03-22 05:24:24,523] INFO: lh (3/2013): Updated existing record with 20 non-zero financial metrics
[2025-03-22 05:24:24,549] INFO: lh (6/2013): Updated existing record with 15 non-zero financial metrics
[2025-03-22 05:24:24,577] INFO: lh (9/2013): Updated existing record with 15 non-zero financial metrics
[2025-03-22 05:24:24,604] INFO: lh (12/2013): Updated existing record with 21 non-zero financial metrics
[2025-03-22 05:24:24,630] INFO: lh (3/2014): Updated existing record with 20 non-zero financial metrics
[2025-03-22 05:24:24,656] INFO: lh (6/2014): Updated existing record with 15 non-zero financial metrics
[2025-03-22 05:24:24,682] INFO: lh (9/2014): Updated existing record with 15 non-zero financial metrics
[2025-03-22 05:24:24,708] INFO: lh (12/2014): Updated existing record with 21 non-zero financial metrics
[2025-03-22 05:24:24,723] WARNING: lh (3/2015): Found zero values for fields: Share Repurchases
[2025-03-22 05:24:24,736] INFO: lh (3/2015): Updated existing record with 19 non-zero financial metrics
[2025-03-22 05:24:24,762] INFO: lh (6/2015): Updated existing record with 15 non-zero financial metrics
[2025-03-22 05:24:24,787] INFO: lh (9/2015): Updated existing record with 15 non-zero financial metrics
[2025-03-22 05:24:24,801] WARNING: lh (12/2015): Found zero values for fields: Share Repurchases
[2025-03-22 05:24:24,813] INFO: lh (12/2015): Updated existing record with 20 non-zero financial metrics
[2025-03-22 05:24:24,840] INFO: lh (3/2016): Updated existing record with 19 non-zero financial metrics
[2025-03-22 05:24:24,866] INFO: lh (6/2016): Updated existing record with 15 non-zero financial metrics
[2025-03-22 05:24:24,893] INFO: lh (9/2016): Updated existing record with 15 non-zero financial metrics
[2025-03-22 05:24:24,922] INFO: lh (12/2016): Updated existing record with 21 non-zero financial metrics
[2025-03-22 05:24:24,949] INFO: lh (3/2017): Updated existing record with 20 non-zero financial metrics
[2025-03-22 05:24:24,976] INFO: lh (6/2017): Updated existing record with 15 non-zero financial metrics
[2025-03-22 05:24:25,003] INFO: lh (9/2017): Updated existing record with 15 non-zero financial metrics
[2025-03-22 05:24:25,033] INFO: lh (12/2017): Updated existing record with 21 non-zero financial metrics
[2025-03-22 05:24:25,059] INFO: lh (3/2018): Updated existing record with 22 non-zero financial metrics
[2025-03-22 05:24:25,085] INFO: lh (6/2018): Updated existing record with 17 non-zero financial metrics
[2025-03-22 05:24:25,111] INFO: lh (9/2018): Updated existing record with 17 non-zero financial metrics
[2025-03-22 05:24:25,138] INFO: lh (12/2018): Updated existing record with 23 non-zero financial metrics
[2025-03-22 05:24:25,165] INFO: lh (3/2019): Updated existing record with 22 non-zero financial metrics
[2025-03-22 05:24:25,191] INFO: lh (6/2019): Updated existing record with 18 non-zero financial metrics
[2025-03-22 05:24:25,218] INFO: lh (9/2019): Updated existing record with 17 non-zero financial metrics
[2025-03-22 05:24:25,245] INFO: lh (12/2019): Updated existing record with 24 non-zero financial metrics
[2025-03-22 05:24:25,271] INFO: lh (3/2020): Updated existing record with 23 non-zero financial metrics
[2025-03-22 05:24:25,299] INFO: lh (6/2020): Updated existing record with 18 non-zero financial metrics
[2025-03-22 05:24:25,325] INFO: lh (9/2020): Updated existing record with 18 non-zero financial metrics
[2025-03-22 05:24:25,352] INFO: lh (12/2020): Updated existing record with 23 non-zero financial metrics
[2025-03-22 05:24:25,378] INFO: lh (3/2021): Updated existing record with 23 non-zero financial metrics
[2025-03-22 05:24:25,405] INFO: lh (6/2021): Updated existing record with 18 non-zero financial metrics
[2025-03-22 05:24:25,432] INFO: lh (9/2021): Updated existing record with 18 non-zero financial metrics
[2025-03-22 05:24:25,458] INFO: lh (12/2021): Updated existing record with 23 non-zero financial metrics
[2025-03-22 05:24:25,472] WARNING: lh (3/2022): Found zero values for fields: Share Repurchases
[2025-03-22 05:24:25,484] INFO: lh (3/2022): Updated existing record with 22 non-zero financial metrics
[2025-03-22 05:24:25,510] INFO: lh (6/2022): Updated existing record with 19 non-zero financial metrics
[2025-03-22 05:24:25,537] INFO: lh (9/2022): Updated existing record with 19 non-zero financial metrics
[2025-03-22 05:24:25,564] INFO: lh (12/2022): Updated existing record with 23 non-zero financial metrics
[2025-03-22 05:24:25,589] INFO: lh (3/2023): Updated existing record with 22 non-zero financial metrics
[2025-03-22 05:24:25,616] INFO: lh (6/2023): Updated existing record with 17 non-zero financial metrics
[2025-03-22 05:24:25,642] INFO: lh (9/2023): Updated existing record with 17 non-zero financial metrics
[2025-03-22 05:24:25,668] INFO: lh (12/2023): Updated existing record with 22 non-zero financial metrics
[2025-03-22 05:24:25,695] INFO: lh (3/2024): Updated existing record with 21 non-zero financial metrics
[2025-03-22 05:24:25,723] INFO: lh (6/2024): Updated existing record with 17 non-zero financial metrics
[2025-03-22 05:24:25,750] INFO: lh (9/2024): Updated existing record with 17 non-zero financial metrics
[2025-03-22 05:24:25,764] INFO: Trying adjusted date: 1/2025 (original: 12/2024)
[2025-03-22 05:24:25,777] WARNING: lh (12/2024): No existing record found(12/2024, 2024-12-31) - creating new one
[2025-03-22 05:24:25,777] INFO: lh (12/2024): Created new record with 22 non-zero financial metrics
