[2025-03-22 10:53:20,892] INFO: Trying adjusted date: 4/2010 (original: 3/2010)
[2025-03-22 10:53:20,905] WARNING: lnc (3/2010): No existing record found(3/2010, 2010-03-31) - creating new one
[2025-03-22 10:53:20,905] INFO: lnc (3/2010): Created new record with 11 non-zero financial metrics
[2025-03-22 10:53:20,933] INFO: Trying adjusted date: 7/2010 (original: 6/2010)
[2025-03-22 10:53:20,946] WARNING: lnc (6/2010): No existing record found(6/2010, 2010-06-30) - creating new one
[2025-03-22 10:53:20,947] INFO: lnc (6/2010): Created new record with 8 non-zero financial metrics
[2025-03-22 10:53:20,964] INFO: Trying adjusted date: 10/2010 (original: 9/2010)
[2025-03-22 10:53:20,978] WARNING: lnc (9/2010): No existing record found(9/2010, 2010-09-30) - creating new one
[2025-03-22 10:53:20,978] INFO: lnc (9/2010): Created new record with 8 non-zero financial metrics
[2025-03-22 10:53:20,993] INFO: Trying adjusted date: 1/2011 (original: 12/2010)
[2025-03-22 10:53:21,007] WARNING: lnc (12/2010): No existing record found(12/2010, 2010-12-31) - creating new one
[2025-03-22 10:53:21,008] INFO: lnc (12/2010): Created new record with 14 non-zero financial metrics
[2025-03-22 10:53:21,023] INFO: Trying adjusted date: 4/2011 (original: 3/2011)
[2025-03-22 10:53:21,036] WARNING: lnc (3/2011): No existing record found(3/2011, 2011-03-31) - creating new one
[2025-03-22 10:53:21,036] INFO: lnc (3/2011): Created new record with 12 non-zero financial metrics
[2025-03-22 10:53:21,055] INFO: Trying adjusted date: 7/2011 (original: 6/2011)
[2025-03-22 10:53:21,069] WARNING: lnc (6/2011): No existing record found(6/2011, 2011-06-30) - creating new one
[2025-03-22 10:53:21,069] INFO: lnc (6/2011): Created new record with 8 non-zero financial metrics
[2025-03-22 10:53:21,084] INFO: Trying adjusted date: 10/2011 (original: 9/2011)
[2025-03-22 10:53:21,098] WARNING: lnc (9/2011): No existing record found(9/2011, 2011-09-30) - creating new one
[2025-03-22 10:53:21,099] INFO: lnc (9/2011): Created new record with 8 non-zero financial metrics
[2025-03-22 10:53:21,116] INFO: Trying adjusted date: 1/2012 (original: 12/2011)
[2025-03-22 10:53:21,130] WARNING: lnc (12/2011): No existing record found(12/2011, 2011-12-31) - creating new one
[2025-03-22 10:53:21,130] INFO: lnc (12/2011): Created new record with 14 non-zero financial metrics
[2025-03-22 10:53:21,146] INFO: Trying adjusted date: 4/2012 (original: 3/2012)
[2025-03-22 10:53:21,160] WARNING: lnc (3/2012): No existing record found(3/2012, 2012-03-31) - creating new one
[2025-03-22 10:53:21,160] INFO: lnc (3/2012): Created new record with 12 non-zero financial metrics
[2025-03-22 10:53:21,189] INFO: lnc (6/2012): Updated existing record with 8 non-zero financial metrics
[2025-03-22 10:53:21,218] INFO: lnc (9/2012): Updated existing record with 7 non-zero financial metrics
[2025-03-22 10:53:21,248] INFO: lnc (12/2012): Updated existing record with 14 non-zero financial metrics
[2025-03-22 10:53:21,276] INFO: lnc (3/2013): Updated existing record with 12 non-zero financial metrics
[2025-03-22 10:53:21,304] INFO: lnc (6/2013): Updated existing record with 8 non-zero financial metrics
[2025-03-22 10:53:21,334] INFO: lnc (9/2013): Updated existing record with 9 non-zero financial metrics
[2025-03-22 10:53:21,364] INFO: lnc (12/2013): Updated existing record with 15 non-zero financial metrics
[2025-03-22 10:53:21,392] INFO: lnc (3/2014): Updated existing record with 13 non-zero financial metrics
[2025-03-22 10:53:21,421] INFO: lnc (6/2014): Updated existing record with 9 non-zero financial metrics
[2025-03-22 10:53:21,450] INFO: lnc (9/2014): Updated existing record with 9 non-zero financial metrics
[2025-03-22 10:53:21,479] INFO: lnc (12/2014): Updated existing record with 15 non-zero financial metrics
[2025-03-22 10:53:21,508] INFO: lnc (3/2015): Updated existing record with 13 non-zero financial metrics
[2025-03-22 10:53:21,537] INFO: lnc (6/2015): Updated existing record with 9 non-zero financial metrics
[2025-03-22 10:53:21,568] INFO: lnc (9/2015): Updated existing record with 9 non-zero financial metrics
[2025-03-22 10:53:21,598] INFO: lnc (12/2015): Updated existing record with 15 non-zero financial metrics
[2025-03-22 10:53:21,626] INFO: lnc (3/2016): Updated existing record with 13 non-zero financial metrics
[2025-03-22 10:53:21,655] INFO: lnc (6/2016): Updated existing record with 9 non-zero financial metrics
[2025-03-22 10:53:21,685] INFO: lnc (9/2016): Updated existing record with 9 non-zero financial metrics
[2025-03-22 10:53:21,714] INFO: lnc (12/2016): Updated existing record with 15 non-zero financial metrics
[2025-03-22 10:53:21,743] INFO: lnc (3/2017): Updated existing record with 13 non-zero financial metrics
[2025-03-22 10:53:21,772] INFO: lnc (6/2017): Updated existing record with 9 non-zero financial metrics
[2025-03-22 10:53:21,801] INFO: lnc (9/2017): Updated existing record with 9 non-zero financial metrics
[2025-03-22 10:53:21,832] INFO: lnc (12/2017): Updated existing record with 15 non-zero financial metrics
[2025-03-22 10:53:21,861] INFO: lnc (3/2018): Updated existing record with 11 non-zero financial metrics
[2025-03-22 10:53:21,890] INFO: lnc (6/2018): Updated existing record with 8 non-zero financial metrics
[2025-03-22 10:53:21,922] INFO: lnc (9/2018): Updated existing record with 8 non-zero financial metrics
[2025-03-22 10:53:21,952] INFO: lnc (12/2018): Updated existing record with 14 non-zero financial metrics
[2025-03-22 10:53:21,982] INFO: lnc (3/2019): Updated existing record with 12 non-zero financial metrics
[2025-03-22 10:53:22,010] INFO: lnc (6/2019): Updated existing record with 8 non-zero financial metrics
[2025-03-22 10:53:22,038] INFO: lnc (9/2019): Updated existing record with 8 non-zero financial metrics
[2025-03-22 10:53:22,069] INFO: lnc (12/2019): Updated existing record with 14 non-zero financial metrics
[2025-03-22 10:53:22,098] INFO: lnc (3/2020): Updated existing record with 12 non-zero financial metrics
[2025-03-22 10:53:22,128] INFO: lnc (6/2020): Updated existing record with 8 non-zero financial metrics
[2025-03-22 10:53:22,156] INFO: lnc (9/2020): Updated existing record with 8 non-zero financial metrics
[2025-03-22 10:53:22,186] INFO: lnc (12/2020): Updated existing record with 14 non-zero financial metrics
[2025-03-22 10:53:22,216] INFO: lnc (3/2021): Updated existing record with 12 non-zero financial metrics
[2025-03-22 10:53:22,244] INFO: lnc (6/2021): Updated existing record with 8 non-zero financial metrics
[2025-03-22 10:53:22,273] INFO: lnc (9/2021): Updated existing record with 8 non-zero financial metrics
[2025-03-22 10:53:22,302] INFO: lnc (12/2021): Updated existing record with 14 non-zero financial metrics
[2025-03-22 10:53:22,331] INFO: lnc (3/2022): Updated existing record with 12 non-zero financial metrics
[2025-03-22 10:53:22,360] INFO: lnc (6/2022): Updated existing record with 8 non-zero financial metrics
[2025-03-22 10:53:22,388] INFO: lnc (9/2022): Updated existing record with 8 non-zero financial metrics
[2025-03-22 10:53:22,418] INFO: lnc (12/2022): Updated existing record with 14 non-zero financial metrics
[2025-03-22 10:53:22,447] INFO: lnc (3/2023): Updated existing record with 11 non-zero financial metrics
[2025-03-22 10:53:22,479] INFO: lnc (6/2023): Updated existing record with 8 non-zero financial metrics
[2025-03-22 10:53:22,507] INFO: lnc (9/2023): Updated existing record with 8 non-zero financial metrics
[2025-03-22 10:53:22,523] WARNING: lnc (12/2023): Found zero values for fields: Share Repurchases
[2025-03-22 10:53:22,537] INFO: lnc (12/2023): Updated existing record with 13 non-zero financial metrics
[2025-03-22 10:53:22,566] INFO: lnc (3/2024): Updated existing record with 12 non-zero financial metrics
[2025-03-22 10:53:22,596] INFO: lnc (6/2024): Updated existing record with 9 non-zero financial metrics
[2025-03-22 10:53:22,624] INFO: lnc (9/2024): Updated existing record with 9 non-zero financial metrics
[2025-03-22 10:53:22,639] INFO: Trying adjusted date: 1/2025 (original: 12/2024)
[2025-03-22 10:53:22,653] WARNING: lnc (12/2024): Found zero values for fields: Share Repurchases
[2025-03-22 10:53:22,653] WARNING: lnc (12/2024): No existing record found(12/2024, 2024-12-31) - creating new one
[2025-03-22 10:53:22,653] INFO: lnc (12/2024): Created new record with 13 non-zero financial metrics
