[2025-03-22 01:56:06,929] INFO: Trying adjusted date: 7/2011 (original: 6/2011)
[2025-03-22 01:56:06,941] WARNING: lng (6/2011): No existing record found(6/2011, 2011-06-30) - creating new one
[2025-03-22 01:56:06,942] INFO: lng (6/2011): Created new record with 14 non-zero financial metrics
[2025-03-22 01:56:06,957] INFO: Trying adjusted date: 10/2011 (original: 9/2011)
[2025-03-22 01:56:06,969] WARNING: lng (9/2011): No existing record found(9/2011, 2011-09-30) - creating new one
[2025-03-22 01:56:06,970] INFO: lng (9/2011): Created new record with 14 non-zero financial metrics
[2025-03-22 01:56:06,983] INFO: Trying adjusted date: 4/2012 (original: 3/2012)
[2025-03-22 01:56:06,995] WARNING: lng (3/2012): No existing record found(3/2012, 2012-03-31) - creating new one
[2025-03-22 01:56:06,996] INFO: lng (3/2012): Created new record with 17 non-zero financial metrics
[2025-03-22 01:56:07,009] INFO: Trying adjusted date: 7/2012 (original: 6/2012)
[2025-03-22 01:56:07,021] WARNING: lng (6/2012): No existing record found(6/2012, 2012-06-30) - creating new one
[2025-03-22 01:56:07,022] INFO: lng (6/2012): Created new record with 13 non-zero financial metrics
[2025-03-22 01:56:07,048] INFO: lng (9/2012): Updated existing record with 13 non-zero financial metrics
[2025-03-22 01:56:07,076] INFO: lng (12/2012): Updated existing record with 17 non-zero financial metrics
[2025-03-22 01:56:07,102] INFO: lng (3/2013): Updated existing record with 18 non-zero financial metrics
[2025-03-22 01:56:07,128] INFO: lng (6/2013): Updated existing record with 14 non-zero financial metrics
[2025-03-22 01:56:07,156] INFO: lng (9/2013): Updated existing record with 15 non-zero financial metrics
[2025-03-22 01:56:07,179] INFO: lng (12/2013): Updated existing record with 17 non-zero financial metrics
[2025-03-22 01:56:07,204] INFO: lng (3/2014): Updated existing record with 19 non-zero financial metrics
[2025-03-22 01:56:07,229] INFO: lng (6/2014): Updated existing record with 14 non-zero financial metrics
[2025-03-22 01:56:07,255] INFO: lng (9/2014): Updated existing record with 14 non-zero financial metrics
[2025-03-22 01:56:07,281] INFO: lng (12/2014): Updated existing record with 18 non-zero financial metrics
[2025-03-22 01:56:07,308] INFO: lng (3/2015): Updated existing record with 18 non-zero financial metrics
[2025-03-22 01:56:07,333] INFO: lng (6/2015): Updated existing record with 14 non-zero financial metrics
[2025-03-22 01:56:07,359] INFO: lng (9/2015): Updated existing record with 14 non-zero financial metrics
[2025-03-22 01:56:07,385] INFO: lng (12/2015): Updated existing record with 18 non-zero financial metrics
[2025-03-22 01:56:07,409] INFO: lng (3/2016): Updated existing record with 20 non-zero financial metrics
[2025-03-22 01:56:07,435] INFO: lng (6/2016): Updated existing record with 15 non-zero financial metrics
[2025-03-22 01:56:07,462] INFO: lng (9/2016): Updated existing record with 13 non-zero financial metrics
[2025-03-22 01:56:07,489] INFO: lng (12/2016): Updated existing record with 17 non-zero financial metrics
[2025-03-22 01:56:07,514] INFO: lng (3/2017): Updated existing record with 17 non-zero financial metrics
[2025-03-22 01:56:07,527] INFO: Trying adjusted date: 7/2017 (original: 6/2017)
[2025-03-22 01:56:07,540] WARNING: lng (6/2017): No existing record found(6/2017, 2017-06-30) - creating new one
[2025-03-22 01:56:07,540] INFO: lng (6/2017): Created new record with 13 non-zero financial metrics
[2025-03-22 01:56:07,565] INFO: lng (9/2017): Updated existing record with 13 non-zero financial metrics
[2025-03-22 01:56:07,590] INFO: lng (12/2017): Updated existing record with 17 non-zero financial metrics
[2025-03-22 01:56:07,615] INFO: lng (3/2018): Updated existing record with 19 non-zero financial metrics
[2025-03-22 01:56:07,641] INFO: lng (6/2018): Updated existing record with 15 non-zero financial metrics
[2025-03-22 01:56:07,668] INFO: lng (9/2018): Updated existing record with 15 non-zero financial metrics
[2025-03-22 01:56:07,695] INFO: lng (12/2018): Updated existing record with 19 non-zero financial metrics
[2025-03-22 01:56:07,721] INFO: lng (3/2019): Updated existing record with 19 non-zero financial metrics
[2025-03-22 01:56:07,746] INFO: lng (6/2019): Updated existing record with 15 non-zero financial metrics
[2025-03-22 01:56:07,759] INFO: Trying adjusted date: 10/2019 (original: 9/2019)
[2025-03-22 01:56:07,771] WARNING: lng (9/2019): No existing record found(9/2019, 2019-09-30) - creating new one
[2025-03-22 01:56:07,771] INFO: lng (9/2019): Created new record with 15 non-zero financial metrics
[2025-03-22 01:56:07,797] INFO: lng (12/2019): Updated existing record with 19 non-zero financial metrics
[2025-03-22 01:56:07,822] INFO: lng (3/2020): Updated existing record with 19 non-zero financial metrics
[2025-03-22 01:56:07,835] WARNING: lng (6/2020): Found zero values for fields: Share Repurchases
[2025-03-22 01:56:07,847] INFO: lng (6/2020): Updated existing record with 14 non-zero financial metrics
[2025-03-22 01:56:07,861] WARNING: lng (9/2020): Found zero values for fields: Share Repurchases, R&D Expense
[2025-03-22 01:56:07,873] INFO: lng (9/2020): Updated existing record with 12 non-zero financial metrics
[2025-03-22 01:56:07,898] INFO: lng (12/2020): Updated existing record with 19 non-zero financial metrics
[2025-03-22 01:56:07,912] WARNING: lng (3/2021): Found zero values for fields: Share Repurchases
[2025-03-22 01:56:07,924] INFO: lng (3/2021): Updated existing record with 18 non-zero financial metrics
[2025-03-22 01:56:07,951] INFO: lng (6/2021): Updated existing record with 14 non-zero financial metrics
[2025-03-22 01:56:07,977] INFO: lng (9/2021): Updated existing record with 14 non-zero financial metrics
[2025-03-22 01:56:08,003] INFO: lng (12/2021): Updated existing record with 19 non-zero financial metrics
[2025-03-22 01:56:08,029] INFO: lng (3/2022): Updated existing record with 19 non-zero financial metrics
[2025-03-22 01:56:08,055] INFO: lng (6/2022): Updated existing record with 15 non-zero financial metrics
[2025-03-22 01:56:08,080] INFO: lng (9/2022): Updated existing record with 15 non-zero financial metrics
[2025-03-22 01:56:08,108] INFO: lng (12/2022): Updated existing record with 19 non-zero financial metrics
[2025-03-22 01:56:08,133] INFO: lng (3/2023): Updated existing record with 19 non-zero financial metrics
[2025-03-22 01:56:08,159] INFO: lng (6/2023): Updated existing record with 13 non-zero financial metrics
[2025-03-22 01:56:08,185] INFO: lng (9/2023): Updated existing record with 13 non-zero financial metrics
[2025-03-22 01:56:08,210] INFO: lng (12/2023): Updated existing record with 18 non-zero financial metrics
[2025-03-22 01:56:08,235] INFO: lng (3/2024): Updated existing record with 18 non-zero financial metrics
[2025-03-22 01:56:08,260] INFO: lng (6/2024): Updated existing record with 13 non-zero financial metrics
[2025-03-22 01:56:08,289] INFO: lng (9/2024): Updated existing record with 12 non-zero financial metrics
[2025-03-22 01:56:08,303] INFO: Trying adjusted date: 1/2025 (original: 12/2024)
[2025-03-22 01:56:08,315] WARNING: lng (12/2024): No existing record found(12/2024, 2024-12-31) - creating new one
[2025-03-22 01:56:08,315] INFO: lng (12/2024): Created new record with 18 non-zero financial metrics
