[2025-03-22 14:54:13,183] INFO: lnth (6/2015): Updated existing record with 16 non-zero financial metrics
[2025-03-22 14:54:13,215] INFO: lnth (9/2015): Updated existing record with 15 non-zero financial metrics
[2025-03-22 14:54:13,232] INFO: Trying adjusted date: 1/2016 (original: 12/2015)
[2025-03-22 14:54:13,246] WARNING: lnth (12/2015): No existing record found(12/2015, 2015-12-31) - creating new one
[2025-03-22 14:54:13,247] INFO: lnth (12/2015): Created new record with 16 non-zero financial metrics
[2025-03-22 14:54:13,278] INFO: lnth (3/2016): Updated existing record with 15 non-zero financial metrics
[2025-03-22 14:54:13,310] INFO: lnth (6/2016): Updated existing record with 15 non-zero financial metrics
[2025-03-22 14:54:13,341] INFO: lnth (9/2016): Updated existing record with 17 non-zero financial metrics
[2025-03-22 14:54:13,372] INFO: lnth (12/2016): Updated existing record with 17 non-zero financial metrics
[2025-03-22 14:54:13,403] INFO: lnth (3/2017): Updated existing record with 17 non-zero financial metrics
[2025-03-22 14:54:13,433] INFO: lnth (6/2017): Updated existing record with 17 non-zero financial metrics
[2025-03-22 14:54:13,464] INFO: lnth (9/2017): Updated existing record with 17 non-zero financial metrics
[2025-03-22 14:54:13,495] INFO: lnth (12/2017): Updated existing record with 20 non-zero financial metrics
[2025-03-22 14:54:13,526] INFO: lnth (3/2018): Updated existing record with 20 non-zero financial metrics
[2025-03-22 14:54:13,556] INFO: lnth (6/2018): Updated existing record with 17 non-zero financial metrics
[2025-03-22 14:54:13,586] INFO: lnth (9/2018): Updated existing record with 17 non-zero financial metrics
[2025-03-22 14:54:13,618] INFO: lnth (12/2018): Updated existing record with 20 non-zero financial metrics
[2025-03-22 14:54:13,649] INFO: lnth (3/2019): Updated existing record with 21 non-zero financial metrics
[2025-03-22 14:54:13,680] INFO: lnth (6/2019): Updated existing record with 18 non-zero financial metrics
[2025-03-22 14:54:13,711] INFO: lnth (9/2019): Updated existing record with 18 non-zero financial metrics
[2025-03-22 14:54:13,744] INFO: lnth (12/2019): Updated existing record with 22 non-zero financial metrics
[2025-03-22 14:54:13,760] INFO: Trying adjusted date: 4/2020 (original: 3/2020)
[2025-03-22 14:54:13,775] WARNING: lnth (3/2020): No existing record found(3/2020, 2020-03-31) - creating new one
[2025-03-22 14:54:13,775] INFO: lnth (3/2020): Created new record with 22 non-zero financial metrics
[2025-03-22 14:54:13,806] INFO: lnth (6/2020): Updated existing record with 19 non-zero financial metrics
[2025-03-22 14:54:13,839] INFO: lnth (9/2020): Updated existing record with 19 non-zero financial metrics
[2025-03-22 14:54:13,870] INFO: lnth (12/2020): Updated existing record with 22 non-zero financial metrics
[2025-03-22 14:54:13,901] INFO: lnth (3/2021): Updated existing record with 22 non-zero financial metrics
[2025-03-22 14:54:13,932] INFO: lnth (6/2021): Updated existing record with 18 non-zero financial metrics
[2025-03-22 14:54:13,964] INFO: lnth (9/2021): Updated existing record with 18 non-zero financial metrics
[2025-03-22 14:54:13,995] INFO: lnth (12/2021): Updated existing record with 22 non-zero financial metrics
[2025-03-22 14:54:14,026] INFO: lnth (3/2022): Updated existing record with 21 non-zero financial metrics
[2025-03-22 14:54:14,059] INFO: lnth (6/2022): Updated existing record with 18 non-zero financial metrics
[2025-03-22 14:54:14,090] INFO: lnth (9/2022): Updated existing record with 18 non-zero financial metrics
[2025-03-22 14:54:14,120] INFO: lnth (12/2022): Updated existing record with 23 non-zero financial metrics
[2025-03-22 14:54:14,151] INFO: lnth (3/2023): Updated existing record with 21 non-zero financial metrics
[2025-03-22 14:54:14,182] INFO: lnth (6/2023): Updated existing record with 18 non-zero financial metrics
[2025-03-22 14:54:14,212] INFO: lnth (9/2023): Updated existing record with 18 non-zero financial metrics
[2025-03-22 14:54:14,229] WARNING: lnth (12/2023): Found zero values for fields: Share Repurchases
[2025-03-22 14:54:14,244] INFO: lnth (12/2023): Updated existing record with 21 non-zero financial metrics
[2025-03-22 14:54:14,276] INFO: lnth (3/2024): Updated existing record with 21 non-zero financial metrics
[2025-03-22 14:54:14,306] INFO: lnth (6/2024): Updated existing record with 17 non-zero financial metrics
[2025-03-22 14:54:14,337] INFO: lnth (9/2024): Updated existing record with 17 non-zero financial metrics
[2025-03-22 14:54:14,354] INFO: Trying adjusted date: 1/2025 (original: 12/2024)
[2025-03-22 14:54:14,369] WARNING: lnth (12/2024): No existing record found(12/2024, 2024-12-31) - creating new one
[2025-03-22 14:54:14,369] INFO: lnth (12/2024): Created new record with 22 non-zero financial metrics
