[2025-03-22 06:07:46,631] INFO: Trying adjusted date: 7/2011 (original: 6/2011)
[2025-03-22 06:07:46,644] WARNING: lpla (6/2011): No existing record found(6/2011, 2011-06-30) - creating new one
[2025-03-22 06:07:46,644] INFO: lpla (6/2011): Created new record with 10 non-zero financial metrics
[2025-03-22 06:07:46,660] INFO: Trying adjusted date: 10/2011 (original: 9/2011)
[2025-03-22 06:07:46,673] WARNING: lpla (9/2011): No existing record found(9/2011, 2011-09-30) - creating new one
[2025-03-22 06:07:46,673] INFO: lpla (9/2011): Created new record with 10 non-zero financial metrics
[2025-03-22 06:07:46,688] INFO: Trying adjusted date: 1/2012 (original: 12/2011)
[2025-03-22 06:07:46,701] WARNING: lpla (12/2011): No existing record found(12/2011, 2011-12-31) - creating new one
[2025-03-22 06:07:46,701] INFO: lpla (12/2011): Created new record with 15 non-zero financial metrics
[2025-03-22 06:07:46,715] INFO: Trying adjusted date: 4/2012 (original: 3/2012)
[2025-03-22 06:07:46,728] WARNING: lpla (3/2012): No existing record found(3/2012, 2012-03-31) - creating new one
[2025-03-22 06:07:46,728] INFO: lpla (3/2012): Created new record with 15 non-zero financial metrics
[2025-03-22 06:07:46,742] INFO: Trying adjusted date: 7/2012 (original: 6/2012)
[2025-03-22 06:07:46,755] WARNING: lpla (6/2012): No existing record found(6/2012, 2012-06-30) - creating new one
[2025-03-22 06:07:46,756] INFO: lpla (6/2012): Created new record with 10 non-zero financial metrics
[2025-03-22 06:07:46,783] INFO: lpla (9/2012): Updated existing record with 10 non-zero financial metrics
[2025-03-22 06:07:46,810] INFO: lpla (12/2012): Updated existing record with 15 non-zero financial metrics
[2025-03-22 06:07:46,837] INFO: lpla (3/2013): Updated existing record with 15 non-zero financial metrics
[2025-03-22 06:07:46,865] INFO: lpla (6/2013): Updated existing record with 10 non-zero financial metrics
[2025-03-22 06:07:46,892] INFO: lpla (9/2013): Updated existing record with 10 non-zero financial metrics
[2025-03-22 06:07:46,920] INFO: lpla (12/2013): Updated existing record with 14 non-zero financial metrics
[2025-03-22 06:07:46,948] INFO: lpla (3/2014): Updated existing record with 15 non-zero financial metrics
[2025-03-22 06:07:46,975] INFO: lpla (6/2014): Updated existing record with 10 non-zero financial metrics
[2025-03-22 06:07:47,002] INFO: lpla (9/2014): Updated existing record with 10 non-zero financial metrics
[2025-03-22 06:07:47,028] INFO: lpla (12/2014): Updated existing record with 14 non-zero financial metrics
[2025-03-22 06:07:47,058] INFO: lpla (3/2015): Updated existing record with 14 non-zero financial metrics
[2025-03-22 06:07:47,086] INFO: lpla (6/2015): Updated existing record with 9 non-zero financial metrics
[2025-03-22 06:07:47,113] INFO: lpla (9/2015): Updated existing record with 9 non-zero financial metrics
[2025-03-22 06:07:47,141] INFO: lpla (12/2015): Updated existing record with 15 non-zero financial metrics
[2025-03-22 06:07:47,170] INFO: lpla (3/2016): Updated existing record with 15 non-zero financial metrics
[2025-03-22 06:07:47,197] INFO: lpla (6/2016): Updated existing record with 10 non-zero financial metrics
[2025-03-22 06:07:47,226] INFO: lpla (9/2016): Updated existing record with 10 non-zero financial metrics
[2025-03-22 06:07:47,253] INFO: lpla (12/2016): Updated existing record with 15 non-zero financial metrics
[2025-03-22 06:07:47,280] INFO: lpla (3/2017): Updated existing record with 15 non-zero financial metrics
[2025-03-22 06:07:47,307] INFO: lpla (6/2017): Updated existing record with 10 non-zero financial metrics
[2025-03-22 06:07:47,334] INFO: lpla (9/2017): Updated existing record with 10 non-zero financial metrics
[2025-03-22 06:07:47,361] INFO: lpla (12/2017): Updated existing record with 15 non-zero financial metrics
[2025-03-22 06:07:47,388] INFO: lpla (3/2018): Updated existing record with 15 non-zero financial metrics
[2025-03-22 06:07:47,418] INFO: lpla (6/2018): Updated existing record with 10 non-zero financial metrics
[2025-03-22 06:07:47,445] INFO: lpla (9/2018): Updated existing record with 10 non-zero financial metrics
[2025-03-22 06:07:47,474] INFO: lpla (12/2018): Updated existing record with 15 non-zero financial metrics
[2025-03-22 06:07:47,504] INFO: lpla (3/2019): Updated existing record with 15 non-zero financial metrics
[2025-03-22 06:07:47,537] INFO: lpla (6/2019): Updated existing record with 9 non-zero financial metrics
[2025-03-22 06:07:47,565] INFO: lpla (9/2019): Updated existing record with 9 non-zero financial metrics
[2025-03-22 06:07:47,595] INFO: lpla (12/2019): Updated existing record with 14 non-zero financial metrics
[2025-03-22 06:07:47,621] INFO: lpla (3/2020): Updated existing record with 14 non-zero financial metrics
[2025-03-22 06:07:47,649] INFO: lpla (6/2020): Updated existing record with 9 non-zero financial metrics
[2025-03-22 06:07:47,676] INFO: lpla (9/2020): Updated existing record with 9 non-zero financial metrics
[2025-03-22 06:07:47,703] INFO: lpla (12/2020): Updated existing record with 14 non-zero financial metrics
[2025-03-22 06:07:47,718] WARNING: lpla (3/2021): Found zero values for fields: Share Repurchases
[2025-03-22 06:07:47,731] INFO: lpla (3/2021): Updated existing record with 13 non-zero financial metrics
[2025-03-22 06:07:47,758] INFO: lpla (6/2021): Updated existing record with 9 non-zero financial metrics
[2025-03-22 06:07:47,786] INFO: lpla (9/2021): Updated existing record with 9 non-zero financial metrics
[2025-03-22 06:07:47,815] INFO: lpla (12/2021): Updated existing record with 16 non-zero financial metrics
[2025-03-22 06:07:47,842] INFO: lpla (3/2022): Updated existing record with 16 non-zero financial metrics
[2025-03-22 06:07:47,869] INFO: lpla (6/2022): Updated existing record with 11 non-zero financial metrics
[2025-03-22 06:07:47,897] INFO: lpla (9/2022): Updated existing record with 11 non-zero financial metrics
[2025-03-22 06:07:47,924] INFO: lpla (12/2022): Updated existing record with 16 non-zero financial metrics
[2025-03-22 06:07:47,953] INFO: lpla (3/2023): Updated existing record with 16 non-zero financial metrics
[2025-03-22 06:07:47,981] INFO: lpla (6/2023): Updated existing record with 11 non-zero financial metrics
[2025-03-22 06:07:48,008] INFO: lpla (9/2023): Updated existing record with 11 non-zero financial metrics
[2025-03-22 06:07:48,039] INFO: lpla (12/2023): Updated existing record with 16 non-zero financial metrics
[2025-03-22 06:07:48,067] INFO: lpla (3/2024): Updated existing record with 16 non-zero financial metrics
[2025-03-22 06:07:48,094] INFO: lpla (6/2024): Updated existing record with 11 non-zero financial metrics
[2025-03-22 06:07:48,124] INFO: lpla (9/2024): Updated existing record with 11 non-zero financial metrics
[2025-03-22 06:07:48,152] INFO: lpla (12/2024): Updated existing record with 16 non-zero financial metrics
