[2025-03-22 15:07:31,311] INFO: Trying adjusted date: 7/2010 (original: 6/2010)
[2025-03-22 15:07:31,327] WARNING: lstr (6/2010): No existing record found(6/2010, 2010-06-26) - creating new one
[2025-03-22 15:07:31,328] INFO: lstr (6/2010): Created new record with 8 non-zero financial metrics
[2025-03-22 15:07:31,345] INFO: Trying adjusted date: 10/2010 (original: 9/2010)
[2025-03-22 15:07:31,360] WARNING: lstr (9/2010): No existing record found(9/2010, 2010-09-25) - creating new one
[2025-03-22 15:07:31,361] INFO: lstr (9/2010): Created new record with 8 non-zero financial metrics
[2025-03-22 15:07:31,378] INFO: Trying adjusted date: 1/2011 (original: 12/2010)
[2025-03-22 15:07:31,393] WARNING: lstr (12/2010): No existing record found(12/2010, 2010-12-25) - creating new one
[2025-03-22 15:07:31,393] INFO: lstr (12/2010): Created new record with 13 non-zero financial metrics
[2025-03-22 15:07:31,410] INFO: Trying adjusted date: 4/2011 (original: 3/2011)
[2025-03-22 15:07:31,425] WARNING: lstr (3/2011): No existing record found(3/2011, 2011-03-26) - creating new one
[2025-03-22 15:07:31,425] INFO: lstr (3/2011): Created new record with 12 non-zero financial metrics
[2025-03-22 15:07:31,442] INFO: Trying adjusted date: 7/2011 (original: 6/2011)
[2025-03-22 15:07:31,457] WARNING: lstr (6/2011): No existing record found(6/2011, 2011-06-25) - creating new one
[2025-03-22 15:07:31,457] INFO: lstr (6/2011): Created new record with 10 non-zero financial metrics
[2025-03-22 15:07:31,474] INFO: Trying adjusted date: 10/2011 (original: 9/2011)
[2025-03-22 15:07:31,489] WARNING: lstr (9/2011): No existing record found(9/2011, 2011-09-24) - creating new one
[2025-03-22 15:07:31,489] INFO: lstr (9/2011): Created new record with 10 non-zero financial metrics
[2025-03-22 15:07:31,506] INFO: Trying adjusted date: 1/2012 (original: 12/2011)
[2025-03-22 15:07:31,521] WARNING: lstr (12/2011): No existing record found(12/2011, 2011-12-31) - creating new one
[2025-03-22 15:07:31,522] INFO: lstr (12/2011): Created new record with 15 non-zero financial metrics
[2025-03-22 15:07:31,540] INFO: Trying adjusted date: 4/2012 (original: 3/2012)
[2025-03-22 15:07:31,555] WARNING: lstr (3/2012): No existing record found(3/2012, 2012-03-31) - creating new one
[2025-03-22 15:07:31,556] INFO: lstr (3/2012): Created new record with 13 non-zero financial metrics
[2025-03-22 15:07:31,573] INFO: Trying adjusted date: 7/2012 (original: 6/2012)
[2025-03-22 15:07:31,587] WARNING: lstr (6/2012): No existing record found(6/2012, 2012-06-30) - creating new one
[2025-03-22 15:07:31,588] INFO: lstr (6/2012): Created new record with 10 non-zero financial metrics
[2025-03-22 15:07:31,619] INFO: lstr (9/2012): Updated existing record with 10 non-zero financial metrics
[2025-03-22 15:07:31,649] INFO: lstr (12/2012): Updated existing record with 15 non-zero financial metrics
[2025-03-22 15:07:31,681] INFO: lstr (3/2013): Updated existing record with 13 non-zero financial metrics
[2025-03-22 15:07:31,716] INFO: lstr (6/2013): Updated existing record with 10 non-zero financial metrics
[2025-03-22 15:07:31,751] INFO: lstr (9/2013): Updated existing record with 10 non-zero financial metrics
[2025-03-22 15:07:31,781] INFO: lstr (12/2013): Updated existing record with 12 non-zero financial metrics
[2025-03-22 15:07:31,813] INFO: lstr (3/2014): Updated existing record with 11 non-zero financial metrics
[2025-03-22 15:07:31,844] INFO: lstr (6/2014): Updated existing record with 10 non-zero financial metrics
[2025-03-22 15:07:31,874] INFO: lstr (9/2014): Updated existing record with 10 non-zero financial metrics
[2025-03-22 15:07:31,904] INFO: lstr (12/2014): Updated existing record with 11 non-zero financial metrics
[2025-03-22 15:07:31,934] INFO: lstr (3/2015): Updated existing record with 11 non-zero financial metrics
[2025-03-22 15:07:31,964] INFO: lstr (6/2015): Updated existing record with 10 non-zero financial metrics
[2025-03-22 15:07:31,997] INFO: lstr (9/2015): Updated existing record with 10 non-zero financial metrics
[2025-03-22 15:07:32,013] WARNING: lstr (12/2015): Found zero values for fields: Long Term Debt
[2025-03-22 15:07:32,028] INFO: lstr (12/2015): Updated existing record with 11 non-zero financial metrics
[2025-03-22 15:07:32,058] INFO: lstr (3/2016): Updated existing record with 11 non-zero financial metrics
[2025-03-22 15:07:32,088] INFO: lstr (6/2016): Updated existing record with 10 non-zero financial metrics
[2025-03-22 15:07:32,118] INFO: lstr (9/2016): Updated existing record with 10 non-zero financial metrics
[2025-03-22 15:07:32,136] WARNING: lstr (12/2016): Found zero values for fields: Long Term Debt
[2025-03-22 15:07:32,150] INFO: lstr (12/2016): Updated existing record with 11 non-zero financial metrics
[2025-03-22 15:07:32,167] INFO: Trying adjusted date: 3/2017 (original: 4/2017)
[2025-03-22 15:07:32,181] INFO: Found existing row with adjusted date: 3/2017
[2025-03-22 15:07:32,195] INFO: lstr (3/2017): Updated existing record with 10 non-zero financial metrics
[2025-03-22 15:07:32,211] INFO: Trying adjusted date: 6/2017 (original: 7/2017)
[2025-03-22 15:07:32,226] INFO: Found existing row with adjusted date: 6/2017
[2025-03-22 15:07:32,241] INFO: lstr (6/2017): Updated existing record with 10 non-zero financial metrics
[2025-03-22 15:07:32,270] INFO: lstr (9/2017): Updated existing record with 10 non-zero financial metrics
[2025-03-22 15:07:32,287] WARNING: lstr (12/2017): Found zero values for fields: Share Repurchases, Long Term Debt
[2025-03-22 15:07:32,301] INFO: lstr (12/2017): Updated existing record with 10 non-zero financial metrics
[2025-03-22 15:07:32,332] INFO: lstr (3/2018): Updated existing record with 11 non-zero financial metrics
[2025-03-22 15:07:32,363] INFO: lstr (6/2018): Updated existing record with 10 non-zero financial metrics
[2025-03-22 15:07:32,394] INFO: lstr (9/2018): Updated existing record with 10 non-zero financial metrics
[2025-03-22 15:07:32,410] WARNING: lstr (12/2018): Found zero values for fields: Long Term Debt
[2025-03-22 15:07:32,425] INFO: lstr (12/2018): Updated existing record with 14 non-zero financial metrics
[2025-03-22 15:07:32,457] INFO: lstr (3/2019): Updated existing record with 14 non-zero financial metrics
[2025-03-22 15:07:32,488] INFO: lstr (6/2019): Updated existing record with 10 non-zero financial metrics
[2025-03-22 15:07:32,519] INFO: lstr (9/2019): Updated existing record with 10 non-zero financial metrics
[2025-03-22 15:07:32,535] WARNING: lstr (12/2019): Found zero values for fields: Long Term Debt
[2025-03-22 15:07:32,550] INFO: lstr (12/2019): Updated existing record with 14 non-zero financial metrics
[2025-03-22 15:07:32,580] INFO: lstr (3/2020): Updated existing record with 14 non-zero financial metrics
[2025-03-22 15:07:32,610] INFO: lstr (6/2020): Updated existing record with 10 non-zero financial metrics
[2025-03-22 15:07:32,628] WARNING: lstr (9/2020): Found zero values for fields: Long Term Debt
[2025-03-22 15:07:32,644] INFO: lstr (9/2020): Updated existing record with 10 non-zero financial metrics
[2025-03-22 15:07:32,661] WARNING: lstr (12/2020): Found zero values for fields: Long Term Debt
[2025-03-22 15:07:32,675] INFO: lstr (12/2020): Updated existing record with 14 non-zero financial metrics
[2025-03-22 15:07:32,692] WARNING: lstr (3/2021): Found zero values for fields: Long Term Debt
[2025-03-22 15:07:32,707] INFO: lstr (3/2021): Updated existing record with 13 non-zero financial metrics
[2025-03-22 15:07:32,724] WARNING: lstr (6/2021): Found zero values for fields: Long Term Debt
[2025-03-22 15:07:32,738] INFO: lstr (6/2021): Updated existing record with 10 non-zero financial metrics
[2025-03-22 15:07:32,755] WARNING: lstr (9/2021): Found zero values for fields: Long Term Debt
[2025-03-22 15:07:32,770] INFO: lstr (9/2021): Updated existing record with 10 non-zero financial metrics
[2025-03-22 15:07:32,786] WARNING: lstr (12/2021): Found zero values for fields: Long Term Debt
[2025-03-22 15:07:32,800] INFO: lstr (12/2021): Updated existing record with 14 non-zero financial metrics
[2025-03-22 15:07:32,830] INFO: lstr (3/2022): Updated existing record with 15 non-zero financial metrics
[2025-03-22 15:07:32,861] INFO: lstr (6/2022): Updated existing record with 10 non-zero financial metrics
[2025-03-22 15:07:32,893] INFO: lstr (9/2022): Updated existing record with 10 non-zero financial metrics
[2025-03-22 15:07:32,910] WARNING: lstr (12/2022): Found zero values for fields: Long Term Debt
[2025-03-22 15:07:32,926] INFO: lstr (12/2022): Updated existing record with 14 non-zero financial metrics
[2025-03-22 15:07:32,942] INFO: Trying adjusted date: 3/2023 (original: 4/2023)
[2025-03-22 15:07:32,956] INFO: Found existing row with adjusted date: 3/2023
[2025-03-22 15:07:32,956] WARNING: lstr (3/2023): Found zero values for fields: Long Term Debt
[2025-03-22 15:07:32,971] INFO: lstr (3/2023): Updated existing record with 14 non-zero financial metrics
[2025-03-22 15:07:32,987] INFO: Trying adjusted date: 6/2023 (original: 7/2023)
[2025-03-22 15:07:33,002] INFO: Found existing row with adjusted date: 6/2023
[2025-03-22 15:07:33,002] WARNING: lstr (6/2023): Found zero values for fields: Long Term Debt
[2025-03-22 15:07:33,016] INFO: lstr (6/2023): Updated existing record with 10 non-zero financial metrics
[2025-03-22 15:07:33,033] WARNING: lstr (9/2023): Found zero values for fields: Long Term Debt
[2025-03-22 15:07:33,047] INFO: lstr (9/2023): Updated existing record with 10 non-zero financial metrics
[2025-03-22 15:07:33,064] WARNING: lstr (12/2023): Found zero values for fields: Long Term Debt
[2025-03-22 15:07:33,079] INFO: lstr (12/2023): Updated existing record with 14 non-zero financial metrics
[2025-03-22 15:07:33,095] WARNING: lstr (3/2024): Found zero values for fields: Share Repurchases, Long Term Debt
[2025-03-22 15:07:33,109] INFO: lstr (3/2024): Updated existing record with 13 non-zero financial metrics
[2025-03-22 15:07:33,126] WARNING: lstr (6/2024): Found zero values for fields: Long Term Debt
[2025-03-22 15:07:33,140] INFO: lstr (6/2024): Updated existing record with 10 non-zero financial metrics
[2025-03-22 15:07:33,156] WARNING: lstr (9/2024): Found zero values for fields: Long Term Debt
[2025-03-22 15:07:33,170] INFO: lstr (9/2024): Updated existing record with 10 non-zero financial metrics
[2025-03-22 15:07:33,187] WARNING: lstr (12/2024): Found zero values for fields: Long Term Debt
[2025-03-22 15:07:33,202] INFO: lstr (12/2024): Updated existing record with 15 non-zero financial metrics
