[2025-03-22 10:41:07,600] INFO: Trying adjusted date: 7/2010 (original: 6/2010)
[2025-03-22 10:41:07,614] WARNING: lumn (6/2010): No existing record found(6/2010, 2010-06-30) - creating new one
[2025-03-22 10:41:07,614] INFO: lumn (6/2010): Created new record with 12 non-zero financial metrics
[2025-03-22 10:41:07,630] INFO: Trying adjusted date: 4/2011 (original: 3/2011)
[2025-03-22 10:41:07,644] WARNING: lumn (3/2011): No existing record found(3/2011, 2011-03-31) - creating new one
[2025-03-22 10:41:07,644] INFO: lumn (3/2011): Created new record with 17 non-zero financial metrics
[2025-03-22 10:41:07,660] INFO: Trying adjusted date: 7/2011 (original: 6/2011)
[2025-03-22 10:41:07,674] WARNING: lumn (6/2011): No existing record found(6/2011, 2011-06-30) - creating new one
[2025-03-22 10:41:07,675] INFO: lumn (6/2011): Created new record with 11 non-zero financial metrics
[2025-03-22 10:41:07,691] INFO: Trying adjusted date: 10/2011 (original: 9/2011)
[2025-03-22 10:41:07,705] WARNING: lumn (9/2011): No existing record found(9/2011, 2011-09-30) - creating new one
[2025-03-22 10:41:07,705] INFO: lumn (9/2011): Created new record with 12 non-zero financial metrics
[2025-03-22 10:41:07,721] INFO: Trying adjusted date: 1/2012 (original: 12/2011)
[2025-03-22 10:41:07,734] WARNING: lumn (12/2011): No existing record found(12/2011, 2011-12-31) - creating new one
[2025-03-22 10:41:07,735] INFO: lumn (12/2011): Created new record with 14 non-zero financial metrics
[2025-03-22 10:41:07,751] INFO: Trying adjusted date: 4/2012 (original: 3/2012)
[2025-03-22 10:41:07,765] WARNING: lumn (3/2012): No existing record found(3/2012, 2012-03-31) - creating new one
[2025-03-22 10:41:07,766] INFO: lumn (3/2012): Created new record with 14 non-zero financial metrics
[2025-03-22 10:41:07,783] INFO: Trying adjusted date: 7/2012 (original: 6/2012)
[2025-03-22 10:41:07,797] WARNING: lumn (6/2012): No existing record found(6/2012, 2012-06-30) - creating new one
[2025-03-22 10:41:07,797] INFO: lumn (6/2012): Created new record with 12 non-zero financial metrics
[2025-03-22 10:41:07,812] INFO: Trying adjusted date: 10/2012 (original: 9/2012)
[2025-03-22 10:41:07,826] WARNING: lumn (9/2012): No existing record found(9/2012, 2012-09-30) - creating new one
[2025-03-22 10:41:07,827] INFO: lumn (9/2012): Created new record with 12 non-zero financial metrics
[2025-03-22 10:41:07,845] INFO: Trying adjusted date: 1/2013 (original: 12/2012)
[2025-03-22 10:41:07,858] WARNING: lumn (12/2012): No existing record found(12/2012, 2012-12-31) - creating new one
[2025-03-22 10:41:07,859] INFO: lumn (12/2012): Created new record with 14 non-zero financial metrics
[2025-03-22 10:41:07,877] INFO: Trying adjusted date: 4/2013 (original: 3/2013)
[2025-03-22 10:41:07,891] WARNING: lumn (3/2013): No existing record found(3/2013, 2013-03-31) - creating new one
[2025-03-22 10:41:07,892] INFO: lumn (3/2013): Created new record with 14 non-zero financial metrics
[2025-03-22 10:41:07,909] INFO: Trying adjusted date: 7/2013 (original: 6/2013)
[2025-03-22 10:41:07,923] WARNING: lumn (6/2013): No existing record found(6/2013, 2013-06-30) - creating new one
[2025-03-22 10:41:07,923] INFO: lumn (6/2013): Created new record with 12 non-zero financial metrics
[2025-03-22 10:41:07,938] INFO: Trying adjusted date: 10/2013 (original: 9/2013)
[2025-03-22 10:41:07,953] WARNING: lumn (9/2013): No existing record found(9/2013, 2013-09-30) - creating new one
[2025-03-22 10:41:07,953] INFO: lumn (9/2013): Created new record with 12 non-zero financial metrics
[2025-03-22 10:41:07,968] INFO: Trying adjusted date: 1/2014 (original: 12/2013)
[2025-03-22 10:41:07,983] WARNING: lumn (12/2013): No existing record found(12/2013, 2013-12-31) - creating new one
[2025-03-22 10:41:07,984] INFO: lumn (12/2013): Created new record with 14 non-zero financial metrics
[2025-03-22 10:41:07,998] INFO: Trying adjusted date: 4/2014 (original: 3/2014)
[2025-03-22 10:41:08,012] WARNING: lumn (3/2014): No existing record found(3/2014, 2014-03-31) - creating new one
[2025-03-22 10:41:08,013] INFO: lumn (3/2014): Created new record with 14 non-zero financial metrics
[2025-03-22 10:41:08,029] INFO: Trying adjusted date: 7/2014 (original: 6/2014)
[2025-03-22 10:41:08,043] WARNING: lumn (6/2014): No existing record found(6/2014, 2014-06-30) - creating new one
[2025-03-22 10:41:08,044] INFO: lumn (6/2014): Created new record with 12 non-zero financial metrics
[2025-03-22 10:41:08,059] INFO: Trying adjusted date: 10/2014 (original: 9/2014)
[2025-03-22 10:41:08,073] WARNING: lumn (9/2014): No existing record found(9/2014, 2014-09-30) - creating new one
[2025-03-22 10:41:08,074] INFO: lumn (9/2014): Created new record with 12 non-zero financial metrics
[2025-03-22 10:41:08,090] INFO: Trying adjusted date: 1/2015 (original: 12/2014)
[2025-03-22 10:41:08,104] WARNING: lumn (12/2014): No existing record found(12/2014, 2014-12-31) - creating new one
[2025-03-22 10:41:08,104] INFO: lumn (12/2014): Created new record with 13 non-zero financial metrics
[2025-03-22 10:41:08,120] INFO: Trying adjusted date: 4/2015 (original: 3/2015)
[2025-03-22 10:41:08,134] WARNING: lumn (3/2015): No existing record found(3/2015, 2015-03-31) - creating new one
[2025-03-22 10:41:08,134] INFO: lumn (3/2015): Created new record with 13 non-zero financial metrics
[2025-03-22 10:41:08,152] INFO: Trying adjusted date: 7/2015 (original: 6/2015)
[2025-03-22 10:41:08,166] WARNING: lumn (6/2015): No existing record found(6/2015, 2015-06-30) - creating new one
[2025-03-22 10:41:08,167] INFO: lumn (6/2015): Created new record with 12 non-zero financial metrics
[2025-03-22 10:41:08,183] INFO: Trying adjusted date: 10/2015 (original: 9/2015)
[2025-03-22 10:41:08,197] WARNING: lumn (9/2015): No existing record found(9/2015, 2015-09-30) - creating new one
[2025-03-22 10:41:08,198] INFO: lumn (9/2015): Created new record with 12 non-zero financial metrics
[2025-03-22 10:41:08,213] INFO: Trying adjusted date: 1/2016 (original: 12/2015)
[2025-03-22 10:41:08,227] WARNING: lumn (12/2015): No existing record found(12/2015, 2015-12-31) - creating new one
[2025-03-22 10:41:08,228] INFO: lumn (12/2015): Created new record with 14 non-zero financial metrics
[2025-03-22 10:41:08,246] INFO: Trying adjusted date: 4/2016 (original: 3/2016)
[2025-03-22 10:41:08,261] WARNING: lumn (3/2016): No existing record found(3/2016, 2016-03-31) - creating new one
[2025-03-22 10:41:08,262] INFO: lumn (3/2016): Created new record with 13 non-zero financial metrics
[2025-03-22 10:41:08,277] INFO: Trying adjusted date: 7/2016 (original: 6/2016)
[2025-03-22 10:41:08,290] WARNING: lumn (6/2016): No existing record found(6/2016, 2016-06-30) - creating new one
[2025-03-22 10:41:08,291] INFO: lumn (6/2016): Created new record with 12 non-zero financial metrics
[2025-03-22 10:41:08,307] INFO: Trying adjusted date: 10/2016 (original: 9/2016)
[2025-03-22 10:41:08,321] WARNING: lumn (9/2016): No existing record found(9/2016, 2016-09-30) - creating new one
[2025-03-22 10:41:08,321] INFO: lumn (9/2016): Created new record with 12 non-zero financial metrics
[2025-03-22 10:41:08,338] INFO: Trying adjusted date: 1/2017 (original: 12/2016)
[2025-03-22 10:41:08,351] WARNING: lumn (12/2016): No existing record found(12/2016, 2016-12-31) - creating new one
[2025-03-22 10:41:08,352] INFO: lumn (12/2016): Created new record with 14 non-zero financial metrics
[2025-03-22 10:41:08,368] INFO: Trying adjusted date: 4/2017 (original: 3/2017)
[2025-03-22 10:41:08,382] WARNING: lumn (3/2017): No existing record found(3/2017, 2017-03-31) - creating new one
[2025-03-22 10:41:08,382] INFO: lumn (3/2017): Created new record with 13 non-zero financial metrics
[2025-03-22 10:41:08,399] INFO: Trying adjusted date: 7/2017 (original: 6/2017)
[2025-03-22 10:41:08,413] WARNING: lumn (6/2017): No existing record found(6/2017, 2017-06-30) - creating new one
[2025-03-22 10:41:08,413] INFO: lumn (6/2017): Created new record with 12 non-zero financial metrics
[2025-03-22 10:41:08,428] INFO: Trying adjusted date: 10/2017 (original: 9/2017)
[2025-03-22 10:41:08,442] WARNING: lumn (9/2017): No existing record found(9/2017, 2017-09-30) - creating new one
[2025-03-22 10:41:08,442] INFO: lumn (9/2017): Created new record with 12 non-zero financial metrics
[2025-03-22 10:41:08,458] INFO: Trying adjusted date: 1/2018 (original: 12/2017)
[2025-03-22 10:41:08,472] WARNING: lumn (12/2017): No existing record found(12/2017, 2017-12-31) - creating new one
[2025-03-22 10:41:08,472] INFO: lumn (12/2017): Created new record with 14 non-zero financial metrics
[2025-03-22 10:41:08,488] INFO: Trying adjusted date: 4/2018 (original: 3/2018)
[2025-03-22 10:41:08,504] WARNING: lumn (3/2018): No existing record found(3/2018, 2018-03-31) - creating new one
[2025-03-22 10:41:08,505] INFO: lumn (3/2018): Created new record with 16 non-zero financial metrics
[2025-03-22 10:41:08,520] INFO: Trying adjusted date: 7/2018 (original: 6/2018)
[2025-03-22 10:41:08,534] WARNING: lumn (6/2018): No existing record found(6/2018, 2018-06-30) - creating new one
[2025-03-22 10:41:08,535] INFO: lumn (6/2018): Created new record with 15 non-zero financial metrics
[2025-03-22 10:41:08,550] INFO: Trying adjusted date: 10/2018 (original: 9/2018)
[2025-03-22 10:41:08,564] WARNING: lumn (9/2018): No existing record found(9/2018, 2018-09-30) - creating new one
[2025-03-22 10:41:08,565] INFO: lumn (9/2018): Created new record with 15 non-zero financial metrics
[2025-03-22 10:41:08,582] INFO: Trying adjusted date: 1/2019 (original: 12/2018)
[2025-03-22 10:41:08,596] WARNING: lumn (12/2018): No existing record found(12/2018, 2018-12-31) - creating new one
[2025-03-22 10:41:08,597] INFO: lumn (12/2018): Created new record with 17 non-zero financial metrics
[2025-03-22 10:41:08,612] INFO: Trying adjusted date: 4/2019 (original: 3/2019)
[2025-03-22 10:41:08,626] WARNING: lumn (3/2019): No existing record found(3/2019, 2019-03-31) - creating new one
[2025-03-22 10:41:08,626] INFO: lumn (3/2019): Created new record with 17 non-zero financial metrics
[2025-03-22 10:41:08,642] INFO: Trying adjusted date: 7/2019 (original: 6/2019)
[2025-03-22 10:41:08,656] WARNING: lumn (6/2019): No existing record found(6/2019, 2019-06-30) - creating new one
[2025-03-22 10:41:08,657] INFO: lumn (6/2019): Created new record with 14 non-zero financial metrics
[2025-03-22 10:41:08,673] INFO: Trying adjusted date: 10/2019 (original: 9/2019)
[2025-03-22 10:41:08,687] WARNING: lumn (9/2019): No existing record found(9/2019, 2019-09-30) - creating new one
[2025-03-22 10:41:08,688] INFO: lumn (9/2019): Created new record with 14 non-zero financial metrics
[2025-03-22 10:41:08,704] INFO: Trying adjusted date: 1/2020 (original: 12/2019)
[2025-03-22 10:41:08,719] WARNING: lumn (12/2019): No existing record found(12/2019, 2019-12-31) - creating new one
[2025-03-22 10:41:08,720] INFO: lumn (12/2019): Created new record with 16 non-zero financial metrics
[2025-03-22 10:41:08,736] INFO: Trying adjusted date: 4/2020 (original: 3/2020)
[2025-03-22 10:41:08,750] WARNING: lumn (3/2020): No existing record found(3/2020, 2020-03-31) - creating new one
[2025-03-22 10:41:08,750] INFO: lumn (3/2020): Created new record with 17 non-zero financial metrics
[2025-03-22 10:41:08,765] INFO: Trying adjusted date: 7/2020 (original: 6/2020)
[2025-03-22 10:41:08,780] WARNING: lumn (6/2020): No existing record found(6/2020, 2020-06-30) - creating new one
[2025-03-22 10:41:08,780] INFO: lumn (6/2020): Created new record with 14 non-zero financial metrics
[2025-03-22 10:41:08,810] INFO: lumn (9/2020): Updated existing record with 14 non-zero financial metrics
[2025-03-22 10:41:08,839] INFO: lumn (12/2020): Updated existing record with 17 non-zero financial metrics
[2025-03-22 10:41:08,875] INFO: lumn (3/2021): Updated existing record with 17 non-zero financial metrics
[2025-03-22 10:41:08,907] INFO: lumn (6/2021): Updated existing record with 14 non-zero financial metrics
[2025-03-22 10:41:08,935] INFO: lumn (9/2021): Updated existing record with 13 non-zero financial metrics
[2025-03-22 10:41:08,966] INFO: lumn (12/2021): Updated existing record with 17 non-zero financial metrics
[2025-03-22 10:41:08,997] INFO: lumn (3/2022): Updated existing record with 16 non-zero financial metrics
[2025-03-22 10:41:09,025] INFO: lumn (6/2022): Updated existing record with 13 non-zero financial metrics
[2025-03-22 10:41:09,055] INFO: lumn (9/2022): Updated existing record with 13 non-zero financial metrics
[2025-03-22 10:41:09,085] INFO: lumn (12/2022): Updated existing record with 17 non-zero financial metrics
[2025-03-22 10:41:07,709] INFO: lumn (3/2023): Updated existing record with 16 non-zero financial metrics
[2025-03-22 10:41:07,741] INFO: lumn (6/2023): Updated existing record with 13 non-zero financial metrics
[2025-03-22 10:41:07,770] INFO: lumn (9/2023): Updated existing record with 13 non-zero financial metrics
[2025-03-22 10:41:07,785] WARNING: lumn (12/2023): Found zero values for fields: Share Repurchases
[2025-03-22 10:41:07,800] INFO: lumn (12/2023): Updated existing record with 15 non-zero financial metrics
[2025-03-22 10:41:07,830] INFO: lumn (3/2024): Updated existing record with 15 non-zero financial metrics
[2025-03-22 10:41:07,858] INFO: lumn (6/2024): Updated existing record with 11 non-zero financial metrics
[2025-03-22 10:41:07,887] INFO: lumn (9/2024): Updated existing record with 11 non-zero financial metrics
[2025-03-22 10:41:07,902] WARNING: lumn (12/2024): Found zero values for fields: Share Repurchases
[2025-03-22 10:41:07,915] INFO: lumn (12/2024): Updated existing record with 15 non-zero financial metrics
