[2025-03-22 05:16:27,762] INFO: Trying adjusted date: 4/2010 (original: 3/2010)
[2025-03-22 05:16:27,774] WARNING: luv (3/2010): No existing record found(3/2010, 2010-03-31) - creating new one
[2025-03-22 05:16:27,775] INFO: luv (3/2010): Created new record with 13 non-zero financial metrics
[2025-03-22 05:16:27,790] INFO: Trying adjusted date: 7/2010 (original: 6/2010)
[2025-03-22 05:16:27,803] WARNING: luv (6/2010): No existing record found(6/2010, 2010-06-30) - creating new one
[2025-03-22 05:16:27,803] INFO: luv (6/2010): Created new record with 13 non-zero financial metrics
[2025-03-22 05:16:27,817] INFO: Trying adjusted date: 1/2011 (original: 12/2010)
[2025-03-22 05:16:27,830] WARNING: luv (12/2010): Found zero values for fields: Share Repurchases
[2025-03-22 05:16:27,830] WARNING: luv (12/2010): No existing record found(12/2010, 2010-12-31) - creating new one
[2025-03-22 05:16:27,830] INFO: luv (12/2010): Created new record with 13 non-zero financial metrics
[2025-03-22 05:16:27,845] INFO: Trying adjusted date: 4/2011 (original: 3/2011)
[2025-03-22 05:16:27,858] WARNING: luv (3/2011): No existing record found(3/2011, 2011-03-31) - creating new one
[2025-03-22 05:16:27,859] INFO: luv (3/2011): Created new record with 13 non-zero financial metrics
[2025-03-22 05:16:27,875] INFO: Trying adjusted date: 7/2011 (original: 6/2011)
[2025-03-22 05:16:27,887] WARNING: luv (6/2011): Found zero values for fields: Share Repurchases
[2025-03-22 05:16:27,887] WARNING: luv (6/2011): No existing record found(6/2011, 2011-06-30) - creating new one
[2025-03-22 05:16:27,888] INFO: luv (6/2011): Created new record with 14 non-zero financial metrics
[2025-03-22 05:16:27,902] INFO: Trying adjusted date: 10/2011 (original: 9/2011)
[2025-03-22 05:16:27,915] WARNING: luv (9/2011): No existing record found(9/2011, 2011-09-30) - creating new one
[2025-03-22 05:16:27,915] INFO: luv (9/2011): Created new record with 15 non-zero financial metrics
[2025-03-22 05:16:27,930] INFO: Trying adjusted date: 1/2012 (original: 12/2011)
[2025-03-22 05:16:27,942] WARNING: luv (12/2011): No existing record found(12/2011, 2011-12-31) - creating new one
[2025-03-22 05:16:27,943] INFO: luv (12/2011): Created new record with 15 non-zero financial metrics
[2025-03-22 05:16:27,957] INFO: Trying adjusted date: 4/2012 (original: 3/2012)
[2025-03-22 05:16:27,969] WARNING: luv (3/2012): No existing record found(3/2012, 2012-03-31) - creating new one
[2025-03-22 05:16:27,969] INFO: luv (3/2012): Created new record with 15 non-zero financial metrics
[2025-03-22 05:16:27,984] INFO: Trying adjusted date: 7/2012 (original: 6/2012)
[2025-03-22 05:16:27,997] WARNING: luv (6/2012): No existing record found(6/2012, 2012-06-30) - creating new one
[2025-03-22 05:16:27,998] INFO: luv (6/2012): Created new record with 15 non-zero financial metrics
[2025-03-22 05:16:28,026] INFO: luv (9/2012): Updated existing record with 15 non-zero financial metrics
[2025-03-22 05:16:28,053] INFO: luv (12/2012): Updated existing record with 15 non-zero financial metrics
[2025-03-22 05:16:28,082] INFO: luv (3/2013): Updated existing record with 15 non-zero financial metrics
[2025-03-22 05:16:28,110] INFO: luv (6/2013): Updated existing record with 15 non-zero financial metrics
[2025-03-22 05:16:28,138] INFO: luv (9/2013): Updated existing record with 15 non-zero financial metrics
[2025-03-22 05:16:28,165] INFO: luv (12/2013): Updated existing record with 15 non-zero financial metrics
[2025-03-22 05:16:28,191] INFO: luv (3/2014): Updated existing record with 14 non-zero financial metrics
[2025-03-22 05:16:28,218] INFO: luv (6/2014): Updated existing record with 14 non-zero financial metrics
[2025-03-22 05:16:28,247] INFO: luv (9/2014): Updated existing record with 14 non-zero financial metrics
[2025-03-22 05:16:28,273] INFO: luv (12/2014): Updated existing record with 14 non-zero financial metrics
[2025-03-22 05:16:28,301] INFO: luv (3/2015): Updated existing record with 14 non-zero financial metrics
[2025-03-22 05:16:28,328] INFO: luv (6/2015): Updated existing record with 14 non-zero financial metrics
[2025-03-22 05:16:28,355] INFO: luv (9/2015): Updated existing record with 14 non-zero financial metrics
[2025-03-22 05:16:28,381] INFO: luv (12/2015): Updated existing record with 14 non-zero financial metrics
[2025-03-22 05:16:28,408] INFO: luv (3/2016): Updated existing record with 14 non-zero financial metrics
[2025-03-22 05:16:28,435] INFO: luv (6/2016): Updated existing record with 14 non-zero financial metrics
[2025-03-22 05:16:28,462] INFO: luv (9/2016): Updated existing record with 14 non-zero financial metrics
[2025-03-22 05:16:28,488] INFO: luv (12/2016): Updated existing record with 14 non-zero financial metrics
[2025-03-22 05:16:28,515] INFO: luv (3/2017): Updated existing record with 14 non-zero financial metrics
[2025-03-22 05:16:28,542] INFO: luv (6/2017): Updated existing record with 14 non-zero financial metrics
[2025-03-22 05:16:28,569] INFO: luv (9/2017): Updated existing record with 14 non-zero financial metrics
[2025-03-22 05:16:28,595] INFO: luv (12/2017): Updated existing record with 14 non-zero financial metrics
[2025-03-22 05:16:28,622] INFO: luv (3/2018): Updated existing record with 14 non-zero financial metrics
[2025-03-22 05:16:28,649] INFO: luv (6/2018): Updated existing record with 15 non-zero financial metrics
[2025-03-22 05:16:28,676] INFO: luv (9/2018): Updated existing record with 15 non-zero financial metrics
[2025-03-22 05:16:28,704] INFO: luv (12/2018): Updated existing record with 15 non-zero financial metrics
[2025-03-22 05:16:28,730] INFO: luv (3/2019): Updated existing record with 15 non-zero financial metrics
[2025-03-22 05:16:28,758] INFO: luv (6/2019): Updated existing record with 15 non-zero financial metrics
[2025-03-22 05:16:28,785] INFO: luv (9/2019): Updated existing record with 15 non-zero financial metrics
[2025-03-22 05:16:28,815] INFO: luv (12/2019): Updated existing record with 15 non-zero financial metrics
[2025-03-22 05:16:28,843] INFO: luv (3/2020): Updated existing record with 14 non-zero financial metrics
[2025-03-22 05:16:28,859] WARNING: luv (6/2020): Found zero values for fields: Share Repurchases
[2025-03-22 05:16:28,872] INFO: luv (6/2020): Updated existing record with 12 non-zero financial metrics
[2025-03-22 05:16:28,886] WARNING: luv (9/2020): Found zero values for fields: Share Repurchases
[2025-03-22 05:16:28,899] INFO: luv (9/2020): Updated existing record with 13 non-zero financial metrics
[2025-03-22 05:16:28,929] INFO: luv (12/2020): Updated existing record with 14 non-zero financial metrics
[2025-03-22 05:16:28,943] WARNING: luv (3/2021): Found zero values for fields: Share Repurchases
[2025-03-22 05:16:28,956] INFO: luv (3/2021): Updated existing record with 13 non-zero financial metrics
[2025-03-22 05:16:28,971] WARNING: luv (6/2021): Found zero values for fields: Share Repurchases
[2025-03-22 05:16:28,985] INFO: luv (6/2021): Updated existing record with 14 non-zero financial metrics
[2025-03-22 05:16:28,999] WARNING: luv (9/2021): Found zero values for fields: Share Repurchases
[2025-03-22 05:16:29,011] INFO: luv (9/2021): Updated existing record with 14 non-zero financial metrics
[2025-03-22 05:16:29,025] WARNING: luv (12/2021): Found zero values for fields: Share Repurchases
[2025-03-22 05:16:29,038] INFO: luv (12/2021): Updated existing record with 13 non-zero financial metrics
[2025-03-22 05:16:29,067] INFO: luv (3/2022): Updated existing record with 14 non-zero financial metrics
[2025-03-22 05:16:29,094] INFO: luv (6/2022): Updated existing record with 14 non-zero financial metrics
[2025-03-22 05:16:29,121] INFO: luv (9/2022): Updated existing record with 14 non-zero financial metrics
[2025-03-22 05:16:29,135] INFO: Trying adjusted date: 1/2023 (original: 12/2022)
[2025-03-22 05:16:29,148] WARNING: luv (12/2022): Found zero values for fields: Share Repurchases
[2025-03-22 05:16:29,148] WARNING: luv (12/2022): No existing record found(12/2022, 2022-12-31) - creating new one
[2025-03-22 05:16:29,148] INFO: luv (12/2022): Created new record with 14 non-zero financial metrics
[2025-03-22 05:16:29,177] INFO: luv (3/2023): Updated existing record with 14 non-zero financial metrics
[2025-03-22 05:16:29,203] INFO: luv (6/2023): Updated existing record with 14 non-zero financial metrics
[2025-03-22 05:16:29,229] INFO: luv (9/2023): Updated existing record with 14 non-zero financial metrics
[2025-03-22 05:16:29,255] INFO: luv (12/2023): Updated existing record with 14 non-zero financial metrics
[2025-03-22 05:16:29,282] INFO: luv (3/2024): Updated existing record with 14 non-zero financial metrics
[2025-03-22 05:16:29,308] INFO: luv (6/2024): Updated existing record with 14 non-zero financial metrics
[2025-03-22 05:16:29,336] INFO: luv (9/2024): Updated existing record with 14 non-zero financial metrics
[2025-03-22 05:16:29,364] INFO: luv (12/2024): Updated existing record with 15 non-zero financial metrics
