[2025-03-22 03:32:17,898] INFO: Trying adjusted date: 7/2010 (original: 6/2010)
[2025-03-22 03:32:17,911] WARNING: lvs (6/2010): No existing record found(6/2010, 2010-06-30) - creating new one
[2025-03-22 03:32:17,911] INFO: lvs (6/2010): Created new record with 12 non-zero financial metrics
[2025-03-22 03:32:17,926] INFO: Trying adjusted date: 10/2010 (original: 9/2010)
[2025-03-22 03:32:17,938] WARNING: lvs (9/2010): No existing record found(9/2010, 2010-09-30) - creating new one
[2025-03-22 03:32:17,939] INFO: lvs (9/2010): Created new record with 13 non-zero financial metrics
[2025-03-22 03:32:17,953] INFO: Trying adjusted date: 4/2011 (original: 3/2011)
[2025-03-22 03:32:17,965] WARNING: lvs (3/2011): No existing record found(3/2011, 2011-03-31) - creating new one
[2025-03-22 03:32:17,966] INFO: lvs (3/2011): Created new record with 17 non-zero financial metrics
[2025-03-22 03:32:17,979] INFO: Trying adjusted date: 7/2011 (original: 6/2011)
[2025-03-22 03:32:17,993] WARNING: lvs (6/2011): No existing record found(6/2011, 2011-06-30) - creating new one
[2025-03-22 03:32:17,993] INFO: lvs (6/2011): Created new record with 13 non-zero financial metrics
[2025-03-22 03:32:18,006] INFO: Trying adjusted date: 10/2011 (original: 9/2011)
[2025-03-22 03:32:18,019] WARNING: lvs (9/2011): No existing record found(9/2011, 2011-09-30) - creating new one
[2025-03-22 03:32:18,020] INFO: lvs (9/2011): Created new record with 11 non-zero financial metrics
[2025-03-22 03:32:18,033] INFO: Trying adjusted date: 1/2012 (original: 12/2011)
[2025-03-22 03:32:18,045] WARNING: lvs (12/2011): No existing record found(12/2011, 2011-12-31) - creating new one
[2025-03-22 03:32:18,045] INFO: lvs (12/2011): Created new record with 15 non-zero financial metrics
[2025-03-22 03:32:18,058] INFO: Trying adjusted date: 4/2012 (original: 3/2012)
[2025-03-22 03:32:18,070] WARNING: lvs (3/2012): No existing record found(3/2012, 2012-03-31) - creating new one
[2025-03-22 03:32:18,071] INFO: lvs (3/2012): Created new record with 15 non-zero financial metrics
[2025-03-22 03:32:18,085] INFO: Trying adjusted date: 7/2012 (original: 6/2012)
[2025-03-22 03:32:18,098] WARNING: lvs (6/2012): No existing record found(6/2012, 2012-06-30) - creating new one
[2025-03-22 03:32:18,098] INFO: lvs (6/2012): Created new record with 11 non-zero financial metrics
[2025-03-22 03:32:18,125] INFO: lvs (9/2012): Updated existing record with 12 non-zero financial metrics
[2025-03-22 03:32:18,151] INFO: lvs (12/2012): Updated existing record with 15 non-zero financial metrics
[2025-03-22 03:32:18,177] INFO: lvs (3/2013): Updated existing record with 15 non-zero financial metrics
[2025-03-22 03:32:18,204] INFO: lvs (6/2013): Updated existing record with 11 non-zero financial metrics
[2025-03-22 03:32:18,230] INFO: lvs (9/2013): Updated existing record with 11 non-zero financial metrics
[2025-03-22 03:32:18,256] INFO: lvs (12/2013): Updated existing record with 16 non-zero financial metrics
[2025-03-22 03:32:18,282] INFO: lvs (3/2014): Updated existing record with 16 non-zero financial metrics
[2025-03-22 03:32:18,309] INFO: lvs (6/2014): Updated existing record with 11 non-zero financial metrics
[2025-03-22 03:32:18,335] INFO: lvs (9/2014): Updated existing record with 11 non-zero financial metrics
[2025-03-22 03:32:18,361] INFO: lvs (12/2014): Updated existing record with 14 non-zero financial metrics
[2025-03-22 03:32:18,374] WARNING: lvs (3/2015): Found zero values for fields: Share Repurchases
[2025-03-22 03:32:18,387] INFO: lvs (3/2015): Updated existing record with 13 non-zero financial metrics
[2025-03-22 03:32:18,414] INFO: lvs (6/2015): Updated existing record with 12 non-zero financial metrics
[2025-03-22 03:32:18,440] INFO: lvs (9/2015): Updated existing record with 12 non-zero financial metrics
[2025-03-22 03:32:18,466] INFO: lvs (12/2015): Updated existing record with 14 non-zero financial metrics
[2025-03-22 03:32:18,493] INFO: lvs (3/2016): Updated existing record with 13 non-zero financial metrics
[2025-03-22 03:32:18,519] INFO: lvs (6/2016): Updated existing record with 12 non-zero financial metrics
[2025-03-22 03:32:18,546] INFO: lvs (9/2016): Updated existing record with 12 non-zero financial metrics
[2025-03-22 03:32:18,560] WARNING: lvs (12/2016): Found zero values for fields: Share Repurchases
[2025-03-22 03:32:18,572] INFO: lvs (12/2016): Updated existing record with 13 non-zero financial metrics
[2025-03-22 03:32:18,599] INFO: lvs (3/2017): Updated existing record with 14 non-zero financial metrics
[2025-03-22 03:32:18,626] INFO: lvs (6/2017): Updated existing record with 12 non-zero financial metrics
[2025-03-22 03:32:18,652] INFO: lvs (9/2017): Updated existing record with 12 non-zero financial metrics
[2025-03-22 03:32:18,679] INFO: lvs (12/2017): Updated existing record with 14 non-zero financial metrics
[2025-03-22 03:32:18,705] INFO: lvs (3/2018): Updated existing record with 14 non-zero financial metrics
[2025-03-22 03:32:18,734] INFO: lvs (6/2018): Updated existing record with 12 non-zero financial metrics
[2025-03-22 03:32:18,760] INFO: lvs (9/2018): Updated existing record with 12 non-zero financial metrics
[2025-03-22 03:32:18,788] INFO: lvs (12/2018): Updated existing record with 17 non-zero financial metrics
[2025-03-22 03:32:18,814] INFO: lvs (3/2019): Updated existing record with 17 non-zero financial metrics
[2025-03-22 03:32:18,841] INFO: lvs (6/2019): Updated existing record with 12 non-zero financial metrics
[2025-03-22 03:32:18,868] INFO: lvs (9/2019): Updated existing record with 12 non-zero financial metrics
[2025-03-22 03:32:18,894] INFO: lvs (12/2019): Updated existing record with 17 non-zero financial metrics
[2025-03-22 03:32:18,908] WARNING: lvs (3/2020): Found zero values for fields: Share Repurchases, EPS Diluted
[2025-03-22 03:32:18,921] INFO: lvs (3/2020): Updated existing record with 16 non-zero financial metrics
[2025-03-22 03:32:18,947] INFO: lvs (6/2020): Updated existing record with 13 non-zero financial metrics
[2025-03-22 03:32:18,974] INFO: lvs (9/2020): Updated existing record with 13 non-zero financial metrics
[2025-03-22 03:32:18,987] WARNING: lvs (12/2020): Found zero values for fields: Share Repurchases
[2025-03-22 03:32:19,000] INFO: lvs (12/2020): Updated existing record with 17 non-zero financial metrics
[2025-03-22 03:32:19,026] INFO: lvs (3/2021): Updated existing record with 14 non-zero financial metrics
[2025-03-22 03:32:19,054] INFO: lvs (6/2021): Updated existing record with 13 non-zero financial metrics
[2025-03-22 03:32:19,081] INFO: lvs (9/2021): Updated existing record with 13 non-zero financial metrics
[2025-03-22 03:32:19,094] WARNING: lvs (12/2021): Found zero values for fields: Share Repurchases
[2025-03-22 03:32:19,107] INFO: lvs (12/2021): Updated existing record with 14 non-zero financial metrics
[2025-03-22 03:32:19,134] INFO: lvs (3/2022): Updated existing record with 14 non-zero financial metrics
[2025-03-22 03:32:19,161] INFO: lvs (6/2022): Updated existing record with 13 non-zero financial metrics
[2025-03-22 03:32:19,187] INFO: lvs (9/2022): Updated existing record with 13 non-zero financial metrics
[2025-03-22 03:32:19,213] INFO: lvs (12/2022): Updated existing record with 14 non-zero financial metrics
[2025-03-22 03:32:19,239] INFO: lvs (3/2023): Updated existing record with 14 non-zero financial metrics
[2025-03-22 03:32:19,266] INFO: lvs (6/2023): Updated existing record with 14 non-zero financial metrics
[2025-03-22 03:32:19,292] INFO: lvs (9/2023): Updated existing record with 14 non-zero financial metrics
[2025-03-22 03:32:19,319] INFO: lvs (12/2023): Updated existing record with 17 non-zero financial metrics
[2025-03-22 03:32:19,345] INFO: lvs (3/2024): Updated existing record with 19 non-zero financial metrics
[2025-03-22 03:32:19,371] INFO: lvs (6/2024): Updated existing record with 14 non-zero financial metrics
[2025-03-22 03:32:19,397] INFO: lvs (9/2024): Updated existing record with 14 non-zero financial metrics
[2025-03-22 03:32:19,424] INFO: lvs (12/2024): Updated existing record with 17 non-zero financial metrics
