[2025-03-22 04:20:33,020] INFO: Trying adjusted date: 10/2011 (original: 9/2011)
[2025-03-22 04:20:33,032] WARNING: lyb (9/2011): No existing record found(9/2011, 2011-09-30) - creating new one
[2025-03-22 04:20:33,033] INFO: lyb (9/2011): Created new record with 7 non-zero financial metrics
[2025-03-22 04:20:33,047] INFO: Trying adjusted date: 1/2012 (original: 12/2011)
[2025-03-22 04:20:33,060] WARNING: lyb (12/2011): No existing record found(12/2011, 2011-12-31) - creating new one
[2025-03-22 04:20:33,061] INFO: lyb (12/2011): Created new record with 3 non-zero financial metrics
[2025-03-22 04:20:33,076] INFO: Trying adjusted date: 4/2012 (original: 3/2012)
[2025-03-22 04:20:33,089] WARNING: lyb (3/2012): No existing record found(3/2012, 2012-03-31) - creating new one
[2025-03-22 04:20:33,090] INFO: lyb (3/2012): Created new record with 19 non-zero financial metrics
[2025-03-22 04:20:33,104] INFO: Trying adjusted date: 7/2012 (original: 6/2012)
[2025-03-22 04:20:33,117] WARNING: lyb (6/2012): No existing record found(6/2012, 2012-06-30) - creating new one
[2025-03-22 04:20:33,117] INFO: lyb (6/2012): Created new record with 15 non-zero financial metrics
[2025-03-22 04:20:33,144] INFO: lyb (9/2012): Updated existing record with 14 non-zero financial metrics
[2025-03-22 04:20:33,172] INFO: lyb (12/2012): Updated existing record with 9 non-zero financial metrics
[2025-03-22 04:20:33,200] INFO: lyb (3/2013): Updated existing record with 19 non-zero financial metrics
[2025-03-22 04:20:33,227] INFO: lyb (6/2013): Updated existing record with 16 non-zero financial metrics
[2025-03-22 04:20:33,253] INFO: lyb (9/2013): Updated existing record with 15 non-zero financial metrics
[2025-03-22 04:20:33,281] INFO: lyb (12/2013): Updated existing record with 21 non-zero financial metrics
[2025-03-22 04:20:33,308] INFO: lyb (3/2014): Updated existing record with 19 non-zero financial metrics
[2025-03-22 04:20:33,335] INFO: lyb (6/2014): Updated existing record with 14 non-zero financial metrics
[2025-03-22 04:20:33,362] INFO: lyb (9/2014): Updated existing record with 14 non-zero financial metrics
[2025-03-22 04:20:33,389] INFO: lyb (12/2014): Updated existing record with 19 non-zero financial metrics
[2025-03-22 04:20:33,418] INFO: lyb (3/2015): Updated existing record with 19 non-zero financial metrics
[2025-03-22 04:20:33,444] INFO: lyb (6/2015): Updated existing record with 14 non-zero financial metrics
[2025-03-22 04:20:33,472] INFO: lyb (9/2015): Updated existing record with 14 non-zero financial metrics
[2025-03-22 04:20:33,500] INFO: lyb (12/2015): Updated existing record with 19 non-zero financial metrics
[2025-03-22 04:20:33,528] INFO: lyb (3/2016): Updated existing record with 19 non-zero financial metrics
[2025-03-22 04:20:33,555] INFO: lyb (6/2016): Updated existing record with 14 non-zero financial metrics
[2025-03-22 04:20:33,582] INFO: lyb (9/2016): Updated existing record with 14 non-zero financial metrics
[2025-03-22 04:20:33,609] INFO: lyb (12/2016): Updated existing record with 19 non-zero financial metrics
[2025-03-22 04:20:33,637] INFO: lyb (3/2017): Updated existing record with 19 non-zero financial metrics
[2025-03-22 04:20:33,665] INFO: lyb (6/2017): Updated existing record with 14 non-zero financial metrics
[2025-03-22 04:20:33,692] INFO: lyb (9/2017): Updated existing record with 14 non-zero financial metrics
[2025-03-22 04:20:33,719] INFO: lyb (12/2017): Updated existing record with 19 non-zero financial metrics
[2025-03-22 04:20:33,746] INFO: lyb (3/2018): Updated existing record with 19 non-zero financial metrics
[2025-03-22 04:20:33,773] INFO: lyb (6/2018): Updated existing record with 14 non-zero financial metrics
[2025-03-22 04:20:33,802] INFO: lyb (9/2018): Updated existing record with 15 non-zero financial metrics
[2025-03-22 04:20:33,828] INFO: lyb (12/2018): Updated existing record with 20 non-zero financial metrics
[2025-03-22 04:20:33,858] INFO: lyb (3/2019): Updated existing record with 20 non-zero financial metrics
[2025-03-22 04:20:33,884] INFO: lyb (6/2019): Updated existing record with 15 non-zero financial metrics
[2025-03-22 04:20:33,912] INFO: lyb (9/2019): Updated existing record with 15 non-zero financial metrics
[2025-03-22 04:20:33,942] INFO: lyb (12/2019): Updated existing record with 20 non-zero financial metrics
[2025-03-22 04:20:33,970] INFO: lyb (3/2020): Updated existing record with 20 non-zero financial metrics
[2025-03-22 04:20:33,997] INFO: lyb (6/2020): Updated existing record with 15 non-zero financial metrics
[2025-03-22 04:20:34,024] INFO: lyb (9/2020): Updated existing record with 15 non-zero financial metrics
[2025-03-22 04:20:34,052] INFO: lyb (12/2020): Updated existing record with 20 non-zero financial metrics
[2025-03-22 04:20:34,066] WARNING: lyb (3/2021): Found zero values for fields: Share Repurchases
[2025-03-22 04:20:34,079] INFO: lyb (3/2021): Updated existing record with 19 non-zero financial metrics
[2025-03-22 04:20:34,106] INFO: lyb (6/2021): Updated existing record with 16 non-zero financial metrics
[2025-03-22 04:20:34,134] INFO: lyb (9/2021): Updated existing record with 16 non-zero financial metrics
[2025-03-22 04:20:34,163] INFO: lyb (12/2021): Updated existing record with 20 non-zero financial metrics
[2025-03-22 04:20:34,194] INFO: lyb (3/2022): Updated existing record with 20 non-zero financial metrics
[2025-03-22 04:20:34,221] INFO: lyb (6/2022): Updated existing record with 16 non-zero financial metrics
[2025-03-22 04:20:34,250] INFO: lyb (9/2022): Updated existing record with 16 non-zero financial metrics
[2025-03-22 04:20:34,277] INFO: lyb (12/2022): Updated existing record with 20 non-zero financial metrics
[2025-03-22 04:20:34,307] INFO: lyb (3/2023): Updated existing record with 20 non-zero financial metrics
[2025-03-22 04:20:34,334] INFO: lyb (6/2023): Updated existing record with 16 non-zero financial metrics
[2025-03-22 04:20:34,362] INFO: lyb (9/2023): Updated existing record with 15 non-zero financial metrics
[2025-03-22 04:20:34,389] INFO: lyb (12/2023): Updated existing record with 19 non-zero financial metrics
[2025-03-22 04:20:34,403] WARNING: lyb (3/2024): Found zero values for fields: Share Repurchases
[2025-03-22 04:20:34,416] INFO: lyb (3/2024): Updated existing record with 18 non-zero financial metrics
[2025-03-22 04:20:34,444] INFO: lyb (6/2024): Updated existing record with 13 non-zero financial metrics
[2025-03-22 04:20:34,471] INFO: lyb (9/2024): Updated existing record with 13 non-zero financial metrics
[2025-03-22 04:20:34,499] INFO: lyb (12/2024): Updated existing record with 18 non-zero financial metrics
