[2025-03-22 05:38:55,929] INFO: Trying adjusted date: 4/2011 (original: 3/2011)
[2025-03-22 05:38:55,941] WARNING: lyv (3/2011): Found zero values for fields: Share Repurchases
[2025-03-22 05:38:55,942] WARNING: lyv (3/2011): No existing record found(3/2011, 2011-03-31) - creating new one
[2025-03-22 05:38:55,942] INFO: lyv (3/2011): Created new record with 14 non-zero financial metrics
[2025-03-22 05:38:55,958] INFO: Trying adjusted date: 7/2011 (original: 6/2011)
[2025-03-22 05:38:55,971] WARNING: lyv (6/2011): No existing record found(6/2011, 2011-06-30) - creating new one
[2025-03-22 05:38:55,971] INFO: lyv (6/2011): Created new record with 11 non-zero financial metrics
[2025-03-22 05:38:55,987] INFO: Trying adjusted date: 10/2011 (original: 9/2011)
[2025-03-22 05:38:56,001] WARNING: lyv (9/2011): No existing record found(9/2011, 2011-09-30) - creating new one
[2025-03-22 05:38:56,001] INFO: lyv (9/2011): Created new record with 11 non-zero financial metrics
[2025-03-22 05:38:56,015] INFO: Trying adjusted date: 1/2012 (original: 12/2011)
[2025-03-22 05:38:56,027] WARNING: lyv (12/2011): Found zero values for fields: Share Repurchases
[2025-03-22 05:38:56,028] WARNING: lyv (12/2011): No existing record found(12/2011, 2011-12-31) - creating new one
[2025-03-22 05:38:56,028] INFO: lyv (12/2011): Created new record with 16 non-zero financial metrics
[2025-03-22 05:38:56,042] INFO: Trying adjusted date: 4/2012 (original: 3/2012)
[2025-03-22 05:38:56,055] WARNING: lyv (3/2012): No existing record found(3/2012, 2012-03-31) - creating new one
[2025-03-22 05:38:56,055] INFO: lyv (3/2012): Created new record with 15 non-zero financial metrics
[2025-03-22 05:38:56,070] INFO: Trying adjusted date: 7/2012 (original: 6/2012)
[2025-03-22 05:38:56,082] WARNING: lyv (6/2012): No existing record found(6/2012, 2012-06-30) - creating new one
[2025-03-22 05:38:56,083] INFO: lyv (6/2012): Created new record with 11 non-zero financial metrics
[2025-03-22 05:38:56,110] INFO: lyv (9/2012): Updated existing record with 11 non-zero financial metrics
[2025-03-22 05:38:56,125] WARNING: lyv (12/2012): Found zero values for fields: Share Repurchases
[2025-03-22 05:38:56,138] INFO: lyv (12/2012): Updated existing record with 15 non-zero financial metrics
[2025-03-22 05:38:56,166] INFO: lyv (3/2013): Updated existing record with 14 non-zero financial metrics
[2025-03-22 05:38:56,193] INFO: lyv (6/2013): Updated existing record with 10 non-zero financial metrics
[2025-03-22 05:38:56,221] INFO: lyv (9/2013): Updated existing record with 10 non-zero financial metrics
[2025-03-22 05:38:56,247] INFO: lyv (12/2013): Updated existing record with 15 non-zero financial metrics
[2025-03-22 05:38:56,274] INFO: lyv (3/2014): Updated existing record with 14 non-zero financial metrics
[2025-03-22 05:38:56,302] INFO: lyv (6/2014): Updated existing record with 10 non-zero financial metrics
[2025-03-22 05:38:56,329] INFO: lyv (9/2014): Updated existing record with 11 non-zero financial metrics
[2025-03-22 05:38:56,357] INFO: lyv (12/2014): Updated existing record with 15 non-zero financial metrics
[2025-03-22 05:38:56,384] INFO: lyv (3/2015): Updated existing record with 14 non-zero financial metrics
[2025-03-22 05:38:56,411] INFO: lyv (6/2015): Updated existing record with 10 non-zero financial metrics
[2025-03-22 05:38:56,437] INFO: lyv (9/2015): Updated existing record with 11 non-zero financial metrics
[2025-03-22 05:38:56,465] INFO: lyv (12/2015): Updated existing record with 15 non-zero financial metrics
[2025-03-22 05:38:56,492] INFO: lyv (3/2016): Updated existing record with 14 non-zero financial metrics
[2025-03-22 05:38:56,519] INFO: lyv (6/2016): Updated existing record with 10 non-zero financial metrics
[2025-03-22 05:38:56,546] INFO: lyv (9/2016): Updated existing record with 11 non-zero financial metrics
[2025-03-22 05:38:56,574] INFO: lyv (12/2016): Updated existing record with 15 non-zero financial metrics
[2025-03-22 05:38:56,601] INFO: lyv (3/2017): Updated existing record with 14 non-zero financial metrics
[2025-03-22 05:38:56,629] INFO: lyv (6/2017): Updated existing record with 11 non-zero financial metrics
[2025-03-22 05:38:56,656] INFO: lyv (9/2017): Updated existing record with 11 non-zero financial metrics
[2025-03-22 05:38:56,683] INFO: lyv (12/2017): Updated existing record with 15 non-zero financial metrics
[2025-03-22 05:38:56,711] INFO: lyv (3/2018): Updated existing record with 14 non-zero financial metrics
[2025-03-22 05:38:56,738] INFO: lyv (6/2018): Updated existing record with 11 non-zero financial metrics
[2025-03-22 05:38:56,766] INFO: lyv (9/2018): Updated existing record with 11 non-zero financial metrics
[2025-03-22 05:38:56,794] INFO: lyv (12/2018): Updated existing record with 15 non-zero financial metrics
[2025-03-22 05:38:56,820] INFO: lyv (3/2019): Updated existing record with 14 non-zero financial metrics
[2025-03-22 05:38:56,849] INFO: lyv (6/2019): Updated existing record with 11 non-zero financial metrics
[2025-03-22 05:38:56,876] INFO: lyv (9/2019): Updated existing record with 11 non-zero financial metrics
[2025-03-22 05:38:56,903] INFO: lyv (12/2019): Updated existing record with 15 non-zero financial metrics
[2025-03-22 05:38:56,932] INFO: lyv (3/2020): Updated existing record with 14 non-zero financial metrics
[2025-03-22 05:38:56,959] INFO: lyv (6/2020): Updated existing record with 11 non-zero financial metrics
[2025-03-22 05:38:56,985] INFO: lyv (9/2020): Updated existing record with 11 non-zero financial metrics
[2025-03-22 05:38:57,014] INFO: lyv (12/2020): Updated existing record with 15 non-zero financial metrics
[2025-03-22 05:38:57,040] INFO: lyv (3/2021): Updated existing record with 14 non-zero financial metrics
[2025-03-22 05:38:57,069] INFO: lyv (6/2021): Updated existing record with 10 non-zero financial metrics
[2025-03-22 05:38:57,097] INFO: lyv (9/2021): Updated existing record with 11 non-zero financial metrics
[2025-03-22 05:38:57,125] INFO: lyv (12/2021): Updated existing record with 15 non-zero financial metrics
[2025-03-22 05:38:57,152] INFO: lyv (3/2022): Updated existing record with 15 non-zero financial metrics
[2025-03-22 05:38:57,180] INFO: lyv (6/2022): Updated existing record with 11 non-zero financial metrics
[2025-03-22 05:38:57,208] INFO: lyv (9/2022): Updated existing record with 11 non-zero financial metrics
[2025-03-22 05:38:57,234] INFO: lyv (12/2022): Updated existing record with 16 non-zero financial metrics
[2025-03-22 05:38:57,261] INFO: lyv (3/2023): Updated existing record with 15 non-zero financial metrics
[2025-03-22 05:38:57,288] INFO: lyv (6/2023): Updated existing record with 11 non-zero financial metrics
[2025-03-22 05:38:57,315] INFO: lyv (9/2023): Updated existing record with 11 non-zero financial metrics
[2025-03-22 05:38:57,341] INFO: lyv (12/2023): Updated existing record with 16 non-zero financial metrics
[2025-03-22 05:38:57,368] INFO: lyv (3/2024): Updated existing record with 15 non-zero financial metrics
[2025-03-22 05:38:57,395] INFO: lyv (6/2024): Updated existing record with 11 non-zero financial metrics
[2025-03-22 05:38:57,422] INFO: lyv (9/2024): Updated existing record with 11 non-zero financial metrics
[2025-03-22 05:38:57,436] INFO: Trying adjusted date: 1/2025 (original: 12/2024)
[2025-03-22 05:38:57,449] WARNING: lyv (12/2024): No existing record found(12/2024, 2024-12-31) - creating new one
[2025-03-22 05:38:57,449] INFO: lyv (12/2024): Created new record with 16 non-zero financial metrics
