[2025-03-21 21:14:34,234] INFO: Trying adjusted date: 4/2010 (original: 3/2010)
[2025-03-21 21:14:34,244] ERROR: Invalid numeric value for original_report_date: 2010-03-31
[2025-03-21 21:14:34,244] ERROR: ma (3/2010): Invalid data types: original_report_date=2010-03-31
[2025-03-21 21:14:34,244] ERROR: ma (3/2010): No existing record found(3/2010, 2010-03-31) - creating new one
[2025-03-21 21:14:34,245] INFO: ma (3/2010): Created new record with 17 non-zero financial metrics
[2025-03-21 21:14:34,257] INFO: Trying adjusted date: 7/2010 (original: 6/2010)
[2025-03-21 21:14:34,268] ERROR: Invalid numeric value for original_report_date: 2010-06-30
[2025-03-21 21:14:34,268] ERROR: ma (6/2010): Invalid data types: original_report_date=2010-06-30
[2025-03-21 21:14:34,268] ERROR: ma (6/2010): No existing record found(6/2010, 2010-06-30) - creating new one
[2025-03-21 21:14:34,268] INFO: ma (6/2010): Created new record with 13 non-zero financial metrics
[2025-03-21 21:14:34,280] INFO: Trying adjusted date: 10/2010 (original: 9/2010)
[2025-03-21 21:14:34,291] ERROR: Invalid numeric value for original_report_date: 2010-09-30
[2025-03-21 21:14:34,291] ERROR: ma (9/2010): Invalid data types: original_report_date=2010-09-30
[2025-03-21 21:14:34,291] ERROR: ma (9/2010): No existing record found(9/2010, 2010-09-30) - creating new one
[2025-03-21 21:14:34,291] INFO: ma (9/2010): Created new record with 14 non-zero financial metrics
[2025-03-21 21:14:34,303] INFO: Trying adjusted date: 1/2011 (original: 12/2010)
[2025-03-21 21:14:34,314] ERROR: Invalid numeric value for original_report_date: 2010-12-31
[2025-03-21 21:14:34,314] ERROR: ma (12/2010): Invalid data types: original_report_date=2010-12-31
[2025-03-21 21:14:34,314] ERROR: ma (12/2010): No existing record found(12/2010, 2010-12-31) - creating new one
[2025-03-21 21:14:34,314] INFO: ma (12/2010): Created new record with 17 non-zero financial metrics
[2025-03-21 21:14:34,326] INFO: Trying adjusted date: 4/2011 (original: 3/2011)
[2025-03-21 21:14:34,337] ERROR: Invalid numeric value for original_report_date: 2011-03-31
[2025-03-21 21:14:34,337] ERROR: ma (3/2011): Invalid data types: original_report_date=2011-03-31
[2025-03-21 21:14:34,337] ERROR: ma (3/2011): No existing record found(3/2011, 2011-03-31) - creating new one
[2025-03-21 21:14:34,338] INFO: ma (3/2011): Created new record with 19 non-zero financial metrics
[2025-03-21 21:14:34,352] INFO: Trying adjusted date: 7/2011 (original: 6/2011)
[2025-03-21 21:14:34,363] ERROR: Invalid numeric value for original_report_date: 2011-06-30
[2025-03-21 21:14:34,364] ERROR: ma (6/2011): Invalid data types: original_report_date=2011-06-30
[2025-03-21 21:14:34,364] ERROR: ma (6/2011): No existing record found(6/2011, 2011-06-30) - creating new one
[2025-03-21 21:14:34,364] INFO: ma (6/2011): Created new record with 13 non-zero financial metrics
[2025-03-21 21:14:34,376] INFO: Trying adjusted date: 10/2011 (original: 9/2011)
[2025-03-21 21:14:34,388] ERROR: Invalid numeric value for original_report_date: 2011-09-30
[2025-03-21 21:14:34,388] ERROR: ma (9/2011): Invalid data types: original_report_date=2011-09-30
[2025-03-21 21:14:34,388] ERROR: ma (9/2011): No existing record found(9/2011, 2011-09-30) - creating new one
[2025-03-21 21:14:34,389] INFO: ma (9/2011): Created new record with 13 non-zero financial metrics
[2025-03-21 21:14:34,401] INFO: Trying adjusted date: 1/2012 (original: 12/2011)
[2025-03-21 21:14:34,412] ERROR: Invalid numeric value for original_report_date: 2011-12-31
[2025-03-21 21:14:34,412] ERROR: ma (12/2011): Invalid data types: original_report_date=2011-12-31
[2025-03-21 21:14:34,412] ERROR: ma (12/2011): No existing record found(12/2011, 2011-12-31) - creating new one
[2025-03-21 21:14:34,413] INFO: ma (12/2011): Created new record with 18 non-zero financial metrics
[2025-03-21 21:14:34,425] INFO: Trying adjusted date: 4/2012 (original: 3/2012)
[2025-03-21 21:14:34,436] ERROR: Invalid numeric value for original_report_date: 2012-03-31
[2025-03-21 21:14:34,436] ERROR: ma (3/2012): Invalid data types: original_report_date=2012-03-31
[2025-03-21 21:14:34,436] ERROR: ma (3/2012): No existing record found(3/2012, 2012-03-31) - creating new one
[2025-03-21 21:14:34,436] INFO: ma (3/2012): Created new record with 18 non-zero financial metrics
[2025-03-21 21:14:34,448] INFO: Trying adjusted date: 7/2012 (original: 6/2012)
[2025-03-21 21:14:34,460] ERROR: Invalid numeric value for original_report_date: 2012-06-30
[2025-03-21 21:14:34,460] ERROR: ma (6/2012): Invalid data types: original_report_date=2012-06-30
[2025-03-21 21:14:34,460] ERROR: ma (6/2012): No existing record found(6/2012, 2012-06-30) - creating new one
[2025-03-21 21:14:34,461] INFO: ma (6/2012): Created new record with 13 non-zero financial metrics
[2025-03-21 21:14:34,473] ERROR: Invalid numeric value for original_report_date: 2012-09-30
[2025-03-21 21:14:34,473] ERROR: ma (9/2012): Invalid data types: original_report_date=2012-09-30
[2025-03-21 21:14:34,485] INFO: ma (9/2012): Updated existing record with 13 non-zero financial metrics
[2025-03-21 21:14:34,498] ERROR: Invalid numeric value for original_report_date: 2012-12-31
[2025-03-21 21:14:34,499] ERROR: ma (12/2012): Invalid data types: original_report_date=2012-12-31
[2025-03-21 21:14:34,511] INFO: ma (12/2012): Updated existing record with 18 non-zero financial metrics
[2025-03-21 21:14:34,527] ERROR: Invalid numeric value for original_report_date: 2013-03-31
[2025-03-21 21:14:34,527] ERROR: ma (3/2013): Invalid data types: original_report_date=2013-03-31
[2025-03-21 21:14:34,539] INFO: ma (3/2013): Updated existing record with 18 non-zero financial metrics
[2025-03-21 21:14:34,551] ERROR: Invalid numeric value for original_report_date: 2013-06-30
[2025-03-21 21:14:34,551] ERROR: ma (6/2013): Invalid data types: original_report_date=2013-06-30
[2025-03-21 21:14:34,563] INFO: ma (6/2013): Updated existing record with 13 non-zero financial metrics
[2025-03-21 21:14:34,574] ERROR: Invalid numeric value for original_report_date: 2013-09-30
[2025-03-21 21:14:34,574] ERROR: ma (9/2013): Invalid data types: original_report_date=2013-09-30
[2025-03-21 21:14:34,585] INFO: ma (9/2013): Updated existing record with 13 non-zero financial metrics
[2025-03-21 21:14:34,600] ERROR: Invalid numeric value for original_report_date: 2013-12-31
[2025-03-21 21:14:34,600] ERROR: ma (12/2013): Invalid data types: original_report_date=2013-12-31
[2025-03-21 21:14:34,611] INFO: ma (12/2013): Updated existing record with 18 non-zero financial metrics
[2025-03-21 21:14:34,623] ERROR: Invalid numeric value for original_report_date: 2014-03-31
[2025-03-21 21:14:34,623] ERROR: ma (3/2014): Invalid data types: original_report_date=2014-03-31
[2025-03-21 21:14:34,634] INFO: ma (3/2014): Updated existing record with 18 non-zero financial metrics
[2025-03-21 21:14:34,646] ERROR: Invalid numeric value for original_report_date: 2014-06-30
[2025-03-21 21:14:34,646] ERROR: ma (6/2014): Invalid data types: original_report_date=2014-06-30
[2025-03-21 21:14:34,657] INFO: ma (6/2014): Updated existing record with 13 non-zero financial metrics
[2025-03-21 21:14:34,669] ERROR: Invalid numeric value for original_report_date: 2014-09-30
[2025-03-21 21:14:34,669] ERROR: ma (9/2014): Invalid data types: original_report_date=2014-09-30
[2025-03-21 21:14:34,680] INFO: ma (9/2014): Updated existing record with 13 non-zero financial metrics
[2025-03-21 21:14:34,693] ERROR: Invalid numeric value for original_report_date: 2014-12-31
[2025-03-21 21:14:34,693] ERROR: ma (12/2014): Invalid data types: original_report_date=2014-12-31
[2025-03-21 21:14:34,705] INFO: ma (12/2014): Updated existing record with 18 non-zero financial metrics
[2025-03-21 21:14:34,718] ERROR: Invalid numeric value for original_report_date: 2015-03-31
[2025-03-21 21:14:34,718] ERROR: ma (3/2015): Invalid data types: original_report_date=2015-03-31
[2025-03-21 21:14:34,729] INFO: ma (3/2015): Updated existing record with 18 non-zero financial metrics
[2025-03-21 21:14:34,741] ERROR: Invalid numeric value for original_report_date: 2015-06-30
[2025-03-21 21:14:34,741] ERROR: ma (6/2015): Invalid data types: original_report_date=2015-06-30
[2025-03-21 21:14:34,753] INFO: ma (6/2015): Updated existing record with 13 non-zero financial metrics
[2025-03-21 21:14:34,765] ERROR: Invalid numeric value for original_report_date: 2015-09-30
[2025-03-21 21:14:34,765] ERROR: ma (9/2015): Invalid data types: original_report_date=2015-09-30
[2025-03-21 21:14:34,776] INFO: ma (9/2015): Updated existing record with 13 non-zero financial metrics
[2025-03-21 21:14:34,789] ERROR: Invalid numeric value for original_report_date: 2015-12-31
[2025-03-21 21:14:34,789] ERROR: ma (12/2015): Invalid data types: original_report_date=2015-12-31
[2025-03-21 21:14:34,801] INFO: ma (12/2015): Updated existing record with 18 non-zero financial metrics
[2025-03-21 21:14:34,815] ERROR: Invalid numeric value for original_report_date: 2016-03-31
[2025-03-21 21:14:34,815] ERROR: ma (3/2016): Invalid data types: original_report_date=2016-03-31
[2025-03-21 21:14:34,826] INFO: ma (3/2016): Updated existing record with 18 non-zero financial metrics
[2025-03-21 21:14:34,840] ERROR: Invalid numeric value for original_report_date: 2016-06-30
[2025-03-21 21:14:34,840] ERROR: ma (6/2016): Invalid data types: original_report_date=2016-06-30
[2025-03-21 21:14:34,851] INFO: ma (6/2016): Updated existing record with 13 non-zero financial metrics
[2025-03-21 21:14:34,865] ERROR: Invalid numeric value for original_report_date: 2016-09-30
[2025-03-21 21:14:34,865] ERROR: ma (9/2016): Invalid data types: original_report_date=2016-09-30
[2025-03-21 21:14:34,877] INFO: ma (9/2016): Updated existing record with 13 non-zero financial metrics
[2025-03-21 21:14:34,890] ERROR: Invalid numeric value for original_report_date: 2016-12-31
[2025-03-21 21:14:34,890] ERROR: ma (12/2016): Invalid data types: original_report_date=2016-12-31
[2025-03-21 21:14:34,901] INFO: ma (12/2016): Updated existing record with 18 non-zero financial metrics
[2025-03-21 21:14:34,913] ERROR: Invalid numeric value for original_report_date: 2017-03-31
[2025-03-21 21:14:34,913] ERROR: ma (3/2017): Invalid data types: original_report_date=2017-03-31
[2025-03-21 21:14:34,925] INFO: ma (3/2017): Updated existing record with 18 non-zero financial metrics
[2025-03-21 21:14:34,937] ERROR: Invalid numeric value for original_report_date: 2017-06-30
[2025-03-21 21:14:34,937] ERROR: ma (6/2017): Invalid data types: original_report_date=2017-06-30
[2025-03-21 21:14:34,950] INFO: ma (6/2017): Updated existing record with 13 non-zero financial metrics
[2025-03-21 21:14:34,965] ERROR: Invalid numeric value for original_report_date: 2017-09-30
[2025-03-21 21:14:34,965] ERROR: ma (9/2017): Invalid data types: original_report_date=2017-09-30
[2025-03-21 21:14:34,977] INFO: ma (9/2017): Updated existing record with 13 non-zero financial metrics
[2025-03-21 21:14:34,990] ERROR: Invalid numeric value for original_report_date: 2017-12-31
[2025-03-21 21:14:34,990] ERROR: ma (12/2017): Invalid data types: original_report_date=2017-12-31
[2025-03-21 21:14:35,001] INFO: ma (12/2017): Updated existing record with 18 non-zero financial metrics
[2025-03-21 21:14:35,013] ERROR: Invalid numeric value for original_report_date: 2018-03-31
[2025-03-21 21:14:35,013] ERROR: ma (3/2018): Invalid data types: original_report_date=2018-03-31
[2025-03-21 21:14:35,024] INFO: ma (3/2018): Updated existing record with 18 non-zero financial metrics
[2025-03-21 21:14:35,036] ERROR: Invalid numeric value for original_report_date: 2018-06-30
[2025-03-21 21:14:35,036] ERROR: ma (6/2018): Invalid data types: original_report_date=2018-06-30
[2025-03-21 21:14:35,047] INFO: ma (6/2018): Updated existing record with 13 non-zero financial metrics
[2025-03-21 21:14:35,061] ERROR: Invalid numeric value for original_report_date: 2018-09-30
[2025-03-21 21:14:35,061] ERROR: ma (9/2018): Invalid data types: original_report_date=2018-09-30
[2025-03-21 21:14:35,073] INFO: ma (9/2018): Updated existing record with 13 non-zero financial metrics
[2025-03-21 21:14:35,086] ERROR: Invalid numeric value for original_report_date: 2018-12-31
[2025-03-21 21:14:35,086] ERROR: ma (12/2018): Invalid data types: original_report_date=2018-12-31
[2025-03-21 21:14:35,098] INFO: ma (12/2018): Updated existing record with 18 non-zero financial metrics
[2025-03-21 21:14:35,110] ERROR: Invalid numeric value for original_report_date: 2019-03-31
[2025-03-21 21:14:35,110] ERROR: ma (3/2019): Invalid data types: original_report_date=2019-03-31
[2025-03-21 21:14:35,124] INFO: ma (3/2019): Updated existing record with 18 non-zero financial metrics
[2025-03-21 21:14:35,136] ERROR: Invalid numeric value for original_report_date: 2019-06-30
[2025-03-21 21:14:35,136] ERROR: ma (6/2019): Invalid data types: original_report_date=2019-06-30
[2025-03-21 21:14:35,147] INFO: ma (6/2019): Updated existing record with 13 non-zero financial metrics
[2025-03-21 21:14:35,160] ERROR: Invalid numeric value for original_report_date: 2019-09-30
[2025-03-21 21:14:35,160] ERROR: ma (9/2019): Invalid data types: original_report_date=2019-09-30
[2025-03-21 21:14:35,171] INFO: ma (9/2019): Updated existing record with 13 non-zero financial metrics
[2025-03-21 21:14:35,184] ERROR: Invalid numeric value for original_report_date: 2019-12-31
[2025-03-21 21:14:35,184] ERROR: ma (12/2019): Invalid data types: original_report_date=2019-12-31
[2025-03-21 21:14:35,195] INFO: ma (12/2019): Updated existing record with 18 non-zero financial metrics
[2025-03-21 21:14:35,207] ERROR: Invalid numeric value for original_report_date: 2020-03-31
[2025-03-21 21:14:35,207] ERROR: ma (3/2020): Invalid data types: original_report_date=2020-03-31
[2025-03-21 21:14:35,219] INFO: ma (3/2020): Updated existing record with 18 non-zero financial metrics
[2025-03-21 21:14:35,231] ERROR: Invalid numeric value for original_report_date: 2020-06-30
[2025-03-21 21:14:35,231] ERROR: ma (6/2020): Invalid data types: original_report_date=2020-06-30
[2025-03-21 21:14:35,242] INFO: ma (6/2020): Updated existing record with 13 non-zero financial metrics
[2025-03-21 21:14:35,254] ERROR: Invalid numeric value for original_report_date: 2020-09-30
[2025-03-21 21:14:35,254] ERROR: ma (9/2020): Invalid data types: original_report_date=2020-09-30
[2025-03-21 21:14:35,265] INFO: ma (9/2020): Updated existing record with 13 non-zero financial metrics
[2025-03-21 21:14:35,280] ERROR: Invalid numeric value for original_report_date: 2020-12-31
[2025-03-21 21:14:35,280] ERROR: ma (12/2020): Invalid data types: original_report_date=2020-12-31
[2025-03-21 21:14:35,291] INFO: ma (12/2020): Updated existing record with 18 non-zero financial metrics
[2025-03-21 21:14:35,303] ERROR: Invalid numeric value for original_report_date: 2021-03-31
[2025-03-21 21:14:35,303] ERROR: ma (3/2021): Invalid data types: original_report_date=2021-03-31
[2025-03-21 21:14:35,314] INFO: ma (3/2021): Updated existing record with 18 non-zero financial metrics
[2025-03-21 21:14:35,326] ERROR: Invalid numeric value for original_report_date: 2021-06-30
[2025-03-21 21:14:35,326] ERROR: ma (6/2021): Invalid data types: original_report_date=2021-06-30
[2025-03-21 21:14:35,338] INFO: ma (6/2021): Updated existing record with 13 non-zero financial metrics
[2025-03-21 21:14:35,353] ERROR: Invalid numeric value for original_report_date: 2021-09-30
[2025-03-21 21:14:35,353] ERROR: ma (9/2021): Invalid data types: original_report_date=2021-09-30
[2025-03-21 21:14:35,365] INFO: ma (9/2021): Updated existing record with 13 non-zero financial metrics
[2025-03-21 21:14:35,377] ERROR: Invalid numeric value for original_report_date: 2021-12-31
[2025-03-21 21:14:35,377] ERROR: ma (12/2021): Invalid data types: original_report_date=2021-12-31
[2025-03-21 21:14:35,388] INFO: ma (12/2021): Updated existing record with 18 non-zero financial metrics
[2025-03-21 21:14:35,402] ERROR: Invalid numeric value for original_report_date: 2022-03-31
[2025-03-21 21:14:35,402] ERROR: ma (3/2022): Invalid data types: original_report_date=2022-03-31
[2025-03-21 21:14:35,414] INFO: ma (3/2022): Updated existing record with 18 non-zero financial metrics
[2025-03-21 21:14:35,427] ERROR: Invalid numeric value for original_report_date: 2022-06-30
[2025-03-21 21:14:35,427] ERROR: ma (6/2022): Invalid data types: original_report_date=2022-06-30
[2025-03-21 21:14:35,439] INFO: ma (6/2022): Updated existing record with 13 non-zero financial metrics
[2025-03-21 21:14:35,451] ERROR: Invalid numeric value for original_report_date: 2022-09-30
[2025-03-21 21:14:35,451] ERROR: ma (9/2022): Invalid data types: original_report_date=2022-09-30
[2025-03-21 21:14:35,463] INFO: ma (9/2022): Updated existing record with 13 non-zero financial metrics
[2025-03-21 21:14:35,475] ERROR: Invalid numeric value for original_report_date: 2022-12-31
[2025-03-21 21:14:35,475] ERROR: ma (12/2022): Invalid data types: original_report_date=2022-12-31
[2025-03-21 21:14:35,486] INFO: ma (12/2022): Updated existing record with 18 non-zero financial metrics
[2025-03-21 21:14:35,499] ERROR: Invalid numeric value for original_report_date: 2023-03-31
[2025-03-21 21:14:35,499] ERROR: ma (3/2023): Invalid data types: original_report_date=2023-03-31
[2025-03-21 21:14:35,510] INFO: ma (3/2023): Updated existing record with 18 non-zero financial metrics
[2025-03-21 21:14:35,523] ERROR: Invalid numeric value for original_report_date: 2023-06-30
[2025-03-21 21:14:35,523] ERROR: ma (6/2023): Invalid data types: original_report_date=2023-06-30
[2025-03-21 21:14:35,534] INFO: ma (6/2023): Updated existing record with 13 non-zero financial metrics
[2025-03-21 21:14:35,548] ERROR: Invalid numeric value for original_report_date: 2023-09-30
[2025-03-21 21:14:35,549] ERROR: ma (9/2023): Invalid data types: original_report_date=2023-09-30
[2025-03-21 21:14:35,560] INFO: ma (9/2023): Updated existing record with 13 non-zero financial metrics
[2025-03-21 21:14:35,573] ERROR: Invalid numeric value for original_report_date: 2023-12-31
[2025-03-21 21:14:35,574] ERROR: ma (12/2023): Invalid data types: original_report_date=2023-12-31
[2025-03-21 21:14:35,586] INFO: ma (12/2023): Updated existing record with 18 non-zero financial metrics
[2025-03-21 21:14:35,599] ERROR: Invalid numeric value for original_report_date: 2024-03-31
[2025-03-21 21:14:35,599] ERROR: ma (3/2024): Invalid data types: original_report_date=2024-03-31
[2025-03-21 21:14:35,611] INFO: ma (3/2024): Updated existing record with 18 non-zero financial metrics
[2025-03-21 21:14:35,623] ERROR: Invalid numeric value for original_report_date: 2024-06-30
[2025-03-21 21:14:35,623] ERROR: ma (6/2024): Invalid data types: original_report_date=2024-06-30
[2025-03-21 21:14:35,634] INFO: ma (6/2024): Updated existing record with 13 non-zero financial metrics
[2025-03-21 21:14:35,646] ERROR: Invalid numeric value for original_report_date: 2024-09-30
[2025-03-21 21:14:35,647] ERROR: ma (9/2024): Invalid data types: original_report_date=2024-09-30
[2025-03-21 21:14:35,658] INFO: ma (9/2024): Updated existing record with 13 non-zero financial metrics
[2025-03-21 21:14:35,672] ERROR: Invalid numeric value for original_report_date: 2024-12-31
[2025-03-21 21:14:35,673] ERROR: ma (12/2024): Invalid data types: original_report_date=2024-12-31
[2025-03-21 21:14:35,685] INFO: ma (12/2024): Updated existing record with 17 non-zero financial metrics
