[2025-03-22 11:10:03,882] INFO: Trying adjusted date: 6/2010 (original: 7/2010)
[2025-03-22 11:10:03,895] WARNING: masi (7/2010): No existing record found(7/2010, 2010-07-03) - creating new one
[2025-03-22 11:10:03,895] INFO: masi (7/2010): Created new record with 14 non-zero financial metrics
[2025-03-22 11:10:03,914] INFO: Trying adjusted date: 9/2010 (original: 10/2010)
[2025-03-22 11:10:03,929] WARNING: masi (10/2010): No existing record found(10/2010, 2010-10-02) - creating new one
[2025-03-22 11:10:03,930] INFO: masi (10/2010): Created new record with 14 non-zero financial metrics
[2025-03-22 11:10:03,945] INFO: Trying adjusted date: 12/2010 (original: 1/2011)
[2025-03-22 11:10:03,959] WARNING: masi (1/2011): No existing record found(1/2011, 2011-01-01) - creating new one
[2025-03-22 11:10:03,959] INFO: masi (1/2011): Created new record with 19 non-zero financial metrics
[2025-03-22 11:10:03,975] INFO: Trying adjusted date: 3/2011 (original: 4/2011)
[2025-03-22 11:10:03,988] WARNING: masi (4/2011): No existing record found(4/2011, 2011-04-02) - creating new one
[2025-03-22 11:10:03,989] INFO: masi (4/2011): Created new record with 18 non-zero financial metrics
[2025-03-22 11:10:04,004] INFO: Trying adjusted date: 6/2011 (original: 7/2011)
[2025-03-22 11:10:04,018] WARNING: masi (7/2011): No existing record found(7/2011, 2011-07-02) - creating new one
[2025-03-22 11:10:04,019] INFO: masi (7/2011): Created new record with 14 non-zero financial metrics
[2025-03-22 11:10:04,035] INFO: Trying adjusted date: 9/2011 (original: 10/2011)
[2025-03-22 11:10:04,048] WARNING: masi (10/2011): No existing record found(10/2011, 2011-10-01) - creating new one
[2025-03-22 11:10:04,049] INFO: masi (10/2011): Created new record with 14 non-zero financial metrics
[2025-03-22 11:10:04,065] INFO: Trying adjusted date: 1/2012 (original: 12/2011)
[2025-03-22 11:10:04,079] WARNING: masi (12/2011): No existing record found(12/2011, 2011-12-31) - creating new one
[2025-03-22 11:10:04,079] INFO: masi (12/2011): Created new record with 21 non-zero financial metrics
[2025-03-22 11:10:04,094] INFO: Trying adjusted date: 4/2012 (original: 3/2012)
[2025-03-22 11:10:04,109] WARNING: masi (3/2012): No existing record found(3/2012, 2012-03-31) - creating new one
[2025-03-22 11:10:04,109] INFO: masi (3/2012): Created new record with 20 non-zero financial metrics
[2025-03-22 11:10:04,125] INFO: Trying adjusted date: 7/2012 (original: 6/2012)
[2025-03-22 11:10:04,138] WARNING: masi (6/2012): No existing record found(6/2012, 2012-06-30) - creating new one
[2025-03-22 11:10:04,138] INFO: masi (6/2012): Created new record with 15 non-zero financial metrics
[2025-03-22 11:10:04,168] INFO: masi (9/2012): Updated existing record with 15 non-zero financial metrics
[2025-03-22 11:10:04,197] INFO: masi (12/2012): Updated existing record with 21 non-zero financial metrics
[2025-03-22 11:10:04,227] INFO: masi (3/2013): Updated existing record with 20 non-zero financial metrics
[2025-03-22 11:10:04,257] INFO: masi (6/2013): Updated existing record with 15 non-zero financial metrics
[2025-03-22 11:10:04,286] INFO: masi (9/2013): Updated existing record with 15 non-zero financial metrics
[2025-03-22 11:10:04,315] INFO: masi (12/2013): Updated existing record with 20 non-zero financial metrics
[2025-03-22 11:10:04,330] WARNING: masi (3/2014): Found zero values for fields: Share Repurchases
[2025-03-22 11:10:04,345] INFO: masi (3/2014): Updated existing record with 19 non-zero financial metrics
[2025-03-22 11:10:04,374] INFO: masi (6/2014): Updated existing record with 15 non-zero financial metrics
[2025-03-22 11:10:04,404] INFO: masi (9/2014): Updated existing record with 15 non-zero financial metrics
[2025-03-22 11:10:04,420] INFO: Trying adjusted date: 12/2014 (original: 1/2015)
[2025-03-22 11:10:04,434] INFO: Found existing row with adjusted date: 12/2014
[2025-03-22 11:10:04,448] INFO: masi (12/2014): Updated existing record with 21 non-zero financial metrics
[2025-03-22 11:10:04,464] INFO: Trying adjusted date: 3/2015 (original: 4/2015)
[2025-03-22 11:10:04,478] INFO: Found existing row with adjusted date: 3/2015
[2025-03-22 11:10:04,491] INFO: masi (3/2015): Updated existing record with 20 non-zero financial metrics
[2025-03-22 11:10:04,507] INFO: Trying adjusted date: 6/2015 (original: 7/2015)
[2025-03-22 11:10:04,521] INFO: Found existing row with adjusted date: 6/2015
[2025-03-22 11:10:04,534] INFO: masi (6/2015): Updated existing record with 15 non-zero financial metrics
[2025-03-22 11:10:04,550] INFO: Trying adjusted date: 9/2015 (original: 10/2015)
[2025-03-22 11:10:04,563] INFO: Found existing row with adjusted date: 9/2015
[2025-03-22 11:10:04,577] INFO: masi (9/2015): Updated existing record with 15 non-zero financial metrics
[2025-03-22 11:10:04,592] INFO: Trying adjusted date: 12/2015 (original: 1/2016)
[2025-03-22 11:10:04,606] INFO: Found existing row with adjusted date: 12/2015
[2025-03-22 11:10:04,619] INFO: masi (12/2015): Updated existing record with 21 non-zero financial metrics
[2025-03-22 11:10:04,634] INFO: Trying adjusted date: 3/2016 (original: 4/2016)
[2025-03-22 11:10:04,647] INFO: Found existing row with adjusted date: 3/2016
[2025-03-22 11:10:04,661] INFO: masi (3/2016): Updated existing record with 20 non-zero financial metrics
[2025-03-22 11:10:04,676] INFO: Trying adjusted date: 6/2016 (original: 7/2016)
[2025-03-22 11:10:04,689] INFO: Found existing row with adjusted date: 6/2016
[2025-03-22 11:10:04,703] INFO: masi (6/2016): Updated existing record with 15 non-zero financial metrics
[2025-03-22 11:10:04,718] INFO: Trying adjusted date: 9/2016 (original: 10/2016)
[2025-03-22 11:10:04,731] INFO: Found existing row with adjusted date: 9/2016
[2025-03-22 11:10:04,745] INFO: masi (9/2016): Updated existing record with 15 non-zero financial metrics
[2025-03-22 11:10:04,774] INFO: masi (12/2016): Updated existing record with 21 non-zero financial metrics
[2025-03-22 11:10:04,790] INFO: Trying adjusted date: 3/2017 (original: 4/2017)
[2025-03-22 11:10:04,803] INFO: Found existing row with adjusted date: 3/2017
[2025-03-22 11:10:04,803] WARNING: masi (3/2017): Found zero values for fields: Share Repurchases
[2025-03-22 11:10:04,817] INFO: masi (3/2017): Updated existing record with 19 non-zero financial metrics
[2025-03-22 11:10:04,831] INFO: Trying adjusted date: 6/2017 (original: 7/2017)
[2025-03-22 11:10:04,844] INFO: Found existing row with adjusted date: 6/2017
[2025-03-22 11:10:04,858] INFO: masi (6/2017): Updated existing record with 15 non-zero financial metrics
[2025-03-22 11:10:04,887] INFO: masi (9/2017): Updated existing record with 15 non-zero financial metrics
[2025-03-22 11:10:04,916] INFO: masi (12/2017): Updated existing record with 20 non-zero financial metrics
[2025-03-22 11:10:04,945] INFO: masi (3/2018): Updated existing record with 21 non-zero financial metrics
[2025-03-22 11:10:04,974] INFO: masi (6/2018): Updated existing record with 16 non-zero financial metrics
[2025-03-22 11:10:05,002] INFO: masi (9/2018): Updated existing record with 16 non-zero financial metrics
[2025-03-22 11:10:05,032] INFO: masi (12/2018): Updated existing record with 22 non-zero financial metrics
[2025-03-22 11:10:05,051] WARNING: masi (3/2019): Found zero values for fields: Share Repurchases
[2025-03-22 11:10:05,065] INFO: masi (3/2019): Updated existing record with 21 non-zero financial metrics
[2025-03-22 11:10:05,094] INFO: masi (6/2019): Updated existing record with 17 non-zero financial metrics
[2025-03-22 11:10:05,123] INFO: masi (9/2019): Updated existing record with 17 non-zero financial metrics
[2025-03-22 11:10:05,152] INFO: masi (12/2019): Updated existing record with 22 non-zero financial metrics
[2025-03-22 11:10:05,182] INFO: masi (3/2020): Updated existing record with 22 non-zero financial metrics
[2025-03-22 11:10:05,211] INFO: masi (6/2020): Updated existing record with 17 non-zero financial metrics
[2025-03-22 11:10:05,241] INFO: masi (9/2020): Updated existing record with 17 non-zero financial metrics
[2025-03-22 11:10:05,256] INFO: Trying adjusted date: 12/2020 (original: 1/2021)
[2025-03-22 11:10:05,270] INFO: Found existing row with adjusted date: 12/2020
[2025-03-22 11:10:05,283] INFO: masi (12/2020): Updated existing record with 22 non-zero financial metrics
[2025-03-22 11:10:05,299] INFO: Trying adjusted date: 3/2021 (original: 4/2021)
[2025-03-22 11:10:05,312] INFO: Found existing row with adjusted date: 3/2021
[2025-03-22 11:10:05,326] INFO: masi (3/2021): Updated existing record with 22 non-zero financial metrics
[2025-03-22 11:10:05,342] INFO: Trying adjusted date: 6/2021 (original: 7/2021)
[2025-03-22 11:10:05,355] INFO: Found existing row with adjusted date: 6/2021
[2025-03-22 11:10:05,369] INFO: masi (6/2021): Updated existing record with 17 non-zero financial metrics
[2025-03-22 11:10:05,384] INFO: Trying adjusted date: 9/2021 (original: 10/2021)
[2025-03-22 11:10:05,397] INFO: Found existing row with adjusted date: 9/2021
[2025-03-22 11:10:05,411] INFO: masi (9/2021): Updated existing record with 17 non-zero financial metrics
[2025-03-22 11:10:05,426] INFO: Trying adjusted date: 12/2021 (original: 1/2022)
[2025-03-22 11:10:05,439] INFO: Found existing row with adjusted date: 12/2021
[2025-03-22 11:10:05,453] INFO: masi (12/2021): Updated existing record with 22 non-zero financial metrics
[2025-03-22 11:10:05,468] INFO: Trying adjusted date: 3/2022 (original: 4/2022)
[2025-03-22 11:10:05,481] INFO: Found existing row with adjusted date: 3/2022
[2025-03-22 11:10:05,482] WARNING: masi (3/2022): Found zero values for fields: Share Repurchases
[2025-03-22 11:10:05,495] INFO: masi (3/2022): Updated existing record with 21 non-zero financial metrics
[2025-03-22 11:10:05,510] INFO: Trying adjusted date: 6/2022 (original: 7/2022)
[2025-03-22 11:10:05,523] INFO: Found existing row with adjusted date: 6/2022
[2025-03-22 11:10:05,537] INFO: masi (6/2022): Updated existing record with 18 non-zero financial metrics
[2025-03-22 11:10:05,552] INFO: Trying adjusted date: 9/2022 (original: 10/2022)
[2025-03-22 11:10:05,565] INFO: Found existing row with adjusted date: 9/2022
[2025-03-22 11:10:05,579] INFO: masi (9/2022): Updated existing record with 18 non-zero financial metrics
[2025-03-22 11:10:05,607] INFO: masi (12/2022): Updated existing record with 23 non-zero financial metrics
[2025-03-22 11:10:05,622] INFO: Trying adjusted date: 3/2023 (original: 4/2023)
[2025-03-22 11:10:05,636] INFO: Found existing row with adjusted date: 3/2023
[2025-03-22 11:10:05,650] INFO: masi (3/2023): Updated existing record with 22 non-zero financial metrics
[2025-03-22 11:10:05,666] INFO: Trying adjusted date: 6/2023 (original: 7/2023)
[2025-03-22 11:10:05,679] INFO: Found existing row with adjusted date: 6/2023
[2025-03-22 11:10:05,693] INFO: masi (6/2023): Updated existing record with 18 non-zero financial metrics
[2025-03-22 11:10:05,722] INFO: masi (9/2023): Updated existing record with 18 non-zero financial metrics
[2025-03-22 11:10:05,738] WARNING: masi (12/2023): Found zero values for fields: Share Repurchases
[2025-03-22 11:10:05,752] INFO: masi (12/2023): Updated existing record with 22 non-zero financial metrics
[2025-03-22 11:10:05,781] INFO: masi (3/2024): Updated existing record with 22 non-zero financial metrics
[2025-03-22 11:10:05,810] INFO: masi (6/2024): Updated existing record with 17 non-zero financial metrics
[2025-03-22 11:10:05,839] INFO: masi (9/2024): Updated existing record with 17 non-zero financial metrics
[2025-03-22 11:10:05,853] INFO: Trying adjusted date: 1/2025 (original: 12/2024)
[2025-03-22 11:10:05,867] WARNING: masi (12/2024): Found zero values for fields: Share Repurchases
[2025-03-22 11:10:05,867] WARNING: masi (12/2024): No existing record found(12/2024, 2024-12-28) - creating new one
[2025-03-22 11:10:05,868] INFO: masi (12/2024): Created new record with 20 non-zero financial metrics
