[2025-03-22 12:04:24,081] INFO: Trying adjusted date: 4/2010 (original: 3/2010)
[2025-03-22 12:04:24,094] WARNING: mat (3/2010): No existing record found(3/2010, 2010-03-31) - creating new one
[2025-03-22 12:04:24,095] INFO: mat (3/2010): Created new record with 19 non-zero financial metrics
[2025-03-22 12:04:24,112] INFO: Trying adjusted date: 7/2010 (original: 6/2010)
[2025-03-22 12:04:24,126] WARNING: mat (6/2010): No existing record found(6/2010, 2010-06-30) - creating new one
[2025-03-22 12:04:24,126] INFO: mat (6/2010): Created new record with 17 non-zero financial metrics
[2025-03-22 12:04:24,142] INFO: Trying adjusted date: 10/2010 (original: 9/2010)
[2025-03-22 12:04:24,154] WARNING: mat (9/2010): No existing record found(9/2010, 2010-09-30) - creating new one
[2025-03-22 12:04:24,155] INFO: mat (9/2010): Created new record with 17 non-zero financial metrics
[2025-03-22 12:04:24,171] INFO: Trying adjusted date: 1/2011 (original: 12/2010)
[2025-03-22 12:04:24,185] WARNING: mat (12/2010): No existing record found(12/2010, 2010-12-31) - creating new one
[2025-03-22 12:04:24,185] INFO: mat (12/2010): Created new record with 22 non-zero financial metrics
[2025-03-22 12:04:24,201] INFO: Trying adjusted date: 4/2011 (original: 3/2011)
[2025-03-22 12:04:24,214] WARNING: mat (3/2011): No existing record found(3/2011, 2011-03-31) - creating new one
[2025-03-22 12:04:24,215] INFO: mat (3/2011): Created new record with 22 non-zero financial metrics
[2025-03-22 12:04:24,230] INFO: Trying adjusted date: 7/2011 (original: 6/2011)
[2025-03-22 12:04:24,244] WARNING: mat (6/2011): No existing record found(6/2011, 2011-06-30) - creating new one
[2025-03-22 12:04:24,245] INFO: mat (6/2011): Created new record with 17 non-zero financial metrics
[2025-03-22 12:04:24,263] INFO: Trying adjusted date: 10/2011 (original: 9/2011)
[2025-03-22 12:04:24,277] WARNING: mat (9/2011): No existing record found(9/2011, 2011-09-30) - creating new one
[2025-03-22 12:04:24,277] INFO: mat (9/2011): Created new record with 16 non-zero financial metrics
[2025-03-22 12:04:24,293] INFO: Trying adjusted date: 1/2012 (original: 12/2011)
[2025-03-22 12:04:24,307] WARNING: mat (12/2011): No existing record found(12/2011, 2011-12-31) - creating new one
[2025-03-22 12:04:24,307] INFO: mat (12/2011): Created new record with 21 non-zero financial metrics
[2025-03-22 12:04:24,323] INFO: Trying adjusted date: 4/2012 (original: 3/2012)
[2025-03-22 12:04:24,336] WARNING: mat (3/2012): No existing record found(3/2012, 2012-03-31) - creating new one
[2025-03-22 12:04:24,337] INFO: mat (3/2012): Created new record with 21 non-zero financial metrics
[2025-03-22 12:04:24,355] INFO: Trying adjusted date: 7/2012 (original: 6/2012)
[2025-03-22 12:04:24,369] WARNING: mat (6/2012): No existing record found(6/2012, 2012-06-30) - creating new one
[2025-03-22 12:04:24,369] INFO: mat (6/2012): Created new record with 16 non-zero financial metrics
[2025-03-22 12:04:24,397] INFO: mat (9/2012): Updated existing record with 16 non-zero financial metrics
[2025-03-22 12:04:24,427] INFO: mat (12/2012): Updated existing record with 21 non-zero financial metrics
[2025-03-22 12:04:24,459] INFO: mat (3/2013): Updated existing record with 21 non-zero financial metrics
[2025-03-22 12:04:24,489] INFO: mat (6/2013): Updated existing record with 16 non-zero financial metrics
[2025-03-22 12:04:24,519] INFO: mat (9/2013): Updated existing record with 16 non-zero financial metrics
[2025-03-22 12:04:24,548] INFO: mat (12/2013): Updated existing record with 21 non-zero financial metrics
[2025-03-22 12:04:24,578] INFO: mat (3/2014): Updated existing record with 21 non-zero financial metrics
[2025-03-22 12:04:24,607] INFO: mat (6/2014): Updated existing record with 16 non-zero financial metrics
[2025-03-22 12:04:24,635] INFO: mat (9/2014): Updated existing record with 16 non-zero financial metrics
[2025-03-22 12:04:24,666] INFO: mat (12/2014): Updated existing record with 21 non-zero financial metrics
[2025-03-22 12:04:24,697] INFO: mat (3/2015): Updated existing record with 17 non-zero financial metrics
[2025-03-22 12:04:24,728] INFO: mat (6/2015): Updated existing record with 16 non-zero financial metrics
[2025-03-22 12:04:24,757] INFO: mat (9/2015): Updated existing record with 16 non-zero financial metrics
[2025-03-22 12:04:24,772] WARNING: mat (12/2015): Found zero values for fields: Share Repurchases
[2025-03-22 12:04:24,787] INFO: mat (12/2015): Updated existing record with 20 non-zero financial metrics
[2025-03-22 12:04:24,816] INFO: mat (3/2016): Updated existing record with 17 non-zero financial metrics
[2025-03-22 12:04:24,846] INFO: mat (6/2016): Updated existing record with 16 non-zero financial metrics
[2025-03-22 12:04:24,875] INFO: mat (9/2016): Updated existing record with 16 non-zero financial metrics
[2025-03-22 12:04:24,890] WARNING: mat (12/2016): Found zero values for fields: Share Repurchases
[2025-03-22 12:04:24,904] INFO: mat (12/2016): Updated existing record with 20 non-zero financial metrics
[2025-03-22 12:04:24,934] INFO: mat (3/2017): Updated existing record with 17 non-zero financial metrics
[2025-03-22 12:04:24,965] INFO: mat (6/2017): Updated existing record with 16 non-zero financial metrics
[2025-03-22 12:04:24,997] INFO: mat (9/2017): Updated existing record with 16 non-zero financial metrics
[2025-03-22 12:04:25,028] INFO: mat (12/2017): Updated existing record with 20 non-zero financial metrics
[2025-03-22 12:04:25,057] INFO: mat (3/2018): Updated existing record with 20 non-zero financial metrics
[2025-03-22 12:04:25,086] INFO: mat (6/2018): Updated existing record with 16 non-zero financial metrics
[2025-03-22 12:04:25,115] INFO: mat (9/2018): Updated existing record with 16 non-zero financial metrics
[2025-03-22 12:04:25,145] INFO: mat (12/2018): Updated existing record with 20 non-zero financial metrics
[2025-03-22 12:04:25,176] INFO: mat (3/2019): Updated existing record with 20 non-zero financial metrics
[2025-03-22 12:04:25,205] INFO: mat (6/2019): Updated existing record with 16 non-zero financial metrics
[2025-03-22 12:04:25,234] INFO: mat (9/2019): Updated existing record with 16 non-zero financial metrics
[2025-03-22 12:04:25,251] INFO: Trying adjusted date: 1/2020 (original: 12/2019)
[2025-03-22 12:04:25,265] WARNING: mat (12/2019): No existing record found(12/2019, 2019-12-31) - creating new one
[2025-03-22 12:04:25,266] INFO: mat (12/2019): Created new record with 19 non-zero financial metrics
[2025-03-22 12:04:25,297] INFO: mat (3/2020): Updated existing record with 19 non-zero financial metrics
[2025-03-22 12:04:25,329] INFO: mat (6/2020): Updated existing record with 16 non-zero financial metrics
[2025-03-22 12:04:25,357] INFO: mat (9/2020): Updated existing record with 16 non-zero financial metrics
[2025-03-22 12:04:25,386] INFO: mat (12/2020): Updated existing record with 19 non-zero financial metrics
[2025-03-22 12:04:25,417] INFO: mat (3/2021): Updated existing record with 19 non-zero financial metrics
[2025-03-22 12:04:25,446] INFO: mat (6/2021): Updated existing record with 16 non-zero financial metrics
[2025-03-22 12:04:25,475] INFO: mat (9/2021): Updated existing record with 16 non-zero financial metrics
[2025-03-22 12:04:25,504] INFO: mat (12/2021): Updated existing record with 19 non-zero financial metrics
[2025-03-22 12:04:25,535] INFO: mat (3/2022): Updated existing record with 19 non-zero financial metrics
[2025-03-22 12:04:25,563] INFO: mat (6/2022): Updated existing record with 16 non-zero financial metrics
[2025-03-22 12:04:25,592] INFO: mat (9/2022): Updated existing record with 16 non-zero financial metrics
[2025-03-22 12:04:25,621] INFO: mat (12/2022): Updated existing record with 19 non-zero financial metrics
[2025-03-22 12:04:25,652] INFO: mat (3/2023): Updated existing record with 20 non-zero financial metrics
[2025-03-22 12:04:25,681] INFO: mat (6/2023): Updated existing record with 16 non-zero financial metrics
[2025-03-22 12:04:25,712] INFO: mat (9/2023): Updated existing record with 16 non-zero financial metrics
[2025-03-22 12:04:25,741] INFO: mat (12/2023): Updated existing record with 20 non-zero financial metrics
[2025-03-22 12:04:25,771] INFO: mat (3/2024): Updated existing record with 20 non-zero financial metrics
[2025-03-22 12:04:25,802] INFO: mat (6/2024): Updated existing record with 15 non-zero financial metrics
[2025-03-22 12:04:25,834] INFO: mat (9/2024): Updated existing record with 15 non-zero financial metrics
[2025-03-22 12:04:25,864] INFO: mat (12/2024): Updated existing record with 19 non-zero financial metrics
