[2025-03-22 02:50:17,066] INFO: Trying adjusted date: 4/2010 (original: 3/2010)
[2025-03-22 02:50:17,078] WARNING: mchp (3/2010): Found zero values for fields: Share Repurchases
[2025-03-22 02:50:17,078] WARNING: mchp (3/2010): No existing record found(3/2010, 2010-03-31) - creating new one
[2025-03-22 02:50:17,079] INFO: mchp (3/2010): Created new record with 17 non-zero financial metrics
[2025-03-22 02:50:17,094] INFO: Trying adjusted date: 7/2010 (original: 6/2010)
[2025-03-22 02:50:17,108] WARNING: mchp (6/2010): No existing record found(6/2010, 2010-06-30) - creating new one
[2025-03-22 02:50:17,108] INFO: mchp (6/2010): Created new record with 17 non-zero financial metrics
[2025-03-22 02:50:17,122] INFO: Trying adjusted date: 10/2010 (original: 11/2010)
[2025-03-22 02:50:17,135] WARNING: mchp (11/2010): No existing record found(11/2010, 2010-11-08) - creating new one
[2025-03-22 02:50:17,136] INFO: mchp (11/2010): Created new record with 0 non-zero financial metrics
[2025-03-22 02:50:17,150] INFO: Trying adjusted date: 1/2011 (original: 12/2010)
[2025-03-22 02:50:17,163] WARNING: mchp (12/2010): No existing record found(12/2010, 2010-12-31) - creating new one
[2025-03-22 02:50:17,164] INFO: mchp (12/2010): Created new record with 15 non-zero financial metrics
[2025-03-22 02:50:17,178] INFO: Trying adjusted date: 4/2011 (original: 3/2011)
[2025-03-22 02:50:17,190] WARNING: mchp (3/2011): Found zero values for fields: Share Repurchases
[2025-03-22 02:50:17,190] WARNING: mchp (3/2011): No existing record found(3/2011, 2011-03-31) - creating new one
[2025-03-22 02:50:17,190] INFO: mchp (3/2011): Created new record with 17 non-zero financial metrics
[2025-03-22 02:50:17,204] INFO: Trying adjusted date: 7/2011 (original: 6/2011)
[2025-03-22 02:50:17,217] WARNING: mchp (6/2011): No existing record found(6/2011, 2011-06-30) - creating new one
[2025-03-22 02:50:17,218] INFO: mchp (6/2011): Created new record with 17 non-zero financial metrics
[2025-03-22 02:50:17,232] INFO: Trying adjusted date: 10/2011 (original: 9/2011)
[2025-03-22 02:50:17,245] WARNING: mchp (9/2011): No existing record found(9/2011, 2011-09-30) - creating new one
[2025-03-22 02:50:17,246] INFO: mchp (9/2011): Created new record with 15 non-zero financial metrics
[2025-03-22 02:50:17,259] INFO: Trying adjusted date: 1/2012 (original: 12/2011)
[2025-03-22 02:50:17,272] WARNING: mchp (12/2011): No existing record found(12/2011, 2011-12-31) - creating new one
[2025-03-22 02:50:17,273] INFO: mchp (12/2011): Created new record with 15 non-zero financial metrics
[2025-03-22 02:50:17,286] INFO: Trying adjusted date: 4/2012 (original: 3/2012)
[2025-03-22 02:50:17,299] WARNING: mchp (3/2012): No existing record found(3/2012, 2012-03-31) - creating new one
[2025-03-22 02:50:17,300] INFO: mchp (3/2012): Created new record with 17 non-zero financial metrics
[2025-03-22 02:50:17,315] INFO: Trying adjusted date: 7/2012 (original: 6/2012)
[2025-03-22 02:50:17,328] WARNING: mchp (6/2012): No existing record found(6/2012, 2012-06-30) - creating new one
[2025-03-22 02:50:17,329] INFO: mchp (6/2012): Created new record with 17 non-zero financial metrics
[2025-03-22 02:50:17,355] INFO: mchp (9/2012): Updated existing record with 15 non-zero financial metrics
[2025-03-22 02:50:17,382] INFO: mchp (12/2012): Updated existing record with 15 non-zero financial metrics
[2025-03-22 02:50:17,409] INFO: mchp (3/2013): Updated existing record with 17 non-zero financial metrics
[2025-03-22 02:50:17,435] INFO: mchp (6/2013): Updated existing record with 18 non-zero financial metrics
[2025-03-22 02:50:17,463] INFO: mchp (9/2013): Updated existing record with 15 non-zero financial metrics
[2025-03-22 02:50:17,489] INFO: mchp (12/2013): Updated existing record with 15 non-zero financial metrics
[2025-03-22 02:50:17,515] INFO: mchp (3/2014): Updated existing record with 17 non-zero financial metrics
[2025-03-22 02:50:17,541] INFO: mchp (6/2014): Updated existing record with 18 non-zero financial metrics
[2025-03-22 02:50:17,567] INFO: mchp (9/2014): Updated existing record with 15 non-zero financial metrics
[2025-03-22 02:50:17,595] INFO: mchp (12/2014): Updated existing record with 15 non-zero financial metrics
[2025-03-22 02:50:17,622] INFO: mchp (3/2015): Updated existing record with 17 non-zero financial metrics
[2025-03-22 02:50:17,648] INFO: mchp (6/2015): Updated existing record with 18 non-zero financial metrics
[2025-03-22 02:50:17,673] INFO: mchp (9/2015): Updated existing record with 15 non-zero financial metrics
[2025-03-22 02:50:17,700] INFO: mchp (12/2015): Updated existing record with 15 non-zero financial metrics
[2025-03-22 02:50:17,728] INFO: mchp (3/2016): Updated existing record with 18 non-zero financial metrics
[2025-03-22 02:50:17,754] INFO: mchp (6/2016): Updated existing record with 18 non-zero financial metrics
[2025-03-22 02:50:17,781] INFO: mchp (9/2016): Updated existing record with 15 non-zero financial metrics
[2025-03-22 02:50:17,809] INFO: mchp (12/2016): Updated existing record with 15 non-zero financial metrics
[2025-03-22 02:50:17,823] WARNING: mchp (3/2017): Found zero values for fields: Share Repurchases
[2025-03-22 02:50:17,836] INFO: mchp (3/2017): Updated existing record with 18 non-zero financial metrics
[2025-03-22 02:50:17,864] INFO: mchp (6/2017): Updated existing record with 19 non-zero financial metrics
[2025-03-22 02:50:17,890] INFO: mchp (9/2017): Updated existing record with 16 non-zero financial metrics
[2025-03-22 02:50:17,916] INFO: mchp (12/2017): Updated existing record with 16 non-zero financial metrics
[2025-03-22 02:50:17,930] WARNING: mchp (3/2018): Found zero values for fields: Share Repurchases
[2025-03-22 02:50:17,942] INFO: mchp (3/2018): Updated existing record with 17 non-zero financial metrics
[2025-03-22 02:50:17,968] INFO: mchp (6/2018): Updated existing record with 19 non-zero financial metrics
[2025-03-22 02:50:17,993] INFO: mchp (9/2018): Updated existing record with 16 non-zero financial metrics
[2025-03-22 02:50:18,020] INFO: mchp (12/2018): Updated existing record with 16 non-zero financial metrics
[2025-03-22 02:50:18,049] INFO: mchp (3/2019): Updated existing record with 17 non-zero financial metrics
[2025-03-22 02:50:18,074] INFO: mchp (6/2019): Updated existing record with 18 non-zero financial metrics
[2025-03-22 02:50:18,100] INFO: mchp (9/2019): Updated existing record with 16 non-zero financial metrics
[2025-03-22 02:50:18,127] INFO: mchp (12/2019): Updated existing record with 16 non-zero financial metrics
[2025-03-22 02:50:18,153] INFO: mchp (3/2020): Updated existing record with 20 non-zero financial metrics
[2025-03-22 02:50:18,182] INFO: mchp (6/2020): Updated existing record with 20 non-zero financial metrics
[2025-03-22 02:50:18,211] INFO: mchp (9/2020): Updated existing record with 16 non-zero financial metrics
[2025-03-22 02:50:18,238] INFO: mchp (12/2020): Updated existing record with 16 non-zero financial metrics
[2025-03-22 02:50:18,265] INFO: mchp (3/2021): Updated existing record with 20 non-zero financial metrics
[2025-03-22 02:50:18,291] INFO: mchp (6/2021): Updated existing record with 20 non-zero financial metrics
[2025-03-22 02:50:18,318] INFO: mchp (9/2021): Updated existing record with 16 non-zero financial metrics
[2025-03-22 02:50:18,344] INFO: mchp (12/2021): Updated existing record with 16 non-zero financial metrics
[2025-03-22 02:50:18,369] INFO: mchp (3/2022): Updated existing record with 21 non-zero financial metrics
[2025-03-22 02:50:18,395] INFO: mchp (6/2022): Updated existing record with 21 non-zero financial metrics
[2025-03-22 02:50:18,421] INFO: mchp (9/2022): Updated existing record with 16 non-zero financial metrics
[2025-03-22 02:50:18,447] INFO: mchp (12/2022): Updated existing record with 16 non-zero financial metrics
[2025-03-22 02:50:18,475] INFO: mchp (3/2023): Updated existing record with 21 non-zero financial metrics
[2025-03-22 02:50:18,501] INFO: mchp (6/2023): Updated existing record with 21 non-zero financial metrics
[2025-03-22 02:50:18,530] INFO: mchp (9/2023): Updated existing record with 16 non-zero financial metrics
[2025-03-22 02:50:18,557] INFO: mchp (12/2023): Updated existing record with 16 non-zero financial metrics
[2025-03-22 02:50:18,583] INFO: mchp (3/2024): Updated existing record with 21 non-zero financial metrics
[2025-03-22 02:50:18,609] INFO: mchp (6/2024): Updated existing record with 21 non-zero financial metrics
[2025-03-22 02:50:18,634] INFO: mchp (9/2024): Updated existing record with 16 non-zero financial metrics
[2025-03-22 02:50:18,648] INFO: Trying adjusted date: 1/2025 (original: 12/2024)
[2025-03-22 02:50:18,661] WARNING: mchp (12/2024): No existing record found(12/2024, 2024-12-31) - creating new one
[2025-03-22 02:50:18,661] INFO: mchp (12/2024): Created new record with 15 non-zero financial metrics
