[2025-03-22 01:16:39,638] INFO: Trying adjusted date: 4/2010 (original: 3/2010)
[2025-03-22 01:16:39,650] WARNING: mck (3/2010): No existing record found(3/2010, 2010-03-31) - creating new one
[2025-03-22 01:16:39,650] INFO: mck (3/2010): Created new record with 17 non-zero financial metrics
[2025-03-22 01:16:39,664] INFO: Trying adjusted date: 7/2010 (original: 6/2010)
[2025-03-22 01:16:39,677] WARNING: mck (6/2010): No existing record found(6/2010, 2010-06-30) - creating new one
[2025-03-22 01:16:39,678] INFO: mck (6/2010): Created new record with 14 non-zero financial metrics
[2025-03-22 01:16:39,692] INFO: Trying adjusted date: 10/2010 (original: 9/2010)
[2025-03-22 01:16:39,704] WARNING: mck (9/2010): No existing record found(9/2010, 2010-09-30) - creating new one
[2025-03-22 01:16:39,704] INFO: mck (9/2010): Created new record with 10 non-zero financial metrics
[2025-03-22 01:16:39,718] INFO: Trying adjusted date: 1/2011 (original: 12/2010)
[2025-03-22 01:16:39,731] WARNING: mck (12/2010): No existing record found(12/2010, 2010-12-31) - creating new one
[2025-03-22 01:16:39,731] INFO: mck (12/2010): Created new record with 10 non-zero financial metrics
[2025-03-22 01:16:39,745] INFO: Trying adjusted date: 4/2011 (original: 3/2011)
[2025-03-22 01:16:39,758] WARNING: mck (3/2011): No existing record found(3/2011, 2011-03-31) - creating new one
[2025-03-22 01:16:39,758] INFO: mck (3/2011): Created new record with 20 non-zero financial metrics
[2025-03-22 01:16:39,772] INFO: Trying adjusted date: 7/2011 (original: 6/2011)
[2025-03-22 01:16:39,784] WARNING: mck (6/2011): No existing record found(6/2011, 2011-06-30) - creating new one
[2025-03-22 01:16:39,784] INFO: mck (6/2011): Created new record with 17 non-zero financial metrics
[2025-03-22 01:16:39,798] INFO: Trying adjusted date: 10/2011 (original: 9/2011)
[2025-03-22 01:16:39,810] WARNING: mck (9/2011): No existing record found(9/2011, 2011-09-30) - creating new one
[2025-03-22 01:16:39,811] INFO: mck (9/2011): Created new record with 12 non-zero financial metrics
[2025-03-22 01:16:39,824] INFO: Trying adjusted date: 1/2012 (original: 12/2011)
[2025-03-22 01:16:39,837] WARNING: mck (12/2011): No existing record found(12/2011, 2011-12-31) - creating new one
[2025-03-22 01:16:39,837] INFO: mck (12/2011): Created new record with 12 non-zero financial metrics
[2025-03-22 01:16:39,851] INFO: Trying adjusted date: 4/2012 (original: 3/2012)
[2025-03-22 01:16:39,863] WARNING: mck (3/2012): No existing record found(3/2012, 2012-03-31) - creating new one
[2025-03-22 01:16:39,864] INFO: mck (3/2012): Created new record with 21 non-zero financial metrics
[2025-03-22 01:16:39,877] INFO: Trying adjusted date: 7/2012 (original: 6/2012)
[2025-03-22 01:16:39,889] WARNING: mck (6/2012): No existing record found(6/2012, 2012-06-30) - creating new one
[2025-03-22 01:16:39,890] INFO: mck (6/2012): Created new record with 16 non-zero financial metrics
[2025-03-22 01:16:39,914] INFO: mck (9/2012): Updated existing record with 11 non-zero financial metrics
[2025-03-22 01:16:39,939] INFO: mck (12/2012): Updated existing record with 11 non-zero financial metrics
[2025-03-22 01:16:39,964] INFO: mck (3/2013): Updated existing record with 21 non-zero financial metrics
[2025-03-22 01:16:39,989] INFO: mck (6/2013): Updated existing record with 16 non-zero financial metrics
[2025-03-22 01:16:40,005] WARNING: mck (9/2013): Found zero values for fields: Share Repurchases
[2025-03-22 01:16:40,016] INFO: mck (9/2013): Updated existing record with 11 non-zero financial metrics
[2025-03-22 01:16:40,042] INFO: mck (12/2013): Updated existing record with 11 non-zero financial metrics
[2025-03-22 01:16:40,067] INFO: mck (3/2014): Updated existing record with 19 non-zero financial metrics
[2025-03-22 01:16:40,092] INFO: mck (6/2014): Updated existing record with 18 non-zero financial metrics
[2025-03-22 01:16:40,117] INFO: mck (9/2014): Updated existing record with 13 non-zero financial metrics
[2025-03-22 01:16:40,142] INFO: mck (12/2014): Updated existing record with 13 non-zero financial metrics
[2025-03-22 01:16:40,168] INFO: mck (3/2015): Updated existing record with 19 non-zero financial metrics
[2025-03-22 01:16:40,194] INFO: mck (6/2015): Updated existing record with 18 non-zero financial metrics
[2025-03-22 01:16:40,220] INFO: mck (9/2015): Updated existing record with 13 non-zero financial metrics
[2025-03-22 01:16:40,246] INFO: mck (12/2015): Updated existing record with 13 non-zero financial metrics
[2025-03-22 01:16:40,271] INFO: mck (3/2016): Updated existing record with 19 non-zero financial metrics
[2025-03-22 01:16:40,296] INFO: mck (6/2016): Updated existing record with 18 non-zero financial metrics
[2025-03-22 01:16:40,320] INFO: mck (9/2016): Updated existing record with 13 non-zero financial metrics
[2025-03-22 01:16:40,345] INFO: mck (12/2016): Updated existing record with 13 non-zero financial metrics
[2025-03-22 01:16:40,370] INFO: mck (3/2017): Updated existing record with 19 non-zero financial metrics
[2025-03-22 01:16:40,395] INFO: mck (6/2017): Updated existing record with 18 non-zero financial metrics
[2025-03-22 01:16:40,420] INFO: mck (9/2017): Updated existing record with 13 non-zero financial metrics
[2025-03-22 01:16:40,447] INFO: mck (12/2017): Updated existing record with 13 non-zero financial metrics
[2025-03-22 01:16:40,472] INFO: mck (3/2018): Updated existing record with 19 non-zero financial metrics
[2025-03-22 01:16:40,499] INFO: mck (6/2018): Updated existing record with 18 non-zero financial metrics
[2025-03-22 01:16:40,526] INFO: mck (9/2018): Updated existing record with 13 non-zero financial metrics
[2025-03-22 01:16:40,550] INFO: mck (12/2018): Updated existing record with 13 non-zero financial metrics
[2025-03-22 01:16:40,575] INFO: mck (3/2019): Updated existing record with 19 non-zero financial metrics
[2025-03-22 01:16:40,600] INFO: mck (6/2019): Updated existing record with 18 non-zero financial metrics
[2025-03-22 01:16:40,626] INFO: mck (9/2019): Updated existing record with 13 non-zero financial metrics
[2025-03-22 01:16:40,652] INFO: mck (12/2019): Updated existing record with 13 non-zero financial metrics
[2025-03-22 01:16:40,677] INFO: mck (3/2020): Updated existing record with 20 non-zero financial metrics
[2025-03-22 01:16:40,703] INFO: mck (6/2020): Updated existing record with 17 non-zero financial metrics
[2025-03-22 01:16:40,728] INFO: mck (9/2020): Updated existing record with 12 non-zero financial metrics
[2025-03-22 01:16:40,753] INFO: mck (12/2020): Updated existing record with 12 non-zero financial metrics
[2025-03-22 01:16:40,778] INFO: mck (3/2021): Updated existing record with 20 non-zero financial metrics
[2025-03-22 01:16:40,803] INFO: mck (6/2021): Updated existing record with 17 non-zero financial metrics
[2025-03-22 01:16:40,828] INFO: mck (9/2021): Updated existing record with 13 non-zero financial metrics
[2025-03-22 01:16:40,854] INFO: mck (12/2021): Updated existing record with 13 non-zero financial metrics
[2025-03-22 01:16:40,880] INFO: mck (3/2022): Updated existing record with 20 non-zero financial metrics
[2025-03-22 01:16:40,905] INFO: mck (6/2022): Updated existing record with 18 non-zero financial metrics
[2025-03-22 01:16:40,931] INFO: mck (9/2022): Updated existing record with 13 non-zero financial metrics
[2025-03-22 01:16:40,956] INFO: mck (12/2022): Updated existing record with 13 non-zero financial metrics
[2025-03-22 01:16:40,981] INFO: mck (3/2023): Updated existing record with 20 non-zero financial metrics
[2025-03-22 01:16:41,007] INFO: mck (6/2023): Updated existing record with 19 non-zero financial metrics
[2025-03-22 01:16:41,032] INFO: mck (9/2023): Updated existing record with 14 non-zero financial metrics
[2025-03-22 01:16:41,057] INFO: mck (12/2023): Updated existing record with 14 non-zero financial metrics
[2025-03-22 01:16:41,083] INFO: mck (3/2024): Updated existing record with 20 non-zero financial metrics
[2025-03-22 01:16:41,109] INFO: mck (6/2024): Updated existing record with 19 non-zero financial metrics
[2025-03-22 01:16:41,134] INFO: mck (9/2024): Updated existing record with 14 non-zero financial metrics
[2025-03-22 01:16:41,148] INFO: Trying adjusted date: 1/2025 (original: 12/2024)
[2025-03-22 01:16:41,160] WARNING: mck (12/2024): No existing record found(12/2024, 2024-12-31) - creating new one
[2025-03-22 01:16:41,161] INFO: mck (12/2024): Created new record with 14 non-zero financial metrics
