[2025-03-22 07:05:18,925] WARNING: mdb (10/2017): Found zero values for fields: Interest Expense
[2025-03-22 07:05:18,938] INFO: mdb (10/2017): Updated existing record with 15 non-zero financial metrics
[2025-03-22 07:05:18,974] INFO: mdb (1/2018): Updated existing record with 21 non-zero financial metrics
[2025-03-22 07:05:19,003] INFO: mdb (4/2018): Updated existing record with 20 non-zero financial metrics
[2025-03-22 07:05:19,035] INFO: mdb (7/2018): Updated existing record with 16 non-zero financial metrics
[2025-03-22 07:05:19,063] INFO: mdb (10/2018): Updated existing record with 16 non-zero financial metrics
[2025-03-22 07:05:19,092] INFO: mdb (1/2019): Updated existing record with 23 non-zero financial metrics
[2025-03-22 07:05:19,120] INFO: mdb (4/2019): Updated existing record with 23 non-zero financial metrics
[2025-03-22 07:05:19,147] INFO: mdb (7/2019): Updated existing record with 18 non-zero financial metrics
[2025-03-22 07:05:19,173] INFO: mdb (10/2019): Updated existing record with 18 non-zero financial metrics
[2025-03-22 07:05:19,201] INFO: mdb (1/2020): Updated existing record with 23 non-zero financial metrics
[2025-03-22 07:05:19,230] INFO: mdb (4/2020): Updated existing record with 24 non-zero financial metrics
[2025-03-22 07:05:19,258] INFO: mdb (7/2020): Updated existing record with 19 non-zero financial metrics
[2025-03-22 07:05:19,286] INFO: mdb (10/2020): Updated existing record with 19 non-zero financial metrics
[2025-03-22 07:05:19,316] INFO: mdb (1/2021): Updated existing record with 24 non-zero financial metrics
[2025-03-22 07:05:19,331] WARNING: mdb (4/2021): Found zero values for fields: Share Repurchases
[2025-03-22 07:05:19,345] INFO: mdb (4/2021): Updated existing record with 23 non-zero financial metrics
[2025-03-22 07:05:19,372] INFO: mdb (7/2021): Updated existing record with 19 non-zero financial metrics
[2025-03-22 07:05:19,399] INFO: mdb (10/2021): Updated existing record with 19 non-zero financial metrics
[2025-03-22 07:05:19,414] WARNING: mdb (1/2022): Found zero values for fields: Share Repurchases
[2025-03-22 07:05:19,427] INFO: mdb (1/2022): Updated existing record with 23 non-zero financial metrics
[2025-03-22 07:05:19,455] INFO: mdb (4/2022): Updated existing record with 22 non-zero financial metrics
[2025-03-22 07:05:19,485] INFO: mdb (7/2022): Updated existing record with 18 non-zero financial metrics
[2025-03-22 07:05:19,513] INFO: mdb (10/2022): Updated existing record with 18 non-zero financial metrics
[2025-03-22 07:05:19,528] WARNING: mdb (1/2023): Found zero values for fields: Share Repurchases
[2025-03-22 07:05:19,541] INFO: mdb (1/2023): Updated existing record with 24 non-zero financial metrics
[2025-03-22 07:05:19,568] INFO: mdb (4/2023): Updated existing record with 22 non-zero financial metrics
[2025-03-22 07:05:19,596] INFO: mdb (7/2023): Updated existing record with 18 non-zero financial metrics
[2025-03-22 07:05:19,622] INFO: mdb (10/2023): Updated existing record with 18 non-zero financial metrics
[2025-03-22 07:05:19,650] INFO: mdb (1/2024): Updated existing record with 24 non-zero financial metrics
[2025-03-22 07:05:19,677] INFO: mdb (4/2024): Updated existing record with 22 non-zero financial metrics
[2025-03-22 07:05:19,704] INFO: mdb (7/2024): Updated existing record with 18 non-zero financial metrics
[2025-03-22 07:05:19,733] INFO: mdb (10/2024): Updated existing record with 18 non-zero financial metrics
[2025-03-22 07:05:19,748] INFO: Trying adjusted date: 2/2025 (original: 1/2025)
[2025-03-22 07:05:19,762] WARNING: mdb (1/2025): No existing record found(1/2025, 2025-01-31) - creating new one
[2025-03-22 07:05:19,763] INFO: mdb (1/2025): Created new record with 24 non-zero financial metrics
