[2025-03-21 23:32:10,106] INFO: Trying adjusted date: 4/2010 (original: 3/2010)
[2025-03-21 23:32:10,117] WARNING: mdlz (3/2010): No existing record found(3/2010, 2010-03-31) - creating new one
[2025-03-21 23:32:10,118] INFO: mdlz (3/2010): Created new record with 17 non-zero financial metrics
[2025-03-21 23:32:10,134] INFO: Trying adjusted date: 10/2010 (original: 9/2010)
[2025-03-21 23:32:10,146] WARNING: mdlz (9/2010): No existing record found(9/2010, 2010-09-30) - creating new one
[2025-03-21 23:32:10,146] INFO: mdlz (9/2010): Created new record with 14 non-zero financial metrics
[2025-03-21 23:32:10,159] INFO: Trying adjusted date: 1/2011 (original: 12/2010)
[2025-03-21 23:32:10,170] ERROR: Invalid numeric value for Share Repurchases: 
[2025-03-21 23:32:10,170] ERROR: mdlz (12/2010): Invalid data types: Share Repurchases=
[2025-03-21 23:32:10,170] WARNING: mdlz (12/2010): No existing record found(12/2010, 2010-12-31) - creating new one
[2025-03-21 23:32:10,171] INFO: mdlz (12/2010): Created new record with 20 non-zero financial metrics
[2025-03-21 23:32:10,184] INFO: Trying adjusted date: 4/2011 (original: 3/2011)
[2025-03-21 23:32:10,196] WARNING: mdlz (3/2011): No existing record found(3/2011, 2011-03-31) - creating new one
[2025-03-21 23:32:10,196] INFO: mdlz (3/2011): Created new record with 17 non-zero financial metrics
[2025-03-21 23:32:10,209] INFO: Trying adjusted date: 7/2011 (original: 6/2011)
[2025-03-21 23:32:10,222] WARNING: mdlz (6/2011): No existing record found(6/2011, 2011-06-30) - creating new one
[2025-03-21 23:32:10,223] INFO: mdlz (6/2011): Created new record with 13 non-zero financial metrics
[2025-03-21 23:32:10,236] INFO: Trying adjusted date: 10/2011 (original: 9/2011)
[2025-03-21 23:32:10,248] WARNING: mdlz (9/2011): No existing record found(9/2011, 2011-09-30) - creating new one
[2025-03-21 23:32:10,249] INFO: mdlz (9/2011): Created new record with 13 non-zero financial metrics
[2025-03-21 23:32:10,261] INFO: Trying adjusted date: 1/2012 (original: 12/2011)
[2025-03-21 23:32:10,274] WARNING: mdlz (12/2011): No existing record found(12/2011, 2011-12-31) - creating new one
[2025-03-21 23:32:10,275] INFO: mdlz (12/2011): Created new record with 20 non-zero financial metrics
[2025-03-21 23:32:10,288] INFO: Trying adjusted date: 4/2012 (original: 3/2012)
[2025-03-21 23:32:10,301] WARNING: mdlz (3/2012): No existing record found(3/2012, 2012-03-31) - creating new one
[2025-03-21 23:32:10,301] INFO: mdlz (3/2012): Created new record with 17 non-zero financial metrics
[2025-03-21 23:32:10,315] INFO: Trying adjusted date: 7/2012 (original: 6/2012)
[2025-03-21 23:32:10,327] WARNING: mdlz (6/2012): No existing record found(6/2012, 2012-06-30) - creating new one
[2025-03-21 23:32:10,328] INFO: mdlz (6/2012): Created new record with 13 non-zero financial metrics
[2025-03-21 23:32:10,353] INFO: mdlz (9/2012): Updated existing record with 13 non-zero financial metrics
[2025-03-21 23:32:10,378] INFO: mdlz (12/2012): Updated existing record with 20 non-zero financial metrics
[2025-03-21 23:32:10,403] INFO: mdlz (3/2013): Updated existing record with 17 non-zero financial metrics
[2025-03-21 23:32:10,428] INFO: mdlz (6/2013): Updated existing record with 13 non-zero financial metrics
[2025-03-21 23:32:10,453] INFO: mdlz (9/2013): Updated existing record with 12 non-zero financial metrics
[2025-03-21 23:32:10,478] INFO: mdlz (12/2013): Updated existing record with 20 non-zero financial metrics
[2025-03-21 23:32:10,503] INFO: mdlz (3/2014): Updated existing record with 17 non-zero financial metrics
[2025-03-21 23:32:10,528] INFO: mdlz (6/2014): Updated existing record with 12 non-zero financial metrics
[2025-03-21 23:32:10,554] INFO: mdlz (9/2014): Updated existing record with 13 non-zero financial metrics
[2025-03-21 23:32:10,581] INFO: mdlz (12/2014): Updated existing record with 21 non-zero financial metrics
[2025-03-21 23:32:10,606] INFO: mdlz (3/2015): Updated existing record with 19 non-zero financial metrics
[2025-03-21 23:32:10,631] INFO: mdlz (6/2015): Updated existing record with 14 non-zero financial metrics
[2025-03-21 23:32:10,656] INFO: mdlz (9/2015): Updated existing record with 14 non-zero financial metrics
[2025-03-21 23:32:10,684] INFO: mdlz (12/2015): Updated existing record with 21 non-zero financial metrics
[2025-03-21 23:32:10,709] INFO: mdlz (3/2016): Updated existing record with 19 non-zero financial metrics
[2025-03-21 23:32:10,734] INFO: mdlz (6/2016): Updated existing record with 14 non-zero financial metrics
[2025-03-21 23:32:10,758] INFO: mdlz (9/2016): Updated existing record with 14 non-zero financial metrics
[2025-03-21 23:32:10,786] INFO: mdlz (12/2016): Updated existing record with 21 non-zero financial metrics
[2025-03-21 23:32:10,811] INFO: mdlz (3/2017): Updated existing record with 19 non-zero financial metrics
[2025-03-21 23:32:10,836] INFO: mdlz (6/2017): Updated existing record with 14 non-zero financial metrics
[2025-03-21 23:32:10,862] INFO: mdlz (9/2017): Updated existing record with 14 non-zero financial metrics
[2025-03-21 23:32:10,888] INFO: mdlz (12/2017): Updated existing record with 21 non-zero financial metrics
[2025-03-21 23:32:10,914] INFO: mdlz (3/2018): Updated existing record with 19 non-zero financial metrics
[2025-03-21 23:32:10,939] INFO: mdlz (6/2018): Updated existing record with 14 non-zero financial metrics
[2025-03-21 23:32:10,964] INFO: mdlz (9/2018): Updated existing record with 14 non-zero financial metrics
[2025-03-21 23:32:10,989] INFO: mdlz (12/2018): Updated existing record with 21 non-zero financial metrics
[2025-03-21 23:32:11,014] INFO: mdlz (3/2019): Updated existing record with 19 non-zero financial metrics
[2025-03-21 23:32:11,039] INFO: mdlz (6/2019): Updated existing record with 14 non-zero financial metrics
[2025-03-21 23:32:11,065] INFO: mdlz (9/2019): Updated existing record with 14 non-zero financial metrics
[2025-03-21 23:32:11,090] INFO: mdlz (12/2019): Updated existing record with 21 non-zero financial metrics
[2025-03-21 23:32:11,118] INFO: mdlz (3/2020): Updated existing record with 19 non-zero financial metrics
[2025-03-21 23:32:11,143] INFO: mdlz (6/2020): Updated existing record with 14 non-zero financial metrics
[2025-03-21 23:32:11,169] INFO: mdlz (9/2020): Updated existing record with 14 non-zero financial metrics
[2025-03-21 23:32:11,195] INFO: mdlz (12/2020): Updated existing record with 20 non-zero financial metrics
[2025-03-21 23:32:11,220] INFO: mdlz (3/2021): Updated existing record with 19 non-zero financial metrics
[2025-03-21 23:32:11,245] INFO: mdlz (6/2021): Updated existing record with 14 non-zero financial metrics
[2025-03-21 23:32:11,271] INFO: mdlz (9/2021): Updated existing record with 14 non-zero financial metrics
[2025-03-21 23:32:11,297] INFO: mdlz (12/2021): Updated existing record with 20 non-zero financial metrics
[2025-03-21 23:32:11,322] INFO: mdlz (3/2022): Updated existing record with 19 non-zero financial metrics
[2025-03-21 23:32:11,347] INFO: mdlz (6/2022): Updated existing record with 14 non-zero financial metrics
[2025-03-21 23:32:11,373] INFO: mdlz (9/2022): Updated existing record with 14 non-zero financial metrics
[2025-03-21 23:32:11,400] INFO: mdlz (12/2022): Updated existing record with 20 non-zero financial metrics
[2025-03-21 23:32:11,425] INFO: mdlz (3/2023): Updated existing record with 19 non-zero financial metrics
[2025-03-21 23:32:11,452] INFO: mdlz (6/2023): Updated existing record with 14 non-zero financial metrics
[2025-03-21 23:32:11,477] INFO: mdlz (9/2023): Updated existing record with 14 non-zero financial metrics
[2025-03-21 23:32:11,503] INFO: mdlz (12/2023): Updated existing record with 20 non-zero financial metrics
[2025-03-21 23:32:11,529] INFO: mdlz (3/2024): Updated existing record with 19 non-zero financial metrics
[2025-03-21 23:32:11,553] INFO: mdlz (6/2024): Updated existing record with 14 non-zero financial metrics
[2025-03-21 23:32:11,578] INFO: mdlz (9/2024): Updated existing record with 14 non-zero financial metrics
[2025-03-21 23:32:11,604] INFO: mdlz (12/2024): Updated existing record with 20 non-zero financial metrics
