[2025-03-21 22:51:20,761] WARNING: mdt (1/2015): Found zero values for fields: Revenue
[2025-03-21 22:51:20,772] INFO: mdt (1/2015): Updated existing record with 6 non-zero financial metrics
[2025-03-21 22:51:20,796] INFO: mdt (4/2015): Updated existing record with 17 non-zero financial metrics
[2025-03-21 22:51:20,821] INFO: mdt (7/2015): Updated existing record with 16 non-zero financial metrics
[2025-03-21 22:51:20,846] INFO: mdt (10/2015): Updated existing record with 14 non-zero financial metrics
[2025-03-21 22:51:20,871] INFO: mdt (1/2016): Updated existing record with 14 non-zero financial metrics
[2025-03-21 22:51:20,895] INFO: mdt (4/2016): Updated existing record with 20 non-zero financial metrics
[2025-03-21 22:51:20,921] INFO: mdt (7/2016): Updated existing record with 19 non-zero financial metrics
[2025-03-21 22:51:20,945] INFO: mdt (10/2016): Updated existing record with 14 non-zero financial metrics
[2025-03-21 22:51:20,969] INFO: mdt (1/2017): Updated existing record with 14 non-zero financial metrics
[2025-03-21 22:51:20,995] INFO: mdt (4/2017): Updated existing record with 20 non-zero financial metrics
[2025-03-21 22:51:21,020] INFO: mdt (7/2017): Updated existing record with 19 non-zero financial metrics
[2025-03-21 22:51:21,043] INFO: mdt (10/2017): Updated existing record with 14 non-zero financial metrics
[2025-03-21 22:51:21,068] INFO: mdt (1/2018): Updated existing record with 14 non-zero financial metrics
[2025-03-21 22:51:21,093] INFO: mdt (4/2018): Updated existing record with 20 non-zero financial metrics
[2025-03-21 22:51:21,118] INFO: mdt (7/2018): Updated existing record with 20 non-zero financial metrics
[2025-03-21 22:51:21,142] INFO: mdt (10/2018): Updated existing record with 15 non-zero financial metrics
[2025-03-21 22:51:21,166] INFO: mdt (1/2019): Updated existing record with 15 non-zero financial metrics
[2025-03-21 22:51:21,191] INFO: mdt (4/2019): Updated existing record with 20 non-zero financial metrics
[2025-03-21 22:51:21,217] INFO: mdt (10/2019): Updated existing record with 15 non-zero financial metrics
[2025-03-21 22:51:21,241] INFO: mdt (1/2020): Updated existing record with 15 non-zero financial metrics
[2025-03-21 22:51:21,265] INFO: mdt (4/2020): Updated existing record with 20 non-zero financial metrics
[2025-03-21 22:51:21,278] WARNING: mdt (7/2020): Found zero values for fields: Share Repurchases
[2025-03-21 22:51:21,291] INFO: mdt (7/2020): Updated existing record with 19 non-zero financial metrics
[2025-03-21 22:51:21,315] INFO: mdt (10/2020): Updated existing record with 15 non-zero financial metrics
[2025-03-21 22:51:21,340] INFO: mdt (1/2021): Updated existing record with 15 non-zero financial metrics
[2025-03-21 22:51:21,364] INFO: mdt (4/2021): Updated existing record with 20 non-zero financial metrics
[2025-03-21 22:51:21,389] INFO: mdt (7/2021): Updated existing record with 20 non-zero financial metrics
[2025-03-21 22:51:21,412] INFO: mdt (10/2021): Updated existing record with 15 non-zero financial metrics
[2025-03-21 22:51:21,436] INFO: mdt (1/2022): Updated existing record with 15 non-zero financial metrics
[2025-03-21 22:51:21,461] INFO: mdt (4/2022): Updated existing record with 20 non-zero financial metrics
[2025-03-21 22:51:21,487] INFO: mdt (7/2022): Updated existing record with 20 non-zero financial metrics
[2025-03-21 22:51:21,511] INFO: mdt (10/2022): Updated existing record with 15 non-zero financial metrics
[2025-03-21 22:51:21,536] INFO: mdt (1/2023): Updated existing record with 15 non-zero financial metrics
[2025-03-21 22:51:21,561] INFO: mdt (4/2023): Updated existing record with 20 non-zero financial metrics
[2025-03-21 22:51:21,586] INFO: mdt (7/2023): Updated existing record with 20 non-zero financial metrics
[2025-03-21 22:51:21,610] INFO: mdt (10/2023): Updated existing record with 15 non-zero financial metrics
[2025-03-21 22:51:21,635] INFO: mdt (1/2024): Updated existing record with 15 non-zero financial metrics
[2025-03-21 22:51:21,660] INFO: mdt (4/2024): Updated existing record with 20 non-zero financial metrics
[2025-03-21 22:51:21,685] INFO: mdt (7/2024): Updated existing record with 19 non-zero financial metrics
[2025-03-21 22:51:21,710] INFO: mdt (10/2024): Updated existing record with 14 non-zero financial metrics
[2025-03-21 22:51:21,723] INFO: Trying adjusted date: 2/2025 (original: 1/2025)
[2025-03-21 22:51:21,734] WARNING: mdt (1/2025): No existing record found(1/2025, 2025-01-24) - creating new one
[2025-03-21 22:51:21,735] INFO: mdt (1/2025): Created new record with 14 non-zero financial metrics
