[2025-03-22 14:14:38,686] INFO: Trying adjusted date: 4/2010 (original: 3/2010)
[2025-03-22 14:14:38,699] WARNING: mdu (3/2010): No existing record found(3/2010, 2010-03-31) - creating new one
[2025-03-22 14:14:38,702] INFO: mdu (3/2010): Created new record with 13 non-zero financial metrics
[2025-03-22 14:14:38,723] INFO: Trying adjusted date: 7/2010 (original: 6/2010)
[2025-03-22 14:14:38,737] WARNING: mdu (6/2010): No existing record found(6/2010, 2010-06-30) - creating new one
[2025-03-22 14:14:38,738] INFO: mdu (6/2010): Created new record with 10 non-zero financial metrics
[2025-03-22 14:14:38,755] INFO: Trying adjusted date: 10/2010 (original: 9/2010)
[2025-03-22 14:14:38,768] WARNING: mdu (9/2010): No existing record found(9/2010, 2010-09-30) - creating new one
[2025-03-22 14:14:38,769] INFO: mdu (9/2010): Created new record with 10 non-zero financial metrics
[2025-03-22 14:14:38,785] INFO: Trying adjusted date: 1/2011 (original: 12/2010)
[2025-03-22 14:14:38,799] WARNING: mdu (12/2010): No existing record found(12/2010, 2010-12-31) - creating new one
[2025-03-22 14:14:38,800] INFO: mdu (12/2010): Created new record with 13 non-zero financial metrics
[2025-03-22 14:14:38,818] INFO: Trying adjusted date: 4/2011 (original: 3/2011)
[2025-03-22 14:14:38,832] WARNING: mdu (3/2011): No existing record found(3/2011, 2011-03-31) - creating new one
[2025-03-22 14:14:38,833] INFO: mdu (3/2011): Created new record with 13 non-zero financial metrics
[2025-03-22 14:14:38,849] INFO: Trying adjusted date: 7/2011 (original: 6/2011)
[2025-03-22 14:14:38,863] WARNING: mdu (6/2011): No existing record found(6/2011, 2011-06-30) - creating new one
[2025-03-22 14:14:38,864] INFO: mdu (6/2011): Created new record with 10 non-zero financial metrics
[2025-03-22 14:14:38,882] INFO: Trying adjusted date: 10/2011 (original: 9/2011)
[2025-03-22 14:14:38,897] WARNING: mdu (9/2011): No existing record found(9/2011, 2011-09-30) - creating new one
[2025-03-22 14:14:38,897] INFO: mdu (9/2011): Created new record with 10 non-zero financial metrics
[2025-03-22 14:14:38,913] INFO: Trying adjusted date: 1/2012 (original: 12/2011)
[2025-03-22 14:14:38,927] WARNING: mdu (12/2011): No existing record found(12/2011, 2011-12-31) - creating new one
[2025-03-22 14:14:38,927] INFO: mdu (12/2011): Created new record with 14 non-zero financial metrics
[2025-03-22 14:14:38,943] INFO: Trying adjusted date: 4/2012 (original: 3/2012)
[2025-03-22 14:14:38,958] WARNING: mdu (3/2012): No existing record found(3/2012, 2012-03-31) - creating new one
[2025-03-22 14:14:38,959] INFO: mdu (3/2012): Created new record with 14 non-zero financial metrics
[2025-03-22 14:14:38,975] INFO: Trying adjusted date: 7/2012 (original: 6/2012)
[2025-03-22 14:14:38,989] WARNING: mdu (6/2012): No existing record found(6/2012, 2012-06-30) - creating new one
[2025-03-22 14:14:38,989] INFO: mdu (6/2012): Created new record with 11 non-zero financial metrics
[2025-03-22 14:14:39,019] INFO: mdu (9/2012): Updated existing record with 12 non-zero financial metrics
[2025-03-22 14:14:39,049] INFO: mdu (12/2012): Updated existing record with 15 non-zero financial metrics
[2025-03-22 14:14:39,080] INFO: mdu (3/2013): Updated existing record with 15 non-zero financial metrics
[2025-03-22 14:14:39,113] INFO: mdu (6/2013): Updated existing record with 12 non-zero financial metrics
[2025-03-22 14:14:39,143] INFO: mdu (9/2013): Updated existing record with 12 non-zero financial metrics
[2025-03-22 14:14:39,173] INFO: mdu (12/2013): Updated existing record with 15 non-zero financial metrics
[2025-03-22 14:14:39,203] INFO: mdu (3/2014): Updated existing record with 15 non-zero financial metrics
[2025-03-22 14:14:39,234] INFO: mdu (6/2014): Updated existing record with 12 non-zero financial metrics
[2025-03-22 14:14:39,264] INFO: mdu (9/2014): Updated existing record with 12 non-zero financial metrics
[2025-03-22 14:14:39,295] INFO: mdu (12/2014): Updated existing record with 15 non-zero financial metrics
[2025-03-22 14:14:39,325] INFO: mdu (3/2015): Updated existing record with 15 non-zero financial metrics
[2025-03-22 14:14:39,355] INFO: mdu (6/2015): Updated existing record with 12 non-zero financial metrics
[2025-03-22 14:14:39,385] INFO: mdu (9/2015): Updated existing record with 12 non-zero financial metrics
[2025-03-22 14:14:39,414] INFO: mdu (12/2015): Updated existing record with 15 non-zero financial metrics
[2025-03-22 14:14:39,445] INFO: mdu (3/2016): Updated existing record with 15 non-zero financial metrics
[2025-03-22 14:14:39,474] INFO: mdu (6/2016): Updated existing record with 12 non-zero financial metrics
[2025-03-22 14:14:39,505] INFO: mdu (9/2016): Updated existing record with 12 non-zero financial metrics
[2025-03-22 14:14:39,536] INFO: mdu (12/2016): Updated existing record with 16 non-zero financial metrics
[2025-03-22 14:14:39,567] INFO: mdu (3/2017): Updated existing record with 16 non-zero financial metrics
[2025-03-22 14:14:39,597] INFO: mdu (6/2017): Updated existing record with 12 non-zero financial metrics
[2025-03-22 14:14:39,628] INFO: mdu (9/2017): Updated existing record with 12 non-zero financial metrics
[2025-03-22 14:14:39,660] INFO: mdu (12/2017): Updated existing record with 17 non-zero financial metrics
[2025-03-22 14:14:39,690] INFO: mdu (3/2018): Updated existing record with 16 non-zero financial metrics
[2025-03-22 14:14:39,720] INFO: mdu (6/2018): Updated existing record with 12 non-zero financial metrics
[2025-03-22 14:14:39,751] INFO: mdu (9/2018): Updated existing record with 12 non-zero financial metrics
[2025-03-22 14:14:39,782] INFO: mdu (12/2018): Updated existing record with 17 non-zero financial metrics
[2025-03-22 14:14:39,799] WARNING: mdu (3/2019): Found zero values for fields: Share Repurchases
[2025-03-22 14:14:39,813] INFO: mdu (3/2019): Updated existing record with 16 non-zero financial metrics
[2025-03-22 14:14:39,844] INFO: mdu (6/2019): Updated existing record with 13 non-zero financial metrics
[2025-03-22 14:14:39,861] INFO: Trying adjusted date: 10/2019 (original: 9/2019)
[2025-03-22 14:14:39,876] WARNING: mdu (9/2019): No existing record found(9/2019, 2019-09-30) - creating new one
[2025-03-22 14:14:39,876] INFO: mdu (9/2019): Created new record with 13 non-zero financial metrics
[2025-03-22 14:14:39,892] INFO: Trying adjusted date: 1/2020 (original: 12/2019)
[2025-03-22 14:14:39,906] WARNING: mdu (12/2019): Found zero values for fields: Share Repurchases
[2025-03-22 14:14:39,906] WARNING: mdu (12/2019): No existing record found(12/2019, 2019-12-31) - creating new one
[2025-03-22 14:14:39,906] INFO: mdu (12/2019): Created new record with 16 non-zero financial metrics
[2025-03-22 14:14:39,922] INFO: Trying adjusted date: 4/2020 (original: 3/2020)
[2025-03-22 14:14:39,936] WARNING: mdu (3/2020): No existing record found(3/2020, 2020-03-31) - creating new one
[2025-03-22 14:14:39,937] INFO: mdu (3/2020): Created new record with 16 non-zero financial metrics
[2025-03-22 14:14:39,953] INFO: Trying adjusted date: 7/2020 (original: 6/2020)
[2025-03-22 14:14:39,967] WARNING: mdu (6/2020): No existing record found(6/2020, 2020-06-30) - creating new one
[2025-03-22 14:14:39,967] INFO: mdu (6/2020): Created new record with 13 non-zero financial metrics
[2025-03-22 14:14:39,983] INFO: Trying adjusted date: 10/2020 (original: 9/2020)
[2025-03-22 14:14:39,998] WARNING: mdu (9/2020): No existing record found(9/2020, 2020-09-30) - creating new one
[2025-03-22 14:14:39,998] INFO: mdu (9/2020): Created new record with 13 non-zero financial metrics
[2025-03-22 14:14:40,014] INFO: Trying adjusted date: 1/2021 (original: 12/2020)
[2025-03-22 14:14:40,028] WARNING: mdu (12/2020): Found zero values for fields: Share Repurchases
[2025-03-22 14:14:40,028] WARNING: mdu (12/2020): No existing record found(12/2020, 2020-12-31) - creating new one
[2025-03-22 14:14:40,029] INFO: mdu (12/2020): Created new record with 16 non-zero financial metrics
[2025-03-22 14:14:40,060] INFO: mdu (3/2021): Updated existing record with 17 non-zero financial metrics
[2025-03-22 14:14:40,091] INFO: mdu (6/2021): Updated existing record with 13 non-zero financial metrics
[2025-03-22 14:14:40,121] INFO: mdu (9/2021): Updated existing record with 13 non-zero financial metrics
[2025-03-22 14:14:40,151] INFO: mdu (12/2021): Updated existing record with 16 non-zero financial metrics
[2025-03-22 14:14:40,183] INFO: mdu (3/2022): Updated existing record with 16 non-zero financial metrics
[2025-03-22 14:14:40,213] INFO: mdu (6/2022): Updated existing record with 12 non-zero financial metrics
[2025-03-22 14:14:40,243] INFO: mdu (9/2022): Updated existing record with 12 non-zero financial metrics
[2025-03-22 14:14:40,274] INFO: mdu (12/2022): Updated existing record with 16 non-zero financial metrics
[2025-03-22 14:14:40,290] INFO: Trying adjusted date: 4/2023 (original: 3/2023)
[2025-03-22 14:14:40,304] WARNING: mdu (3/2023): No existing record found(3/2023, 2023-03-31) - creating new one
[2025-03-22 14:14:40,305] INFO: mdu (3/2023): Created new record with 16 non-zero financial metrics
[2025-03-22 14:14:40,322] INFO: Trying adjusted date: 7/2023 (original: 6/2023)
[2025-03-22 14:14:40,336] WARNING: mdu (6/2023): No existing record found(6/2023, 2023-06-30) - creating new one
[2025-03-22 14:14:40,336] INFO: mdu (6/2023): Created new record with 12 non-zero financial metrics
[2025-03-22 14:14:40,352] INFO: Trying adjusted date: 10/2023 (original: 9/2023)
[2025-03-22 14:14:40,366] WARNING: mdu (9/2023): No existing record found(9/2023, 2023-09-30) - creating new one
[2025-03-22 14:14:40,366] INFO: mdu (9/2023): Created new record with 12 non-zero financial metrics
[2025-03-22 14:14:40,383] INFO: Trying adjusted date: 1/2024 (original: 12/2023)
[2025-03-22 14:14:40,398] WARNING: mdu (12/2023): No existing record found(12/2023, 2023-12-31) - creating new one
[2025-03-22 14:14:40,398] INFO: mdu (12/2023): Created new record with 16 non-zero financial metrics
[2025-03-22 14:14:40,414] INFO: Trying adjusted date: 4/2024 (original: 3/2024)
[2025-03-22 14:14:40,429] WARNING: mdu (3/2024): Found zero values for fields: Share Repurchases
[2025-03-22 14:14:40,429] WARNING: mdu (3/2024): No existing record found(3/2024, 2024-03-31) - creating new one
[2025-03-22 14:14:40,429] INFO: mdu (3/2024): Created new record with 15 non-zero financial metrics
[2025-03-22 14:14:40,445] INFO: Trying adjusted date: 7/2024 (original: 6/2024)
[2025-03-22 14:14:40,460] WARNING: mdu (6/2024): No existing record found(6/2024, 2024-06-30) - creating new one
[2025-03-22 14:14:40,460] INFO: mdu (6/2024): Created new record with 11 non-zero financial metrics
[2025-03-22 14:14:40,490] INFO: mdu (9/2024): Updated existing record with 11 non-zero financial metrics
[2025-03-22 14:14:40,507] INFO: Trying adjusted date: 1/2025 (original: 12/2024)
[2025-03-22 14:14:40,521] WARNING: mdu (12/2024): Found zero values for fields: Share Repurchases
[2025-03-22 14:14:40,521] WARNING: mdu (12/2024): No existing record found(12/2024, 2024-12-31) - creating new one
[2025-03-22 14:14:40,522] INFO: mdu (12/2024): Created new record with 14 non-zero financial metrics
