[2025-03-22 01:25:15,350] INFO: Trying adjusted date: 7/2010 (original: 6/2010)
[2025-03-22 01:25:15,362] WARNING: meli (6/2010): No existing record found(6/2010, 2010-06-30) - creating new one
[2025-03-22 01:25:15,362] INFO: meli (6/2010): Created new record with 13 non-zero financial metrics
[2025-03-22 01:25:15,375] INFO: Trying adjusted date: 10/2010 (original: 9/2010)
[2025-03-22 01:25:15,389] WARNING: meli (9/2010): No existing record found(9/2010, 2010-09-30) - creating new one
[2025-03-22 01:25:15,390] INFO: meli (9/2010): Created new record with 13 non-zero financial metrics
[2025-03-22 01:25:15,403] INFO: Trying adjusted date: 1/2011 (original: 12/2010)
[2025-03-22 01:25:15,415] WARNING: meli (12/2010): No existing record found(12/2010, 2010-12-31) - creating new one
[2025-03-22 01:25:15,415] INFO: meli (12/2010): Created new record with 18 non-zero financial metrics
[2025-03-22 01:25:15,430] INFO: Trying adjusted date: 4/2011 (original: 3/2011)
[2025-03-22 01:25:15,443] WARNING: meli (3/2011): No existing record found(3/2011, 2011-03-31) - creating new one
[2025-03-22 01:25:15,443] INFO: meli (3/2011): Created new record with 18 non-zero financial metrics
[2025-03-22 01:25:15,457] INFO: Trying adjusted date: 7/2011 (original: 6/2011)
[2025-03-22 01:25:15,470] WARNING: meli (6/2011): No existing record found(6/2011, 2011-06-30) - creating new one
[2025-03-22 01:25:15,471] INFO: meli (6/2011): Created new record with 15 non-zero financial metrics
[2025-03-22 01:25:15,484] INFO: Trying adjusted date: 10/2011 (original: 9/2011)
[2025-03-22 01:25:15,496] WARNING: meli (9/2011): No existing record found(9/2011, 2011-09-30) - creating new one
[2025-03-22 01:25:15,496] INFO: meli (9/2011): Created new record with 15 non-zero financial metrics
[2025-03-22 01:25:15,509] INFO: Trying adjusted date: 1/2012 (original: 12/2011)
[2025-03-22 01:25:15,522] WARNING: meli (12/2011): No existing record found(12/2011, 2011-12-31) - creating new one
[2025-03-22 01:25:15,523] INFO: meli (12/2011): Created new record with 18 non-zero financial metrics
[2025-03-22 01:25:15,536] INFO: Trying adjusted date: 4/2012 (original: 3/2012)
[2025-03-22 01:25:15,549] WARNING: meli (3/2012): No existing record found(3/2012, 2012-03-31) - creating new one
[2025-03-22 01:25:15,549] INFO: meli (3/2012): Created new record with 18 non-zero financial metrics
[2025-03-22 01:25:15,562] INFO: Trying adjusted date: 7/2012 (original: 6/2012)
[2025-03-22 01:25:15,578] WARNING: meli (6/2012): No existing record found(6/2012, 2012-06-30) - creating new one
[2025-03-22 01:25:15,578] INFO: meli (6/2012): Created new record with 14 non-zero financial metrics
[2025-03-22 01:25:15,604] INFO: meli (9/2012): Updated existing record with 14 non-zero financial metrics
[2025-03-22 01:25:15,642] INFO: meli (12/2012): Updated existing record with 18 non-zero financial metrics
[2025-03-22 01:25:15,670] INFO: meli (3/2013): Updated existing record with 18 non-zero financial metrics
[2025-03-22 01:25:15,695] INFO: meli (6/2013): Updated existing record with 14 non-zero financial metrics
[2025-03-22 01:25:15,726] INFO: meli (9/2013): Updated existing record with 14 non-zero financial metrics
[2025-03-22 01:25:15,751] INFO: meli (12/2013): Updated existing record with 19 non-zero financial metrics
[2025-03-22 01:25:15,777] INFO: meli (3/2014): Updated existing record with 15 non-zero financial metrics
[2025-03-22 01:25:15,804] INFO: meli (6/2014): Updated existing record with 14 non-zero financial metrics
[2025-03-22 01:25:15,829] INFO: meli (9/2014): Updated existing record with 15 non-zero financial metrics
[2025-03-22 01:25:15,856] INFO: meli (12/2014): Updated existing record with 17 non-zero financial metrics
[2025-03-22 01:25:15,882] INFO: meli (3/2015): Updated existing record with 16 non-zero financial metrics
[2025-03-22 01:25:15,909] INFO: meli (6/2015): Updated existing record with 15 non-zero financial metrics
[2025-03-22 01:25:15,935] INFO: meli (9/2015): Updated existing record with 16 non-zero financial metrics
[2025-03-22 01:25:15,961] INFO: meli (12/2015): Updated existing record with 18 non-zero financial metrics
[2025-03-22 01:25:15,987] INFO: meli (3/2016): Updated existing record with 17 non-zero financial metrics
[2025-03-22 01:25:16,012] INFO: meli (6/2016): Updated existing record with 16 non-zero financial metrics
[2025-03-22 01:25:16,041] INFO: meli (9/2016): Updated existing record with 16 non-zero financial metrics
[2025-03-22 01:25:16,069] INFO: meli (12/2016): Updated existing record with 17 non-zero financial metrics
[2025-03-22 01:25:16,095] INFO: meli (3/2017): Updated existing record with 17 non-zero financial metrics
[2025-03-22 01:25:16,120] INFO: meli (6/2017): Updated existing record with 16 non-zero financial metrics
[2025-03-22 01:25:16,144] INFO: meli (9/2017): Updated existing record with 16 non-zero financial metrics
[2025-03-22 01:25:16,170] INFO: meli (12/2017): Updated existing record with 20 non-zero financial metrics
[2025-03-22 01:25:16,195] INFO: meli (3/2018): Updated existing record with 22 non-zero financial metrics
[2025-03-22 01:25:16,221] INFO: meli (6/2018): Updated existing record with 18 non-zero financial metrics
[2025-03-22 01:25:16,247] INFO: meli (9/2018): Updated existing record with 17 non-zero financial metrics
[2025-03-22 01:25:16,272] INFO: meli (12/2018): Updated existing record with 22 non-zero financial metrics
[2025-03-22 01:25:16,298] INFO: meli (3/2019): Updated existing record with 22 non-zero financial metrics
[2025-03-22 01:25:16,323] INFO: meli (6/2019): Updated existing record with 18 non-zero financial metrics
[2025-03-22 01:25:16,338] INFO: Trying adjusted date: 10/2019 (original: 9/2019)
[2025-03-22 01:25:16,350] WARNING: meli (9/2019): No existing record found(9/2019, 2019-09-30) - creating new one
[2025-03-22 01:25:16,351] INFO: meli (9/2019): Created new record with 18 non-zero financial metrics
[2025-03-22 01:25:16,376] INFO: meli (12/2019): Updated existing record with 23 non-zero financial metrics
[2025-03-22 01:25:16,405] INFO: meli (3/2020): Updated existing record with 22 non-zero financial metrics
[2025-03-22 01:25:16,419] INFO: Trying adjusted date: 7/2020 (original: 6/2020)
[2025-03-22 01:25:16,430] WARNING: meli (6/2020): No existing record found(6/2020, 2020-06-30) - creating new one
[2025-03-22 01:25:16,433] INFO: meli (6/2020): Created new record with 18 non-zero financial metrics
[2025-03-22 01:25:16,459] INFO: meli (9/2020): Updated existing record with 18 non-zero financial metrics
[2025-03-22 01:25:16,487] INFO: meli (12/2020): Updated existing record with 23 non-zero financial metrics
[2025-03-22 01:25:16,513] INFO: meli (3/2021): Updated existing record with 23 non-zero financial metrics
[2025-03-22 01:25:16,526] INFO: Trying adjusted date: 7/2021 (original: 6/2021)
[2025-03-22 01:25:16,538] WARNING: meli (6/2021): No existing record found(6/2021, 2021-06-30) - creating new one
[2025-03-22 01:25:16,539] INFO: meli (6/2021): Created new record with 18 non-zero financial metrics
[2025-03-22 01:25:16,565] INFO: meli (9/2021): Updated existing record with 18 non-zero financial metrics
[2025-03-22 01:25:16,591] INFO: meli (12/2021): Updated existing record with 23 non-zero financial metrics
[2025-03-22 01:25:16,617] INFO: meli (3/2022): Updated existing record with 23 non-zero financial metrics
[2025-03-22 01:25:16,643] INFO: meli (6/2022): Updated existing record with 18 non-zero financial metrics
[2025-03-22 01:25:16,669] INFO: meli (9/2022): Updated existing record with 19 non-zero financial metrics
[2025-03-22 01:25:16,694] INFO: meli (12/2022): Updated existing record with 24 non-zero financial metrics
[2025-03-22 01:25:16,723] INFO: meli (3/2023): Updated existing record with 24 non-zero financial metrics
[2025-03-22 01:25:16,748] INFO: meli (6/2023): Updated existing record with 20 non-zero financial metrics
[2025-03-22 01:25:16,774] INFO: meli (9/2023): Updated existing record with 20 non-zero financial metrics
[2025-03-22 01:25:16,800] INFO: meli (12/2023): Updated existing record with 25 non-zero financial metrics
[2025-03-22 01:25:16,813] WARNING: meli (3/2024): Found zero values for fields: Share Repurchases, Financing Cash Flow
[2025-03-22 01:25:16,826] INFO: meli (3/2024): Updated existing record with 23 non-zero financial metrics
[2025-03-22 01:25:16,851] INFO: meli (6/2024): Updated existing record with 20 non-zero financial metrics
[2025-03-22 01:25:16,876] INFO: meli (9/2024): Updated existing record with 20 non-zero financial metrics
[2025-03-22 01:25:16,889] INFO: Trying adjusted date: 1/2025 (original: 12/2024)
[2025-03-22 01:25:16,902] WARNING: meli (12/2024): No existing record found(12/2024, 2024-12-31) - creating new one
[2025-03-22 01:25:16,902] INFO: meli (12/2024): Created new record with 24 non-zero financial metrics
