[2025-03-22 01:02:12,710] INFO: Trying adjusted date: 4/2010 (original: 3/2010)
[2025-03-22 01:02:12,722] WARNING: met (3/2010): No existing record found(3/2010, 2010-03-31) - creating new one
[2025-03-22 01:02:12,722] INFO: met (3/2010): Created new record with 13 non-zero financial metrics
[2025-03-22 01:02:12,748] INFO: Trying adjusted date: 7/2010 (original: 6/2010)
[2025-03-22 01:02:12,760] WARNING: met (6/2010): No existing record found(6/2010, 2010-06-30) - creating new one
[2025-03-22 01:02:12,761] INFO: met (6/2010): Created new record with 11 non-zero financial metrics
[2025-03-22 01:02:12,774] INFO: Trying adjusted date: 10/2010 (original: 9/2010)
[2025-03-22 01:02:12,785] WARNING: met (9/2010): No existing record found(9/2010, 2010-09-30) - creating new one
[2025-03-22 01:02:12,786] INFO: met (9/2010): Created new record with 11 non-zero financial metrics
[2025-03-22 01:02:12,800] INFO: Trying adjusted date: 1/2011 (original: 12/2010)
[2025-03-22 01:02:12,812] WARNING: met (12/2010): Found zero values for fields: Share Repurchases
[2025-03-22 01:02:12,812] WARNING: met (12/2010): No existing record found(12/2010, 2010-12-31) - creating new one
[2025-03-22 01:02:12,812] INFO: met (12/2010): Created new record with 14 non-zero financial metrics
[2025-03-22 01:02:12,825] INFO: Trying adjusted date: 4/2011 (original: 3/2011)
[2025-03-22 01:02:12,836] WARNING: met (3/2011): No existing record found(3/2011, 2011-03-31) - creating new one
[2025-03-22 01:02:12,837] INFO: met (3/2011): Created new record with 14 non-zero financial metrics
[2025-03-22 01:02:12,850] INFO: Trying adjusted date: 7/2011 (original: 6/2011)
[2025-03-22 01:02:12,863] WARNING: met (6/2011): No existing record found(6/2011, 2011-06-30) - creating new one
[2025-03-22 01:02:12,864] INFO: met (6/2011): Created new record with 10 non-zero financial metrics
[2025-03-22 01:02:12,877] INFO: Trying adjusted date: 10/2011 (original: 9/2011)
[2025-03-22 01:02:12,889] WARNING: met (9/2011): No existing record found(9/2011, 2011-09-30) - creating new one
[2025-03-22 01:02:12,889] INFO: met (9/2011): Created new record with 10 non-zero financial metrics
[2025-03-22 01:02:12,902] INFO: Trying adjusted date: 1/2012 (original: 12/2011)
[2025-03-22 01:02:12,914] WARNING: met (12/2011): No existing record found(12/2011, 2011-12-31) - creating new one
[2025-03-22 01:02:12,914] INFO: met (12/2011): Created new record with 14 non-zero financial metrics
[2025-03-22 01:02:12,928] INFO: Trying adjusted date: 4/2012 (original: 3/2012)
[2025-03-22 01:02:12,940] WARNING: met (3/2012): No existing record found(3/2012, 2012-03-31) - creating new one
[2025-03-22 01:02:12,940] INFO: met (3/2012): Created new record with 13 non-zero financial metrics
[2025-03-22 01:02:12,965] INFO: met (6/2012): Updated existing record with 10 non-zero financial metrics
[2025-03-22 01:02:12,991] INFO: met (9/2012): Updated existing record with 9 non-zero financial metrics
[2025-03-22 01:02:13,016] INFO: met (12/2012): Updated existing record with 13 non-zero financial metrics
[2025-03-22 01:02:13,030] WARNING: met (3/2013): Found zero values for fields: Deposits
[2025-03-22 01:02:13,042] INFO: met (3/2013): Updated existing record with 11 non-zero financial metrics
[2025-03-22 01:02:13,055] WARNING: met (6/2013): Found zero values for fields: Deposits
[2025-03-22 01:02:13,067] INFO: met (6/2013): Updated existing record with 8 non-zero financial metrics
[2025-03-22 01:02:13,082] WARNING: met (9/2013): Found zero values for fields: Deposits
[2025-03-22 01:02:13,095] INFO: met (9/2013): Updated existing record with 8 non-zero financial metrics
[2025-03-22 01:02:13,108] WARNING: met (12/2013): Found zero values for fields: Deposits
[2025-03-22 01:02:13,120] INFO: met (12/2013): Updated existing record with 12 non-zero financial metrics
[2025-03-22 01:02:13,144] INFO: met (3/2014): Updated existing record with 11 non-zero financial metrics
[2025-03-22 01:02:13,169] INFO: met (6/2014): Updated existing record with 8 non-zero financial metrics
[2025-03-22 01:02:13,195] INFO: met (9/2014): Updated existing record with 8 non-zero financial metrics
[2025-03-22 01:02:13,219] INFO: met (12/2014): Updated existing record with 13 non-zero financial metrics
[2025-03-22 01:02:13,245] INFO: met (3/2015): Updated existing record with 12 non-zero financial metrics
[2025-03-22 01:02:13,270] INFO: met (6/2015): Updated existing record with 8 non-zero financial metrics
[2025-03-22 01:02:13,295] INFO: met (9/2015): Updated existing record with 8 non-zero financial metrics
[2025-03-22 01:02:13,320] INFO: met (12/2015): Updated existing record with 13 non-zero financial metrics
[2025-03-22 01:02:13,346] INFO: met (3/2016): Updated existing record with 12 non-zero financial metrics
[2025-03-22 01:02:13,371] INFO: met (6/2016): Updated existing record with 8 non-zero financial metrics
[2025-03-22 01:02:13,396] INFO: met (9/2016): Updated existing record with 8 non-zero financial metrics
[2025-03-22 01:02:13,422] INFO: met (12/2016): Updated existing record with 13 non-zero financial metrics
[2025-03-22 01:02:13,449] INFO: met (3/2017): Updated existing record with 12 non-zero financial metrics
[2025-03-22 01:02:13,474] INFO: met (6/2017): Updated existing record with 8 non-zero financial metrics
[2025-03-22 01:02:13,501] INFO: met (9/2017): Updated existing record with 8 non-zero financial metrics
[2025-03-22 01:02:13,527] INFO: met (12/2017): Updated existing record with 15 non-zero financial metrics
[2025-03-22 01:02:13,551] INFO: met (3/2018): Updated existing record with 14 non-zero financial metrics
[2025-03-22 01:02:13,577] INFO: met (6/2018): Updated existing record with 10 non-zero financial metrics
[2025-03-22 01:02:13,601] INFO: met (9/2018): Updated existing record with 10 non-zero financial metrics
[2025-03-22 01:02:13,626] INFO: met (12/2018): Updated existing record with 15 non-zero financial metrics
[2025-03-22 01:02:13,651] INFO: met (3/2019): Updated existing record with 14 non-zero financial metrics
[2025-03-22 01:02:13,679] INFO: met (6/2019): Updated existing record with 10 non-zero financial metrics
[2025-03-22 01:02:13,705] INFO: met (9/2019): Updated existing record with 10 non-zero financial metrics
[2025-03-22 01:02:13,733] INFO: met (12/2019): Updated existing record with 16 non-zero financial metrics
[2025-03-22 01:02:13,746] WARNING: met (3/2020): Found zero values for fields: Loans Held for Sale
[2025-03-22 01:02:13,758] INFO: met (3/2020): Updated existing record with 14 non-zero financial metrics
[2025-03-22 01:02:13,771] WARNING: met (6/2020): Found zero values for fields: Loans Held for Sale
[2025-03-22 01:02:13,786] INFO: met (6/2020): Updated existing record with 10 non-zero financial metrics
[2025-03-22 01:02:13,799] WARNING: met (9/2020): Found zero values for fields: Loans Held for Sale
[2025-03-22 01:02:13,811] INFO: met (9/2020): Updated existing record with 10 non-zero financial metrics
[2025-03-22 01:02:13,825] WARNING: met (12/2020): Found zero values for fields: Loans Held for Sale
[2025-03-22 01:02:13,837] INFO: met (12/2020): Updated existing record with 15 non-zero financial metrics
[2025-03-22 01:02:13,862] INFO: met (3/2021): Updated existing record with 14 non-zero financial metrics
[2025-03-22 01:02:13,889] INFO: met (6/2021): Updated existing record with 10 non-zero financial metrics
[2025-03-22 01:02:13,913] INFO: met (9/2021): Updated existing record with 10 non-zero financial metrics
[2025-03-22 01:02:13,940] INFO: met (12/2021): Updated existing record with 16 non-zero financial metrics
[2025-03-22 01:02:13,965] INFO: met (3/2022): Updated existing record with 15 non-zero financial metrics
[2025-03-22 01:02:13,990] INFO: met (6/2022): Updated existing record with 12 non-zero financial metrics
[2025-03-22 01:02:14,016] INFO: met (9/2022): Updated existing record with 11 non-zero financial metrics
[2025-03-22 01:02:14,041] INFO: met (12/2022): Updated existing record with 16 non-zero financial metrics
[2025-03-22 01:02:14,068] INFO: met (3/2023): Updated existing record with 15 non-zero financial metrics
[2025-03-22 01:02:14,093] INFO: met (6/2023): Updated existing record with 11 non-zero financial metrics
[2025-03-22 01:02:14,119] INFO: met (9/2023): Updated existing record with 11 non-zero financial metrics
[2025-03-22 01:02:14,144] INFO: met (12/2023): Updated existing record with 16 non-zero financial metrics
[2025-03-22 01:02:14,170] INFO: met (3/2024): Updated existing record with 15 non-zero financial metrics
[2025-03-22 01:02:14,198] INFO: met (6/2024): Updated existing record with 11 non-zero financial metrics
[2025-03-22 01:02:14,225] INFO: met (9/2024): Updated existing record with 11 non-zero financial metrics
[2025-03-22 01:02:14,239] INFO: Trying adjusted date: 1/2025 (original: 12/2024)
[2025-03-22 01:02:14,251] WARNING: met (12/2024): No existing record found(12/2024, 2024-12-31) - creating new one
[2025-03-22 01:02:14,252] INFO: met (12/2024): Created new record with 17 non-zero financial metrics
