[2025-03-22 13:09:32,134] INFO: Trying adjusted date: 6/2010 (original: 7/2010)
[2025-03-22 13:09:32,148] WARNING: mhk (7/2010): No existing record found(7/2010, 2010-07-03) - creating new one
[2025-03-22 13:09:32,149] INFO: mhk (7/2010): Created new record with 13 non-zero financial metrics
[2025-03-22 13:09:32,167] INFO: Trying adjusted date: 9/2010 (original: 10/2010)
[2025-03-22 13:09:32,182] WARNING: mhk (10/2010): No existing record found(10/2010, 2010-10-02) - creating new one
[2025-03-22 13:09:32,182] INFO: mhk (10/2010): Created new record with 13 non-zero financial metrics
[2025-03-22 13:09:32,200] INFO: Trying adjusted date: 1/2011 (original: 12/2010)
[2025-03-22 13:09:32,214] WARNING: mhk (12/2010): No existing record found(12/2010, 2010-12-31) - creating new one
[2025-03-22 13:09:32,215] INFO: mhk (12/2010): Created new record with 17 non-zero financial metrics
[2025-03-22 13:09:32,231] INFO: Trying adjusted date: 3/2011 (original: 4/2011)
[2025-03-22 13:09:32,246] WARNING: mhk (4/2011): No existing record found(4/2011, 2011-04-02) - creating new one
[2025-03-22 13:09:32,246] INFO: mhk (4/2011): Created new record with 17 non-zero financial metrics
[2025-03-22 13:09:32,262] INFO: Trying adjusted date: 6/2011 (original: 7/2011)
[2025-03-22 13:09:32,276] WARNING: mhk (7/2011): No existing record found(7/2011, 2011-07-02) - creating new one
[2025-03-22 13:09:32,276] INFO: mhk (7/2011): Created new record with 13 non-zero financial metrics
[2025-03-22 13:09:32,292] INFO: Trying adjusted date: 9/2011 (original: 10/2011)
[2025-03-22 13:09:32,306] WARNING: mhk (10/2011): No existing record found(10/2011, 2011-10-01) - creating new one
[2025-03-22 13:09:32,306] INFO: mhk (10/2011): Created new record with 13 non-zero financial metrics
[2025-03-22 13:09:32,322] INFO: Trying adjusted date: 1/2012 (original: 12/2011)
[2025-03-22 13:09:32,336] WARNING: mhk (12/2011): No existing record found(12/2011, 2011-12-31) - creating new one
[2025-03-22 13:09:32,337] INFO: mhk (12/2011): Created new record with 18 non-zero financial metrics
[2025-03-22 13:09:32,352] INFO: Trying adjusted date: 4/2012 (original: 3/2012)
[2025-03-22 13:09:32,366] WARNING: mhk (3/2012): No existing record found(3/2012, 2012-03-31) - creating new one
[2025-03-22 13:09:32,367] INFO: mhk (3/2012): Created new record with 17 non-zero financial metrics
[2025-03-22 13:09:32,383] INFO: Trying adjusted date: 7/2012 (original: 6/2012)
[2025-03-22 13:09:32,397] WARNING: mhk (6/2012): No existing record found(6/2012, 2012-06-30) - creating new one
[2025-03-22 13:09:32,397] INFO: mhk (6/2012): Created new record with 13 non-zero financial metrics
[2025-03-22 13:09:32,427] INFO: mhk (9/2012): Updated existing record with 13 non-zero financial metrics
[2025-03-22 13:09:32,457] INFO: mhk (12/2012): Updated existing record with 18 non-zero financial metrics
[2025-03-22 13:09:32,487] INFO: mhk (3/2013): Updated existing record with 17 non-zero financial metrics
[2025-03-22 13:09:32,517] INFO: mhk (6/2013): Updated existing record with 13 non-zero financial metrics
[2025-03-22 13:09:32,547] INFO: mhk (9/2013): Updated existing record with 14 non-zero financial metrics
[2025-03-22 13:09:32,577] INFO: mhk (12/2013): Updated existing record with 19 non-zero financial metrics
[2025-03-22 13:09:32,607] INFO: mhk (3/2014): Updated existing record with 18 non-zero financial metrics
[2025-03-22 13:09:32,637] INFO: mhk (6/2014): Updated existing record with 14 non-zero financial metrics
[2025-03-22 13:09:32,667] INFO: mhk (9/2014): Updated existing record with 14 non-zero financial metrics
[2025-03-22 13:09:32,696] INFO: mhk (12/2014): Updated existing record with 19 non-zero financial metrics
[2025-03-22 13:09:32,713] INFO: Trying adjusted date: 3/2015 (original: 4/2015)
[2025-03-22 13:09:32,727] INFO: Found existing row with adjusted date: 3/2015
[2025-03-22 13:09:32,741] INFO: mhk (3/2015): Updated existing record with 17 non-zero financial metrics
[2025-03-22 13:09:32,758] INFO: Trying adjusted date: 6/2015 (original: 7/2015)
[2025-03-22 13:09:32,771] INFO: Found existing row with adjusted date: 6/2015
[2025-03-22 13:09:32,785] INFO: mhk (6/2015): Updated existing record with 13 non-zero financial metrics
[2025-03-22 13:09:32,801] INFO: Trying adjusted date: 9/2015 (original: 10/2015)
[2025-03-22 13:09:32,815] INFO: Found existing row with adjusted date: 9/2015
[2025-03-22 13:09:32,828] INFO: mhk (9/2015): Updated existing record with 13 non-zero financial metrics
[2025-03-22 13:09:32,858] INFO: mhk (12/2015): Updated existing record with 17 non-zero financial metrics
[2025-03-22 13:09:32,874] INFO: Trying adjusted date: 3/2016 (original: 4/2016)
[2025-03-22 13:09:32,888] INFO: Found existing row with adjusted date: 3/2016
[2025-03-22 13:09:32,902] INFO: mhk (3/2016): Updated existing record with 17 non-zero financial metrics
[2025-03-22 13:09:32,918] INFO: Trying adjusted date: 6/2016 (original: 7/2016)
[2025-03-22 13:09:32,932] INFO: Found existing row with adjusted date: 6/2016
[2025-03-22 13:09:32,946] INFO: mhk (6/2016): Updated existing record with 13 non-zero financial metrics
[2025-03-22 13:09:32,962] INFO: Trying adjusted date: 9/2016 (original: 10/2016)
[2025-03-22 13:09:32,976] INFO: Found existing row with adjusted date: 9/2016
[2025-03-22 13:09:32,989] INFO: mhk (9/2016): Updated existing record with 13 non-zero financial metrics
[2025-03-22 13:09:33,019] INFO: mhk (12/2016): Updated existing record with 18 non-zero financial metrics
[2025-03-22 13:09:33,035] INFO: Trying adjusted date: 3/2017 (original: 4/2017)
[2025-03-22 13:09:33,050] INFO: Found existing row with adjusted date: 3/2017
[2025-03-22 13:09:33,063] INFO: mhk (3/2017): Updated existing record with 17 non-zero financial metrics
[2025-03-22 13:09:33,080] INFO: Trying adjusted date: 6/2017 (original: 7/2017)
[2025-03-22 13:09:33,093] INFO: Found existing row with adjusted date: 6/2017
[2025-03-22 13:09:33,106] INFO: mhk (6/2017): Updated existing record with 13 non-zero financial metrics
[2025-03-22 13:09:33,135] INFO: mhk (9/2017): Updated existing record with 13 non-zero financial metrics
[2025-03-22 13:09:33,165] INFO: mhk (12/2017): Updated existing record with 18 non-zero financial metrics
[2025-03-22 13:09:33,197] INFO: mhk (3/2018): Updated existing record with 18 non-zero financial metrics
[2025-03-22 13:09:33,226] INFO: mhk (6/2018): Updated existing record with 15 non-zero financial metrics
[2025-03-22 13:09:33,256] INFO: mhk (9/2018): Updated existing record with 15 non-zero financial metrics
[2025-03-22 13:09:33,287] INFO: mhk (12/2018): Updated existing record with 21 non-zero financial metrics
[2025-03-22 13:09:33,318] INFO: mhk (3/2019): Updated existing record with 19 non-zero financial metrics
[2025-03-22 13:09:33,349] INFO: mhk (6/2019): Updated existing record with 15 non-zero financial metrics
[2025-03-22 13:09:33,379] INFO: mhk (9/2019): Updated existing record with 15 non-zero financial metrics
[2025-03-22 13:09:33,410] INFO: mhk (12/2019): Updated existing record with 21 non-zero financial metrics
[2025-03-22 13:09:33,439] INFO: mhk (3/2020): Updated existing record with 20 non-zero financial metrics
[2025-03-22 13:09:33,471] INFO: mhk (6/2020): Updated existing record with 15 non-zero financial metrics
[2025-03-22 13:09:33,501] INFO: mhk (9/2020): Updated existing record with 15 non-zero financial metrics
[2025-03-22 13:09:33,531] INFO: mhk (12/2020): Updated existing record with 21 non-zero financial metrics
[2025-03-22 13:09:33,547] INFO: Trying adjusted date: 3/2021 (original: 4/2021)
[2025-03-22 13:09:33,561] INFO: Found existing row with adjusted date: 3/2021
[2025-03-22 13:09:33,576] INFO: mhk (3/2021): Updated existing record with 20 non-zero financial metrics
[2025-03-22 13:09:33,592] INFO: Trying adjusted date: 6/2021 (original: 7/2021)
[2025-03-22 13:09:33,605] INFO: Found existing row with adjusted date: 6/2021
[2025-03-22 13:09:33,619] INFO: mhk (6/2021): Updated existing record with 15 non-zero financial metrics
[2025-03-22 13:09:33,634] INFO: Trying adjusted date: 9/2021 (original: 10/2021)
[2025-03-22 13:09:33,648] INFO: Found existing row with adjusted date: 9/2021
[2025-03-22 13:09:33,662] INFO: mhk (9/2021): Updated existing record with 15 non-zero financial metrics
[2025-03-22 13:09:33,692] INFO: mhk (12/2021): Updated existing record with 21 non-zero financial metrics
[2025-03-22 13:09:33,709] INFO: Trying adjusted date: 3/2022 (original: 4/2022)
[2025-03-22 13:09:33,722] INFO: Found existing row with adjusted date: 3/2022
[2025-03-22 13:09:33,737] INFO: mhk (3/2022): Updated existing record with 20 non-zero financial metrics
[2025-03-22 13:09:33,753] INFO: Trying adjusted date: 6/2022 (original: 7/2022)
[2025-03-22 13:09:33,767] INFO: Found existing row with adjusted date: 6/2022
[2025-03-22 13:09:33,782] INFO: mhk (6/2022): Updated existing record with 15 non-zero financial metrics
[2025-03-22 13:09:33,799] INFO: Trying adjusted date: 9/2022 (original: 10/2022)
[2025-03-22 13:09:33,813] INFO: Found existing row with adjusted date: 9/2022
[2025-03-22 13:09:33,827] INFO: mhk (9/2022): Updated existing record with 15 non-zero financial metrics
[2025-03-22 13:09:33,857] INFO: mhk (12/2022): Updated existing record with 21 non-zero financial metrics
[2025-03-22 13:09:33,876] INFO: Trying adjusted date: 3/2023 (original: 4/2023)
[2025-03-22 13:09:33,890] INFO: Found existing row with adjusted date: 3/2023
[2025-03-22 13:09:33,890] WARNING: mhk (3/2023): Found zero values for fields: Share Repurchases
[2025-03-22 13:09:33,905] INFO: mhk (3/2023): Updated existing record with 19 non-zero financial metrics
[2025-03-22 13:09:33,921] INFO: Trying adjusted date: 6/2023 (original: 7/2023)
[2025-03-22 13:09:33,934] INFO: Found existing row with adjusted date: 6/2023
[2025-03-22 13:09:33,948] INFO: mhk (6/2023): Updated existing record with 15 non-zero financial metrics
[2025-03-22 13:09:33,977] INFO: mhk (9/2023): Updated existing record with 15 non-zero financial metrics
[2025-03-22 13:09:33,993] WARNING: mhk (12/2023): Found zero values for fields: Share Repurchases
[2025-03-22 13:09:34,007] INFO: mhk (12/2023): Updated existing record with 20 non-zero financial metrics
[2025-03-22 13:09:34,037] INFO: mhk (3/2024): Updated existing record with 19 non-zero financial metrics
[2025-03-22 13:09:34,066] INFO: mhk (6/2024): Updated existing record with 14 non-zero financial metrics
[2025-03-22 13:09:34,096] INFO: mhk (9/2024): Updated existing record with 14 non-zero financial metrics
[2025-03-22 13:09:34,113] INFO: Trying adjusted date: 1/2025 (original: 12/2024)
[2025-03-22 13:09:34,127] WARNING: mhk (12/2024): No existing record found(12/2024, 2024-12-31) - creating new one
[2025-03-22 13:09:34,127] INFO: mhk (12/2024): Created new record with 20 non-zero financial metrics
