[2025-03-22 10:12:25,027] INFO: Trying adjusted date: 7/2011 (original: 6/2011)
[2025-03-22 10:12:25,040] WARNING: mktx (6/2011): No existing record found(6/2011, 2011-06-30) - creating new one
[2025-03-22 10:12:25,040] INFO: mktx (6/2011): Created new record with 10 non-zero financial metrics
[2025-03-22 10:12:25,057] INFO: Trying adjusted date: 10/2011 (original: 9/2011)
[2025-03-22 10:12:25,071] WARNING: mktx (9/2011): No existing record found(9/2011, 2011-09-30) - creating new one
[2025-03-22 10:12:25,071] INFO: mktx (9/2011): Created new record with 10 non-zero financial metrics
[2025-03-22 10:12:25,088] INFO: Trying adjusted date: 1/2012 (original: 12/2011)
[2025-03-22 10:12:25,102] WARNING: mktx (12/2011): No existing record found(12/2011, 2011-12-31) - creating new one
[2025-03-22 10:12:25,102] INFO: mktx (12/2011): Created new record with 14 non-zero financial metrics
[2025-03-22 10:12:25,120] INFO: Trying adjusted date: 4/2012 (original: 3/2012)
[2025-03-22 10:12:25,133] WARNING: mktx (3/2012): No existing record found(3/2012, 2012-03-31) - creating new one
[2025-03-22 10:12:25,134] INFO: mktx (3/2012): Created new record with 14 non-zero financial metrics
[2025-03-22 10:12:25,150] INFO: Trying adjusted date: 7/2012 (original: 6/2012)
[2025-03-22 10:12:25,164] WARNING: mktx (6/2012): No existing record found(6/2012, 2012-06-30) - creating new one
[2025-03-22 10:12:25,164] INFO: mktx (6/2012): Created new record with 11 non-zero financial metrics
[2025-03-22 10:12:25,194] INFO: mktx (9/2012): Updated existing record with 11 non-zero financial metrics
[2025-03-22 10:12:25,225] INFO: mktx (12/2012): Updated existing record with 16 non-zero financial metrics
[2025-03-22 10:12:25,253] INFO: mktx (3/2013): Updated existing record with 14 non-zero financial metrics
[2025-03-22 10:12:25,283] INFO: mktx (6/2013): Updated existing record with 11 non-zero financial metrics
[2025-03-22 10:12:25,311] INFO: mktx (9/2013): Updated existing record with 11 non-zero financial metrics
[2025-03-22 10:12:25,342] INFO: mktx (12/2013): Updated existing record with 15 non-zero financial metrics
[2025-03-22 10:12:25,371] INFO: mktx (3/2014): Updated existing record with 15 non-zero financial metrics
[2025-03-22 10:12:25,401] INFO: mktx (6/2014): Updated existing record with 10 non-zero financial metrics
[2025-03-22 10:12:25,431] INFO: mktx (9/2014): Updated existing record with 10 non-zero financial metrics
[2025-03-22 10:12:25,460] INFO: mktx (12/2014): Updated existing record with 12 non-zero financial metrics
[2025-03-22 10:12:25,489] INFO: mktx (3/2015): Updated existing record with 12 non-zero financial metrics
[2025-03-22 10:12:25,518] INFO: mktx (6/2015): Updated existing record with 10 non-zero financial metrics
[2025-03-22 10:12:25,547] INFO: mktx (9/2015): Updated existing record with 10 non-zero financial metrics
[2025-03-22 10:12:25,580] INFO: mktx (12/2015): Updated existing record with 15 non-zero financial metrics
[2025-03-22 10:12:25,608] INFO: mktx (3/2016): Updated existing record with 15 non-zero financial metrics
[2025-03-22 10:12:25,636] INFO: mktx (6/2016): Updated existing record with 10 non-zero financial metrics
[2025-03-22 10:12:25,667] INFO: mktx (9/2016): Updated existing record with 10 non-zero financial metrics
[2025-03-22 10:12:25,695] INFO: mktx (12/2016): Updated existing record with 12 non-zero financial metrics
[2025-03-22 10:12:25,724] INFO: mktx (3/2017): Updated existing record with 12 non-zero financial metrics
[2025-03-22 10:12:25,753] INFO: mktx (6/2017): Updated existing record with 10 non-zero financial metrics
[2025-03-22 10:12:25,782] INFO: mktx (9/2017): Updated existing record with 10 non-zero financial metrics
[2025-03-22 10:12:25,813] INFO: mktx (12/2017): Updated existing record with 12 non-zero financial metrics
[2025-03-22 10:12:25,842] INFO: mktx (3/2018): Updated existing record with 14 non-zero financial metrics
[2025-03-22 10:12:25,870] INFO: mktx (6/2018): Updated existing record with 12 non-zero financial metrics
[2025-03-22 10:12:25,899] INFO: mktx (9/2018): Updated existing record with 12 non-zero financial metrics
[2025-03-22 10:12:25,928] INFO: mktx (12/2018): Updated existing record with 17 non-zero financial metrics
[2025-03-22 10:12:25,957] INFO: mktx (3/2019): Updated existing record with 17 non-zero financial metrics
[2025-03-22 10:12:25,986] INFO: mktx (6/2019): Updated existing record with 12 non-zero financial metrics
[2025-03-22 10:12:26,016] INFO: mktx (9/2019): Updated existing record with 12 non-zero financial metrics
[2025-03-22 10:12:26,045] INFO: mktx (12/2019): Updated existing record with 18 non-zero financial metrics
[2025-03-22 10:12:26,074] INFO: mktx (3/2020): Updated existing record with 18 non-zero financial metrics
[2025-03-22 10:12:26,107] INFO: mktx (6/2020): Updated existing record with 13 non-zero financial metrics
[2025-03-22 10:12:26,136] INFO: mktx (9/2020): Updated existing record with 14 non-zero financial metrics
[2025-03-22 10:12:26,164] INFO: mktx (12/2020): Updated existing record with 19 non-zero financial metrics
[2025-03-22 10:12:26,194] INFO: mktx (3/2021): Updated existing record with 19 non-zero financial metrics
[2025-03-22 10:12:26,224] INFO: mktx (6/2021): Updated existing record with 14 non-zero financial metrics
[2025-03-22 10:12:26,253] INFO: mktx (9/2021): Updated existing record with 14 non-zero financial metrics
[2025-03-22 10:12:26,284] INFO: mktx (12/2021): Updated existing record with 19 non-zero financial metrics
[2025-03-22 10:12:26,314] INFO: mktx (3/2022): Updated existing record with 18 non-zero financial metrics
[2025-03-22 10:12:26,343] INFO: mktx (6/2022): Updated existing record with 14 non-zero financial metrics
[2025-03-22 10:12:26,373] INFO: mktx (9/2022): Updated existing record with 14 non-zero financial metrics
[2025-03-22 10:12:26,401] INFO: mktx (12/2022): Updated existing record with 19 non-zero financial metrics
[2025-03-22 10:12:26,416] WARNING: mktx (3/2023): Found zero values for fields: Share Repurchases
[2025-03-22 10:12:26,430] INFO: mktx (3/2023): Updated existing record with 18 non-zero financial metrics
[2025-03-22 10:12:26,461] INFO: mktx (6/2023): Updated existing record with 14 non-zero financial metrics
[2025-03-22 10:12:26,490] INFO: mktx (9/2023): Updated existing record with 14 non-zero financial metrics
[2025-03-22 10:12:26,506] WARNING: mktx (12/2023): Found zero values for fields: Share Repurchases
[2025-03-22 10:12:26,521] INFO: mktx (12/2023): Updated existing record with 18 non-zero financial metrics
[2025-03-22 10:12:26,549] INFO: mktx (3/2024): Updated existing record with 19 non-zero financial metrics
[2025-03-22 10:12:26,577] INFO: mktx (6/2024): Updated existing record with 14 non-zero financial metrics
[2025-03-22 10:12:26,605] INFO: mktx (9/2024): Updated existing record with 13 non-zero financial metrics
[2025-03-22 10:12:26,621] INFO: Trying adjusted date: 1/2025 (original: 12/2024)
[2025-03-22 10:12:26,634] WARNING: mktx (12/2024): No existing record found(12/2024, 2024-12-31) - creating new one
[2025-03-22 10:12:26,634] INFO: mktx (12/2024): Created new record with 18 non-zero financial metrics
