[2025-03-21 23:50:41,369] INFO: Trying adjusted date: 4/2010 (original: 3/2010)
[2025-03-21 23:50:41,381] WARNING: mo (3/2010): No existing record found(3/2010, 2010-03-31) - creating new one
[2025-03-21 23:50:41,381] INFO: mo (3/2010): Created new record with 17 non-zero financial metrics
[2025-03-21 23:50:41,395] INFO: Trying adjusted date: 10/2010 (original: 9/2010)
[2025-03-21 23:50:41,405] WARNING: mo (9/2010): No existing record found(9/2010, 2010-09-30) - creating new one
[2025-03-21 23:50:41,406] INFO: mo (9/2010): Created new record with 13 non-zero financial metrics
[2025-03-21 23:50:41,420] INFO: Trying adjusted date: 1/2011 (original: 12/2010)
[2025-03-21 23:50:41,432] WARNING: mo (12/2010): No existing record found(12/2010, 2010-12-31) - creating new one
[2025-03-21 23:50:41,432] INFO: mo (12/2010): Created new record with 20 non-zero financial metrics
[2025-03-21 23:50:41,445] INFO: Trying adjusted date: 4/2011 (original: 3/2011)
[2025-03-21 23:50:41,456] WARNING: mo (3/2011): No existing record found(3/2011, 2011-03-31) - creating new one
[2025-03-21 23:50:41,456] INFO: mo (3/2011): Created new record with 17 non-zero financial metrics
[2025-03-21 23:50:41,469] INFO: Trying adjusted date: 7/2011 (original: 6/2011)
[2025-03-21 23:50:41,481] WARNING: mo (6/2011): No existing record found(6/2011, 2011-06-30) - creating new one
[2025-03-21 23:50:41,482] INFO: mo (6/2011): Created new record with 13 non-zero financial metrics
[2025-03-21 23:50:41,494] INFO: Trying adjusted date: 10/2011 (original: 9/2011)
[2025-03-21 23:50:41,506] WARNING: mo (9/2011): No existing record found(9/2011, 2011-09-30) - creating new one
[2025-03-21 23:50:41,506] INFO: mo (9/2011): Created new record with 13 non-zero financial metrics
[2025-03-21 23:50:41,519] INFO: Trying adjusted date: 1/2012 (original: 12/2011)
[2025-03-21 23:50:41,530] WARNING: mo (12/2011): No existing record found(12/2011, 2011-12-31) - creating new one
[2025-03-21 23:50:41,531] INFO: mo (12/2011): Created new record with 21 non-zero financial metrics
[2025-03-21 23:50:41,543] INFO: Trying adjusted date: 4/2012 (original: 3/2012)
[2025-03-21 23:50:41,554] WARNING: mo (3/2012): No existing record found(3/2012, 2012-03-31) - creating new one
[2025-03-21 23:50:41,555] INFO: mo (3/2012): Created new record with 18 non-zero financial metrics
[2025-03-21 23:50:41,568] INFO: Trying adjusted date: 7/2012 (original: 6/2012)
[2025-03-21 23:50:41,579] WARNING: mo (6/2012): No existing record found(6/2012, 2012-06-30) - creating new one
[2025-03-21 23:50:41,580] INFO: mo (6/2012): Created new record with 13 non-zero financial metrics
[2025-03-21 23:50:41,603] INFO: mo (9/2012): Updated existing record with 13 non-zero financial metrics
[2025-03-21 23:50:41,628] INFO: mo (12/2012): Updated existing record with 21 non-zero financial metrics
[2025-03-21 23:50:41,655] INFO: mo (3/2013): Updated existing record with 17 non-zero financial metrics
[2025-03-21 23:50:41,680] INFO: mo (6/2013): Updated existing record with 12 non-zero financial metrics
[2025-03-21 23:50:41,704] INFO: mo (9/2013): Updated existing record with 12 non-zero financial metrics
[2025-03-21 23:50:41,728] INFO: mo (12/2013): Updated existing record with 18 non-zero financial metrics
[2025-03-21 23:50:41,752] INFO: mo (3/2014): Updated existing record with 14 non-zero financial metrics
[2025-03-21 23:50:41,775] INFO: mo (6/2014): Updated existing record with 12 non-zero financial metrics
[2025-03-21 23:50:41,799] INFO: mo (9/2014): Updated existing record with 12 non-zero financial metrics
[2025-03-21 23:50:41,823] INFO: mo (12/2014): Updated existing record with 17 non-zero financial metrics
[2025-03-21 23:50:41,850] INFO: mo (3/2015): Updated existing record with 14 non-zero financial metrics
[2025-03-21 23:50:41,873] INFO: mo (6/2015): Updated existing record with 12 non-zero financial metrics
[2025-03-21 23:50:41,898] INFO: mo (9/2015): Updated existing record with 12 non-zero financial metrics
[2025-03-21 23:50:41,922] INFO: mo (12/2015): Updated existing record with 20 non-zero financial metrics
[2025-03-21 23:50:41,946] INFO: mo (3/2016): Updated existing record with 17 non-zero financial metrics
[2025-03-21 23:50:41,971] INFO: mo (6/2016): Updated existing record with 12 non-zero financial metrics
[2025-03-21 23:50:41,996] INFO: mo (9/2016): Updated existing record with 12 non-zero financial metrics
[2025-03-21 23:50:42,019] INFO: mo (12/2016): Updated existing record with 20 non-zero financial metrics
[2025-03-21 23:50:42,043] INFO: mo (3/2017): Updated existing record with 17 non-zero financial metrics
[2025-03-21 23:50:42,067] INFO: mo (6/2017): Updated existing record with 12 non-zero financial metrics
[2025-03-21 23:50:42,092] INFO: mo (9/2017): Updated existing record with 12 non-zero financial metrics
[2025-03-21 23:50:42,116] INFO: mo (12/2017): Updated existing record with 20 non-zero financial metrics
[2025-03-21 23:50:42,140] INFO: mo (3/2018): Updated existing record with 18 non-zero financial metrics
[2025-03-21 23:50:42,167] INFO: mo (6/2018): Updated existing record with 13 non-zero financial metrics
[2025-03-21 23:50:42,191] INFO: mo (9/2018): Updated existing record with 13 non-zero financial metrics
[2025-03-21 23:50:42,216] INFO: mo (12/2018): Updated existing record with 22 non-zero financial metrics
[2025-03-21 23:50:42,241] INFO: mo (3/2019): Updated existing record with 18 non-zero financial metrics
[2025-03-21 23:50:42,266] INFO: mo (6/2019): Updated existing record with 13 non-zero financial metrics
[2025-03-21 23:50:42,290] INFO: mo (9/2019): Updated existing record with 13 non-zero financial metrics
[2025-03-21 23:50:42,315] INFO: mo (12/2019): Updated existing record with 22 non-zero financial metrics
[2025-03-21 23:50:42,328] WARNING: mo (3/2020): Found zero values for fields: Share Repurchases
[2025-03-21 23:50:42,339] INFO: mo (3/2020): Updated existing record with 17 non-zero financial metrics
[2025-03-21 23:50:42,365] INFO: mo (6/2020): Updated existing record with 13 non-zero financial metrics
[2025-03-21 23:50:42,390] INFO: mo (9/2020): Updated existing record with 15 non-zero financial metrics
[2025-03-21 23:50:42,404] WARNING: mo (12/2020): Found zero values for fields: Share Repurchases
[2025-03-21 23:50:42,416] INFO: mo (12/2020): Updated existing record with 21 non-zero financial metrics
[2025-03-21 23:50:42,440] INFO: mo (3/2021): Updated existing record with 20 non-zero financial metrics
[2025-03-21 23:50:42,467] INFO: mo (6/2021): Updated existing record with 15 non-zero financial metrics
[2025-03-21 23:50:42,491] INFO: mo (9/2021): Updated existing record with 15 non-zero financial metrics
[2025-03-21 23:50:42,515] INFO: mo (12/2021): Updated existing record with 22 non-zero financial metrics
[2025-03-21 23:50:42,540] INFO: mo (3/2022): Updated existing record with 19 non-zero financial metrics
[2025-03-21 23:50:42,566] INFO: mo (6/2022): Updated existing record with 14 non-zero financial metrics
[2025-03-21 23:50:42,590] INFO: mo (9/2022): Updated existing record with 15 non-zero financial metrics
[2025-03-21 23:50:42,614] INFO: mo (12/2022): Updated existing record with 22 non-zero financial metrics
[2025-03-21 23:50:42,627] WARNING: mo (3/2023): Found zero values for fields: Share Repurchases
[2025-03-21 23:50:42,640] INFO: mo (3/2023): Updated existing record with 20 non-zero financial metrics
[2025-03-21 23:50:42,664] INFO: mo (6/2023): Updated existing record with 16 non-zero financial metrics
[2025-03-21 23:50:42,688] INFO: mo (9/2023): Updated existing record with 16 non-zero financial metrics
[2025-03-21 23:50:42,713] INFO: mo (12/2023): Updated existing record with 22 non-zero financial metrics
[2025-03-21 23:50:42,738] INFO: mo (3/2024): Updated existing record with 20 non-zero financial metrics
[2025-03-21 23:50:42,763] INFO: mo (6/2024): Updated existing record with 15 non-zero financial metrics
[2025-03-21 23:50:42,787] INFO: mo (9/2024): Updated existing record with 15 non-zero financial metrics
[2025-03-21 23:50:42,813] INFO: mo (12/2024): Updated existing record with 21 non-zero financial metrics
