[2025-03-22 05:49:26,131] INFO: Trying adjusted date: 12/2010 (original: 11/2010)
[2025-03-22 05:49:26,143] WARNING: mos (11/2010): No existing record found(11/2010, 2010-11-30) - creating new one
[2025-03-22 05:49:26,144] INFO: mos (11/2010): Created new record with 13 non-zero financial metrics
[2025-03-22 05:49:26,158] INFO: Trying adjusted date: 3/2011 (original: 2/2011)
[2025-03-22 05:49:26,170] WARNING: mos (2/2011): No existing record found(2/2011, 2011-02-28) - creating new one
[2025-03-22 05:49:26,171] INFO: mos (2/2011): Created new record with 13 non-zero financial metrics
[2025-03-22 05:49:26,186] INFO: Trying adjusted date: 6/2011 (original: 5/2011)
[2025-03-22 05:49:26,199] WARNING: mos (5/2011): No existing record found(5/2011, 2011-05-31) - creating new one
[2025-03-22 05:49:26,199] INFO: mos (5/2011): Created new record with 17 non-zero financial metrics
[2025-03-22 05:49:26,213] INFO: Trying adjusted date: 9/2011 (original: 8/2011)
[2025-03-22 05:49:26,225] WARNING: mos (8/2011): No existing record found(8/2011, 2011-08-31) - creating new one
[2025-03-22 05:49:26,226] INFO: mos (8/2011): Created new record with 17 non-zero financial metrics
[2025-03-22 05:49:26,240] INFO: Trying adjusted date: 12/2011 (original: 11/2011)
[2025-03-22 05:49:26,252] WARNING: mos (11/2011): No existing record found(11/2011, 2011-11-30) - creating new one
[2025-03-22 05:49:26,253] INFO: mos (11/2011): Created new record with 14 non-zero financial metrics
[2025-03-22 05:49:26,267] INFO: Trying adjusted date: 3/2012 (original: 2/2012)
[2025-03-22 05:49:26,280] WARNING: mos (2/2012): No existing record found(2/2012, 2012-02-29) - creating new one
[2025-03-22 05:49:26,281] INFO: mos (2/2012): Created new record with 14 non-zero financial metrics
[2025-03-22 05:49:26,296] INFO: Trying adjusted date: 6/2012 (original: 5/2012)
[2025-03-22 05:49:26,309] WARNING: mos (5/2012): No existing record found(5/2012, 2012-05-31) - creating new one
[2025-03-22 05:49:26,309] INFO: mos (5/2012): Created new record with 18 non-zero financial metrics
[2025-03-22 05:49:26,323] INFO: Trying adjusted date: 9/2012 (original: 8/2012)
[2025-03-22 05:49:26,336] WARNING: mos (8/2012): No existing record found(8/2012, 2012-08-31) - creating new one
[2025-03-22 05:49:26,337] INFO: mos (8/2012): Created new record with 16 non-zero financial metrics
[2025-03-22 05:49:26,364] INFO: mos (11/2012): Updated existing record with 13 non-zero financial metrics
[2025-03-22 05:49:26,391] INFO: mos (2/2013): Updated existing record with 13 non-zero financial metrics
[2025-03-22 05:49:26,405] WARNING: mos (5/2013): Found zero values for fields: Share Repurchases, Interest Expense
[2025-03-22 05:49:26,417] INFO: mos (5/2013): Updated existing record with 16 non-zero financial metrics
[2025-03-22 05:49:26,445] INFO: mos (9/2013): Updated existing record with 12 non-zero financial metrics
[2025-03-22 05:49:26,474] INFO: mos (3/2014): Updated existing record with 13 non-zero financial metrics
[2025-03-22 05:49:26,500] INFO: mos (6/2014): Updated existing record with 12 non-zero financial metrics
[2025-03-22 05:49:26,528] INFO: mos (9/2014): Updated existing record with 12 non-zero financial metrics
[2025-03-22 05:49:26,558] INFO: mos (12/2014): Updated existing record with 15 non-zero financial metrics
[2025-03-22 05:49:26,584] INFO: mos (3/2015): Updated existing record with 13 non-zero financial metrics
[2025-03-22 05:49:26,614] INFO: mos (6/2015): Updated existing record with 12 non-zero financial metrics
[2025-03-22 05:49:26,641] INFO: mos (9/2015): Updated existing record with 12 non-zero financial metrics
[2025-03-22 05:49:26,669] INFO: mos (12/2015): Updated existing record with 15 non-zero financial metrics
[2025-03-22 05:49:26,696] INFO: mos (3/2016): Updated existing record with 13 non-zero financial metrics
[2025-03-22 05:49:26,724] INFO: mos (6/2016): Updated existing record with 12 non-zero financial metrics
[2025-03-22 05:49:26,750] INFO: mos (9/2016): Updated existing record with 12 non-zero financial metrics
[2025-03-22 05:49:26,778] INFO: mos (12/2016): Updated existing record with 14 non-zero financial metrics
[2025-03-22 05:49:26,793] WARNING: mos (3/2017): Found zero values for fields: Share Repurchases, EPS Diluted
[2025-03-22 05:49:26,806] INFO: mos (3/2017): Updated existing record with 11 non-zero financial metrics
[2025-03-22 05:49:26,833] INFO: mos (6/2017): Updated existing record with 12 non-zero financial metrics
[2025-03-22 05:49:26,862] INFO: mos (9/2017): Updated existing record with 12 non-zero financial metrics
[2025-03-22 05:49:26,877] WARNING: mos (12/2017): Found zero values for fields: Share Repurchases
[2025-03-22 05:49:26,889] INFO: mos (12/2017): Updated existing record with 16 non-zero financial metrics
[2025-03-22 05:49:26,917] INFO: mos (3/2018): Updated existing record with 15 non-zero financial metrics
[2025-03-22 05:49:26,945] INFO: mos (6/2018): Updated existing record with 11 non-zero financial metrics
[2025-03-22 05:49:26,972] INFO: mos (9/2018): Updated existing record with 11 non-zero financial metrics
[2025-03-22 05:49:26,986] WARNING: mos (12/2018): Found zero values for fields: Share Repurchases
[2025-03-22 05:49:26,999] INFO: mos (12/2018): Updated existing record with 15 non-zero financial metrics
[2025-03-22 05:49:27,027] INFO: mos (3/2019): Updated existing record with 14 non-zero financial metrics
[2025-03-22 05:49:27,053] INFO: mos (6/2019): Updated existing record with 11 non-zero financial metrics
[2025-03-22 05:49:27,080] INFO: mos (9/2019): Updated existing record with 11 non-zero financial metrics
[2025-03-22 05:49:27,096] INFO: Trying adjusted date: 1/2020 (original: 12/2019)
[2025-03-22 05:49:27,109] WARNING: mos (12/2019): No existing record found(12/2019, 2019-12-31) - creating new one
[2025-03-22 05:49:27,109] INFO: mos (12/2019): Created new record with 16 non-zero financial metrics
[2025-03-22 05:49:27,136] INFO: mos (3/2020): Updated existing record with 15 non-zero financial metrics
[2025-03-22 05:49:27,166] INFO: mos (6/2020): Updated existing record with 12 non-zero financial metrics
[2025-03-22 05:49:27,192] INFO: mos (9/2020): Updated existing record with 13 non-zero financial metrics
[2025-03-22 05:49:27,208] WARNING: mos (12/2020): Found zero values for fields: Share Repurchases
[2025-03-22 05:49:27,221] INFO: mos (12/2020): Updated existing record with 17 non-zero financial metrics
[2025-03-22 05:49:27,251] INFO: mos (3/2021): Updated existing record with 16 non-zero financial metrics
[2025-03-22 05:49:27,282] INFO: mos (6/2021): Updated existing record with 13 non-zero financial metrics
[2025-03-22 05:49:27,316] INFO: mos (9/2021): Updated existing record with 13 non-zero financial metrics
[2025-03-22 05:49:27,347] INFO: mos (12/2021): Updated existing record with 18 non-zero financial metrics
[2025-03-22 05:49:27,376] INFO: mos (3/2022): Updated existing record with 17 non-zero financial metrics
[2025-03-22 05:49:27,403] INFO: mos (6/2022): Updated existing record with 13 non-zero financial metrics
[2025-03-22 05:49:27,430] INFO: mos (9/2022): Updated existing record with 13 non-zero financial metrics
[2025-03-22 05:49:27,457] INFO: mos (12/2022): Updated existing record with 18 non-zero financial metrics
[2025-03-22 05:49:27,484] INFO: mos (3/2023): Updated existing record with 17 non-zero financial metrics
[2025-03-22 05:49:27,511] INFO: mos (6/2023): Updated existing record with 13 non-zero financial metrics
[2025-03-22 05:49:27,538] INFO: mos (9/2023): Updated existing record with 13 non-zero financial metrics
[2025-03-22 05:49:27,565] INFO: mos (12/2023): Updated existing record with 18 non-zero financial metrics
[2025-03-22 05:49:27,593] INFO: mos (3/2024): Updated existing record with 17 non-zero financial metrics
[2025-03-22 05:49:27,621] INFO: mos (6/2024): Updated existing record with 12 non-zero financial metrics
[2025-03-22 05:49:27,648] INFO: mos (9/2024): Updated existing record with 12 non-zero financial metrics
[2025-03-22 05:49:27,663] INFO: Trying adjusted date: 1/2025 (original: 12/2024)
[2025-03-22 05:49:27,676] WARNING: mos (12/2024): No existing record found(12/2024, 2024-12-31) - creating new one
[2025-03-22 05:49:27,676] INFO: mos (12/2024): Created new record with 18 non-zero financial metrics
