[2025-03-22 00:44:21,678] INFO: Trying adjusted date: 7/2011 (original: 6/2011)
[2025-03-22 00:44:21,689] WARNING: mpc (6/2011): No existing record found(6/2011, 2011-06-30) - creating new one
[2025-03-22 00:44:21,690] INFO: mpc (6/2011): Created new record with 13 non-zero financial metrics
[2025-03-22 00:44:21,705] INFO: Trying adjusted date: 10/2011 (original: 9/2011)
[2025-03-22 00:44:21,717] WARNING: mpc (9/2011): No existing record found(9/2011, 2011-09-30) - creating new one
[2025-03-22 00:44:21,717] INFO: mpc (9/2011): Created new record with 14 non-zero financial metrics
[2025-03-22 00:44:21,731] INFO: Trying adjusted date: 1/2012 (original: 12/2011)
[2025-03-22 00:44:21,742] WARNING: mpc (12/2011): No existing record found(12/2011, 2011-12-31) - creating new one
[2025-03-22 00:44:21,743] INFO: mpc (12/2011): Created new record with 18 non-zero financial metrics
[2025-03-22 00:44:21,756] INFO: Trying adjusted date: 4/2012 (original: 3/2012)
[2025-03-22 00:44:21,767] WARNING: mpc (3/2012): No existing record found(3/2012, 2012-03-31) - creating new one
[2025-03-22 00:44:21,767] INFO: mpc (3/2012): Created new record with 19 non-zero financial metrics
[2025-03-22 00:44:21,780] INFO: Trying adjusted date: 7/2012 (original: 6/2012)
[2025-03-22 00:44:21,793] WARNING: mpc (6/2012): No existing record found(6/2012, 2012-06-30) - creating new one
[2025-03-22 00:44:21,793] INFO: mpc (6/2012): Created new record with 13 non-zero financial metrics
[2025-03-22 00:44:21,818] INFO: mpc (9/2012): Updated existing record with 13 non-zero financial metrics
[2025-03-22 00:44:21,844] INFO: mpc (12/2012): Updated existing record with 18 non-zero financial metrics
[2025-03-22 00:44:21,869] INFO: mpc (3/2013): Updated existing record with 16 non-zero financial metrics
[2025-03-22 00:44:21,894] INFO: mpc (6/2013): Updated existing record with 11 non-zero financial metrics
[2025-03-22 00:44:21,921] INFO: mpc (9/2013): Updated existing record with 11 non-zero financial metrics
[2025-03-22 00:44:21,945] INFO: mpc (12/2013): Updated existing record with 18 non-zero financial metrics
[2025-03-22 00:44:21,970] INFO: mpc (3/2014): Updated existing record with 17 non-zero financial metrics
[2025-03-22 00:44:21,995] INFO: mpc (6/2014): Updated existing record with 13 non-zero financial metrics
[2025-03-22 00:44:22,020] INFO: mpc (9/2014): Updated existing record with 13 non-zero financial metrics
[2025-03-22 00:44:22,046] INFO: mpc (12/2014): Updated existing record with 18 non-zero financial metrics
[2025-03-22 00:44:22,071] INFO: mpc (3/2015): Updated existing record with 17 non-zero financial metrics
[2025-03-22 00:44:22,096] INFO: mpc (6/2015): Updated existing record with 13 non-zero financial metrics
[2025-03-22 00:44:22,121] INFO: mpc (9/2015): Updated existing record with 13 non-zero financial metrics
[2025-03-22 00:44:22,146] INFO: mpc (12/2015): Updated existing record with 18 non-zero financial metrics
[2025-03-22 00:44:22,170] INFO: mpc (3/2016): Updated existing record with 17 non-zero financial metrics
[2025-03-22 00:44:22,196] INFO: mpc (6/2016): Updated existing record with 13 non-zero financial metrics
[2025-03-22 00:44:22,221] INFO: mpc (9/2016): Updated existing record with 13 non-zero financial metrics
[2025-03-22 00:44:22,246] INFO: mpc (12/2016): Updated existing record with 17 non-zero financial metrics
[2025-03-22 00:44:22,270] INFO: mpc (3/2017): Updated existing record with 17 non-zero financial metrics
[2025-03-22 00:44:22,295] INFO: mpc (6/2017): Updated existing record with 13 non-zero financial metrics
[2025-03-22 00:44:22,320] INFO: mpc (9/2017): Updated existing record with 13 non-zero financial metrics
[2025-03-22 00:44:22,346] INFO: mpc (12/2017): Updated existing record with 17 non-zero financial metrics
[2025-03-22 00:44:22,371] INFO: mpc (3/2018): Updated existing record with 17 non-zero financial metrics
[2025-03-22 00:44:22,396] INFO: mpc (6/2018): Updated existing record with 15 non-zero financial metrics
[2025-03-22 00:44:22,420] INFO: mpc (9/2018): Updated existing record with 15 non-zero financial metrics
[2025-03-22 00:44:22,446] INFO: mpc (12/2018): Updated existing record with 19 non-zero financial metrics
[2025-03-22 00:44:22,461] INFO: Trying adjusted date: 4/2019 (original: 3/2019)
[2025-03-22 00:44:22,472] WARNING: mpc (3/2019): No existing record found(3/2019, 2019-03-31) - creating new one
[2025-03-22 00:44:22,473] INFO: mpc (3/2019): Created new record with 19 non-zero financial metrics
[2025-03-22 00:44:22,497] INFO: mpc (6/2019): Updated existing record with 15 non-zero financial metrics
[2025-03-22 00:44:22,522] INFO: mpc (9/2019): Updated existing record with 15 non-zero financial metrics
[2025-03-22 00:44:22,547] INFO: mpc (12/2019): Updated existing record with 19 non-zero financial metrics
[2025-03-22 00:44:22,561] WARNING: mpc (3/2020): Found zero values for fields: Share Repurchases
[2025-03-22 00:44:22,573] INFO: mpc (3/2020): Updated existing record with 18 non-zero financial metrics
[2025-03-22 00:44:22,586] WARNING: mpc (6/2020): Found zero values for fields: Share Repurchases
[2025-03-22 00:44:22,598] INFO: mpc (6/2020): Updated existing record with 14 non-zero financial metrics
[2025-03-22 00:44:22,612] WARNING: mpc (9/2020): Found zero values for fields: Share Repurchases
[2025-03-22 00:44:22,625] INFO: mpc (9/2020): Updated existing record with 14 non-zero financial metrics
[2025-03-22 00:44:22,639] WARNING: mpc (12/2020): Found zero values for fields: Share Repurchases
[2025-03-22 00:44:22,651] INFO: mpc (12/2020): Updated existing record with 18 non-zero financial metrics
[2025-03-22 00:44:22,676] INFO: mpc (3/2021): Updated existing record with 18 non-zero financial metrics
[2025-03-22 00:44:22,700] INFO: mpc (6/2021): Updated existing record with 14 non-zero financial metrics
[2025-03-22 00:44:22,725] INFO: mpc (9/2021): Updated existing record with 15 non-zero financial metrics
[2025-03-22 00:44:22,752] INFO: mpc (12/2021): Updated existing record with 19 non-zero financial metrics
[2025-03-22 00:44:22,776] INFO: mpc (3/2022): Updated existing record with 19 non-zero financial metrics
[2025-03-22 00:44:22,804] INFO: mpc (6/2022): Updated existing record with 15 non-zero financial metrics
[2025-03-22 00:44:22,829] INFO: mpc (9/2022): Updated existing record with 15 non-zero financial metrics
[2025-03-22 00:44:22,855] INFO: mpc (12/2022): Updated existing record with 19 non-zero financial metrics
[2025-03-22 00:44:22,879] INFO: mpc (3/2023): Updated existing record with 19 non-zero financial metrics
[2025-03-22 00:44:22,904] INFO: mpc (6/2023): Updated existing record with 15 non-zero financial metrics
[2025-03-22 00:44:22,930] INFO: mpc (9/2023): Updated existing record with 15 non-zero financial metrics
[2025-03-22 00:44:22,954] INFO: mpc (12/2023): Updated existing record with 19 non-zero financial metrics
[2025-03-22 00:44:22,980] INFO: mpc (3/2024): Updated existing record with 19 non-zero financial metrics
[2025-03-22 00:44:23,004] INFO: mpc (6/2024): Updated existing record with 15 non-zero financial metrics
[2025-03-22 00:44:23,031] INFO: mpc (9/2024): Updated existing record with 15 non-zero financial metrics
[2025-03-22 00:44:23,043] INFO: Trying adjusted date: 1/2025 (original: 12/2024)
[2025-03-22 00:44:23,056] WARNING: mpc (12/2024): No existing record found(12/2024, 2024-12-31) - creating new one
[2025-03-22 00:44:23,057] INFO: mpc (12/2024): Created new record with 19 non-zero financial metrics
