[2025-03-22 03:08:03,433] INFO: Trying adjusted date: 10/2012 (original: 9/2012)
[2025-03-22 03:08:03,445] WARNING: mplx (9/2012): No existing record found(9/2012, 2012-09-30) - creating new one
[2025-03-22 03:08:03,446] INFO: mplx (9/2012): Created new record with 0 non-zero financial metrics
[2025-03-22 03:08:03,473] INFO: mplx (12/2012): Updated existing record with 0 non-zero financial metrics
[2025-03-22 03:08:03,499] INFO: mplx (3/2013): Updated existing record with 12 non-zero financial metrics
[2025-03-22 03:08:03,525] INFO: mplx (6/2013): Updated existing record with 8 non-zero financial metrics
[2025-03-22 03:08:03,551] INFO: mplx (9/2013): Updated existing record with 8 non-zero financial metrics
[2025-03-22 03:08:03,578] INFO: mplx (12/2013): Updated existing record with 13 non-zero financial metrics
[2025-03-22 03:08:03,605] INFO: mplx (3/2014): Updated existing record with 12 non-zero financial metrics
[2025-03-22 03:08:03,632] INFO: mplx (6/2014): Updated existing record with 9 non-zero financial metrics
[2025-03-22 03:08:03,659] INFO: mplx (9/2014): Updated existing record with 9 non-zero financial metrics
[2025-03-22 03:08:03,684] INFO: mplx (12/2014): Updated existing record with 14 non-zero financial metrics
[2025-03-22 03:08:03,712] INFO: mplx (3/2015): Updated existing record with 13 non-zero financial metrics
[2025-03-22 03:08:03,739] INFO: mplx (6/2015): Updated existing record with 9 non-zero financial metrics
[2025-03-22 03:08:03,764] INFO: mplx (9/2015): Updated existing record with 9 non-zero financial metrics
[2025-03-22 03:08:03,791] INFO: mplx (12/2015): Updated existing record with 15 non-zero financial metrics
[2025-03-22 03:08:03,816] INFO: mplx (3/2016): Updated existing record with 14 non-zero financial metrics
[2025-03-22 03:08:03,843] INFO: mplx (6/2016): Updated existing record with 11 non-zero financial metrics
[2025-03-22 03:08:03,871] INFO: mplx (9/2016): Updated existing record with 11 non-zero financial metrics
[2025-03-22 03:08:03,896] INFO: mplx (12/2016): Updated existing record with 14 non-zero financial metrics
[2025-03-22 03:08:03,923] INFO: mplx (3/2017): Updated existing record with 14 non-zero financial metrics
[2025-03-22 03:08:03,949] INFO: mplx (6/2017): Updated existing record with 11 non-zero financial metrics
[2025-03-22 03:08:03,978] INFO: mplx (9/2017): Updated existing record with 11 non-zero financial metrics
[2025-03-22 03:08:04,004] INFO: mplx (12/2017): Updated existing record with 14 non-zero financial metrics
[2025-03-22 03:08:04,030] INFO: mplx (3/2018): Updated existing record with 15 non-zero financial metrics
[2025-03-22 03:08:04,057] INFO: mplx (6/2018): Updated existing record with 11 non-zero financial metrics
[2025-03-22 03:08:04,083] INFO: mplx (9/2018): Updated existing record with 11 non-zero financial metrics
[2025-03-22 03:08:04,113] INFO: mplx (12/2018): Updated existing record with 15 non-zero financial metrics
[2025-03-22 03:08:04,143] INFO: mplx (3/2019): Updated existing record with 15 non-zero financial metrics
[2025-03-22 03:08:04,170] INFO: mplx (6/2019): Updated existing record with 11 non-zero financial metrics
[2025-03-22 03:08:04,196] INFO: mplx (9/2019): Updated existing record with 11 non-zero financial metrics
[2025-03-22 03:08:04,222] INFO: mplx (12/2019): Updated existing record with 15 non-zero financial metrics
[2025-03-22 03:08:04,248] INFO: mplx (3/2020): Updated existing record with 16 non-zero financial metrics
[2025-03-22 03:08:04,274] INFO: mplx (6/2020): Updated existing record with 12 non-zero financial metrics
[2025-03-22 03:08:04,300] INFO: mplx (9/2020): Updated existing record with 12 non-zero financial metrics
[2025-03-22 03:08:04,328] INFO: mplx (12/2020): Updated existing record with 16 non-zero financial metrics
[2025-03-22 03:08:04,354] INFO: mplx (3/2021): Updated existing record with 16 non-zero financial metrics
[2025-03-22 03:08:04,381] INFO: mplx (6/2021): Updated existing record with 11 non-zero financial metrics
[2025-03-22 03:08:04,406] INFO: mplx (9/2021): Updated existing record with 11 non-zero financial metrics
[2025-03-22 03:08:04,432] INFO: mplx (12/2021): Updated existing record with 17 non-zero financial metrics
[2025-03-22 03:08:04,460] INFO: mplx (3/2022): Updated existing record with 15 non-zero financial metrics
[2025-03-22 03:08:04,486] INFO: mplx (6/2022): Updated existing record with 12 non-zero financial metrics
[2025-03-22 03:08:04,512] INFO: mplx (9/2022): Updated existing record with 12 non-zero financial metrics
[2025-03-22 03:08:04,540] INFO: mplx (12/2022): Updated existing record with 17 non-zero financial metrics
[2025-03-22 03:08:04,555] WARNING: mplx (3/2023): Found zero values for fields: Share Repurchases
[2025-03-22 03:08:04,568] INFO: mplx (3/2023): Updated existing record with 16 non-zero financial metrics
[2025-03-22 03:08:04,597] INFO: mplx (6/2023): Updated existing record with 12 non-zero financial metrics
[2025-03-22 03:08:04,623] INFO: mplx (9/2023): Updated existing record with 12 non-zero financial metrics
[2025-03-22 03:08:04,638] WARNING: mplx (12/2023): Found zero values for fields: Share Repurchases
[2025-03-22 03:08:04,652] INFO: mplx (12/2023): Updated existing record with 16 non-zero financial metrics
[2025-03-22 03:08:04,679] INFO: mplx (3/2024): Updated existing record with 17 non-zero financial metrics
[2025-03-22 03:08:04,709] INFO: mplx (6/2024): Updated existing record with 13 non-zero financial metrics
[2025-03-22 03:08:04,735] INFO: mplx (9/2024): Updated existing record with 13 non-zero financial metrics
[2025-03-22 03:08:04,763] INFO: mplx (12/2024): Updated existing record with 17 non-zero financial metrics
