[2025-03-22 06:47:16,187] INFO: Trying adjusted date: 7/2010 (original: 6/2010)
[2025-03-22 06:47:16,200] WARNING: mtch (6/2010): No existing record found(6/2010, 2010-06-30) - creating new one
[2025-03-22 06:47:16,201] INFO: mtch (6/2010): Created new record with 14 non-zero financial metrics
[2025-03-22 06:47:16,218] INFO: Trying adjusted date: 10/2010 (original: 9/2010)
[2025-03-22 06:47:16,231] WARNING: mtch (9/2010): No existing record found(9/2010, 2010-09-30) - creating new one
[2025-03-22 06:47:16,231] INFO: mtch (9/2010): Created new record with 14 non-zero financial metrics
[2025-03-22 06:47:16,247] INFO: Trying adjusted date: 1/2011 (original: 12/2010)
[2025-03-22 06:47:16,260] WARNING: mtch (12/2010): No existing record found(12/2010, 2010-12-31) - creating new one
[2025-03-22 06:47:16,260] INFO: mtch (12/2010): Created new record with 16 non-zero financial metrics
[2025-03-22 06:47:16,276] INFO: Trying adjusted date: 4/2011 (original: 3/2011)
[2025-03-22 06:47:16,289] WARNING: mtch (3/2011): No existing record found(3/2011, 2011-03-31) - creating new one
[2025-03-22 06:47:16,289] INFO: mtch (3/2011): Created new record with 14 non-zero financial metrics
[2025-03-22 06:47:16,304] INFO: Trying adjusted date: 7/2011 (original: 6/2011)
[2025-03-22 06:47:16,318] WARNING: mtch (6/2011): No existing record found(6/2011, 2011-06-30) - creating new one
[2025-03-22 06:47:16,318] INFO: mtch (6/2011): Created new record with 14 non-zero financial metrics
[2025-03-22 06:47:16,333] INFO: Trying adjusted date: 10/2011 (original: 9/2011)
[2025-03-22 06:47:16,347] WARNING: mtch (9/2011): No existing record found(9/2011, 2011-09-30) - creating new one
[2025-03-22 06:47:16,347] INFO: mtch (9/2011): Created new record with 14 non-zero financial metrics
[2025-03-22 06:47:16,362] INFO: Trying adjusted date: 1/2012 (original: 12/2011)
[2025-03-22 06:47:16,375] WARNING: mtch (12/2011): No existing record found(12/2011, 2011-12-31) - creating new one
[2025-03-22 06:47:16,376] INFO: mtch (12/2011): Created new record with 16 non-zero financial metrics
[2025-03-22 06:47:16,389] INFO: Trying adjusted date: 4/2012 (original: 3/2012)
[2025-03-22 06:47:16,402] WARNING: mtch (3/2012): No existing record found(3/2012, 2012-03-31) - creating new one
[2025-03-22 06:47:16,403] INFO: mtch (3/2012): Created new record with 16 non-zero financial metrics
[2025-03-22 06:47:16,419] INFO: Trying adjusted date: 7/2012 (original: 6/2012)
[2025-03-22 06:47:16,432] WARNING: mtch (6/2012): No existing record found(6/2012, 2012-06-30) - creating new one
[2025-03-22 06:47:16,432] INFO: mtch (6/2012): Created new record with 14 non-zero financial metrics
[2025-03-22 06:47:16,447] INFO: Trying adjusted date: 10/2012 (original: 9/2012)
[2025-03-22 06:47:16,460] WARNING: mtch (9/2012): No existing record found(9/2012, 2012-09-30) - creating new one
[2025-03-22 06:47:16,460] INFO: mtch (9/2012): Created new record with 14 non-zero financial metrics
[2025-03-22 06:47:16,475] INFO: Trying adjusted date: 1/2013 (original: 12/2012)
[2025-03-22 06:47:16,488] WARNING: mtch (12/2012): No existing record found(12/2012, 2012-12-31) - creating new one
[2025-03-22 06:47:16,488] INFO: mtch (12/2012): Created new record with 17 non-zero financial metrics
[2025-03-22 06:47:16,502] INFO: Trying adjusted date: 4/2013 (original: 3/2013)
[2025-03-22 06:47:16,518] WARNING: mtch (3/2013): No existing record found(3/2013, 2013-03-31) - creating new one
[2025-03-22 06:47:16,518] INFO: mtch (3/2013): Created new record with 17 non-zero financial metrics
[2025-03-22 06:47:16,533] INFO: Trying adjusted date: 7/2013 (original: 6/2013)
[2025-03-22 06:47:16,546] WARNING: mtch (6/2013): No existing record found(6/2013, 2013-06-30) - creating new one
[2025-03-22 06:47:16,546] INFO: mtch (6/2013): Created new record with 15 non-zero financial metrics
[2025-03-22 06:47:16,562] INFO: Trying adjusted date: 10/2013 (original: 9/2013)
[2025-03-22 06:47:16,575] WARNING: mtch (9/2013): No existing record found(9/2013, 2013-09-30) - creating new one
[2025-03-22 06:47:16,575] INFO: mtch (9/2013): Created new record with 15 non-zero financial metrics
[2025-03-22 06:47:16,590] INFO: Trying adjusted date: 1/2014 (original: 12/2013)
[2025-03-22 06:47:16,602] WARNING: mtch (12/2013): No existing record found(12/2013, 2013-12-31) - creating new one
[2025-03-22 06:47:16,603] INFO: mtch (12/2013): Created new record with 17 non-zero financial metrics
[2025-03-22 06:47:16,619] INFO: Trying adjusted date: 4/2014 (original: 3/2014)
[2025-03-22 06:47:16,632] WARNING: mtch (3/2014): Found zero values for fields: Share Repurchases
[2025-03-22 06:47:16,632] WARNING: mtch (3/2014): No existing record found(3/2014, 2014-03-31) - creating new one
[2025-03-22 06:47:16,632] INFO: mtch (3/2014): Created new record with 16 non-zero financial metrics
[2025-03-22 06:47:16,647] INFO: Trying adjusted date: 7/2014 (original: 6/2014)
[2025-03-22 06:47:16,660] WARNING: mtch (6/2014): No existing record found(6/2014, 2014-06-30) - creating new one
[2025-03-22 06:47:16,660] INFO: mtch (6/2014): Created new record with 15 non-zero financial metrics
[2025-03-22 06:47:16,675] INFO: Trying adjusted date: 10/2014 (original: 9/2014)
[2025-03-22 06:47:16,687] WARNING: mtch (9/2014): No existing record found(9/2014, 2014-09-30) - creating new one
[2025-03-22 06:47:16,687] INFO: mtch (9/2014): Created new record with 15 non-zero financial metrics
[2025-03-22 06:47:16,702] INFO: Trying adjusted date: 1/2015 (original: 12/2014)
[2025-03-22 06:47:16,716] WARNING: mtch (12/2014): No existing record found(12/2014, 2014-12-31) - creating new one
[2025-03-22 06:47:16,716] INFO: mtch (12/2014): Created new record with 17 non-zero financial metrics
[2025-03-22 06:47:16,731] INFO: Trying adjusted date: 4/2015 (original: 3/2015)
[2025-03-22 06:47:16,744] WARNING: mtch (3/2015): No existing record found(3/2015, 2015-03-31) - creating new one
[2025-03-22 06:47:16,744] INFO: mtch (3/2015): Created new record with 18 non-zero financial metrics
[2025-03-22 06:47:16,759] INFO: Trying adjusted date: 7/2015 (original: 6/2015)
[2025-03-22 06:47:16,772] WARNING: mtch (6/2015): No existing record found(6/2015, 2015-06-30) - creating new one
[2025-03-22 06:47:16,773] INFO: mtch (6/2015): Created new record with 16 non-zero financial metrics
[2025-03-22 06:47:16,787] INFO: Trying adjusted date: 10/2015 (original: 9/2015)
[2025-03-22 06:47:16,800] WARNING: mtch (9/2015): No existing record found(9/2015, 2015-09-30) - creating new one
[2025-03-22 06:47:16,801] INFO: mtch (9/2015): Created new record with 16 non-zero financial metrics
[2025-03-22 06:47:16,828] INFO: mtch (12/2015): Updated existing record with 18 non-zero financial metrics
[2025-03-22 06:47:16,857] INFO: mtch (3/2016): Updated existing record with 17 non-zero financial metrics
[2025-03-22 06:47:16,885] INFO: mtch (6/2016): Updated existing record with 15 non-zero financial metrics
[2025-03-22 06:47:16,913] INFO: mtch (9/2016): Updated existing record with 15 non-zero financial metrics
[2025-03-22 06:47:16,942] INFO: mtch (12/2016): Updated existing record with 18 non-zero financial metrics
[2025-03-22 06:47:16,970] INFO: mtch (3/2017): Updated existing record with 20 non-zero financial metrics
[2025-03-22 06:47:16,998] INFO: mtch (6/2017): Updated existing record with 15 non-zero financial metrics
[2025-03-22 06:47:17,025] INFO: mtch (9/2017): Updated existing record with 15 non-zero financial metrics
[2025-03-22 06:47:17,052] INFO: mtch (12/2017): Updated existing record with 21 non-zero financial metrics
[2025-03-22 06:47:17,080] INFO: mtch (3/2018): Updated existing record with 19 non-zero financial metrics
[2025-03-22 06:47:17,108] INFO: mtch (6/2018): Updated existing record with 15 non-zero financial metrics
[2025-03-22 06:47:17,138] INFO: mtch (9/2018): Updated existing record with 15 non-zero financial metrics
[2025-03-22 06:47:17,165] INFO: mtch (12/2018): Updated existing record with 20 non-zero financial metrics
[2025-03-22 06:47:17,192] INFO: mtch (3/2019): Updated existing record with 19 non-zero financial metrics
[2025-03-22 06:47:17,220] INFO: mtch (6/2019): Updated existing record with 16 non-zero financial metrics
[2025-03-22 06:47:17,248] INFO: mtch (9/2019): Updated existing record with 16 non-zero financial metrics
[2025-03-22 06:47:17,275] INFO: mtch (12/2019): Updated existing record with 21 non-zero financial metrics
[2025-03-22 06:47:17,302] INFO: mtch (3/2020): Updated existing record with 20 non-zero financial metrics
[2025-03-22 06:47:17,330] INFO: mtch (6/2020): Updated existing record with 15 non-zero financial metrics
[2025-03-22 06:47:17,359] INFO: mtch (9/2020): Updated existing record with 15 non-zero financial metrics
[2025-03-22 06:47:17,387] INFO: mtch (12/2020): Updated existing record with 18 non-zero financial metrics
[2025-03-22 06:47:17,402] WARNING: mtch (3/2021): Found zero values for fields: Share Repurchases
[2025-03-22 06:47:17,415] INFO: mtch (3/2021): Updated existing record with 17 non-zero financial metrics
[2025-03-22 06:47:17,443] INFO: mtch (6/2021): Updated existing record with 16 non-zero financial metrics
[2025-03-22 06:47:17,470] INFO: mtch (9/2021): Updated existing record with 16 non-zero financial metrics
[2025-03-22 06:47:17,485] WARNING: mtch (12/2021): Found zero values for fields: Share Repurchases
[2025-03-22 06:47:17,498] INFO: mtch (12/2021): Updated existing record with 16 non-zero financial metrics
[2025-03-22 06:47:17,527] INFO: mtch (3/2022): Updated existing record with 20 non-zero financial metrics
[2025-03-22 06:47:17,555] INFO: mtch (6/2022): Updated existing record with 16 non-zero financial metrics
[2025-03-22 06:47:17,582] INFO: mtch (9/2022): Updated existing record with 16 non-zero financial metrics
[2025-03-22 06:47:17,609] INFO: mtch (12/2022): Updated existing record with 18 non-zero financial metrics
[2025-03-22 06:47:17,636] INFO: mtch (3/2023): Updated existing record with 21 non-zero financial metrics
[2025-03-22 06:47:17,664] INFO: mtch (6/2023): Updated existing record with 16 non-zero financial metrics
[2025-03-22 06:47:17,697] INFO: mtch (9/2023): Updated existing record with 16 non-zero financial metrics
[2025-03-22 06:47:17,725] INFO: mtch (12/2023): Updated existing record with 21 non-zero financial metrics
[2025-03-22 06:47:17,753] INFO: mtch (3/2024): Updated existing record with 21 non-zero financial metrics
[2025-03-22 06:47:17,783] INFO: mtch (6/2024): Updated existing record with 15 non-zero financial metrics
[2025-03-22 06:47:17,812] INFO: mtch (9/2024): Updated existing record with 15 non-zero financial metrics
[2025-03-22 06:47:17,839] INFO: mtch (12/2024): Updated existing record with 20 non-zero financial metrics
