[2025-03-22 10:32:20,892] INFO: Trying adjusted date: 11/2010 (original: 10/2010)
[2025-03-22 10:32:20,906] WARNING: mtn (10/2010): No existing record found(10/2010, 2010-10-31) - creating new one
[2025-03-22 10:32:20,906] INFO: mtn (10/2010): Created new record with 15 non-zero financial metrics
[2025-03-22 10:32:20,935] INFO: Trying adjusted date: 2/2011 (original: 1/2011)
[2025-03-22 10:32:20,953] WARNING: mtn (1/2011): No existing record found(1/2011, 2011-01-31) - creating new one
[2025-03-22 10:32:20,953] INFO: mtn (1/2011): Created new record with 12 non-zero financial metrics
[2025-03-22 10:32:20,972] INFO: Trying adjusted date: 5/2011 (original: 4/2011)
[2025-03-22 10:32:20,987] WARNING: mtn (4/2011): No existing record found(4/2011, 2011-04-30) - creating new one
[2025-03-22 10:32:20,987] INFO: mtn (4/2011): Created new record with 12 non-zero financial metrics
[2025-03-22 10:32:21,003] INFO: Trying adjusted date: 8/2011 (original: 7/2011)
[2025-03-22 10:32:21,017] WARNING: mtn (7/2011): No existing record found(7/2011, 2011-07-31) - creating new one
[2025-03-22 10:32:21,018] INFO: mtn (7/2011): Created new record with 16 non-zero financial metrics
[2025-03-22 10:32:21,037] INFO: Trying adjusted date: 11/2011 (original: 10/2011)
[2025-03-22 10:32:21,051] WARNING: mtn (10/2011): No existing record found(10/2011, 2011-10-31) - creating new one
[2025-03-22 10:32:21,051] INFO: mtn (10/2011): Created new record with 17 non-zero financial metrics
[2025-03-22 10:32:21,067] INFO: Trying adjusted date: 2/2012 (original: 1/2012)
[2025-03-22 10:32:21,081] WARNING: mtn (1/2012): No existing record found(1/2012, 2012-01-31) - creating new one
[2025-03-22 10:32:21,081] INFO: mtn (1/2012): Created new record with 13 non-zero financial metrics
[2025-03-22 10:32:21,096] INFO: Trying adjusted date: 5/2012 (original: 4/2012)
[2025-03-22 10:32:21,110] WARNING: mtn (4/2012): No existing record found(4/2012, 2012-04-30) - creating new one
[2025-03-22 10:32:21,110] INFO: mtn (4/2012): Created new record with 14 non-zero financial metrics
[2025-03-22 10:32:21,141] INFO: mtn (7/2012): Updated existing record with 17 non-zero financial metrics
[2025-03-22 10:32:21,157] WARNING: mtn (10/2012): Found zero values for fields: Share Repurchases
[2025-03-22 10:32:21,172] INFO: mtn (10/2012): Updated existing record with 16 non-zero financial metrics
[2025-03-22 10:32:21,202] INFO: mtn (1/2013): Updated existing record with 13 non-zero financial metrics
[2025-03-22 10:32:21,231] INFO: mtn (4/2013): Updated existing record with 13 non-zero financial metrics
[2025-03-22 10:32:21,247] WARNING: mtn (7/2013): Found zero values for fields: Share Repurchases
[2025-03-22 10:32:21,260] INFO: mtn (7/2013): Updated existing record with 16 non-zero financial metrics
[2025-03-22 10:32:21,290] INFO: mtn (10/2013): Updated existing record with 16 non-zero financial metrics
[2025-03-22 10:32:21,320] INFO: mtn (1/2014): Updated existing record with 13 non-zero financial metrics
[2025-03-22 10:32:21,350] INFO: mtn (4/2014): Updated existing record with 13 non-zero financial metrics
[2025-03-22 10:32:21,365] WARNING: mtn (7/2014): Found zero values for fields: Share Repurchases
[2025-03-22 10:32:21,379] INFO: mtn (7/2014): Updated existing record with 16 non-zero financial metrics
[2025-03-22 10:32:21,408] INFO: mtn (10/2014): Updated existing record with 16 non-zero financial metrics
[2025-03-22 10:32:21,438] INFO: mtn (1/2015): Updated existing record with 13 non-zero financial metrics
[2025-03-22 10:32:21,467] INFO: mtn (4/2015): Updated existing record with 13 non-zero financial metrics
[2025-03-22 10:32:21,497] INFO: mtn (7/2015): Updated existing record with 16 non-zero financial metrics
[2025-03-22 10:32:21,526] INFO: mtn (10/2015): Updated existing record with 18 non-zero financial metrics
[2025-03-22 10:32:21,556] INFO: mtn (1/2016): Updated existing record with 14 non-zero financial metrics
[2025-03-22 10:32:21,585] INFO: mtn (4/2016): Updated existing record with 15 non-zero financial metrics
[2025-03-22 10:32:21,613] INFO: mtn (7/2016): Updated existing record with 18 non-zero financial metrics
[2025-03-22 10:32:21,628] WARNING: mtn (10/2016): Found zero values for fields: Share Repurchases
[2025-03-22 10:32:21,641] INFO: mtn (10/2016): Updated existing record with 17 non-zero financial metrics
[2025-03-22 10:32:21,673] INFO: mtn (1/2017): Updated existing record with 15 non-zero financial metrics
[2025-03-22 10:32:21,703] INFO: mtn (4/2017): Updated existing record with 15 non-zero financial metrics
[2025-03-22 10:32:21,734] INFO: mtn (7/2017): Updated existing record with 19 non-zero financial metrics
[2025-03-22 10:32:21,763] INFO: mtn (10/2017): Updated existing record with 18 non-zero financial metrics
[2025-03-22 10:32:21,793] INFO: mtn (1/2018): Updated existing record with 15 non-zero financial metrics
[2025-03-22 10:32:21,823] INFO: mtn (4/2018): Updated existing record with 16 non-zero financial metrics
[2025-03-22 10:32:21,853] INFO: mtn (7/2018): Updated existing record with 19 non-zero financial metrics
[2025-03-22 10:32:21,883] INFO: mtn (10/2018): Updated existing record with 20 non-zero financial metrics
[2025-03-22 10:32:21,911] INFO: mtn (1/2019): Updated existing record with 17 non-zero financial metrics
[2025-03-22 10:32:21,940] INFO: mtn (4/2019): Updated existing record with 16 non-zero financial metrics
[2025-03-22 10:32:21,969] INFO: mtn (7/2019): Updated existing record with 20 non-zero financial metrics
[2025-03-22 10:32:21,998] INFO: mtn (10/2019): Updated existing record with 20 non-zero financial metrics
[2025-03-22 10:32:22,025] INFO: mtn (1/2020): Updated existing record with 16 non-zero financial metrics
[2025-03-22 10:32:22,055] INFO: mtn (4/2020): Updated existing record with 18 non-zero financial metrics
[2025-03-22 10:32:22,087] INFO: mtn (7/2020): Updated existing record with 21 non-zero financial metrics
[2025-03-22 10:32:22,102] WARNING: mtn (10/2020): Found zero values for fields: Share Repurchases
[2025-03-22 10:32:22,117] INFO: mtn (10/2020): Updated existing record with 20 non-zero financial metrics
[2025-03-22 10:32:22,145] INFO: mtn (1/2021): Updated existing record with 16 non-zero financial metrics
[2025-03-22 10:32:22,174] INFO: mtn (4/2021): Updated existing record with 16 non-zero financial metrics
[2025-03-22 10:32:22,190] WARNING: mtn (7/2021): Found zero values for fields: Share Repurchases
[2025-03-22 10:32:22,204] INFO: mtn (7/2021): Updated existing record with 19 non-zero financial metrics
[2025-03-22 10:32:22,233] INFO: mtn (10/2021): Updated existing record with 19 non-zero financial metrics
[2025-03-22 10:32:22,262] INFO: mtn (1/2022): Updated existing record with 16 non-zero financial metrics
[2025-03-22 10:32:22,291] INFO: mtn (4/2022): Updated existing record with 17 non-zero financial metrics
[2025-03-22 10:32:22,320] INFO: mtn (7/2022): Updated existing record with 20 non-zero financial metrics
[2025-03-22 10:32:22,350] INFO: mtn (10/2022): Updated existing record with 19 non-zero financial metrics
[2025-03-22 10:32:22,379] INFO: mtn (1/2023): Updated existing record with 16 non-zero financial metrics
[2025-03-22 10:32:22,408] INFO: mtn (4/2023): Updated existing record with 16 non-zero financial metrics
[2025-03-22 10:32:22,436] INFO: mtn (7/2023): Updated existing record with 20 non-zero financial metrics
[2025-03-22 10:32:22,467] INFO: mtn (10/2023): Updated existing record with 20 non-zero financial metrics
[2025-03-22 10:32:22,496] INFO: mtn (1/2024): Updated existing record with 16 non-zero financial metrics
[2025-03-22 10:32:22,524] INFO: mtn (4/2024): Updated existing record with 17 non-zero financial metrics
[2025-03-22 10:32:22,554] INFO: mtn (7/2024): Updated existing record with 20 non-zero financial metrics
[2025-03-22 10:32:22,585] INFO: mtn (10/2024): Updated existing record with 20 non-zero financial metrics
[2025-03-22 10:32:22,600] INFO: Trying adjusted date: 2/2025 (original: 1/2025)
[2025-03-22 10:32:22,614] WARNING: mtn (1/2025): No existing record found(1/2025, 2025-01-31) - creating new one
[2025-03-22 10:32:22,615] INFO: mtn (1/2025): Created new record with 17 non-zero financial metrics
