[2025-03-22 14:08:33,546] INFO: Trying adjusted date: 7/2011 (original: 6/2011)
[2025-03-22 14:08:33,560] WARNING: mtz (6/2011): No existing record found(6/2011, 2011-06-30) - creating new one
[2025-03-22 14:08:33,561] INFO: mtz (6/2011): Created new record with 13 non-zero financial metrics
[2025-03-22 14:08:33,580] INFO: Trying adjusted date: 10/2011 (original: 9/2011)
[2025-03-22 14:08:33,595] WARNING: mtz (9/2011): No existing record found(9/2011, 2011-09-30) - creating new one
[2025-03-22 14:08:33,595] INFO: mtz (9/2011): Created new record with 13 non-zero financial metrics
[2025-03-22 14:08:33,612] INFO: Trying adjusted date: 1/2012 (original: 12/2011)
[2025-03-22 14:08:33,627] WARNING: mtz (12/2011): No existing record found(12/2011, 2011-12-31) - creating new one
[2025-03-22 14:08:33,627] INFO: mtz (12/2011): Created new record with 19 non-zero financial metrics
[2025-03-22 14:08:33,644] INFO: Trying adjusted date: 4/2012 (original: 3/2012)
[2025-03-22 14:08:33,658] WARNING: mtz (3/2012): No existing record found(3/2012, 2012-03-31) - creating new one
[2025-03-22 14:08:33,658] INFO: mtz (3/2012): Created new record with 18 non-zero financial metrics
[2025-03-22 14:08:33,674] INFO: Trying adjusted date: 7/2012 (original: 6/2012)
[2025-03-22 14:08:33,688] WARNING: mtz (6/2012): No existing record found(6/2012, 2012-06-30) - creating new one
[2025-03-22 14:08:33,689] INFO: mtz (6/2012): Created new record with 13 non-zero financial metrics
[2025-03-22 14:08:33,717] INFO: mtz (9/2012): Updated existing record with 12 non-zero financial metrics
[2025-03-22 14:08:33,747] INFO: mtz (12/2012): Updated existing record with 16 non-zero financial metrics
[2025-03-22 14:08:33,777] INFO: mtz (3/2013): Updated existing record with 15 non-zero financial metrics
[2025-03-22 14:08:33,807] INFO: mtz (6/2013): Updated existing record with 12 non-zero financial metrics
[2025-03-22 14:08:33,837] INFO: mtz (9/2013): Updated existing record with 12 non-zero financial metrics
[2025-03-22 14:08:33,854] WARNING: mtz (12/2013): Found zero values for fields: Share Repurchases
[2025-03-22 14:08:33,868] INFO: mtz (12/2013): Updated existing record with 15 non-zero financial metrics
[2025-03-22 14:08:33,898] INFO: mtz (3/2014): Updated existing record with 16 non-zero financial metrics
[2025-03-22 14:08:33,928] INFO: mtz (6/2014): Updated existing record with 13 non-zero financial metrics
[2025-03-22 14:08:33,959] INFO: mtz (9/2014): Updated existing record with 13 non-zero financial metrics
[2025-03-22 14:08:33,975] WARNING: mtz (12/2014): Found zero values for fields: Share Repurchases
[2025-03-22 14:08:33,989] INFO: mtz (12/2014): Updated existing record with 16 non-zero financial metrics
[2025-03-22 14:08:34,019] INFO: mtz (3/2015): Updated existing record with 17 non-zero financial metrics
[2025-03-22 14:08:34,049] INFO: mtz (6/2015): Updated existing record with 13 non-zero financial metrics
[2025-03-22 14:08:34,079] INFO: mtz (9/2015): Updated existing record with 13 non-zero financial metrics
[2025-03-22 14:08:34,109] INFO: mtz (12/2015): Updated existing record with 17 non-zero financial metrics
[2025-03-22 14:08:34,125] WARNING: mtz (3/2016): Found zero values for fields: Share Repurchases
[2025-03-22 14:08:34,139] INFO: mtz (3/2016): Updated existing record with 15 non-zero financial metrics
[2025-03-22 14:08:34,169] INFO: mtz (6/2016): Updated existing record with 12 non-zero financial metrics
[2025-03-22 14:08:34,199] INFO: mtz (9/2016): Updated existing record with 12 non-zero financial metrics
[2025-03-22 14:08:34,216] WARNING: mtz (12/2016): Found zero values for fields: Share Repurchases
[2025-03-22 14:08:34,232] INFO: mtz (12/2016): Updated existing record with 15 non-zero financial metrics
[2025-03-22 14:08:34,263] INFO: mtz (3/2017): Updated existing record with 15 non-zero financial metrics
[2025-03-22 14:08:34,294] INFO: mtz (6/2017): Updated existing record with 12 non-zero financial metrics
[2025-03-22 14:08:34,326] INFO: mtz (9/2017): Updated existing record with 12 non-zero financial metrics
[2025-03-22 14:08:34,357] INFO: mtz (12/2017): Updated existing record with 16 non-zero financial metrics
[2025-03-22 14:08:34,388] INFO: mtz (3/2018): Updated existing record with 16 non-zero financial metrics
[2025-03-22 14:08:34,419] INFO: mtz (6/2018): Updated existing record with 12 non-zero financial metrics
[2025-03-22 14:08:34,449] INFO: mtz (9/2018): Updated existing record with 12 non-zero financial metrics
[2025-03-22 14:08:34,480] INFO: mtz (12/2018): Updated existing record with 16 non-zero financial metrics
[2025-03-22 14:08:34,511] INFO: mtz (3/2019): Updated existing record with 16 non-zero financial metrics
[2025-03-22 14:08:34,543] INFO: mtz (6/2019): Updated existing record with 12 non-zero financial metrics
[2025-03-22 14:08:34,580] INFO: mtz (9/2019): Updated existing record with 12 non-zero financial metrics
[2025-03-22 14:08:34,611] INFO: mtz (12/2019): Updated existing record with 16 non-zero financial metrics
[2025-03-22 14:08:34,642] INFO: mtz (3/2020): Updated existing record with 16 non-zero financial metrics
[2025-03-22 14:08:34,675] INFO: mtz (6/2020): Updated existing record with 12 non-zero financial metrics
[2025-03-22 14:08:34,706] INFO: mtz (9/2020): Updated existing record with 12 non-zero financial metrics
[2025-03-22 14:08:34,737] INFO: mtz (12/2020): Updated existing record with 16 non-zero financial metrics
[2025-03-22 14:08:34,757] WARNING: mtz (3/2021): Found zero values for fields: Share Repurchases
[2025-03-22 14:08:34,772] INFO: mtz (3/2021): Updated existing record with 15 non-zero financial metrics
[2025-03-22 14:08:34,802] INFO: mtz (6/2021): Updated existing record with 12 non-zero financial metrics
[2025-03-22 14:08:34,832] INFO: mtz (9/2021): Updated existing record with 12 non-zero financial metrics
[2025-03-22 14:08:34,848] INFO: Trying adjusted date: 1/2022 (original: 12/2021)
[2025-03-22 14:08:34,862] WARNING: mtz (12/2021): Found zero values for fields: Share Repurchases
[2025-03-22 14:08:34,862] WARNING: mtz (12/2021): No existing record found(12/2021, 2021-12-31) - creating new one
[2025-03-22 14:08:34,863] INFO: mtz (12/2021): Created new record with 15 non-zero financial metrics
[2025-03-22 14:08:34,893] INFO: mtz (3/2022): Updated existing record with 16 non-zero financial metrics
[2025-03-22 14:08:34,924] INFO: mtz (6/2022): Updated existing record with 12 non-zero financial metrics
[2025-03-22 14:08:34,955] INFO: mtz (9/2022): Updated existing record with 12 non-zero financial metrics
[2025-03-22 14:08:34,986] INFO: mtz (12/2022): Updated existing record with 16 non-zero financial metrics
[2025-03-22 14:08:35,002] WARNING: mtz (3/2023): Found zero values for fields: Share Repurchases
[2025-03-22 14:08:35,016] INFO: mtz (3/2023): Updated existing record with 15 non-zero financial metrics
[2025-03-22 14:08:35,046] INFO: mtz (6/2023): Updated existing record with 12 non-zero financial metrics
[2025-03-22 14:08:35,078] INFO: mtz (9/2023): Updated existing record with 12 non-zero financial metrics
[2025-03-22 14:08:35,095] WARNING: mtz (12/2023): Found zero values for fields: Share Repurchases
[2025-03-22 14:08:35,109] INFO: mtz (12/2023): Updated existing record with 15 non-zero financial metrics
[2025-03-22 14:08:35,140] INFO: mtz (3/2024): Updated existing record with 15 non-zero financial metrics
[2025-03-22 14:08:35,170] INFO: mtz (6/2024): Updated existing record with 12 non-zero financial metrics
[2025-03-22 14:08:35,201] INFO: mtz (9/2024): Updated existing record with 12 non-zero financial metrics
[2025-03-22 14:08:35,217] INFO: Trying adjusted date: 1/2025 (original: 12/2024)
[2025-03-22 14:08:35,233] WARNING: mtz (12/2024): Found zero values for fields: Share Repurchases
[2025-03-22 14:08:35,233] WARNING: mtz (12/2024): No existing record found(12/2024, 2024-12-31) - creating new one
[2025-03-22 14:08:35,233] INFO: mtz (12/2024): Created new record with 15 non-zero financial metrics
