[2025-03-22 13:58:05,365] INFO: Trying adjusted date: 4/2010 (original: 3/2010)
[2025-03-22 13:58:05,379] WARNING: mur (3/2010): No existing record found(3/2010, 2010-03-31) - creating new one
[2025-03-22 13:58:05,379] INFO: mur (3/2010): Created new record with 14 non-zero financial metrics
[2025-03-22 13:58:05,396] INFO: Trying adjusted date: 7/2010 (original: 6/2010)
[2025-03-22 13:58:05,410] WARNING: mur (6/2010): No existing record found(6/2010, 2010-06-30) - creating new one
[2025-03-22 13:58:05,411] INFO: mur (6/2010): Created new record with 10 non-zero financial metrics
[2025-03-22 13:58:05,427] INFO: Trying adjusted date: 10/2010 (original: 9/2010)
[2025-03-22 13:58:05,441] WARNING: mur (9/2010): No existing record found(9/2010, 2010-09-30) - creating new one
[2025-03-22 13:58:05,442] INFO: mur (9/2010): Created new record with 10 non-zero financial metrics
[2025-03-22 13:58:05,457] INFO: Trying adjusted date: 1/2011 (original: 12/2010)
[2025-03-22 13:58:05,471] WARNING: mur (12/2010): No existing record found(12/2010, 2010-12-31) - creating new one
[2025-03-22 13:58:05,472] INFO: mur (12/2010): Created new record with 15 non-zero financial metrics
[2025-03-22 13:58:05,489] INFO: Trying adjusted date: 4/2011 (original: 3/2011)
[2025-03-22 13:58:05,503] WARNING: mur (3/2011): No existing record found(3/2011, 2011-03-31) - creating new one
[2025-03-22 13:58:05,503] INFO: mur (3/2011): Created new record with 14 non-zero financial metrics
[2025-03-22 13:58:05,519] INFO: Trying adjusted date: 7/2011 (original: 6/2011)
[2025-03-22 13:58:05,534] WARNING: mur (6/2011): No existing record found(6/2011, 2011-06-30) - creating new one
[2025-03-22 13:58:05,534] INFO: mur (6/2011): Created new record with 10 non-zero financial metrics
[2025-03-22 13:58:05,551] INFO: Trying adjusted date: 10/2011 (original: 9/2011)
[2025-03-22 13:58:05,565] WARNING: mur (9/2011): No existing record found(9/2011, 2011-09-30) - creating new one
[2025-03-22 13:58:05,565] INFO: mur (9/2011): Created new record with 10 non-zero financial metrics
[2025-03-22 13:58:05,581] INFO: Trying adjusted date: 1/2012 (original: 12/2011)
[2025-03-22 13:58:05,596] WARNING: mur (12/2011): No existing record found(12/2011, 2011-12-31) - creating new one
[2025-03-22 13:58:05,596] INFO: mur (12/2011): Created new record with 15 non-zero financial metrics
[2025-03-22 13:58:05,612] INFO: Trying adjusted date: 4/2012 (original: 3/2012)
[2025-03-22 13:58:05,627] WARNING: mur (3/2012): No existing record found(3/2012, 2012-03-31) - creating new one
[2025-03-22 13:58:05,627] INFO: mur (3/2012): Created new record with 14 non-zero financial metrics
[2025-03-22 13:58:05,657] INFO: mur (6/2012): Updated existing record with 10 non-zero financial metrics
[2025-03-22 13:58:05,686] INFO: mur (9/2012): Updated existing record with 10 non-zero financial metrics
[2025-03-22 13:58:05,716] INFO: mur (12/2012): Updated existing record with 15 non-zero financial metrics
[2025-03-22 13:58:05,747] INFO: mur (3/2013): Updated existing record with 13 non-zero financial metrics
[2025-03-22 13:58:05,777] INFO: mur (6/2013): Updated existing record with 10 non-zero financial metrics
[2025-03-22 13:58:05,807] INFO: mur (9/2013): Updated existing record with 10 non-zero financial metrics
[2025-03-22 13:58:05,838] INFO: mur (12/2013): Updated existing record with 14 non-zero financial metrics
[2025-03-22 13:58:05,868] INFO: mur (3/2014): Updated existing record with 14 non-zero financial metrics
[2025-03-22 13:58:05,899] INFO: mur (6/2014): Updated existing record with 10 non-zero financial metrics
[2025-03-22 13:58:05,929] INFO: mur (9/2014): Updated existing record with 9 non-zero financial metrics
[2025-03-22 13:58:05,946] WARNING: mur (12/2014): Found zero values for fields: Goodwill
[2025-03-22 13:58:05,961] INFO: mur (12/2014): Updated existing record with 11 non-zero financial metrics
[2025-03-22 13:58:05,991] INFO: mur (3/2015): Updated existing record with 8 non-zero financial metrics
[2025-03-22 13:58:06,021] INFO: mur (6/2015): Updated existing record with 8 non-zero financial metrics
[2025-03-22 13:58:06,053] INFO: mur (9/2015): Updated existing record with 8 non-zero financial metrics
[2025-03-22 13:58:06,083] INFO: mur (12/2015): Updated existing record with 11 non-zero financial metrics
[2025-03-22 13:58:06,113] INFO: mur (3/2016): Updated existing record with 8 non-zero financial metrics
[2025-03-22 13:58:06,143] INFO: mur (6/2016): Updated existing record with 8 non-zero financial metrics
[2025-03-22 13:58:06,173] INFO: mur (9/2016): Updated existing record with 8 non-zero financial metrics
[2025-03-22 13:58:06,204] INFO: mur (12/2016): Updated existing record with 10 non-zero financial metrics
[2025-03-22 13:58:06,236] INFO: mur (3/2017): Updated existing record with 9 non-zero financial metrics
[2025-03-22 13:58:06,268] INFO: mur (6/2017): Updated existing record with 9 non-zero financial metrics
[2025-03-22 13:58:06,298] INFO: mur (9/2017): Updated existing record with 11 non-zero financial metrics
[2025-03-22 13:58:06,329] INFO: mur (12/2017): Updated existing record with 12 non-zero financial metrics
[2025-03-22 13:58:06,359] INFO: mur (3/2018): Updated existing record with 14 non-zero financial metrics
[2025-03-22 13:58:06,389] INFO: mur (6/2018): Updated existing record with 11 non-zero financial metrics
[2025-03-22 13:58:06,419] INFO: mur (9/2018): Updated existing record with 11 non-zero financial metrics
[2025-03-22 13:58:06,449] INFO: mur (3/2019): Updated existing record with 11 non-zero financial metrics
[2025-03-22 13:58:06,480] INFO: mur (6/2019): Updated existing record with 12 non-zero financial metrics
[2025-03-22 13:58:06,509] INFO: mur (9/2019): Updated existing record with 12 non-zero financial metrics
[2025-03-22 13:58:06,542] INFO: mur (12/2019): Updated existing record with 17 non-zero financial metrics
[2025-03-22 13:58:06,573] INFO: mur (3/2020): Updated existing record with 12 non-zero financial metrics
[2025-03-22 13:58:06,606] INFO: mur (6/2020): Updated existing record with 12 non-zero financial metrics
[2025-03-22 13:58:06,636] INFO: mur (9/2020): Updated existing record with 12 non-zero financial metrics
[2025-03-22 13:58:06,652] WARNING: mur (12/2020): Found zero values for fields: Share Repurchases
[2025-03-22 13:58:06,667] INFO: mur (12/2020): Updated existing record with 16 non-zero financial metrics
[2025-03-22 13:58:06,698] INFO: mur (3/2021): Updated existing record with 15 non-zero financial metrics
[2025-03-22 13:58:06,729] INFO: mur (6/2021): Updated existing record with 12 non-zero financial metrics
[2025-03-22 13:58:06,760] INFO: mur (9/2021): Updated existing record with 12 non-zero financial metrics
[2025-03-22 13:58:06,776] WARNING: mur (12/2021): Found zero values for fields: Share Repurchases
[2025-03-22 13:58:06,790] INFO: mur (12/2021): Updated existing record with 16 non-zero financial metrics
[2025-03-22 13:58:06,820] INFO: mur (3/2022): Updated existing record with 16 non-zero financial metrics
[2025-03-22 13:58:06,851] INFO: mur (6/2022): Updated existing record with 13 non-zero financial metrics
[2025-03-22 13:58:06,882] INFO: mur (9/2022): Updated existing record with 13 non-zero financial metrics
[2025-03-22 13:58:06,913] INFO: mur (12/2022): Updated existing record with 16 non-zero financial metrics
[2025-03-22 13:58:06,943] INFO: mur (3/2023): Updated existing record with 15 non-zero financial metrics
[2025-03-22 13:58:06,973] INFO: mur (6/2023): Updated existing record with 13 non-zero financial metrics
[2025-03-22 13:58:07,002] INFO: mur (9/2023): Updated existing record with 13 non-zero financial metrics
[2025-03-22 13:58:07,033] INFO: mur (12/2023): Updated existing record with 17 non-zero financial metrics
[2025-03-22 13:58:07,063] INFO: mur (3/2024): Updated existing record with 16 non-zero financial metrics
[2025-03-22 13:58:07,092] INFO: mur (6/2024): Updated existing record with 12 non-zero financial metrics
[2025-03-22 13:58:07,109] WARNING: mur (9/2024): Found zero values for fields: COGS
[2025-03-22 13:58:07,123] INFO: mur (9/2024): Updated existing record with 11 non-zero financial metrics
[2025-03-22 13:58:07,154] INFO: mur (12/2024): Updated existing record with 16 non-zero financial metrics
