[2025-03-21 22:22:12,426] INFO: Trying adjusted date: 4/2010 (original: 3/2010)
[2025-03-21 22:22:12,436] WARNING: nee (3/2010): No existing record found(3/2010, 2010-03-31) - creating new one
[2025-03-21 22:22:12,437] INFO: nee (3/2010): Created new record with 10 non-zero financial metrics
[2025-03-21 22:22:12,450] INFO: Trying adjusted date: 7/2010 (original: 6/2010)
[2025-03-21 22:22:12,462] WARNING: nee (6/2010): No existing record found(6/2010, 2010-06-30) - creating new one
[2025-03-21 22:22:12,463] INFO: nee (6/2010): Created new record with 8 non-zero financial metrics
[2025-03-21 22:22:12,475] INFO: Trying adjusted date: 10/2010 (original: 9/2010)
[2025-03-21 22:22:12,487] WARNING: nee (9/2010): No existing record found(9/2010, 2010-09-30) - creating new one
[2025-03-21 22:22:12,487] INFO: nee (9/2010): Created new record with 8 non-zero financial metrics
[2025-03-21 22:22:12,500] INFO: Trying adjusted date: 1/2011 (original: 12/2010)
[2025-03-21 22:22:12,512] WARNING: nee (12/2010): No existing record found(12/2010, 2010-12-31) - creating new one
[2025-03-21 22:22:12,512] INFO: nee (12/2010): Created new record with 13 non-zero financial metrics
[2025-03-21 22:22:12,526] INFO: Trying adjusted date: 4/2011 (original: 3/2011)
[2025-03-21 22:22:12,537] WARNING: nee (3/2011): No existing record found(3/2011, 2011-03-31) - creating new one
[2025-03-21 22:22:12,538] INFO: nee (3/2011): Created new record with 11 non-zero financial metrics
[2025-03-21 22:22:12,550] INFO: Trying adjusted date: 7/2011 (original: 6/2011)
[2025-03-21 22:22:12,563] WARNING: nee (6/2011): No existing record found(6/2011, 2011-06-30) - creating new one
[2025-03-21 22:22:12,564] INFO: nee (6/2011): Created new record with 9 non-zero financial metrics
[2025-03-21 22:22:12,576] INFO: Trying adjusted date: 10/2011 (original: 9/2011)
[2025-03-21 22:22:12,588] WARNING: nee (9/2011): No existing record found(9/2011, 2011-09-30) - creating new one
[2025-03-21 22:22:12,589] INFO: nee (9/2011): Created new record with 9 non-zero financial metrics
[2025-03-21 22:22:12,603] INFO: Trying adjusted date: 1/2012 (original: 12/2011)
[2025-03-21 22:22:12,615] WARNING: nee (12/2011): No existing record found(12/2011, 2011-12-31) - creating new one
[2025-03-21 22:22:12,616] INFO: nee (12/2011): Created new record with 15 non-zero financial metrics
[2025-03-21 22:22:12,629] INFO: Trying adjusted date: 4/2012 (original: 3/2012)
[2025-03-21 22:22:12,641] WARNING: nee (3/2012): No existing record found(3/2012, 2012-03-31) - creating new one
[2025-03-21 22:22:12,641] INFO: nee (3/2012): Created new record with 13 non-zero financial metrics
[2025-03-21 22:22:12,654] INFO: Trying adjusted date: 7/2012 (original: 6/2012)
[2025-03-21 22:22:12,665] WARNING: nee (6/2012): No existing record found(6/2012, 2012-06-30) - creating new one
[2025-03-21 22:22:12,666] INFO: nee (6/2012): Created new record with 9 non-zero financial metrics
[2025-03-21 22:22:12,697] INFO: nee (9/2012): Updated existing record with 9 non-zero financial metrics
[2025-03-21 22:22:12,721] INFO: nee (12/2012): Updated existing record with 15 non-zero financial metrics
[2025-03-21 22:22:12,733] WARNING: nee (3/2013): Found zero values for fields: Share Repurchases
[2025-03-21 22:22:12,745] INFO: nee (3/2013): Updated existing record with 12 non-zero financial metrics
[2025-03-21 22:22:12,770] INFO: nee (6/2013): Updated existing record with 9 non-zero financial metrics
[2025-03-21 22:22:12,794] INFO: nee (9/2013): Updated existing record with 9 non-zero financial metrics
[2025-03-21 22:22:12,806] WARNING: nee (12/2013): Found zero values for fields: Share Repurchases
[2025-03-21 22:22:12,818] INFO: nee (12/2013): Updated existing record with 13 non-zero financial metrics
[2025-03-21 22:22:12,842] INFO: nee (3/2014): Updated existing record with 12 non-zero financial metrics
[2025-03-21 22:22:12,867] INFO: nee (6/2014): Updated existing record with 9 non-zero financial metrics
[2025-03-21 22:22:12,891] INFO: nee (9/2014): Updated existing record with 9 non-zero financial metrics
[2025-03-21 22:22:12,904] WARNING: nee (12/2014): Found zero values for fields: Share Repurchases
[2025-03-21 22:22:12,916] INFO: nee (12/2014): Updated existing record with 13 non-zero financial metrics
[2025-03-21 22:22:12,940] INFO: nee (3/2015): Updated existing record with 12 non-zero financial metrics
[2025-03-21 22:22:12,963] INFO: nee (6/2015): Updated existing record with 9 non-zero financial metrics
[2025-03-21 22:22:12,988] INFO: nee (9/2015): Updated existing record with 9 non-zero financial metrics
[2025-03-21 22:22:13,013] INFO: nee (12/2015): Updated existing record with 13 non-zero financial metrics
[2025-03-21 22:22:13,039] INFO: nee (3/2016): Updated existing record with 12 non-zero financial metrics
[2025-03-21 22:22:13,062] INFO: nee (6/2016): Updated existing record with 9 non-zero financial metrics
[2025-03-21 22:22:13,086] INFO: nee (9/2016): Updated existing record with 9 non-zero financial metrics
[2025-03-21 22:22:13,110] INFO: nee (12/2016): Updated existing record with 12 non-zero financial metrics
[2025-03-21 22:22:13,134] INFO: nee (3/2017): Updated existing record with 12 non-zero financial metrics
[2025-03-21 22:22:13,161] INFO: nee (6/2017): Updated existing record with 9 non-zero financial metrics
[2025-03-21 22:22:13,187] INFO: nee (9/2017): Updated existing record with 9 non-zero financial metrics
[2025-03-21 22:22:13,212] INFO: nee (12/2017): Updated existing record with 13 non-zero financial metrics
[2025-03-21 22:22:13,238] INFO: nee (3/2018): Updated existing record with 12 non-zero financial metrics
[2025-03-21 22:22:13,263] INFO: nee (6/2018): Updated existing record with 9 non-zero financial metrics
[2025-03-21 22:22:13,287] INFO: nee (9/2018): Updated existing record with 9 non-zero financial metrics
[2025-03-21 22:22:13,312] INFO: nee (12/2018): Updated existing record with 13 non-zero financial metrics
[2025-03-21 22:22:13,337] INFO: nee (3/2019): Updated existing record with 13 non-zero financial metrics
[2025-03-21 22:22:13,360] INFO: nee (6/2019): Updated existing record with 10 non-zero financial metrics
[2025-03-21 22:22:13,387] INFO: nee (9/2019): Updated existing record with 10 non-zero financial metrics
[2025-03-21 22:22:13,411] INFO: nee (12/2019): Updated existing record with 13 non-zero financial metrics
[2025-03-21 22:22:13,435] INFO: nee (3/2020): Updated existing record with 13 non-zero financial metrics
[2025-03-21 22:22:13,460] INFO: nee (6/2020): Updated existing record with 10 non-zero financial metrics
[2025-03-21 22:22:13,486] INFO: nee (9/2020): Updated existing record with 10 non-zero financial metrics
[2025-03-21 22:22:13,510] INFO: nee (12/2020): Updated existing record with 14 non-zero financial metrics
[2025-03-21 22:22:13,534] INFO: nee (3/2021): Updated existing record with 14 non-zero financial metrics
[2025-03-21 22:22:13,558] INFO: nee (6/2021): Updated existing record with 11 non-zero financial metrics
[2025-03-21 22:22:13,582] INFO: nee (9/2021): Updated existing record with 11 non-zero financial metrics
[2025-03-21 22:22:13,609] INFO: nee (12/2021): Updated existing record with 14 non-zero financial metrics
[2025-03-21 22:22:13,633] INFO: nee (3/2022): Updated existing record with 14 non-zero financial metrics
[2025-03-21 22:22:13,658] INFO: nee (6/2022): Updated existing record with 11 non-zero financial metrics
[2025-03-21 22:22:13,682] INFO: nee (9/2022): Updated existing record with 11 non-zero financial metrics
[2025-03-21 22:22:13,708] INFO: nee (12/2022): Updated existing record with 14 non-zero financial metrics
[2025-03-21 22:22:13,736] INFO: nee (3/2023): Updated existing record with 14 non-zero financial metrics
[2025-03-21 22:22:13,760] INFO: nee (6/2023): Updated existing record with 11 non-zero financial metrics
[2025-03-21 22:22:13,786] INFO: nee (9/2023): Updated existing record with 11 non-zero financial metrics
[2025-03-21 22:22:13,811] INFO: nee (12/2023): Updated existing record with 14 non-zero financial metrics
[2025-03-21 22:22:13,838] INFO: nee (3/2024): Updated existing record with 14 non-zero financial metrics
[2025-03-21 22:22:13,862] INFO: nee (6/2024): Updated existing record with 11 non-zero financial metrics
[2025-03-21 22:22:13,886] INFO: nee (9/2024): Updated existing record with 11 non-zero financial metrics
[2025-03-21 22:22:13,910] INFO: nee (12/2024): Updated existing record with 14 non-zero financial metrics
