[2025-03-22 03:03:02,335] INFO: Trying adjusted date: 4/2010 (original: 3/2010)
[2025-03-22 03:03:02,348] WARNING: nem (3/2010): No existing record found(3/2010, 2010-03-31) - creating new one
[2025-03-22 03:03:02,348] INFO: nem (3/2010): Created new record with 14 non-zero financial metrics
[2025-03-22 03:03:02,363] INFO: Trying adjusted date: 7/2010 (original: 6/2010)
[2025-03-22 03:03:02,376] WARNING: nem (6/2010): No existing record found(6/2010, 2010-06-30) - creating new one
[2025-03-22 03:03:02,376] INFO: nem (6/2010): Created new record with 13 non-zero financial metrics
[2025-03-22 03:03:02,392] INFO: Trying adjusted date: 10/2010 (original: 9/2010)
[2025-03-22 03:03:02,404] WARNING: nem (9/2010): No existing record found(9/2010, 2010-09-30) - creating new one
[2025-03-22 03:03:02,405] INFO: nem (9/2010): Created new record with 13 non-zero financial metrics
[2025-03-22 03:03:02,422] INFO: Trying adjusted date: 1/2011 (original: 12/2010)
[2025-03-22 03:03:02,435] WARNING: nem (12/2010): No existing record found(12/2010, 2010-12-31) - creating new one
[2025-03-22 03:03:02,435] INFO: nem (12/2010): Created new record with 16 non-zero financial metrics
[2025-03-22 03:03:02,449] INFO: Trying adjusted date: 4/2011 (original: 3/2011)
[2025-03-22 03:03:02,461] WARNING: nem (3/2011): No existing record found(3/2011, 2011-03-31) - creating new one
[2025-03-22 03:03:02,462] INFO: nem (3/2011): Created new record with 16 non-zero financial metrics
[2025-03-22 03:03:02,475] INFO: Trying adjusted date: 7/2011 (original: 6/2011)
[2025-03-22 03:03:02,488] WARNING: nem (6/2011): No existing record found(6/2011, 2011-06-30) - creating new one
[2025-03-22 03:03:02,488] INFO: nem (6/2011): Created new record with 13 non-zero financial metrics
[2025-03-22 03:03:02,502] INFO: Trying adjusted date: 10/2011 (original: 9/2011)
[2025-03-22 03:03:02,514] WARNING: nem (9/2011): No existing record found(9/2011, 2011-09-30) - creating new one
[2025-03-22 03:03:02,514] INFO: nem (9/2011): Created new record with 13 non-zero financial metrics
[2025-03-22 03:03:02,527] INFO: Trying adjusted date: 1/2012 (original: 12/2011)
[2025-03-22 03:03:02,539] WARNING: nem (12/2011): No existing record found(12/2011, 2011-12-31) - creating new one
[2025-03-22 03:03:02,539] INFO: nem (12/2011): Created new record with 16 non-zero financial metrics
[2025-03-22 03:03:02,553] INFO: Trying adjusted date: 4/2012 (original: 3/2012)
[2025-03-22 03:03:02,565] WARNING: nem (3/2012): No existing record found(3/2012, 2012-03-31) - creating new one
[2025-03-22 03:03:02,566] INFO: nem (3/2012): Created new record with 16 non-zero financial metrics
[2025-03-22 03:03:02,580] INFO: Trying adjusted date: 7/2012 (original: 6/2012)
[2025-03-22 03:03:02,592] WARNING: nem (6/2012): No existing record found(6/2012, 2012-06-30) - creating new one
[2025-03-22 03:03:02,593] INFO: nem (6/2012): Created new record with 13 non-zero financial metrics
[2025-03-22 03:03:02,618] INFO: nem (9/2012): Updated existing record with 13 non-zero financial metrics
[2025-03-22 03:03:02,644] INFO: nem (12/2012): Updated existing record with 16 non-zero financial metrics
[2025-03-22 03:03:02,673] INFO: nem (3/2013): Updated existing record with 16 non-zero financial metrics
[2025-03-22 03:03:02,698] INFO: nem (6/2013): Updated existing record with 12 non-zero financial metrics
[2025-03-22 03:03:02,723] INFO: nem (9/2013): Updated existing record with 12 non-zero financial metrics
[2025-03-22 03:03:02,750] INFO: nem (12/2013): Updated existing record with 13 non-zero financial metrics
[2025-03-22 03:03:02,775] INFO: nem (3/2014): Updated existing record with 13 non-zero financial metrics
[2025-03-22 03:03:02,801] INFO: nem (6/2014): Updated existing record with 12 non-zero financial metrics
[2025-03-22 03:03:02,826] INFO: nem (9/2014): Updated existing record with 12 non-zero financial metrics
[2025-03-22 03:03:02,854] INFO: nem (12/2014): Updated existing record with 14 non-zero financial metrics
[2025-03-22 03:03:02,881] INFO: nem (3/2015): Updated existing record with 13 non-zero financial metrics
[2025-03-22 03:03:02,907] INFO: nem (6/2015): Updated existing record with 11 non-zero financial metrics
[2025-03-22 03:03:02,936] INFO: nem (9/2015): Updated existing record with 11 non-zero financial metrics
[2025-03-22 03:03:02,963] INFO: nem (12/2015): Updated existing record with 13 non-zero financial metrics
[2025-03-22 03:03:02,989] INFO: nem (3/2016): Updated existing record with 11 non-zero financial metrics
[2025-03-22 03:03:03,015] INFO: nem (6/2016): Updated existing record with 10 non-zero financial metrics
[2025-03-22 03:03:03,043] INFO: nem (9/2016): Updated existing record with 10 non-zero financial metrics
[2025-03-22 03:03:03,069] INFO: nem (12/2016): Updated existing record with 14 non-zero financial metrics
[2025-03-22 03:03:03,095] INFO: nem (3/2017): Updated existing record with 13 non-zero financial metrics
[2025-03-22 03:03:03,120] INFO: nem (6/2017): Updated existing record with 10 non-zero financial metrics
[2025-03-22 03:03:03,146] INFO: nem (9/2017): Updated existing record with 10 non-zero financial metrics
[2025-03-22 03:03:03,172] INFO: nem (12/2017): Updated existing record with 13 non-zero financial metrics
[2025-03-22 03:03:03,198] INFO: nem (3/2018): Updated existing record with 15 non-zero financial metrics
[2025-03-22 03:03:03,225] INFO: nem (6/2018): Updated existing record with 11 non-zero financial metrics
[2025-03-22 03:03:03,251] INFO: nem (9/2018): Updated existing record with 11 non-zero financial metrics
[2025-03-22 03:03:03,277] INFO: nem (12/2018): Updated existing record with 15 non-zero financial metrics
[2025-03-22 03:03:03,303] INFO: nem (3/2019): Updated existing record with 14 non-zero financial metrics
[2025-03-22 03:03:03,328] INFO: nem (6/2019): Updated existing record with 13 non-zero financial metrics
[2025-03-22 03:03:03,357] INFO: nem (9/2019): Updated existing record with 13 non-zero financial metrics
[2025-03-22 03:03:03,383] INFO: nem (12/2019): Updated existing record with 17 non-zero financial metrics
[2025-03-22 03:03:03,410] INFO: nem (3/2020): Updated existing record with 17 non-zero financial metrics
[2025-03-22 03:03:03,436] INFO: nem (6/2020): Updated existing record with 13 non-zero financial metrics
[2025-03-22 03:03:03,462] INFO: nem (9/2020): Updated existing record with 13 non-zero financial metrics
[2025-03-22 03:03:03,489] INFO: nem (12/2020): Updated existing record with 17 non-zero financial metrics
[2025-03-22 03:03:03,503] WARNING: nem (3/2021): Found zero values for fields: Share Repurchases
[2025-03-22 03:03:03,515] INFO: nem (3/2021): Updated existing record with 16 non-zero financial metrics
[2025-03-22 03:03:03,541] INFO: nem (6/2021): Updated existing record with 13 non-zero financial metrics
[2025-03-22 03:03:03,554] WARNING: nem (9/2021): Found zero values for fields: EPS Diluted
[2025-03-22 03:03:03,567] INFO: nem (9/2021): Updated existing record with 12 non-zero financial metrics
[2025-03-22 03:03:03,594] INFO: nem (12/2021): Updated existing record with 17 non-zero financial metrics
[2025-03-22 03:03:03,621] INFO: nem (3/2022): Updated existing record with 16 non-zero financial metrics
[2025-03-22 03:03:03,648] INFO: nem (6/2022): Updated existing record with 13 non-zero financial metrics
[2025-03-22 03:03:03,674] INFO: nem (9/2022): Updated existing record with 13 non-zero financial metrics
[2025-03-22 03:03:03,687] WARNING: nem (12/2022): Found zero values for fields: Share Repurchases
[2025-03-22 03:03:03,700] INFO: nem (12/2022): Updated existing record with 16 non-zero financial metrics
[2025-03-22 03:03:03,725] INFO: nem (3/2023): Updated existing record with 16 non-zero financial metrics
[2025-03-22 03:03:03,751] INFO: nem (6/2023): Updated existing record with 13 non-zero financial metrics
[2025-03-22 03:03:03,776] INFO: nem (9/2023): Updated existing record with 13 non-zero financial metrics
[2025-03-22 03:03:03,790] WARNING: nem (12/2023): Found zero values for fields: Share Repurchases
[2025-03-22 03:03:03,802] INFO: nem (12/2023): Updated existing record with 16 non-zero financial metrics
[2025-03-22 03:03:03,829] INFO: nem (3/2024): Updated existing record with 15 non-zero financial metrics
[2025-03-22 03:03:03,856] INFO: nem (6/2024): Updated existing record with 13 non-zero financial metrics
[2025-03-22 03:03:03,884] INFO: nem (9/2024): Updated existing record with 13 non-zero financial metrics
[2025-03-22 03:03:03,898] INFO: Trying adjusted date: 1/2025 (original: 12/2024)
[2025-03-22 03:03:03,911] WARNING: nem (12/2024): No existing record found(12/2024, 2024-12-31) - creating new one
[2025-03-22 03:03:03,911] INFO: nem (12/2024): Created new record with 17 non-zero financial metrics
