[2025-03-22 05:23:11,852] INFO: net (9/2019): Updated existing record with 16 non-zero financial metrics
[2025-03-22 05:23:11,879] INFO: net (12/2019): Updated existing record with 21 non-zero financial metrics
[2025-03-22 05:23:11,907] INFO: net (3/2020): Updated existing record with 21 non-zero financial metrics
[2025-03-22 05:23:11,935] INFO: net (6/2020): Updated existing record with 16 non-zero financial metrics
[2025-03-22 05:23:11,963] INFO: net (9/2020): Updated existing record with 16 non-zero financial metrics
[2025-03-22 05:23:11,991] INFO: net (12/2020): Updated existing record with 21 non-zero financial metrics
[2025-03-22 05:23:12,019] INFO: net (3/2021): Updated existing record with 21 non-zero financial metrics
[2025-03-22 05:23:12,048] INFO: net (6/2021): Updated existing record with 17 non-zero financial metrics
[2025-03-22 05:23:12,074] INFO: net (9/2021): Updated existing record with 17 non-zero financial metrics
[2025-03-22 05:23:12,101] INFO: net (12/2021): Updated existing record with 22 non-zero financial metrics
[2025-03-22 05:23:12,115] INFO: Trying adjusted date: 4/2022 (original: 3/2022)
[2025-03-22 05:23:12,128] WARNING: net (3/2022): No existing record found(3/2022, 2022-03-31) - creating new one
[2025-03-22 05:23:12,129] INFO: net (3/2022): Created new record with 22 non-zero financial metrics
[2025-03-22 05:23:12,155] INFO: net (6/2022): Updated existing record with 17 non-zero financial metrics
[2025-03-22 05:23:12,171] INFO: Trying adjusted date: 10/2022 (original: 9/2022)
[2025-03-22 05:23:12,184] WARNING: net (9/2022): No existing record found(9/2022, 2022-09-30) - creating new one
[2025-03-22 05:23:12,185] INFO: net (9/2022): Created new record with 17 non-zero financial metrics
[2025-03-22 05:23:12,212] INFO: net (12/2022): Updated existing record with 22 non-zero financial metrics
[2025-03-22 05:23:12,226] WARNING: net (3/2023): Found zero values for fields: Share Repurchases
[2025-03-22 05:23:12,239] INFO: net (3/2023): Updated existing record with 21 non-zero financial metrics
[2025-03-22 05:23:12,267] INFO: net (6/2023): Updated existing record with 17 non-zero financial metrics
[2025-03-22 05:23:12,293] INFO: net (9/2023): Updated existing record with 17 non-zero financial metrics
[2025-03-22 05:23:12,320] INFO: net (12/2023): Updated existing record with 22 non-zero financial metrics
[2025-03-22 05:23:12,346] INFO: net (3/2024): Updated existing record with 21 non-zero financial metrics
[2025-03-22 05:23:12,373] INFO: net (6/2024): Updated existing record with 16 non-zero financial metrics
[2025-03-22 05:23:12,399] INFO: net (9/2024): Updated existing record with 16 non-zero financial metrics
[2025-03-22 05:23:12,414] INFO: Trying adjusted date: 1/2025 (original: 12/2024)
[2025-03-22 05:23:12,427] WARNING: net (12/2024): Found zero values for fields: Share Repurchases
[2025-03-22 05:23:12,427] WARNING: net (12/2024): No existing record found(12/2024, 2024-12-31) - creating new one
[2025-03-22 05:23:12,427] INFO: net (12/2024): Created new record with 20 non-zero financial metrics
