[2025-03-22 13:29:49,690] INFO: Trying adjusted date: 7/2010 (original: 6/2010)
[2025-03-22 13:29:49,704] WARNING: nfg (6/2010): No existing record found(6/2010, 2010-06-30) - creating new one
[2025-03-22 13:29:49,704] INFO: nfg (6/2010): Created new record with 7 non-zero financial metrics
[2025-03-22 13:29:49,724] INFO: Trying adjusted date: 10/2010 (original: 9/2010)
[2025-03-22 13:29:49,739] WARNING: nfg (9/2010): Found zero values for fields: Share Repurchases
[2025-03-22 13:29:49,740] WARNING: nfg (9/2010): No existing record found(9/2010, 2010-09-30) - creating new one
[2025-03-22 13:29:49,740] INFO: nfg (9/2010): Created new record with 11 non-zero financial metrics
[2025-03-22 13:29:49,756] INFO: Trying adjusted date: 1/2011 (original: 12/2010)
[2025-03-22 13:29:49,771] WARNING: nfg (12/2010): No existing record found(12/2010, 2010-12-31) - creating new one
[2025-03-22 13:29:49,771] INFO: nfg (12/2010): Created new record with 11 non-zero financial metrics
[2025-03-22 13:29:49,787] INFO: Trying adjusted date: 4/2011 (original: 3/2011)
[2025-03-22 13:29:49,802] WARNING: nfg (3/2011): No existing record found(3/2011, 2011-03-31) - creating new one
[2025-03-22 13:29:49,802] INFO: nfg (3/2011): Created new record with 7 non-zero financial metrics
[2025-03-22 13:29:49,819] INFO: Trying adjusted date: 7/2011 (original: 6/2011)
[2025-03-22 13:29:49,832] WARNING: nfg (6/2011): No existing record found(6/2011, 2011-06-30) - creating new one
[2025-03-22 13:29:49,833] INFO: nfg (6/2011): Created new record with 7 non-zero financial metrics
[2025-03-22 13:29:49,850] INFO: Trying adjusted date: 10/2011 (original: 9/2011)
[2025-03-22 13:29:49,864] WARNING: nfg (9/2011): No existing record found(9/2011, 2011-09-30) - creating new one
[2025-03-22 13:29:49,864] INFO: nfg (9/2011): Created new record with 12 non-zero financial metrics
[2025-03-22 13:29:49,881] INFO: Trying adjusted date: 1/2012 (original: 12/2011)
[2025-03-22 13:29:49,896] WARNING: nfg (12/2011): No existing record found(12/2011, 2011-12-31) - creating new one
[2025-03-22 13:29:49,896] INFO: nfg (12/2011): Created new record with 12 non-zero financial metrics
[2025-03-22 13:29:49,912] INFO: Trying adjusted date: 4/2012 (original: 3/2012)
[2025-03-22 13:29:49,926] WARNING: nfg (3/2012): No existing record found(3/2012, 2012-03-31) - creating new one
[2025-03-22 13:29:49,927] INFO: nfg (3/2012): Created new record with 8 non-zero financial metrics
[2025-03-22 13:29:49,942] INFO: Trying adjusted date: 7/2012 (original: 6/2012)
[2025-03-22 13:29:49,957] WARNING: nfg (6/2012): No existing record found(6/2012, 2012-06-30) - creating new one
[2025-03-22 13:29:49,958] INFO: nfg (6/2012): Created new record with 8 non-zero financial metrics
[2025-03-22 13:29:49,986] INFO: nfg (9/2012): Updated existing record with 14 non-zero financial metrics
[2025-03-22 13:29:50,018] INFO: nfg (12/2012): Updated existing record with 12 non-zero financial metrics
[2025-03-22 13:29:50,048] INFO: nfg (3/2013): Updated existing record with 8 non-zero financial metrics
[2025-03-22 13:29:50,079] INFO: nfg (6/2013): Updated existing record with 7 non-zero financial metrics
[2025-03-22 13:29:50,108] INFO: nfg (9/2013): Updated existing record with 10 non-zero financial metrics
[2025-03-22 13:29:50,139] INFO: nfg (12/2013): Updated existing record with 8 non-zero financial metrics
[2025-03-22 13:29:50,168] INFO: nfg (3/2014): Updated existing record with 7 non-zero financial metrics
[2025-03-22 13:29:50,198] INFO: nfg (6/2014): Updated existing record with 7 non-zero financial metrics
[2025-03-22 13:29:50,228] INFO: nfg (9/2014): Updated existing record with 10 non-zero financial metrics
[2025-03-22 13:29:50,261] INFO: nfg (12/2014): Updated existing record with 8 non-zero financial metrics
[2025-03-22 13:29:50,292] INFO: nfg (3/2015): Updated existing record with 7 non-zero financial metrics
[2025-03-22 13:29:50,321] INFO: nfg (6/2015): Updated existing record with 7 non-zero financial metrics
[2025-03-22 13:29:50,352] INFO: nfg (9/2015): Updated existing record with 10 non-zero financial metrics
[2025-03-22 13:29:50,382] INFO: nfg (12/2015): Updated existing record with 8 non-zero financial metrics
[2025-03-22 13:29:50,415] INFO: nfg (3/2016): Updated existing record with 7 non-zero financial metrics
[2025-03-22 13:29:50,445] INFO: nfg (6/2016): Updated existing record with 7 non-zero financial metrics
[2025-03-22 13:29:50,476] INFO: nfg (9/2016): Updated existing record with 10 non-zero financial metrics
[2025-03-22 13:29:50,505] INFO: nfg (12/2016): Updated existing record with 8 non-zero financial metrics
[2025-03-22 13:29:50,535] INFO: nfg (3/2017): Updated existing record with 7 non-zero financial metrics
[2025-03-22 13:29:50,566] INFO: nfg (6/2017): Updated existing record with 8 non-zero financial metrics
[2025-03-22 13:29:50,596] INFO: nfg (9/2017): Updated existing record with 9 non-zero financial metrics
[2025-03-22 13:29:50,630] INFO: nfg (12/2017): Updated existing record with 9 non-zero financial metrics
[2025-03-22 13:29:50,660] INFO: nfg (3/2018): Updated existing record with 8 non-zero financial metrics
[2025-03-22 13:29:50,691] INFO: nfg (6/2018): Updated existing record with 9 non-zero financial metrics
[2025-03-22 13:29:50,721] INFO: nfg (9/2018): Updated existing record with 10 non-zero financial metrics
[2025-03-22 13:29:50,751] INFO: nfg (12/2018): Updated existing record with 10 non-zero financial metrics
[2025-03-22 13:29:50,784] INFO: nfg (3/2019): Updated existing record with 9 non-zero financial metrics
[2025-03-22 13:29:50,814] INFO: nfg (6/2019): Updated existing record with 9 non-zero financial metrics
[2025-03-22 13:29:50,844] INFO: nfg (9/2019): Updated existing record with 14 non-zero financial metrics
[2025-03-22 13:29:50,875] INFO: nfg (12/2019): Updated existing record with 13 non-zero financial metrics
[2025-03-22 13:29:50,904] INFO: nfg (3/2020): Updated existing record with 10 non-zero financial metrics
[2025-03-22 13:29:50,934] INFO: nfg (6/2020): Updated existing record with 10 non-zero financial metrics
[2025-03-22 13:29:50,966] INFO: nfg (9/2020): Updated existing record with 15 non-zero financial metrics
[2025-03-22 13:29:50,996] INFO: nfg (12/2020): Updated existing record with 15 non-zero financial metrics
[2025-03-22 13:29:51,026] INFO: nfg (3/2021): Updated existing record with 11 non-zero financial metrics
[2025-03-22 13:29:51,056] INFO: nfg (6/2021): Updated existing record with 11 non-zero financial metrics
[2025-03-22 13:29:51,085] INFO: nfg (9/2021): Updated existing record with 16 non-zero financial metrics
[2025-03-22 13:29:51,116] INFO: nfg (12/2021): Updated existing record with 15 non-zero financial metrics
[2025-03-22 13:29:51,146] INFO: nfg (3/2022): Updated existing record with 11 non-zero financial metrics
[2025-03-22 13:29:51,178] INFO: nfg (6/2022): Updated existing record with 11 non-zero financial metrics
[2025-03-22 13:29:51,210] INFO: nfg (9/2022): Updated existing record with 16 non-zero financial metrics
[2025-03-22 13:29:51,242] INFO: nfg (12/2022): Updated existing record with 15 non-zero financial metrics
[2025-03-22 13:29:51,272] INFO: nfg (3/2023): Updated existing record with 11 non-zero financial metrics
[2025-03-22 13:29:51,302] INFO: nfg (6/2023): Updated existing record with 11 non-zero financial metrics
[2025-03-22 13:29:51,332] INFO: nfg (9/2023): Updated existing record with 16 non-zero financial metrics
[2025-03-22 13:29:51,363] INFO: nfg (12/2023): Updated existing record with 16 non-zero financial metrics
[2025-03-22 13:29:51,394] INFO: nfg (3/2024): Updated existing record with 12 non-zero financial metrics
[2025-03-22 13:29:51,424] INFO: nfg (6/2024): Updated existing record with 13 non-zero financial metrics
[2025-03-22 13:29:51,454] INFO: nfg (9/2024): Updated existing record with 18 non-zero financial metrics
[2025-03-22 13:29:51,483] INFO: nfg (12/2024): Updated existing record with 18 non-zero financial metrics
