[2025-03-21 23:11:23,984] INFO: Trying adjusted date: 4/2010 (original: 3/2010)
[2025-03-21 23:11:23,996] WARNING: nflx (3/2010): No existing record found(3/2010, 2010-03-31) - creating new one
[2025-03-21 23:11:23,996] INFO: nflx (3/2010): Created new record with 20 non-zero financial metrics
[2025-03-21 23:11:24,010] INFO: Trying adjusted date: 7/2010 (original: 6/2010)
[2025-03-21 23:11:24,022] WARNING: nflx (6/2010): No existing record found(6/2010, 2010-06-30) - creating new one
[2025-03-21 23:11:24,023] INFO: nflx (6/2010): Created new record with 20 non-zero financial metrics
[2025-03-21 23:11:24,035] INFO: Trying adjusted date: 10/2010 (original: 9/2010)
[2025-03-21 23:11:24,047] WARNING: nflx (9/2010): No existing record found(9/2010, 2010-09-30) - creating new one
[2025-03-21 23:11:24,048] INFO: nflx (9/2010): Created new record with 20 non-zero financial metrics
[2025-03-21 23:11:24,061] INFO: Trying adjusted date: 1/2011 (original: 12/2010)
[2025-03-21 23:11:24,072] WARNING: nflx (12/2010): No existing record found(12/2010, 2010-12-31) - creating new one
[2025-03-21 23:11:24,073] INFO: nflx (12/2010): Created new record with 20 non-zero financial metrics
[2025-03-21 23:11:24,086] INFO: Trying adjusted date: 4/2011 (original: 3/2011)
[2025-03-21 23:11:24,098] WARNING: nflx (3/2011): No existing record found(3/2011, 2011-03-31) - creating new one
[2025-03-21 23:11:24,098] INFO: nflx (3/2011): Created new record with 20 non-zero financial metrics
[2025-03-21 23:11:24,113] INFO: Trying adjusted date: 7/2011 (original: 6/2011)
[2025-03-21 23:11:24,125] WARNING: nflx (6/2011): No existing record found(6/2011, 2011-06-30) - creating new one
[2025-03-21 23:11:24,126] INFO: nflx (6/2011): Created new record with 20 non-zero financial metrics
[2025-03-21 23:11:24,138] INFO: Trying adjusted date: 10/2011 (original: 9/2011)
[2025-03-21 23:11:24,150] WARNING: nflx (9/2011): No existing record found(9/2011, 2011-09-30) - creating new one
[2025-03-21 23:11:24,151] INFO: nflx (9/2011): Created new record with 20 non-zero financial metrics
[2025-03-21 23:11:24,165] INFO: Trying adjusted date: 1/2012 (original: 12/2011)
[2025-03-21 23:11:24,176] WARNING: nflx (12/2011): No existing record found(12/2011, 2011-12-31) - creating new one
[2025-03-21 23:11:24,177] INFO: nflx (12/2011): Created new record with 20 non-zero financial metrics
[2025-03-21 23:11:24,193] INFO: Trying adjusted date: 4/2012 (original: 3/2012)
[2025-03-21 23:11:24,205] WARNING: nflx (3/2012): Found zero values for fields: Share Repurchases
[2025-03-21 23:11:24,205] WARNING: nflx (3/2012): No existing record found(3/2012, 2012-03-31) - creating new one
[2025-03-21 23:11:24,205] INFO: nflx (3/2012): Created new record with 19 non-zero financial metrics
[2025-03-21 23:11:24,222] INFO: Trying adjusted date: 7/2012 (original: 6/2012)
[2025-03-21 23:11:24,234] WARNING: nflx (6/2012): Found zero values for fields: Share Repurchases
[2025-03-21 23:11:24,234] WARNING: nflx (6/2012): No existing record found(6/2012, 2012-06-30) - creating new one
[2025-03-21 23:11:24,235] INFO: nflx (6/2012): Created new record with 19 non-zero financial metrics
[2025-03-21 23:11:24,251] WARNING: nflx (9/2012): Found zero values for fields: Share Repurchases
[2025-03-21 23:11:24,263] INFO: nflx (9/2012): Updated existing record with 19 non-zero financial metrics
[2025-03-21 23:11:24,277] WARNING: nflx (12/2012): Found zero values for fields: Share Repurchases
[2025-03-21 23:11:24,289] INFO: nflx (12/2012): Updated existing record with 18 non-zero financial metrics
[2025-03-21 23:11:24,313] INFO: nflx (3/2013): Updated existing record with 19 non-zero financial metrics
[2025-03-21 23:11:24,338] INFO: nflx (6/2013): Updated existing record with 19 non-zero financial metrics
[2025-03-21 23:11:24,362] INFO: nflx (9/2013): Updated existing record with 18 non-zero financial metrics
[2025-03-21 23:11:24,375] INFO: Trying adjusted date: 1/2014 (original: 12/2013)
[2025-03-21 23:11:24,387] WARNING: nflx (12/2013): Found zero values for fields: Share Repurchases
[2025-03-21 23:11:24,387] WARNING: nflx (12/2013): No existing record found(12/2013, 2013-12-31) - creating new one
[2025-03-21 23:11:24,388] INFO: nflx (12/2013): Created new record with 18 non-zero financial metrics
[2025-03-21 23:11:24,412] INFO: nflx (3/2014): Updated existing record with 18 non-zero financial metrics
[2025-03-21 23:11:24,436] INFO: nflx (6/2014): Updated existing record with 18 non-zero financial metrics
[2025-03-21 23:11:24,463] INFO: nflx (9/2014): Updated existing record with 18 non-zero financial metrics
[2025-03-21 23:11:24,489] INFO: nflx (12/2014): Updated existing record with 18 non-zero financial metrics
[2025-03-21 23:11:24,515] INFO: nflx (3/2015): Updated existing record with 18 non-zero financial metrics
[2025-03-21 23:11:24,541] INFO: nflx (6/2015): Updated existing record with 18 non-zero financial metrics
[2025-03-21 23:11:24,566] INFO: nflx (9/2015): Updated existing record with 18 non-zero financial metrics
[2025-03-21 23:11:24,591] INFO: nflx (12/2015): Updated existing record with 18 non-zero financial metrics
[2025-03-21 23:11:24,616] INFO: nflx (3/2016): Updated existing record with 18 non-zero financial metrics
[2025-03-21 23:11:24,640] INFO: nflx (6/2016): Updated existing record with 18 non-zero financial metrics
[2025-03-21 23:11:24,666] INFO: nflx (9/2016): Updated existing record with 18 non-zero financial metrics
[2025-03-21 23:11:24,691] INFO: nflx (12/2016): Updated existing record with 18 non-zero financial metrics
[2025-03-21 23:11:24,716] INFO: nflx (3/2017): Updated existing record with 18 non-zero financial metrics
[2025-03-21 23:11:24,741] INFO: nflx (6/2017): Updated existing record with 18 non-zero financial metrics
[2025-03-21 23:11:24,766] INFO: nflx (9/2017): Updated existing record with 18 non-zero financial metrics
[2025-03-21 23:11:24,792] INFO: nflx (12/2017): Updated existing record with 18 non-zero financial metrics
[2025-03-21 23:11:24,817] INFO: nflx (3/2018): Updated existing record with 19 non-zero financial metrics
[2025-03-21 23:11:24,841] INFO: nflx (6/2018): Updated existing record with 19 non-zero financial metrics
[2025-03-21 23:11:24,866] INFO: nflx (9/2018): Updated existing record with 19 non-zero financial metrics
[2025-03-21 23:11:24,891] INFO: nflx (12/2018): Updated existing record with 19 non-zero financial metrics
[2025-03-21 23:11:24,917] INFO: nflx (3/2019): Updated existing record with 19 non-zero financial metrics
[2025-03-21 23:11:24,942] INFO: nflx (6/2019): Updated existing record with 19 non-zero financial metrics
[2025-03-21 23:11:24,966] INFO: nflx (9/2019): Updated existing record with 19 non-zero financial metrics
[2025-03-21 23:11:24,991] INFO: nflx (12/2019): Updated existing record with 19 non-zero financial metrics
[2025-03-21 23:11:25,016] INFO: nflx (3/2020): Updated existing record with 19 non-zero financial metrics
[2025-03-21 23:11:25,042] INFO: nflx (6/2020): Updated existing record with 19 non-zero financial metrics
[2025-03-21 23:11:25,066] INFO: nflx (9/2020): Updated existing record with 19 non-zero financial metrics
[2025-03-21 23:11:25,091] INFO: nflx (12/2020): Updated existing record with 19 non-zero financial metrics
[2025-03-21 23:11:25,116] INFO: nflx (3/2021): Updated existing record with 19 non-zero financial metrics
[2025-03-21 23:11:25,140] INFO: nflx (6/2021): Updated existing record with 20 non-zero financial metrics
[2025-03-21 23:11:25,166] INFO: nflx (9/2021): Updated existing record with 20 non-zero financial metrics
[2025-03-21 23:11:25,191] INFO: nflx (12/2021): Updated existing record with 18 non-zero financial metrics
[2025-03-21 23:11:25,216] INFO: nflx (3/2022): Updated existing record with 18 non-zero financial metrics
[2025-03-21 23:11:25,228] WARNING: nflx (6/2022): Found zero values for fields: Share Repurchases
[2025-03-21 23:11:25,241] INFO: nflx (6/2022): Updated existing record with 18 non-zero financial metrics
[2025-03-21 23:11:25,254] WARNING: nflx (9/2022): Found zero values for fields: Share Repurchases
[2025-03-21 23:11:25,266] INFO: nflx (9/2022): Updated existing record with 18 non-zero financial metrics
[2025-03-21 23:11:25,279] WARNING: nflx (12/2022): Found zero values for fields: Share Repurchases
[2025-03-21 23:11:25,292] INFO: nflx (12/2022): Updated existing record with 18 non-zero financial metrics
[2025-03-21 23:11:25,316] INFO: nflx (3/2023): Updated existing record with 19 non-zero financial metrics
[2025-03-21 23:11:25,341] INFO: nflx (6/2023): Updated existing record with 19 non-zero financial metrics
[2025-03-21 23:11:25,366] INFO: nflx (9/2023): Updated existing record with 19 non-zero financial metrics
[2025-03-21 23:11:25,390] INFO: nflx (12/2023): Updated existing record with 19 non-zero financial metrics
[2025-03-21 23:11:25,416] INFO: nflx (3/2024): Updated existing record with 19 non-zero financial metrics
[2025-03-21 23:11:25,442] INFO: nflx (6/2024): Updated existing record with 19 non-zero financial metrics
[2025-03-21 23:11:25,467] INFO: nflx (9/2024): Updated existing record with 19 non-zero financial metrics
[2025-03-21 23:11:25,492] INFO: nflx (12/2024): Updated existing record with 18 non-zero financial metrics
