[2025-03-22 09:08:07,849] INFO: Trying adjusted date: 7/2010 (original: 6/2010)
[2025-03-22 09:08:07,861] WARNING: ni (6/2010): No existing record found(6/2010, 2010-06-30) - creating new one
[2025-03-22 09:08:07,862] INFO: ni (6/2010): Created new record with 12 non-zero financial metrics
[2025-03-22 09:08:07,881] INFO: Trying adjusted date: 10/2010 (original: 9/2010)
[2025-03-22 09:08:07,893] WARNING: ni (9/2010): No existing record found(9/2010, 2010-09-30) - creating new one
[2025-03-22 09:08:07,894] INFO: ni (9/2010): Created new record with 12 non-zero financial metrics
[2025-03-22 09:08:07,908] INFO: Trying adjusted date: 1/2011 (original: 12/2010)
[2025-03-22 09:08:07,921] WARNING: ni (12/2010): No existing record found(12/2010, 2010-12-31) - creating new one
[2025-03-22 09:08:07,922] INFO: ni (12/2010): Created new record with 17 non-zero financial metrics
[2025-03-22 09:08:07,935] INFO: Trying adjusted date: 4/2011 (original: 3/2011)
[2025-03-22 09:08:07,948] WARNING: ni (3/2011): No existing record found(3/2011, 2011-03-31) - creating new one
[2025-03-22 09:08:07,949] INFO: ni (3/2011): Created new record with 17 non-zero financial metrics
[2025-03-22 09:08:07,963] INFO: Trying adjusted date: 7/2011 (original: 6/2011)
[2025-03-22 09:08:07,977] WARNING: ni (6/2011): No existing record found(6/2011, 2011-06-30) - creating new one
[2025-03-22 09:08:07,977] INFO: ni (6/2011): Created new record with 14 non-zero financial metrics
[2025-03-22 09:08:07,993] INFO: Trying adjusted date: 10/2011 (original: 9/2011)
[2025-03-22 09:08:08,006] WARNING: ni (9/2011): No existing record found(9/2011, 2011-09-30) - creating new one
[2025-03-22 09:08:08,006] INFO: ni (9/2011): Created new record with 14 non-zero financial metrics
[2025-03-22 09:08:08,021] INFO: Trying adjusted date: 1/2012 (original: 12/2011)
[2025-03-22 09:08:08,033] WARNING: ni (12/2011): No existing record found(12/2011, 2011-12-31) - creating new one
[2025-03-22 09:08:08,034] INFO: ni (12/2011): Created new record with 20 non-zero financial metrics
[2025-03-22 09:08:08,050] INFO: Trying adjusted date: 4/2012 (original: 3/2012)
[2025-03-22 09:08:08,062] WARNING: ni (3/2012): No existing record found(3/2012, 2012-03-31) - creating new one
[2025-03-22 09:08:08,063] INFO: ni (3/2012): Created new record with 18 non-zero financial metrics
[2025-03-22 09:08:08,078] INFO: Trying adjusted date: 7/2012 (original: 6/2012)
[2025-03-22 09:08:08,091] WARNING: ni (6/2012): No existing record found(6/2012, 2012-06-30) - creating new one
[2025-03-22 09:08:08,092] INFO: ni (6/2012): Created new record with 13 non-zero financial metrics
[2025-03-22 09:08:08,120] INFO: ni (9/2012): Updated existing record with 13 non-zero financial metrics
[2025-03-22 09:08:08,146] INFO: ni (12/2012): Updated existing record with 19 non-zero financial metrics
[2025-03-22 09:08:08,178] INFO: ni (3/2013): Updated existing record with 18 non-zero financial metrics
[2025-03-22 09:08:08,206] INFO: ni (6/2013): Updated existing record with 13 non-zero financial metrics
[2025-03-22 09:08:08,233] INFO: ni (9/2013): Updated existing record with 13 non-zero financial metrics
[2025-03-22 09:08:08,261] INFO: ni (12/2013): Updated existing record with 19 non-zero financial metrics
[2025-03-22 09:08:08,289] INFO: ni (3/2014): Updated existing record with 18 non-zero financial metrics
[2025-03-22 09:08:08,318] INFO: ni (6/2014): Updated existing record with 13 non-zero financial metrics
[2025-03-22 09:08:08,346] INFO: ni (9/2014): Updated existing record with 13 non-zero financial metrics
[2025-03-22 09:08:08,374] INFO: ni (12/2014): Updated existing record with 19 non-zero financial metrics
[2025-03-22 09:08:08,402] INFO: ni (3/2015): Updated existing record with 18 non-zero financial metrics
[2025-03-22 09:08:08,429] INFO: ni (6/2015): Updated existing record with 13 non-zero financial metrics
[2025-03-22 09:08:08,456] INFO: ni (9/2015): Updated existing record with 13 non-zero financial metrics
[2025-03-22 09:08:08,484] INFO: ni (12/2015): Updated existing record with 19 non-zero financial metrics
[2025-03-22 09:08:08,511] INFO: ni (3/2016): Updated existing record with 18 non-zero financial metrics
[2025-03-22 09:08:08,539] INFO: ni (6/2016): Updated existing record with 13 non-zero financial metrics
[2025-03-22 09:08:08,566] INFO: ni (9/2016): Updated existing record with 13 non-zero financial metrics
[2025-03-22 09:08:08,594] INFO: ni (12/2016): Updated existing record with 18 non-zero financial metrics
[2025-03-22 09:08:08,622] INFO: ni (3/2017): Updated existing record with 18 non-zero financial metrics
[2025-03-22 09:08:08,649] INFO: ni (6/2017): Updated existing record with 13 non-zero financial metrics
[2025-03-22 09:08:08,677] INFO: ni (9/2017): Updated existing record with 13 non-zero financial metrics
[2025-03-22 09:08:08,704] INFO: ni (12/2017): Updated existing record with 18 non-zero financial metrics
[2025-03-22 09:08:08,732] INFO: ni (3/2018): Updated existing record with 17 non-zero financial metrics
[2025-03-22 09:08:08,761] INFO: ni (6/2018): Updated existing record with 12 non-zero financial metrics
[2025-03-22 09:08:08,788] INFO: ni (9/2018): Updated existing record with 12 non-zero financial metrics
[2025-03-22 09:08:08,816] INFO: ni (12/2018): Updated existing record with 18 non-zero financial metrics
[2025-03-22 09:08:08,834] WARNING: ni (3/2019): Found zero values for fields: Share Repurchases
[2025-03-22 09:08:08,847] INFO: ni (3/2019): Updated existing record with 16 non-zero financial metrics
[2025-03-22 09:08:08,876] INFO: ni (6/2019): Updated existing record with 12 non-zero financial metrics
[2025-03-22 09:08:08,904] INFO: ni (9/2019): Updated existing record with 12 non-zero financial metrics
[2025-03-22 09:08:08,920] WARNING: ni (12/2019): Found zero values for fields: Share Repurchases
[2025-03-22 09:08:08,933] INFO: ni (12/2019): Updated existing record with 17 non-zero financial metrics
[2025-03-22 09:08:08,961] INFO: ni (3/2020): Updated existing record with 15 non-zero financial metrics
[2025-03-22 09:08:08,989] INFO: ni (6/2020): Updated existing record with 11 non-zero financial metrics
[2025-03-22 09:08:09,016] INFO: ni (9/2020): Updated existing record with 11 non-zero financial metrics
[2025-03-22 09:08:09,032] WARNING: ni (12/2020): Found zero values for fields: Share Repurchases
[2025-03-22 09:08:09,047] INFO: ni (12/2020): Updated existing record with 15 non-zero financial metrics
[2025-03-22 09:08:09,075] INFO: ni (3/2021): Updated existing record with 15 non-zero financial metrics
[2025-03-22 09:08:09,104] INFO: ni (6/2021): Updated existing record with 11 non-zero financial metrics
[2025-03-22 09:08:09,131] INFO: ni (9/2021): Updated existing record with 12 non-zero financial metrics
[2025-03-22 09:08:09,161] INFO: ni (12/2021): Updated existing record with 15 non-zero financial metrics
[2025-03-22 09:08:09,191] INFO: ni (3/2022): Updated existing record with 16 non-zero financial metrics
[2025-03-22 09:08:09,221] INFO: ni (6/2022): Updated existing record with 12 non-zero financial metrics
[2025-03-22 09:08:09,249] INFO: ni (9/2022): Updated existing record with 12 non-zero financial metrics
[2025-03-22 09:08:09,280] INFO: ni (12/2022): Updated existing record with 15 non-zero financial metrics
[2025-03-22 09:08:09,310] INFO: ni (3/2023): Updated existing record with 16 non-zero financial metrics
[2025-03-22 09:08:09,338] INFO: ni (6/2023): Updated existing record with 12 non-zero financial metrics
[2025-03-22 09:08:09,366] INFO: ni (9/2023): Updated existing record with 12 non-zero financial metrics
[2025-03-22 09:08:09,395] INFO: ni (12/2023): Updated existing record with 15 non-zero financial metrics
[2025-03-22 09:08:09,423] INFO: ni (3/2024): Updated existing record with 16 non-zero financial metrics
[2025-03-22 09:08:09,452] INFO: ni (6/2024): Updated existing record with 12 non-zero financial metrics
[2025-03-22 09:08:09,479] INFO: ni (9/2024): Updated existing record with 11 non-zero financial metrics
[2025-03-22 09:08:09,496] INFO: Trying adjusted date: 1/2025 (original: 12/2024)
[2025-03-22 09:08:09,508] WARNING: ni (12/2024): No existing record found(12/2024, 2024-12-31) - creating new one
[2025-03-22 09:08:09,509] INFO: ni (12/2024): Created new record with 14 non-zero financial metrics
