[2025-03-22 13:06:54,260] INFO: Trying adjusted date: 4/2010 (original: 3/2010)
[2025-03-22 13:06:54,274] WARNING: nov (3/2010): No existing record found(3/2010, 2010-03-31) - creating new one
[2025-03-22 13:06:54,274] INFO: nov (3/2010): Created new record with 18 non-zero financial metrics
[2025-03-22 13:06:54,293] INFO: Trying adjusted date: 7/2010 (original: 6/2010)
[2025-03-22 13:06:54,307] WARNING: nov (6/2010): No existing record found(6/2010, 2010-06-30) - creating new one
[2025-03-22 13:06:54,307] INFO: nov (6/2010): Created new record with 15 non-zero financial metrics
[2025-03-22 13:06:54,324] INFO: Trying adjusted date: 10/2010 (original: 9/2010)
[2025-03-22 13:06:54,337] WARNING: nov (9/2010): No existing record found(9/2010, 2010-09-30) - creating new one
[2025-03-22 13:06:54,338] INFO: nov (9/2010): Created new record with 15 non-zero financial metrics
[2025-03-22 13:06:54,353] INFO: Trying adjusted date: 1/2011 (original: 12/2010)
[2025-03-22 13:06:54,367] WARNING: nov (12/2010): No existing record found(12/2010, 2010-12-31) - creating new one
[2025-03-22 13:06:54,367] INFO: nov (12/2010): Created new record with 19 non-zero financial metrics
[2025-03-22 13:06:54,383] INFO: Trying adjusted date: 4/2011 (original: 3/2011)
[2025-03-22 13:06:54,398] WARNING: nov (3/2011): No existing record found(3/2011, 2011-03-31) - creating new one
[2025-03-22 13:06:54,398] INFO: nov (3/2011): Created new record with 19 non-zero financial metrics
[2025-03-22 13:06:54,415] INFO: Trying adjusted date: 7/2011 (original: 6/2011)
[2025-03-22 13:06:54,428] WARNING: nov (6/2011): No existing record found(6/2011, 2011-06-30) - creating new one
[2025-03-22 13:06:54,429] INFO: nov (6/2011): Created new record with 15 non-zero financial metrics
[2025-03-22 13:06:54,445] INFO: Trying adjusted date: 10/2011 (original: 9/2011)
[2025-03-22 13:06:54,459] WARNING: nov (9/2011): No existing record found(9/2011, 2011-09-30) - creating new one
[2025-03-22 13:06:54,459] INFO: nov (9/2011): Created new record with 15 non-zero financial metrics
[2025-03-22 13:06:54,475] INFO: Trying adjusted date: 1/2012 (original: 12/2011)
[2025-03-22 13:06:54,490] WARNING: nov (12/2011): No existing record found(12/2011, 2011-12-31) - creating new one
[2025-03-22 13:06:54,490] INFO: nov (12/2011): Created new record with 19 non-zero financial metrics
[2025-03-22 13:06:54,506] INFO: Trying adjusted date: 4/2012 (original: 3/2012)
[2025-03-22 13:06:54,520] WARNING: nov (3/2012): No existing record found(3/2012, 2012-03-31) - creating new one
[2025-03-22 13:06:54,521] INFO: nov (3/2012): Created new record with 19 non-zero financial metrics
[2025-03-22 13:06:54,536] INFO: Trying adjusted date: 7/2012 (original: 6/2012)
[2025-03-22 13:06:54,550] WARNING: nov (6/2012): No existing record found(6/2012, 2012-06-30) - creating new one
[2025-03-22 13:06:54,550] INFO: nov (6/2012): Created new record with 15 non-zero financial metrics
[2025-03-22 13:06:54,580] INFO: nov (9/2012): Updated existing record with 15 non-zero financial metrics
[2025-03-22 13:06:54,610] INFO: nov (12/2012): Updated existing record with 19 non-zero financial metrics
[2025-03-22 13:06:54,641] INFO: nov (3/2013): Updated existing record with 19 non-zero financial metrics
[2025-03-22 13:06:54,671] INFO: nov (6/2013): Updated existing record with 15 non-zero financial metrics
[2025-03-22 13:06:54,699] INFO: nov (9/2013): Updated existing record with 15 non-zero financial metrics
[2025-03-22 13:06:54,730] INFO: nov (12/2013): Updated existing record with 19 non-zero financial metrics
[2025-03-22 13:06:54,759] INFO: nov (3/2014): Updated existing record with 16 non-zero financial metrics
[2025-03-22 13:06:54,790] INFO: nov (6/2014): Updated existing record with 15 non-zero financial metrics
[2025-03-22 13:06:54,821] INFO: nov (9/2014): Updated existing record with 15 non-zero financial metrics
[2025-03-22 13:06:54,852] INFO: nov (12/2014): Updated existing record with 19 non-zero financial metrics
[2025-03-22 13:06:54,882] INFO: nov (3/2015): Updated existing record with 20 non-zero financial metrics
[2025-03-22 13:06:54,911] INFO: nov (6/2015): Updated existing record with 16 non-zero financial metrics
[2025-03-22 13:06:54,941] INFO: nov (9/2015): Updated existing record with 16 non-zero financial metrics
[2025-03-22 13:06:54,972] INFO: nov (12/2015): Updated existing record with 20 non-zero financial metrics
[2025-03-22 13:06:55,003] INFO: nov (3/2016): Updated existing record with 19 non-zero financial metrics
[2025-03-22 13:06:55,033] INFO: nov (6/2016): Updated existing record with 15 non-zero financial metrics
[2025-03-22 13:06:55,062] INFO: nov (9/2016): Updated existing record with 15 non-zero financial metrics
[2025-03-22 13:06:55,095] INFO: nov (12/2016): Updated existing record with 19 non-zero financial metrics
[2025-03-22 13:06:55,124] INFO: nov (3/2017): Updated existing record with 19 non-zero financial metrics
[2025-03-22 13:06:55,154] INFO: nov (6/2017): Updated existing record with 15 non-zero financial metrics
[2025-03-22 13:06:55,184] INFO: nov (9/2017): Updated existing record with 15 non-zero financial metrics
[2025-03-22 13:06:55,214] INFO: nov (12/2017): Updated existing record with 19 non-zero financial metrics
[2025-03-22 13:06:55,244] INFO: nov (3/2018): Updated existing record with 20 non-zero financial metrics
[2025-03-22 13:06:55,274] INFO: nov (6/2018): Updated existing record with 16 non-zero financial metrics
[2025-03-22 13:06:55,290] WARNING: nov (9/2018): Found zero values for fields: EPS Diluted
[2025-03-22 13:06:55,305] INFO: nov (9/2018): Updated existing record with 15 non-zero financial metrics
[2025-03-22 13:06:55,335] INFO: nov (12/2018): Updated existing record with 20 non-zero financial metrics
[2025-03-22 13:06:55,366] INFO: nov (3/2019): Updated existing record with 19 non-zero financial metrics
[2025-03-22 13:06:55,396] INFO: nov (6/2019): Updated existing record with 15 non-zero financial metrics
[2025-03-22 13:06:55,427] INFO: nov (9/2019): Updated existing record with 15 non-zero financial metrics
[2025-03-22 13:06:55,458] INFO: nov (12/2019): Updated existing record with 20 non-zero financial metrics
[2025-03-22 13:06:55,488] INFO: nov (3/2020): Updated existing record with 19 non-zero financial metrics
[2025-03-22 13:06:55,518] INFO: nov (6/2020): Updated existing record with 15 non-zero financial metrics
[2025-03-22 13:06:55,548] INFO: nov (9/2020): Updated existing record with 15 non-zero financial metrics
[2025-03-22 13:06:55,579] INFO: nov (12/2020): Updated existing record with 20 non-zero financial metrics
[2025-03-22 13:06:55,608] INFO: nov (3/2021): Updated existing record with 21 non-zero financial metrics
[2025-03-22 13:06:55,639] INFO: nov (6/2021): Updated existing record with 16 non-zero financial metrics
[2025-03-22 13:06:55,672] INFO: nov (9/2021): Updated existing record with 16 non-zero financial metrics
[2025-03-22 13:06:55,702] INFO: nov (12/2021): Updated existing record with 21 non-zero financial metrics
[2025-03-22 13:06:55,732] INFO: nov (3/2022): Updated existing record with 21 non-zero financial metrics
[2025-03-22 13:06:55,762] INFO: nov (6/2022): Updated existing record with 17 non-zero financial metrics
[2025-03-22 13:06:55,792] INFO: nov (9/2022): Updated existing record with 17 non-zero financial metrics
[2025-03-22 13:06:55,822] INFO: nov (12/2022): Updated existing record with 21 non-zero financial metrics
[2025-03-22 13:06:55,852] INFO: nov (3/2023): Updated existing record with 21 non-zero financial metrics
[2025-03-22 13:06:55,882] INFO: nov (6/2023): Updated existing record with 17 non-zero financial metrics
[2025-03-22 13:06:55,912] INFO: nov (9/2023): Updated existing record with 17 non-zero financial metrics
[2025-03-22 13:06:55,941] INFO: nov (12/2023): Updated existing record with 21 non-zero financial metrics
[2025-03-22 13:06:55,972] INFO: nov (3/2024): Updated existing record with 21 non-zero financial metrics
[2025-03-22 13:06:56,002] INFO: nov (6/2024): Updated existing record with 17 non-zero financial metrics
[2025-03-22 13:06:56,031] INFO: nov (9/2024): Updated existing record with 17 non-zero financial metrics
[2025-03-22 13:06:56,061] INFO: nov (12/2024): Updated existing record with 22 non-zero financial metrics
