[2025-03-21 23:25:08,170] INFO: Trying adjusted date: 7/2012 (original: 6/2012)
[2025-03-21 23:25:08,182] WARNING: now (6/2012): No existing record found(6/2012, 2012-06-30) - creating new one
[2025-03-21 23:25:08,183] INFO: now (6/2012): Created new record with 14 non-zero financial metrics
[2025-03-21 23:25:08,208] INFO: now (9/2012): Updated existing record with 16 non-zero financial metrics
[2025-03-21 23:25:08,234] INFO: now (12/2012): Updated existing record with 19 non-zero financial metrics
[2025-03-21 23:25:08,261] INFO: now (3/2013): Updated existing record with 19 non-zero financial metrics
[2025-03-21 23:25:08,286] INFO: now (6/2013): Updated existing record with 15 non-zero financial metrics
[2025-03-21 23:25:08,313] INFO: now (9/2013): Updated existing record with 16 non-zero financial metrics
[2025-03-21 23:25:08,341] INFO: now (12/2013): Updated existing record with 20 non-zero financial metrics
[2025-03-21 23:25:08,366] INFO: now (3/2014): Updated existing record with 19 non-zero financial metrics
[2025-03-21 23:25:08,392] INFO: now (6/2014): Updated existing record with 15 non-zero financial metrics
[2025-03-21 23:25:08,418] INFO: now (9/2014): Updated existing record with 15 non-zero financial metrics
[2025-03-21 23:25:08,442] INFO: now (12/2014): Updated existing record with 20 non-zero financial metrics
[2025-03-21 23:25:08,455] INFO: Trying adjusted date: 4/2015 (original: 3/2015)
[2025-03-21 23:25:08,466] WARNING: now (3/2015): No existing record found(3/2015, 2015-03-31) - creating new one
[2025-03-21 23:25:08,467] INFO: now (3/2015): Created new record with 18 non-zero financial metrics
[2025-03-21 23:25:08,495] INFO: now (6/2015): Updated existing record with 14 non-zero financial metrics
[2025-03-21 23:25:08,518] INFO: now (9/2015): Updated existing record with 14 non-zero financial metrics
[2025-03-21 23:25:08,546] INFO: now (12/2015): Updated existing record with 21 non-zero financial metrics
[2025-03-21 23:25:08,570] INFO: now (3/2016): Updated existing record with 20 non-zero financial metrics
[2025-03-21 23:25:08,595] INFO: now (6/2016): Updated existing record with 16 non-zero financial metrics
[2025-03-21 23:25:08,619] INFO: now (9/2016): Updated existing record with 16 non-zero financial metrics
[2025-03-21 23:25:08,645] INFO: now (12/2016): Updated existing record with 21 non-zero financial metrics
[2025-03-21 23:25:08,669] INFO: now (3/2017): Updated existing record with 20 non-zero financial metrics
[2025-03-21 23:25:08,694] INFO: now (6/2017): Updated existing record with 16 non-zero financial metrics
[2025-03-21 23:25:08,718] INFO: now (9/2017): Updated existing record with 16 non-zero financial metrics
[2025-03-21 23:25:08,731] INFO: Trying adjusted date: 3/2018 (original: 2/2018)
[2025-03-21 23:25:08,743] INFO: Found existing row with adjusted date: 3/2018
[2025-03-21 23:25:08,755] INFO: now (3/2018): Updated existing record with 0 non-zero financial metrics
[2025-03-21 23:25:08,779] INFO: now (3/2018): Updated existing record with 21 non-zero financial metrics
[2025-03-21 23:25:08,803] INFO: now (6/2018): Updated existing record with 16 non-zero financial metrics
[2025-03-21 23:25:08,828] INFO: now (9/2018): Updated existing record with 17 non-zero financial metrics
[2025-03-21 23:25:08,841] WARNING: now (12/2018): Found zero values for fields: Share Repurchases
[2025-03-21 23:25:08,852] INFO: now (12/2018): Updated existing record with 21 non-zero financial metrics
[2025-03-21 23:25:08,880] INFO: now (3/2019): Updated existing record with 21 non-zero financial metrics
[2025-03-21 23:25:08,905] INFO: now (6/2019): Updated existing record with 16 non-zero financial metrics
[2025-03-21 23:25:08,929] INFO: now (9/2019): Updated existing record with 17 non-zero financial metrics
[2025-03-21 23:25:08,941] WARNING: now (12/2019): Found zero values for fields: Share Repurchases
[2025-03-21 23:25:08,954] INFO: now (12/2019): Updated existing record with 22 non-zero financial metrics
[2025-03-21 23:25:08,978] INFO: now (3/2020): Updated existing record with 21 non-zero financial metrics
[2025-03-21 23:25:09,003] INFO: now (6/2020): Updated existing record with 17 non-zero financial metrics
[2025-03-21 23:25:09,029] INFO: now (9/2020): Updated existing record with 17 non-zero financial metrics
[2025-03-21 23:25:09,055] INFO: now (12/2020): Updated existing record with 22 non-zero financial metrics
[2025-03-21 23:25:09,080] INFO: now (3/2021): Updated existing record with 21 non-zero financial metrics
[2025-03-21 23:25:09,105] INFO: now (6/2021): Updated existing record with 17 non-zero financial metrics
[2025-03-21 23:25:09,129] INFO: now (9/2021): Updated existing record with 17 non-zero financial metrics
[2025-03-21 23:25:09,154] INFO: now (12/2021): Updated existing record with 21 non-zero financial metrics
[2025-03-21 23:25:09,179] INFO: now (3/2022): Updated existing record with 21 non-zero financial metrics
[2025-03-21 23:25:09,202] INFO: now (6/2022): Updated existing record with 17 non-zero financial metrics
[2025-03-21 23:25:09,227] INFO: now (9/2022): Updated existing record with 17 non-zero financial metrics
[2025-03-21 23:25:09,251] INFO: now (12/2022): Updated existing record with 21 non-zero financial metrics
[2025-03-21 23:25:09,277] INFO: now (3/2023): Updated existing record with 20 non-zero financial metrics
[2025-03-21 23:25:09,302] INFO: now (6/2023): Updated existing record with 16 non-zero financial metrics
[2025-03-21 23:25:09,326] INFO: now (9/2023): Updated existing record with 16 non-zero financial metrics
[2025-03-21 23:25:09,350] INFO: now (12/2023): Updated existing record with 21 non-zero financial metrics
[2025-03-21 23:25:09,374] INFO: now (3/2024): Updated existing record with 21 non-zero financial metrics
[2025-03-21 23:25:09,398] INFO: now (6/2024): Updated existing record with 16 non-zero financial metrics
[2025-03-21 23:25:09,422] INFO: now (9/2024): Updated existing record with 16 non-zero financial metrics
[2025-03-21 23:25:09,446] INFO: now (12/2024): Updated existing record with 21 non-zero financial metrics
