[2025-03-22 09:23:27,104] INFO: Trying adjusted date: 4/2010 (original: 3/2010)
[2025-03-22 09:23:27,118] WARNING: nrg (3/2010): No existing record found(3/2010, 2010-03-31) - creating new one
[2025-03-22 09:23:27,119] INFO: nrg (3/2010): Created new record with 17 non-zero financial metrics
[2025-03-22 09:23:27,135] INFO: Trying adjusted date: 10/2010 (original: 9/2010)
[2025-03-22 09:23:27,149] WARNING: nrg (9/2010): No existing record found(9/2010, 2010-09-30) - creating new one
[2025-03-22 09:23:27,149] INFO: nrg (9/2010): Created new record with 13 non-zero financial metrics
[2025-03-22 09:23:27,165] INFO: Trying adjusted date: 1/2011 (original: 12/2010)
[2025-03-22 09:23:27,178] WARNING: nrg (12/2010): No existing record found(12/2010, 2010-12-31) - creating new one
[2025-03-22 09:23:27,179] INFO: nrg (12/2010): Created new record with 19 non-zero financial metrics
[2025-03-22 09:23:27,197] INFO: Trying adjusted date: 4/2011 (original: 3/2011)
[2025-03-22 09:23:27,211] WARNING: nrg (3/2011): No existing record found(3/2011, 2011-03-31) - creating new one
[2025-03-22 09:23:27,211] INFO: nrg (3/2011): Created new record with 18 non-zero financial metrics
[2025-03-22 09:23:27,227] INFO: Trying adjusted date: 7/2011 (original: 6/2011)
[2025-03-22 09:23:27,240] WARNING: nrg (6/2011): No existing record found(6/2011, 2011-06-30) - creating new one
[2025-03-22 09:23:27,241] INFO: nrg (6/2011): Created new record with 14 non-zero financial metrics
[2025-03-22 09:23:27,265] INFO: Trying adjusted date: 10/2011 (original: 9/2011)
[2025-03-22 09:23:27,278] WARNING: nrg (9/2011): No existing record found(9/2011, 2011-09-30) - creating new one
[2025-03-22 09:23:27,278] INFO: nrg (9/2011): Created new record with 14 non-zero financial metrics
[2025-03-22 09:23:27,295] INFO: Trying adjusted date: 1/2012 (original: 12/2011)
[2025-03-22 09:23:27,308] WARNING: nrg (12/2011): No existing record found(12/2011, 2011-12-31) - creating new one
[2025-03-22 09:23:27,309] INFO: nrg (12/2011): Created new record with 19 non-zero financial metrics
[2025-03-22 09:23:27,325] INFO: Trying adjusted date: 4/2012 (original: 3/2012)
[2025-03-22 09:23:27,339] ERROR: Invalid numeric value for Share Repurchases: 
[2025-03-22 09:23:27,339] ERROR: nrg (3/2012): Invalid data types: Share Repurchases=
[2025-03-22 09:23:27,339] WARNING: nrg (3/2012): No existing record found(3/2012, 2012-03-31) - creating new one
[2025-03-22 09:23:27,340] INFO: nrg (3/2012): Created new record with 17 non-zero financial metrics
[2025-03-22 09:23:27,354] INFO: Trying adjusted date: 7/2012 (original: 6/2012)
[2025-03-22 09:23:27,368] WARNING: nrg (6/2012): No existing record found(6/2012, 2012-06-30) - creating new one
[2025-03-22 09:23:27,368] INFO: nrg (6/2012): Created new record with 14 non-zero financial metrics
[2025-03-22 09:23:27,397] INFO: nrg (9/2012): Updated existing record with 14 non-zero financial metrics
[2025-03-22 09:23:27,412] WARNING: nrg (12/2012): Found zero values for fields: Share Repurchases
[2025-03-22 09:23:27,426] INFO: nrg (12/2012): Updated existing record with 18 non-zero financial metrics
[2025-03-22 09:23:27,456] INFO: nrg (3/2013): Updated existing record with 18 non-zero financial metrics
[2025-03-22 09:23:27,484] INFO: nrg (6/2013): Updated existing record with 14 non-zero financial metrics
[2025-03-22 09:23:27,512] INFO: nrg (9/2013): Updated existing record with 14 non-zero financial metrics
[2025-03-22 09:23:27,541] INFO: nrg (12/2013): Updated existing record with 19 non-zero financial metrics
[2025-03-22 09:23:27,557] WARNING: nrg (3/2014): Found zero values for fields: Share Repurchases
[2025-03-22 09:23:27,571] INFO: nrg (3/2014): Updated existing record with 18 non-zero financial metrics
[2025-03-22 09:23:27,598] INFO: nrg (6/2014): Updated existing record with 15 non-zero financial metrics
[2025-03-22 09:23:27,628] INFO: nrg (9/2014): Updated existing record with 15 non-zero financial metrics
[2025-03-22 09:23:27,655] INFO: nrg (12/2014): Updated existing record with 20 non-zero financial metrics
[2025-03-22 09:23:27,684] INFO: nrg (3/2015): Updated existing record with 19 non-zero financial metrics
[2025-03-22 09:23:27,713] INFO: nrg (6/2015): Updated existing record with 14 non-zero financial metrics
[2025-03-22 09:23:27,742] INFO: nrg (9/2015): Updated existing record with 15 non-zero financial metrics
[2025-03-22 09:23:27,771] INFO: nrg (12/2015): Updated existing record with 20 non-zero financial metrics
[2025-03-22 09:23:27,786] WARNING: nrg (3/2016): Found zero values for fields: Share Repurchases
[2025-03-22 09:23:27,800] INFO: nrg (3/2016): Updated existing record with 19 non-zero financial metrics
[2025-03-22 09:23:27,829] INFO: nrg (6/2016): Updated existing record with 15 non-zero financial metrics
[2025-03-22 09:23:27,858] INFO: nrg (9/2016): Updated existing record with 15 non-zero financial metrics
[2025-03-22 09:23:27,874] INFO: Trying adjusted date: 1/2017 (original: 12/2016)
[2025-03-22 09:23:27,890] WARNING: nrg (12/2016): Found zero values for fields: Share Repurchases
[2025-03-22 09:23:27,890] WARNING: nrg (12/2016): No existing record found(12/2016, 2016-12-31) - creating new one
[2025-03-22 09:23:27,890] INFO: nrg (12/2016): Created new record with 19 non-zero financial metrics
[2025-03-22 09:23:27,919] INFO: nrg (3/2017): Updated existing record with 19 non-zero financial metrics
[2025-03-22 09:23:27,947] INFO: nrg (6/2017): Updated existing record with 14 non-zero financial metrics
[2025-03-22 09:23:27,976] INFO: nrg (9/2017): Updated existing record with 15 non-zero financial metrics
[2025-03-22 09:23:27,992] WARNING: nrg (12/2017): Found zero values for fields: Share Repurchases
[2025-03-22 09:23:28,006] INFO: nrg (12/2017): Updated existing record with 18 non-zero financial metrics
[2025-03-22 09:23:28,021] INFO: Trying adjusted date: 4/2018 (original: 3/2018)
[2025-03-22 09:23:28,034] WARNING: nrg (3/2018): No existing record found(3/2018, 2018-03-31) - creating new one
[2025-03-22 09:23:28,035] INFO: nrg (3/2018): Created new record with 21 non-zero financial metrics
[2025-03-22 09:23:28,063] INFO: nrg (6/2018): Updated existing record with 17 non-zero financial metrics
[2025-03-22 09:23:28,091] INFO: nrg (9/2018): Updated existing record with 17 non-zero financial metrics
[2025-03-22 09:23:28,119] INFO: nrg (12/2018): Updated existing record with 22 non-zero financial metrics
[2025-03-22 09:23:28,148] INFO: nrg (3/2019): Updated existing record with 21 non-zero financial metrics
[2025-03-22 09:23:28,177] INFO: nrg (6/2019): Updated existing record with 17 non-zero financial metrics
[2025-03-22 09:23:28,206] INFO: nrg (9/2019): Updated existing record with 17 non-zero financial metrics
[2025-03-22 09:23:28,235] INFO: nrg (12/2019): Updated existing record with 22 non-zero financial metrics
[2025-03-22 09:23:28,264] INFO: nrg (3/2020): Updated existing record with 22 non-zero financial metrics
[2025-03-22 09:23:28,292] INFO: nrg (6/2020): Updated existing record with 18 non-zero financial metrics
[2025-03-22 09:23:28,322] INFO: nrg (9/2020): Updated existing record with 18 non-zero financial metrics
[2025-03-22 09:23:28,349] INFO: nrg (12/2020): Updated existing record with 23 non-zero financial metrics
[2025-03-22 09:23:28,380] INFO: nrg (3/2021): Updated existing record with 21 non-zero financial metrics
[2025-03-22 09:23:28,408] INFO: nrg (6/2021): Updated existing record with 16 non-zero financial metrics
[2025-03-22 09:23:28,436] INFO: nrg (9/2021): Updated existing record with 15 non-zero financial metrics
[2025-03-22 09:23:28,467] INFO: nrg (12/2021): Updated existing record with 21 non-zero financial metrics
[2025-03-22 09:23:28,496] INFO: nrg (3/2022): Updated existing record with 20 non-zero financial metrics
[2025-03-22 09:23:28,524] INFO: nrg (6/2022): Updated existing record with 15 non-zero financial metrics
[2025-03-22 09:23:28,553] INFO: nrg (9/2022): Updated existing record with 15 non-zero financial metrics
[2025-03-22 09:23:28,582] INFO: nrg (12/2022): Updated existing record with 21 non-zero financial metrics
[2025-03-22 09:23:28,610] INFO: nrg (3/2023): Updated existing record with 21 non-zero financial metrics
[2025-03-22 09:23:28,639] INFO: nrg (6/2023): Updated existing record with 16 non-zero financial metrics
[2025-03-22 09:23:28,667] INFO: nrg (9/2023): Updated existing record with 16 non-zero financial metrics
[2025-03-22 09:23:28,696] INFO: nrg (12/2023): Updated existing record with 21 non-zero financial metrics
[2025-03-22 09:23:28,726] INFO: nrg (3/2024): Updated existing record with 20 non-zero financial metrics
[2025-03-22 09:23:28,754] INFO: nrg (6/2024): Updated existing record with 15 non-zero financial metrics
[2025-03-22 09:23:28,785] INFO: nrg (9/2024): Updated existing record with 15 non-zero financial metrics
[2025-03-22 09:23:28,800] INFO: Trying adjusted date: 1/2025 (original: 12/2024)
[2025-03-22 09:23:28,814] WARNING: nrg (12/2024): No existing record found(12/2024, 2024-12-31) - creating new one
[2025-03-22 09:23:28,814] INFO: nrg (12/2024): Created new record with 20 non-zero financial metrics
