[2025-03-22 15:45:23,289] INFO: ntnx (10/2016): Updated existing record with 19 non-zero financial metrics
[2025-03-22 15:45:23,333] INFO: ntnx (1/2017): Updated existing record with 15 non-zero financial metrics
[2025-03-22 15:45:23,365] INFO: ntnx (4/2017): Updated existing record with 15 non-zero financial metrics
[2025-03-22 15:45:23,396] INFO: ntnx (7/2017): Updated existing record with 19 non-zero financial metrics
[2025-03-22 15:45:23,429] INFO: ntnx (10/2017): Updated existing record with 20 non-zero financial metrics
[2025-03-22 15:45:23,462] INFO: ntnx (1/2018): Updated existing record with 16 non-zero financial metrics
[2025-03-22 15:45:23,494] INFO: ntnx (4/2018): Updated existing record with 16 non-zero financial metrics
[2025-03-22 15:45:23,530] INFO: ntnx (7/2018): Updated existing record with 20 non-zero financial metrics
[2025-03-22 15:45:23,565] INFO: ntnx (10/2018): Updated existing record with 20 non-zero financial metrics
[2025-03-22 15:45:23,597] INFO: ntnx (1/2019): Updated existing record with 16 non-zero financial metrics
[2025-03-22 15:45:23,628] INFO: ntnx (4/2019): Updated existing record with 16 non-zero financial metrics
[2025-03-22 15:45:23,660] INFO: ntnx (7/2019): Updated existing record with 20 non-zero financial metrics
[2025-03-22 15:45:23,692] INFO: ntnx (10/2019): Updated existing record with 20 non-zero financial metrics
[2025-03-22 15:45:23,723] INFO: ntnx (1/2020): Updated existing record with 16 non-zero financial metrics
[2025-03-22 15:45:23,754] INFO: ntnx (4/2020): Updated existing record with 16 non-zero financial metrics
[2025-03-22 15:45:23,785] INFO: ntnx (7/2020): Updated existing record with 20 non-zero financial metrics
[2025-03-22 15:45:23,818] INFO: ntnx (10/2020): Updated existing record with 22 non-zero financial metrics
[2025-03-22 15:45:23,849] INFO: ntnx (1/2021): Updated existing record with 17 non-zero financial metrics
[2025-03-22 15:45:23,880] INFO: ntnx (4/2021): Updated existing record with 17 non-zero financial metrics
[2025-03-22 15:45:23,912] INFO: ntnx (7/2021): Updated existing record with 21 non-zero financial metrics
[2025-03-22 15:45:23,943] INFO: ntnx (10/2021): Updated existing record with 22 non-zero financial metrics
[2025-03-22 15:45:23,977] INFO: ntnx (1/2022): Updated existing record with 17 non-zero financial metrics
[2025-03-22 15:45:24,012] INFO: ntnx (4/2022): Updated existing record with 17 non-zero financial metrics
[2025-03-22 15:45:24,046] INFO: ntnx (7/2022): Updated existing record with 22 non-zero financial metrics
[2025-03-22 15:45:24,065] WARNING: ntnx (10/2022): Found zero values for fields: Share Repurchases
[2025-03-22 15:45:24,080] INFO: ntnx (10/2022): Updated existing record with 22 non-zero financial metrics
[2025-03-22 15:45:24,099] INFO: Trying adjusted date: 2/2023 (original: 1/2023)
[2025-03-22 15:45:24,114] WARNING: ntnx (1/2023): No existing record found(1/2023, 2023-01-31) - creating new one
[2025-03-22 15:45:24,115] INFO: ntnx (1/2023): Created new record with 18 non-zero financial metrics
[2025-03-22 15:45:24,147] INFO: ntnx (4/2023): Updated existing record with 18 non-zero financial metrics
[2025-03-22 15:45:24,179] INFO: ntnx (7/2023): Updated existing record with 20 non-zero financial metrics
[2025-03-22 15:45:24,210] INFO: ntnx (10/2023): Updated existing record with 23 non-zero financial metrics
[2025-03-22 15:45:24,241] INFO: ntnx (1/2024): Updated existing record with 18 non-zero financial metrics
[2025-03-22 15:45:24,273] INFO: ntnx (4/2024): Updated existing record with 18 non-zero financial metrics
[2025-03-22 15:45:24,303] INFO: ntnx (7/2024): Updated existing record with 22 non-zero financial metrics
[2025-03-22 15:45:24,334] INFO: ntnx (10/2024): Updated existing record with 23 non-zero financial metrics
[2025-03-22 15:45:24,353] INFO: Trying adjusted date: 2/2025 (original: 1/2025)
[2025-03-22 15:45:24,367] WARNING: ntnx (1/2025): No existing record found(1/2025, 2025-01-31) - creating new one
[2025-03-22 15:45:24,367] INFO: ntnx (1/2025): Created new record with 18 non-zero financial metrics
