[2025-03-21 21:13:09,468] INFO: Trying adjusted date: 4/2010 (original: 5/2010)
[2025-03-21 21:13:09,479] ERROR: Invalid numeric value for original_report_date: 2010-05-02
[2025-03-21 21:13:09,479] ERROR: nvda (5/2010): Invalid data types: original_report_date=2010-05-02
[2025-03-21 21:13:09,479] ERROR: nvda (5/2010): No existing record found(5/2010, 2010-05-02) - creating new one
[2025-03-21 21:13:09,479] INFO: nvda (5/2010): Created new record with 17 non-zero financial metrics
[2025-03-21 21:13:09,492] INFO: Trying adjusted date: 7/2010 (original: 8/2010)
[2025-03-21 21:13:09,503] ERROR: Invalid numeric value for original_report_date: 2010-08-01
[2025-03-21 21:13:09,503] ERROR: nvda (8/2010): Invalid data types: original_report_date=2010-08-01
[2025-03-21 21:13:09,503] ERROR: nvda (8/2010): No existing record found(8/2010, 2010-08-01) - creating new one
[2025-03-21 21:13:09,504] INFO: nvda (8/2010): Created new record with 14 non-zero financial metrics
[2025-03-21 21:13:09,518] INFO: Trying adjusted date: 11/2010 (original: 10/2010)
[2025-03-21 21:13:09,533] ERROR: Invalid numeric value for original_report_date: 2010-10-31
[2025-03-21 21:13:09,533] ERROR: nvda (10/2010): Invalid data types: original_report_date=2010-10-31
[2025-03-21 21:13:09,533] ERROR: nvda (10/2010): No existing record found(10/2010, 2010-10-31) - creating new one
[2025-03-21 21:13:09,533] INFO: nvda (10/2010): Created new record with 14 non-zero financial metrics
[2025-03-21 21:13:09,546] INFO: Trying adjusted date: 2/2011 (original: 1/2011)
[2025-03-21 21:13:09,558] ERROR: Invalid numeric value for original_report_date: 2011-01-30
[2025-03-21 21:13:09,558] WARNING: nvda (1/2011): Found zero values for fields: Share Repurchases
[2025-03-21 21:13:09,558] ERROR: nvda (1/2011): Invalid data types: original_report_date=2011-01-30
[2025-03-21 21:13:09,558] ERROR: nvda (1/2011): No existing record found(1/2011, 2011-01-30) - creating new one
[2025-03-21 21:13:09,558] INFO: nvda (1/2011): Created new record with 18 non-zero financial metrics
[2025-03-21 21:13:09,571] INFO: Trying adjusted date: 4/2011 (original: 5/2011)
[2025-03-21 21:13:09,583] ERROR: Invalid numeric value for original_report_date: 2011-05-01
[2025-03-21 21:13:09,583] ERROR: nvda (5/2011): Invalid data types: original_report_date=2011-05-01
[2025-03-21 21:13:09,583] ERROR: nvda (5/2011): No existing record found(5/2011, 2011-05-01) - creating new one
[2025-03-21 21:13:09,584] INFO: nvda (5/2011): Created new record with 17 non-zero financial metrics
[2025-03-21 21:13:09,597] INFO: Trying adjusted date: 8/2011 (original: 7/2011)
[2025-03-21 21:13:09,609] ERROR: Invalid numeric value for original_report_date: 2011-07-31
[2025-03-21 21:13:09,609] ERROR: nvda (7/2011): Invalid data types: original_report_date=2011-07-31
[2025-03-21 21:13:09,609] ERROR: nvda (7/2011): No existing record found(7/2011, 2011-07-31) - creating new one
[2025-03-21 21:13:09,609] INFO: nvda (7/2011): Created new record with 14 non-zero financial metrics
[2025-03-21 21:13:09,621] INFO: Trying adjusted date: 11/2011 (original: 10/2011)
[2025-03-21 21:13:09,633] ERROR: Invalid numeric value for original_report_date: 2011-10-30
[2025-03-21 21:13:09,633] ERROR: nvda (10/2011): Invalid data types: original_report_date=2011-10-30
[2025-03-21 21:13:09,633] ERROR: nvda (10/2011): No existing record found(10/2011, 2011-10-30) - creating new one
[2025-03-21 21:13:09,634] INFO: nvda (10/2011): Created new record with 14 non-zero financial metrics
[2025-03-21 21:13:09,646] INFO: Trying adjusted date: 2/2012 (original: 1/2012)
[2025-03-21 21:13:09,657] ERROR: Invalid numeric value for original_report_date: 2012-01-29
[2025-03-21 21:13:09,657] ERROR: nvda (1/2012): Invalid data types: original_report_date=2012-01-29
[2025-03-21 21:13:09,657] ERROR: nvda (1/2012): No existing record found(1/2012, 2012-01-29) - creating new one
[2025-03-21 21:13:09,658] INFO: nvda (1/2012): Created new record with 19 non-zero financial metrics
[2025-03-21 21:13:09,671] INFO: Trying adjusted date: 5/2012 (original: 4/2012)
[2025-03-21 21:13:09,682] ERROR: Invalid numeric value for original_report_date: 2012-04-29
[2025-03-21 21:13:09,683] ERROR: nvda (4/2012): Invalid data types: original_report_date=2012-04-29
[2025-03-21 21:13:09,683] ERROR: nvda (4/2012): No existing record found(4/2012, 2012-04-29) - creating new one
[2025-03-21 21:13:09,683] INFO: nvda (4/2012): Created new record with 18 non-zero financial metrics
[2025-03-21 21:13:09,696] INFO: Trying adjusted date: 8/2012 (original: 7/2012)
[2025-03-21 21:13:09,707] ERROR: Invalid numeric value for original_report_date: 2012-07-29
[2025-03-21 21:13:09,708] ERROR: nvda (7/2012): Invalid data types: original_report_date=2012-07-29
[2025-03-21 21:13:09,708] ERROR: nvda (7/2012): No existing record found(7/2012, 2012-07-29) - creating new one
[2025-03-21 21:13:09,708] INFO: nvda (7/2012): Created new record with 14 non-zero financial metrics
[2025-03-21 21:13:09,721] ERROR: Invalid numeric value for original_report_date: 2012-10-28
[2025-03-21 21:13:09,722] ERROR: nvda (10/2012): Invalid data types: original_report_date=2012-10-28
[2025-03-21 21:13:09,733] INFO: nvda (10/2012): Updated existing record with 14 non-zero financial metrics
[2025-03-21 21:13:09,746] ERROR: Invalid numeric value for original_report_date: 2013-01-27
[2025-03-21 21:13:09,747] ERROR: nvda (1/2013): Invalid data types: original_report_date=2013-01-27
[2025-03-21 21:13:09,758] INFO: nvda (1/2013): Updated existing record with 19 non-zero financial metrics
[2025-03-21 21:13:09,773] INFO: Trying adjusted date: 5/2013 (original: 4/2013)
[2025-03-21 21:13:09,784] ERROR: Invalid numeric value for original_report_date: 2013-04-28
[2025-03-21 21:13:09,785] ERROR: nvda (4/2013): Invalid data types: original_report_date=2013-04-28
[2025-03-21 21:13:09,785] ERROR: nvda (4/2013): No existing record found(4/2013, 2013-04-28) - creating new one
[2025-03-21 21:13:09,785] INFO: nvda (4/2013): Created new record with 19 non-zero financial metrics
[2025-03-21 21:13:09,798] INFO: Trying adjusted date: 8/2013 (original: 7/2013)
[2025-03-21 21:13:09,810] ERROR: Invalid numeric value for original_report_date: 2013-07-28
[2025-03-21 21:13:09,810] ERROR: nvda (7/2013): Invalid data types: original_report_date=2013-07-28
[2025-03-21 21:13:09,810] ERROR: nvda (7/2013): No existing record found(7/2013, 2013-07-28) - creating new one
[2025-03-21 21:13:09,810] INFO: nvda (7/2013): Created new record with 14 non-zero financial metrics
[2025-03-21 21:13:09,824] ERROR: Invalid numeric value for original_report_date: 2013-10-27
[2025-03-21 21:13:09,824] ERROR: nvda (10/2013): Invalid data types: original_report_date=2013-10-27
[2025-03-21 21:13:09,836] INFO: nvda (10/2013): Updated existing record with 14 non-zero financial metrics
[2025-03-21 21:13:09,849] INFO: Trying adjusted date: 2/2014 (original: 1/2014)
[2025-03-21 21:13:09,861] ERROR: Invalid numeric value for original_report_date: 2014-01-26
[2025-03-21 21:13:09,861] ERROR: nvda (1/2014): Invalid data types: original_report_date=2014-01-26
[2025-03-21 21:13:09,861] ERROR: nvda (1/2014): No existing record found(1/2014, 2014-01-26) - creating new one
[2025-03-21 21:13:09,861] INFO: nvda (1/2014): Created new record with 20 non-zero financial metrics
[2025-03-21 21:13:09,874] INFO: Trying adjusted date: 5/2014 (original: 4/2014)
[2025-03-21 21:13:09,886] ERROR: Invalid numeric value for original_report_date: 2014-04-27
[2025-03-21 21:13:09,886] ERROR: nvda (4/2014): Invalid data types: original_report_date=2014-04-27
[2025-03-21 21:13:09,886] ERROR: nvda (4/2014): No existing record found(4/2014, 2014-04-27) - creating new one
[2025-03-21 21:13:09,887] INFO: nvda (4/2014): Created new record with 21 non-zero financial metrics
[2025-03-21 21:13:09,899] INFO: Trying adjusted date: 8/2014 (original: 7/2014)
[2025-03-21 21:13:09,910] ERROR: Invalid numeric value for original_report_date: 2014-07-27
[2025-03-21 21:13:09,910] ERROR: nvda (7/2014): Invalid data types: original_report_date=2014-07-27
[2025-03-21 21:13:09,910] ERROR: nvda (7/2014): No existing record found(7/2014, 2014-07-27) - creating new one
[2025-03-21 21:13:09,911] INFO: nvda (7/2014): Created new record with 16 non-zero financial metrics
[2025-03-21 21:13:09,924] ERROR: Invalid numeric value for original_report_date: 2014-10-26
[2025-03-21 21:13:09,924] ERROR: nvda (10/2014): Invalid data types: original_report_date=2014-10-26
[2025-03-21 21:13:09,935] INFO: nvda (10/2014): Updated existing record with 17 non-zero financial metrics
[2025-03-21 21:13:09,947] ERROR: Invalid numeric value for original_report_date: 2015-01-25
[2025-03-21 21:13:09,947] ERROR: nvda (1/2015): Invalid data types: original_report_date=2015-01-25
[2025-03-21 21:13:09,960] INFO: nvda (1/2015): Updated existing record with 20 non-zero financial metrics
[2025-03-21 21:13:09,975] ERROR: Invalid numeric value for original_report_date: 2015-04-26
[2025-03-21 21:13:09,975] ERROR: nvda (4/2015): Invalid data types: original_report_date=2015-04-26
[2025-03-21 21:13:09,987] INFO: nvda (4/2015): Updated existing record with 21 non-zero financial metrics
[2025-03-21 21:13:10,000] INFO: Trying adjusted date: 8/2015 (original: 7/2015)
[2025-03-21 21:13:10,011] ERROR: Invalid numeric value for original_report_date: 2015-07-26
[2025-03-21 21:13:10,011] ERROR: nvda (7/2015): Invalid data types: original_report_date=2015-07-26
[2025-03-21 21:13:10,011] ERROR: nvda (7/2015): No existing record found(7/2015, 2015-07-26) - creating new one
[2025-03-21 21:13:10,011] INFO: nvda (7/2015): Created new record with 17 non-zero financial metrics
[2025-03-21 21:13:10,025] ERROR: Invalid numeric value for original_report_date: 2015-10-25
[2025-03-21 21:13:10,025] ERROR: nvda (10/2015): Invalid data types: original_report_date=2015-10-25
[2025-03-21 21:13:10,037] INFO: nvda (10/2015): Updated existing record with 16 non-zero financial metrics
[2025-03-21 21:13:10,050] ERROR: Invalid numeric value for original_report_date: 2016-01-31
[2025-03-21 21:13:10,050] ERROR: nvda (1/2016): Invalid data types: original_report_date=2016-01-31
[2025-03-21 21:13:10,061] INFO: nvda (1/2016): Updated existing record with 21 non-zero financial metrics
[2025-03-21 21:13:10,074] INFO: Trying adjusted date: 4/2016 (original: 5/2016)
[2025-03-21 21:13:10,085] INFO: Found existing row with adjusted date: 4/2016
[2025-03-21 21:13:10,085] ERROR: Invalid numeric value for original_report_date: 2016-05-01
[2025-03-21 21:13:10,085] ERROR: nvda (4/2016): Invalid data types: original_report_date=2016-05-01
[2025-03-21 21:13:10,097] INFO: nvda (4/2016): Updated existing record with 21 non-zero financial metrics
[2025-03-21 21:13:10,109] ERROR: Invalid numeric value for original_report_date: 2016-07-31
[2025-03-21 21:13:10,109] ERROR: nvda (7/2016): Invalid data types: original_report_date=2016-07-31
[2025-03-21 21:13:10,121] INFO: nvda (7/2016): Updated existing record with 16 non-zero financial metrics
[2025-03-21 21:13:10,136] ERROR: Invalid numeric value for original_report_date: 2016-10-30
[2025-03-21 21:13:10,136] ERROR: nvda (10/2016): Invalid data types: original_report_date=2016-10-30
[2025-03-21 21:13:10,148] INFO: nvda (10/2016): Updated existing record with 17 non-zero financial metrics
[2025-03-21 21:13:10,161] ERROR: Invalid numeric value for original_report_date: 2017-01-29
[2025-03-21 21:13:10,161] ERROR: nvda (1/2017): Invalid data types: original_report_date=2017-01-29
[2025-03-21 21:13:10,174] INFO: nvda (1/2017): Updated existing record with 21 non-zero financial metrics
[2025-03-21 21:13:10,187] ERROR: Invalid numeric value for original_report_date: 2017-04-30
[2025-03-21 21:13:10,187] WARNING: nvda (4/2017): Found zero values for fields: Share Repurchases
[2025-03-21 21:13:10,187] ERROR: nvda (4/2017): Invalid data types: original_report_date=2017-04-30
[2025-03-21 21:13:10,199] INFO: nvda (4/2017): Updated existing record with 21 non-zero financial metrics
[2025-03-21 21:13:10,215] ERROR: Invalid numeric value for original_report_date: 2017-07-30
[2025-03-21 21:13:10,215] ERROR: nvda (7/2017): Invalid data types: original_report_date=2017-07-30
[2025-03-21 21:13:10,227] INFO: nvda (7/2017): Updated existing record with 17 non-zero financial metrics
[2025-03-21 21:13:10,242] ERROR: Invalid numeric value for original_report_date: 2017-10-29
[2025-03-21 21:13:10,243] ERROR: nvda (10/2017): Invalid data types: original_report_date=2017-10-29
[2025-03-21 21:13:10,256] INFO: nvda (10/2017): Updated existing record with 17 non-zero financial metrics
[2025-03-21 21:13:10,271] ERROR: Invalid numeric value for original_report_date: 2018-01-28
[2025-03-21 21:13:10,271] ERROR: nvda (1/2018): Invalid data types: original_report_date=2018-01-28
[2025-03-21 21:13:10,283] INFO: nvda (1/2018): Updated existing record with 21 non-zero financial metrics
[2025-03-21 21:13:10,301] ERROR: Invalid numeric value for original_report_date: 2018-04-29
[2025-03-21 21:13:10,301] ERROR: nvda (4/2018): Invalid data types: original_report_date=2018-04-29
[2025-03-21 21:13:10,313] INFO: nvda (4/2018): Updated existing record with 22 non-zero financial metrics
[2025-03-21 21:13:10,327] ERROR: Invalid numeric value for original_report_date: 2018-07-29
[2025-03-21 21:13:10,327] ERROR: nvda (7/2018): Invalid data types: original_report_date=2018-07-29
[2025-03-21 21:13:10,340] INFO: nvda (7/2018): Updated existing record with 18 non-zero financial metrics
[2025-03-21 21:13:10,353] ERROR: Invalid numeric value for original_report_date: 2018-10-28
[2025-03-21 21:13:10,353] ERROR: nvda (10/2018): Invalid data types: original_report_date=2018-10-28
[2025-03-21 21:13:10,365] INFO: nvda (10/2018): Updated existing record with 18 non-zero financial metrics
[2025-03-21 21:13:10,378] ERROR: Invalid numeric value for original_report_date: 2019-01-27
[2025-03-21 21:13:10,378] ERROR: nvda (1/2019): Invalid data types: original_report_date=2019-01-27
[2025-03-21 21:13:10,390] INFO: nvda (1/2019): Updated existing record with 22 non-zero financial metrics
[2025-03-21 21:13:10,404] ERROR: Invalid numeric value for original_report_date: 2019-04-28
[2025-03-21 21:13:10,404] WARNING: nvda (4/2019): Found zero values for fields: Share Repurchases
[2025-03-21 21:13:10,404] ERROR: nvda (4/2019): Invalid data types: original_report_date=2019-04-28
[2025-03-21 21:13:10,417] INFO: nvda (4/2019): Updated existing record with 22 non-zero financial metrics
[2025-03-21 21:13:10,430] ERROR: Invalid numeric value for original_report_date: 2019-07-28
[2025-03-21 21:13:10,430] ERROR: nvda (7/2019): Invalid data types: original_report_date=2019-07-28
[2025-03-21 21:13:10,442] INFO: nvda (7/2019): Updated existing record with 18 non-zero financial metrics
[2025-03-21 21:13:10,456] ERROR: Invalid numeric value for original_report_date: 2019-10-27
[2025-03-21 21:13:10,456] ERROR: nvda (10/2019): Invalid data types: original_report_date=2019-10-27
[2025-03-21 21:13:10,468] INFO: nvda (10/2019): Updated existing record with 18 non-zero financial metrics
[2025-03-21 21:13:10,481] ERROR: Invalid numeric value for original_report_date: 2020-01-26
[2025-03-21 21:13:10,481] WARNING: nvda (1/2020): Found zero values for fields: Share Repurchases
[2025-03-21 21:13:10,481] ERROR: nvda (1/2020): Invalid data types: original_report_date=2020-01-26
[2025-03-21 21:13:10,494] INFO: nvda (1/2020): Updated existing record with 21 non-zero financial metrics
[2025-03-21 21:13:10,506] ERROR: Invalid numeric value for original_report_date: 2020-04-26
[2025-03-21 21:13:10,507] ERROR: nvda (4/2020): Invalid data types: original_report_date=2020-04-26
[2025-03-21 21:13:10,519] INFO: nvda (4/2020): Updated existing record with 22 non-zero financial metrics
[2025-03-21 21:13:10,531] ERROR: Invalid numeric value for original_report_date: 2020-07-26
[2025-03-21 21:13:10,532] ERROR: nvda (7/2020): Invalid data types: original_report_date=2020-07-26
[2025-03-21 21:13:10,543] INFO: nvda (7/2020): Updated existing record with 18 non-zero financial metrics
[2025-03-21 21:13:10,556] ERROR: Invalid numeric value for original_report_date: 2020-10-25
[2025-03-21 21:13:10,557] ERROR: nvda (10/2020): Invalid data types: original_report_date=2020-10-25
[2025-03-21 21:13:10,568] INFO: nvda (10/2020): Updated existing record with 18 non-zero financial metrics
[2025-03-21 21:13:10,581] ERROR: Invalid numeric value for original_report_date: 2021-01-31
[2025-03-21 21:13:10,582] WARNING: nvda (1/2021): Found zero values for fields: Share Repurchases
[2025-03-21 21:13:10,582] ERROR: nvda (1/2021): Invalid data types: original_report_date=2021-01-31
[2025-03-21 21:13:10,594] INFO: nvda (1/2021): Updated existing record with 21 non-zero financial metrics
[2025-03-21 21:13:10,607] INFO: Trying adjusted date: 4/2021 (original: 5/2021)
[2025-03-21 21:13:10,618] INFO: Found existing row with adjusted date: 4/2021
[2025-03-21 21:13:10,618] ERROR: Invalid numeric value for original_report_date: 2021-05-02
[2025-03-21 21:13:10,618] ERROR: nvda (4/2021): Invalid data types: original_report_date=2021-05-02
[2025-03-21 21:13:10,630] INFO: nvda (4/2021): Updated existing record with 21 non-zero financial metrics
[2025-03-21 21:13:10,643] INFO: Trying adjusted date: 7/2021 (original: 8/2021)
[2025-03-21 21:13:10,655] INFO: Found existing row with adjusted date: 7/2021
[2025-03-21 21:13:10,655] ERROR: Invalid numeric value for original_report_date: 2021-08-01
[2025-03-21 21:13:10,655] ERROR: nvda (7/2021): Invalid data types: original_report_date=2021-08-01
[2025-03-21 21:13:10,667] INFO: nvda (7/2021): Updated existing record with 18 non-zero financial metrics
[2025-03-21 21:13:10,680] ERROR: Invalid numeric value for original_report_date: 2021-10-31
[2025-03-21 21:13:10,680] ERROR: nvda (10/2021): Invalid data types: original_report_date=2021-10-31
[2025-03-21 21:13:10,691] INFO: nvda (10/2021): Updated existing record with 18 non-zero financial metrics
[2025-03-21 21:13:10,704] ERROR: Invalid numeric value for original_report_date: 2022-01-30
[2025-03-21 21:13:10,704] ERROR: nvda (1/2022): Invalid data types: original_report_date=2022-01-30
[2025-03-21 21:13:10,715] INFO: nvda (1/2022): Updated existing record with 21 non-zero financial metrics
[2025-03-21 21:13:10,728] INFO: Trying adjusted date: 4/2022 (original: 5/2022)
[2025-03-21 21:13:10,740] INFO: Found existing row with adjusted date: 4/2022
[2025-03-21 21:13:10,740] ERROR: Invalid numeric value for original_report_date: 2022-05-01
[2025-03-21 21:13:10,740] ERROR: nvda (4/2022): Invalid data types: original_report_date=2022-05-01
[2025-03-21 21:13:10,751] INFO: nvda (4/2022): Updated existing record with 22 non-zero financial metrics
[2025-03-21 21:13:10,764] ERROR: Invalid numeric value for original_report_date: 2022-07-31
[2025-03-21 21:13:10,764] ERROR: nvda (7/2022): Invalid data types: original_report_date=2022-07-31
[2025-03-21 21:13:10,776] INFO: nvda (7/2022): Updated existing record with 18 non-zero financial metrics
[2025-03-21 21:13:10,789] ERROR: Invalid numeric value for original_report_date: 2022-10-30
[2025-03-21 21:13:10,789] ERROR: nvda (10/2022): Invalid data types: original_report_date=2022-10-30
[2025-03-21 21:13:10,800] INFO: nvda (10/2022): Updated existing record with 18 non-zero financial metrics
[2025-03-21 21:13:10,813] ERROR: Invalid numeric value for original_report_date: 2023-01-29
[2025-03-21 21:13:10,813] ERROR: nvda (1/2023): Invalid data types: original_report_date=2023-01-29
[2025-03-21 21:13:10,825] INFO: nvda (1/2023): Updated existing record with 22 non-zero financial metrics
[2025-03-21 21:13:10,839] ERROR: Invalid numeric value for original_report_date: 2023-04-30
[2025-03-21 21:13:10,840] WARNING: nvda (4/2023): Found zero values for fields: Share Repurchases
[2025-03-21 21:13:10,840] ERROR: nvda (4/2023): Invalid data types: original_report_date=2023-04-30
[2025-03-21 21:13:10,852] INFO: nvda (4/2023): Updated existing record with 21 non-zero financial metrics
[2025-03-21 21:13:10,864] ERROR: Invalid numeric value for original_report_date: 2023-07-30
[2025-03-21 21:13:10,864] ERROR: nvda (7/2023): Invalid data types: original_report_date=2023-07-30
[2025-03-21 21:13:10,876] INFO: nvda (7/2023): Updated existing record with 18 non-zero financial metrics
[2025-03-21 21:13:10,889] ERROR: Invalid numeric value for original_report_date: 2023-10-29
[2025-03-21 21:13:10,889] ERROR: nvda (10/2023): Invalid data types: original_report_date=2023-10-29
[2025-03-21 21:13:10,901] INFO: nvda (10/2023): Updated existing record with 18 non-zero financial metrics
[2025-03-21 21:13:10,913] ERROR: Invalid numeric value for original_report_date: 2024-01-28
[2025-03-21 21:13:10,913] ERROR: nvda (1/2024): Invalid data types: original_report_date=2024-01-28
[2025-03-21 21:13:10,924] INFO: nvda (1/2024): Updated existing record with 22 non-zero financial metrics
[2025-03-21 21:13:10,937] ERROR: Invalid numeric value for original_report_date: 2024-04-28
[2025-03-21 21:13:10,937] ERROR: nvda (4/2024): Invalid data types: original_report_date=2024-04-28
[2025-03-21 21:13:10,949] INFO: nvda (4/2024): Updated existing record with 22 non-zero financial metrics
[2025-03-21 21:13:10,962] ERROR: Invalid numeric value for original_report_date: 2024-07-28
[2025-03-21 21:13:10,962] ERROR: nvda (7/2024): Invalid data types: original_report_date=2024-07-28
[2025-03-21 21:13:10,974] INFO: nvda (7/2024): Updated existing record with 17 non-zero financial metrics
[2025-03-21 21:13:10,987] ERROR: Invalid numeric value for original_report_date: 2024-10-27
[2025-03-21 21:13:10,987] ERROR: nvda (10/2024): Invalid data types: original_report_date=2024-10-27
[2025-03-21 21:13:11,000] INFO: nvda (10/2024): Updated existing record with 17 non-zero financial metrics
[2025-03-21 21:13:11,013] INFO: Trying adjusted date: 2/2025 (original: 1/2025)
[2025-03-21 21:13:11,025] ERROR: Invalid numeric value for original_report_date: 2025-01-26
[2025-03-21 21:13:11,025] ERROR: nvda (1/2025): Invalid data types: original_report_date=2025-01-26
[2025-03-21 21:13:11,025] ERROR: nvda (1/2025): No existing record found(1/2025, 2025-01-26) - creating new one
[2025-03-21 21:13:11,026] INFO: nvda (1/2025): Created new record with 21 non-zero financial metrics
