[2025-03-22 14:40:14,511] INFO: nvst (9/2019): Updated existing record with 16 non-zero financial metrics
[2025-03-22 14:40:14,543] INFO: nvst (12/2019): Updated existing record with 21 non-zero financial metrics
[2025-03-22 14:40:14,559] INFO: Trying adjusted date: 3/2020 (original: 4/2020)
[2025-03-22 14:40:14,574] INFO: Found existing row with adjusted date: 3/2020
[2025-03-22 14:40:14,589] INFO: nvst (3/2020): Updated existing record with 21 non-zero financial metrics
[2025-03-22 14:40:14,605] INFO: Trying adjusted date: 6/2020 (original: 7/2020)
[2025-03-22 14:40:14,619] INFO: Found existing row with adjusted date: 6/2020
[2025-03-22 14:40:14,633] INFO: nvst (6/2020): Updated existing record with 17 non-zero financial metrics
[2025-03-22 14:40:14,649] INFO: Trying adjusted date: 9/2020 (original: 10/2020)
[2025-03-22 14:40:14,663] INFO: Found existing row with adjusted date: 9/2020
[2025-03-22 14:40:14,677] INFO: nvst (9/2020): Updated existing record with 18 non-zero financial metrics
[2025-03-22 14:40:14,707] INFO: nvst (12/2020): Updated existing record with 22 non-zero financial metrics
[2025-03-22 14:40:14,722] INFO: Trying adjusted date: 3/2021 (original: 4/2021)
[2025-03-22 14:40:14,736] INFO: Found existing row with adjusted date: 3/2021
[2025-03-22 14:40:14,751] INFO: nvst (3/2021): Updated existing record with 22 non-zero financial metrics
[2025-03-22 14:40:14,767] INFO: Trying adjusted date: 6/2021 (original: 7/2021)
[2025-03-22 14:40:14,781] INFO: Found existing row with adjusted date: 6/2021
[2025-03-22 14:40:14,795] INFO: nvst (6/2021): Updated existing record with 18 non-zero financial metrics
[2025-03-22 14:40:14,811] INFO: Trying adjusted date: 9/2021 (original: 10/2021)
[2025-03-22 14:40:14,825] INFO: Found existing row with adjusted date: 9/2021
[2025-03-22 14:40:14,839] INFO: nvst (9/2021): Updated existing record with 18 non-zero financial metrics
[2025-03-22 14:40:14,869] INFO: nvst (12/2021): Updated existing record with 22 non-zero financial metrics
[2025-03-22 14:40:14,884] INFO: Trying adjusted date: 3/2022 (original: 4/2022)
[2025-03-22 14:40:14,899] INFO: Found existing row with adjusted date: 3/2022
[2025-03-22 14:40:14,912] INFO: nvst (3/2022): Updated existing record with 22 non-zero financial metrics
[2025-03-22 14:40:14,928] INFO: Trying adjusted date: 6/2022 (original: 7/2022)
[2025-03-22 14:40:14,942] INFO: Found existing row with adjusted date: 6/2022
[2025-03-22 14:40:14,956] INFO: nvst (6/2022): Updated existing record with 18 non-zero financial metrics
[2025-03-22 14:40:14,987] INFO: nvst (9/2022): Updated existing record with 18 non-zero financial metrics
[2025-03-22 14:40:15,017] INFO: nvst (12/2022): Updated existing record with 22 non-zero financial metrics
[2025-03-22 14:40:15,048] INFO: nvst (3/2023): Updated existing record with 21 non-zero financial metrics
[2025-03-22 14:40:15,078] INFO: nvst (6/2023): Updated existing record with 17 non-zero financial metrics
[2025-03-22 14:40:15,110] INFO: nvst (9/2023): Updated existing record with 17 non-zero financial metrics
[2025-03-22 14:40:15,141] INFO: nvst (12/2023): Updated existing record with 21 non-zero financial metrics
[2025-03-22 14:40:15,172] INFO: nvst (3/2024): Updated existing record with 21 non-zero financial metrics
[2025-03-22 14:40:15,202] INFO: nvst (6/2024): Updated existing record with 16 non-zero financial metrics
[2025-03-22 14:40:15,233] INFO: nvst (9/2024): Updated existing record with 17 non-zero financial metrics
[2025-03-22 14:40:15,249] INFO: Trying adjusted date: 1/2025 (original: 12/2024)
[2025-03-22 14:40:15,264] WARNING: nvst (12/2024): No existing record found(12/2024, 2024-12-31) - creating new one
[2025-03-22 14:40:15,265] INFO: nvst (12/2024): Created new record with 21 non-zero financial metrics
