[2025-03-22 14:46:56,198] INFO: Trying adjusted date: 4/2018 (original: 3/2018)
[2025-03-22 14:46:56,212] WARNING: nvt (3/2018): No existing record found(3/2018, 2018-03-31) - creating new one
[2025-03-22 14:46:56,212] INFO: nvt (3/2018): Created new record with 18 non-zero financial metrics
[2025-03-22 14:46:56,228] INFO: Trying adjusted date: 7/2018 (original: 6/2018)
[2025-03-22 14:46:56,244] WARNING: nvt (6/2018): No existing record found(6/2018, 2018-06-30) - creating new one
[2025-03-22 14:46:56,245] INFO: nvt (6/2018): Created new record with 14 non-zero financial metrics
[2025-03-22 14:46:56,276] INFO: nvt (9/2018): Updated existing record with 14 non-zero financial metrics
[2025-03-22 14:46:56,308] INFO: nvt (12/2018): Updated existing record with 21 non-zero financial metrics
[2025-03-22 14:46:56,340] INFO: nvt (3/2019): Updated existing record with 18 non-zero financial metrics
[2025-03-22 14:46:56,370] INFO: nvt (6/2019): Updated existing record with 13 non-zero financial metrics
[2025-03-22 14:46:56,400] INFO: nvt (9/2019): Updated existing record with 13 non-zero financial metrics
[2025-03-22 14:46:56,431] INFO: nvt (12/2019): Updated existing record with 21 non-zero financial metrics
[2025-03-22 14:46:56,449] INFO: Trying adjusted date: 4/2020 (original: 3/2020)
[2025-03-22 14:46:56,463] WARNING: nvt (3/2020): No existing record found(3/2020, 2020-03-31) - creating new one
[2025-03-22 14:46:56,463] INFO: nvt (3/2020): Created new record with 18 non-zero financial metrics
[2025-03-22 14:46:56,494] INFO: nvt (6/2020): Updated existing record with 13 non-zero financial metrics
[2025-03-22 14:46:56,526] INFO: nvt (9/2020): Updated existing record with 13 non-zero financial metrics
[2025-03-22 14:46:56,557] INFO: nvt (12/2020): Updated existing record with 21 non-zero financial metrics
[2025-03-22 14:46:56,592] INFO: nvt (3/2021): Updated existing record with 18 non-zero financial metrics
[2025-03-22 14:46:56,623] INFO: nvt (6/2021): Updated existing record with 13 non-zero financial metrics
[2025-03-22 14:46:56,653] INFO: nvt (9/2021): Updated existing record with 13 non-zero financial metrics
[2025-03-22 14:46:56,683] INFO: nvt (12/2021): Updated existing record with 21 non-zero financial metrics
[2025-03-22 14:46:56,713] INFO: nvt (3/2022): Updated existing record with 18 non-zero financial metrics
[2025-03-22 14:46:56,746] INFO: nvt (6/2022): Updated existing record with 13 non-zero financial metrics
[2025-03-22 14:46:56,776] INFO: nvt (9/2022): Updated existing record with 13 non-zero financial metrics
[2025-03-22 14:46:56,807] INFO: nvt (12/2022): Updated existing record with 21 non-zero financial metrics
[2025-03-22 14:46:56,838] INFO: nvt (3/2023): Updated existing record with 18 non-zero financial metrics
[2025-03-22 14:46:56,868] INFO: nvt (6/2023): Updated existing record with 13 non-zero financial metrics
[2025-03-22 14:46:56,898] INFO: nvt (9/2023): Updated existing record with 13 non-zero financial metrics
[2025-03-22 14:46:56,928] INFO: nvt (12/2023): Updated existing record with 21 non-zero financial metrics
[2025-03-22 14:46:56,945] WARNING: nvt (3/2024): Found zero values for fields: Share Repurchases
[2025-03-22 14:46:56,959] INFO: nvt (3/2024): Updated existing record with 18 non-zero financial metrics
[2025-03-22 14:46:56,992] INFO: nvt (6/2024): Updated existing record with 14 non-zero financial metrics
[2025-03-22 14:46:57,024] INFO: nvt (9/2024): Updated existing record with 14 non-zero financial metrics
[2025-03-22 14:46:57,040] INFO: Trying adjusted date: 1/2025 (original: 12/2024)
[2025-03-22 14:46:57,055] WARNING: nvt (12/2024): No existing record found(12/2024, 2024-12-31) - creating new one
[2025-03-22 14:46:57,055] INFO: nvt (12/2024): Created new record with 19 non-zero financial metrics
