[2025-03-22 12:45:46,957] INFO: Trying adjusted date: 7/2010 (original: 6/2010)
[2025-03-22 12:45:46,971] WARNING: nwl (6/2010): No existing record found(6/2010, 2010-06-30) - creating new one
[2025-03-22 12:45:46,972] INFO: nwl (6/2010): Created new record with 13 non-zero financial metrics
[2025-03-22 12:45:46,990] INFO: Trying adjusted date: 10/2010 (original: 9/2010)
[2025-03-22 12:45:47,004] WARNING: nwl (9/2010): No existing record found(9/2010, 2010-09-30) - creating new one
[2025-03-22 12:45:47,004] INFO: nwl (9/2010): Created new record with 13 non-zero financial metrics
[2025-03-22 12:45:47,021] INFO: Trying adjusted date: 1/2011 (original: 12/2010)
[2025-03-22 12:45:47,034] WARNING: nwl (12/2010): No existing record found(12/2010, 2010-12-31) - creating new one
[2025-03-22 12:45:47,035] INFO: nwl (12/2010): Created new record with 17 non-zero financial metrics
[2025-03-22 12:45:47,052] INFO: Trying adjusted date: 4/2011 (original: 3/2011)
[2025-03-22 12:45:47,066] WARNING: nwl (3/2011): No existing record found(3/2011, 2011-03-31) - creating new one
[2025-03-22 12:45:47,066] INFO: nwl (3/2011): Created new record with 16 non-zero financial metrics
[2025-03-22 12:45:47,082] INFO: Trying adjusted date: 7/2011 (original: 6/2011)
[2025-03-22 12:45:47,095] WARNING: nwl (6/2011): No existing record found(6/2011, 2011-06-30) - creating new one
[2025-03-22 12:45:47,096] INFO: nwl (6/2011): Created new record with 14 non-zero financial metrics
[2025-03-22 12:45:47,111] INFO: Trying adjusted date: 10/2011 (original: 9/2011)
[2025-03-22 12:45:47,125] WARNING: nwl (9/2011): No existing record found(9/2011, 2011-09-30) - creating new one
[2025-03-22 12:45:47,126] INFO: nwl (9/2011): Created new record with 14 non-zero financial metrics
[2025-03-22 12:45:47,142] INFO: Trying adjusted date: 1/2012 (original: 12/2011)
[2025-03-22 12:45:47,156] WARNING: nwl (12/2011): No existing record found(12/2011, 2011-12-31) - creating new one
[2025-03-22 12:45:47,156] INFO: nwl (12/2011): Created new record with 19 non-zero financial metrics
[2025-03-22 12:45:47,173] INFO: Trying adjusted date: 4/2012 (original: 3/2012)
[2025-03-22 12:45:47,187] WARNING: nwl (3/2012): No existing record found(3/2012, 2012-03-31) - creating new one
[2025-03-22 12:45:47,188] INFO: nwl (3/2012): Created new record with 18 non-zero financial metrics
[2025-03-22 12:45:47,203] INFO: Trying adjusted date: 7/2012 (original: 6/2012)
[2025-03-22 12:45:47,217] WARNING: nwl (6/2012): No existing record found(6/2012, 2012-06-30) - creating new one
[2025-03-22 12:45:47,218] INFO: nwl (6/2012): Created new record with 14 non-zero financial metrics
[2025-03-22 12:45:47,247] INFO: nwl (9/2012): Updated existing record with 14 non-zero financial metrics
[2025-03-22 12:45:47,276] INFO: nwl (12/2012): Updated existing record with 19 non-zero financial metrics
[2025-03-22 12:45:47,308] INFO: nwl (3/2013): Updated existing record with 18 non-zero financial metrics
[2025-03-22 12:45:47,341] INFO: nwl (6/2013): Updated existing record with 14 non-zero financial metrics
[2025-03-22 12:45:47,374] INFO: nwl (9/2013): Updated existing record with 14 non-zero financial metrics
[2025-03-22 12:45:47,403] INFO: nwl (12/2013): Updated existing record with 19 non-zero financial metrics
[2025-03-22 12:45:47,433] INFO: nwl (3/2014): Updated existing record with 18 non-zero financial metrics
[2025-03-22 12:45:47,463] INFO: nwl (6/2014): Updated existing record with 14 non-zero financial metrics
[2025-03-22 12:45:47,492] INFO: nwl (9/2014): Updated existing record with 14 non-zero financial metrics
[2025-03-22 12:45:47,522] INFO: nwl (12/2014): Updated existing record with 19 non-zero financial metrics
[2025-03-22 12:45:47,554] INFO: nwl (3/2015): Updated existing record with 18 non-zero financial metrics
[2025-03-22 12:45:47,584] INFO: nwl (6/2015): Updated existing record with 14 non-zero financial metrics
[2025-03-22 12:45:47,615] INFO: nwl (9/2015): Updated existing record with 14 non-zero financial metrics
[2025-03-22 12:45:47,650] INFO: nwl (12/2015): Updated existing record with 19 non-zero financial metrics
[2025-03-22 12:45:47,667] WARNING: nwl (3/2016): Found zero values for fields: Share Repurchases
[2025-03-22 12:45:47,681] INFO: nwl (3/2016): Updated existing record with 17 non-zero financial metrics
[2025-03-22 12:45:47,711] INFO: nwl (6/2016): Updated existing record with 14 non-zero financial metrics
[2025-03-22 12:45:47,744] INFO: nwl (9/2016): Updated existing record with 14 non-zero financial metrics
[2025-03-22 12:45:47,761] WARNING: nwl (12/2016): Found zero values for fields: Share Repurchases
[2025-03-22 12:45:47,776] INFO: nwl (12/2016): Updated existing record with 18 non-zero financial metrics
[2025-03-22 12:45:47,807] INFO: nwl (3/2017): Updated existing record with 17 non-zero financial metrics
[2025-03-22 12:45:47,838] INFO: nwl (6/2017): Updated existing record with 14 non-zero financial metrics
[2025-03-22 12:45:47,867] INFO: nwl (9/2017): Updated existing record with 14 non-zero financial metrics
[2025-03-22 12:45:47,897] INFO: nwl (12/2017): Updated existing record with 18 non-zero financial metrics
[2025-03-22 12:45:47,927] INFO: nwl (3/2018): Updated existing record with 17 non-zero financial metrics
[2025-03-22 12:45:47,956] INFO: nwl (6/2018): Updated existing record with 14 non-zero financial metrics
[2025-03-22 12:45:47,987] INFO: nwl (9/2018): Updated existing record with 14 non-zero financial metrics
[2025-03-22 12:45:48,017] INFO: nwl (12/2018): Updated existing record with 19 non-zero financial metrics
[2025-03-22 12:45:48,047] INFO: nwl (3/2019): Updated existing record with 17 non-zero financial metrics
[2025-03-22 12:45:48,076] INFO: nwl (6/2019): Updated existing record with 15 non-zero financial metrics
[2025-03-22 12:45:48,106] INFO: nwl (9/2019): Updated existing record with 14 non-zero financial metrics
[2025-03-22 12:45:48,122] WARNING: nwl (12/2019): Found zero values for fields: Share Repurchases
[2025-03-22 12:45:48,137] INFO: nwl (12/2019): Updated existing record with 18 non-zero financial metrics
[2025-03-22 12:45:48,167] INFO: nwl (3/2020): Updated existing record with 17 non-zero financial metrics
[2025-03-22 12:45:48,198] INFO: nwl (6/2020): Updated existing record with 14 non-zero financial metrics
[2025-03-22 12:45:48,227] INFO: nwl (9/2020): Updated existing record with 15 non-zero financial metrics
[2025-03-22 12:45:48,243] WARNING: nwl (12/2020): Found zero values for fields: Share Repurchases
[2025-03-22 12:45:48,259] INFO: nwl (12/2020): Updated existing record with 19 non-zero financial metrics
[2025-03-22 12:45:48,288] INFO: nwl (3/2021): Updated existing record with 18 non-zero financial metrics
[2025-03-22 12:45:48,317] INFO: nwl (6/2021): Updated existing record with 15 non-zero financial metrics
[2025-03-22 12:45:48,348] INFO: nwl (9/2021): Updated existing record with 15 non-zero financial metrics
[2025-03-22 12:45:48,378] INFO: nwl (12/2021): Updated existing record with 19 non-zero financial metrics
[2025-03-22 12:45:48,408] INFO: nwl (3/2022): Updated existing record with 19 non-zero financial metrics
[2025-03-22 12:45:48,438] INFO: nwl (6/2022): Updated existing record with 15 non-zero financial metrics
[2025-03-22 12:45:48,467] INFO: nwl (9/2022): Updated existing record with 15 non-zero financial metrics
[2025-03-22 12:45:48,496] INFO: nwl (12/2022): Updated existing record with 19 non-zero financial metrics
[2025-03-22 12:45:48,513] WARNING: nwl (3/2023): Found zero values for fields: Share Repurchases
[2025-03-22 12:45:48,527] INFO: nwl (3/2023): Updated existing record with 18 non-zero financial metrics
[2025-03-22 12:45:48,557] INFO: nwl (6/2023): Updated existing record with 15 non-zero financial metrics
[2025-03-22 12:45:48,587] INFO: nwl (9/2023): Updated existing record with 15 non-zero financial metrics
[2025-03-22 12:45:48,604] WARNING: nwl (12/2023): Found zero values for fields: Share Repurchases
[2025-03-22 12:45:48,619] INFO: nwl (12/2023): Updated existing record with 18 non-zero financial metrics
[2025-03-22 12:45:48,649] INFO: nwl (3/2024): Updated existing record with 18 non-zero financial metrics
[2025-03-22 12:45:48,678] INFO: nwl (6/2024): Updated existing record with 14 non-zero financial metrics
[2025-03-22 12:45:48,708] INFO: nwl (9/2024): Updated existing record with 14 non-zero financial metrics
[2025-03-22 12:45:48,724] INFO: Trying adjusted date: 1/2025 (original: 12/2024)
[2025-03-22 12:45:48,737] WARNING: nwl (12/2024): Found zero values for fields: Share Repurchases
[2025-03-22 12:45:48,737] WARNING: nwl (12/2024): No existing record found(12/2024, 2024-12-31) - creating new one
[2025-03-22 12:45:48,737] INFO: nwl (12/2024): Created new record with 18 non-zero financial metrics
