[2025-03-22 02:00:26,103] INFO: nxpi (9/2019): Updated existing record with 16 non-zero financial metrics
[2025-03-22 02:00:26,144] INFO: nxpi (12/2019): Updated existing record with 21 non-zero financial metrics
[2025-03-22 02:00:26,171] INFO: nxpi (3/2020): Updated existing record with 21 non-zero financial metrics
[2025-03-22 02:00:26,198] INFO: nxpi (6/2020): Updated existing record with 16 non-zero financial metrics
[2025-03-22 02:00:26,225] INFO: nxpi (9/2020): Updated existing record with 16 non-zero financial metrics
[2025-03-22 02:00:26,250] INFO: nxpi (12/2020): Updated existing record with 21 non-zero financial metrics
[2025-03-22 02:00:26,266] INFO: Trying adjusted date: 3/2021 (original: 4/2021)
[2025-03-22 02:00:26,278] INFO: Found existing row with adjusted date: 3/2021
[2025-03-22 02:00:26,290] INFO: nxpi (3/2021): Updated existing record with 21 non-zero financial metrics
[2025-03-22 02:00:26,303] INFO: Trying adjusted date: 6/2021 (original: 7/2021)
[2025-03-22 02:00:26,315] INFO: Found existing row with adjusted date: 6/2021
[2025-03-22 02:00:26,328] INFO: nxpi (6/2021): Updated existing record with 16 non-zero financial metrics
[2025-03-22 02:00:26,341] INFO: Trying adjusted date: 9/2021 (original: 10/2021)
[2025-03-22 02:00:26,353] INFO: Found existing row with adjusted date: 9/2021
[2025-03-22 02:00:26,365] INFO: nxpi (9/2021): Updated existing record with 16 non-zero financial metrics
[2025-03-22 02:00:26,389] INFO: nxpi (12/2021): Updated existing record with 21 non-zero financial metrics
[2025-03-22 02:00:26,403] INFO: Trying adjusted date: 3/2022 (original: 4/2022)
[2025-03-22 02:00:26,415] INFO: Found existing row with adjusted date: 3/2022
[2025-03-22 02:00:26,428] INFO: nxpi (3/2022): Updated existing record with 21 non-zero financial metrics
[2025-03-22 02:00:26,441] INFO: Trying adjusted date: 6/2022 (original: 7/2022)
[2025-03-22 02:00:26,453] INFO: Found existing row with adjusted date: 6/2022
[2025-03-22 02:00:26,465] INFO: nxpi (6/2022): Updated existing record with 16 non-zero financial metrics
[2025-03-22 02:00:26,479] INFO: Trying adjusted date: 9/2022 (original: 10/2022)
[2025-03-22 02:00:26,490] WARNING: nxpi (10/2022): No existing record found(10/2022, 2022-10-02) - creating new one
[2025-03-22 02:00:26,491] INFO: nxpi (10/2022): Created new record with 16 non-zero financial metrics
[2025-03-22 02:00:26,515] INFO: nxpi (12/2022): Updated existing record with 21 non-zero financial metrics
[2025-03-22 02:00:26,529] INFO: Trying adjusted date: 3/2023 (original: 4/2023)
[2025-03-22 02:00:26,541] INFO: Found existing row with adjusted date: 3/2023
[2025-03-22 02:00:26,553] INFO: nxpi (3/2023): Updated existing record with 21 non-zero financial metrics
[2025-03-22 02:00:26,567] INFO: Trying adjusted date: 6/2023 (original: 7/2023)
[2025-03-22 02:00:26,579] INFO: Found existing row with adjusted date: 6/2023
[2025-03-22 02:00:26,591] INFO: nxpi (6/2023): Updated existing record with 16 non-zero financial metrics
[2025-03-22 02:00:26,605] INFO: Trying adjusted date: 9/2023 (original: 10/2023)
[2025-03-22 02:00:26,617] INFO: Found existing row with adjusted date: 9/2023
[2025-03-22 02:00:26,629] INFO: nxpi (9/2023): Updated existing record with 16 non-zero financial metrics
[2025-03-22 02:00:26,654] INFO: nxpi (12/2023): Updated existing record with 21 non-zero financial metrics
[2025-03-22 02:00:26,680] INFO: nxpi (3/2024): Updated existing record with 21 non-zero financial metrics
[2025-03-22 02:00:26,707] INFO: nxpi (6/2024): Updated existing record with 16 non-zero financial metrics
[2025-03-22 02:00:26,732] INFO: nxpi (9/2024): Updated existing record with 16 non-zero financial metrics
[2025-03-22 02:00:26,758] INFO: nxpi (12/2024): Updated existing record with 22 non-zero financial metrics
