[2025-03-22 04:05:04,210] INFO: Trying adjusted date: 2/2010 (original: 3/2010)
[2025-03-22 04:05:04,222] WARNING: oke (3/2010): No existing record found(3/2010, 2010-03-12) - creating new one
[2025-03-22 04:05:04,222] INFO: oke (3/2010): Created new record with 17 non-zero financial metrics
[2025-03-22 04:05:04,238] INFO: Trying adjusted date: 10/2010 (original: 9/2010)
[2025-03-22 04:05:04,250] WARNING: oke (9/2010): No existing record found(9/2010, 2010-09-30) - creating new one
[2025-03-22 04:05:04,251] INFO: oke (9/2010): Created new record with 12 non-zero financial metrics
[2025-03-22 04:05:04,265] INFO: Trying adjusted date: 3/2011 (original: 2/2011)
[2025-03-22 04:05:04,277] WARNING: oke (2/2011): No existing record found(2/2011, 2011-02-22) - creating new one
[2025-03-22 04:05:04,277] INFO: oke (2/2011): Created new record with 0 non-zero financial metrics
[2025-03-22 04:05:04,291] INFO: Trying adjusted date: 4/2011 (original: 5/2011)
[2025-03-22 04:05:04,303] WARNING: oke (5/2011): No existing record found(5/2011, 2011-05-04) - creating new one
[2025-03-22 04:05:04,303] INFO: oke (5/2011): Created new record with 0 non-zero financial metrics
[2025-03-22 04:05:04,318] INFO: Trying adjusted date: 7/2011 (original: 6/2011)
[2025-03-22 04:05:04,330] WARNING: oke (6/2011): No existing record found(6/2011, 2011-06-30) - creating new one
[2025-03-22 04:05:04,331] INFO: oke (6/2011): Created new record with 13 non-zero financial metrics
[2025-03-22 04:05:04,345] INFO: Trying adjusted date: 10/2011 (original: 9/2011)
[2025-03-22 04:05:04,357] WARNING: oke (9/2011): No existing record found(9/2011, 2011-09-30) - creating new one
[2025-03-22 04:05:04,358] INFO: oke (9/2011): Created new record with 13 non-zero financial metrics
[2025-03-22 04:05:04,372] INFO: Trying adjusted date: 1/2012 (original: 12/2011)
[2025-03-22 04:05:04,384] WARNING: oke (12/2011): No existing record found(12/2011, 2011-12-31) - creating new one
[2025-03-22 04:05:04,385] INFO: oke (12/2011): Created new record with 18 non-zero financial metrics
[2025-03-22 04:05:04,400] INFO: Trying adjusted date: 4/2012 (original: 3/2012)
[2025-03-22 04:05:04,413] WARNING: oke (3/2012): No existing record found(3/2012, 2012-03-31) - creating new one
[2025-03-22 04:05:04,414] INFO: oke (3/2012): Created new record with 16 non-zero financial metrics
[2025-03-22 04:05:04,428] INFO: Trying adjusted date: 7/2012 (original: 6/2012)
[2025-03-22 04:05:04,440] WARNING: oke (6/2012): No existing record found(6/2012, 2012-06-30) - creating new one
[2025-03-22 04:05:04,441] INFO: oke (6/2012): Created new record with 13 non-zero financial metrics
[2025-03-22 04:05:04,466] INFO: oke (9/2012): Updated existing record with 13 non-zero financial metrics
[2025-03-22 04:05:04,492] INFO: oke (12/2012): Updated existing record with 18 non-zero financial metrics
[2025-03-22 04:05:04,518] INFO: oke (3/2013): Updated existing record with 16 non-zero financial metrics
[2025-03-22 04:05:04,532] WARNING: oke (6/2013): Found zero values for fields: EPS Diluted
[2025-03-22 04:05:04,545] INFO: oke (6/2013): Updated existing record with 13 non-zero financial metrics
[2025-03-22 04:05:04,572] INFO: oke (9/2013): Updated existing record with 14 non-zero financial metrics
[2025-03-22 04:05:04,590] WARNING: oke (12/2013): Found zero values for fields: Share Repurchases
[2025-03-22 04:05:04,602] INFO: oke (12/2013): Updated existing record with 17 non-zero financial metrics
[2025-03-22 04:05:04,632] INFO: oke (3/2014): Updated existing record with 17 non-zero financial metrics
[2025-03-22 04:05:04,658] INFO: oke (6/2014): Updated existing record with 14 non-zero financial metrics
[2025-03-22 04:05:04,685] INFO: oke (9/2014): Updated existing record with 14 non-zero financial metrics
[2025-03-22 04:05:04,698] WARNING: oke (12/2014): Found zero values for fields: Share Repurchases
[2025-03-22 04:05:04,711] INFO: oke (12/2014): Updated existing record with 17 non-zero financial metrics
[2025-03-22 04:05:04,740] INFO: oke (3/2015): Updated existing record with 17 non-zero financial metrics
[2025-03-22 04:05:04,766] INFO: oke (6/2015): Updated existing record with 14 non-zero financial metrics
[2025-03-22 04:05:04,792] INFO: oke (9/2015): Updated existing record with 14 non-zero financial metrics
[2025-03-22 04:05:04,819] INFO: oke (12/2015): Updated existing record with 17 non-zero financial metrics
[2025-03-22 04:05:04,846] INFO: oke (3/2016): Updated existing record with 16 non-zero financial metrics
[2025-03-22 04:05:04,872] INFO: oke (6/2016): Updated existing record with 13 non-zero financial metrics
[2025-03-22 04:05:04,900] INFO: oke (9/2016): Updated existing record with 13 non-zero financial metrics
[2025-03-22 04:05:04,930] INFO: oke (12/2016): Updated existing record with 17 non-zero financial metrics
[2025-03-22 04:05:04,956] INFO: oke (3/2017): Updated existing record with 16 non-zero financial metrics
[2025-03-22 04:05:04,982] INFO: oke (6/2017): Updated existing record with 13 non-zero financial metrics
[2025-03-22 04:05:03,610] INFO: oke (9/2017): Updated existing record with 13 non-zero financial metrics
[2025-03-22 04:05:03,636] INFO: oke (12/2017): Updated existing record with 17 non-zero financial metrics
[2025-03-22 04:05:03,665] INFO: oke (3/2018): Updated existing record with 18 non-zero financial metrics
[2025-03-22 04:05:03,692] INFO: oke (6/2018): Updated existing record with 15 non-zero financial metrics
[2025-03-22 04:05:03,719] INFO: oke (9/2018): Updated existing record with 15 non-zero financial metrics
[2025-03-22 04:05:03,746] INFO: oke (12/2018): Updated existing record with 19 non-zero financial metrics
[2025-03-22 04:05:03,772] INFO: oke (3/2019): Updated existing record with 17 non-zero financial metrics
[2025-03-22 04:05:03,799] INFO: oke (6/2019): Updated existing record with 14 non-zero financial metrics
[2025-03-22 04:05:03,825] INFO: oke (9/2019): Updated existing record with 14 non-zero financial metrics
[2025-03-22 04:05:03,855] INFO: oke (12/2019): Updated existing record with 18 non-zero financial metrics
[2025-03-22 04:05:03,881] INFO: oke (3/2020): Updated existing record with 18 non-zero financial metrics
[2025-03-22 04:05:03,908] INFO: oke (6/2020): Updated existing record with 15 non-zero financial metrics
[2025-03-22 04:05:03,936] INFO: oke (9/2020): Updated existing record with 15 non-zero financial metrics
[2025-03-22 04:05:03,962] INFO: oke (12/2020): Updated existing record with 18 non-zero financial metrics
[2025-03-22 04:05:03,988] INFO: oke (3/2021): Updated existing record with 17 non-zero financial metrics
[2025-03-22 04:05:04,016] INFO: oke (6/2021): Updated existing record with 14 non-zero financial metrics
[2025-03-22 04:05:04,045] INFO: oke (9/2021): Updated existing record with 14 non-zero financial metrics
[2025-03-22 04:05:04,071] INFO: oke (12/2021): Updated existing record with 18 non-zero financial metrics
[2025-03-22 04:05:04,097] INFO: oke (3/2022): Updated existing record with 17 non-zero financial metrics
[2025-03-22 04:05:04,124] INFO: oke (6/2022): Updated existing record with 14 non-zero financial metrics
[2025-03-22 04:05:04,149] INFO: oke (9/2022): Updated existing record with 14 non-zero financial metrics
[2025-03-22 04:05:04,175] INFO: oke (12/2022): Updated existing record with 18 non-zero financial metrics
[2025-03-22 04:05:04,200] INFO: oke (3/2023): Updated existing record with 16 non-zero financial metrics
[2025-03-22 04:05:04,227] INFO: oke (6/2023): Updated existing record with 13 non-zero financial metrics
[2025-03-22 04:05:04,253] INFO: oke (9/2023): Updated existing record with 15 non-zero financial metrics
[2025-03-22 04:05:04,280] INFO: oke (12/2023): Updated existing record with 18 non-zero financial metrics
[2025-03-22 04:05:04,306] INFO: oke (3/2024): Updated existing record with 18 non-zero financial metrics
[2025-03-22 04:05:04,334] INFO: oke (6/2024): Updated existing record with 13 non-zero financial metrics
[2025-03-22 04:05:04,360] INFO: oke (9/2024): Updated existing record with 13 non-zero financial metrics
[2025-03-22 04:05:04,374] INFO: Trying adjusted date: 1/2025 (original: 12/2024)
[2025-03-22 04:05:04,386] WARNING: oke (12/2024): No existing record found(12/2024, 2024-12-31) - creating new one
[2025-03-22 04:05:04,387] INFO: oke (12/2024): Created new record with 17 non-zero financial metrics
