[2025-03-22 10:13:07,422] INFO: okta (4/2017): Updated existing record with 17 non-zero financial metrics
[2025-03-22 10:13:07,463] INFO: okta (7/2017): Updated existing record with 13 non-zero financial metrics
[2025-03-22 10:13:07,492] INFO: okta (10/2017): Updated existing record with 13 non-zero financial metrics
[2025-03-22 10:13:07,524] INFO: okta (1/2018): Updated existing record with 17 non-zero financial metrics
[2025-03-22 10:13:07,554] INFO: okta (4/2018): Updated existing record with 18 non-zero financial metrics
[2025-03-22 10:13:07,586] INFO: okta (7/2018): Updated existing record with 13 non-zero financial metrics
[2025-03-22 10:13:07,616] INFO: okta (10/2018): Updated existing record with 15 non-zero financial metrics
[2025-03-22 10:13:07,646] INFO: okta (1/2019): Updated existing record with 20 non-zero financial metrics
[2025-03-22 10:13:07,676] INFO: okta (4/2019): Updated existing record with 20 non-zero financial metrics
[2025-03-22 10:13:07,706] INFO: okta (7/2019): Updated existing record with 16 non-zero financial metrics
[2025-03-22 10:13:07,734] INFO: okta (10/2019): Updated existing record with 16 non-zero financial metrics
[2025-03-22 10:13:07,767] INFO: okta (1/2020): Updated existing record with 20 non-zero financial metrics
[2025-03-22 10:13:07,796] INFO: okta (4/2020): Updated existing record with 20 non-zero financial metrics
[2025-03-22 10:13:07,825] INFO: okta (7/2020): Updated existing record with 16 non-zero financial metrics
[2025-03-22 10:13:07,854] INFO: okta (10/2020): Updated existing record with 16 non-zero financial metrics
[2025-03-22 10:13:07,885] INFO: okta (1/2021): Updated existing record with 20 non-zero financial metrics
[2025-03-22 10:13:07,914] INFO: okta (4/2021): Updated existing record with 21 non-zero financial metrics
[2025-03-22 10:13:07,943] INFO: okta (7/2021): Updated existing record with 17 non-zero financial metrics
[2025-03-22 10:13:07,972] INFO: okta (10/2021): Updated existing record with 17 non-zero financial metrics
[2025-03-22 10:13:08,000] INFO: okta (1/2022): Updated existing record with 21 non-zero financial metrics
[2025-03-22 10:13:08,029] INFO: okta (4/2022): Updated existing record with 21 non-zero financial metrics
[2025-03-22 10:13:08,057] INFO: okta (7/2022): Updated existing record with 17 non-zero financial metrics
[2025-03-22 10:13:08,089] INFO: okta (10/2022): Updated existing record with 17 non-zero financial metrics
[2025-03-22 10:13:08,124] INFO: okta (1/2023): Updated existing record with 21 non-zero financial metrics
[2025-03-22 10:13:08,139] WARNING: okta (4/2023): Found zero values for fields: Capital Expenditures
[2025-03-22 10:13:08,152] INFO: okta (4/2023): Updated existing record with 20 non-zero financial metrics
[2025-03-22 10:13:08,182] INFO: okta (7/2023): Updated existing record with 17 non-zero financial metrics
[2025-03-22 10:13:08,212] INFO: okta (10/2023): Updated existing record with 17 non-zero financial metrics
[2025-03-22 10:13:08,243] INFO: okta (1/2024): Updated existing record with 21 non-zero financial metrics
[2025-03-22 10:13:08,275] INFO: okta (4/2024): Updated existing record with 21 non-zero financial metrics
[2025-03-22 10:13:08,303] INFO: okta (7/2024): Updated existing record with 16 non-zero financial metrics
[2025-03-22 10:13:08,319] WARNING: okta (10/2024): Found zero values for fields: EPS Diluted
[2025-03-22 10:13:08,332] INFO: okta (10/2024): Updated existing record with 15 non-zero financial metrics
[2025-03-22 10:13:08,348] INFO: Trying adjusted date: 2/2025 (original: 1/2025)
[2025-03-22 10:13:08,362] WARNING: okta (1/2025): No existing record found(1/2025, 2025-01-31) - creating new one
[2025-03-22 10:13:08,362] INFO: okta (1/2025): Created new record with 20 non-zero financial metrics
