[2025-03-22 03:48:54,153] INFO: Trying adjusted date: 6/2010 (original: 7/2010)
[2025-03-22 03:48:54,165] WARNING: on (7/2010): No existing record found(7/2010, 2010-07-02) - creating new one
[2025-03-22 03:48:54,166] INFO: on (7/2010): Created new record with 16 non-zero financial metrics
[2025-03-22 03:48:54,179] INFO: Trying adjusted date: 9/2010 (original: 10/2010)
[2025-03-22 03:48:54,191] WARNING: on (10/2010): No existing record found(10/2010, 2010-10-01) - creating new one
[2025-03-22 03:48:54,192] INFO: on (10/2010): Created new record with 16 non-zero financial metrics
[2025-03-22 03:48:54,208] INFO: Trying adjusted date: 1/2011 (original: 12/2010)
[2025-03-22 03:48:54,224] WARNING: on (12/2010): No existing record found(12/2010, 2010-12-31) - creating new one
[2025-03-22 03:48:54,225] INFO: on (12/2010): Created new record with 21 non-zero financial metrics
[2025-03-22 03:48:54,238] INFO: Trying adjusted date: 3/2011 (original: 4/2011)
[2025-03-22 03:48:54,250] WARNING: on (4/2011): No existing record found(4/2011, 2011-04-01) - creating new one
[2025-03-22 03:48:54,251] INFO: on (4/2011): Created new record with 21 non-zero financial metrics
[2025-03-22 03:48:54,267] INFO: Trying adjusted date: 6/2011 (original: 7/2011)
[2025-03-22 03:48:54,282] WARNING: on (7/2011): No existing record found(7/2011, 2011-07-01) - creating new one
[2025-03-22 03:48:54,282] INFO: on (7/2011): Created new record with 19 non-zero financial metrics
[2025-03-22 03:48:54,301] INFO: Trying adjusted date: 10/2011 (original: 9/2011)
[2025-03-22 03:48:54,313] WARNING: on (9/2011): No existing record found(9/2011, 2011-09-30) - creating new one
[2025-03-22 03:48:54,313] INFO: on (9/2011): Created new record with 19 non-zero financial metrics
[2025-03-22 03:48:54,327] INFO: Trying adjusted date: 1/2012 (original: 12/2011)
[2025-03-22 03:48:54,339] WARNING: on (12/2011): No existing record found(12/2011, 2011-12-31) - creating new one
[2025-03-22 03:48:54,340] INFO: on (12/2011): Created new record with 24 non-zero financial metrics
[2025-03-22 03:48:54,357] INFO: Trying adjusted date: 4/2012 (original: 3/2012)
[2025-03-22 03:48:54,369] WARNING: on (3/2012): No existing record found(3/2012, 2012-03-30) - creating new one
[2025-03-22 03:48:54,369] INFO: on (3/2012): Created new record with 24 non-zero financial metrics
[2025-03-22 03:48:54,383] INFO: Trying adjusted date: 7/2012 (original: 6/2012)
[2025-03-22 03:48:54,396] WARNING: on (6/2012): No existing record found(6/2012, 2012-06-29) - creating new one
[2025-03-22 03:48:54,397] INFO: on (6/2012): Created new record with 19 non-zero financial metrics
[2025-03-22 03:48:54,411] INFO: Trying adjusted date: 10/2012 (original: 9/2012)
[2025-03-22 03:48:54,424] WARNING: on (9/2012): No existing record found(9/2012, 2012-09-28) - creating new one
[2025-03-22 03:48:54,424] INFO: on (9/2012): Created new record with 19 non-zero financial metrics
[2025-03-22 03:48:54,437] INFO: Trying adjusted date: 1/2013 (original: 12/2012)
[2025-03-22 03:48:54,450] WARNING: on (12/2012): No existing record found(12/2012, 2012-12-31) - creating new one
[2025-03-22 03:48:54,451] INFO: on (12/2012): Created new record with 24 non-zero financial metrics
[2025-03-22 03:48:54,466] INFO: Trying adjusted date: 4/2013 (original: 3/2013)
[2025-03-22 03:48:54,479] WARNING: on (3/2013): No existing record found(3/2013, 2013-03-29) - creating new one
[2025-03-22 03:48:54,480] INFO: on (3/2013): Created new record with 23 non-zero financial metrics
[2025-03-22 03:48:54,494] INFO: Trying adjusted date: 7/2013 (original: 6/2013)
[2025-03-22 03:48:54,505] WARNING: on (6/2013): No existing record found(6/2013, 2013-06-28) - creating new one
[2025-03-22 03:48:54,506] INFO: on (6/2013): Created new record with 19 non-zero financial metrics
[2025-03-22 03:48:54,519] INFO: Trying adjusted date: 10/2013 (original: 9/2013)
[2025-03-22 03:48:54,532] WARNING: on (9/2013): No existing record found(9/2013, 2013-09-27) - creating new one
[2025-03-22 03:48:54,533] INFO: on (9/2013): Created new record with 19 non-zero financial metrics
[2025-03-22 03:48:54,546] INFO: Trying adjusted date: 1/2014 (original: 12/2013)
[2025-03-22 03:48:54,559] WARNING: on (12/2013): No existing record found(12/2013, 2013-12-31) - creating new one
[2025-03-22 03:48:54,559] INFO: on (12/2013): Created new record with 24 non-zero financial metrics
[2025-03-22 03:48:54,573] INFO: Trying adjusted date: 4/2014 (original: 3/2014)
[2025-03-22 03:48:54,584] WARNING: on (3/2014): No existing record found(3/2014, 2014-03-28) - creating new one
[2025-03-22 03:48:54,585] INFO: on (3/2014): Created new record with 24 non-zero financial metrics
[2025-03-22 03:48:54,599] INFO: Trying adjusted date: 7/2014 (original: 6/2014)
[2025-03-22 03:48:54,611] WARNING: on (6/2014): No existing record found(6/2014, 2014-06-27) - creating new one
[2025-03-22 03:48:54,612] INFO: on (6/2014): Created new record with 19 non-zero financial metrics
[2025-03-22 03:48:54,625] INFO: Trying adjusted date: 10/2014 (original: 9/2014)
[2025-03-22 03:48:54,638] WARNING: on (9/2014): No existing record found(9/2014, 2014-09-26) - creating new one
[2025-03-22 03:48:54,638] INFO: on (9/2014): Created new record with 19 non-zero financial metrics
[2025-03-22 03:48:54,652] INFO: Trying adjusted date: 1/2015 (original: 12/2014)
[2025-03-22 03:48:54,665] WARNING: on (12/2014): No existing record found(12/2014, 2014-12-31) - creating new one
[2025-03-22 03:48:54,665] INFO: on (12/2014): Created new record with 24 non-zero financial metrics
[2025-03-22 03:48:54,679] INFO: Trying adjusted date: 3/2015 (original: 4/2015)
[2025-03-22 03:48:54,690] INFO: Found existing row with adjusted date: 3/2015
[2025-03-22 03:48:54,703] INFO: on (3/2015): Updated existing record with 24 non-zero financial metrics
[2025-03-22 03:48:54,716] INFO: Trying adjusted date: 6/2015 (original: 7/2015)
[2025-03-22 03:48:54,728] INFO: Found existing row with adjusted date: 6/2015
[2025-03-22 03:48:54,741] INFO: on (6/2015): Updated existing record with 19 non-zero financial metrics
[2025-03-22 03:48:54,754] INFO: Trying adjusted date: 9/2015 (original: 10/2015)
[2025-03-22 03:48:54,766] INFO: Found existing row with adjusted date: 9/2015
[2025-03-22 03:48:54,778] INFO: on (9/2015): Updated existing record with 19 non-zero financial metrics
[2025-03-22 03:48:54,804] INFO: on (12/2015): Updated existing record with 24 non-zero financial metrics
[2025-03-22 03:48:54,818] INFO: Trying adjusted date: 3/2016 (original: 4/2016)
[2025-03-22 03:48:54,830] INFO: Found existing row with adjusted date: 3/2016
[2025-03-22 03:48:54,830] WARNING: on (3/2016): Found zero values for fields: Share Repurchases
[2025-03-22 03:48:54,843] INFO: on (3/2016): Updated existing record with 22 non-zero financial metrics
[2025-03-22 03:48:54,857] INFO: Trying adjusted date: 6/2016 (original: 7/2016)
[2025-03-22 03:48:54,869] INFO: Found existing row with adjusted date: 6/2016
[2025-03-22 03:48:54,881] INFO: on (6/2016): Updated existing record with 18 non-zero financial metrics
[2025-03-22 03:48:54,906] INFO: on (9/2016): Updated existing record with 18 non-zero financial metrics
[2025-03-22 03:48:54,920] WARNING: on (12/2016): Found zero values for fields: Share Repurchases
[2025-03-22 03:48:54,932] INFO: on (12/2016): Updated existing record with 23 non-zero financial metrics
[2025-03-22 03:48:54,958] INFO: on (3/2017): Updated existing record with 23 non-zero financial metrics
[2025-03-22 03:48:54,983] INFO: on (6/2017): Updated existing record with 18 non-zero financial metrics
[2025-03-22 03:48:55,012] INFO: on (9/2017): Updated existing record with 18 non-zero financial metrics
[2025-03-22 03:48:55,037] INFO: on (12/2017): Updated existing record with 24 non-zero financial metrics
[2025-03-22 03:48:55,052] WARNING: on (3/2018): Found zero values for fields: Share Repurchases
[2025-03-22 03:48:55,064] INFO: on (3/2018): Updated existing record with 22 non-zero financial metrics
[2025-03-22 03:48:55,089] INFO: on (6/2018): Updated existing record with 18 non-zero financial metrics
[2025-03-22 03:48:55,116] INFO: on (9/2018): Updated existing record with 18 non-zero financial metrics
[2025-03-22 03:48:55,143] INFO: on (12/2018): Updated existing record with 22 non-zero financial metrics
[2025-03-22 03:48:55,169] INFO: on (3/2019): Updated existing record with 22 non-zero financial metrics
[2025-03-22 03:48:55,195] INFO: on (6/2019): Updated existing record with 17 non-zero financial metrics
[2025-03-22 03:48:55,221] INFO: on (9/2019): Updated existing record with 17 non-zero financial metrics
[2025-03-22 03:48:55,249] INFO: on (12/2019): Updated existing record with 22 non-zero financial metrics
[2025-03-22 03:48:55,262] INFO: Trying adjusted date: 3/2020 (original: 4/2020)
[2025-03-22 03:48:55,274] INFO: Found existing row with adjusted date: 3/2020
[2025-03-22 03:48:55,287] INFO: on (3/2020): Updated existing record with 22 non-zero financial metrics
[2025-03-22 03:48:55,300] INFO: Trying adjusted date: 6/2020 (original: 7/2020)
[2025-03-22 03:48:55,312] INFO: Found existing row with adjusted date: 6/2020
[2025-03-22 03:48:55,312] WARNING: on (6/2020): Found zero values for fields: EPS Diluted
[2025-03-22 03:48:55,325] INFO: on (6/2020): Updated existing record with 16 non-zero financial metrics
[2025-03-22 03:48:55,339] INFO: Trying adjusted date: 9/2020 (original: 10/2020)
[2025-03-22 03:48:55,351] INFO: Found existing row with adjusted date: 9/2020
[2025-03-22 03:48:55,363] INFO: on (9/2020): Updated existing record with 17 non-zero financial metrics
[2025-03-22 03:48:55,389] INFO: on (12/2020): Updated existing record with 22 non-zero financial metrics
[2025-03-22 03:48:55,403] INFO: Trying adjusted date: 3/2021 (original: 4/2021)
[2025-03-22 03:48:55,415] INFO: Found existing row with adjusted date: 3/2021
[2025-03-22 03:48:55,415] WARNING: on (3/2021): Found zero values for fields: Share Repurchases
[2025-03-22 03:48:55,429] INFO: on (3/2021): Updated existing record with 21 non-zero financial metrics
[2025-03-22 03:48:55,442] INFO: Trying adjusted date: 6/2021 (original: 7/2021)
[2025-03-22 03:48:55,454] INFO: Found existing row with adjusted date: 6/2021
[2025-03-22 03:48:55,465] INFO: on (6/2021): Updated existing record with 17 non-zero financial metrics
[2025-03-22 03:48:55,478] INFO: Trying adjusted date: 9/2021 (original: 10/2021)
[2025-03-22 03:48:55,490] INFO: Found existing row with adjusted date: 9/2021
[2025-03-22 03:48:55,502] INFO: on (9/2021): Updated existing record with 17 non-zero financial metrics
[2025-03-22 03:48:55,515] WARNING: on (12/2021): Found zero values for fields: Share Repurchases
[2025-03-22 03:48:55,528] INFO: on (12/2021): Updated existing record with 21 non-zero financial metrics
[2025-03-22 03:48:55,542] INFO: Trying adjusted date: 3/2022 (original: 4/2022)
[2025-03-22 03:48:55,555] INFO: Found existing row with adjusted date: 3/2022
[2025-03-22 03:48:55,567] INFO: on (3/2022): Updated existing record with 21 non-zero financial metrics
[2025-03-22 03:48:55,581] INFO: Trying adjusted date: 6/2022 (original: 7/2022)
[2025-03-22 03:48:55,593] INFO: Found existing row with adjusted date: 6/2022
[2025-03-22 03:48:55,606] INFO: on (6/2022): Updated existing record with 17 non-zero financial metrics
[2025-03-22 03:48:55,632] INFO: on (9/2022): Updated existing record with 17 non-zero financial metrics
[2025-03-22 03:48:55,657] INFO: on (12/2022): Updated existing record with 22 non-zero financial metrics
[2025-03-22 03:48:55,683] INFO: on (3/2023): Updated existing record with 23 non-zero financial metrics
[2025-03-22 03:48:55,709] INFO: on (6/2023): Updated existing record with 18 non-zero financial metrics
[2025-03-22 03:48:55,734] INFO: on (9/2023): Updated existing record with 18 non-zero financial metrics
[2025-03-22 03:48:55,760] INFO: on (12/2023): Updated existing record with 22 non-zero financial metrics
[2025-03-22 03:48:55,785] INFO: on (3/2024): Updated existing record with 22 non-zero financial metrics
[2025-03-22 03:48:55,811] INFO: on (6/2024): Updated existing record with 17 non-zero financial metrics
[2025-03-22 03:48:55,837] INFO: on (9/2024): Updated existing record with 17 non-zero financial metrics
[2025-03-22 03:48:55,850] INFO: Trying adjusted date: 1/2025 (original: 12/2024)
[2025-03-22 03:48:55,862] WARNING: on (12/2024): No existing record found(12/2024, 2024-12-31) - creating new one
[2025-03-22 03:48:55,863] INFO: on (12/2024): Created new record with 22 non-zero financial metrics
