[2025-03-22 15:32:42,553] INFO: Trying adjusted date: 7/2010 (original: 6/2010)
[2025-03-22 15:32:42,567] WARNING: ora (6/2010): No existing record found(6/2010, 2010-06-30) - creating new one
[2025-03-22 15:32:42,568] INFO: ora (6/2010): Created new record with 16 non-zero financial metrics
[2025-03-22 15:32:42,596] INFO: Trying adjusted date: 10/2010 (original: 9/2010)
[2025-03-22 15:32:42,611] WARNING: ora (9/2010): No existing record found(9/2010, 2010-09-30) - creating new one
[2025-03-22 15:32:42,611] INFO: ora (9/2010): Created new record with 16 non-zero financial metrics
[2025-03-22 15:32:42,626] INFO: Trying adjusted date: 1/2011 (original: 12/2010)
[2025-03-22 15:32:42,641] WARNING: ora (12/2010): No existing record found(12/2010, 2010-12-31) - creating new one
[2025-03-22 15:32:42,641] INFO: ora (12/2010): Created new record with 19 non-zero financial metrics
[2025-03-22 15:32:42,657] INFO: Trying adjusted date: 4/2011 (original: 3/2011)
[2025-03-22 15:32:42,672] WARNING: ora (3/2011): No existing record found(3/2011, 2011-03-31) - creating new one
[2025-03-22 15:32:42,672] INFO: ora (3/2011): Created new record with 18 non-zero financial metrics
[2025-03-22 15:32:42,688] INFO: Trying adjusted date: 7/2011 (original: 6/2011)
[2025-03-22 15:32:42,704] WARNING: ora (6/2011): No existing record found(6/2011, 2011-06-30) - creating new one
[2025-03-22 15:32:42,704] INFO: ora (6/2011): Created new record with 16 non-zero financial metrics
[2025-03-22 15:32:42,721] INFO: Trying adjusted date: 10/2011 (original: 9/2011)
[2025-03-22 15:32:42,736] WARNING: ora (9/2011): No existing record found(9/2011, 2011-09-30) - creating new one
[2025-03-22 15:32:42,736] INFO: ora (9/2011): Created new record with 16 non-zero financial metrics
[2025-03-22 15:32:42,753] INFO: Trying adjusted date: 1/2012 (original: 12/2011)
[2025-03-22 15:32:42,768] WARNING: ora (12/2011): No existing record found(12/2011, 2011-12-31) - creating new one
[2025-03-22 15:32:42,768] INFO: ora (12/2011): Created new record with 21 non-zero financial metrics
[2025-03-22 15:32:42,784] INFO: Trying adjusted date: 4/2012 (original: 3/2012)
[2025-03-22 15:32:42,798] WARNING: ora (3/2012): No existing record found(3/2012, 2012-03-31) - creating new one
[2025-03-22 15:32:42,799] INFO: ora (3/2012): Created new record with 19 non-zero financial metrics
[2025-03-22 15:32:42,815] INFO: Trying adjusted date: 7/2012 (original: 6/2012)
[2025-03-22 15:32:42,829] WARNING: ora (6/2012): No existing record found(6/2012, 2012-06-30) - creating new one
[2025-03-22 15:32:42,829] INFO: ora (6/2012): Created new record with 16 non-zero financial metrics
[2025-03-22 15:32:42,858] INFO: ora (9/2012): Updated existing record with 16 non-zero financial metrics
[2025-03-22 15:32:42,888] INFO: ora (12/2012): Updated existing record with 21 non-zero financial metrics
[2025-03-22 15:32:42,920] INFO: ora (3/2013): Updated existing record with 19 non-zero financial metrics
[2025-03-22 15:32:42,952] INFO: ora (6/2013): Updated existing record with 17 non-zero financial metrics
[2025-03-22 15:32:42,982] INFO: ora (9/2013): Updated existing record with 18 non-zero financial metrics
[2025-03-22 15:32:43,013] INFO: ora (12/2013): Updated existing record with 23 non-zero financial metrics
[2025-03-22 15:32:43,044] INFO: ora (3/2014): Updated existing record with 20 non-zero financial metrics
[2025-03-22 15:32:43,073] INFO: ora (6/2014): Updated existing record with 17 non-zero financial metrics
[2025-03-22 15:32:43,106] INFO: ora (9/2014): Updated existing record with 18 non-zero financial metrics
[2025-03-22 15:32:43,137] INFO: ora (12/2014): Updated existing record with 23 non-zero financial metrics
[2025-03-22 15:32:43,168] INFO: ora (3/2015): Updated existing record with 20 non-zero financial metrics
[2025-03-22 15:32:43,198] INFO: ora (6/2015): Updated existing record with 18 non-zero financial metrics
[2025-03-22 15:32:43,229] INFO: ora (9/2015): Updated existing record with 18 non-zero financial metrics
[2025-03-22 15:32:43,259] INFO: ora (12/2015): Updated existing record with 23 non-zero financial metrics
[2025-03-22 15:32:43,290] INFO: ora (3/2016): Updated existing record with 21 non-zero financial metrics
[2025-03-22 15:32:43,321] INFO: ora (6/2016): Updated existing record with 18 non-zero financial metrics
[2025-03-22 15:32:43,354] INFO: ora (9/2016): Updated existing record with 19 non-zero financial metrics
[2025-03-22 15:32:43,384] INFO: ora (12/2016): Updated existing record with 24 non-zero financial metrics
[2025-03-22 15:32:43,416] INFO: ora (3/2017): Updated existing record with 22 non-zero financial metrics
[2025-03-22 15:32:43,446] INFO: ora (6/2017): Updated existing record with 19 non-zero financial metrics
[2025-03-22 15:32:43,475] INFO: ora (9/2017): Updated existing record with 18 non-zero financial metrics
[2025-03-22 15:32:43,506] INFO: ora (12/2017): Updated existing record with 24 non-zero financial metrics
[2025-03-22 15:32:43,537] INFO: ora (3/2018): Updated existing record with 24 non-zero financial metrics
[2025-03-22 15:32:43,569] INFO: ora (6/2018): Updated existing record with 21 non-zero financial metrics
[2025-03-22 15:32:43,601] INFO: ora (9/2018): Updated existing record with 21 non-zero financial metrics
[2025-03-22 15:32:43,634] INFO: ora (12/2018): Updated existing record with 25 non-zero financial metrics
[2025-03-22 15:32:43,666] INFO: ora (3/2019): Updated existing record with 23 non-zero financial metrics
[2025-03-22 15:32:43,698] INFO: ora (6/2019): Updated existing record with 20 non-zero financial metrics
[2025-03-22 15:32:43,730] INFO: ora (9/2019): Updated existing record with 19 non-zero financial metrics
[2025-03-22 15:32:43,762] INFO: ora (12/2019): Updated existing record with 23 non-zero financial metrics
[2025-03-22 15:32:43,794] INFO: ora (3/2020): Updated existing record with 22 non-zero financial metrics
[2025-03-22 15:32:43,827] INFO: ora (6/2020): Updated existing record with 18 non-zero financial metrics
[2025-03-22 15:32:43,859] INFO: ora (9/2020): Updated existing record with 18 non-zero financial metrics
[2025-03-22 15:32:43,890] INFO: ora (12/2020): Updated existing record with 23 non-zero financial metrics
[2025-03-22 15:32:43,921] INFO: ora (3/2021): Updated existing record with 22 non-zero financial metrics
[2025-03-22 15:32:43,952] INFO: ora (6/2021): Updated existing record with 18 non-zero financial metrics
[2025-03-22 15:32:43,983] INFO: ora (9/2021): Updated existing record with 18 non-zero financial metrics
[2025-03-22 15:32:44,014] INFO: ora (12/2021): Updated existing record with 23 non-zero financial metrics
[2025-03-22 15:32:44,045] INFO: ora (3/2022): Updated existing record with 22 non-zero financial metrics
[2025-03-22 15:32:44,078] INFO: ora (6/2022): Updated existing record with 19 non-zero financial metrics
[2025-03-22 15:32:44,109] INFO: ora (9/2022): Updated existing record with 18 non-zero financial metrics
[2025-03-22 15:32:44,140] INFO: ora (12/2022): Updated existing record with 24 non-zero financial metrics
[2025-03-22 15:32:44,173] INFO: ora (3/2023): Updated existing record with 22 non-zero financial metrics
[2025-03-22 15:32:44,204] INFO: ora (6/2023): Updated existing record with 18 non-zero financial metrics
[2025-03-22 15:32:44,234] INFO: ora (9/2023): Updated existing record with 18 non-zero financial metrics
[2025-03-22 15:32:44,250] WARNING: ora (12/2023): Found zero values for fields: Share Repurchases
[2025-03-22 15:32:44,265] INFO: ora (12/2023): Updated existing record with 23 non-zero financial metrics
[2025-03-22 15:32:44,297] INFO: ora (3/2024): Updated existing record with 22 non-zero financial metrics
[2025-03-22 15:32:44,328] INFO: ora (6/2024): Updated existing record with 17 non-zero financial metrics
[2025-03-22 15:32:44,359] INFO: ora (9/2024): Updated existing record with 17 non-zero financial metrics
[2025-03-22 15:32:44,375] INFO: Trying adjusted date: 1/2025 (original: 12/2024)
[2025-03-22 15:32:44,389] WARNING: ora (12/2024): Found zero values for fields: Share Repurchases
[2025-03-22 15:32:44,389] WARNING: ora (12/2024): No existing record found(12/2024, 2024-12-31) - creating new one
[2025-03-22 15:32:44,390] INFO: ora (12/2024): Created new record with 22 non-zero financial metrics
