[2025-03-22 13:11:37,906] INFO: Trying adjusted date: 1/2011 (original: 12/2010)
[2025-03-22 13:11:37,919] WARNING: ori (12/2010): Found zero values for fields: Share Repurchases
[2025-03-22 13:11:37,919] WARNING: ori (12/2010): No existing record found(12/2010, 2010-12-31) - creating new one
[2025-03-22 13:11:37,920] INFO: ori (12/2010): Created new record with 9 non-zero financial metrics
[2025-03-22 13:11:37,948] INFO: Trying adjusted date: 4/2011 (original: 3/2011)
[2025-03-22 13:11:37,963] WARNING: ori (3/2011): No existing record found(3/2011, 2011-03-31) - creating new one
[2025-03-22 13:11:37,963] INFO: ori (3/2011): Created new record with 7 non-zero financial metrics
[2025-03-22 13:11:37,979] INFO: Trying adjusted date: 10/2011 (original: 9/2011)
[2025-03-22 13:11:37,994] WARNING: ori (9/2011): No existing record found(9/2011, 2011-09-30) - creating new one
[2025-03-22 13:11:37,994] INFO: ori (9/2011): Created new record with 6 non-zero financial metrics
[2025-03-22 13:11:38,010] INFO: Trying adjusted date: 1/2012 (original: 12/2011)
[2025-03-22 13:11:38,024] WARNING: ori (12/2011): No existing record found(12/2011, 2011-12-31) - creating new one
[2025-03-22 13:11:38,025] INFO: ori (12/2011): Created new record with 11 non-zero financial metrics
[2025-03-22 13:11:38,040] INFO: Trying adjusted date: 4/2012 (original: 3/2012)
[2025-03-22 13:11:38,054] WARNING: ori (3/2012): Found zero values for fields: EPS Diluted
[2025-03-22 13:11:38,055] WARNING: ori (3/2012): No existing record found(3/2012, 2012-03-31) - creating new one
[2025-03-22 13:11:38,055] INFO: ori (3/2012): Created new record with 8 non-zero financial metrics
[2025-03-22 13:11:38,071] INFO: Trying adjusted date: 7/2012 (original: 6/2012)
[2025-03-22 13:11:38,084] WARNING: ori (6/2012): No existing record found(6/2012, 2012-06-30) - creating new one
[2025-03-22 13:11:38,084] INFO: ori (6/2012): Created new record with 6 non-zero financial metrics
[2025-03-22 13:11:38,115] INFO: ori (9/2012): Updated existing record with 6 non-zero financial metrics
[2025-03-22 13:11:38,144] INFO: ori (12/2012): Updated existing record with 11 non-zero financial metrics
[2025-03-22 13:11:38,174] INFO: ori (3/2013): Updated existing record with 9 non-zero financial metrics
[2025-03-22 13:11:38,190] INFO: Trying adjusted date: 7/2013 (original: 6/2013)
[2025-03-22 13:11:38,204] WARNING: ori (6/2013): No existing record found(6/2013, 2013-06-30) - creating new one
[2025-03-22 13:11:38,204] INFO: ori (6/2013): Created new record with 6 non-zero financial metrics
[2025-03-22 13:11:38,235] INFO: ori (9/2013): Updated existing record with 6 non-zero financial metrics
[2025-03-22 13:11:38,265] INFO: ori (12/2013): Updated existing record with 11 non-zero financial metrics
[2025-03-22 13:11:38,295] INFO: ori (3/2014): Updated existing record with 9 non-zero financial metrics
[2025-03-22 13:11:38,325] INFO: ori (6/2014): Updated existing record with 6 non-zero financial metrics
[2025-03-22 13:11:38,356] INFO: ori (9/2014): Updated existing record with 6 non-zero financial metrics
[2025-03-22 13:11:38,385] INFO: ori (12/2014): Updated existing record with 11 non-zero financial metrics
[2025-03-22 13:11:38,418] INFO: ori (3/2015): Updated existing record with 9 non-zero financial metrics
[2025-03-22 13:11:38,448] INFO: ori (6/2015): Updated existing record with 6 non-zero financial metrics
[2025-03-22 13:11:38,478] INFO: ori (9/2015): Updated existing record with 6 non-zero financial metrics
[2025-03-22 13:11:38,509] INFO: ori (12/2015): Updated existing record with 11 non-zero financial metrics
[2025-03-22 13:11:38,539] INFO: ori (3/2016): Updated existing record with 9 non-zero financial metrics
[2025-03-22 13:11:38,568] INFO: ori (6/2016): Updated existing record with 6 non-zero financial metrics
[2025-03-22 13:11:38,599] INFO: ori (9/2016): Updated existing record with 6 non-zero financial metrics
[2025-03-22 13:11:38,630] INFO: ori (12/2016): Updated existing record with 11 non-zero financial metrics
[2025-03-22 13:11:38,662] INFO: ori (3/2017): Updated existing record with 9 non-zero financial metrics
[2025-03-22 13:11:38,692] INFO: ori (6/2017): Updated existing record with 6 non-zero financial metrics
[2025-03-22 13:11:38,721] INFO: ori (9/2017): Updated existing record with 6 non-zero financial metrics
[2025-03-22 13:11:38,751] INFO: ori (12/2017): Updated existing record with 11 non-zero financial metrics
[2025-03-22 13:11:38,781] INFO: ori (3/2018): Updated existing record with 9 non-zero financial metrics
[2025-03-22 13:11:38,810] INFO: ori (6/2018): Updated existing record with 6 non-zero financial metrics
[2025-03-22 13:11:38,839] INFO: ori (9/2018): Updated existing record with 6 non-zero financial metrics
[2025-03-22 13:11:38,869] INFO: ori (12/2018): Updated existing record with 11 non-zero financial metrics
[2025-03-22 13:11:38,900] INFO: ori (3/2019): Updated existing record with 9 non-zero financial metrics
[2025-03-22 13:11:38,930] INFO: ori (6/2019): Updated existing record with 6 non-zero financial metrics
[2025-03-22 13:11:38,960] INFO: ori (9/2019): Updated existing record with 6 non-zero financial metrics
[2025-03-22 13:11:38,990] INFO: ori (12/2019): Updated existing record with 11 non-zero financial metrics
[2025-03-22 13:11:39,020] INFO: ori (3/2020): Updated existing record with 9 non-zero financial metrics
[2025-03-22 13:11:39,049] INFO: ori (6/2020): Updated existing record with 6 non-zero financial metrics
[2025-03-22 13:11:39,081] INFO: ori (9/2020): Updated existing record with 6 non-zero financial metrics
[2025-03-22 13:11:39,112] INFO: ori (12/2020): Updated existing record with 11 non-zero financial metrics
[2025-03-22 13:11:39,142] INFO: ori (3/2021): Updated existing record with 9 non-zero financial metrics
[2025-03-22 13:11:39,173] INFO: ori (6/2021): Updated existing record with 6 non-zero financial metrics
[2025-03-22 13:11:39,201] INFO: ori (9/2021): Updated existing record with 6 non-zero financial metrics
[2025-03-22 13:11:39,230] INFO: ori (12/2021): Updated existing record with 11 non-zero financial metrics
[2025-03-22 13:11:39,262] INFO: ori (3/2022): Updated existing record with 10 non-zero financial metrics
[2025-03-22 13:11:39,293] INFO: ori (6/2022): Updated existing record with 7 non-zero financial metrics
[2025-03-22 13:11:39,322] INFO: ori (9/2022): Updated existing record with 7 non-zero financial metrics
[2025-03-22 13:11:39,352] INFO: ori (12/2022): Updated existing record with 12 non-zero financial metrics
[2025-03-22 13:11:39,382] INFO: ori (3/2023): Updated existing record with 11 non-zero financial metrics
[2025-03-22 13:11:39,416] INFO: ori (6/2023): Updated existing record with 7 non-zero financial metrics
[2025-03-22 13:11:39,449] INFO: ori (9/2023): Updated existing record with 7 non-zero financial metrics
[2025-03-22 13:11:39,481] INFO: ori (12/2023): Updated existing record with 12 non-zero financial metrics
[2025-03-22 13:11:39,512] INFO: ori (3/2024): Updated existing record with 11 non-zero financial metrics
[2025-03-22 13:11:39,542] INFO: ori (6/2024): Updated existing record with 7 non-zero financial metrics
[2025-03-22 13:11:39,573] INFO: ori (9/2024): Updated existing record with 7 non-zero financial metrics
[2025-03-22 13:11:39,603] INFO: ori (12/2024): Updated existing record with 13 non-zero financial metrics
