[2025-03-22 11:07:13,475] INFO: Trying adjusted date: 4/2010 (original: 3/2010)
[2025-03-22 11:07:13,488] WARNING: paa (3/2010): No existing record found(3/2010, 2010-03-31) - creating new one
[2025-03-22 11:07:13,489] INFO: paa (3/2010): Created new record with 13 non-zero financial metrics
[2025-03-22 11:07:13,506] INFO: Trying adjusted date: 7/2010 (original: 6/2010)
[2025-03-22 11:07:13,520] WARNING: paa (6/2010): No existing record found(6/2010, 2010-06-30) - creating new one
[2025-03-22 11:07:13,521] INFO: paa (6/2010): Created new record with 10 non-zero financial metrics
[2025-03-22 11:07:13,536] INFO: Trying adjusted date: 10/2010 (original: 9/2010)
[2025-03-22 11:07:13,550] WARNING: paa (9/2010): No existing record found(9/2010, 2010-09-30) - creating new one
[2025-03-22 11:07:13,550] INFO: paa (9/2010): Created new record with 10 non-zero financial metrics
[2025-03-22 11:07:13,565] INFO: Trying adjusted date: 1/2011 (original: 12/2010)
[2025-03-22 11:07:13,579] WARNING: paa (12/2010): No existing record found(12/2010, 2010-12-31) - creating new one
[2025-03-22 11:07:13,580] INFO: paa (12/2010): Created new record with 15 non-zero financial metrics
[2025-03-22 11:07:13,595] INFO: Trying adjusted date: 4/2011 (original: 3/2011)
[2025-03-22 11:07:13,608] WARNING: paa (3/2011): No existing record found(3/2011, 2011-03-31) - creating new one
[2025-03-22 11:07:13,609] INFO: paa (3/2011): Created new record with 14 non-zero financial metrics
[2025-03-22 11:07:13,626] INFO: Trying adjusted date: 7/2011 (original: 6/2011)
[2025-03-22 11:07:13,639] WARNING: paa (6/2011): No existing record found(6/2011, 2011-06-30) - creating new one
[2025-03-22 11:07:13,639] INFO: paa (6/2011): Created new record with 11 non-zero financial metrics
[2025-03-22 11:07:13,655] INFO: Trying adjusted date: 10/2011 (original: 9/2011)
[2025-03-22 11:07:13,670] WARNING: paa (9/2011): No existing record found(9/2011, 2011-09-30) - creating new one
[2025-03-22 11:07:13,670] INFO: paa (9/2011): Created new record with 11 non-zero financial metrics
[2025-03-22 11:07:13,685] INFO: Trying adjusted date: 1/2012 (original: 12/2011)
[2025-03-22 11:07:13,699] WARNING: paa (12/2011): No existing record found(12/2011, 2011-12-31) - creating new one
[2025-03-22 11:07:13,700] INFO: paa (12/2011): Created new record with 11 non-zero financial metrics
[2025-03-22 11:07:13,715] INFO: Trying adjusted date: 4/2012 (original: 3/2012)
[2025-03-22 11:07:13,729] WARNING: paa (3/2012): No existing record found(3/2012, 2012-03-31) - creating new one
[2025-03-22 11:07:13,729] INFO: paa (3/2012): Created new record with 11 non-zero financial metrics
[2025-03-22 11:07:13,745] INFO: Trying adjusted date: 7/2012 (original: 6/2012)
[2025-03-22 11:07:13,758] WARNING: paa (6/2012): No existing record found(6/2012, 2012-06-30) - creating new one
[2025-03-22 11:07:13,759] INFO: paa (6/2012): Created new record with 11 non-zero financial metrics
[2025-03-22 11:07:13,788] INFO: paa (9/2012): Updated existing record with 11 non-zero financial metrics
[2025-03-22 11:07:13,817] INFO: paa (12/2012): Updated existing record with 11 non-zero financial metrics
[2025-03-22 11:07:13,845] INFO: paa (3/2013): Updated existing record with 11 non-zero financial metrics
[2025-03-22 11:07:13,875] INFO: paa (6/2013): Updated existing record with 11 non-zero financial metrics
[2025-03-22 11:07:13,904] INFO: paa (9/2013): Updated existing record with 11 non-zero financial metrics
[2025-03-22 11:07:13,935] INFO: paa (12/2013): Updated existing record with 12 non-zero financial metrics
[2025-03-22 11:07:13,963] INFO: paa (3/2014): Updated existing record with 12 non-zero financial metrics
[2025-03-22 11:07:13,992] INFO: paa (6/2014): Updated existing record with 11 non-zero financial metrics
[2025-03-22 11:07:14,021] INFO: paa (9/2014): Updated existing record with 11 non-zero financial metrics
[2025-03-22 11:07:14,050] INFO: paa (12/2014): Updated existing record with 12 non-zero financial metrics
[2025-03-22 11:07:14,079] INFO: paa (3/2015): Updated existing record with 12 non-zero financial metrics
[2025-03-22 11:07:14,107] INFO: paa (6/2015): Updated existing record with 12 non-zero financial metrics
[2025-03-22 11:07:14,138] INFO: paa (9/2015): Updated existing record with 12 non-zero financial metrics
[2025-03-22 11:07:14,167] INFO: paa (12/2015): Updated existing record with 12 non-zero financial metrics
[2025-03-22 11:07:14,196] INFO: paa (3/2016): Updated existing record with 12 non-zero financial metrics
[2025-03-22 11:07:14,225] INFO: paa (6/2016): Updated existing record with 11 non-zero financial metrics
[2025-03-22 11:07:14,254] INFO: paa (9/2016): Updated existing record with 11 non-zero financial metrics
[2025-03-22 11:07:14,284] INFO: paa (12/2016): Updated existing record with 12 non-zero financial metrics
[2025-03-22 11:07:14,314] INFO: paa (3/2017): Updated existing record with 12 non-zero financial metrics
[2025-03-22 11:07:14,342] INFO: paa (6/2017): Updated existing record with 11 non-zero financial metrics
[2025-03-22 11:07:14,371] INFO: paa (9/2017): Updated existing record with 11 non-zero financial metrics
[2025-03-22 11:07:14,399] INFO: paa (12/2017): Updated existing record with 15 non-zero financial metrics
[2025-03-22 11:07:14,428] INFO: paa (3/2018): Updated existing record with 15 non-zero financial metrics
[2025-03-22 11:07:14,457] INFO: paa (6/2018): Updated existing record with 12 non-zero financial metrics
[2025-03-22 11:07:14,488] INFO: paa (9/2018): Updated existing record with 12 non-zero financial metrics
[2025-03-22 11:07:14,518] INFO: paa (12/2018): Updated existing record with 16 non-zero financial metrics
[2025-03-22 11:07:14,547] INFO: paa (3/2019): Updated existing record with 16 non-zero financial metrics
[2025-03-22 11:07:14,577] INFO: paa (6/2019): Updated existing record with 12 non-zero financial metrics
[2025-03-22 11:07:14,607] INFO: paa (9/2019): Updated existing record with 12 non-zero financial metrics
[2025-03-22 11:07:14,637] INFO: paa (12/2019): Updated existing record with 16 non-zero financial metrics
[2025-03-22 11:07:14,654] WARNING: paa (3/2020): Found zero values for fields: Goodwill
[2025-03-22 11:07:14,669] INFO: paa (3/2020): Updated existing record with 15 non-zero financial metrics
[2025-03-22 11:07:14,686] WARNING: paa (6/2020): Found zero values for fields: Goodwill
[2025-03-22 11:07:14,700] INFO: paa (6/2020): Updated existing record with 11 non-zero financial metrics
[2025-03-22 11:07:14,716] WARNING: paa (9/2020): Found zero values for fields: Goodwill
[2025-03-22 11:07:14,729] INFO: paa (9/2020): Updated existing record with 11 non-zero financial metrics
[2025-03-22 11:07:14,746] WARNING: paa (12/2020): Found zero values for fields: Goodwill
[2025-03-22 11:07:14,761] INFO: paa (12/2020): Updated existing record with 16 non-zero financial metrics
[2025-03-22 11:07:14,790] INFO: paa (3/2021): Updated existing record with 15 non-zero financial metrics
[2025-03-22 11:07:14,819] INFO: paa (6/2021): Updated existing record with 11 non-zero financial metrics
[2025-03-22 11:07:14,854] INFO: paa (9/2021): Updated existing record with 11 non-zero financial metrics
[2025-03-22 11:07:14,886] INFO: paa (12/2021): Updated existing record with 16 non-zero financial metrics
[2025-03-22 11:07:14,915] INFO: paa (3/2022): Updated existing record with 16 non-zero financial metrics
[2025-03-22 11:07:14,950] INFO: paa (6/2022): Updated existing record with 11 non-zero financial metrics
[2025-03-22 11:07:14,979] INFO: paa (9/2022): Updated existing record with 11 non-zero financial metrics
[2025-03-22 11:07:15,010] INFO: paa (12/2022): Updated existing record with 16 non-zero financial metrics
[2025-03-22 11:07:15,039] INFO: paa (3/2023): Updated existing record with 15 non-zero financial metrics
[2025-03-22 11:07:15,069] INFO: paa (6/2023): Updated existing record with 11 non-zero financial metrics
[2025-03-22 11:07:15,097] INFO: paa (9/2023): Updated existing record with 11 non-zero financial metrics
[2025-03-22 11:07:15,126] INFO: paa (12/2023): Updated existing record with 15 non-zero financial metrics
[2025-03-22 11:07:15,155] INFO: paa (3/2024): Updated existing record with 15 non-zero financial metrics
[2025-03-22 11:07:15,185] INFO: paa (6/2024): Updated existing record with 10 non-zero financial metrics
[2025-03-22 11:07:15,213] INFO: paa (9/2024): Updated existing record with 10 non-zero financial metrics
[2025-03-22 11:07:15,229] INFO: Trying adjusted date: 1/2025 (original: 12/2024)
[2025-03-22 11:07:15,243] WARNING: paa (12/2024): No existing record found(12/2024, 2024-12-31) - creating new one
[2025-03-22 11:07:15,243] INFO: paa (12/2024): Created new record with 14 non-zero financial metrics
