[2025-03-22 06:19:39,723] INFO: panw (10/2012): Updated existing record with 14 non-zero financial metrics
[2025-03-22 06:19:39,755] INFO: panw (1/2013): Updated existing record with 13 non-zero financial metrics
[2025-03-22 06:19:39,782] INFO: panw (4/2013): Updated existing record with 14 non-zero financial metrics
[2025-03-22 06:19:39,809] INFO: panw (7/2013): Updated existing record with 17 non-zero financial metrics
[2025-03-22 06:19:39,837] INFO: panw (10/2013): Updated existing record with 17 non-zero financial metrics
[2025-03-22 06:19:39,865] INFO: panw (1/2014): Updated existing record with 14 non-zero financial metrics
[2025-03-22 06:19:39,892] INFO: panw (4/2014): Updated existing record with 14 non-zero financial metrics
[2025-03-22 06:19:39,920] INFO: panw (7/2014): Updated existing record with 19 non-zero financial metrics
[2025-03-22 06:19:39,935] WARNING: panw (10/2014): Found zero values for fields: Share Repurchases
[2025-03-22 06:19:39,949] INFO: panw (10/2014): Updated existing record with 17 non-zero financial metrics
[2025-03-22 06:19:39,978] INFO: panw (1/2015): Updated existing record with 15 non-zero financial metrics
[2025-03-22 06:19:40,005] INFO: panw (4/2015): Updated existing record with 15 non-zero financial metrics
[2025-03-22 06:19:40,019] WARNING: panw (7/2015): Found zero values for fields: Share Repurchases
[2025-03-22 06:19:40,033] INFO: panw (7/2015): Updated existing record with 19 non-zero financial metrics
[2025-03-22 06:19:40,060] INFO: panw (10/2015): Updated existing record with 18 non-zero financial metrics
[2025-03-22 06:19:40,087] INFO: panw (1/2016): Updated existing record with 16 non-zero financial metrics
[2025-03-22 06:19:40,117] INFO: panw (4/2016): Updated existing record with 16 non-zero financial metrics
[2025-03-22 06:19:40,144] INFO: panw (7/2016): Updated existing record with 19 non-zero financial metrics
[2025-03-22 06:19:40,171] INFO: panw (10/2016): Updated existing record with 19 non-zero financial metrics
[2025-03-22 06:19:40,198] INFO: panw (1/2017): Updated existing record with 16 non-zero financial metrics
[2025-03-22 06:19:40,228] INFO: panw (4/2017): Updated existing record with 16 non-zero financial metrics
[2025-03-22 06:19:40,255] INFO: panw (7/2017): Updated existing record with 20 non-zero financial metrics
[2025-03-22 06:19:40,283] INFO: panw (10/2017): Updated existing record with 19 non-zero financial metrics
[2025-03-22 06:19:40,311] INFO: panw (1/2018): Updated existing record with 16 non-zero financial metrics
[2025-03-22 06:19:40,338] INFO: panw (4/2018): Updated existing record with 16 non-zero financial metrics
[2025-03-22 06:19:40,368] INFO: panw (7/2018): Updated existing record with 20 non-zero financial metrics
[2025-03-22 06:19:40,382] WARNING: panw (10/2018): Found zero values for fields: Share Repurchases
[2025-03-22 06:19:40,396] INFO: panw (10/2018): Updated existing record with 20 non-zero financial metrics
[2025-03-22 06:19:40,424] INFO: panw (1/2019): Updated existing record with 17 non-zero financial metrics
[2025-03-22 06:19:40,451] INFO: panw (4/2019): Updated existing record with 17 non-zero financial metrics
[2025-03-22 06:19:40,478] INFO: panw (7/2019): Updated existing record with 21 non-zero financial metrics
[2025-03-22 06:19:40,506] INFO: panw (10/2019): Updated existing record with 20 non-zero financial metrics
[2025-03-22 06:19:40,533] INFO: panw (1/2020): Updated existing record with 16 non-zero financial metrics
[2025-03-22 06:19:40,561] INFO: panw (4/2020): Updated existing record with 16 non-zero financial metrics
[2025-03-22 06:19:40,589] INFO: panw (7/2020): Updated existing record with 21 non-zero financial metrics
[2025-03-22 06:19:40,617] INFO: panw (10/2020): Updated existing record with 21 non-zero financial metrics
[2025-03-22 06:19:40,645] INFO: panw (1/2021): Updated existing record with 17 non-zero financial metrics
[2025-03-22 06:19:40,672] INFO: panw (4/2021): Updated existing record with 17 non-zero financial metrics
[2025-03-22 06:19:40,700] INFO: panw (7/2021): Updated existing record with 21 non-zero financial metrics
[2025-03-22 06:19:40,716] WARNING: panw (10/2021): Found zero values for fields: Share Repurchases
[2025-03-22 06:19:40,729] INFO: panw (10/2021): Updated existing record with 19 non-zero financial metrics
[2025-03-22 06:19:40,757] INFO: panw (1/2022): Updated existing record with 16 non-zero financial metrics
[2025-03-22 06:19:40,783] INFO: panw (4/2022): Updated existing record with 17 non-zero financial metrics
[2025-03-22 06:19:40,811] INFO: panw (7/2022): Updated existing record with 22 non-zero financial metrics
[2025-03-22 06:19:40,838] INFO: panw (10/2022): Updated existing record with 22 non-zero financial metrics
[2025-03-22 06:19:40,866] INFO: panw (1/2023): Updated existing record with 18 non-zero financial metrics
[2025-03-22 06:19:40,894] INFO: panw (4/2023): Updated existing record with 18 non-zero financial metrics
[2025-03-22 06:19:40,922] INFO: panw (7/2023): Updated existing record with 22 non-zero financial metrics
[2025-03-22 06:19:40,949] INFO: panw (10/2023): Updated existing record with 21 non-zero financial metrics
[2025-03-22 06:19:40,964] WARNING: panw (1/2024): Found zero values for fields: Share Repurchases
[2025-03-22 06:19:40,977] INFO: panw (1/2024): Updated existing record with 17 non-zero financial metrics
[2025-03-22 06:19:41,005] INFO: panw (4/2024): Updated existing record with 17 non-zero financial metrics
[2025-03-22 06:19:41,033] INFO: panw (7/2024): Updated existing record with 21 non-zero financial metrics
[2025-03-22 06:19:41,048] WARNING: panw (10/2024): Found zero values for fields: Share Repurchases
[2025-03-22 06:19:41,061] INFO: panw (10/2024): Updated existing record with 19 non-zero financial metrics
[2025-03-22 06:19:41,076] INFO: Trying adjusted date: 2/2025 (original: 1/2025)
[2025-03-22 06:19:41,089] WARNING: panw (1/2025): No existing record found(1/2025, 2025-01-31) - creating new one
[2025-03-22 06:19:41,090] INFO: panw (1/2025): Created new record with 16 non-zero financial metrics
