[2025-03-22 01:59:55,158] INFO: Trying adjusted date: 6/2010 (original: 5/2010)
[2025-03-22 01:59:55,170] WARNING: payx (5/2010): No existing record found(5/2010, 2010-05-31) - creating new one
[2025-03-22 01:59:55,170] INFO: payx (5/2010): Created new record with 15 non-zero financial metrics
[2025-03-22 01:59:55,185] INFO: Trying adjusted date: 9/2010 (original: 8/2010)
[2025-03-22 01:59:55,197] WARNING: payx (8/2010): No existing record found(8/2010, 2010-08-31) - creating new one
[2025-03-22 01:59:55,198] INFO: payx (8/2010): Created new record with 15 non-zero financial metrics
[2025-03-22 01:59:55,215] INFO: Trying adjusted date: 12/2010 (original: 11/2010)
[2025-03-22 01:59:55,227] WARNING: payx (11/2010): No existing record found(11/2010, 2010-11-30) - creating new one
[2025-03-22 01:59:55,228] INFO: payx (11/2010): Created new record with 11 non-zero financial metrics
[2025-03-22 01:59:55,241] INFO: Trying adjusted date: 3/2011 (original: 2/2011)
[2025-03-22 01:59:55,255] WARNING: payx (2/2011): No existing record found(2/2011, 2011-02-28) - creating new one
[2025-03-22 01:59:55,256] INFO: payx (2/2011): Created new record with 11 non-zero financial metrics
[2025-03-22 01:59:55,269] INFO: Trying adjusted date: 6/2011 (original: 5/2011)
[2025-03-22 01:59:55,281] WARNING: payx (5/2011): No existing record found(5/2011, 2011-05-31) - creating new one
[2025-03-22 01:59:55,282] INFO: payx (5/2011): Created new record with 15 non-zero financial metrics
[2025-03-22 01:59:55,296] INFO: Trying adjusted date: 9/2011 (original: 8/2011)
[2025-03-22 01:59:55,308] WARNING: payx (8/2011): No existing record found(8/2011, 2011-08-31) - creating new one
[2025-03-22 01:59:55,309] INFO: payx (8/2011): Created new record with 15 non-zero financial metrics
[2025-03-22 01:59:55,322] INFO: Trying adjusted date: 12/2011 (original: 11/2011)
[2025-03-22 01:59:55,334] WARNING: payx (11/2011): No existing record found(11/2011, 2011-11-30) - creating new one
[2025-03-22 01:59:55,334] INFO: payx (11/2011): Created new record with 11 non-zero financial metrics
[2025-03-22 01:59:55,347] INFO: Trying adjusted date: 3/2012 (original: 2/2012)
[2025-03-22 01:59:55,360] WARNING: payx (2/2012): No existing record found(2/2012, 2012-02-29) - creating new one
[2025-03-22 01:59:55,360] INFO: payx (2/2012): Created new record with 11 non-zero financial metrics
[2025-03-22 01:59:55,375] INFO: Trying adjusted date: 6/2012 (original: 5/2012)
[2025-03-22 01:59:55,387] WARNING: payx (5/2012): No existing record found(5/2012, 2012-05-31) - creating new one
[2025-03-22 01:59:55,388] INFO: payx (5/2012): Created new record with 15 non-zero financial metrics
[2025-03-22 01:59:55,401] INFO: Trying adjusted date: 9/2012 (original: 8/2012)
[2025-03-22 01:59:55,413] WARNING: payx (8/2012): No existing record found(8/2012, 2012-08-31) - creating new one
[2025-03-22 01:59:55,414] INFO: payx (8/2012): Created new record with 15 non-zero financial metrics
[2025-03-22 01:59:55,439] INFO: payx (11/2012): Updated existing record with 11 non-zero financial metrics
[2025-03-22 01:59:55,464] INFO: payx (2/2013): Updated existing record with 11 non-zero financial metrics
[2025-03-22 01:59:55,493] INFO: payx (5/2013): Updated existing record with 15 non-zero financial metrics
[2025-03-22 01:59:55,519] INFO: payx (8/2013): Updated existing record with 16 non-zero financial metrics
[2025-03-22 01:59:55,545] INFO: payx (11/2013): Updated existing record with 11 non-zero financial metrics
[2025-03-22 01:59:55,573] INFO: payx (2/2014): Updated existing record with 11 non-zero financial metrics
[2025-03-22 01:59:55,599] INFO: payx (5/2014): Updated existing record with 16 non-zero financial metrics
[2025-03-22 01:59:55,626] INFO: payx (8/2014): Updated existing record with 16 non-zero financial metrics
[2025-03-22 01:59:55,652] INFO: payx (11/2014): Updated existing record with 11 non-zero financial metrics
[2025-03-22 01:59:55,678] INFO: payx (2/2015): Updated existing record with 11 non-zero financial metrics
[2025-03-22 01:59:55,705] INFO: payx (5/2015): Updated existing record with 13 non-zero financial metrics
[2025-03-22 01:59:55,718] INFO: Trying adjusted date: 9/2015 (original: 8/2015)
[2025-03-22 01:59:55,730] WARNING: payx (8/2015): No existing record found(8/2015, 2015-08-31) - creating new one
[2025-03-22 01:59:55,731] INFO: payx (8/2015): Created new record with 13 non-zero financial metrics
[2025-03-22 01:59:55,757] INFO: payx (11/2015): Updated existing record with 11 non-zero financial metrics
[2025-03-22 01:59:55,784] INFO: payx (2/2016): Updated existing record with 11 non-zero financial metrics
[2025-03-22 01:59:55,812] INFO: payx (5/2016): Updated existing record with 12 non-zero financial metrics
[2025-03-22 01:59:55,838] INFO: payx (8/2016): Updated existing record with 11 non-zero financial metrics
[2025-03-22 01:59:55,868] INFO: payx (11/2016): Updated existing record with 10 non-zero financial metrics
[2025-03-22 01:59:55,895] INFO: payx (2/2017): Updated existing record with 10 non-zero financial metrics
[2025-03-22 01:59:55,921] INFO: payx (5/2017): Updated existing record with 12 non-zero financial metrics
[2025-03-22 01:59:55,947] INFO: payx (8/2017): Updated existing record with 12 non-zero financial metrics
[2025-03-22 01:59:55,972] INFO: payx (11/2017): Updated existing record with 10 non-zero financial metrics
[2025-03-22 01:59:55,999] INFO: payx (2/2018): Updated existing record with 10 non-zero financial metrics
[2025-03-22 01:59:56,024] INFO: payx (5/2018): Updated existing record with 15 non-zero financial metrics
[2025-03-22 01:59:56,050] INFO: payx (8/2018): Updated existing record with 16 non-zero financial metrics
[2025-03-22 01:59:56,081] INFO: payx (11/2018): Updated existing record with 11 non-zero financial metrics
[2025-03-22 01:59:56,130] INFO: payx (2/2019): Updated existing record with 11 non-zero financial metrics
[2025-03-22 01:59:56,157] INFO: payx (5/2019): Updated existing record with 17 non-zero financial metrics
[2025-03-22 01:59:56,185] INFO: payx (8/2019): Updated existing record with 17 non-zero financial metrics
[2025-03-22 01:59:56,213] INFO: payx (11/2019): Updated existing record with 12 non-zero financial metrics
[2025-03-22 01:59:56,239] INFO: payx (2/2020): Updated existing record with 12 non-zero financial metrics
[2025-03-22 01:59:56,264] INFO: payx (5/2020): Updated existing record with 18 non-zero financial metrics
[2025-03-22 01:59:56,291] INFO: payx (8/2020): Updated existing record with 17 non-zero financial metrics
[2025-03-22 01:59:56,316] INFO: payx (11/2020): Updated existing record with 12 non-zero financial metrics
[2025-03-22 01:59:56,343] INFO: payx (2/2021): Updated existing record with 12 non-zero financial metrics
[2025-03-22 01:59:56,369] INFO: payx (5/2021): Updated existing record with 18 non-zero financial metrics
[2025-03-22 01:59:56,383] ERROR: Invalid numeric value for Share Repurchases: 
[2025-03-22 01:59:56,383] ERROR: payx (8/2021): Invalid data types: Share Repurchases=
[2025-03-22 01:59:56,395] INFO: payx (8/2021): Updated existing record with 16 non-zero financial metrics
[2025-03-22 01:59:56,421] INFO: payx (11/2021): Updated existing record with 12 non-zero financial metrics
[2025-03-22 01:59:56,446] INFO: payx (2/2022): Updated existing record with 12 non-zero financial metrics
[2025-03-22 01:59:56,472] INFO: payx (5/2022): Updated existing record with 18 non-zero financial metrics
[2025-03-22 01:59:56,498] INFO: payx (8/2022): Updated existing record with 16 non-zero financial metrics
[2025-03-22 01:59:56,524] INFO: payx (11/2022): Updated existing record with 12 non-zero financial metrics
[2025-03-22 01:59:56,551] INFO: payx (2/2023): Updated existing record with 12 non-zero financial metrics
[2025-03-22 01:59:56,576] INFO: payx (5/2023): Updated existing record with 17 non-zero financial metrics
[2025-03-22 01:59:56,602] INFO: payx (8/2023): Updated existing record with 16 non-zero financial metrics
[2025-03-22 01:59:56,628] INFO: payx (11/2023): Updated existing record with 12 non-zero financial metrics
[2025-03-22 01:59:56,655] INFO: payx (2/2024): Updated existing record with 12 non-zero financial metrics
[2025-03-22 01:59:56,680] INFO: payx (5/2024): Updated existing record with 19 non-zero financial metrics
[2025-03-22 01:59:56,708] INFO: payx (8/2024): Updated existing record with 18 non-zero financial metrics
[2025-03-22 01:59:56,734] INFO: payx (11/2024): Updated existing record with 12 non-zero financial metrics
