[2025-03-22 03:38:28,309] INFO: Trying adjusted date: 4/2010 (original: 3/2010)
[2025-03-22 03:38:28,321] WARNING: pcar (3/2010): No existing record found(3/2010, 2010-03-31) - creating new one
[2025-03-22 03:38:28,322] INFO: pcar (3/2010): Created new record with 9 non-zero financial metrics
[2025-03-22 03:38:28,337] INFO: Trying adjusted date: 7/2010 (original: 6/2010)
[2025-03-22 03:38:28,349] WARNING: pcar (6/2010): No existing record found(6/2010, 2010-06-30) - creating new one
[2025-03-22 03:38:28,349] INFO: pcar (6/2010): Created new record with 6 non-zero financial metrics
[2025-03-22 03:38:28,363] INFO: Trying adjusted date: 10/2010 (original: 9/2010)
[2025-03-22 03:38:28,375] WARNING: pcar (9/2010): No existing record found(9/2010, 2010-09-30) - creating new one
[2025-03-22 03:38:28,376] INFO: pcar (9/2010): Created new record with 6 non-zero financial metrics
[2025-03-22 03:38:28,390] INFO: Trying adjusted date: 1/2011 (original: 12/2010)
[2025-03-22 03:38:28,402] WARNING: pcar (12/2010): No existing record found(12/2010, 2010-12-31) - creating new one
[2025-03-22 03:38:28,403] INFO: pcar (12/2010): Created new record with 12 non-zero financial metrics
[2025-03-22 03:38:28,417] INFO: Trying adjusted date: 4/2011 (original: 3/2011)
[2025-03-22 03:38:28,430] WARNING: pcar (3/2011): No existing record found(3/2011, 2011-03-31) - creating new one
[2025-03-22 03:38:28,430] INFO: pcar (3/2011): Created new record with 10 non-zero financial metrics
[2025-03-22 03:38:28,444] INFO: Trying adjusted date: 7/2011 (original: 6/2011)
[2025-03-22 03:38:28,457] WARNING: pcar (6/2011): No existing record found(6/2011, 2011-06-30) - creating new one
[2025-03-22 03:38:28,457] INFO: pcar (6/2011): Created new record with 6 non-zero financial metrics
[2025-03-22 03:38:28,470] INFO: Trying adjusted date: 10/2011 (original: 9/2011)
[2025-03-22 03:38:28,483] WARNING: pcar (9/2011): No existing record found(9/2011, 2011-09-30) - creating new one
[2025-03-22 03:38:28,483] INFO: pcar (9/2011): Created new record with 7 non-zero financial metrics
[2025-03-22 03:38:28,498] INFO: Trying adjusted date: 1/2012 (original: 12/2011)
[2025-03-22 03:38:28,510] WARNING: pcar (12/2011): No existing record found(12/2011, 2011-12-31) - creating new one
[2025-03-22 03:38:28,510] INFO: pcar (12/2011): Created new record with 12 non-zero financial metrics
[2025-03-22 03:38:28,524] INFO: Trying adjusted date: 4/2012 (original: 3/2012)
[2025-03-22 03:38:28,537] WARNING: pcar (3/2012): No existing record found(3/2012, 2012-03-31) - creating new one
[2025-03-22 03:38:28,538] INFO: pcar (3/2012): Created new record with 11 non-zero financial metrics
[2025-03-22 03:38:28,552] INFO: Trying adjusted date: 7/2012 (original: 6/2012)
[2025-03-22 03:38:28,565] WARNING: pcar (6/2012): No existing record found(6/2012, 2012-06-30) - creating new one
[2025-03-22 03:38:28,565] INFO: pcar (6/2012): Created new record with 6 non-zero financial metrics
[2025-03-22 03:38:28,591] INFO: pcar (9/2012): Updated existing record with 6 non-zero financial metrics
[2025-03-22 03:38:28,618] INFO: pcar (12/2012): Updated existing record with 12 non-zero financial metrics
[2025-03-22 03:38:28,645] INFO: pcar (3/2013): Updated existing record with 10 non-zero financial metrics
[2025-03-22 03:38:28,671] INFO: pcar (6/2013): Updated existing record with 6 non-zero financial metrics
[2025-03-22 03:38:28,697] INFO: pcar (9/2013): Updated existing record with 6 non-zero financial metrics
[2025-03-22 03:38:28,711] INFO: Trying adjusted date: 1/2014 (original: 12/2013)
[2025-03-22 03:38:28,724] WARNING: pcar (12/2013): No existing record found(12/2013, 2013-12-31) - creating new one
[2025-03-22 03:38:28,724] INFO: pcar (12/2013): Created new record with 11 non-zero financial metrics
[2025-03-22 03:38:28,750] INFO: pcar (3/2014): Updated existing record with 7 non-zero financial metrics
[2025-03-22 03:38:28,776] INFO: pcar (6/2014): Updated existing record with 6 non-zero financial metrics
[2025-03-22 03:38:28,802] INFO: pcar (9/2014): Updated existing record with 6 non-zero financial metrics
[2025-03-22 03:38:28,829] INFO: pcar (12/2014): Updated existing record with 9 non-zero financial metrics
[2025-03-22 03:38:28,856] INFO: pcar (3/2015): Updated existing record with 7 non-zero financial metrics
[2025-03-22 03:38:28,882] INFO: pcar (6/2015): Updated existing record with 6 non-zero financial metrics
[2025-03-22 03:38:28,912] INFO: pcar (9/2015): Updated existing record with 6 non-zero financial metrics
[2025-03-22 03:38:28,939] INFO: pcar (12/2015): Updated existing record with 10 non-zero financial metrics
[2025-03-22 03:38:28,966] INFO: pcar (3/2016): Updated existing record with 9 non-zero financial metrics
[2025-03-22 03:38:28,992] INFO: pcar (6/2016): Updated existing record with 7 non-zero financial metrics
[2025-03-22 03:38:29,018] INFO: pcar (9/2016): Updated existing record with 6 non-zero financial metrics
[2025-03-22 03:38:29,045] INFO: pcar (12/2016): Updated existing record with 10 non-zero financial metrics
[2025-03-22 03:38:29,059] WARNING: pcar (3/2017): Found zero values for fields: Share Repurchases
[2025-03-22 03:38:29,072] INFO: pcar (3/2017): Updated existing record with 7 non-zero financial metrics
[2025-03-22 03:38:29,098] INFO: pcar (6/2017): Updated existing record with 6 non-zero financial metrics
[2025-03-22 03:38:29,125] INFO: pcar (9/2017): Updated existing record with 6 non-zero financial metrics
[2025-03-22 03:38:29,151] INFO: pcar (12/2017): Updated existing record with 9 non-zero financial metrics
[2025-03-22 03:38:29,176] INFO: pcar (3/2018): Updated existing record with 8 non-zero financial metrics
[2025-03-22 03:38:29,203] INFO: pcar (6/2018): Updated existing record with 6 non-zero financial metrics
[2025-03-22 03:38:29,229] INFO: pcar (9/2018): Updated existing record with 6 non-zero financial metrics
[2025-03-22 03:38:29,255] INFO: pcar (12/2018): Updated existing record with 13 non-zero financial metrics
[2025-03-22 03:38:29,286] INFO: pcar (3/2019): Updated existing record with 11 non-zero financial metrics
[2025-03-22 03:38:29,313] INFO: pcar (6/2019): Updated existing record with 6 non-zero financial metrics
[2025-03-22 03:38:29,340] INFO: pcar (9/2019): Updated existing record with 5 non-zero financial metrics
[2025-03-22 03:38:29,367] INFO: pcar (12/2019): Updated existing record with 12 non-zero financial metrics
[2025-03-22 03:38:29,394] INFO: pcar (3/2020): Updated existing record with 10 non-zero financial metrics
[2025-03-22 03:38:29,421] INFO: pcar (6/2020): Updated existing record with 5 non-zero financial metrics
[2025-03-22 03:38:29,447] INFO: pcar (9/2020): Updated existing record with 5 non-zero financial metrics
[2025-03-22 03:38:29,474] INFO: pcar (12/2020): Updated existing record with 12 non-zero financial metrics
[2025-03-22 03:38:29,500] INFO: pcar (3/2021): Updated existing record with 10 non-zero financial metrics
[2025-03-22 03:38:29,527] INFO: pcar (6/2021): Updated existing record with 5 non-zero financial metrics
[2025-03-22 03:38:29,553] INFO: pcar (9/2021): Updated existing record with 5 non-zero financial metrics
[2025-03-22 03:38:29,581] INFO: pcar (12/2021): Updated existing record with 12 non-zero financial metrics
[2025-03-22 03:38:29,607] INFO: pcar (3/2022): Updated existing record with 10 non-zero financial metrics
[2025-03-22 03:38:29,635] INFO: pcar (6/2022): Updated existing record with 5 non-zero financial metrics
[2025-03-22 03:38:29,662] INFO: pcar (9/2022): Updated existing record with 5 non-zero financial metrics
[2025-03-22 03:38:29,689] INFO: pcar (12/2022): Updated existing record with 12 non-zero financial metrics
[2025-03-22 03:38:29,715] INFO: pcar (3/2023): Updated existing record with 10 non-zero financial metrics
[2025-03-22 03:38:29,742] INFO: pcar (6/2023): Updated existing record with 5 non-zero financial metrics
[2025-03-22 03:38:29,769] INFO: pcar (9/2023): Updated existing record with 5 non-zero financial metrics
[2025-03-22 03:38:29,795] INFO: pcar (12/2023): Updated existing record with 12 non-zero financial metrics
[2025-03-22 03:38:29,822] INFO: pcar (3/2024): Updated existing record with 10 non-zero financial metrics
[2025-03-22 03:38:29,849] INFO: pcar (6/2024): Updated existing record with 5 non-zero financial metrics
[2025-03-22 03:38:29,876] INFO: pcar (9/2024): Updated existing record with 5 non-zero financial metrics
[2025-03-22 03:38:29,903] INFO: pcar (12/2024): Updated existing record with 14 non-zero financial metrics
