[2025-03-22 03:06:47,716] INFO: Trying adjusted date: 4/2010 (original: 3/2010)
[2025-03-22 03:06:47,727] WARNING: peg (3/2010): No existing record found(3/2010, 2010-03-31) - creating new one
[2025-03-22 03:06:47,727] INFO: peg (3/2010): Created new record with 15 non-zero financial metrics
[2025-03-22 03:06:47,742] INFO: Trying adjusted date: 10/2010 (original: 9/2010)
[2025-03-22 03:06:47,754] WARNING: peg (9/2010): No existing record found(9/2010, 2010-09-30) - creating new one
[2025-03-22 03:06:47,755] INFO: peg (9/2010): Created new record with 12 non-zero financial metrics
[2025-03-22 03:06:47,769] INFO: Trying adjusted date: 1/2011 (original: 12/2010)
[2025-03-22 03:06:47,781] WARNING: peg (12/2010): Found zero values for fields: Share Repurchases
[2025-03-22 03:06:47,782] WARNING: peg (12/2010): No existing record found(12/2010, 2010-12-31) - creating new one
[2025-03-22 03:06:47,782] INFO: peg (12/2010): Created new record with 15 non-zero financial metrics
[2025-03-22 03:06:47,796] INFO: Trying adjusted date: 4/2011 (original: 3/2011)
[2025-03-22 03:06:47,808] WARNING: peg (3/2011): No existing record found(3/2011, 2011-03-31) - creating new one
[2025-03-22 03:06:47,809] INFO: peg (3/2011): Created new record with 16 non-zero financial metrics
[2025-03-22 03:06:47,823] INFO: Trying adjusted date: 7/2011 (original: 6/2011)
[2025-03-22 03:06:47,836] WARNING: peg (6/2011): No existing record found(6/2011, 2011-06-30) - creating new one
[2025-03-22 03:06:47,837] INFO: peg (6/2011): Created new record with 12 non-zero financial metrics
[2025-03-22 03:06:47,851] INFO: Trying adjusted date: 10/2011 (original: 9/2011)
[2025-03-22 03:06:47,863] WARNING: peg (9/2011): No existing record found(9/2011, 2011-09-30) - creating new one
[2025-03-22 03:06:47,863] INFO: peg (9/2011): Created new record with 12 non-zero financial metrics
[2025-03-22 03:06:47,877] INFO: Trying adjusted date: 1/2012 (original: 12/2011)
[2025-03-22 03:06:47,890] WARNING: peg (12/2011): No existing record found(12/2011, 2011-12-31) - creating new one
[2025-03-22 03:06:47,891] INFO: peg (12/2011): Created new record with 15 non-zero financial metrics
[2025-03-22 03:06:47,905] INFO: Trying adjusted date: 4/2012 (original: 3/2012)
[2025-03-22 03:06:47,917] WARNING: peg (3/2012): No existing record found(3/2012, 2012-03-31) - creating new one
[2025-03-22 03:06:47,918] INFO: peg (3/2012): Created new record with 16 non-zero financial metrics
[2025-03-22 03:06:47,932] INFO: Trying adjusted date: 7/2012 (original: 6/2012)
[2025-03-22 03:06:47,944] WARNING: peg (6/2012): No existing record found(6/2012, 2012-06-30) - creating new one
[2025-03-22 03:06:47,945] INFO: peg (6/2012): Created new record with 12 non-zero financial metrics
[2025-03-22 03:06:47,974] INFO: peg (9/2012): Updated existing record with 12 non-zero financial metrics
[2025-03-22 03:06:47,999] INFO: peg (12/2012): Updated existing record with 15 non-zero financial metrics
[2025-03-22 03:06:48,027] INFO: peg (3/2013): Updated existing record with 16 non-zero financial metrics
[2025-03-22 03:06:48,053] INFO: peg (6/2013): Updated existing record with 12 non-zero financial metrics
[2025-03-22 03:06:48,079] INFO: peg (9/2013): Updated existing record with 12 non-zero financial metrics
[2025-03-22 03:06:48,107] INFO: peg (12/2013): Updated existing record with 16 non-zero financial metrics
[2025-03-22 03:06:48,134] INFO: peg (3/2014): Updated existing record with 16 non-zero financial metrics
[2025-03-22 03:06:48,161] INFO: peg (6/2014): Updated existing record with 12 non-zero financial metrics
[2025-03-22 03:06:48,187] INFO: peg (9/2014): Updated existing record with 12 non-zero financial metrics
[2025-03-22 03:06:48,213] INFO: peg (12/2014): Updated existing record with 16 non-zero financial metrics
[2025-03-22 03:06:48,241] INFO: peg (3/2015): Updated existing record with 16 non-zero financial metrics
[2025-03-22 03:06:48,267] INFO: peg (6/2015): Updated existing record with 12 non-zero financial metrics
[2025-03-22 03:06:48,294] INFO: peg (9/2015): Updated existing record with 12 non-zero financial metrics
[2025-03-22 03:06:48,320] INFO: peg (12/2015): Updated existing record with 16 non-zero financial metrics
[2025-03-22 03:06:48,346] INFO: peg (3/2016): Updated existing record with 16 non-zero financial metrics
[2025-03-22 03:06:48,374] INFO: peg (6/2016): Updated existing record with 12 non-zero financial metrics
[2025-03-22 03:06:48,399] INFO: peg (9/2016): Updated existing record with 12 non-zero financial metrics
[2025-03-22 03:06:48,426] INFO: peg (12/2016): Updated existing record with 16 non-zero financial metrics
[2025-03-22 03:06:48,452] INFO: peg (3/2017): Updated existing record with 15 non-zero financial metrics
[2025-03-22 03:06:48,478] INFO: peg (6/2017): Updated existing record with 11 non-zero financial metrics
[2025-03-22 03:06:48,503] INFO: peg (9/2017): Updated existing record with 11 non-zero financial metrics
[2025-03-22 03:06:48,528] INFO: peg (12/2017): Updated existing record with 15 non-zero financial metrics
[2025-03-22 03:06:48,554] INFO: peg (3/2018): Updated existing record with 15 non-zero financial metrics
[2025-03-22 03:06:48,580] INFO: peg (6/2018): Updated existing record with 11 non-zero financial metrics
[2025-03-22 03:06:48,607] INFO: peg (9/2018): Updated existing record with 12 non-zero financial metrics
[2025-03-22 03:06:48,633] INFO: peg (12/2018): Updated existing record with 16 non-zero financial metrics
[2025-03-22 03:06:48,659] INFO: peg (3/2019): Updated existing record with 16 non-zero financial metrics
[2025-03-22 03:06:48,684] INFO: peg (6/2019): Updated existing record with 12 non-zero financial metrics
[2025-03-22 03:06:48,710] INFO: peg (9/2019): Updated existing record with 12 non-zero financial metrics
[2025-03-22 03:06:48,724] WARNING: peg (12/2019): Found zero values for fields: Goodwill
[2025-03-22 03:06:48,736] INFO: peg (12/2019): Updated existing record with 15 non-zero financial metrics
[2025-03-22 03:06:48,765] INFO: peg (3/2020): Updated existing record with 15 non-zero financial metrics
[2025-03-22 03:06:48,792] INFO: peg (6/2020): Updated existing record with 11 non-zero financial metrics
[2025-03-22 03:06:48,820] INFO: peg (9/2020): Updated existing record with 11 non-zero financial metrics
[2025-03-22 03:06:48,846] INFO: peg (12/2020): Updated existing record with 15 non-zero financial metrics
[2025-03-22 03:06:48,872] INFO: peg (3/2021): Updated existing record with 15 non-zero financial metrics
[2025-03-22 03:06:48,898] INFO: peg (6/2021): Updated existing record with 11 non-zero financial metrics
[2025-03-22 03:06:48,924] INFO: peg (9/2021): Updated existing record with 10 non-zero financial metrics
[2025-03-22 03:06:48,951] INFO: peg (12/2021): Updated existing record with 14 non-zero financial metrics
[2025-03-22 03:06:48,965] WARNING: peg (3/2022): Found zero values for fields: EPS Diluted
[2025-03-22 03:06:48,977] INFO: peg (3/2022): Updated existing record with 14 non-zero financial metrics
[2025-03-22 03:06:48,992] WARNING: peg (6/2022): Found zero values for fields: Share Repurchases
[2025-03-22 03:06:49,005] INFO: peg (6/2022): Updated existing record with 10 non-zero financial metrics
[2025-03-22 03:06:49,030] INFO: peg (9/2022): Updated existing record with 10 non-zero financial metrics
[2025-03-22 03:06:49,059] INFO: peg (12/2022): Updated existing record with 15 non-zero financial metrics
[2025-03-22 03:06:49,073] WARNING: peg (3/2023): Found zero values for fields: Share Repurchases
[2025-03-22 03:06:49,086] INFO: peg (3/2023): Updated existing record with 14 non-zero financial metrics
[2025-03-22 03:06:49,113] INFO: peg (6/2023): Updated existing record with 10 non-zero financial metrics
[2025-03-22 03:06:49,141] INFO: peg (9/2023): Updated existing record with 10 non-zero financial metrics
[2025-03-22 03:06:49,156] WARNING: peg (12/2023): Found zero values for fields: Share Repurchases
[2025-03-22 03:06:49,169] INFO: peg (12/2023): Updated existing record with 14 non-zero financial metrics
[2025-03-22 03:06:49,195] INFO: peg (3/2024): Updated existing record with 14 non-zero financial metrics
[2025-03-22 03:06:49,221] INFO: peg (6/2024): Updated existing record with 10 non-zero financial metrics
[2025-03-22 03:06:49,246] INFO: peg (9/2024): Updated existing record with 10 non-zero financial metrics
[2025-03-22 03:06:49,262] INFO: Trying adjusted date: 1/2025 (original: 12/2024)
[2025-03-22 03:06:49,274] WARNING: peg (12/2024): Found zero values for fields: Share Repurchases
[2025-03-22 03:06:49,275] WARNING: peg (12/2024): No existing record found(12/2024, 2024-12-31) - creating new one
[2025-03-22 03:06:49,275] INFO: peg (12/2024): Created new record with 14 non-zero financial metrics
