[2025-03-22 12:19:09,036] INFO: pen (9/2015): Updated existing record with 15 non-zero financial metrics
[2025-03-22 12:19:09,066] INFO: pen (12/2015): Updated existing record with 19 non-zero financial metrics
[2025-03-22 12:19:09,098] INFO: pen (3/2016): Updated existing record with 18 non-zero financial metrics
[2025-03-22 12:19:09,129] INFO: pen (6/2016): Updated existing record with 14 non-zero financial metrics
[2025-03-22 12:19:09,159] INFO: pen (9/2016): Updated existing record with 14 non-zero financial metrics
[2025-03-22 12:19:09,190] INFO: pen (12/2016): Updated existing record with 19 non-zero financial metrics
[2025-03-22 12:19:09,220] INFO: pen (3/2017): Updated existing record with 18 non-zero financial metrics
[2025-03-22 12:19:09,255] INFO: pen (6/2017): Updated existing record with 14 non-zero financial metrics
[2025-03-22 12:19:09,284] INFO: pen (9/2017): Updated existing record with 15 non-zero financial metrics
[2025-03-22 12:19:09,300] INFO: Trying adjusted date: 1/2018 (original: 12/2017)
[2025-03-22 12:19:09,314] WARNING: pen (12/2017): No existing record found(12/2017, 2017-12-31) - creating new one
[2025-03-22 12:19:09,314] INFO: pen (12/2017): Created new record with 19 non-zero financial metrics
[2025-03-22 12:19:09,345] INFO: pen (3/2018): Updated existing record with 19 non-zero financial metrics
[2025-03-22 12:19:09,374] INFO: pen (6/2018): Updated existing record with 15 non-zero financial metrics
[2025-03-22 12:19:09,404] INFO: pen (9/2018): Updated existing record with 14 non-zero financial metrics
[2025-03-22 12:19:09,434] INFO: pen (12/2018): Updated existing record with 19 non-zero financial metrics
[2025-03-22 12:19:09,465] INFO: pen (3/2019): Updated existing record with 19 non-zero financial metrics
[2025-03-22 12:19:09,494] INFO: pen (6/2019): Updated existing record with 15 non-zero financial metrics
[2025-03-22 12:19:09,524] INFO: pen (9/2019): Updated existing record with 15 non-zero financial metrics
[2025-03-22 12:19:09,554] INFO: pen (12/2019): Updated existing record with 18 non-zero financial metrics
[2025-03-22 12:19:09,584] INFO: pen (3/2020): Updated existing record with 19 non-zero financial metrics
[2025-03-22 12:19:09,612] INFO: pen (6/2020): Updated existing record with 16 non-zero financial metrics
[2025-03-22 12:19:09,642] INFO: pen (9/2020): Updated existing record with 16 non-zero financial metrics
[2025-03-22 12:19:09,672] INFO: pen (12/2020): Updated existing record with 19 non-zero financial metrics
[2025-03-22 12:19:09,702] INFO: pen (3/2021): Updated existing record with 20 non-zero financial metrics
[2025-03-22 12:19:09,732] INFO: pen (6/2021): Updated existing record with 10 non-zero financial metrics
[2025-03-22 12:19:09,761] INFO: pen (9/2021): Updated existing record with 15 non-zero financial metrics
[2025-03-22 12:19:09,792] INFO: pen (12/2021): Updated existing record with 19 non-zero financial metrics
[2025-03-22 12:19:09,807] WARNING: pen (3/2022): Found zero values for fields: EPS Diluted
[2025-03-22 12:19:09,822] INFO: pen (3/2022): Updated existing record with 19 non-zero financial metrics
[2025-03-22 12:19:09,852] INFO: pen (6/2022): Updated existing record with 16 non-zero financial metrics
[2025-03-22 12:19:09,881] INFO: pen (9/2022): Updated existing record with 16 non-zero financial metrics
[2025-03-22 12:19:09,912] INFO: pen (12/2022): Updated existing record with 18 non-zero financial metrics
[2025-03-22 12:19:09,942] INFO: pen (3/2023): Updated existing record with 21 non-zero financial metrics
[2025-03-22 12:19:09,972] INFO: pen (6/2023): Updated existing record with 17 non-zero financial metrics
[2025-03-22 12:19:10,002] INFO: pen (9/2023): Updated existing record with 16 non-zero financial metrics
[2025-03-22 12:19:10,033] INFO: pen (12/2023): Updated existing record with 19 non-zero financial metrics
[2025-03-22 12:19:10,065] INFO: pen (3/2024): Updated existing record with 21 non-zero financial metrics
[2025-03-22 12:19:10,095] INFO: pen (6/2024): Updated existing record with 17 non-zero financial metrics
[2025-03-22 12:19:10,125] INFO: pen (9/2024): Updated existing record with 16 non-zero financial metrics
[2025-03-22 12:19:10,141] INFO: Trying adjusted date: 1/2025 (original: 12/2024)
[2025-03-22 12:19:10,154] WARNING: pen (12/2024): No existing record found(12/2024, 2024-12-31) - creating new one
[2025-03-22 12:19:10,155] INFO: pen (12/2024): Created new record with 20 non-zero financial metrics
