[2025-03-22 12:18:19,303] INFO: pfgc (9/2015): Updated existing record with 16 non-zero financial metrics
[2025-03-22 12:18:19,335] INFO: pfgc (12/2015): Updated existing record with 16 non-zero financial metrics
[2025-03-22 12:18:19,366] INFO: pfgc (3/2016): Updated existing record with 16 non-zero financial metrics
[2025-03-22 12:18:19,383] INFO: Trying adjusted date: 6/2016 (original: 7/2016)
[2025-03-22 12:18:19,397] INFO: Found existing row with adjusted date: 6/2016
[2025-03-22 12:18:19,412] INFO: pfgc (6/2016): Updated existing record with 16 non-zero financial metrics
[2025-03-22 12:18:19,428] INFO: Trying adjusted date: 9/2016 (original: 10/2016)
[2025-03-22 12:18:19,441] INFO: Found existing row with adjusted date: 9/2016
[2025-03-22 12:18:19,455] INFO: pfgc (9/2016): Updated existing record with 16 non-zero financial metrics
[2025-03-22 12:18:19,486] INFO: pfgc (12/2016): Updated existing record with 16 non-zero financial metrics
[2025-03-22 12:18:19,502] INFO: Trying adjusted date: 3/2017 (original: 4/2017)
[2025-03-22 12:18:19,516] INFO: Found existing row with adjusted date: 3/2017
[2025-03-22 12:18:19,530] INFO: pfgc (3/2017): Updated existing record with 16 non-zero financial metrics
[2025-03-22 12:18:19,546] INFO: Trying adjusted date: 6/2017 (original: 7/2017)
[2025-03-22 12:18:19,560] INFO: Found existing row with adjusted date: 6/2017
[2025-03-22 12:18:19,574] INFO: pfgc (6/2017): Updated existing record with 16 non-zero financial metrics
[2025-03-22 12:18:19,602] INFO: pfgc (9/2017): Updated existing record with 16 non-zero financial metrics
[2025-03-22 12:18:19,619] INFO: Trying adjusted date: 1/2018 (original: 12/2017)
[2025-03-22 12:18:19,632] WARNING: pfgc (12/2017): No existing record found(12/2017, 2017-12-30) - creating new one
[2025-03-22 12:18:19,633] INFO: pfgc (12/2017): Created new record with 16 non-zero financial metrics
[2025-03-22 12:18:19,662] INFO: pfgc (3/2018): Updated existing record with 16 non-zero financial metrics
[2025-03-22 12:18:19,690] INFO: pfgc (6/2018): Updated existing record with 19 non-zero financial metrics
[2025-03-22 12:18:19,720] INFO: pfgc (9/2018): Updated existing record with 19 non-zero financial metrics
[2025-03-22 12:18:19,749] INFO: pfgc (12/2018): Updated existing record with 16 non-zero financial metrics
[2025-03-22 12:18:19,779] INFO: pfgc (3/2019): Updated existing record with 16 non-zero financial metrics
[2025-03-22 12:18:19,808] INFO: pfgc (6/2019): Updated existing record with 19 non-zero financial metrics
[2025-03-22 12:18:19,837] INFO: pfgc (9/2019): Updated existing record with 18 non-zero financial metrics
[2025-03-22 12:18:19,867] INFO: pfgc (12/2019): Updated existing record with 15 non-zero financial metrics
[2025-03-22 12:18:19,896] INFO: pfgc (3/2020): Updated existing record with 15 non-zero financial metrics
[2025-03-22 12:18:19,912] INFO: Trying adjusted date: 7/2020 (original: 6/2020)
[2025-03-22 12:18:19,926] WARNING: pfgc (6/2020): No existing record found(6/2020, 2020-06-27) - creating new one
[2025-03-22 12:18:19,926] INFO: pfgc (6/2020): Created new record with 19 non-zero financial metrics
[2025-03-22 12:18:19,955] INFO: pfgc (9/2020): Updated existing record with 18 non-zero financial metrics
[2025-03-22 12:18:19,985] INFO: pfgc (12/2020): Updated existing record with 15 non-zero financial metrics
[2025-03-22 12:18:20,018] INFO: pfgc (3/2021): Updated existing record with 15 non-zero financial metrics
[2025-03-22 12:18:20,038] INFO: Trying adjusted date: 6/2021 (original: 7/2021)
[2025-03-22 12:18:20,052] INFO: Found existing row with adjusted date: 6/2021
[2025-03-22 12:18:20,065] INFO: pfgc (6/2021): Updated existing record with 18 non-zero financial metrics
[2025-03-22 12:18:20,082] INFO: Trying adjusted date: 9/2021 (original: 10/2021)
[2025-03-22 12:18:20,096] INFO: Found existing row with adjusted date: 9/2021
[2025-03-22 12:18:20,110] INFO: pfgc (9/2021): Updated existing record with 18 non-zero financial metrics
[2025-03-22 12:18:20,126] INFO: Trying adjusted date: 12/2021 (original: 1/2022)
[2025-03-22 12:18:20,141] INFO: Found existing row with adjusted date: 12/2021
[2025-03-22 12:18:20,154] INFO: pfgc (12/2021): Updated existing record with 15 non-zero financial metrics
[2025-03-22 12:18:20,169] INFO: Trying adjusted date: 3/2022 (original: 4/2022)
[2025-03-22 12:18:20,182] INFO: Found existing row with adjusted date: 3/2022
[2025-03-22 12:18:20,196] INFO: pfgc (3/2022): Updated existing record with 15 non-zero financial metrics
[2025-03-22 12:18:20,212] INFO: Trying adjusted date: 6/2022 (original: 7/2022)
[2025-03-22 12:18:20,225] INFO: Found existing row with adjusted date: 6/2022
[2025-03-22 12:18:20,225] WARNING: pfgc (6/2022): Found zero values for fields: Share Repurchases
[2025-03-22 12:18:20,238] INFO: pfgc (6/2022): Updated existing record with 18 non-zero financial metrics
[2025-03-22 12:18:20,253] INFO: Trying adjusted date: 9/2022 (original: 10/2022)
[2025-03-22 12:18:20,267] INFO: Found existing row with adjusted date: 9/2022
[2025-03-22 12:18:20,280] INFO: pfgc (9/2022): Updated existing record with 18 non-zero financial metrics
[2025-03-22 12:18:20,311] INFO: pfgc (12/2022): Updated existing record with 15 non-zero financial metrics
[2025-03-22 12:18:20,327] INFO: Trying adjusted date: 3/2023 (original: 4/2023)
[2025-03-22 12:18:20,340] INFO: Found existing row with adjusted date: 3/2023
[2025-03-22 12:18:20,354] INFO: pfgc (3/2023): Updated existing record with 15 non-zero financial metrics
[2025-03-22 12:18:20,370] INFO: Trying adjusted date: 6/2023 (original: 7/2023)
[2025-03-22 12:18:20,384] INFO: Found existing row with adjusted date: 6/2023
[2025-03-22 12:18:20,399] INFO: pfgc (6/2023): Updated existing record with 19 non-zero financial metrics
[2025-03-22 12:18:20,428] INFO: pfgc (9/2023): Updated existing record with 19 non-zero financial metrics
[2025-03-22 12:18:20,457] INFO: pfgc (12/2023): Updated existing record with 15 non-zero financial metrics
[2025-03-22 12:18:20,489] INFO: pfgc (3/2024): Updated existing record with 15 non-zero financial metrics
[2025-03-22 12:18:20,519] INFO: pfgc (6/2024): Updated existing record with 19 non-zero financial metrics
[2025-03-22 12:18:20,547] INFO: pfgc (9/2024): Updated existing record with 19 non-zero financial metrics
[2025-03-22 12:18:20,563] INFO: Trying adjusted date: 1/2025 (original: 12/2024)
[2025-03-22 12:18:20,577] WARNING: pfgc (12/2024): No existing record found(12/2024, 2024-12-28) - creating new one
[2025-03-22 12:18:20,578] INFO: pfgc (12/2024): Created new record with 15 non-zero financial metrics
