[2025-03-22 10:08:07,276] INFO: Trying adjusted date: 7/2010 (original: 6/2010)
[2025-03-22 10:08:07,289] WARNING: phm (6/2010): No existing record found(6/2010, 2010-06-30) - creating new one
[2025-03-22 10:08:07,290] INFO: phm (6/2010): Created new record with 10 non-zero financial metrics
[2025-03-22 10:08:07,307] INFO: Trying adjusted date: 10/2010 (original: 9/2010)
[2025-03-22 10:08:07,321] WARNING: phm (9/2010): No existing record found(9/2010, 2010-09-30) - creating new one
[2025-03-22 10:08:07,321] INFO: phm (9/2010): Created new record with 10 non-zero financial metrics
[2025-03-22 10:08:07,337] INFO: Trying adjusted date: 1/2011 (original: 12/2010)
[2025-03-22 10:08:07,351] WARNING: phm (12/2010): No existing record found(12/2010, 2010-12-31) - creating new one
[2025-03-22 10:08:07,351] INFO: phm (12/2010): Created new record with 15 non-zero financial metrics
[2025-03-22 10:08:07,367] INFO: Trying adjusted date: 4/2011 (original: 3/2011)
[2025-03-22 10:08:07,381] WARNING: phm (3/2011): No existing record found(3/2011, 2011-03-31) - creating new one
[2025-03-22 10:08:07,381] INFO: phm (3/2011): Created new record with 15 non-zero financial metrics
[2025-03-22 10:08:07,397] INFO: Trying adjusted date: 7/2011 (original: 6/2011)
[2025-03-22 10:08:07,410] WARNING: phm (6/2011): No existing record found(6/2011, 2011-06-30) - creating new one
[2025-03-22 10:08:07,411] INFO: phm (6/2011): Created new record with 10 non-zero financial metrics
[2025-03-22 10:08:07,427] INFO: Trying adjusted date: 10/2011 (original: 9/2011)
[2025-03-22 10:08:07,442] WARNING: phm (9/2011): No existing record found(9/2011, 2011-09-30) - creating new one
[2025-03-22 10:08:07,442] INFO: phm (9/2011): Created new record with 9 non-zero financial metrics
[2025-03-22 10:08:07,458] INFO: Trying adjusted date: 1/2012 (original: 12/2011)
[2025-03-22 10:08:07,472] WARNING: phm (12/2011): Found zero values for fields: Goodwill
[2025-03-22 10:08:07,473] WARNING: phm (12/2011): No existing record found(12/2011, 2011-12-31) - creating new one
[2025-03-22 10:08:07,473] INFO: phm (12/2011): Created new record with 14 non-zero financial metrics
[2025-03-22 10:08:07,489] INFO: Trying adjusted date: 4/2012 (original: 3/2012)
[2025-03-22 10:08:07,502] WARNING: phm (3/2012): No existing record found(3/2012, 2012-03-31) - creating new one
[2025-03-22 10:08:07,503] INFO: phm (3/2012): Created new record with 14 non-zero financial metrics
[2025-03-22 10:08:07,519] INFO: Trying adjusted date: 7/2012 (original: 6/2012)
[2025-03-22 10:08:07,533] WARNING: phm (6/2012): No existing record found(6/2012, 2012-06-30) - creating new one
[2025-03-22 10:08:07,533] INFO: phm (6/2012): Created new record with 9 non-zero financial metrics
[2025-03-22 10:08:07,563] INFO: phm (9/2012): Updated existing record with 9 non-zero financial metrics
[2025-03-22 10:08:07,594] INFO: phm (12/2012): Updated existing record with 15 non-zero financial metrics
[2025-03-22 10:08:07,626] INFO: phm (3/2013): Updated existing record with 14 non-zero financial metrics
[2025-03-22 10:08:07,655] INFO: phm (6/2013): Updated existing record with 9 non-zero financial metrics
[2025-03-22 10:08:07,683] INFO: phm (9/2013): Updated existing record with 9 non-zero financial metrics
[2025-03-22 10:08:07,712] INFO: phm (12/2013): Updated existing record with 15 non-zero financial metrics
[2025-03-22 10:08:07,741] INFO: phm (3/2014): Updated existing record with 14 non-zero financial metrics
[2025-03-22 10:08:07,770] INFO: phm (6/2014): Updated existing record with 9 non-zero financial metrics
[2025-03-22 10:08:07,799] INFO: phm (9/2014): Updated existing record with 9 non-zero financial metrics
[2025-03-22 10:08:07,828] INFO: phm (12/2014): Updated existing record with 15 non-zero financial metrics
[2025-03-22 10:08:07,857] INFO: phm (3/2015): Updated existing record with 14 non-zero financial metrics
[2025-03-22 10:08:07,886] INFO: phm (6/2015): Updated existing record with 8 non-zero financial metrics
[2025-03-22 10:08:07,914] INFO: phm (9/2015): Updated existing record with 8 non-zero financial metrics
[2025-03-22 10:08:07,944] INFO: phm (12/2015): Updated existing record with 14 non-zero financial metrics
[2025-03-22 10:08:07,973] INFO: phm (3/2016): Updated existing record with 12 non-zero financial metrics
[2025-03-22 10:08:08,002] INFO: phm (6/2016): Updated existing record with 7 non-zero financial metrics
[2025-03-22 10:08:08,031] INFO: phm (9/2016): Updated existing record with 7 non-zero financial metrics
[2025-03-22 10:08:08,061] INFO: phm (12/2016): Updated existing record with 14 non-zero financial metrics
[2025-03-22 10:08:08,089] INFO: phm (3/2017): Updated existing record with 12 non-zero financial metrics
[2025-03-22 10:08:08,117] INFO: phm (6/2017): Updated existing record with 7 non-zero financial metrics
[2025-03-22 10:08:08,146] INFO: phm (9/2017): Updated existing record with 7 non-zero financial metrics
[2025-03-22 10:08:08,176] INFO: phm (12/2017): Updated existing record with 14 non-zero financial metrics
[2025-03-22 10:08:08,205] INFO: phm (3/2018): Updated existing record with 12 non-zero financial metrics
[2025-03-22 10:08:08,235] INFO: phm (6/2018): Updated existing record with 7 non-zero financial metrics
[2025-03-22 10:08:08,263] INFO: phm (9/2018): Updated existing record with 7 non-zero financial metrics
[2025-03-22 10:08:08,292] INFO: phm (12/2018): Updated existing record with 17 non-zero financial metrics
[2025-03-22 10:08:08,321] INFO: phm (3/2019): Updated existing record with 12 non-zero financial metrics
[2025-03-22 10:08:08,349] INFO: phm (6/2019): Updated existing record with 7 non-zero financial metrics
[2025-03-22 10:08:08,378] INFO: phm (9/2019): Updated existing record with 7 non-zero financial metrics
[2025-03-22 10:08:08,406] INFO: phm (12/2019): Updated existing record with 16 non-zero financial metrics
[2025-03-22 10:08:08,436] INFO: phm (3/2020): Updated existing record with 13 non-zero financial metrics
[2025-03-22 10:08:08,465] INFO: phm (6/2020): Updated existing record with 8 non-zero financial metrics
[2025-03-22 10:08:08,493] INFO: phm (9/2020): Updated existing record with 8 non-zero financial metrics
[2025-03-22 10:08:08,522] INFO: phm (12/2020): Updated existing record with 15 non-zero financial metrics
[2025-03-22 10:08:08,551] INFO: phm (3/2021): Updated existing record with 12 non-zero financial metrics
[2025-03-22 10:08:08,579] INFO: phm (6/2021): Updated existing record with 8 non-zero financial metrics
[2025-03-22 10:08:08,610] INFO: phm (9/2021): Updated existing record with 8 non-zero financial metrics
[2025-03-22 10:08:08,639] INFO: phm (12/2021): Updated existing record with 16 non-zero financial metrics
[2025-03-22 10:08:08,668] INFO: phm (3/2022): Updated existing record with 13 non-zero financial metrics
[2025-03-22 10:08:08,697] INFO: phm (6/2022): Updated existing record with 8 non-zero financial metrics
[2025-03-22 10:08:08,726] INFO: phm (9/2022): Updated existing record with 8 non-zero financial metrics
[2025-03-22 10:08:08,756] INFO: phm (12/2022): Updated existing record with 16 non-zero financial metrics
[2025-03-22 10:08:08,786] INFO: phm (3/2023): Updated existing record with 14 non-zero financial metrics
[2025-03-22 10:08:08,813] INFO: phm (6/2023): Updated existing record with 10 non-zero financial metrics
[2025-03-22 10:08:08,844] INFO: phm (9/2023): Updated existing record with 10 non-zero financial metrics
[2025-03-22 10:08:08,872] INFO: phm (12/2023): Updated existing record with 17 non-zero financial metrics
[2025-03-22 10:08:08,901] INFO: phm (3/2024): Updated existing record with 15 non-zero financial metrics
[2025-03-22 10:08:08,930] INFO: phm (6/2024): Updated existing record with 10 non-zero financial metrics
[2025-03-22 10:08:08,958] INFO: phm (9/2024): Updated existing record with 10 non-zero financial metrics
[2025-03-22 10:08:08,988] INFO: phm (12/2024): Updated existing record with 17 non-zero financial metrics
