[2025-03-22 06:40:12,176] INFO: pins (3/2019): Updated existing record with 17 non-zero financial metrics
[2025-03-22 06:40:12,215] INFO: pins (6/2019): Updated existing record with 13 non-zero financial metrics
[2025-03-22 06:40:12,242] INFO: pins (9/2019): Updated existing record with 13 non-zero financial metrics
[2025-03-22 06:40:12,271] INFO: pins (12/2019): Updated existing record with 16 non-zero financial metrics
[2025-03-22 06:40:12,300] INFO: pins (3/2020): Updated existing record with 16 non-zero financial metrics
[2025-03-22 06:40:12,328] INFO: pins (6/2020): Updated existing record with 13 non-zero financial metrics
[2025-03-22 06:40:12,343] INFO: Trying adjusted date: 10/2020 (original: 9/2020)
[2025-03-22 06:40:12,356] WARNING: pins (9/2020): No existing record found(9/2020, 2020-09-30) - creating new one
[2025-03-22 06:40:12,357] INFO: pins (9/2020): Created new record with 13 non-zero financial metrics
[2025-03-22 06:40:12,386] INFO: pins (12/2020): Updated existing record with 16 non-zero financial metrics
[2025-03-22 06:40:12,414] INFO: pins (3/2021): Updated existing record with 16 non-zero financial metrics
[2025-03-22 06:40:12,443] INFO: pins (6/2021): Updated existing record with 14 non-zero financial metrics
[2025-03-22 06:40:12,471] INFO: pins (9/2021): Updated existing record with 14 non-zero financial metrics
[2025-03-22 06:40:12,500] INFO: pins (12/2021): Updated existing record with 18 non-zero financial metrics
[2025-03-22 06:40:12,528] INFO: pins (3/2022): Updated existing record with 17 non-zero financial metrics
[2025-03-22 06:40:12,555] INFO: pins (6/2022): Updated existing record with 15 non-zero financial metrics
[2025-03-22 06:40:12,582] INFO: pins (9/2022): Updated existing record with 15 non-zero financial metrics
[2025-03-22 06:40:12,610] INFO: pins (12/2022): Updated existing record with 18 non-zero financial metrics
[2025-03-22 06:40:12,624] INFO: Trying adjusted date: 4/2023 (original: 3/2023)
[2025-03-22 06:40:12,637] WARNING: pins (3/2023): No existing record found(3/2023, 2023-03-31) - creating new one
[2025-03-22 06:40:12,638] INFO: pins (3/2023): Created new record with 18 non-zero financial metrics
[2025-03-22 06:40:12,665] INFO: pins (6/2023): Updated existing record with 14 non-zero financial metrics
[2025-03-22 06:40:12,692] INFO: pins (9/2023): Updated existing record with 14 non-zero financial metrics
[2025-03-22 06:40:12,720] INFO: pins (12/2023): Updated existing record with 19 non-zero financial metrics
[2025-03-22 06:40:12,734] WARNING: pins (3/2024): Found zero values for fields: Share Repurchases
[2025-03-22 06:40:12,749] INFO: pins (3/2024): Updated existing record with 18 non-zero financial metrics
[2025-03-22 06:40:12,777] INFO: pins (6/2024): Updated existing record with 15 non-zero financial metrics
[2025-03-22 06:40:12,804] INFO: pins (9/2024): Updated existing record with 15 non-zero financial metrics
[2025-03-22 06:40:12,819] INFO: Trying adjusted date: 1/2025 (original: 12/2024)
[2025-03-22 06:40:12,832] WARNING: pins (12/2024): No existing record found(12/2024, 2024-12-31) - creating new one
[2025-03-22 06:40:12,833] INFO: pins (12/2024): Created new record with 20 non-zero financial metrics
