[2025-03-22 14:49:12,512] INFO: plnt (6/2015): Updated existing record with 2 non-zero financial metrics
[2025-03-22 14:49:12,544] INFO: plnt (9/2015): Updated existing record with 13 non-zero financial metrics
[2025-03-22 14:49:12,576] INFO: plnt (12/2015): Updated existing record with 13 non-zero financial metrics
[2025-03-22 14:49:12,606] INFO: plnt (3/2016): Updated existing record with 13 non-zero financial metrics
[2025-03-22 14:49:12,637] INFO: plnt (6/2016): Updated existing record with 13 non-zero financial metrics
[2025-03-22 14:49:12,670] INFO: plnt (9/2016): Updated existing record with 12 non-zero financial metrics
[2025-03-22 14:49:12,702] INFO: plnt (12/2016): Updated existing record with 15 non-zero financial metrics
[2025-03-22 14:49:12,733] INFO: plnt (3/2017): Updated existing record with 13 non-zero financial metrics
[2025-03-22 14:49:12,764] INFO: plnt (6/2017): Updated existing record with 12 non-zero financial metrics
[2025-03-22 14:49:12,795] INFO: plnt (9/2017): Updated existing record with 12 non-zero financial metrics
[2025-03-22 14:49:12,828] INFO: plnt (12/2017): Updated existing record with 14 non-zero financial metrics
[2025-03-22 14:49:12,860] INFO: plnt (3/2018): Updated existing record with 17 non-zero financial metrics
[2025-03-22 14:49:12,891] INFO: plnt (6/2018): Updated existing record with 13 non-zero financial metrics
[2025-03-22 14:49:12,922] INFO: plnt (9/2018): Updated existing record with 14 non-zero financial metrics
[2025-03-22 14:49:12,953] INFO: plnt (12/2018): Updated existing record with 18 non-zero financial metrics
[2025-03-22 14:49:12,984] INFO: plnt (3/2019): Updated existing record with 18 non-zero financial metrics
[2025-03-22 14:49:13,015] INFO: plnt (6/2019): Updated existing record with 14 non-zero financial metrics
[2025-03-22 14:49:13,045] INFO: plnt (9/2019): Updated existing record with 14 non-zero financial metrics
[2025-03-22 14:49:13,077] INFO: plnt (12/2019): Updated existing record with 18 non-zero financial metrics
[2025-03-22 14:49:13,110] INFO: plnt (3/2020): Updated existing record with 18 non-zero financial metrics
[2025-03-22 14:49:13,140] INFO: plnt (6/2020): Updated existing record with 14 non-zero financial metrics
[2025-03-22 14:49:13,169] INFO: plnt (9/2020): Updated existing record with 14 non-zero financial metrics
[2025-03-22 14:49:13,185] WARNING: plnt (12/2020): Found zero values for fields: Share Repurchases
[2025-03-22 14:49:13,200] INFO: plnt (12/2020): Updated existing record with 17 non-zero financial metrics
[2025-03-22 14:49:13,230] INFO: plnt (3/2021): Updated existing record with 18 non-zero financial metrics
[2025-03-22 14:49:13,266] INFO: plnt (6/2021): Updated existing record with 14 non-zero financial metrics
[2025-03-22 14:49:13,298] INFO: plnt (9/2021): Updated existing record with 14 non-zero financial metrics
[2025-03-22 14:49:13,315] WARNING: plnt (12/2021): Found zero values for fields: Share Repurchases
[2025-03-22 14:49:13,330] INFO: plnt (12/2021): Updated existing record with 17 non-zero financial metrics
[2025-03-22 14:49:13,360] INFO: plnt (3/2022): Updated existing record with 18 non-zero financial metrics
[2025-03-22 14:49:13,390] INFO: plnt (6/2022): Updated existing record with 14 non-zero financial metrics
[2025-03-22 14:49:13,421] INFO: plnt (9/2022): Updated existing record with 14 non-zero financial metrics
[2025-03-22 14:49:13,452] INFO: plnt (12/2022): Updated existing record with 17 non-zero financial metrics
[2025-03-22 14:49:13,485] INFO: plnt (3/2023): Updated existing record with 19 non-zero financial metrics
[2025-03-22 14:49:13,516] INFO: plnt (6/2023): Updated existing record with 14 non-zero financial metrics
[2025-03-22 14:49:13,546] INFO: plnt (9/2023): Updated existing record with 14 non-zero financial metrics
[2025-03-22 14:49:13,578] INFO: plnt (12/2023): Updated existing record with 19 non-zero financial metrics
[2025-03-22 14:49:13,610] INFO: plnt (3/2024): Updated existing record with 19 non-zero financial metrics
[2025-03-22 14:49:13,640] INFO: plnt (6/2024): Updated existing record with 13 non-zero financial metrics
[2025-03-22 14:49:13,673] INFO: plnt (9/2024): Updated existing record with 13 non-zero financial metrics
[2025-03-22 14:49:13,689] INFO: Trying adjusted date: 1/2025 (original: 12/2024)
[2025-03-22 14:49:13,703] WARNING: plnt (12/2024): No existing record found(12/2024, 2024-12-31) - creating new one
[2025-03-22 14:49:13,704] INFO: plnt (12/2024): Created new record with 18 non-zero financial metrics
