[2025-03-21 22:38:02,407] INFO: Trying adjusted date: 4/2010 (original: 3/2010)
[2025-03-21 22:38:02,419] WARNING: pm (3/2010): No existing record found(3/2010, 2010-03-31) - creating new one
[2025-03-21 22:38:02,420] INFO: pm (3/2010): Created new record with 19 non-zero financial metrics
[2025-03-21 22:38:02,433] INFO: Trying adjusted date: 10/2010 (original: 9/2010)
[2025-03-21 22:38:02,445] WARNING: pm (9/2010): No existing record found(9/2010, 2010-09-30) - creating new one
[2025-03-21 22:38:02,445] INFO: pm (9/2010): Created new record with 15 non-zero financial metrics
[2025-03-21 22:38:02,458] INFO: Trying adjusted date: 1/2011 (original: 12/2010)
[2025-03-21 22:38:02,470] WARNING: pm (12/2010): No existing record found(12/2010, 2010-12-31) - creating new one
[2025-03-21 22:38:02,470] INFO: pm (12/2010): Created new record with 22 non-zero financial metrics
[2025-03-21 22:38:02,482] INFO: Trying adjusted date: 4/2011 (original: 3/2011)
[2025-03-21 22:38:02,494] WARNING: pm (3/2011): No existing record found(3/2011, 2011-03-31) - creating new one
[2025-03-21 22:38:02,494] INFO: pm (3/2011): Created new record with 20 non-zero financial metrics
[2025-03-21 22:38:02,507] INFO: Trying adjusted date: 7/2011 (original: 6/2011)
[2025-03-21 22:38:02,518] WARNING: pm (6/2011): No existing record found(6/2011, 2011-06-30) - creating new one
[2025-03-21 22:38:02,518] INFO: pm (6/2011): Created new record with 15 non-zero financial metrics
[2025-03-21 22:38:02,531] INFO: Trying adjusted date: 10/2011 (original: 9/2011)
[2025-03-21 22:38:02,542] WARNING: pm (9/2011): No existing record found(9/2011, 2011-09-30) - creating new one
[2025-03-21 22:38:02,543] INFO: pm (9/2011): Created new record with 15 non-zero financial metrics
[2025-03-21 22:38:02,555] INFO: Trying adjusted date: 1/2012 (original: 12/2011)
[2025-03-21 22:38:02,566] WARNING: pm (12/2011): No existing record found(12/2011, 2011-12-31) - creating new one
[2025-03-21 22:38:02,567] INFO: pm (12/2011): Created new record with 22 non-zero financial metrics
[2025-03-21 22:38:02,580] INFO: Trying adjusted date: 4/2012 (original: 3/2012)
[2025-03-21 22:38:02,591] WARNING: pm (3/2012): No existing record found(3/2012, 2012-03-31) - creating new one
[2025-03-21 22:38:02,592] INFO: pm (3/2012): Created new record with 20 non-zero financial metrics
[2025-03-21 22:38:02,606] INFO: Trying adjusted date: 7/2012 (original: 6/2012)
[2025-03-21 22:38:02,617] WARNING: pm (6/2012): No existing record found(6/2012, 2012-06-30) - creating new one
[2025-03-21 22:38:02,618] INFO: pm (6/2012): Created new record with 14 non-zero financial metrics
[2025-03-21 22:38:02,642] INFO: pm (9/2012): Updated existing record with 14 non-zero financial metrics
[2025-03-21 22:38:02,666] INFO: pm (12/2012): Updated existing record with 21 non-zero financial metrics
[2025-03-21 22:38:02,689] INFO: pm (3/2013): Updated existing record with 19 non-zero financial metrics
[2025-03-21 22:38:02,713] INFO: pm (6/2013): Updated existing record with 14 non-zero financial metrics
[2025-03-21 22:38:02,737] INFO: pm (9/2013): Updated existing record with 14 non-zero financial metrics
[2025-03-21 22:38:02,761] INFO: pm (12/2013): Updated existing record with 21 non-zero financial metrics
[2025-03-21 22:38:02,785] INFO: pm (3/2014): Updated existing record with 19 non-zero financial metrics
[2025-03-21 22:38:02,809] INFO: pm (6/2014): Updated existing record with 14 non-zero financial metrics
[2025-03-21 22:38:02,832] INFO: pm (9/2014): Updated existing record with 14 non-zero financial metrics
[2025-03-21 22:38:02,856] INFO: pm (12/2014): Updated existing record with 22 non-zero financial metrics
[2025-03-21 22:38:02,880] INFO: pm (3/2015): Updated existing record with 20 non-zero financial metrics
[2025-03-21 22:38:02,903] INFO: pm (6/2015): Updated existing record with 14 non-zero financial metrics
[2025-03-21 22:38:02,932] INFO: pm (9/2015): Updated existing record with 14 non-zero financial metrics
[2025-03-21 22:38:02,958] INFO: pm (12/2015): Updated existing record with 21 non-zero financial metrics
[2025-03-21 22:38:02,971] WARNING: pm (3/2016): Found zero values for fields: Share Repurchases
[2025-03-21 22:38:02,982] INFO: pm (3/2016): Updated existing record with 19 non-zero financial metrics
[2025-03-21 22:38:03,006] INFO: pm (6/2016): Updated existing record with 15 non-zero financial metrics
[2025-03-21 22:38:03,036] INFO: pm (9/2016): Updated existing record with 15 non-zero financial metrics
[2025-03-21 22:38:03,048] WARNING: pm (12/2016): Found zero values for fields: Share Repurchases
[2025-03-21 22:38:03,060] INFO: pm (12/2016): Updated existing record with 21 non-zero financial metrics
[2025-03-21 22:38:03,084] INFO: pm (3/2017): Updated existing record with 19 non-zero financial metrics
[2025-03-21 22:38:03,107] INFO: pm (6/2017): Updated existing record with 15 non-zero financial metrics
[2025-03-21 22:38:03,133] INFO: pm (9/2017): Updated existing record with 15 non-zero financial metrics
[2025-03-21 22:38:03,146] WARNING: pm (12/2017): Found zero values for fields: Share Repurchases
[2025-03-21 22:38:03,157] INFO: pm (12/2017): Updated existing record with 21 non-zero financial metrics
[2025-03-21 22:38:03,184] INFO: pm (3/2018): Updated existing record with 18 non-zero financial metrics
[2025-03-21 22:38:03,210] INFO: pm (6/2018): Updated existing record with 14 non-zero financial metrics
[2025-03-21 22:38:03,234] INFO: pm (9/2018): Updated existing record with 14 non-zero financial metrics
[2025-03-21 22:38:03,258] INFO: pm (12/2018): Updated existing record with 20 non-zero financial metrics
[2025-03-21 22:38:03,282] INFO: pm (3/2019): Updated existing record with 18 non-zero financial metrics
[2025-03-21 22:38:03,306] INFO: pm (6/2019): Updated existing record with 14 non-zero financial metrics
[2025-03-21 22:38:03,330] INFO: pm (9/2019): Updated existing record with 14 non-zero financial metrics
[2025-03-21 22:38:03,355] INFO: pm (12/2019): Updated existing record with 20 non-zero financial metrics
[2025-03-21 22:38:03,379] INFO: pm (3/2020): Updated existing record with 18 non-zero financial metrics
[2025-03-21 22:38:03,404] INFO: pm (6/2020): Updated existing record with 14 non-zero financial metrics
[2025-03-21 22:38:03,429] INFO: pm (9/2020): Updated existing record with 14 non-zero financial metrics
[2025-03-21 22:38:03,453] INFO: pm (12/2020): Updated existing record with 20 non-zero financial metrics
[2025-03-21 22:38:03,478] INFO: pm (3/2021): Updated existing record with 18 non-zero financial metrics
[2025-03-21 22:38:03,503] INFO: pm (6/2021): Updated existing record with 14 non-zero financial metrics
[2025-03-21 22:38:03,527] INFO: pm (9/2021): Updated existing record with 14 non-zero financial metrics
[2025-03-21 22:38:03,550] INFO: pm (12/2021): Updated existing record with 21 non-zero financial metrics
[2025-03-21 22:38:03,574] INFO: pm (3/2022): Updated existing record with 19 non-zero financial metrics
[2025-03-21 22:38:03,598] INFO: pm (6/2022): Updated existing record with 14 non-zero financial metrics
[2025-03-21 22:38:03,625] INFO: pm (9/2022): Updated existing record with 14 non-zero financial metrics
[2025-03-21 22:38:03,654] INFO: pm (12/2022): Updated existing record with 21 non-zero financial metrics
[2025-03-21 22:38:03,667] WARNING: pm (3/2023): Found zero values for fields: Share Repurchases
[2025-03-21 22:38:03,681] INFO: pm (3/2023): Updated existing record with 18 non-zero financial metrics
[2025-03-21 22:38:03,704] INFO: pm (6/2023): Updated existing record with 14 non-zero financial metrics
[2025-03-21 22:38:03,729] INFO: pm (9/2023): Updated existing record with 14 non-zero financial metrics
[2025-03-21 22:38:03,745] WARNING: pm (12/2023): Found zero values for fields: Share Repurchases
[2025-03-21 22:38:03,756] INFO: pm (12/2023): Updated existing record with 20 non-zero financial metrics
[2025-03-21 22:38:03,783] INFO: pm (3/2024): Updated existing record with 18 non-zero financial metrics
[2025-03-21 22:38:03,807] INFO: pm (6/2024): Updated existing record with 14 non-zero financial metrics
[2025-03-21 22:38:03,834] INFO: pm (9/2024): Updated existing record with 14 non-zero financial metrics
[2025-03-21 22:38:03,846] INFO: Trying adjusted date: 1/2025 (original: 12/2024)
[2025-03-21 22:38:03,858] WARNING: pm (12/2024): Found zero values for fields: Share Repurchases
[2025-03-21 22:38:03,858] WARNING: pm (12/2024): No existing record found(12/2024, 2024-12-31) - creating new one
[2025-03-21 22:38:03,858] INFO: pm (12/2024): Created new record with 19 non-zero financial metrics
