[2025-03-22 13:37:44,873] INFO: Trying adjusted date: 7/2011 (original: 6/2011)
[2025-03-22 13:37:44,887] WARNING: pnfp (6/2011): No existing record found(6/2011, 2011-06-30) - creating new one
[2025-03-22 13:37:44,887] INFO: pnfp (6/2011): Created new record with 9 non-zero financial metrics
[2025-03-22 13:37:44,905] INFO: Trying adjusted date: 10/2011 (original: 9/2011)
[2025-03-22 13:37:44,919] WARNING: pnfp (9/2011): No existing record found(9/2011, 2011-09-30) - creating new one
[2025-03-22 13:37:44,919] INFO: pnfp (9/2011): Created new record with 9 non-zero financial metrics
[2025-03-22 13:37:44,935] INFO: Trying adjusted date: 1/2012 (original: 12/2011)
[2025-03-22 13:37:44,949] WARNING: pnfp (12/2011): No existing record found(12/2011, 2011-12-31) - creating new one
[2025-03-22 13:37:44,949] INFO: pnfp (12/2011): Created new record with 13 non-zero financial metrics
[2025-03-22 13:37:44,965] INFO: Trying adjusted date: 4/2012 (original: 3/2012)
[2025-03-22 13:37:44,979] WARNING: pnfp (3/2012): No existing record found(3/2012, 2012-03-31) - creating new one
[2025-03-22 13:37:44,980] INFO: pnfp (3/2012): Created new record with 13 non-zero financial metrics
[2025-03-22 13:37:44,996] INFO: Trying adjusted date: 7/2012 (original: 6/2012)
[2025-03-22 13:37:45,012] WARNING: pnfp (6/2012): No existing record found(6/2012, 2012-06-30) - creating new one
[2025-03-22 13:37:45,013] INFO: pnfp (6/2012): Created new record with 8 non-zero financial metrics
[2025-03-22 13:37:45,042] INFO: pnfp (9/2012): Updated existing record with 8 non-zero financial metrics
[2025-03-22 13:37:45,073] INFO: pnfp (12/2012): Updated existing record with 12 non-zero financial metrics
[2025-03-22 13:37:45,102] INFO: pnfp (3/2013): Updated existing record with 12 non-zero financial metrics
[2025-03-22 13:37:45,134] INFO: pnfp (6/2013): Updated existing record with 8 non-zero financial metrics
[2025-03-22 13:37:45,165] INFO: pnfp (9/2013): Updated existing record with 8 non-zero financial metrics
[2025-03-22 13:37:45,198] INFO: pnfp (12/2013): Updated existing record with 12 non-zero financial metrics
[2025-03-22 13:37:45,228] INFO: pnfp (3/2014): Updated existing record with 12 non-zero financial metrics
[2025-03-22 13:37:45,259] INFO: pnfp (6/2014): Updated existing record with 8 non-zero financial metrics
[2025-03-22 13:37:45,290] INFO: pnfp (9/2014): Updated existing record with 8 non-zero financial metrics
[2025-03-22 13:37:45,323] INFO: pnfp (12/2014): Updated existing record with 12 non-zero financial metrics
[2025-03-22 13:37:45,353] INFO: pnfp (3/2015): Updated existing record with 13 non-zero financial metrics
[2025-03-22 13:37:45,384] INFO: pnfp (6/2015): Updated existing record with 8 non-zero financial metrics
[2025-03-22 13:37:45,415] INFO: pnfp (9/2015): Updated existing record with 9 non-zero financial metrics
[2025-03-22 13:37:45,447] INFO: pnfp (12/2015): Updated existing record with 12 non-zero financial metrics
[2025-03-22 13:37:45,482] INFO: pnfp (3/2016): Updated existing record with 13 non-zero financial metrics
[2025-03-22 13:37:45,513] INFO: pnfp (6/2016): Updated existing record with 9 non-zero financial metrics
[2025-03-22 13:37:45,543] INFO: pnfp (9/2016): Updated existing record with 9 non-zero financial metrics
[2025-03-22 13:37:45,574] INFO: pnfp (12/2016): Updated existing record with 13 non-zero financial metrics
[2025-03-22 13:37:45,604] INFO: pnfp (3/2017): Updated existing record with 13 non-zero financial metrics
[2025-03-22 13:37:45,633] INFO: pnfp (6/2017): Updated existing record with 9 non-zero financial metrics
[2025-03-22 13:37:45,664] INFO: pnfp (9/2017): Updated existing record with 9 non-zero financial metrics
[2025-03-22 13:37:45,695] INFO: pnfp (12/2017): Updated existing record with 13 non-zero financial metrics
[2025-03-22 13:37:45,725] INFO: pnfp (3/2018): Updated existing record with 13 non-zero financial metrics
[2025-03-22 13:37:45,755] INFO: pnfp (6/2018): Updated existing record with 8 non-zero financial metrics
[2025-03-22 13:37:45,786] INFO: pnfp (9/2018): Updated existing record with 8 non-zero financial metrics
[2025-03-22 13:37:45,816] INFO: pnfp (12/2018): Updated existing record with 14 non-zero financial metrics
[2025-03-22 13:37:45,847] INFO: pnfp (3/2019): Updated existing record with 14 non-zero financial metrics
[2025-03-22 13:37:45,878] INFO: pnfp (6/2019): Updated existing record with 9 non-zero financial metrics
[2025-03-22 13:37:45,909] INFO: pnfp (9/2019): Updated existing record with 9 non-zero financial metrics
[2025-03-22 13:37:45,938] INFO: pnfp (12/2019): Updated existing record with 14 non-zero financial metrics
[2025-03-22 13:37:45,969] INFO: pnfp (3/2020): Updated existing record with 14 non-zero financial metrics
[2025-03-22 13:37:45,999] INFO: pnfp (6/2020): Updated existing record with 9 non-zero financial metrics
[2025-03-22 13:37:46,030] INFO: pnfp (9/2020): Updated existing record with 9 non-zero financial metrics
[2025-03-22 13:37:46,060] INFO: pnfp (12/2020): Updated existing record with 14 non-zero financial metrics
[2025-03-22 13:37:46,078] WARNING: pnfp (3/2021): Found zero values for fields: Share Repurchases
[2025-03-22 13:37:46,091] INFO: pnfp (3/2021): Updated existing record with 13 non-zero financial metrics
[2025-03-22 13:37:46,123] INFO: pnfp (6/2021): Updated existing record with 9 non-zero financial metrics
[2025-03-22 13:37:46,156] INFO: pnfp (9/2021): Updated existing record with 9 non-zero financial metrics
[2025-03-22 13:37:46,174] WARNING: pnfp (12/2021): Found zero values for fields: Share Repurchases
[2025-03-22 13:37:46,188] INFO: pnfp (12/2021): Updated existing record with 13 non-zero financial metrics
[2025-03-22 13:37:46,220] INFO: pnfp (3/2022): Updated existing record with 13 non-zero financial metrics
[2025-03-22 13:37:46,251] INFO: pnfp (6/2022): Updated existing record with 9 non-zero financial metrics
[2025-03-22 13:37:46,281] INFO: pnfp (9/2022): Updated existing record with 9 non-zero financial metrics
[2025-03-22 13:37:46,298] WARNING: pnfp (12/2022): Found zero values for fields: Share Repurchases
[2025-03-22 13:37:46,312] INFO: pnfp (12/2022): Updated existing record with 13 non-zero financial metrics
[2025-03-22 13:37:46,343] INFO: pnfp (3/2023): Updated existing record with 13 non-zero financial metrics
[2025-03-22 13:37:46,374] INFO: pnfp (6/2023): Updated existing record with 9 non-zero financial metrics
[2025-03-22 13:37:46,404] INFO: pnfp (9/2023): Updated existing record with 9 non-zero financial metrics
[2025-03-22 13:37:46,434] INFO: pnfp (12/2023): Updated existing record with 13 non-zero financial metrics
[2025-03-22 13:37:46,463] INFO: pnfp (3/2024): Updated existing record with 13 non-zero financial metrics
[2025-03-22 13:37:46,494] INFO: pnfp (6/2024): Updated existing record with 9 non-zero financial metrics
[2025-03-22 13:37:46,524] INFO: pnfp (9/2024): Updated existing record with 8 non-zero financial metrics
[2025-03-22 13:37:46,554] INFO: pnfp (12/2024): Updated existing record with 12 non-zero financial metrics
