[2025-03-22 12:39:22,090] INFO: Trying adjusted date: 6/2010 (original: 7/2010)
[2025-03-22 12:39:22,103] WARNING: pnr (7/2010): No existing record found(7/2010, 2010-07-03) - creating new one
[2025-03-22 12:39:22,104] INFO: pnr (7/2010): Created new record with 14 non-zero financial metrics
[2025-03-22 12:39:22,124] INFO: Trying adjusted date: 9/2010 (original: 10/2010)
[2025-03-22 12:39:22,138] WARNING: pnr (10/2010): No existing record found(10/2010, 2010-10-02) - creating new one
[2025-03-22 12:39:22,141] INFO: pnr (10/2010): Created new record with 14 non-zero financial metrics
[2025-03-22 12:39:22,158] INFO: Trying adjusted date: 1/2011 (original: 12/2010)
[2025-03-22 12:39:22,173] WARNING: pnr (12/2010): No existing record found(12/2010, 2010-12-31) - creating new one
[2025-03-22 12:39:22,174] INFO: pnr (12/2010): Created new record with 20 non-zero financial metrics
[2025-03-22 12:39:22,190] INFO: Trying adjusted date: 3/2011 (original: 4/2011)
[2025-03-22 12:39:22,204] WARNING: pnr (4/2011): No existing record found(4/2011, 2011-04-02) - creating new one
[2025-03-22 12:39:22,205] INFO: pnr (4/2011): Created new record with 18 non-zero financial metrics
[2025-03-22 12:39:22,221] INFO: Trying adjusted date: 6/2011 (original: 7/2011)
[2025-03-22 12:39:22,234] WARNING: pnr (7/2011): No existing record found(7/2011, 2011-07-02) - creating new one
[2025-03-22 12:39:22,235] INFO: pnr (7/2011): Created new record with 14 non-zero financial metrics
[2025-03-22 12:39:22,251] INFO: Trying adjusted date: 9/2011 (original: 10/2011)
[2025-03-22 12:39:22,265] WARNING: pnr (10/2011): No existing record found(10/2011, 2011-10-01) - creating new one
[2025-03-22 12:39:22,266] INFO: pnr (10/2011): Created new record with 14 non-zero financial metrics
[2025-03-22 12:39:22,281] INFO: Trying adjusted date: 1/2012 (original: 12/2011)
[2025-03-22 12:39:22,295] WARNING: pnr (12/2011): No existing record found(12/2011, 2011-12-31) - creating new one
[2025-03-22 12:39:22,295] INFO: pnr (12/2011): Created new record with 20 non-zero financial metrics
[2025-03-22 12:39:22,311] INFO: Trying adjusted date: 4/2012 (original: 3/2012)
[2025-03-22 12:39:22,325] WARNING: pnr (3/2012): No existing record found(3/2012, 2012-03-31) - creating new one
[2025-03-22 12:39:22,325] INFO: pnr (3/2012): Created new record with 18 non-zero financial metrics
[2025-03-22 12:39:22,340] INFO: Trying adjusted date: 7/2012 (original: 6/2012)
[2025-03-22 12:39:22,355] WARNING: pnr (6/2012): No existing record found(6/2012, 2012-06-30) - creating new one
[2025-03-22 12:39:22,355] INFO: pnr (6/2012): Created new record with 14 non-zero financial metrics
[2025-03-22 12:39:22,384] INFO: pnr (9/2012): Updated existing record with 13 non-zero financial metrics
[2025-03-22 12:39:22,416] INFO: pnr (12/2012): Updated existing record with 20 non-zero financial metrics
[2025-03-22 12:39:22,445] INFO: pnr (3/2013): Updated existing record with 19 non-zero financial metrics
[2025-03-22 12:39:22,474] INFO: pnr (6/2013): Updated existing record with 14 non-zero financial metrics
[2025-03-22 12:39:22,506] INFO: pnr (9/2013): Updated existing record with 14 non-zero financial metrics
[2025-03-22 12:39:22,535] INFO: pnr (12/2013): Updated existing record with 20 non-zero financial metrics
[2025-03-22 12:39:22,565] INFO: pnr (3/2014): Updated existing record with 19 non-zero financial metrics
[2025-03-22 12:39:22,594] INFO: pnr (6/2014): Updated existing record with 14 non-zero financial metrics
[2025-03-22 12:39:22,623] INFO: pnr (9/2014): Updated existing record with 14 non-zero financial metrics
[2025-03-22 12:39:22,654] INFO: pnr (12/2014): Updated existing record with 20 non-zero financial metrics
[2025-03-22 12:39:22,684] INFO: pnr (3/2015): Updated existing record with 19 non-zero financial metrics
[2025-03-22 12:39:22,713] INFO: pnr (6/2015): Updated existing record with 14 non-zero financial metrics
[2025-03-22 12:39:22,744] INFO: pnr (9/2015): Updated existing record with 14 non-zero financial metrics
[2025-03-22 12:39:22,774] INFO: pnr (12/2015): Updated existing record with 19 non-zero financial metrics
[2025-03-22 12:39:22,790] WARNING: pnr (3/2016): Found zero values for fields: Share Repurchases
[2025-03-22 12:39:22,804] INFO: pnr (3/2016): Updated existing record with 18 non-zero financial metrics
[2025-03-22 12:39:22,834] INFO: pnr (6/2016): Updated existing record with 14 non-zero financial metrics
[2025-03-22 12:39:22,866] INFO: pnr (9/2016): Updated existing record with 14 non-zero financial metrics
[2025-03-22 12:39:22,881] WARNING: pnr (12/2016): Found zero values for fields: Share Repurchases
[2025-03-22 12:39:22,896] INFO: pnr (12/2016): Updated existing record with 19 non-zero financial metrics
[2025-03-22 12:39:22,926] INFO: pnr (3/2017): Updated existing record with 18 non-zero financial metrics
[2025-03-22 12:39:22,957] INFO: pnr (6/2017): Updated existing record with 14 non-zero financial metrics
[2025-03-22 12:39:22,987] INFO: pnr (9/2017): Updated existing record with 14 non-zero financial metrics
[2025-03-22 12:39:23,016] INFO: pnr (12/2017): Updated existing record with 20 non-zero financial metrics
[2025-03-22 12:39:23,047] INFO: pnr (3/2018): Updated existing record with 20 non-zero financial metrics
[2025-03-22 12:39:23,076] INFO: pnr (6/2018): Updated existing record with 15 non-zero financial metrics
[2025-03-22 12:39:23,106] INFO: pnr (9/2018): Updated existing record with 15 non-zero financial metrics
[2025-03-22 12:39:23,137] INFO: pnr (12/2018): Updated existing record with 21 non-zero financial metrics
[2025-03-22 12:39:23,153] WARNING: pnr (3/2019): Found zero values for fields: Share Repurchases
[2025-03-22 12:39:23,169] INFO: pnr (3/2019): Updated existing record with 19 non-zero financial metrics
[2025-03-22 12:39:23,198] INFO: pnr (6/2019): Updated existing record with 15 non-zero financial metrics
[2025-03-22 12:39:23,228] INFO: pnr (9/2019): Updated existing record with 15 non-zero financial metrics
[2025-03-22 12:39:23,258] INFO: pnr (12/2019): Updated existing record with 22 non-zero financial metrics
[2025-03-22 12:39:23,288] INFO: pnr (3/2020): Updated existing record with 19 non-zero financial metrics
[2025-03-22 12:39:23,319] INFO: pnr (6/2020): Updated existing record with 15 non-zero financial metrics
[2025-03-22 12:39:23,348] INFO: pnr (9/2020): Updated existing record with 15 non-zero financial metrics
[2025-03-22 12:39:23,378] INFO: pnr (12/2020): Updated existing record with 20 non-zero financial metrics
[2025-03-22 12:39:23,414] INFO: pnr (3/2021): Updated existing record with 20 non-zero financial metrics
[2025-03-22 12:39:23,444] INFO: pnr (6/2021): Updated existing record with 15 non-zero financial metrics
[2025-03-22 12:39:23,479] INFO: pnr (9/2021): Updated existing record with 15 non-zero financial metrics
[2025-03-22 12:39:23,511] INFO: pnr (12/2021): Updated existing record with 20 non-zero financial metrics
[2025-03-22 12:39:23,527] WARNING: pnr (3/2022): Found zero values for fields: Share Repurchases
[2025-03-22 12:39:23,540] INFO: pnr (3/2022): Updated existing record with 19 non-zero financial metrics
[2025-03-22 12:39:23,571] INFO: pnr (6/2022): Updated existing record with 15 non-zero financial metrics
[2025-03-22 12:39:23,602] INFO: pnr (9/2022): Updated existing record with 15 non-zero financial metrics
[2025-03-22 12:39:23,632] INFO: pnr (12/2022): Updated existing record with 20 non-zero financial metrics
[2025-03-22 12:39:23,662] INFO: pnr (3/2023): Updated existing record with 19 non-zero financial metrics
[2025-03-22 12:39:23,692] INFO: pnr (6/2023): Updated existing record with 15 non-zero financial metrics
[2025-03-22 12:39:23,722] INFO: pnr (9/2023): Updated existing record with 15 non-zero financial metrics
[2025-03-22 12:39:23,740] WARNING: pnr (12/2023): Found zero values for fields: Share Repurchases
[2025-03-22 12:39:23,754] INFO: pnr (12/2023): Updated existing record with 19 non-zero financial metrics
[2025-03-22 12:39:23,785] INFO: pnr (3/2024): Updated existing record with 19 non-zero financial metrics
[2025-03-22 12:39:23,817] INFO: pnr (6/2024): Updated existing record with 15 non-zero financial metrics
[2025-03-22 12:39:23,846] INFO: pnr (9/2024): Updated existing record with 14 non-zero financial metrics
[2025-03-22 12:39:23,876] INFO: pnr (12/2024): Updated existing record with 20 non-zero financial metrics
