[2025-03-22 15:18:36,780] INFO: Trying adjusted date: 1/2012 (original: 12/2011)
[2025-03-22 15:18:36,794] WARNING: post (12/2011): No existing record found(12/2011, 2011-12-31) - creating new one
[2025-03-22 15:18:36,795] INFO: post (12/2011): Created new record with 14 non-zero financial metrics
[2025-03-22 15:18:36,814] INFO: Trying adjusted date: 4/2012 (original: 3/2012)
[2025-03-22 15:18:36,828] WARNING: post (3/2012): No existing record found(3/2012, 2012-03-31) - creating new one
[2025-03-22 15:18:36,829] INFO: post (3/2012): Created new record with 13 non-zero financial metrics
[2025-03-22 15:18:36,845] INFO: Trying adjusted date: 7/2012 (original: 6/2012)
[2025-03-22 15:18:36,859] WARNING: post (6/2012): No existing record found(6/2012, 2012-06-30) - creating new one
[2025-03-22 15:18:36,860] INFO: post (6/2012): Created new record with 15 non-zero financial metrics
[2025-03-22 15:18:36,891] INFO: post (9/2012): Updated existing record with 21 non-zero financial metrics
[2025-03-22 15:18:36,923] INFO: post (12/2012): Updated existing record with 18 non-zero financial metrics
[2025-03-22 15:18:36,955] INFO: post (3/2013): Updated existing record with 15 non-zero financial metrics
[2025-03-22 15:18:36,988] INFO: post (6/2013): Updated existing record with 15 non-zero financial metrics
[2025-03-22 15:18:37,006] WARNING: post (9/2013): Found zero values for fields: Share Repurchases
[2025-03-22 15:18:37,020] INFO: post (9/2013): Updated existing record with 20 non-zero financial metrics
[2025-03-22 15:18:37,051] INFO: post (12/2013): Updated existing record with 18 non-zero financial metrics
[2025-03-22 15:18:37,082] INFO: post (3/2014): Updated existing record with 15 non-zero financial metrics
[2025-03-22 15:18:37,112] INFO: post (6/2014): Updated existing record with 15 non-zero financial metrics
[2025-03-22 15:18:37,129] WARNING: post (9/2014): Found zero values for fields: Share Repurchases
[2025-03-22 15:18:37,144] INFO: post (9/2014): Updated existing record with 20 non-zero financial metrics
[2025-03-22 15:18:37,175] INFO: post (12/2014): Updated existing record with 18 non-zero financial metrics
[2025-03-22 15:18:37,207] INFO: post (3/2015): Updated existing record with 15 non-zero financial metrics
[2025-03-22 15:18:37,224] INFO: Trying adjusted date: 7/2015 (original: 6/2015)
[2025-03-22 15:18:37,238] WARNING: post (6/2015): No existing record found(6/2015, 2015-06-30) - creating new one
[2025-03-22 15:18:37,239] INFO: post (6/2015): Created new record with 15 non-zero financial metrics
[2025-03-22 15:18:37,270] INFO: post (9/2015): Updated existing record with 20 non-zero financial metrics
[2025-03-22 15:18:37,300] INFO: post (12/2015): Updated existing record with 18 non-zero financial metrics
[2025-03-22 15:18:37,330] INFO: post (3/2016): Updated existing record with 15 non-zero financial metrics
[2025-03-22 15:18:37,349] WARNING: post (6/2016): Found zero values for fields: EPS Diluted
[2025-03-22 15:18:37,364] INFO: post (6/2016): Updated existing record with 14 non-zero financial metrics
[2025-03-22 15:18:37,393] INFO: post (9/2016): Updated existing record with 20 non-zero financial metrics
[2025-03-22 15:18:37,423] INFO: post (12/2016): Updated existing record with 19 non-zero financial metrics
[2025-03-22 15:18:37,455] INFO: post (3/2017): Updated existing record with 15 non-zero financial metrics
[2025-03-22 15:18:37,486] INFO: post (6/2017): Updated existing record with 16 non-zero financial metrics
[2025-03-22 15:18:37,517] INFO: post (9/2017): Updated existing record with 20 non-zero financial metrics
[2025-03-22 15:18:37,547] INFO: post (12/2017): Updated existing record with 18 non-zero financial metrics
[2025-03-22 15:18:37,578] INFO: post (3/2018): Updated existing record with 14 non-zero financial metrics
[2025-03-22 15:18:37,609] INFO: post (6/2018): Updated existing record with 14 non-zero financial metrics
[2025-03-22 15:18:37,643] INFO: post (9/2018): Updated existing record with 21 non-zero financial metrics
[2025-03-22 15:18:37,675] INFO: post (12/2018): Updated existing record with 19 non-zero financial metrics
[2025-03-22 15:18:37,707] INFO: post (3/2019): Updated existing record with 15 non-zero financial metrics
[2025-03-22 15:18:37,738] INFO: post (6/2019): Updated existing record with 15 non-zero financial metrics
[2025-03-22 15:18:37,768] INFO: post (9/2019): Updated existing record with 21 non-zero financial metrics
[2025-03-22 15:18:37,800] INFO: post (12/2019): Updated existing record with 19 non-zero financial metrics
[2025-03-22 15:18:37,833] INFO: post (3/2020): Updated existing record with 15 non-zero financial metrics
[2025-03-22 15:18:37,866] INFO: post (6/2020): Updated existing record with 15 non-zero financial metrics
[2025-03-22 15:18:37,897] INFO: post (9/2020): Updated existing record with 21 non-zero financial metrics
[2025-03-22 15:18:37,927] INFO: post (12/2020): Updated existing record with 19 non-zero financial metrics
[2025-03-22 15:18:37,960] INFO: post (3/2021): Updated existing record with 15 non-zero financial metrics
[2025-03-22 15:18:37,991] INFO: post (6/2021): Updated existing record with 15 non-zero financial metrics
[2025-03-22 15:18:38,021] INFO: post (9/2021): Updated existing record with 21 non-zero financial metrics
[2025-03-22 15:18:38,050] INFO: post (12/2021): Updated existing record with 19 non-zero financial metrics
[2025-03-22 15:18:38,082] INFO: post (3/2022): Updated existing record with 15 non-zero financial metrics
[2025-03-22 15:18:38,114] INFO: post (6/2022): Updated existing record with 15 non-zero financial metrics
[2025-03-22 15:18:38,145] INFO: post (9/2022): Updated existing record with 20 non-zero financial metrics
[2025-03-22 15:18:38,176] INFO: post (12/2022): Updated existing record with 19 non-zero financial metrics
[2025-03-22 15:18:38,208] INFO: post (3/2023): Updated existing record with 15 non-zero financial metrics
[2025-03-22 15:18:38,241] INFO: post (6/2023): Updated existing record with 15 non-zero financial metrics
[2025-03-22 15:18:38,272] INFO: post (9/2023): Updated existing record with 18 non-zero financial metrics
[2025-03-22 15:18:38,302] INFO: post (12/2023): Updated existing record with 17 non-zero financial metrics
[2025-03-22 15:18:38,334] INFO: post (3/2024): Updated existing record with 14 non-zero financial metrics
[2025-03-22 15:18:38,364] INFO: post (6/2024): Updated existing record with 14 non-zero financial metrics
[2025-03-22 15:18:38,395] INFO: post (9/2024): Updated existing record with 18 non-zero financial metrics
[2025-03-22 15:18:38,411] INFO: Trying adjusted date: 1/2025 (original: 12/2024)
[2025-03-22 15:18:38,426] WARNING: post (12/2024): No existing record found(12/2024, 2024-12-31) - creating new one
[2025-03-22 15:18:38,426] INFO: post (12/2024): Created new record with 17 non-zero financial metrics
