[2025-03-22 03:57:23,268] INFO: Trying adjusted date: 4/2010 (original: 3/2010)
[2025-03-22 03:57:23,281] WARNING: ppg (3/2010): No existing record found(3/2010, 2010-03-31) - creating new one
[2025-03-22 03:57:23,281] INFO: ppg (3/2010): Created new record with 15 non-zero financial metrics
[2025-03-22 03:57:23,297] INFO: Trying adjusted date: 7/2010 (original: 6/2010)
[2025-03-22 03:57:23,309] WARNING: ppg (6/2010): No existing record found(6/2010, 2010-06-30) - creating new one
[2025-03-22 03:57:23,310] INFO: ppg (6/2010): Created new record with 12 non-zero financial metrics
[2025-03-22 03:57:23,324] INFO: Trying adjusted date: 10/2010 (original: 9/2010)
[2025-03-22 03:57:23,336] WARNING: ppg (9/2010): No existing record found(9/2010, 2010-09-30) - creating new one
[2025-03-22 03:57:23,337] INFO: ppg (9/2010): Created new record with 12 non-zero financial metrics
[2025-03-22 03:57:23,350] INFO: Trying adjusted date: 1/2011 (original: 12/2010)
[2025-03-22 03:57:23,363] WARNING: ppg (12/2010): No existing record found(12/2010, 2010-12-31) - creating new one
[2025-03-22 03:57:23,363] INFO: ppg (12/2010): Created new record with 20 non-zero financial metrics
[2025-03-22 03:57:23,377] INFO: Trying adjusted date: 4/2011 (original: 3/2011)
[2025-03-22 03:57:23,390] WARNING: ppg (3/2011): No existing record found(3/2011, 2011-03-31) - creating new one
[2025-03-22 03:57:23,390] INFO: ppg (3/2011): Created new record with 17 non-zero financial metrics
[2025-03-22 03:57:23,404] INFO: Trying adjusted date: 7/2011 (original: 6/2011)
[2025-03-22 03:57:23,417] WARNING: ppg (6/2011): No existing record found(6/2011, 2011-06-30) - creating new one
[2025-03-22 03:57:23,417] INFO: ppg (6/2011): Created new record with 13 non-zero financial metrics
[2025-03-22 03:57:23,431] INFO: Trying adjusted date: 10/2011 (original: 9/2011)
[2025-03-22 03:57:23,443] WARNING: ppg (9/2011): No existing record found(9/2011, 2011-09-30) - creating new one
[2025-03-22 03:57:23,444] INFO: ppg (9/2011): Created new record with 13 non-zero financial metrics
[2025-03-22 03:57:23,457] INFO: Trying adjusted date: 1/2012 (original: 12/2011)
[2025-03-22 03:57:23,469] WARNING: ppg (12/2011): No existing record found(12/2011, 2011-12-31) - creating new one
[2025-03-22 03:57:23,470] INFO: ppg (12/2011): Created new record with 21 non-zero financial metrics
[2025-03-22 03:57:23,484] INFO: Trying adjusted date: 4/2012 (original: 3/2012)
[2025-03-22 03:57:23,496] WARNING: ppg (3/2012): No existing record found(3/2012, 2012-03-31) - creating new one
[2025-03-22 03:57:23,496] INFO: ppg (3/2012): Created new record with 18 non-zero financial metrics
[2025-03-22 03:57:23,510] INFO: Trying adjusted date: 7/2012 (original: 6/2012)
[2025-03-22 03:57:23,523] WARNING: ppg (6/2012): No existing record found(6/2012, 2012-06-30) - creating new one
[2025-03-22 03:57:23,523] INFO: ppg (6/2012): Created new record with 13 non-zero financial metrics
[2025-03-22 03:57:23,549] INFO: ppg (9/2012): Updated existing record with 13 non-zero financial metrics
[2025-03-22 03:57:23,575] INFO: ppg (12/2012): Updated existing record with 21 non-zero financial metrics
[2025-03-22 03:57:23,602] INFO: ppg (3/2013): Updated existing record with 18 non-zero financial metrics
[2025-03-22 03:57:23,629] INFO: ppg (6/2013): Updated existing record with 13 non-zero financial metrics
[2025-03-22 03:57:23,655] INFO: ppg (9/2013): Updated existing record with 13 non-zero financial metrics
[2025-03-22 03:57:23,681] INFO: ppg (12/2013): Updated existing record with 21 non-zero financial metrics
[2025-03-22 03:57:23,708] INFO: ppg (3/2014): Updated existing record with 18 non-zero financial metrics
[2025-03-22 03:57:23,735] INFO: ppg (6/2014): Updated existing record with 13 non-zero financial metrics
[2025-03-22 03:57:23,764] INFO: ppg (9/2014): Updated existing record with 13 non-zero financial metrics
[2025-03-22 03:57:23,791] INFO: ppg (12/2014): Updated existing record with 21 non-zero financial metrics
[2025-03-22 03:57:23,816] INFO: ppg (3/2015): Updated existing record with 18 non-zero financial metrics
[2025-03-22 03:57:23,842] INFO: ppg (6/2015): Updated existing record with 13 non-zero financial metrics
[2025-03-22 03:57:23,868] INFO: ppg (9/2015): Updated existing record with 13 non-zero financial metrics
[2025-03-22 03:57:23,895] INFO: ppg (12/2015): Updated existing record with 21 non-zero financial metrics
[2025-03-22 03:57:23,921] INFO: ppg (3/2016): Updated existing record with 18 non-zero financial metrics
[2025-03-22 03:57:23,948] INFO: ppg (6/2016): Updated existing record with 13 non-zero financial metrics
[2025-03-22 03:57:23,975] INFO: ppg (9/2016): Updated existing record with 13 non-zero financial metrics
[2025-03-22 03:57:24,002] INFO: ppg (12/2016): Updated existing record with 21 non-zero financial metrics
[2025-03-22 03:57:24,029] INFO: ppg (3/2017): Updated existing record with 18 non-zero financial metrics
[2025-03-22 03:57:24,056] INFO: ppg (6/2017): Updated existing record with 13 non-zero financial metrics
[2025-03-22 03:57:24,081] INFO: ppg (9/2017): Updated existing record with 13 non-zero financial metrics
[2025-03-22 03:57:24,109] INFO: ppg (12/2017): Updated existing record with 21 non-zero financial metrics
[2025-03-22 03:57:24,137] INFO: ppg (3/2018): Updated existing record with 18 non-zero financial metrics
[2025-03-22 03:57:24,164] INFO: ppg (6/2018): Updated existing record with 13 non-zero financial metrics
[2025-03-22 03:57:24,191] INFO: ppg (9/2018): Updated existing record with 13 non-zero financial metrics
[2025-03-22 03:57:24,223] INFO: ppg (12/2018): Updated existing record with 21 non-zero financial metrics
[2025-03-22 03:57:24,253] INFO: ppg (3/2019): Updated existing record with 19 non-zero financial metrics
[2025-03-22 03:57:24,280] INFO: ppg (6/2019): Updated existing record with 14 non-zero financial metrics
[2025-03-22 03:57:24,309] INFO: ppg (9/2019): Updated existing record with 14 non-zero financial metrics
[2025-03-22 03:57:24,337] INFO: ppg (12/2019): Updated existing record with 22 non-zero financial metrics
[2025-03-22 03:57:24,350] WARNING: ppg (3/2020): Found zero values for fields: Share Repurchases
[2025-03-22 03:57:24,364] INFO: ppg (3/2020): Updated existing record with 19 non-zero financial metrics
[2025-03-22 03:57:24,390] INFO: ppg (6/2020): Updated existing record with 15 non-zero financial metrics
[2025-03-22 03:57:24,419] INFO: ppg (9/2020): Updated existing record with 15 non-zero financial metrics
[2025-03-22 03:57:24,433] WARNING: ppg (12/2020): Found zero values for fields: Share Repurchases
[2025-03-22 03:57:24,446] INFO: ppg (12/2020): Updated existing record with 21 non-zero financial metrics
[2025-03-22 03:57:24,474] INFO: ppg (3/2021): Updated existing record with 19 non-zero financial metrics
[2025-03-22 03:57:24,500] INFO: ppg (6/2021): Updated existing record with 15 non-zero financial metrics
[2025-03-22 03:57:24,527] INFO: ppg (9/2021): Updated existing record with 15 non-zero financial metrics
[2025-03-22 03:57:24,556] INFO: ppg (12/2021): Updated existing record with 22 non-zero financial metrics
[2025-03-22 03:57:24,583] INFO: ppg (3/2022): Updated existing record with 20 non-zero financial metrics
[2025-03-22 03:57:24,609] INFO: ppg (6/2022): Updated existing record with 15 non-zero financial metrics
[2025-03-22 03:57:24,636] INFO: ppg (9/2022): Updated existing record with 15 non-zero financial metrics
[2025-03-22 03:57:24,663] INFO: ppg (12/2022): Updated existing record with 22 non-zero financial metrics
[2025-03-22 03:57:24,677] WARNING: ppg (3/2023): Found zero values for fields: Share Repurchases
[2025-03-22 03:57:24,690] INFO: ppg (3/2023): Updated existing record with 19 non-zero financial metrics
[2025-03-22 03:57:24,717] INFO: ppg (6/2023): Updated existing record with 15 non-zero financial metrics
[2025-03-22 03:57:24,744] INFO: ppg (9/2023): Updated existing record with 15 non-zero financial metrics
[2025-03-22 03:57:24,771] INFO: ppg (12/2023): Updated existing record with 22 non-zero financial metrics
[2025-03-22 03:57:24,798] INFO: ppg (3/2024): Updated existing record with 20 non-zero financial metrics
[2025-03-22 03:57:24,823] INFO: ppg (6/2024): Updated existing record with 15 non-zero financial metrics
[2025-03-22 03:57:24,849] INFO: ppg (9/2024): Updated existing record with 15 non-zero financial metrics
[2025-03-22 03:57:24,876] INFO: ppg (12/2024): Updated existing record with 20 non-zero financial metrics
