[2025-03-22 05:20:26,330] INFO: Trying adjusted date: 4/2010 (original: 3/2010)
[2025-03-22 05:20:26,342] WARNING: ppl (3/2010): No existing record found(3/2010, 2010-03-31) - creating new one
[2025-03-22 05:20:26,343] INFO: ppl (3/2010): Created new record with 15 non-zero financial metrics
[2025-03-22 05:20:26,359] INFO: Trying adjusted date: 10/2010 (original: 9/2010)
[2025-03-22 05:20:26,372] WARNING: ppl (9/2010): No existing record found(9/2010, 2010-09-30) - creating new one
[2025-03-22 05:20:26,373] INFO: ppl (9/2010): Created new record with 11 non-zero financial metrics
[2025-03-22 05:20:26,387] INFO: Trying adjusted date: 1/2011 (original: 12/2010)
[2025-03-22 05:20:26,400] WARNING: ppl (12/2010): No existing record found(12/2010, 2010-12-31) - creating new one
[2025-03-22 05:20:26,400] INFO: ppl (12/2010): Created new record with 16 non-zero financial metrics
[2025-03-22 05:20:26,415] INFO: Trying adjusted date: 4/2011 (original: 3/2011)
[2025-03-22 05:20:26,427] WARNING: ppl (3/2011): No existing record found(3/2011, 2011-03-31) - creating new one
[2025-03-22 05:20:26,428] INFO: ppl (3/2011): Created new record with 15 non-zero financial metrics
[2025-03-22 05:20:26,444] INFO: Trying adjusted date: 7/2011 (original: 6/2011)
[2025-03-22 05:20:26,457] WARNING: ppl (6/2011): No existing record found(6/2011, 2011-06-30) - creating new one
[2025-03-22 05:20:26,458] INFO: ppl (6/2011): Created new record with 11 non-zero financial metrics
[2025-03-22 05:20:26,474] INFO: Trying adjusted date: 10/2011 (original: 9/2011)
[2025-03-22 05:20:26,486] WARNING: ppl (9/2011): No existing record found(9/2011, 2011-09-30) - creating new one
[2025-03-22 05:20:26,487] INFO: ppl (9/2011): Created new record with 12 non-zero financial metrics
[2025-03-22 05:20:26,501] INFO: Trying adjusted date: 1/2012 (original: 12/2011)
[2025-03-22 05:20:26,514] WARNING: ppl (12/2011): No existing record found(12/2011, 2011-12-31) - creating new one
[2025-03-22 05:20:26,515] INFO: ppl (12/2011): Created new record with 18 non-zero financial metrics
[2025-03-22 05:20:26,528] INFO: Trying adjusted date: 4/2012 (original: 3/2012)
[2025-03-22 05:20:26,541] WARNING: ppl (3/2012): No existing record found(3/2012, 2012-03-31) - creating new one
[2025-03-22 05:20:26,541] INFO: ppl (3/2012): Created new record with 17 non-zero financial metrics
[2025-03-22 05:20:26,555] INFO: Trying adjusted date: 7/2012 (original: 6/2012)
[2025-03-22 05:20:26,568] WARNING: ppl (6/2012): No existing record found(6/2012, 2012-06-30) - creating new one
[2025-03-22 05:20:26,568] INFO: ppl (6/2012): Created new record with 13 non-zero financial metrics
[2025-03-22 05:20:26,584] INFO: Trying adjusted date: 10/2012 (original: 9/2012)
[2025-03-22 05:20:26,596] WARNING: ppl (9/2012): No existing record found(9/2012, 2012-09-30) - creating new one
[2025-03-22 05:20:26,597] INFO: ppl (9/2012): Created new record with 13 non-zero financial metrics
[2025-03-22 05:20:26,624] INFO: ppl (12/2012): Updated existing record with 18 non-zero financial metrics
[2025-03-22 05:20:26,650] INFO: ppl (3/2013): Updated existing record with 16 non-zero financial metrics
[2025-03-22 05:20:26,676] INFO: ppl (6/2013): Updated existing record with 12 non-zero financial metrics
[2025-03-22 05:20:26,706] INFO: ppl (9/2013): Updated existing record with 12 non-zero financial metrics
[2025-03-22 05:20:26,733] INFO: ppl (12/2013): Updated existing record with 18 non-zero financial metrics
[2025-03-22 05:20:26,758] INFO: ppl (3/2014): Updated existing record with 13 non-zero financial metrics
[2025-03-22 05:20:26,786] INFO: ppl (6/2014): Updated existing record with 12 non-zero financial metrics
[2025-03-22 05:20:26,813] INFO: ppl (9/2014): Updated existing record with 12 non-zero financial metrics
[2025-03-22 05:20:26,826] WARNING: ppl (12/2014): Found zero values for fields: Share Repurchases
[2025-03-22 05:20:26,839] INFO: ppl (12/2014): Updated existing record with 17 non-zero financial metrics
[2025-03-22 05:20:26,866] INFO: ppl (3/2015): Updated existing record with 16 non-zero financial metrics
[2025-03-22 05:20:26,892] INFO: ppl (6/2015): Updated existing record with 12 non-zero financial metrics
[2025-03-22 05:20:26,919] INFO: ppl (9/2015): Updated existing record with 12 non-zero financial metrics
[2025-03-22 05:20:26,934] WARNING: ppl (12/2015): Found zero values for fields: Share Repurchases
[2025-03-22 05:20:26,946] INFO: ppl (12/2015): Updated existing record with 17 non-zero financial metrics
[2025-03-22 05:20:26,975] INFO: ppl (3/2016): Updated existing record with 16 non-zero financial metrics
[2025-03-22 05:20:27,002] INFO: ppl (6/2016): Updated existing record with 12 non-zero financial metrics
[2025-03-22 05:20:27,029] INFO: ppl (9/2016): Updated existing record with 12 non-zero financial metrics
[2025-03-22 05:20:27,056] INFO: ppl (12/2016): Updated existing record with 16 non-zero financial metrics
[2025-03-22 05:20:27,083] INFO: ppl (3/2017): Updated existing record with 16 non-zero financial metrics
[2025-03-22 05:20:27,110] INFO: ppl (6/2017): Updated existing record with 12 non-zero financial metrics
[2025-03-22 05:20:27,137] INFO: ppl (9/2017): Updated existing record with 12 non-zero financial metrics
[2025-03-22 05:20:27,164] INFO: ppl (12/2017): Updated existing record with 16 non-zero financial metrics
[2025-03-22 05:20:27,192] INFO: ppl (3/2018): Updated existing record with 17 non-zero financial metrics
[2025-03-22 05:20:27,219] INFO: ppl (6/2018): Updated existing record with 13 non-zero financial metrics
[2025-03-22 05:20:27,248] INFO: ppl (9/2018): Updated existing record with 13 non-zero financial metrics
[2025-03-22 05:20:27,274] INFO: ppl (12/2018): Updated existing record with 17 non-zero financial metrics
[2025-03-22 05:20:27,301] INFO: ppl (3/2019): Updated existing record with 17 non-zero financial metrics
[2025-03-22 05:20:27,327] INFO: ppl (6/2019): Updated existing record with 13 non-zero financial metrics
[2025-03-22 05:20:27,354] INFO: ppl (9/2019): Updated existing record with 13 non-zero financial metrics
[2025-03-22 05:20:27,381] INFO: ppl (12/2019): Updated existing record with 18 non-zero financial metrics
[2025-03-22 05:20:27,408] INFO: ppl (3/2020): Updated existing record with 17 non-zero financial metrics
[2025-03-22 05:20:27,437] INFO: ppl (6/2020): Updated existing record with 13 non-zero financial metrics
[2025-03-22 05:20:27,464] INFO: ppl (9/2020): Updated existing record with 13 non-zero financial metrics
[2025-03-22 05:20:27,491] INFO: ppl (12/2020): Updated existing record with 18 non-zero financial metrics
[2025-03-22 05:20:27,520] INFO: ppl (3/2021): Updated existing record with 16 non-zero financial metrics
[2025-03-22 05:20:27,547] INFO: ppl (6/2021): Updated existing record with 12 non-zero financial metrics
[2025-03-22 05:20:27,575] INFO: ppl (9/2021): Updated existing record with 12 non-zero financial metrics
[2025-03-22 05:20:27,603] INFO: ppl (12/2021): Updated existing record with 19 non-zero financial metrics
[2025-03-22 05:20:27,630] INFO: ppl (3/2022): Updated existing record with 16 non-zero financial metrics
[2025-03-22 05:20:27,656] INFO: ppl (6/2022): Updated existing record with 12 non-zero financial metrics
[2025-03-22 05:20:27,683] INFO: ppl (9/2022): Updated existing record with 13 non-zero financial metrics
[2025-03-22 05:20:27,698] WARNING: ppl (12/2022): Found zero values for fields: Share Repurchases
[2025-03-22 05:20:27,710] INFO: ppl (12/2022): Updated existing record with 18 non-zero financial metrics
[2025-03-22 05:20:27,738] INFO: ppl (3/2023): Updated existing record with 17 non-zero financial metrics
[2025-03-22 05:20:27,769] INFO: ppl (6/2023): Updated existing record with 13 non-zero financial metrics
[2025-03-22 05:20:27,797] INFO: ppl (9/2023): Updated existing record with 13 non-zero financial metrics
[2025-03-22 05:20:27,811] WARNING: ppl (12/2023): Found zero values for fields: Share Repurchases
[2025-03-22 05:20:27,824] INFO: ppl (12/2023): Updated existing record with 18 non-zero financial metrics
[2025-03-22 05:20:27,850] INFO: ppl (3/2024): Updated existing record with 16 non-zero financial metrics
[2025-03-22 05:20:27,877] INFO: ppl (6/2024): Updated existing record with 12 non-zero financial metrics
[2025-03-22 05:20:27,903] INFO: ppl (9/2024): Updated existing record with 12 non-zero financial metrics
[2025-03-22 05:20:27,920] INFO: Trying adjusted date: 1/2025 (original: 12/2024)
[2025-03-22 05:20:27,933] WARNING: ppl (12/2024): No existing record found(12/2024, 2024-12-31) - creating new one
[2025-03-22 05:20:27,934] INFO: ppl (12/2024): Created new record with 17 non-zero financial metrics
