[2025-03-22 15:33:55,693] WARNING: prgo (9/2013): Found zero values for fields: Revenue, Operating Cash Flow
[2025-03-22 15:33:55,706] INFO: prgo (9/2013): Updated existing record with 4 non-zero financial metrics
[2025-03-22 15:33:55,736] INFO: prgo (12/2013): Updated existing record with 16 non-zero financial metrics
[2025-03-22 15:33:55,768] INFO: prgo (3/2014): Updated existing record with 16 non-zero financial metrics
[2025-03-22 15:33:55,799] INFO: prgo (6/2014): Updated existing record with 23 non-zero financial metrics
[2025-03-22 15:33:55,831] INFO: prgo (9/2014): Updated existing record with 23 non-zero financial metrics
[2025-03-22 15:33:55,863] INFO: prgo (12/2014): Updated existing record with 18 non-zero financial metrics
[2025-03-22 15:33:55,894] INFO: prgo (3/2015): Updated existing record with 18 non-zero financial metrics
[2025-03-22 15:33:55,924] INFO: prgo (6/2015): Updated existing record with 24 non-zero financial metrics
[2025-03-22 15:33:55,953] INFO: prgo (9/2015): Updated existing record with 24 non-zero financial metrics
[2025-03-22 15:33:55,970] INFO: Trying adjusted date: 3/2016 (original: 4/2016)
[2025-03-22 15:33:55,984] INFO: Found existing row with adjusted date: 3/2016
[2025-03-22 15:33:55,984] WARNING: prgo (3/2016): Found zero values for fields: Share Repurchases
[2025-03-22 15:33:55,998] INFO: prgo (3/2016): Updated existing record with 22 non-zero financial metrics
[2025-03-22 15:33:56,014] INFO: Trying adjusted date: 6/2016 (original: 7/2016)
[2025-03-22 15:33:56,028] INFO: Found existing row with adjusted date: 6/2016
[2025-03-22 15:33:56,042] INFO: prgo (6/2016): Updated existing record with 18 non-zero financial metrics
[2025-03-22 15:33:56,059] INFO: Trying adjusted date: 9/2016 (original: 10/2016)
[2025-03-22 15:33:56,073] INFO: Found existing row with adjusted date: 9/2016
[2025-03-22 15:33:56,087] INFO: prgo (9/2016): Updated existing record with 18 non-zero financial metrics
[2025-03-22 15:33:56,104] INFO: Trying adjusted date: 1/2017 (original: 12/2016)
[2025-03-22 15:33:56,119] WARNING: prgo (12/2016): Found zero values for fields: Share Repurchases
[2025-03-22 15:33:56,119] WARNING: prgo (12/2016): No existing record found(12/2016, 2016-12-31) - creating new one
[2025-03-22 15:33:56,119] INFO: prgo (12/2016): Created new record with 22 non-zero financial metrics
[2025-03-22 15:33:56,135] INFO: Trying adjusted date: 3/2017 (original: 4/2017)
[2025-03-22 15:33:56,149] INFO: Found existing row with adjusted date: 3/2017
[2025-03-22 15:33:56,163] INFO: prgo (3/2017): Updated existing record with 22 non-zero financial metrics
[2025-03-22 15:33:56,181] INFO: Trying adjusted date: 6/2017 (original: 7/2017)
[2025-03-22 15:33:56,195] INFO: Found existing row with adjusted date: 6/2017
[2025-03-22 15:33:56,209] INFO: prgo (6/2017): Updated existing record with 18 non-zero financial metrics
[2025-03-22 15:33:56,239] INFO: prgo (9/2017): Updated existing record with 18 non-zero financial metrics
[2025-03-22 15:33:56,269] INFO: prgo (12/2017): Updated existing record with 23 non-zero financial metrics
[2025-03-22 15:33:56,301] INFO: prgo (3/2018): Updated existing record with 23 non-zero financial metrics
[2025-03-22 15:33:56,332] INFO: prgo (6/2018): Updated existing record with 18 non-zero financial metrics
[2025-03-22 15:33:56,364] INFO: prgo (9/2018): Updated existing record with 18 non-zero financial metrics
[2025-03-22 15:33:56,394] INFO: prgo (12/2018): Updated existing record with 23 non-zero financial metrics
[2025-03-22 15:33:56,410] WARNING: prgo (3/2019): Found zero values for fields: Share Repurchases
[2025-03-22 15:33:56,424] INFO: prgo (3/2019): Updated existing record with 22 non-zero financial metrics
[2025-03-22 15:33:56,459] INFO: prgo (6/2019): Updated existing record with 18 non-zero financial metrics
[2025-03-22 15:33:56,491] INFO: prgo (9/2019): Updated existing record with 18 non-zero financial metrics
[2025-03-22 15:33:56,507] WARNING: prgo (12/2019): Found zero values for fields: Share Repurchases
[2025-03-22 15:33:56,522] INFO: prgo (12/2019): Updated existing record with 22 non-zero financial metrics
[2025-03-22 15:33:56,554] INFO: prgo (3/2020): Updated existing record with 22 non-zero financial metrics
[2025-03-22 15:33:56,585] INFO: prgo (6/2020): Updated existing record with 18 non-zero financial metrics
[2025-03-22 15:33:56,615] INFO: prgo (9/2020): Updated existing record with 18 non-zero financial metrics
[2025-03-22 15:33:56,649] INFO: prgo (12/2020): Updated existing record with 23 non-zero financial metrics
[2025-03-22 15:33:56,665] INFO: Trying adjusted date: 3/2021 (original: 4/2021)
[2025-03-22 15:33:56,682] INFO: Found existing row with adjusted date: 3/2021
[2025-03-22 15:33:56,697] INFO: prgo (3/2021): Updated existing record with 22 non-zero financial metrics
[2025-03-22 15:33:56,712] INFO: Trying adjusted date: 6/2021 (original: 7/2021)
[2025-03-22 15:33:56,726] INFO: Found existing row with adjusted date: 6/2021
[2025-03-22 15:33:56,741] INFO: prgo (6/2021): Updated existing record with 18 non-zero financial metrics
[2025-03-22 15:33:56,757] INFO: Trying adjusted date: 9/2021 (original: 10/2021)
[2025-03-22 15:33:56,771] INFO: Found existing row with adjusted date: 9/2021
[2025-03-22 15:33:56,785] INFO: prgo (9/2021): Updated existing record with 18 non-zero financial metrics
[2025-03-22 15:33:56,801] WARNING: prgo (12/2021): Found zero values for fields: Share Repurchases
[2025-03-22 15:33:56,815] INFO: prgo (12/2021): Updated existing record with 22 non-zero financial metrics
[2025-03-22 15:33:56,832] INFO: Trying adjusted date: 3/2022 (original: 4/2022)
[2025-03-22 15:33:56,847] INFO: Found existing row with adjusted date: 3/2022
[2025-03-22 15:33:56,861] INFO: prgo (3/2022): Updated existing record with 22 non-zero financial metrics
[2025-03-22 15:33:56,876] INFO: Trying adjusted date: 6/2022 (original: 7/2022)
[2025-03-22 15:33:56,890] INFO: Found existing row with adjusted date: 6/2022
[2025-03-22 15:33:56,904] INFO: prgo (6/2022): Updated existing record with 18 non-zero financial metrics
[2025-03-22 15:33:56,921] INFO: Trying adjusted date: 9/2022 (original: 10/2022)
[2025-03-22 15:33:56,935] INFO: Found existing row with adjusted date: 9/2022
[2025-03-22 15:33:56,950] INFO: prgo (9/2022): Updated existing record with 18 non-zero financial metrics
[2025-03-22 15:33:56,966] WARNING: prgo (12/2022): Found zero values for fields: Share Repurchases
[2025-03-22 15:33:56,982] INFO: prgo (12/2022): Updated existing record with 22 non-zero financial metrics
[2025-03-22 15:33:56,998] INFO: Trying adjusted date: 3/2023 (original: 4/2023)
[2025-03-22 15:33:57,012] INFO: Found existing row with adjusted date: 3/2023
[2025-03-22 15:33:57,026] INFO: prgo (3/2023): Updated existing record with 22 non-zero financial metrics
[2025-03-22 15:33:57,042] INFO: Trying adjusted date: 6/2023 (original: 7/2023)
[2025-03-22 15:33:57,057] INFO: Found existing row with adjusted date: 6/2023
[2025-03-22 15:33:57,071] INFO: prgo (6/2023): Updated existing record with 18 non-zero financial metrics
[2025-03-22 15:33:57,101] INFO: prgo (9/2023): Updated existing record with 18 non-zero financial metrics
[2025-03-22 15:33:57,132] INFO: prgo (12/2023): Updated existing record with 21 non-zero financial metrics
[2025-03-22 15:33:57,163] INFO: prgo (3/2024): Updated existing record with 22 non-zero financial metrics
[2025-03-22 15:33:57,195] INFO: prgo (6/2024): Updated existing record with 18 non-zero financial metrics
[2025-03-22 15:33:57,226] INFO: prgo (9/2024): Updated existing record with 18 non-zero financial metrics
[2025-03-22 15:33:57,244] INFO: Trying adjusted date: 1/2025 (original: 12/2024)
[2025-03-22 15:33:57,258] WARNING: prgo (12/2024): No existing record found(12/2024, 2024-12-31) - creating new one
[2025-03-22 15:33:57,258] INFO: prgo (12/2024): Created new record with 21 non-zero financial metrics
