[2025-03-22 02:49:04,493] INFO: Trying adjusted date: 4/2012 (original: 3/2012)
[2025-03-22 02:49:04,505] ERROR: Invalid numeric value for Cash and Cash Equivalents: 
[2025-03-22 02:49:04,505] ERROR: psx (3/2012): Invalid data types: Cash and Cash Equivalents=
[2025-03-22 02:49:04,505] WARNING: psx (3/2012): No existing record found(3/2012, 2012-03-31) - creating new one
[2025-03-22 02:49:04,506] INFO: psx (3/2012): Created new record with 11 non-zero financial metrics
[2025-03-22 02:49:04,521] INFO: Trying adjusted date: 7/2012 (original: 6/2012)
[2025-03-22 02:49:04,533] WARNING: psx (6/2012): No existing record found(6/2012, 2012-06-30) - creating new one
[2025-03-22 02:49:04,534] INFO: psx (6/2012): Created new record with 10 non-zero financial metrics
[2025-03-22 02:49:04,560] INFO: psx (9/2012): Updated existing record with 10 non-zero financial metrics
[2025-03-22 02:49:04,589] INFO: psx (12/2012): Updated existing record with 15 non-zero financial metrics
[2025-03-22 02:49:04,613] INFO: psx (3/2013): Updated existing record with 14 non-zero financial metrics
[2025-03-22 02:49:04,639] INFO: psx (6/2013): Updated existing record with 10 non-zero financial metrics
[2025-03-22 02:49:04,665] INFO: psx (9/2013): Updated existing record with 10 non-zero financial metrics
[2025-03-22 02:49:04,690] INFO: psx (12/2013): Updated existing record with 15 non-zero financial metrics
[2025-03-22 02:49:04,716] INFO: psx (3/2014): Updated existing record with 14 non-zero financial metrics
[2025-03-22 02:49:04,745] INFO: psx (6/2014): Updated existing record with 10 non-zero financial metrics
[2025-03-22 02:49:04,771] INFO: psx (9/2014): Updated existing record with 10 non-zero financial metrics
[2025-03-22 02:49:04,798] INFO: psx (12/2014): Updated existing record with 16 non-zero financial metrics
[2025-03-22 02:49:04,824] INFO: psx (3/2015): Updated existing record with 14 non-zero financial metrics
[2025-03-22 02:49:04,849] INFO: psx (6/2015): Updated existing record with 10 non-zero financial metrics
[2025-03-22 02:49:04,875] INFO: psx (9/2015): Updated existing record with 10 non-zero financial metrics
[2025-03-22 02:49:04,901] INFO: psx (12/2015): Updated existing record with 15 non-zero financial metrics
[2025-03-22 02:49:04,926] INFO: psx (3/2016): Updated existing record with 10 non-zero financial metrics
[2025-03-22 02:49:04,952] INFO: psx (6/2016): Updated existing record with 9 non-zero financial metrics
[2025-03-22 02:49:04,977] INFO: psx (9/2016): Updated existing record with 9 non-zero financial metrics
[2025-03-22 02:49:05,004] INFO: psx (12/2016): Updated existing record with 15 non-zero financial metrics
[2025-03-22 02:49:05,017] INFO: Trying adjusted date: 4/2017 (original: 3/2017)
[2025-03-22 02:49:05,030] WARNING: psx (3/2017): No existing record found(3/2017, 2017-03-31) - creating new one
[2025-03-22 02:49:05,030] INFO: psx (3/2017): Created new record with 13 non-zero financial metrics
[2025-03-22 02:49:05,056] INFO: psx (6/2017): Updated existing record with 9 non-zero financial metrics
[2025-03-22 02:49:05,082] INFO: psx (9/2017): Updated existing record with 9 non-zero financial metrics
[2025-03-22 02:49:05,108] INFO: psx (12/2017): Updated existing record with 15 non-zero financial metrics
[2025-03-22 02:49:05,135] INFO: psx (3/2018): Updated existing record with 14 non-zero financial metrics
[2025-03-22 02:49:05,161] INFO: psx (6/2018): Updated existing record with 12 non-zero financial metrics
[2025-03-22 02:49:05,187] INFO: psx (9/2018): Updated existing record with 12 non-zero financial metrics
[2025-03-22 02:49:05,213] INFO: psx (12/2018): Updated existing record with 17 non-zero financial metrics
[2025-03-22 02:49:05,240] INFO: psx (3/2019): Updated existing record with 17 non-zero financial metrics
[2025-03-22 02:49:05,266] INFO: psx (6/2019): Updated existing record with 13 non-zero financial metrics
[2025-03-22 02:49:05,294] INFO: psx (9/2019): Updated existing record with 13 non-zero financial metrics
[2025-03-22 02:49:05,308] WARNING: psx (12/2019): Found zero values for fields: Deferred Revenue
[2025-03-22 02:49:05,320] INFO: psx (12/2019): Updated existing record with 17 non-zero financial metrics
[2025-03-22 02:49:05,333] WARNING: psx (3/2020): Found zero values for fields: Deferred Revenue
[2025-03-22 02:49:05,346] INFO: psx (3/2020): Updated existing record with 16 non-zero financial metrics
[2025-03-22 02:49:05,359] WARNING: psx (6/2020): Found zero values for fields: Deferred Revenue
[2025-03-22 02:49:05,371] INFO: psx (6/2020): Updated existing record with 12 non-zero financial metrics
[2025-03-22 02:49:05,397] INFO: psx (9/2020): Updated existing record with 12 non-zero financial metrics
[2025-03-22 02:49:05,424] INFO: psx (12/2020): Updated existing record with 18 non-zero financial metrics
[2025-03-22 02:49:05,438] WARNING: psx (3/2021): Found zero values for fields: Share Repurchases
[2025-03-22 02:49:05,450] INFO: psx (3/2021): Updated existing record with 15 non-zero financial metrics
[2025-03-22 02:49:05,476] INFO: psx (6/2021): Updated existing record with 12 non-zero financial metrics
[2025-03-22 02:49:05,502] INFO: psx (9/2021): Updated existing record with 12 non-zero financial metrics
[2025-03-22 02:49:05,516] WARNING: psx (12/2021): Found zero values for fields: Share Repurchases
[2025-03-22 02:49:05,529] INFO: psx (12/2021): Updated existing record with 17 non-zero financial metrics
[2025-03-22 02:49:05,556] INFO: psx (3/2022): Updated existing record with 15 non-zero financial metrics
[2025-03-22 02:49:05,582] INFO: psx (6/2022): Updated existing record with 12 non-zero financial metrics
[2025-03-22 02:49:05,609] INFO: psx (9/2022): Updated existing record with 13 non-zero financial metrics
[2025-03-22 02:49:05,635] INFO: psx (12/2022): Updated existing record with 19 non-zero financial metrics
[2025-03-22 02:49:05,660] INFO: psx (3/2023): Updated existing record with 17 non-zero financial metrics
[2025-03-22 02:49:05,686] INFO: psx (6/2023): Updated existing record with 13 non-zero financial metrics
[2025-03-22 02:49:05,713] INFO: psx (9/2023): Updated existing record with 13 non-zero financial metrics
[2025-03-22 02:49:05,738] INFO: psx (12/2023): Updated existing record with 19 non-zero financial metrics
[2025-03-22 02:49:05,765] INFO: psx (3/2024): Updated existing record with 17 non-zero financial metrics
[2025-03-22 02:49:05,791] INFO: psx (6/2024): Updated existing record with 13 non-zero financial metrics
[2025-03-22 02:49:05,817] INFO: psx (9/2024): Updated existing record with 13 non-zero financial metrics
[2025-03-22 02:49:05,846] INFO: psx (12/2024): Updated existing record with 19 non-zero financial metrics
