[2025-03-22 05:52:37,755] INFO: Trying adjusted date: 4/2010 (original: 3/2010)
[2025-03-22 05:52:37,768] WARNING: pwr (3/2010): No existing record found(3/2010, 2010-03-31) - creating new one
[2025-03-22 05:52:37,768] INFO: pwr (3/2010): Created new record with 17 non-zero financial metrics
[2025-03-22 05:52:37,784] INFO: Trying adjusted date: 7/2010 (original: 6/2010)
[2025-03-22 05:52:37,798] WARNING: pwr (6/2010): No existing record found(6/2010, 2010-06-30) - creating new one
[2025-03-22 05:52:37,798] INFO: pwr (6/2010): Created new record with 17 non-zero financial metrics
[2025-03-22 05:52:37,813] INFO: Trying adjusted date: 10/2010 (original: 9/2010)
[2025-03-22 05:52:37,826] WARNING: pwr (9/2010): No existing record found(9/2010, 2010-09-30) - creating new one
[2025-03-22 05:52:37,826] INFO: pwr (9/2010): Created new record with 17 non-zero financial metrics
[2025-03-22 05:52:37,840] INFO: Trying adjusted date: 1/2011 (original: 12/2010)
[2025-03-22 05:52:37,854] WARNING: pwr (12/2010): No existing record found(12/2010, 2010-12-31) - creating new one
[2025-03-22 05:52:37,854] INFO: pwr (12/2010): Created new record with 17 non-zero financial metrics
[2025-03-22 05:52:37,869] INFO: Trying adjusted date: 4/2011 (original: 3/2011)
[2025-03-22 05:52:37,881] WARNING: pwr (3/2011): No existing record found(3/2011, 2011-03-31) - creating new one
[2025-03-22 05:52:37,882] INFO: pwr (3/2011): Created new record with 17 non-zero financial metrics
[2025-03-22 05:52:37,896] INFO: Trying adjusted date: 7/2011 (original: 6/2011)
[2025-03-22 05:52:37,911] WARNING: pwr (6/2011): No existing record found(6/2011, 2011-06-30) - creating new one
[2025-03-22 05:52:37,911] INFO: pwr (6/2011): Created new record with 20 non-zero financial metrics
[2025-03-22 05:52:37,925] INFO: Trying adjusted date: 10/2011 (original: 9/2011)
[2025-03-22 05:52:37,938] WARNING: pwr (9/2011): No existing record found(9/2011, 2011-09-30) - creating new one
[2025-03-22 05:52:37,939] INFO: pwr (9/2011): Created new record with 20 non-zero financial metrics
[2025-03-22 05:52:37,953] INFO: Trying adjusted date: 1/2012 (original: 12/2011)
[2025-03-22 05:52:37,965] WARNING: pwr (12/2011): No existing record found(12/2011, 2011-12-31) - creating new one
[2025-03-22 05:52:37,966] INFO: pwr (12/2011): Created new record with 20 non-zero financial metrics
[2025-03-22 05:52:37,980] INFO: Trying adjusted date: 4/2012 (original: 3/2012)
[2025-03-22 05:52:37,993] WARNING: pwr (3/2012): No existing record found(3/2012, 2012-03-31) - creating new one
[2025-03-22 05:52:37,994] INFO: pwr (3/2012): Created new record with 19 non-zero financial metrics
[2025-03-22 05:52:38,008] INFO: Trying adjusted date: 7/2012 (original: 6/2012)
[2025-03-22 05:52:38,021] WARNING: pwr (6/2012): No existing record found(6/2012, 2012-06-30) - creating new one
[2025-03-22 05:52:38,021] INFO: pwr (6/2012): Created new record with 19 non-zero financial metrics
[2025-03-22 05:52:38,048] INFO: pwr (9/2012): Updated existing record with 18 non-zero financial metrics
[2025-03-22 05:52:38,077] INFO: pwr (12/2012): Updated existing record with 16 non-zero financial metrics
[2025-03-22 05:52:38,104] INFO: pwr (3/2013): Updated existing record with 14 non-zero financial metrics
[2025-03-22 05:52:38,131] INFO: pwr (6/2013): Updated existing record with 14 non-zero financial metrics
[2025-03-22 05:52:38,158] INFO: pwr (9/2013): Updated existing record with 14 non-zero financial metrics
[2025-03-22 05:52:38,185] INFO: pwr (12/2013): Updated existing record with 15 non-zero financial metrics
[2025-03-22 05:52:38,213] INFO: pwr (3/2014): Updated existing record with 15 non-zero financial metrics
[2025-03-22 05:52:38,239] INFO: pwr (6/2014): Updated existing record with 16 non-zero financial metrics
[2025-03-22 05:52:38,267] INFO: pwr (9/2014): Updated existing record with 15 non-zero financial metrics
[2025-03-22 05:52:38,294] INFO: pwr (12/2014): Updated existing record with 17 non-zero financial metrics
[2025-03-22 05:52:38,320] INFO: pwr (3/2015): Updated existing record with 16 non-zero financial metrics
[2025-03-22 05:52:38,348] INFO: pwr (6/2015): Updated existing record with 15 non-zero financial metrics
[2025-03-22 05:52:38,375] INFO: pwr (9/2015): Updated existing record with 15 non-zero financial metrics
[2025-03-22 05:52:38,401] INFO: pwr (12/2015): Updated existing record with 16 non-zero financial metrics
[2025-03-22 05:52:38,432] INFO: pwr (3/2016): Updated existing record with 14 non-zero financial metrics
[2025-03-22 05:52:38,459] INFO: pwr (6/2016): Updated existing record with 14 non-zero financial metrics
[2025-03-22 05:52:38,486] INFO: pwr (9/2016): Updated existing record with 14 non-zero financial metrics
[2025-03-22 05:52:38,515] INFO: pwr (12/2016): Updated existing record with 15 non-zero financial metrics
[2025-03-22 05:52:38,543] INFO: pwr (3/2017): Updated existing record with 14 non-zero financial metrics
[2025-03-22 05:52:38,570] INFO: pwr (6/2017): Updated existing record with 14 non-zero financial metrics
[2025-03-22 05:52:38,597] INFO: pwr (9/2017): Updated existing record with 15 non-zero financial metrics
[2025-03-22 05:52:38,624] INFO: pwr (12/2017): Updated existing record with 17 non-zero financial metrics
[2025-03-22 05:52:38,650] INFO: pwr (3/2018): Updated existing record with 17 non-zero financial metrics
[2025-03-22 05:52:38,678] INFO: pwr (6/2018): Updated existing record with 18 non-zero financial metrics
[2025-03-22 05:52:38,705] INFO: pwr (9/2018): Updated existing record with 22 non-zero financial metrics
[2025-03-22 05:52:38,731] INFO: pwr (12/2018): Updated existing record with 19 non-zero financial metrics
[2025-03-22 05:52:38,758] INFO: pwr (3/2019): Updated existing record with 21 non-zero financial metrics
[2025-03-22 05:52:38,786] INFO: pwr (6/2019): Updated existing record with 21 non-zero financial metrics
[2025-03-22 05:52:38,801] WARNING: pwr (9/2019): Found zero values for fields: Share Repurchases
[2025-03-22 05:52:38,814] INFO: pwr (9/2019): Updated existing record with 20 non-zero financial metrics
[2025-03-22 05:52:38,843] INFO: pwr (12/2019): Updated existing record with 20 non-zero financial metrics
[2025-03-22 05:52:38,870] INFO: pwr (3/2020): Updated existing record with 21 non-zero financial metrics
[2025-03-22 05:52:38,885] WARNING: pwr (6/2020): Found zero values for fields: Share Repurchases
[2025-03-22 05:52:38,898] INFO: pwr (6/2020): Updated existing record with 20 non-zero financial metrics
[2025-03-22 05:52:38,912] WARNING: pwr (9/2020): Found zero values for fields: Share Repurchases
[2025-03-22 05:52:38,925] INFO: pwr (9/2020): Updated existing record with 20 non-zero financial metrics
[2025-03-22 05:52:38,952] INFO: pwr (12/2020): Updated existing record with 21 non-zero financial metrics
[2025-03-22 05:52:38,981] INFO: pwr (3/2021): Updated existing record with 21 non-zero financial metrics
[2025-03-22 05:52:39,009] INFO: pwr (6/2021): Updated existing record with 21 non-zero financial metrics
[2025-03-22 05:52:39,037] INFO: pwr (9/2021): Updated existing record with 21 non-zero financial metrics
[2025-03-22 05:52:39,065] INFO: pwr (12/2021): Updated existing record with 21 non-zero financial metrics
[2025-03-22 05:52:39,092] INFO: pwr (3/2022): Updated existing record with 21 non-zero financial metrics
[2025-03-22 05:52:39,120] INFO: pwr (6/2022): Updated existing record with 21 non-zero financial metrics
[2025-03-22 05:52:39,147] INFO: pwr (9/2022): Updated existing record with 21 non-zero financial metrics
[2025-03-22 05:52:39,175] INFO: pwr (12/2022): Updated existing record with 21 non-zero financial metrics
[2025-03-22 05:52:39,190] WARNING: pwr (3/2023): Found zero values for fields: Share Repurchases
[2025-03-22 05:52:39,203] INFO: pwr (3/2023): Updated existing record with 20 non-zero financial metrics
[2025-03-22 05:52:39,220] WARNING: pwr (6/2023): Found zero values for fields: Share Repurchases
[2025-03-22 05:52:39,233] INFO: pwr (6/2023): Updated existing record with 16 non-zero financial metrics
[2025-03-22 05:52:39,249] WARNING: pwr (9/2023): Found zero values for fields: Share Repurchases
[2025-03-22 05:52:39,262] INFO: pwr (9/2023): Updated existing record with 16 non-zero financial metrics
[2025-03-22 05:52:39,293] INFO: pwr (12/2023): Updated existing record with 21 non-zero financial metrics
[2025-03-22 05:52:39,321] INFO: pwr (3/2024): Updated existing record with 20 non-zero financial metrics
[2025-03-22 05:52:39,348] INFO: pwr (6/2024): Updated existing record with 15 non-zero financial metrics
[2025-03-22 05:52:39,376] INFO: pwr (9/2024): Updated existing record with 15 non-zero financial metrics
[2025-03-22 05:52:39,390] INFO: Trying adjusted date: 1/2025 (original: 12/2024)
[2025-03-22 05:52:39,403] WARNING: pwr (12/2024): Found zero values for fields: Share Repurchases
[2025-03-22 05:52:39,403] WARNING: pwr (12/2024): No existing record found(12/2024, 2024-12-31) - creating new one
[2025-03-22 05:52:39,404] INFO: pwr (12/2024): Created new record with 19 non-zero financial metrics
