[2025-03-22 15:07:57,277] INFO: pycr (6/2021): Updated existing record with 24 non-zero financial metrics
[2025-03-22 15:07:57,295] WARNING: pycr (9/2021): Found zero values for fields: Long Term Debt
[2025-03-22 15:07:57,311] INFO: pycr (9/2021): Updated existing record with 22 non-zero financial metrics
[2025-03-22 15:07:57,327] WARNING: pycr (12/2021): Found zero values for fields: Long Term Debt
[2025-03-22 15:07:57,343] INFO: pycr (12/2021): Updated existing record with 18 non-zero financial metrics
[2025-03-22 15:07:57,360] WARNING: pycr (3/2022): Found zero values for fields: Long Term Debt
[2025-03-22 15:07:57,374] INFO: pycr (3/2022): Updated existing record with 18 non-zero financial metrics
[2025-03-22 15:07:57,392] WARNING: pycr (6/2022): Found zero values for fields: Share Repurchases, Long Term Debt
[2025-03-22 15:07:57,407] INFO: pycr (6/2022): Updated existing record with 22 non-zero financial metrics
[2025-03-22 15:07:57,441] INFO: pycr (9/2022): Updated existing record with 22 non-zero financial metrics
[2025-03-22 15:07:57,473] INFO: pycr (12/2022): Updated existing record with 18 non-zero financial metrics
[2025-03-22 15:07:57,505] INFO: pycr (3/2023): Updated existing record with 18 non-zero financial metrics
[2025-03-22 15:07:57,522] WARNING: pycr (6/2023): Found zero values for fields: Share Repurchases
[2025-03-22 15:07:57,537] INFO: pycr (6/2023): Updated existing record with 22 non-zero financial metrics
[2025-03-22 15:07:57,568] INFO: pycr (9/2023): Updated existing record with 23 non-zero financial metrics
[2025-03-22 15:07:57,600] INFO: pycr (12/2023): Updated existing record with 19 non-zero financial metrics
[2025-03-22 15:07:57,631] INFO: pycr (3/2024): Updated existing record with 19 non-zero financial metrics
[2025-03-22 15:07:57,662] INFO: pycr (6/2024): Updated existing record with 22 non-zero financial metrics
[2025-03-22 15:07:57,694] INFO: pycr (9/2024): Updated existing record with 22 non-zero financial metrics
[2025-03-22 15:07:57,710] INFO: Trying adjusted date: 1/2025 (original: 12/2024)
[2025-03-22 15:07:57,726] WARNING: pycr (12/2024): No existing record found(12/2024, 2024-12-31) - creating new one
[2025-03-22 15:07:57,726] INFO: pycr (12/2024): Created new record with 18 non-zero financial metrics
