[2025-03-22 05:27:20,792] INFO: Trying adjusted date: 4/2010 (original: 3/2010)
[2025-03-22 05:27:20,803] WARNING: rf (3/2010): No existing record found(3/2010, 2010-03-31) - creating new one
[2025-03-22 05:27:20,804] INFO: rf (3/2010): Created new record with 0 non-zero financial metrics
[2025-03-22 05:27:20,821] INFO: Trying adjusted date: 7/2010 (original: 6/2010)
[2025-03-22 05:27:20,834] WARNING: rf (6/2010): No existing record found(6/2010, 2010-06-30) - creating new one
[2025-03-22 05:27:20,834] INFO: rf (6/2010): Created new record with 0 non-zero financial metrics
[2025-03-22 05:27:20,848] INFO: Trying adjusted date: 10/2010 (original: 9/2010)
[2025-03-22 05:27:20,862] WARNING: rf (9/2010): No existing record found(9/2010, 2010-09-30) - creating new one
[2025-03-22 05:27:20,862] INFO: rf (9/2010): Created new record with 0 non-zero financial metrics
[2025-03-22 05:27:20,875] INFO: Trying adjusted date: 4/2011 (original: 3/2011)
[2025-03-22 05:27:20,887] WARNING: rf (3/2011): No existing record found(3/2011, 2011-03-31) - creating new one
[2025-03-22 05:27:20,888] INFO: rf (3/2011): Created new record with 0 non-zero financial metrics
[2025-03-22 05:27:20,901] INFO: Trying adjusted date: 7/2011 (original: 6/2011)
[2025-03-22 05:27:20,913] WARNING: rf (6/2011): No existing record found(6/2011, 2011-06-30) - creating new one
[2025-03-22 05:27:20,914] INFO: rf (6/2011): Created new record with 11 non-zero financial metrics
[2025-03-22 05:27:20,928] INFO: Trying adjusted date: 10/2011 (original: 9/2011)
[2025-03-22 05:27:20,940] WARNING: rf (9/2011): No existing record found(9/2011, 2011-09-30) - creating new one
[2025-03-22 05:27:20,941] INFO: rf (9/2011): Created new record with 11 non-zero financial metrics
[2025-03-22 05:27:20,954] INFO: Trying adjusted date: 1/2012 (original: 12/2011)
[2025-03-22 05:27:20,966] WARNING: rf (12/2011): No existing record found(12/2011, 2011-12-31) - creating new one
[2025-03-22 05:27:20,966] INFO: rf (12/2011): Created new record with 14 non-zero financial metrics
[2025-03-22 05:27:20,980] INFO: Trying adjusted date: 4/2012 (original: 3/2012)
[2025-03-22 05:27:20,994] WARNING: rf (3/2012): No existing record found(3/2012, 2012-03-31) - creating new one
[2025-03-22 05:27:20,994] INFO: rf (3/2012): Created new record with 14 non-zero financial metrics
[2025-03-22 05:27:21,008] INFO: Trying adjusted date: 7/2012 (original: 6/2012)
[2025-03-22 05:27:21,021] WARNING: rf (6/2012): No existing record found(6/2012, 2012-06-30) - creating new one
[2025-03-22 05:27:21,022] INFO: rf (6/2012): Created new record with 11 non-zero financial metrics
[2025-03-22 05:27:21,048] INFO: rf (9/2012): Updated existing record with 11 non-zero financial metrics
[2025-03-22 05:27:21,073] INFO: rf (12/2012): Updated existing record with 15 non-zero financial metrics
[2025-03-22 05:27:21,100] INFO: rf (3/2013): Updated existing record with 14 non-zero financial metrics
[2025-03-22 05:27:21,128] INFO: rf (6/2013): Updated existing record with 0 non-zero financial metrics
[2025-03-22 05:27:21,155] INFO: rf (9/2013): Updated existing record with 11 non-zero financial metrics
[2025-03-22 05:27:21,181] INFO: rf (12/2013): Updated existing record with 16 non-zero financial metrics
[2025-03-22 05:27:21,209] INFO: rf (3/2014): Updated existing record with 15 non-zero financial metrics
[2025-03-22 05:27:21,235] INFO: rf (6/2014): Updated existing record with 11 non-zero financial metrics
[2025-03-22 05:27:21,263] INFO: rf (9/2014): Updated existing record with 11 non-zero financial metrics
[2025-03-22 05:27:21,289] INFO: rf (12/2014): Updated existing record with 16 non-zero financial metrics
[2025-03-22 05:27:21,316] INFO: rf (3/2015): Updated existing record with 15 non-zero financial metrics
[2025-03-22 05:27:21,343] INFO: rf (6/2015): Updated existing record with 12 non-zero financial metrics
[2025-03-22 05:27:21,370] INFO: rf (9/2015): Updated existing record with 11 non-zero financial metrics
[2025-03-22 05:27:21,398] INFO: rf (12/2015): Updated existing record with 16 non-zero financial metrics
[2025-03-22 05:27:21,424] INFO: rf (3/2016): Updated existing record with 15 non-zero financial metrics
[2025-03-22 05:27:21,451] INFO: rf (6/2016): Updated existing record with 11 non-zero financial metrics
[2025-03-22 05:27:21,478] INFO: rf (9/2016): Updated existing record with 12 non-zero financial metrics
[2025-03-22 05:27:21,504] INFO: rf (12/2016): Updated existing record with 16 non-zero financial metrics
[2025-03-22 05:27:21,530] INFO: rf (3/2017): Updated existing record with 15 non-zero financial metrics
[2025-03-22 05:27:21,556] INFO: rf (6/2017): Updated existing record with 11 non-zero financial metrics
[2025-03-22 05:27:21,583] INFO: rf (9/2017): Updated existing record with 11 non-zero financial metrics
[2025-03-22 05:27:21,609] INFO: rf (12/2017): Updated existing record with 16 non-zero financial metrics
[2025-03-22 05:27:21,635] INFO: rf (3/2018): Updated existing record with 15 non-zero financial metrics
[2025-03-22 05:27:21,662] INFO: rf (6/2018): Updated existing record with 11 non-zero financial metrics
[2025-03-22 05:27:21,688] INFO: rf (9/2018): Updated existing record with 11 non-zero financial metrics
[2025-03-22 05:27:21,715] INFO: rf (12/2018): Updated existing record with 16 non-zero financial metrics
[2025-03-22 05:27:21,743] INFO: rf (3/2019): Updated existing record with 15 non-zero financial metrics
[2025-03-22 05:27:21,769] INFO: rf (6/2019): Updated existing record with 11 non-zero financial metrics
[2025-03-22 05:27:21,796] INFO: rf (9/2019): Updated existing record with 11 non-zero financial metrics
[2025-03-22 05:27:21,822] INFO: rf (12/2019): Updated existing record with 15 non-zero financial metrics
[2025-03-22 05:27:21,836] WARNING: rf (3/2020): Found zero values for fields: Share Repurchases
[2025-03-22 05:27:21,848] INFO: rf (3/2020): Updated existing record with 14 non-zero financial metrics
[2025-03-22 05:27:21,875] INFO: rf (6/2020): Updated existing record with 11 non-zero financial metrics
[2025-03-22 05:27:21,902] INFO: rf (9/2020): Updated existing record with 11 non-zero financial metrics
[2025-03-22 05:27:21,916] WARNING: rf (12/2020): Found zero values for fields: Share Repurchases
[2025-03-22 05:27:21,930] INFO: rf (12/2020): Updated existing record with 14 non-zero financial metrics
[2025-03-22 05:27:21,956] INFO: rf (3/2021): Updated existing record with 14 non-zero financial metrics
[2025-03-22 05:27:21,983] INFO: rf (6/2021): Updated existing record with 11 non-zero financial metrics
[2025-03-22 05:27:22,011] INFO: rf (9/2021): Updated existing record with 11 non-zero financial metrics
[2025-03-22 05:27:22,036] INFO: rf (12/2021): Updated existing record with 15 non-zero financial metrics
[2025-03-22 05:27:22,065] INFO: rf (3/2022): Updated existing record with 14 non-zero financial metrics
[2025-03-22 05:27:22,091] INFO: rf (6/2022): Updated existing record with 10 non-zero financial metrics
[2025-03-22 05:27:22,117] INFO: rf (9/2022): Updated existing record with 10 non-zero financial metrics
[2025-03-22 05:27:22,145] INFO: rf (12/2022): Updated existing record with 15 non-zero financial metrics
[2025-03-22 05:27:22,159] WARNING: rf (3/2023): Found zero values for fields: Share Repurchases
[2025-03-22 05:27:22,171] INFO: rf (3/2023): Updated existing record with 13 non-zero financial metrics
[2025-03-22 05:27:22,198] INFO: rf (6/2023): Updated existing record with 10 non-zero financial metrics
[2025-03-22 05:27:22,224] INFO: rf (9/2023): Updated existing record with 10 non-zero financial metrics
[2025-03-22 05:27:22,251] INFO: rf (12/2023): Updated existing record with 16 non-zero financial metrics
[2025-03-22 05:27:22,277] INFO: rf (3/2024): Updated existing record with 14 non-zero financial metrics
[2025-03-22 05:27:22,303] INFO: rf (6/2024): Updated existing record with 10 non-zero financial metrics
[2025-03-22 05:27:22,329] INFO: rf (9/2024): Updated existing record with 9 non-zero financial metrics
[2025-03-22 05:27:22,354] INFO: rf (12/2024): Updated existing record with 15 non-zero financial metrics
