[2025-03-22 12:54:40,001] INFO: Trying adjusted date: 7/2010 (original: 6/2010)
[2025-03-22 12:54:40,014] WARNING: rnr (6/2010): No existing record found(6/2010, 2010-06-30) - creating new one
[2025-03-22 12:54:40,015] INFO: rnr (6/2010): Created new record with 0 non-zero financial metrics
[2025-03-22 12:54:40,032] INFO: Trying adjusted date: 10/2010 (original: 9/2010)
[2025-03-22 12:54:40,046] WARNING: rnr (9/2010): No existing record found(9/2010, 2010-09-30) - creating new one
[2025-03-22 12:54:40,046] INFO: rnr (9/2010): Created new record with 0 non-zero financial metrics
[2025-03-22 12:54:40,061] INFO: Trying adjusted date: 1/2011 (original: 12/2010)
[2025-03-22 12:54:40,076] WARNING: rnr (12/2010): No existing record found(12/2010, 2010-12-31) - creating new one
[2025-03-22 12:54:40,077] INFO: rnr (12/2010): Created new record with 0 non-zero financial metrics
[2025-03-22 12:54:40,093] INFO: Trying adjusted date: 4/2011 (original: 3/2011)
[2025-03-22 12:54:40,107] WARNING: rnr (3/2011): No existing record found(3/2011, 2011-03-31) - creating new one
[2025-03-22 12:54:40,107] INFO: rnr (3/2011): Created new record with 0 non-zero financial metrics
[2025-03-22 12:54:40,123] INFO: Trying adjusted date: 7/2011 (original: 6/2011)
[2025-03-22 12:54:40,137] WARNING: rnr (6/2011): No existing record found(6/2011, 2011-06-30) - creating new one
[2025-03-22 12:54:40,138] INFO: rnr (6/2011): Created new record with 10 non-zero financial metrics
[2025-03-22 12:54:40,154] INFO: Trying adjusted date: 10/2011 (original: 9/2011)
[2025-03-22 12:54:40,167] WARNING: rnr (9/2011): No existing record found(9/2011, 2011-09-30) - creating new one
[2025-03-22 12:54:40,168] INFO: rnr (9/2011): Created new record with 10 non-zero financial metrics
[2025-03-22 12:54:40,184] INFO: Trying adjusted date: 1/2012 (original: 12/2011)
[2025-03-22 12:54:40,198] WARNING: rnr (12/2011): No existing record found(12/2011, 2011-12-31) - creating new one
[2025-03-22 12:54:40,198] INFO: rnr (12/2011): Created new record with 13 non-zero financial metrics
[2025-03-22 12:54:40,213] INFO: Trying adjusted date: 4/2012 (original: 3/2012)
[2025-03-22 12:54:40,227] WARNING: rnr (3/2012): No existing record found(3/2012, 2012-03-31) - creating new one
[2025-03-22 12:54:40,228] INFO: rnr (3/2012): Created new record with 13 non-zero financial metrics
[2025-03-22 12:54:40,243] INFO: Trying adjusted date: 7/2012 (original: 6/2012)
[2025-03-22 12:54:40,257] WARNING: rnr (6/2012): No existing record found(6/2012, 2012-06-30) - creating new one
[2025-03-22 12:54:40,257] INFO: rnr (6/2012): Created new record with 9 non-zero financial metrics
[2025-03-22 12:54:40,287] INFO: rnr (9/2012): Updated existing record with 9 non-zero financial metrics
[2025-03-22 12:54:40,316] INFO: rnr (12/2012): Updated existing record with 13 non-zero financial metrics
[2025-03-22 12:54:40,346] INFO: rnr (3/2013): Updated existing record with 13 non-zero financial metrics
[2025-03-22 12:54:40,376] INFO: rnr (6/2013): Updated existing record with 0 non-zero financial metrics
[2025-03-22 12:54:40,406] INFO: rnr (9/2013): Updated existing record with 9 non-zero financial metrics
[2025-03-22 12:54:40,435] INFO: rnr (12/2013): Updated existing record with 13 non-zero financial metrics
[2025-03-22 12:54:40,465] INFO: rnr (3/2014): Updated existing record with 13 non-zero financial metrics
[2025-03-22 12:54:40,495] INFO: rnr (6/2014): Updated existing record with 9 non-zero financial metrics
[2025-03-22 12:54:40,525] INFO: rnr (9/2014): Updated existing record with 9 non-zero financial metrics
[2025-03-22 12:54:40,555] INFO: rnr (12/2014): Updated existing record with 12 non-zero financial metrics
[2025-03-22 12:54:40,585] INFO: rnr (3/2015): Updated existing record with 14 non-zero financial metrics
[2025-03-22 12:54:40,613] INFO: rnr (6/2015): Updated existing record with 10 non-zero financial metrics
[2025-03-22 12:54:40,644] INFO: rnr (9/2015): Updated existing record with 10 non-zero financial metrics
[2025-03-22 12:54:40,674] INFO: rnr (12/2015): Updated existing record with 14 non-zero financial metrics
[2025-03-22 12:54:40,704] INFO: rnr (3/2016): Updated existing record with 14 non-zero financial metrics
[2025-03-22 12:54:40,733] INFO: rnr (6/2016): Updated existing record with 10 non-zero financial metrics
[2025-03-22 12:54:40,765] INFO: rnr (9/2016): Updated existing record with 10 non-zero financial metrics
[2025-03-22 12:54:40,795] INFO: rnr (12/2016): Updated existing record with 14 non-zero financial metrics
[2025-03-22 12:54:40,824] INFO: rnr (3/2017): Updated existing record with 14 non-zero financial metrics
[2025-03-22 12:54:40,856] INFO: rnr (6/2017): Updated existing record with 10 non-zero financial metrics
[2025-03-22 12:54:40,885] INFO: rnr (9/2017): Updated existing record with 10 non-zero financial metrics
[2025-03-22 12:54:40,912] INFO: rnr (12/2017): Updated existing record with 14 non-zero financial metrics
[2025-03-22 12:54:40,930] WARNING: rnr (3/2018): Found zero values for fields: Share Repurchases
[2025-03-22 12:54:40,944] INFO: rnr (3/2018): Updated existing record with 13 non-zero financial metrics
[2025-03-22 12:54:40,975] INFO: rnr (6/2018): Updated existing record with 10 non-zero financial metrics
[2025-03-22 12:54:41,005] INFO: rnr (9/2018): Updated existing record with 10 non-zero financial metrics
[2025-03-22 12:54:41,021] WARNING: rnr (12/2018): Found zero values for fields: Share Repurchases
[2025-03-22 12:54:41,035] INFO: rnr (12/2018): Updated existing record with 13 non-zero financial metrics
[2025-03-22 12:54:41,065] INFO: rnr (3/2019): Updated existing record with 13 non-zero financial metrics
[2025-03-22 12:54:41,095] INFO: rnr (6/2019): Updated existing record with 10 non-zero financial metrics
[2025-03-22 12:54:41,130] INFO: rnr (9/2019): Updated existing record with 10 non-zero financial metrics
[2025-03-22 12:54:41,148] WARNING: rnr (12/2019): Found zero values for fields: Share Repurchases
[2025-03-22 12:54:41,161] INFO: rnr (12/2019): Updated existing record with 13 non-zero financial metrics
[2025-03-22 12:54:41,193] INFO: rnr (3/2020): Updated existing record with 14 non-zero financial metrics
[2025-03-22 12:54:41,226] INFO: rnr (6/2020): Updated existing record with 10 non-zero financial metrics
[2025-03-22 12:54:41,256] INFO: rnr (9/2020): Updated existing record with 10 non-zero financial metrics
[2025-03-22 12:54:41,289] INFO: rnr (12/2020): Updated existing record with 14 non-zero financial metrics
[2025-03-22 12:54:41,319] INFO: rnr (3/2021): Updated existing record with 14 non-zero financial metrics
[2025-03-22 12:54:41,348] INFO: rnr (6/2021): Updated existing record with 10 non-zero financial metrics
[2025-03-22 12:54:41,378] INFO: rnr (9/2021): Updated existing record with 10 non-zero financial metrics
[2025-03-22 12:54:41,409] INFO: rnr (12/2021): Updated existing record with 14 non-zero financial metrics
[2025-03-22 12:54:41,440] INFO: rnr (3/2022): Updated existing record with 14 non-zero financial metrics
[2025-03-22 12:54:41,469] INFO: rnr (6/2022): Updated existing record with 10 non-zero financial metrics
[2025-03-22 12:54:41,498] INFO: rnr (9/2022): Updated existing record with 10 non-zero financial metrics
[2025-03-22 12:54:41,528] INFO: rnr (12/2022): Updated existing record with 14 non-zero financial metrics
[2025-03-22 12:54:41,543] WARNING: rnr (3/2023): Found zero values for fields: Share Repurchases
[2025-03-22 12:54:41,558] INFO: rnr (3/2023): Updated existing record with 13 non-zero financial metrics
[2025-03-22 12:54:41,587] INFO: rnr (6/2023): Updated existing record with 10 non-zero financial metrics
[2025-03-22 12:54:41,617] INFO: rnr (9/2023): Updated existing record with 10 non-zero financial metrics
[2025-03-22 12:54:41,633] WARNING: rnr (12/2023): Found zero values for fields: Share Repurchases
[2025-03-22 12:54:41,647] INFO: rnr (12/2023): Updated existing record with 13 non-zero financial metrics
[2025-03-22 12:54:41,676] INFO: rnr (3/2024): Updated existing record with 13 non-zero financial metrics
[2025-03-22 12:54:41,706] INFO: rnr (6/2024): Updated existing record with 9 non-zero financial metrics
[2025-03-22 12:54:41,736] INFO: rnr (9/2024): Updated existing record with 9 non-zero financial metrics
[2025-03-22 12:54:41,766] INFO: rnr (12/2024): Updated existing record with 13 non-zero financial metrics
