[2025-03-22 03:25:01,962] INFO: Trying adjusted date: 4/2010 (original: 5/2010)
[2025-03-22 03:25:01,974] WARNING: rost (5/2010): No existing record found(5/2010, 2010-05-01) - creating new one
[2025-03-22 03:25:01,975] INFO: rost (5/2010): Created new record with 0 non-zero financial metrics
[2025-03-22 03:25:01,993] INFO: Trying adjusted date: 8/2010 (original: 7/2010)
[2025-03-22 03:25:02,007] WARNING: rost (7/2010): No existing record found(7/2010, 2010-07-31) - creating new one
[2025-03-22 03:25:02,007] INFO: rost (7/2010): Created new record with 0 non-zero financial metrics
[2025-03-22 03:25:02,023] INFO: Trying adjusted date: 11/2010 (original: 10/2010)
[2025-03-22 03:25:02,036] WARNING: rost (10/2010): No existing record found(10/2010, 2010-10-30) - creating new one
[2025-03-22 03:25:02,036] INFO: rost (10/2010): Created new record with 0 non-zero financial metrics
[2025-03-22 03:25:02,051] INFO: Trying adjusted date: 2/2011 (original: 1/2011)
[2025-03-22 03:25:02,063] WARNING: rost (1/2011): No existing record found(1/2011, 2011-01-29) - creating new one
[2025-03-22 03:25:02,064] INFO: rost (1/2011): Created new record with 0 non-zero financial metrics
[2025-03-22 03:25:02,078] INFO: Trying adjusted date: 5/2011 (original: 4/2011)
[2025-03-22 03:25:02,091] WARNING: rost (4/2011): No existing record found(4/2011, 2011-04-30) - creating new one
[2025-03-22 03:25:02,092] INFO: rost (4/2011): Created new record with 14 non-zero financial metrics
[2025-03-22 03:25:02,105] INFO: Trying adjusted date: 8/2011 (original: 7/2011)
[2025-03-22 03:25:02,118] WARNING: rost (7/2011): No existing record found(7/2011, 2011-07-30) - creating new one
[2025-03-22 03:25:02,118] INFO: rost (7/2011): Created new record with 9 non-zero financial metrics
[2025-03-22 03:25:02,132] INFO: Trying adjusted date: 11/2011 (original: 10/2011)
[2025-03-22 03:25:02,145] WARNING: rost (10/2011): No existing record found(10/2011, 2011-10-29) - creating new one
[2025-03-22 03:25:02,145] INFO: rost (10/2011): Created new record with 9 non-zero financial metrics
[2025-03-22 03:25:02,162] INFO: Trying adjusted date: 2/2012 (original: 1/2012)
[2025-03-22 03:25:02,175] WARNING: rost (1/2012): No existing record found(1/2012, 2012-01-28) - creating new one
[2025-03-22 03:25:02,175] INFO: rost (1/2012): Created new record with 15 non-zero financial metrics
[2025-03-22 03:25:02,189] INFO: Trying adjusted date: 5/2012 (original: 4/2012)
[2025-03-22 03:25:02,203] WARNING: rost (4/2012): No existing record found(4/2012, 2012-04-28) - creating new one
[2025-03-22 03:25:02,203] INFO: rost (4/2012): Created new record with 14 non-zero financial metrics
[2025-03-22 03:25:02,218] INFO: Trying adjusted date: 8/2012 (original: 7/2012)
[2025-03-22 03:25:02,231] WARNING: rost (7/2012): No existing record found(7/2012, 2012-07-28) - creating new one
[2025-03-22 03:25:02,231] INFO: rost (7/2012): Created new record with 9 non-zero financial metrics
[2025-03-22 03:25:02,258] INFO: rost (10/2012): Updated existing record with 9 non-zero financial metrics
[2025-03-22 03:25:02,272] INFO: Trying adjusted date: 1/2013 (original: 2/2013)
[2025-03-22 03:25:02,285] INFO: Found existing row with adjusted date: 1/2013
[2025-03-22 03:25:02,298] INFO: rost (1/2013): Updated existing record with 15 non-zero financial metrics
[2025-03-22 03:25:02,313] INFO: Trying adjusted date: 4/2013 (original: 5/2013)
[2025-03-22 03:25:02,326] INFO: Found existing row with adjusted date: 4/2013
[2025-03-22 03:25:02,339] INFO: rost (4/2013): Updated existing record with 14 non-zero financial metrics
[2025-03-22 03:25:02,353] INFO: Trying adjusted date: 7/2013 (original: 8/2013)
[2025-03-22 03:25:02,366] INFO: Found existing row with adjusted date: 7/2013
[2025-03-22 03:25:02,379] INFO: rost (7/2013): Updated existing record with 0 non-zero financial metrics
[2025-03-22 03:25:02,393] INFO: Trying adjusted date: 10/2013 (original: 11/2013)
[2025-03-22 03:25:02,406] INFO: Found existing row with adjusted date: 10/2013
[2025-03-22 03:25:02,419] INFO: rost (10/2013): Updated existing record with 9 non-zero financial metrics
[2025-03-22 03:25:02,433] INFO: Trying adjusted date: 1/2014 (original: 2/2014)
[2025-03-22 03:25:02,445] INFO: Found existing row with adjusted date: 1/2014
[2025-03-22 03:25:02,457] INFO: rost (1/2014): Updated existing record with 15 non-zero financial metrics
[2025-03-22 03:25:02,471] INFO: Trying adjusted date: 4/2014 (original: 5/2014)
[2025-03-22 03:25:02,482] INFO: Found existing row with adjusted date: 4/2014
[2025-03-22 03:25:02,495] INFO: rost (4/2014): Updated existing record with 14 non-zero financial metrics
[2025-03-22 03:25:02,509] INFO: Trying adjusted date: 7/2014 (original: 8/2014)
[2025-03-22 03:25:02,521] INFO: Found existing row with adjusted date: 7/2014
[2025-03-22 03:25:02,533] INFO: rost (7/2014): Updated existing record with 9 non-zero financial metrics
[2025-03-22 03:25:02,547] INFO: Trying adjusted date: 10/2014 (original: 11/2014)
[2025-03-22 03:25:02,559] INFO: Found existing row with adjusted date: 10/2014
[2025-03-22 03:25:02,572] INFO: rost (10/2014): Updated existing record with 9 non-zero financial metrics
[2025-03-22 03:25:02,598] INFO: rost (1/2015): Updated existing record with 16 non-zero financial metrics
[2025-03-22 03:25:02,613] INFO: Trying adjusted date: 4/2015 (original: 5/2015)
[2025-03-22 03:25:02,625] INFO: Found existing row with adjusted date: 4/2015
[2025-03-22 03:25:02,637] INFO: rost (4/2015): Updated existing record with 15 non-zero financial metrics
[2025-03-22 03:25:02,651] INFO: Trying adjusted date: 7/2015 (original: 8/2015)
[2025-03-22 03:25:02,663] INFO: Found existing row with adjusted date: 7/2015
[2025-03-22 03:25:02,676] INFO: rost (7/2015): Updated existing record with 10 non-zero financial metrics
[2025-03-22 03:25:02,702] INFO: rost (10/2015): Updated existing record with 10 non-zero financial metrics
[2025-03-22 03:25:02,729] INFO: rost (1/2016): Updated existing record with 15 non-zero financial metrics
[2025-03-22 03:25:02,754] INFO: rost (4/2016): Updated existing record with 15 non-zero financial metrics
[2025-03-22 03:25:02,781] INFO: rost (7/2016): Updated existing record with 10 non-zero financial metrics
[2025-03-22 03:25:02,807] INFO: rost (10/2016): Updated existing record with 10 non-zero financial metrics
[2025-03-22 03:25:02,833] INFO: rost (1/2017): Updated existing record with 15 non-zero financial metrics
[2025-03-22 03:25:02,859] INFO: rost (4/2017): Updated existing record with 15 non-zero financial metrics
[2025-03-22 03:25:02,885] INFO: rost (7/2017): Updated existing record with 10 non-zero financial metrics
[2025-03-22 03:25:02,912] INFO: rost (10/2017): Updated existing record with 10 non-zero financial metrics
[2025-03-22 03:25:02,925] INFO: Trying adjusted date: 1/2018 (original: 2/2018)
[2025-03-22 03:25:02,938] INFO: Found existing row with adjusted date: 1/2018
[2025-03-22 03:25:02,950] INFO: rost (1/2018): Updated existing record with 16 non-zero financial metrics
[2025-03-22 03:25:02,964] INFO: Trying adjusted date: 4/2018 (original: 5/2018)
[2025-03-22 03:25:02,976] INFO: Found existing row with adjusted date: 4/2018
[2025-03-22 03:25:02,989] INFO: rost (4/2018): Updated existing record with 16 non-zero financial metrics
[2025-03-22 03:25:03,003] INFO: Trying adjusted date: 7/2018 (original: 8/2018)
[2025-03-22 03:25:03,015] INFO: Found existing row with adjusted date: 7/2018
[2025-03-22 03:25:03,026] INFO: rost (7/2018): Updated existing record with 11 non-zero financial metrics
[2025-03-22 03:25:03,040] INFO: Trying adjusted date: 10/2018 (original: 11/2018)
[2025-03-22 03:25:03,053] INFO: Found existing row with adjusted date: 10/2018
[2025-03-22 03:25:03,065] INFO: rost (10/2018): Updated existing record with 11 non-zero financial metrics
[2025-03-22 03:25:03,078] INFO: Trying adjusted date: 1/2019 (original: 2/2019)
[2025-03-22 03:25:03,090] INFO: Found existing row with adjusted date: 1/2019
[2025-03-22 03:25:03,103] INFO: rost (1/2019): Updated existing record with 16 non-zero financial metrics
[2025-03-22 03:25:03,116] INFO: Trying adjusted date: 4/2019 (original: 5/2019)
[2025-03-22 03:25:03,128] INFO: Found existing row with adjusted date: 4/2019
[2025-03-22 03:25:03,141] INFO: rost (4/2019): Updated existing record with 16 non-zero financial metrics
[2025-03-22 03:25:03,155] INFO: Trying adjusted date: 7/2019 (original: 8/2019)
[2025-03-22 03:25:03,166] INFO: Found existing row with adjusted date: 7/2019
[2025-03-22 03:25:03,178] INFO: rost (7/2019): Updated existing record with 11 non-zero financial metrics
[2025-03-22 03:25:03,193] INFO: Trying adjusted date: 10/2019 (original: 11/2019)
[2025-03-22 03:25:03,205] INFO: Found existing row with adjusted date: 10/2019
[2025-03-22 03:25:03,219] INFO: rost (10/2019): Updated existing record with 11 non-zero financial metrics
[2025-03-22 03:25:03,232] INFO: Trying adjusted date: 1/2020 (original: 2/2020)
[2025-03-22 03:25:03,243] INFO: Found existing row with adjusted date: 1/2020
[2025-03-22 03:25:03,256] INFO: rost (1/2020): Updated existing record with 16 non-zero financial metrics
[2025-03-22 03:25:03,269] INFO: Trying adjusted date: 4/2020 (original: 5/2020)
[2025-03-22 03:25:03,282] WARNING: rost (5/2020): No existing record found(5/2020, 2020-05-02) - creating new one
[2025-03-22 03:25:03,282] INFO: rost (5/2020): Created new record with 15 non-zero financial metrics
[2025-03-22 03:25:03,297] INFO: Trying adjusted date: 7/2020 (original: 8/2020)
[2025-03-22 03:25:03,309] INFO: Found existing row with adjusted date: 7/2020
[2025-03-22 03:25:03,322] INFO: rost (7/2020): Updated existing record with 10 non-zero financial metrics
[2025-03-22 03:25:03,347] INFO: rost (10/2020): Updated existing record with 10 non-zero financial metrics
[2025-03-22 03:25:03,374] INFO: rost (1/2021): Updated existing record with 15 non-zero financial metrics
[2025-03-22 03:25:03,388] INFO: Trying adjusted date: 4/2021 (original: 5/2021)
[2025-03-22 03:25:03,400] INFO: Found existing row with adjusted date: 4/2021
[2025-03-22 03:25:03,400] WARNING: rost (4/2021): Found zero values for fields: Share Repurchases
[2025-03-22 03:25:03,413] INFO: rost (4/2021): Updated existing record with 14 non-zero financial metrics
[2025-03-22 03:25:03,439] INFO: rost (7/2021): Updated existing record with 10 non-zero financial metrics
[2025-03-22 03:25:03,465] INFO: rost (10/2021): Updated existing record with 10 non-zero financial metrics
[2025-03-22 03:25:03,492] INFO: rost (1/2022): Updated existing record with 15 non-zero financial metrics
[2025-03-22 03:25:03,519] INFO: rost (4/2022): Updated existing record with 15 non-zero financial metrics
[2025-03-22 03:25:03,546] INFO: rost (7/2022): Updated existing record with 10 non-zero financial metrics
[2025-03-22 03:25:03,572] INFO: rost (10/2022): Updated existing record with 10 non-zero financial metrics
[2025-03-22 03:25:03,600] INFO: rost (1/2023): Updated existing record with 15 non-zero financial metrics
[2025-03-22 03:25:03,626] INFO: rost (4/2023): Updated existing record with 15 non-zero financial metrics
[2025-03-22 03:25:03,652] INFO: rost (7/2023): Updated existing record with 10 non-zero financial metrics
[2025-03-22 03:25:03,678] INFO: rost (10/2023): Updated existing record with 10 non-zero financial metrics
[2025-03-22 03:25:03,692] INFO: Trying adjusted date: 1/2024 (original: 2/2024)
[2025-03-22 03:25:03,705] INFO: Found existing row with adjusted date: 1/2024
[2025-03-22 03:25:03,718] INFO: rost (1/2024): Updated existing record with 15 non-zero financial metrics
[2025-03-22 03:25:03,732] INFO: Trying adjusted date: 4/2024 (original: 5/2024)
[2025-03-22 03:25:03,744] INFO: Found existing row with adjusted date: 4/2024
[2025-03-22 03:25:03,757] INFO: rost (4/2024): Updated existing record with 15 non-zero financial metrics
[2025-03-22 03:25:03,771] INFO: Trying adjusted date: 7/2024 (original: 8/2024)
[2025-03-22 03:25:03,783] INFO: Found existing row with adjusted date: 7/2024
[2025-03-22 03:25:03,796] INFO: rost (7/2024): Updated existing record with 10 non-zero financial metrics
[2025-03-22 03:25:03,809] INFO: Trying adjusted date: 10/2024 (original: 11/2024)
[2025-03-22 03:25:03,822] INFO: Found existing row with adjusted date: 10/2024
[2025-03-22 03:25:03,834] INFO: rost (10/2024): Updated existing record with 10 non-zero financial metrics
