[2025-03-22 01:36:58,358] INFO: Trying adjusted date: 4/2010 (original: 3/2010)
[2025-03-22 01:36:58,369] WARNING: rsg (3/2010): No existing record found(3/2010, 2010-03-31) - creating new one
[2025-03-22 01:36:58,370] INFO: rsg (3/2010): Created new record with 0 non-zero financial metrics
[2025-03-22 01:36:58,383] INFO: Trying adjusted date: 7/2010 (original: 6/2010)
[2025-03-22 01:36:58,396] WARNING: rsg (6/2010): No existing record found(6/2010, 2010-06-30) - creating new one
[2025-03-22 01:36:58,396] INFO: rsg (6/2010): Created new record with 0 non-zero financial metrics
[2025-03-22 01:36:58,411] INFO: Trying adjusted date: 10/2010 (original: 9/2010)
[2025-03-22 01:36:58,424] WARNING: rsg (9/2010): No existing record found(9/2010, 2010-09-30) - creating new one
[2025-03-22 01:36:58,424] INFO: rsg (9/2010): Created new record with 0 non-zero financial metrics
[2025-03-22 01:36:58,438] INFO: Trying adjusted date: 1/2011 (original: 12/2010)
[2025-03-22 01:36:58,450] WARNING: rsg (12/2010): No existing record found(12/2010, 2010-12-31) - creating new one
[2025-03-22 01:36:58,450] INFO: rsg (12/2010): Created new record with 0 non-zero financial metrics
[2025-03-22 01:36:58,463] INFO: Trying adjusted date: 4/2011 (original: 3/2011)
[2025-03-22 01:36:58,476] WARNING: rsg (3/2011): No existing record found(3/2011, 2011-03-31) - creating new one
[2025-03-22 01:36:58,476] INFO: rsg (3/2011): Created new record with 0 non-zero financial metrics
[2025-03-22 01:36:58,491] INFO: Trying adjusted date: 7/2011 (original: 6/2011)
[2025-03-22 01:36:58,503] WARNING: rsg (6/2011): No existing record found(6/2011, 2011-06-30) - creating new one
[2025-03-22 01:36:58,503] INFO: rsg (6/2011): Created new record with 13 non-zero financial metrics
[2025-03-22 01:36:58,517] INFO: Trying adjusted date: 10/2011 (original: 9/2011)
[2025-03-22 01:36:58,529] WARNING: rsg (9/2011): No existing record found(9/2011, 2011-09-30) - creating new one
[2025-03-22 01:36:58,530] INFO: rsg (9/2011): Created new record with 13 non-zero financial metrics
[2025-03-22 01:36:58,543] INFO: Trying adjusted date: 1/2012 (original: 12/2011)
[2025-03-22 01:36:58,555] WARNING: rsg (12/2011): No existing record found(12/2011, 2011-12-31) - creating new one
[2025-03-22 01:36:58,556] INFO: rsg (12/2011): Created new record with 19 non-zero financial metrics
[2025-03-22 01:36:58,569] INFO: Trying adjusted date: 4/2012 (original: 3/2012)
[2025-03-22 01:36:58,581] WARNING: rsg (3/2012): No existing record found(3/2012, 2012-03-31) - creating new one
[2025-03-22 01:36:58,582] INFO: rsg (3/2012): Created new record with 18 non-zero financial metrics
[2025-03-22 01:36:58,596] INFO: Trying adjusted date: 7/2012 (original: 6/2012)
[2025-03-22 01:36:58,608] WARNING: rsg (6/2012): No existing record found(6/2012, 2012-06-30) - creating new one
[2025-03-22 01:36:58,609] INFO: rsg (6/2012): Created new record with 13 non-zero financial metrics
[2025-03-22 01:36:58,633] INFO: rsg (9/2012): Updated existing record with 13 non-zero financial metrics
[2025-03-22 01:36:58,658] INFO: rsg (12/2012): Updated existing record with 19 non-zero financial metrics
[2025-03-22 01:36:58,684] INFO: rsg (3/2013): Updated existing record with 19 non-zero financial metrics
[2025-03-22 01:36:58,709] INFO: rsg (6/2013): Updated existing record with 0 non-zero financial metrics
[2025-03-22 01:36:58,735] INFO: rsg (9/2013): Updated existing record with 14 non-zero financial metrics
[2025-03-22 01:36:58,761] INFO: rsg (12/2013): Updated existing record with 19 non-zero financial metrics
[2025-03-22 01:36:58,787] INFO: rsg (3/2014): Updated existing record with 19 non-zero financial metrics
[2025-03-22 01:36:58,813] INFO: rsg (6/2014): Updated existing record with 14 non-zero financial metrics
[2025-03-22 01:36:58,838] INFO: rsg (9/2014): Updated existing record with 14 non-zero financial metrics
[2025-03-22 01:36:58,864] INFO: rsg (12/2014): Updated existing record with 19 non-zero financial metrics
[2025-03-22 01:36:58,890] INFO: rsg (3/2015): Updated existing record with 19 non-zero financial metrics
[2025-03-22 01:36:58,915] INFO: rsg (6/2015): Updated existing record with 14 non-zero financial metrics
[2025-03-22 01:36:58,942] INFO: rsg (9/2015): Updated existing record with 14 non-zero financial metrics
[2025-03-22 01:36:58,971] INFO: rsg (12/2015): Updated existing record with 18 non-zero financial metrics
[2025-03-22 01:36:58,997] INFO: rsg (3/2016): Updated existing record with 19 non-zero financial metrics
[2025-03-22 01:36:59,022] INFO: rsg (6/2016): Updated existing record with 14 non-zero financial metrics
[2025-03-22 01:36:59,050] INFO: rsg (9/2016): Updated existing record with 14 non-zero financial metrics
[2025-03-22 01:36:59,075] INFO: rsg (12/2016): Updated existing record with 18 non-zero financial metrics
[2025-03-22 01:36:59,102] INFO: rsg (3/2017): Updated existing record with 19 non-zero financial metrics
[2025-03-22 01:36:59,126] INFO: rsg (6/2017): Updated existing record with 14 non-zero financial metrics
[2025-03-22 01:36:59,153] INFO: rsg (9/2017): Updated existing record with 14 non-zero financial metrics
[2025-03-22 01:36:59,178] INFO: rsg (12/2017): Updated existing record with 18 non-zero financial metrics
[2025-03-22 01:36:59,204] INFO: rsg (3/2018): Updated existing record with 19 non-zero financial metrics
[2025-03-22 01:36:59,229] INFO: rsg (6/2018): Updated existing record with 14 non-zero financial metrics
[2025-03-22 01:36:59,254] INFO: rsg (9/2018): Updated existing record with 14 non-zero financial metrics
[2025-03-22 01:36:59,279] INFO: rsg (12/2018): Updated existing record with 19 non-zero financial metrics
[2025-03-22 01:36:59,304] INFO: rsg (3/2019): Updated existing record with 18 non-zero financial metrics
[2025-03-22 01:36:59,330] INFO: rsg (6/2019): Updated existing record with 13 non-zero financial metrics
[2025-03-22 01:36:59,356] INFO: rsg (9/2019): Updated existing record with 13 non-zero financial metrics
[2025-03-22 01:36:59,381] INFO: rsg (12/2019): Updated existing record with 19 non-zero financial metrics
[2025-03-22 01:36:59,406] INFO: rsg (3/2020): Updated existing record with 19 non-zero financial metrics
[2025-03-22 01:36:59,431] INFO: rsg (6/2020): Updated existing record with 14 non-zero financial metrics
[2025-03-22 01:36:59,456] INFO: rsg (9/2020): Updated existing record with 14 non-zero financial metrics
[2025-03-22 01:36:59,482] INFO: rsg (12/2020): Updated existing record with 20 non-zero financial metrics
[2025-03-22 01:36:59,507] INFO: rsg (3/2021): Updated existing record with 19 non-zero financial metrics
[2025-03-22 01:36:59,531] INFO: rsg (6/2021): Updated existing record with 14 non-zero financial metrics
[2025-03-22 01:36:59,558] INFO: rsg (9/2021): Updated existing record with 14 non-zero financial metrics
[2025-03-22 01:36:59,583] INFO: rsg (12/2021): Updated existing record with 20 non-zero financial metrics
[2025-03-22 01:36:59,609] INFO: rsg (3/2022): Updated existing record with 19 non-zero financial metrics
[2025-03-22 01:36:59,638] INFO: rsg (6/2022): Updated existing record with 14 non-zero financial metrics
[2025-03-22 01:36:59,663] INFO: rsg (9/2022): Updated existing record with 14 non-zero financial metrics
[2025-03-22 01:36:59,689] INFO: rsg (12/2022): Updated existing record with 20 non-zero financial metrics
[2025-03-22 01:36:59,703] WARNING: rsg (3/2023): Found zero values for fields: Share Repurchases
[2025-03-22 01:36:59,714] INFO: rsg (3/2023): Updated existing record with 18 non-zero financial metrics
[2025-03-22 01:36:59,743] INFO: rsg (6/2023): Updated existing record with 14 non-zero financial metrics
[2025-03-22 01:36:59,768] INFO: rsg (9/2023): Updated existing record with 14 non-zero financial metrics
[2025-03-22 01:36:59,794] INFO: rsg (12/2023): Updated existing record with 20 non-zero financial metrics
[2025-03-22 01:36:59,819] INFO: rsg (3/2024): Updated existing record with 18 non-zero financial metrics
[2025-03-22 01:36:59,845] INFO: rsg (6/2024): Updated existing record with 13 non-zero financial metrics
[2025-03-22 01:36:59,872] INFO: rsg (9/2024): Updated existing record with 13 non-zero financial metrics
[2025-03-22 01:36:59,884] INFO: Trying adjusted date: 1/2025 (original: 12/2024)
[2025-03-22 01:36:59,896] WARNING: rsg (12/2024): No existing record found(12/2024, 2024-12-31) - creating new one
[2025-03-22 01:36:59,897] INFO: rsg (12/2024): Created new record with 19 non-zero financial metrics
