[2025-03-22 12:05:21,953] INFO: Trying adjusted date: 7/2015 (original: 6/2015)
[2025-03-22 12:05:21,967] WARNING: run (6/2015): No existing record found(6/2015, 2015-06-30) - creating new one
[2025-03-22 12:05:21,967] INFO: run (6/2015): Created new record with 17 non-zero financial metrics
[2025-03-22 12:05:22,000] INFO: run (9/2015): Updated existing record with 17 non-zero financial metrics
[2025-03-22 12:05:22,031] INFO: run (12/2015): Updated existing record with 17 non-zero financial metrics
[2025-03-22 12:05:22,061] INFO: run (3/2016): Updated existing record with 18 non-zero financial metrics
[2025-03-22 12:05:22,091] INFO: run (6/2016): Updated existing record with 17 non-zero financial metrics
[2025-03-22 12:05:22,121] INFO: run (9/2016): Updated existing record with 16 non-zero financial metrics
[2025-03-22 12:05:22,151] INFO: run (12/2016): Updated existing record with 18 non-zero financial metrics
[2025-03-22 12:05:22,181] INFO: run (3/2017): Updated existing record with 17 non-zero financial metrics
[2025-03-22 12:05:22,211] INFO: run (6/2017): Updated existing record with 16 non-zero financial metrics
[2025-03-22 12:05:22,239] INFO: run (9/2017): Updated existing record with 16 non-zero financial metrics
[2025-03-22 12:05:22,269] INFO: run (12/2017): Updated existing record with 18 non-zero financial metrics
[2025-03-22 12:05:22,298] INFO: run (3/2018): Updated existing record with 18 non-zero financial metrics
[2025-03-22 12:05:22,327] INFO: run (6/2018): Updated existing record with 17 non-zero financial metrics
[2025-03-22 12:05:22,357] INFO: run (9/2018): Updated existing record with 16 non-zero financial metrics
[2025-03-22 12:05:22,387] INFO: run (12/2018): Updated existing record with 20 non-zero financial metrics
[2025-03-22 12:05:22,417] INFO: run (3/2019): Updated existing record with 20 non-zero financial metrics
[2025-03-22 12:05:22,452] INFO: run (6/2019): Updated existing record with 16 non-zero financial metrics
[2025-03-22 12:05:22,480] INFO: run (9/2019): Updated existing record with 16 non-zero financial metrics
[2025-03-22 12:05:22,511] INFO: run (12/2019): Updated existing record with 21 non-zero financial metrics
[2025-03-22 12:05:22,539] INFO: run (3/2020): Updated existing record with 20 non-zero financial metrics
[2025-03-22 12:05:22,570] INFO: run (6/2020): Updated existing record with 16 non-zero financial metrics
[2025-03-22 12:05:22,587] INFO: Trying adjusted date: 10/2020 (original: 9/2020)
[2025-03-22 12:05:22,601] WARNING: run (9/2020): No existing record found(9/2020, 2020-09-30) - creating new one
[2025-03-22 12:05:22,602] INFO: run (9/2020): Created new record with 17 non-zero financial metrics
[2025-03-22 12:05:22,618] WARNING: run (12/2020): Found zero values for fields: Share Repurchases
[2025-03-22 12:05:22,632] INFO: run (12/2020): Updated existing record with 21 non-zero financial metrics
[2025-03-22 12:05:22,662] INFO: run (3/2021): Updated existing record with 21 non-zero financial metrics
[2025-03-22 12:05:22,692] INFO: run (6/2021): Updated existing record with 16 non-zero financial metrics
[2025-03-22 12:05:22,722] INFO: run (9/2021): Updated existing record with 16 non-zero financial metrics
[2025-03-22 12:05:22,738] WARNING: run (12/2021): Found zero values for fields: Share Repurchases
[2025-03-22 12:05:22,752] INFO: run (12/2021): Updated existing record with 21 non-zero financial metrics
[2025-03-22 12:05:22,782] INFO: run (3/2022): Updated existing record with 21 non-zero financial metrics
[2025-03-22 12:05:22,811] INFO: run (6/2022): Updated existing record with 17 non-zero financial metrics
[2025-03-22 12:05:22,826] INFO: Trying adjusted date: 10/2022 (original: 9/2022)
[2025-03-22 12:05:22,840] WARNING: run (9/2022): No existing record found(9/2022, 2022-09-30) - creating new one
[2025-03-22 12:05:22,840] INFO: run (9/2022): Created new record with 17 non-zero financial metrics
[2025-03-22 12:05:22,870] INFO: run (12/2022): Updated existing record with 21 non-zero financial metrics
[2025-03-22 12:05:22,887] INFO: Trying adjusted date: 4/2023 (original: 3/2023)
[2025-03-22 12:05:22,900] WARNING: run (3/2023): No existing record found(3/2023, 2023-03-31) - creating new one
[2025-03-22 12:05:22,901] INFO: run (3/2023): Created new record with 21 non-zero financial metrics
[2025-03-22 12:05:22,930] INFO: run (6/2023): Updated existing record with 17 non-zero financial metrics
[2025-03-22 12:05:22,959] INFO: run (9/2023): Updated existing record with 17 non-zero financial metrics
[2025-03-22 12:05:22,990] INFO: run (12/2023): Updated existing record with 21 non-zero financial metrics
[2025-03-22 12:05:23,020] INFO: run (3/2024): Updated existing record with 20 non-zero financial metrics
[2025-03-22 12:05:23,049] INFO: run (6/2024): Updated existing record with 17 non-zero financial metrics
[2025-03-22 12:05:23,079] INFO: run (9/2024): Updated existing record with 17 non-zero financial metrics
[2025-03-22 12:05:23,094] INFO: Trying adjusted date: 1/2025 (original: 12/2024)
[2025-03-22 12:05:23,108] WARNING: run (12/2024): Found zero values for fields: Goodwill
[2025-03-22 12:05:23,108] WARNING: run (12/2024): No existing record found(12/2024, 2024-12-31) - creating new one
[2025-03-22 12:05:23,108] INFO: run (12/2024): Created new record with 20 non-zero financial metrics
