[2025-03-22 12:25:56,749] INFO: Trying adjusted date: 10/2010 (original: 9/2010)
[2025-03-22 12:25:56,763] WARNING: see (9/2010): No existing record found(9/2010, 2010-09-30) - creating new one
[2025-03-22 12:25:56,764] INFO: see (9/2010): Created new record with 0 non-zero financial metrics
[2025-03-22 12:25:56,781] INFO: Trying adjusted date: 1/2011 (original: 12/2010)
[2025-03-22 12:25:56,796] WARNING: see (12/2010): No existing record found(12/2010, 2010-12-31) - creating new one
[2025-03-22 12:25:56,797] INFO: see (12/2010): Created new record with 0 non-zero financial metrics
[2025-03-22 12:25:56,813] INFO: Trying adjusted date: 4/2011 (original: 3/2011)
[2025-03-22 12:25:56,830] WARNING: see (3/2011): No existing record found(3/2011, 2011-03-31) - creating new one
[2025-03-22 12:25:56,830] INFO: see (3/2011): Created new record with 0 non-zero financial metrics
[2025-03-22 12:25:56,847] INFO: Trying adjusted date: 7/2011 (original: 6/2011)
[2025-03-22 12:25:56,861] WARNING: see (6/2011): No existing record found(6/2011, 2011-06-30) - creating new one
[2025-03-22 12:25:56,862] INFO: see (6/2011): Created new record with 14 non-zero financial metrics
[2025-03-22 12:25:56,878] INFO: Trying adjusted date: 10/2011 (original: 9/2011)
[2025-03-22 12:25:56,892] WARNING: see (9/2011): No existing record found(9/2011, 2011-09-30) - creating new one
[2025-03-22 12:25:56,893] INFO: see (9/2011): Created new record with 14 non-zero financial metrics
[2025-03-22 12:25:56,908] INFO: Trying adjusted date: 1/2012 (original: 12/2011)
[2025-03-22 12:25:56,923] WARNING: see (12/2011): No existing record found(12/2011, 2011-12-31) - creating new one
[2025-03-22 12:25:56,923] INFO: see (12/2011): Created new record with 20 non-zero financial metrics
[2025-03-22 12:25:56,938] INFO: Trying adjusted date: 4/2012 (original: 3/2012)
[2025-03-22 12:25:56,952] WARNING: see (3/2012): No existing record found(3/2012, 2012-03-31) - creating new one
[2025-03-22 12:25:56,953] INFO: see (3/2012): Created new record with 18 non-zero financial metrics
[2025-03-22 12:25:56,968] INFO: Trying adjusted date: 7/2012 (original: 6/2012)
[2025-03-22 12:25:56,981] WARNING: see (6/2012): No existing record found(6/2012, 2012-06-30) - creating new one
[2025-03-22 12:25:56,982] INFO: see (6/2012): Created new record with 14 non-zero financial metrics
[2025-03-22 12:25:57,010] INFO: see (9/2012): Updated existing record with 14 non-zero financial metrics
[2025-03-22 12:25:57,041] INFO: see (12/2012): Updated existing record with 18 non-zero financial metrics
[2025-03-22 12:25:57,071] INFO: see (3/2013): Updated existing record with 16 non-zero financial metrics
[2025-03-22 12:25:57,101] INFO: see (6/2013): Updated existing record with 0 non-zero financial metrics
[2025-03-22 12:25:57,131] INFO: see (9/2013): Updated existing record with 15 non-zero financial metrics
[2025-03-22 12:25:57,161] INFO: see (12/2013): Updated existing record with 19 non-zero financial metrics
[2025-03-22 12:25:57,190] INFO: see (3/2014): Updated existing record with 17 non-zero financial metrics
[2025-03-22 12:25:57,219] INFO: see (6/2014): Updated existing record with 15 non-zero financial metrics
[2025-03-22 12:25:57,248] INFO: see (9/2014): Updated existing record with 15 non-zero financial metrics
[2025-03-22 12:25:57,278] INFO: see (12/2014): Updated existing record with 19 non-zero financial metrics
[2025-03-22 12:25:57,307] INFO: see (3/2015): Updated existing record with 19 non-zero financial metrics
[2025-03-22 12:25:57,338] INFO: see (6/2015): Updated existing record with 14 non-zero financial metrics
[2025-03-22 12:25:57,368] INFO: see (9/2015): Updated existing record with 15 non-zero financial metrics
[2025-03-22 12:25:57,399] INFO: see (12/2015): Updated existing record with 22 non-zero financial metrics
[2025-03-22 12:25:57,430] INFO: see (3/2016): Updated existing record with 17 non-zero financial metrics
[2025-03-22 12:25:57,459] INFO: see (6/2016): Updated existing record with 15 non-zero financial metrics
[2025-03-22 12:25:57,490] INFO: see (9/2016): Updated existing record with 15 non-zero financial metrics
[2025-03-22 12:25:57,519] INFO: see (12/2016): Updated existing record with 19 non-zero financial metrics
[2025-03-22 12:25:57,549] INFO: see (3/2017): Updated existing record with 19 non-zero financial metrics
[2025-03-22 12:25:57,579] INFO: see (6/2017): Updated existing record with 15 non-zero financial metrics
[2025-03-22 12:25:57,609] INFO: see (9/2017): Updated existing record with 15 non-zero financial metrics
[2025-03-22 12:25:57,639] INFO: see (12/2017): Updated existing record with 19 non-zero financial metrics
[2025-03-22 12:25:57,668] INFO: see (3/2018): Updated existing record with 20 non-zero financial metrics
[2025-03-22 12:25:57,699] INFO: see (6/2018): Updated existing record with 16 non-zero financial metrics
[2025-03-22 12:25:57,729] INFO: see (9/2018): Updated existing record with 16 non-zero financial metrics
[2025-03-22 12:25:57,760] INFO: see (12/2018): Updated existing record with 23 non-zero financial metrics
[2025-03-22 12:25:57,789] INFO: see (3/2019): Updated existing record with 21 non-zero financial metrics
[2025-03-22 12:25:57,818] INFO: see (6/2019): Updated existing record with 16 non-zero financial metrics
[2025-03-22 12:25:57,847] INFO: see (9/2019): Updated existing record with 16 non-zero financial metrics
[2025-03-22 12:25:57,886] INFO: see (12/2019): Updated existing record with 23 non-zero financial metrics
[2025-03-22 12:25:57,908] WARNING: see (3/2020): Found zero values for fields: Share Repurchases
[2025-03-22 12:25:57,923] INFO: see (3/2020): Updated existing record with 20 non-zero financial metrics
[2025-03-22 12:25:57,954] INFO: see (6/2020): Updated existing record with 16 non-zero financial metrics
[2025-03-22 12:25:57,984] INFO: see (9/2020): Updated existing record with 16 non-zero financial metrics
[2025-03-22 12:25:58,015] INFO: see (12/2020): Updated existing record with 23 non-zero financial metrics
[2025-03-22 12:25:58,045] INFO: see (3/2021): Updated existing record with 21 non-zero financial metrics
[2025-03-22 12:25:58,074] INFO: see (6/2021): Updated existing record with 16 non-zero financial metrics
[2025-03-22 12:25:58,103] INFO: see (9/2021): Updated existing record with 16 non-zero financial metrics
[2025-03-22 12:25:58,132] INFO: see (12/2021): Updated existing record with 23 non-zero financial metrics
[2025-03-22 12:25:58,162] INFO: see (3/2022): Updated existing record with 21 non-zero financial metrics
[2025-03-22 12:25:58,193] INFO: see (6/2022): Updated existing record with 16 non-zero financial metrics
[2025-03-22 12:25:58,224] INFO: see (9/2022): Updated existing record with 16 non-zero financial metrics
[2025-03-22 12:25:58,254] INFO: see (12/2022): Updated existing record with 23 non-zero financial metrics
[2025-03-22 12:25:58,283] INFO: see (3/2023): Updated existing record with 21 non-zero financial metrics
[2025-03-22 12:25:58,313] INFO: see (6/2023): Updated existing record with 16 non-zero financial metrics
[2025-03-22 12:25:58,344] INFO: see (9/2023): Updated existing record with 16 non-zero financial metrics
[2025-03-22 12:25:58,374] INFO: see (12/2023): Updated existing record with 23 non-zero financial metrics
[2025-03-22 12:25:58,390] WARNING: see (3/2024): Found zero values for fields: Share Repurchases
[2025-03-22 12:25:58,404] INFO: see (3/2024): Updated existing record with 20 non-zero financial metrics
[2025-03-22 12:25:58,434] INFO: see (6/2024): Updated existing record with 16 non-zero financial metrics
[2025-03-22 12:25:58,463] INFO: see (9/2024): Updated existing record with 16 non-zero financial metrics
[2025-03-22 12:25:58,479] INFO: Trying adjusted date: 1/2025 (original: 12/2024)
[2025-03-22 12:25:58,493] WARNING: see (12/2024): Found zero values for fields: Share Repurchases
[2025-03-22 12:25:58,494] WARNING: see (12/2024): No existing record found(12/2024, 2024-12-31) - creating new one
[2025-03-22 12:25:58,494] INFO: see (12/2024): Created new record with 21 non-zero financial metrics
