[2025-03-22 13:56:41,858] INFO: Trying adjusted date: 7/2010 (original: 6/2010)
[2025-03-22 13:56:41,871] WARNING: sf (6/2010): No existing record found(6/2010, 2010-06-30) - creating new one
[2025-03-22 13:56:41,871] INFO: sf (6/2010): Created new record with 0 non-zero financial metrics
[2025-03-22 13:56:41,888] INFO: Trying adjusted date: 1/2011 (original: 12/2010)
[2025-03-22 13:56:41,903] WARNING: sf (12/2010): No existing record found(12/2010, 2010-12-31) - creating new one
[2025-03-22 13:56:41,903] INFO: sf (12/2010): Created new record with 0 non-zero financial metrics
[2025-03-22 13:56:41,920] INFO: Trying adjusted date: 4/2011 (original: 3/2011)
[2025-03-22 13:56:41,935] WARNING: sf (3/2011): No existing record found(3/2011, 2011-03-31) - creating new one
[2025-03-22 13:56:41,935] INFO: sf (3/2011): Created new record with 0 non-zero financial metrics
[2025-03-22 13:56:41,951] INFO: Trying adjusted date: 10/2011 (original: 9/2011)
[2025-03-22 13:56:41,965] WARNING: sf (9/2011): No existing record found(9/2011, 2011-09-30) - creating new one
[2025-03-22 13:56:41,965] INFO: sf (9/2011): Created new record with 8 non-zero financial metrics
[2025-03-22 13:56:41,984] INFO: Trying adjusted date: 1/2012 (original: 12/2011)
[2025-03-22 13:56:41,997] WARNING: sf (12/2011): No existing record found(12/2011, 2011-12-31) - creating new one
[2025-03-22 13:56:41,998] INFO: sf (12/2011): Created new record with 12 non-zero financial metrics
[2025-03-22 13:56:42,014] INFO: Trying adjusted date: 4/2012 (original: 3/2012)
[2025-03-22 13:56:42,027] WARNING: sf (3/2012): No existing record found(3/2012, 2012-03-31) - creating new one
[2025-03-22 13:56:42,028] INFO: sf (3/2012): Created new record with 14 non-zero financial metrics
[2025-03-22 13:56:42,046] INFO: Trying adjusted date: 7/2012 (original: 6/2012)
[2025-03-22 13:56:42,060] WARNING: sf (6/2012): No existing record found(6/2012, 2012-06-30) - creating new one
[2025-03-22 13:56:42,061] INFO: sf (6/2012): Created new record with 11 non-zero financial metrics
[2025-03-22 13:56:42,092] INFO: sf (9/2012): Updated existing record with 11 non-zero financial metrics
[2025-03-22 13:56:42,122] INFO: sf (12/2012): Updated existing record with 15 non-zero financial metrics
[2025-03-22 13:56:42,152] INFO: sf (3/2013): Updated existing record with 15 non-zero financial metrics
[2025-03-22 13:56:42,180] INFO: sf (6/2013): Updated existing record with 0 non-zero financial metrics
[2025-03-22 13:56:42,211] INFO: sf (9/2013): Updated existing record with 11 non-zero financial metrics
[2025-03-22 13:56:42,241] INFO: sf (12/2013): Updated existing record with 15 non-zero financial metrics
[2025-03-22 13:56:42,270] INFO: sf (3/2014): Updated existing record with 14 non-zero financial metrics
[2025-03-22 13:56:42,300] INFO: sf (6/2014): Updated existing record with 11 non-zero financial metrics
[2025-03-22 13:56:42,329] INFO: sf (9/2014): Updated existing record with 11 non-zero financial metrics
[2025-03-22 13:56:42,358] INFO: sf (12/2014): Updated existing record with 14 non-zero financial metrics
[2025-03-22 13:56:42,388] INFO: sf (3/2015): Updated existing record with 14 non-zero financial metrics
[2025-03-22 13:56:42,416] INFO: sf (9/2015): Updated existing record with 12 non-zero financial metrics
[2025-03-22 13:56:42,446] INFO: sf (12/2015): Updated existing record with 13 non-zero financial metrics
[2025-03-22 13:56:42,475] INFO: sf (3/2016): Updated existing record with 12 non-zero financial metrics
[2025-03-22 13:56:42,505] INFO: sf (6/2016): Updated existing record with 11 non-zero financial metrics
[2025-03-22 13:56:42,534] INFO: sf (9/2016): Updated existing record with 11 non-zero financial metrics
[2025-03-22 13:56:42,563] INFO: sf (12/2016): Updated existing record with 12 non-zero financial metrics
[2025-03-22 13:56:42,593] INFO: sf (3/2017): Updated existing record with 11 non-zero financial metrics
[2025-03-22 13:56:42,624] INFO: sf (6/2017): Updated existing record with 11 non-zero financial metrics
[2025-03-22 13:56:42,653] INFO: sf (9/2017): Updated existing record with 11 non-zero financial metrics
[2025-03-22 13:56:42,682] INFO: sf (12/2017): Updated existing record with 12 non-zero financial metrics
[2025-03-22 13:56:42,712] INFO: sf (3/2018): Updated existing record with 14 non-zero financial metrics
[2025-03-22 13:56:42,742] INFO: sf (6/2018): Updated existing record with 13 non-zero financial metrics
[2025-03-22 13:56:42,772] INFO: sf (9/2018): Updated existing record with 13 non-zero financial metrics
[2025-03-22 13:56:42,802] INFO: sf (12/2018): Updated existing record with 17 non-zero financial metrics
[2025-03-22 13:56:42,830] INFO: sf (3/2019): Updated existing record with 17 non-zero financial metrics
[2025-03-22 13:56:42,860] INFO: sf (6/2019): Updated existing record with 13 non-zero financial metrics
[2025-03-22 13:56:42,876] INFO: Trying adjusted date: 10/2019 (original: 9/2019)
[2025-03-22 13:56:42,890] WARNING: sf (9/2019): No existing record found(9/2019, 2019-09-30) - creating new one
[2025-03-22 13:56:42,891] INFO: sf (9/2019): Created new record with 13 non-zero financial metrics
[2025-03-22 13:56:42,906] INFO: Trying adjusted date: 1/2020 (original: 12/2019)
[2025-03-22 13:56:42,920] WARNING: sf (12/2019): No existing record found(12/2019, 2019-12-31) - creating new one
[2025-03-22 13:56:42,921] INFO: sf (12/2019): Created new record with 17 non-zero financial metrics
[2025-03-22 13:56:42,937] INFO: Trying adjusted date: 4/2020 (original: 3/2020)
[2025-03-22 13:56:42,951] WARNING: sf (3/2020): No existing record found(3/2020, 2020-03-31) - creating new one
[2025-03-22 13:56:42,952] INFO: sf (3/2020): Created new record with 17 non-zero financial metrics
[2025-03-22 13:56:42,967] INFO: Trying adjusted date: 7/2020 (original: 6/2020)
[2025-03-22 13:56:42,980] WARNING: sf (6/2020): No existing record found(6/2020, 2020-06-30) - creating new one
[2025-03-22 13:56:42,980] INFO: sf (6/2020): Created new record with 13 non-zero financial metrics
[2025-03-22 13:56:42,999] INFO: Trying adjusted date: 10/2020 (original: 9/2020)
[2025-03-22 13:56:43,013] WARNING: sf (9/2020): No existing record found(9/2020, 2020-09-30) - creating new one
[2025-03-22 13:56:43,013] INFO: sf (9/2020): Created new record with 13 non-zero financial metrics
[2025-03-22 13:56:43,029] INFO: Trying adjusted date: 1/2021 (original: 12/2020)
[2025-03-22 13:56:43,044] WARNING: sf (12/2020): No existing record found(12/2020, 2020-12-31) - creating new one
[2025-03-22 13:56:43,044] INFO: sf (12/2020): Created new record with 18 non-zero financial metrics
[2025-03-22 13:56:43,060] INFO: Trying adjusted date: 4/2021 (original: 3/2021)
[2025-03-22 13:56:43,074] WARNING: sf (3/2021): No existing record found(3/2021, 2021-03-31) - creating new one
[2025-03-22 13:56:43,075] INFO: sf (3/2021): Created new record with 16 non-zero financial metrics
[2025-03-22 13:56:43,090] INFO: Trying adjusted date: 7/2021 (original: 6/2021)
[2025-03-22 13:56:43,105] WARNING: sf (6/2021): No existing record found(6/2021, 2021-06-30) - creating new one
[2025-03-22 13:56:43,105] INFO: sf (6/2021): Created new record with 12 non-zero financial metrics
[2025-03-22 13:56:43,123] INFO: Trying adjusted date: 10/2021 (original: 9/2021)
[2025-03-22 13:56:43,136] WARNING: sf (9/2021): No existing record found(9/2021, 2021-09-30) - creating new one
[2025-03-22 13:56:43,137] INFO: sf (9/2021): Created new record with 12 non-zero financial metrics
[2025-03-22 13:56:43,153] INFO: Trying adjusted date: 1/2022 (original: 12/2021)
[2025-03-22 13:56:43,167] WARNING: sf (12/2021): No existing record found(12/2021, 2021-12-31) - creating new one
[2025-03-22 13:56:43,167] INFO: sf (12/2021): Created new record with 17 non-zero financial metrics
[2025-03-22 13:56:43,183] INFO: Trying adjusted date: 4/2022 (original: 3/2022)
[2025-03-22 13:56:43,197] WARNING: sf (3/2022): Found zero values for fields: Share Repurchases
[2025-03-22 13:56:43,197] WARNING: sf (3/2022): No existing record found(3/2022, 2022-03-31) - creating new one
[2025-03-22 13:56:43,198] INFO: sf (3/2022): Created new record with 15 non-zero financial metrics
[2025-03-22 13:56:43,213] INFO: Trying adjusted date: 7/2022 (original: 6/2022)
[2025-03-22 13:56:43,227] WARNING: sf (6/2022): No existing record found(6/2022, 2022-06-30) - creating new one
[2025-03-22 13:56:43,228] INFO: sf (6/2022): Created new record with 12 non-zero financial metrics
[2025-03-22 13:56:43,245] INFO: Trying adjusted date: 10/2022 (original: 9/2022)
[2025-03-22 13:56:43,259] WARNING: sf (9/2022): No existing record found(9/2022, 2022-09-30) - creating new one
[2025-03-22 13:56:43,260] INFO: sf (9/2022): Created new record with 12 non-zero financial metrics
[2025-03-22 13:56:43,276] INFO: Trying adjusted date: 1/2023 (original: 12/2022)
[2025-03-22 13:56:43,290] WARNING: sf (12/2022): No existing record found(12/2022, 2022-12-31) - creating new one
[2025-03-22 13:56:43,291] INFO: sf (12/2022): Created new record with 17 non-zero financial metrics
[2025-03-22 13:56:43,307] INFO: Trying adjusted date: 4/2023 (original: 3/2023)
[2025-03-22 13:56:43,321] WARNING: sf (3/2023): No existing record found(3/2023, 2023-03-31) - creating new one
[2025-03-22 13:56:43,322] INFO: sf (3/2023): Created new record with 16 non-zero financial metrics
[2025-03-22 13:56:43,337] INFO: Trying adjusted date: 7/2023 (original: 6/2023)
[2025-03-22 13:56:43,351] WARNING: sf (6/2023): No existing record found(6/2023, 2023-06-30) - creating new one
[2025-03-22 13:56:43,352] INFO: sf (6/2023): Created new record with 12 non-zero financial metrics
[2025-03-22 13:56:43,367] INFO: Trying adjusted date: 10/2023 (original: 9/2023)
[2025-03-22 13:56:43,380] WARNING: sf (9/2023): No existing record found(9/2023, 2023-09-30) - creating new one
[2025-03-22 13:56:43,381] INFO: sf (9/2023): Created new record with 12 non-zero financial metrics
[2025-03-22 13:56:43,409] INFO: sf (12/2023): Updated existing record with 17 non-zero financial metrics
[2025-03-22 13:56:43,440] INFO: sf (3/2024): Updated existing record with 16 non-zero financial metrics
[2025-03-22 13:56:43,469] INFO: sf (6/2024): Updated existing record with 12 non-zero financial metrics
[2025-03-22 13:56:43,498] INFO: sf (9/2024): Updated existing record with 12 non-zero financial metrics
[2025-03-22 13:56:43,528] INFO: sf (12/2024): Updated existing record with 18 non-zero financial metrics
