[2025-03-22 15:38:52,196] INFO: Trying adjusted date: 6/2010 (original: 7/2010)
[2025-03-22 15:38:52,210] WARNING: slab (7/2010): No existing record found(7/2010, 2010-07-03) - creating new one
[2025-03-22 15:38:52,210] INFO: slab (7/2010): Created new record with 0 non-zero financial metrics
[2025-03-22 15:38:52,229] INFO: Trying adjusted date: 9/2010 (original: 10/2010)
[2025-03-22 15:38:52,244] WARNING: slab (10/2010): No existing record found(10/2010, 2010-10-02) - creating new one
[2025-03-22 15:38:52,244] INFO: slab (10/2010): Created new record with 0 non-zero financial metrics
[2025-03-22 15:38:52,261] INFO: Trying adjusted date: 12/2010 (original: 1/2011)
[2025-03-22 15:38:52,277] WARNING: slab (1/2011): No existing record found(1/2011, 2011-01-01) - creating new one
[2025-03-22 15:38:52,278] INFO: slab (1/2011): Created new record with 0 non-zero financial metrics
[2025-03-22 15:38:52,295] INFO: Trying adjusted date: 3/2011 (original: 4/2011)
[2025-03-22 15:38:52,310] WARNING: slab (4/2011): No existing record found(4/2011, 2011-04-02) - creating new one
[2025-03-22 15:38:52,310] INFO: slab (4/2011): Created new record with 0 non-zero financial metrics
[2025-03-22 15:38:52,327] INFO: Trying adjusted date: 6/2011 (original: 7/2011)
[2025-03-22 15:38:52,342] WARNING: slab (7/2011): No existing record found(7/2011, 2011-07-02) - creating new one
[2025-03-22 15:38:52,343] INFO: slab (7/2011): Created new record with 14 non-zero financial metrics
[2025-03-22 15:38:52,359] INFO: Trying adjusted date: 9/2011 (original: 10/2011)
[2025-03-22 15:38:52,374] WARNING: slab (10/2011): No existing record found(10/2011, 2011-10-01) - creating new one
[2025-03-22 15:38:52,375] INFO: slab (10/2011): Created new record with 14 non-zero financial metrics
[2025-03-22 15:38:52,393] INFO: Trying adjusted date: 1/2012 (original: 12/2011)
[2025-03-22 15:38:52,408] WARNING: slab (12/2011): No existing record found(12/2011, 2011-12-31) - creating new one
[2025-03-22 15:38:52,409] INFO: slab (12/2011): Created new record with 16 non-zero financial metrics
[2025-03-22 15:38:52,426] INFO: Trying adjusted date: 4/2012 (original: 3/2012)
[2025-03-22 15:38:52,441] WARNING: slab (3/2012): No existing record found(3/2012, 2012-03-31) - creating new one
[2025-03-22 15:38:52,442] INFO: slab (3/2012): Created new record with 15 non-zero financial metrics
[2025-03-22 15:38:52,459] INFO: Trying adjusted date: 7/2012 (original: 6/2012)
[2025-03-22 15:38:52,474] WARNING: slab (6/2012): No existing record found(6/2012, 2012-06-30) - creating new one
[2025-03-22 15:38:52,474] INFO: slab (6/2012): Created new record with 14 non-zero financial metrics
[2025-03-22 15:38:52,506] INFO: slab (9/2012): Updated existing record with 14 non-zero financial metrics
[2025-03-22 15:38:52,538] INFO: slab (12/2012): Updated existing record with 16 non-zero financial metrics
[2025-03-22 15:38:52,569] INFO: slab (3/2013): Updated existing record with 16 non-zero financial metrics
[2025-03-22 15:38:52,599] INFO: slab (6/2013): Updated existing record with 0 non-zero financial metrics
[2025-03-22 15:38:52,630] INFO: slab (9/2013): Updated existing record with 15 non-zero financial metrics
[2025-03-22 15:38:52,661] INFO: slab (12/2013): Updated existing record with 17 non-zero financial metrics
[2025-03-22 15:38:52,693] INFO: slab (3/2014): Updated existing record with 16 non-zero financial metrics
[2025-03-22 15:38:52,725] INFO: slab (6/2014): Updated existing record with 15 non-zero financial metrics
[2025-03-22 15:38:52,757] INFO: slab (9/2014): Updated existing record with 15 non-zero financial metrics
[2025-03-22 15:38:52,774] INFO: Trying adjusted date: 12/2014 (original: 1/2015)
[2025-03-22 15:38:52,789] INFO: Found existing row with adjusted date: 12/2014
[2025-03-22 15:38:52,804] INFO: slab (12/2014): Updated existing record with 17 non-zero financial metrics
[2025-03-22 15:38:52,821] INFO: Trying adjusted date: 3/2015 (original: 4/2015)
[2025-03-22 15:38:52,836] INFO: Found existing row with adjusted date: 3/2015
[2025-03-22 15:38:52,850] INFO: slab (3/2015): Updated existing record with 17 non-zero financial metrics
[2025-03-22 15:38:52,867] INFO: Trying adjusted date: 6/2015 (original: 7/2015)
[2025-03-22 15:38:52,881] INFO: Found existing row with adjusted date: 6/2015
[2025-03-22 15:38:52,897] INFO: slab (6/2015): Updated existing record with 15 non-zero financial metrics
[2025-03-22 15:38:52,913] INFO: Trying adjusted date: 9/2015 (original: 10/2015)
[2025-03-22 15:38:52,928] INFO: Found existing row with adjusted date: 9/2015
[2025-03-22 15:38:52,943] INFO: slab (9/2015): Updated existing record with 15 non-zero financial metrics
[2025-03-22 15:38:52,962] INFO: Trying adjusted date: 12/2015 (original: 1/2016)
[2025-03-22 15:38:52,978] INFO: Found existing row with adjusted date: 12/2015
[2025-03-22 15:38:52,992] INFO: slab (12/2015): Updated existing record with 17 non-zero financial metrics
[2025-03-22 15:38:53,014] INFO: Trying adjusted date: 3/2016 (original: 4/2016)
[2025-03-22 15:38:53,028] INFO: Found existing row with adjusted date: 3/2016
[2025-03-22 15:38:53,042] INFO: slab (3/2016): Updated existing record with 17 non-zero financial metrics
[2025-03-22 15:38:53,058] INFO: Trying adjusted date: 6/2016 (original: 7/2016)
[2025-03-22 15:38:53,073] INFO: Found existing row with adjusted date: 6/2016
[2025-03-22 15:38:53,088] INFO: slab (6/2016): Updated existing record with 15 non-zero financial metrics
[2025-03-22 15:38:53,105] INFO: Trying adjusted date: 9/2016 (original: 10/2016)
[2025-03-22 15:38:53,119] INFO: Found existing row with adjusted date: 9/2016
[2025-03-22 15:38:53,134] INFO: slab (9/2016): Updated existing record with 15 non-zero financial metrics
[2025-03-22 15:38:53,164] INFO: slab (12/2016): Updated existing record with 17 non-zero financial metrics
[2025-03-22 15:38:53,181] INFO: Trying adjusted date: 3/2017 (original: 4/2017)
[2025-03-22 15:38:53,195] INFO: Found existing row with adjusted date: 3/2017
[2025-03-22 15:38:53,210] INFO: slab (3/2017): Updated existing record with 15 non-zero financial metrics
[2025-03-22 15:38:53,226] INFO: Trying adjusted date: 6/2017 (original: 7/2017)
[2025-03-22 15:38:53,240] INFO: Found existing row with adjusted date: 6/2017
[2025-03-22 15:38:53,255] INFO: slab (6/2017): Updated existing record with 14 non-zero financial metrics
[2025-03-22 15:38:53,285] INFO: slab (9/2017): Updated existing record with 14 non-zero financial metrics
[2025-03-22 15:38:53,316] INFO: slab (12/2017): Updated existing record with 19 non-zero financial metrics
[2025-03-22 15:38:53,346] INFO: slab (3/2018): Updated existing record with 18 non-zero financial metrics
[2025-03-22 15:38:53,376] INFO: slab (6/2018): Updated existing record with 13 non-zero financial metrics
[2025-03-22 15:38:53,407] INFO: slab (9/2018): Updated existing record with 13 non-zero financial metrics
[2025-03-22 15:38:53,439] INFO: slab (12/2018): Updated existing record with 19 non-zero financial metrics
[2025-03-22 15:38:53,470] INFO: slab (3/2019): Updated existing record with 20 non-zero financial metrics
[2025-03-22 15:38:53,500] INFO: slab (6/2019): Updated existing record with 14 non-zero financial metrics
[2025-03-22 15:38:53,531] INFO: slab (9/2019): Updated existing record with 14 non-zero financial metrics
[2025-03-22 15:38:53,562] INFO: slab (12/2019): Updated existing record with 20 non-zero financial metrics
[2025-03-22 15:38:53,581] INFO: Trying adjusted date: 3/2020 (original: 4/2020)
[2025-03-22 15:38:53,595] INFO: Found existing row with adjusted date: 3/2020
[2025-03-22 15:38:53,609] INFO: slab (3/2020): Updated existing record with 20 non-zero financial metrics
[2025-03-22 15:38:53,626] INFO: Trying adjusted date: 6/2020 (original: 7/2020)
[2025-03-22 15:38:53,640] INFO: Found existing row with adjusted date: 6/2020
[2025-03-22 15:38:53,655] INFO: slab (6/2020): Updated existing record with 14 non-zero financial metrics
[2025-03-22 15:38:53,670] INFO: Trying adjusted date: 9/2020 (original: 10/2020)
[2025-03-22 15:38:53,685] INFO: Found existing row with adjusted date: 9/2020
[2025-03-22 15:38:53,700] INFO: slab (9/2020): Updated existing record with 14 non-zero financial metrics
[2025-03-22 15:38:53,717] INFO: Trying adjusted date: 12/2020 (original: 1/2021)
[2025-03-22 15:38:53,731] INFO: Found existing row with adjusted date: 12/2020
[2025-03-22 15:38:53,745] INFO: slab (12/2020): Updated existing record with 21 non-zero financial metrics
[2025-03-22 15:38:53,763] INFO: Trying adjusted date: 3/2021 (original: 4/2021)
[2025-03-22 15:38:53,777] INFO: Found existing row with adjusted date: 3/2021
[2025-03-22 15:38:53,791] INFO: slab (3/2021): Updated existing record with 20 non-zero financial metrics
[2025-03-22 15:38:53,807] INFO: Trying adjusted date: 6/2021 (original: 7/2021)
[2025-03-22 15:38:53,821] INFO: Found existing row with adjusted date: 6/2021
[2025-03-22 15:38:53,836] INFO: slab (6/2021): Updated existing record with 15 non-zero financial metrics
[2025-03-22 15:38:53,852] INFO: Trying adjusted date: 9/2021 (original: 10/2021)
[2025-03-22 15:38:53,866] INFO: Found existing row with adjusted date: 9/2021
[2025-03-22 15:38:53,880] INFO: slab (9/2021): Updated existing record with 15 non-zero financial metrics
[2025-03-22 15:38:53,896] INFO: Trying adjusted date: 12/2021 (original: 1/2022)
[2025-03-22 15:38:53,910] INFO: Found existing row with adjusted date: 12/2021
[2025-03-22 15:38:53,925] INFO: slab (12/2021): Updated existing record with 19 non-zero financial metrics
[2025-03-22 15:38:53,942] INFO: Trying adjusted date: 3/2022 (original: 4/2022)
[2025-03-22 15:38:53,956] INFO: Found existing row with adjusted date: 3/2022
[2025-03-22 15:38:53,970] INFO: slab (3/2022): Updated existing record with 19 non-zero financial metrics
[2025-03-22 15:38:53,986] INFO: Trying adjusted date: 6/2022 (original: 7/2022)
[2025-03-22 15:38:54,000] INFO: Found existing row with adjusted date: 6/2022
[2025-03-22 15:38:54,014] INFO: slab (6/2022): Updated existing record with 15 non-zero financial metrics
[2025-03-22 15:38:54,030] INFO: Trying adjusted date: 9/2022 (original: 10/2022)
[2025-03-22 15:38:54,044] INFO: Found existing row with adjusted date: 9/2022
[2025-03-22 15:38:54,058] INFO: slab (9/2022): Updated existing record with 15 non-zero financial metrics
[2025-03-22 15:38:54,088] INFO: slab (12/2022): Updated existing record with 19 non-zero financial metrics
[2025-03-22 15:38:54,105] INFO: Trying adjusted date: 3/2023 (original: 4/2023)
[2025-03-22 15:38:54,119] INFO: Found existing row with adjusted date: 3/2023
[2025-03-22 15:38:54,133] INFO: slab (3/2023): Updated existing record with 20 non-zero financial metrics
[2025-03-22 15:38:54,150] INFO: Trying adjusted date: 6/2023 (original: 7/2023)
[2025-03-22 15:38:54,164] INFO: Found existing row with adjusted date: 6/2023
[2025-03-22 15:38:54,178] INFO: slab (6/2023): Updated existing record with 15 non-zero financial metrics
[2025-03-22 15:38:54,209] INFO: slab (9/2023): Updated existing record with 15 non-zero financial metrics
[2025-03-22 15:38:54,240] INFO: slab (12/2023): Updated existing record with 19 non-zero financial metrics
[2025-03-22 15:38:54,257] WARNING: slab (3/2024): Found zero values for fields: Share Repurchases
[2025-03-22 15:38:54,272] INFO: slab (3/2024): Updated existing record with 19 non-zero financial metrics
[2025-03-22 15:38:54,304] INFO: slab (6/2024): Updated existing record with 14 non-zero financial metrics
[2025-03-22 15:38:54,335] INFO: slab (9/2024): Updated existing record with 14 non-zero financial metrics
[2025-03-22 15:38:54,367] INFO: slab (12/2024): Updated existing record with 18 non-zero financial metrics
