[2025-03-22 15:41:29,674] INFO: Trying adjusted date: 7/2010 (original: 8/2010)
[2025-03-22 15:41:29,688] WARNING: slgn (8/2010): No existing record found(8/2010, 2010-08-02) - creating new one
[2025-03-22 15:41:29,689] INFO: slgn (8/2010): Created new record with 0 non-zero financial metrics
[2025-03-22 15:41:29,708] INFO: Trying adjusted date: 10/2010 (original: 9/2010)
[2025-03-22 15:41:29,723] WARNING: slgn (9/2010): No existing record found(9/2010, 2010-09-30) - creating new one
[2025-03-22 15:41:29,724] INFO: slgn (9/2010): Created new record with 0 non-zero financial metrics
[2025-03-22 15:41:29,741] INFO: Trying adjusted date: 1/2011 (original: 12/2010)
[2025-03-22 15:41:29,755] WARNING: slgn (12/2010): No existing record found(12/2010, 2010-12-31) - creating new one
[2025-03-22 15:41:29,756] INFO: slgn (12/2010): Created new record with 0 non-zero financial metrics
[2025-03-22 15:41:29,772] INFO: Trying adjusted date: 4/2011 (original: 3/2011)
[2025-03-22 15:41:29,787] WARNING: slgn (3/2011): No existing record found(3/2011, 2011-03-31) - creating new one
[2025-03-22 15:41:29,787] INFO: slgn (3/2011): Created new record with 0 non-zero financial metrics
[2025-03-22 15:41:29,804] INFO: Trying adjusted date: 7/2011 (original: 6/2011)
[2025-03-22 15:41:29,819] WARNING: slgn (6/2011): No existing record found(6/2011, 2011-06-30) - creating new one
[2025-03-22 15:41:29,820] INFO: slgn (6/2011): Created new record with 12 non-zero financial metrics
[2025-03-22 15:41:29,837] INFO: Trying adjusted date: 10/2011 (original: 9/2011)
[2025-03-22 15:41:29,852] WARNING: slgn (9/2011): No existing record found(9/2011, 2011-09-30) - creating new one
[2025-03-22 15:41:29,852] INFO: slgn (9/2011): Created new record with 13 non-zero financial metrics
[2025-03-22 15:41:29,868] INFO: Trying adjusted date: 1/2012 (original: 12/2011)
[2025-03-22 15:41:29,882] WARNING: slgn (12/2011): No existing record found(12/2011, 2011-12-31) - creating new one
[2025-03-22 15:41:29,883] INFO: slgn (12/2011): Created new record with 19 non-zero financial metrics
[2025-03-22 15:41:29,900] INFO: Trying adjusted date: 4/2012 (original: 3/2012)
[2025-03-22 15:41:29,914] WARNING: slgn (3/2012): No existing record found(3/2012, 2012-03-31) - creating new one
[2025-03-22 15:41:29,914] INFO: slgn (3/2012): Created new record with 17 non-zero financial metrics
[2025-03-22 15:41:29,931] INFO: Trying adjusted date: 7/2012 (original: 6/2012)
[2025-03-22 15:41:29,947] WARNING: slgn (6/2012): No existing record found(6/2012, 2012-06-30) - creating new one
[2025-03-22 15:41:29,948] INFO: slgn (6/2012): Created new record with 13 non-zero financial metrics
[2025-03-22 15:41:29,979] INFO: slgn (9/2012): Updated existing record with 13 non-zero financial metrics
[2025-03-22 15:41:30,011] INFO: slgn (12/2012): Updated existing record with 19 non-zero financial metrics
[2025-03-22 15:41:30,042] INFO: slgn (3/2013): Updated existing record with 18 non-zero financial metrics
[2025-03-22 15:41:30,077] INFO: slgn (6/2013): Updated existing record with 0 non-zero financial metrics
[2025-03-22 15:41:30,109] INFO: slgn (9/2013): Updated existing record with 13 non-zero financial metrics
[2025-03-22 15:41:30,145] INFO: slgn (12/2013): Updated existing record with 19 non-zero financial metrics
[2025-03-22 15:41:30,177] INFO: slgn (3/2014): Updated existing record with 18 non-zero financial metrics
[2025-03-22 15:41:30,207] INFO: slgn (6/2014): Updated existing record with 13 non-zero financial metrics
[2025-03-22 15:41:30,239] INFO: slgn (9/2014): Updated existing record with 13 non-zero financial metrics
[2025-03-22 15:41:30,270] INFO: slgn (12/2014): Updated existing record with 18 non-zero financial metrics
[2025-03-22 15:41:30,300] INFO: slgn (3/2015): Updated existing record with 18 non-zero financial metrics
[2025-03-22 15:41:30,331] INFO: slgn (6/2015): Updated existing record with 13 non-zero financial metrics
[2025-03-22 15:41:30,363] INFO: slgn (9/2015): Updated existing record with 13 non-zero financial metrics
[2025-03-22 15:41:30,392] INFO: slgn (12/2015): Updated existing record with 18 non-zero financial metrics
[2025-03-22 15:41:30,409] WARNING: slgn (3/2016): Found zero values for fields: Share Repurchases
[2025-03-22 15:41:30,424] INFO: slgn (3/2016): Updated existing record with 16 non-zero financial metrics
[2025-03-22 15:41:30,455] INFO: slgn (6/2016): Updated existing record with 13 non-zero financial metrics
[2025-03-22 15:41:30,486] INFO: slgn (9/2016): Updated existing record with 13 non-zero financial metrics
[2025-03-22 15:41:30,518] INFO: slgn (12/2016): Updated existing record with 18 non-zero financial metrics
[2025-03-22 15:41:30,551] INFO: slgn (3/2017): Updated existing record with 17 non-zero financial metrics
[2025-03-22 15:41:30,582] INFO: slgn (6/2017): Updated existing record with 13 non-zero financial metrics
[2025-03-22 15:41:30,613] INFO: slgn (9/2017): Updated existing record with 13 non-zero financial metrics
[2025-03-22 15:41:30,644] INFO: slgn (12/2017): Updated existing record with 18 non-zero financial metrics
[2025-03-22 15:41:30,675] INFO: slgn (3/2018): Updated existing record with 16 non-zero financial metrics
[2025-03-22 15:41:30,706] INFO: slgn (6/2018): Updated existing record with 12 non-zero financial metrics
[2025-03-22 15:41:30,738] INFO: slgn (9/2018): Updated existing record with 12 non-zero financial metrics
[2025-03-22 15:41:30,769] INFO: slgn (12/2018): Updated existing record with 18 non-zero financial metrics
[2025-03-22 15:41:30,801] INFO: slgn (3/2019): Updated existing record with 15 non-zero financial metrics
[2025-03-22 15:41:30,832] INFO: slgn (6/2019): Updated existing record with 12 non-zero financial metrics
[2025-03-22 15:41:30,863] INFO: slgn (9/2019): Updated existing record with 12 non-zero financial metrics
[2025-03-22 15:41:30,893] INFO: slgn (12/2019): Updated existing record with 18 non-zero financial metrics
[2025-03-22 15:41:30,923] INFO: slgn (3/2020): Updated existing record with 16 non-zero financial metrics
[2025-03-22 15:41:30,955] INFO: slgn (6/2020): Updated existing record with 12 non-zero financial metrics
[2025-03-22 15:41:30,988] INFO: slgn (9/2020): Updated existing record with 13 non-zero financial metrics
[2025-03-22 15:41:31,019] INFO: slgn (12/2020): Updated existing record with 18 non-zero financial metrics
[2025-03-22 15:41:31,051] INFO: slgn (3/2021): Updated existing record with 18 non-zero financial metrics
[2025-03-22 15:41:31,083] INFO: slgn (6/2021): Updated existing record with 13 non-zero financial metrics
[2025-03-22 15:41:31,117] INFO: slgn (9/2021): Updated existing record with 13 non-zero financial metrics
[2025-03-22 15:41:31,151] INFO: slgn (12/2021): Updated existing record with 18 non-zero financial metrics
[2025-03-22 15:41:31,186] INFO: slgn (3/2022): Updated existing record with 18 non-zero financial metrics
[2025-03-22 15:41:31,219] INFO: slgn (6/2022): Updated existing record with 13 non-zero financial metrics
[2025-03-22 15:41:31,253] INFO: slgn (9/2022): Updated existing record with 13 non-zero financial metrics
[2025-03-22 15:41:31,285] INFO: slgn (12/2022): Updated existing record with 18 non-zero financial metrics
[2025-03-22 15:41:31,318] INFO: slgn (3/2023): Updated existing record with 18 non-zero financial metrics
[2025-03-22 15:41:31,350] INFO: slgn (6/2023): Updated existing record with 13 non-zero financial metrics
[2025-03-22 15:41:31,381] INFO: slgn (9/2023): Updated existing record with 13 non-zero financial metrics
[2025-03-22 15:41:31,412] INFO: slgn (12/2023): Updated existing record with 18 non-zero financial metrics
[2025-03-22 15:41:31,443] INFO: slgn (3/2024): Updated existing record with 17 non-zero financial metrics
[2025-03-22 15:41:31,474] INFO: slgn (6/2024): Updated existing record with 12 non-zero financial metrics
[2025-03-22 15:41:31,505] INFO: slgn (9/2024): Updated existing record with 12 non-zero financial metrics
[2025-03-22 15:41:31,538] INFO: slgn (12/2024): Updated existing record with 18 non-zero financial metrics
