[2025-03-22 09:05:24,427] INFO: Trying adjusted date: 6/2010 (original: 7/2010)
[2025-03-22 09:05:24,440] WARNING: sna (7/2010): No existing record found(7/2010, 2010-07-03) - creating new one
[2025-03-22 09:05:24,440] INFO: sna (7/2010): Created new record with 0 non-zero financial metrics
[2025-03-22 09:05:24,457] INFO: Trying adjusted date: 9/2010 (original: 10/2010)
[2025-03-22 09:05:24,470] WARNING: sna (10/2010): No existing record found(10/2010, 2010-10-02) - creating new one
[2025-03-22 09:05:24,471] INFO: sna (10/2010): Created new record with 0 non-zero financial metrics
[2025-03-22 09:05:24,485] INFO: Trying adjusted date: 12/2010 (original: 1/2011)
[2025-03-22 09:05:24,497] WARNING: sna (1/2011): No existing record found(1/2011, 2011-01-01) - creating new one
[2025-03-22 09:05:24,497] INFO: sna (1/2011): Created new record with 0 non-zero financial metrics
[2025-03-22 09:05:24,513] INFO: Trying adjusted date: 3/2011 (original: 4/2011)
[2025-03-22 09:05:24,526] WARNING: sna (4/2011): No existing record found(4/2011, 2011-04-02) - creating new one
[2025-03-22 09:05:24,527] INFO: sna (4/2011): Created new record with 0 non-zero financial metrics
[2025-03-22 09:05:24,541] INFO: Trying adjusted date: 6/2011 (original: 7/2011)
[2025-03-22 09:05:24,555] WARNING: sna (7/2011): No existing record found(7/2011, 2011-07-02) - creating new one
[2025-03-22 09:05:24,555] INFO: sna (7/2011): Created new record with 16 non-zero financial metrics
[2025-03-22 09:05:24,572] INFO: Trying adjusted date: 9/2011 (original: 10/2011)
[2025-03-22 09:05:24,585] WARNING: sna (10/2011): No existing record found(10/2011, 2011-10-01) - creating new one
[2025-03-22 09:05:24,586] INFO: sna (10/2011): Created new record with 16 non-zero financial metrics
[2025-03-22 09:05:24,601] INFO: Trying adjusted date: 1/2012 (original: 12/2011)
[2025-03-22 09:05:24,614] WARNING: sna (12/2011): No existing record found(12/2011, 2011-12-31) - creating new one
[2025-03-22 09:05:24,615] INFO: sna (12/2011): Created new record with 21 non-zero financial metrics
[2025-03-22 09:05:24,630] INFO: Trying adjusted date: 4/2012 (original: 3/2012)
[2025-03-22 09:05:24,643] WARNING: sna (3/2012): No existing record found(3/2012, 2012-03-31) - creating new one
[2025-03-22 09:05:24,644] INFO: sna (3/2012): Created new record with 20 non-zero financial metrics
[2025-03-22 09:05:24,658] INFO: Trying adjusted date: 7/2012 (original: 6/2012)
[2025-03-22 09:05:24,671] WARNING: sna (6/2012): No existing record found(6/2012, 2012-06-30) - creating new one
[2025-03-22 09:05:24,672] INFO: sna (6/2012): Created new record with 16 non-zero financial metrics
[2025-03-22 09:05:24,700] INFO: sna (9/2012): Updated existing record with 16 non-zero financial metrics
[2025-03-22 09:05:24,728] INFO: sna (12/2012): Updated existing record with 21 non-zero financial metrics
[2025-03-22 09:05:24,757] INFO: sna (3/2013): Updated existing record with 20 non-zero financial metrics
[2025-03-22 09:05:24,785] INFO: sna (6/2013): Updated existing record with 0 non-zero financial metrics
[2025-03-22 09:05:24,813] INFO: sna (9/2013): Updated existing record with 16 non-zero financial metrics
[2025-03-22 09:05:24,842] INFO: sna (12/2013): Updated existing record with 21 non-zero financial metrics
[2025-03-22 09:05:24,870] INFO: sna (3/2014): Updated existing record with 20 non-zero financial metrics
[2025-03-22 09:05:24,898] INFO: sna (6/2014): Updated existing record with 16 non-zero financial metrics
[2025-03-22 09:05:24,926] INFO: sna (9/2014): Updated existing record with 16 non-zero financial metrics
[2025-03-22 09:05:24,941] INFO: Trying adjusted date: 12/2014 (original: 1/2015)
[2025-03-22 09:05:24,954] INFO: Found existing row with adjusted date: 12/2014
[2025-03-22 09:05:24,968] INFO: sna (12/2014): Updated existing record with 18 non-zero financial metrics
[2025-03-22 09:05:24,983] INFO: Trying adjusted date: 3/2015 (original: 4/2015)
[2025-03-22 09:05:24,996] INFO: Found existing row with adjusted date: 3/2015
[2025-03-22 09:05:25,009] INFO: sna (3/2015): Updated existing record with 17 non-zero financial metrics
[2025-03-22 09:05:25,024] INFO: Trying adjusted date: 6/2015 (original: 7/2015)
[2025-03-22 09:05:25,037] INFO: Found existing row with adjusted date: 6/2015
[2025-03-22 09:05:25,050] INFO: sna (6/2015): Updated existing record with 16 non-zero financial metrics
[2025-03-22 09:05:25,066] INFO: Trying adjusted date: 9/2015 (original: 10/2015)
[2025-03-22 09:05:25,079] INFO: Found existing row with adjusted date: 9/2015
[2025-03-22 09:05:25,092] INFO: sna (9/2015): Updated existing record with 16 non-zero financial metrics
[2025-03-22 09:05:25,106] INFO: Trying adjusted date: 12/2015 (original: 1/2016)
[2025-03-22 09:05:25,118] INFO: Found existing row with adjusted date: 12/2015
[2025-03-22 09:05:25,131] INFO: sna (12/2015): Updated existing record with 18 non-zero financial metrics
[2025-03-22 09:05:25,146] INFO: Trying adjusted date: 3/2016 (original: 4/2016)
[2025-03-22 09:05:25,159] INFO: Found existing row with adjusted date: 3/2016
[2025-03-22 09:05:25,173] INFO: sna (3/2016): Updated existing record with 17 non-zero financial metrics
[2025-03-22 09:05:25,187] INFO: Trying adjusted date: 6/2016 (original: 7/2016)
[2025-03-22 09:05:25,200] INFO: Found existing row with adjusted date: 6/2016
[2025-03-22 09:05:25,213] INFO: sna (6/2016): Updated existing record with 16 non-zero financial metrics
[2025-03-22 09:05:25,227] INFO: Trying adjusted date: 9/2016 (original: 10/2016)
[2025-03-22 09:05:25,240] INFO: Found existing row with adjusted date: 9/2016
[2025-03-22 09:05:25,253] INFO: sna (9/2016): Updated existing record with 16 non-zero financial metrics
[2025-03-22 09:05:25,280] INFO: sna (12/2016): Updated existing record with 17 non-zero financial metrics
[2025-03-22 09:05:25,295] INFO: Trying adjusted date: 3/2017 (original: 4/2017)
[2025-03-22 09:05:25,308] INFO: Found existing row with adjusted date: 3/2017
[2025-03-22 09:05:25,322] INFO: sna (3/2017): Updated existing record with 16 non-zero financial metrics
[2025-03-22 09:05:25,337] INFO: Trying adjusted date: 6/2017 (original: 7/2017)
[2025-03-22 09:05:25,349] INFO: Found existing row with adjusted date: 6/2017
[2025-03-22 09:05:25,363] INFO: sna (6/2017): Updated existing record with 15 non-zero financial metrics
[2025-03-22 09:05:25,390] INFO: sna (9/2017): Updated existing record with 15 non-zero financial metrics
[2025-03-22 09:05:25,419] INFO: sna (12/2017): Updated existing record with 17 non-zero financial metrics
[2025-03-22 09:05:25,447] INFO: sna (3/2018): Updated existing record with 17 non-zero financial metrics
[2025-03-22 09:05:25,476] INFO: sna (6/2018): Updated existing record with 16 non-zero financial metrics
[2025-03-22 09:05:25,505] INFO: sna (9/2018): Updated existing record with 14 non-zero financial metrics
[2025-03-22 09:05:25,534] INFO: sna (12/2018): Updated existing record with 19 non-zero financial metrics
[2025-03-22 09:05:25,562] INFO: sna (3/2019): Updated existing record with 15 non-zero financial metrics
[2025-03-22 09:05:25,591] INFO: sna (6/2019): Updated existing record with 14 non-zero financial metrics
[2025-03-22 09:05:25,618] INFO: sna (9/2019): Updated existing record with 14 non-zero financial metrics
[2025-03-22 09:05:25,646] INFO: sna (12/2019): Updated existing record with 19 non-zero financial metrics
[2025-03-22 09:05:25,674] INFO: sna (3/2020): Updated existing record with 18 non-zero financial metrics
[2025-03-22 09:05:25,707] INFO: sna (6/2020): Updated existing record with 14 non-zero financial metrics
[2025-03-22 09:05:25,735] INFO: sna (9/2020): Updated existing record with 14 non-zero financial metrics
[2025-03-22 09:05:25,750] INFO: Trying adjusted date: 12/2020 (original: 1/2021)
[2025-03-22 09:05:25,765] INFO: Found existing row with adjusted date: 12/2020
[2025-03-22 09:05:25,779] INFO: sna (12/2020): Updated existing record with 19 non-zero financial metrics
[2025-03-22 09:05:25,794] INFO: Trying adjusted date: 3/2021 (original: 4/2021)
[2025-03-22 09:05:25,809] INFO: Found existing row with adjusted date: 3/2021
[2025-03-22 09:05:25,822] INFO: sna (3/2021): Updated existing record with 18 non-zero financial metrics
[2025-03-22 09:05:25,839] INFO: Trying adjusted date: 6/2021 (original: 7/2021)
[2025-03-22 09:05:25,853] INFO: Found existing row with adjusted date: 6/2021
[2025-03-22 09:05:25,866] INFO: sna (6/2021): Updated existing record with 14 non-zero financial metrics
[2025-03-22 09:05:25,881] INFO: Trying adjusted date: 9/2021 (original: 10/2021)
[2025-03-22 09:05:25,894] INFO: Found existing row with adjusted date: 9/2021
[2025-03-22 09:05:25,908] INFO: sna (9/2021): Updated existing record with 14 non-zero financial metrics
[2025-03-22 09:05:25,922] INFO: Trying adjusted date: 12/2021 (original: 1/2022)
[2025-03-22 09:05:25,935] INFO: Found existing row with adjusted date: 12/2021
[2025-03-22 09:05:25,949] INFO: sna (12/2021): Updated existing record with 19 non-zero financial metrics
[2025-03-22 09:05:25,963] INFO: Trying adjusted date: 3/2022 (original: 4/2022)
[2025-03-22 09:05:25,976] INFO: Found existing row with adjusted date: 3/2022
[2025-03-22 09:05:25,990] INFO: sna (3/2022): Updated existing record with 18 non-zero financial metrics
[2025-03-22 09:05:26,004] INFO: Trying adjusted date: 6/2022 (original: 7/2022)
[2025-03-22 09:05:26,017] INFO: Found existing row with adjusted date: 6/2022
[2025-03-22 09:05:26,030] INFO: sna (6/2022): Updated existing record with 14 non-zero financial metrics
[2025-03-22 09:05:26,045] INFO: Trying adjusted date: 9/2022 (original: 10/2022)
[2025-03-22 09:05:26,058] INFO: Found existing row with adjusted date: 9/2022
[2025-03-22 09:05:26,071] INFO: sna (9/2022): Updated existing record with 14 non-zero financial metrics
[2025-03-22 09:05:26,099] INFO: sna (12/2022): Updated existing record with 19 non-zero financial metrics
[2025-03-22 09:05:26,113] INFO: Trying adjusted date: 3/2023 (original: 4/2023)
[2025-03-22 09:05:26,126] INFO: Found existing row with adjusted date: 3/2023
[2025-03-22 09:05:26,140] INFO: sna (3/2023): Updated existing record with 18 non-zero financial metrics
[2025-03-22 09:05:26,156] INFO: Trying adjusted date: 6/2023 (original: 7/2023)
[2025-03-22 09:05:26,170] INFO: Found existing row with adjusted date: 6/2023
[2025-03-22 09:05:26,183] INFO: sna (6/2023): Updated existing record with 14 non-zero financial metrics
[2025-03-22 09:05:26,212] INFO: sna (9/2023): Updated existing record with 14 non-zero financial metrics
[2025-03-22 09:05:26,240] INFO: sna (12/2023): Updated existing record with 19 non-zero financial metrics
[2025-03-22 09:05:26,268] INFO: sna (3/2024): Updated existing record with 18 non-zero financial metrics
[2025-03-22 09:05:26,296] INFO: sna (6/2024): Updated existing record with 13 non-zero financial metrics
[2025-03-22 09:05:26,324] INFO: sna (9/2024): Updated existing record with 12 non-zero financial metrics
[2025-03-22 09:05:26,340] INFO: Trying adjusted date: 1/2025 (original: 12/2024)
[2025-03-22 09:05:26,354] WARNING: sna (12/2024): No existing record found(12/2024, 2024-12-28) - creating new one
[2025-03-22 09:05:26,355] INFO: sna (12/2024): Created new record with 18 non-zero financial metrics
