[2025-03-22 05:59:27,603] INFO: snap (3/2017): Updated existing record with 17 non-zero financial metrics
[2025-03-22 05:59:27,631] INFO: snap (6/2017): Updated existing record with 16 non-zero financial metrics
[2025-03-22 05:59:27,660] INFO: snap (9/2017): Updated existing record with 16 non-zero financial metrics
[2025-03-22 05:59:27,687] INFO: snap (12/2017): Updated existing record with 17 non-zero financial metrics
[2025-03-22 05:59:27,714] INFO: snap (3/2018): Updated existing record with 17 non-zero financial metrics
[2025-03-22 05:59:27,741] INFO: snap (6/2018): Updated existing record with 20 non-zero financial metrics
[2025-03-22 05:59:27,769] INFO: snap (9/2018): Updated existing record with 20 non-zero financial metrics
[2025-03-22 05:59:27,796] INFO: snap (12/2018): Updated existing record with 20 non-zero financial metrics
[2025-03-22 05:59:27,824] INFO: snap (3/2019): Updated existing record with 20 non-zero financial metrics
[2025-03-22 05:59:27,851] INFO: snap (6/2019): Updated existing record with 20 non-zero financial metrics
[2025-03-22 05:59:27,878] INFO: snap (9/2019): Updated existing record with 20 non-zero financial metrics
[2025-03-22 05:59:27,893] INFO: Trying adjusted date: 1/2020 (original: 12/2019)
[2025-03-22 05:59:27,906] WARNING: snap (12/2019): No existing record found(12/2019, 2019-12-31) - creating new one
[2025-03-22 05:59:27,906] INFO: snap (12/2019): Created new record with 21 non-zero financial metrics
[2025-03-22 05:59:27,933] INFO: snap (3/2020): Updated existing record with 20 non-zero financial metrics
[2025-03-22 05:59:27,962] INFO: snap (6/2020): Updated existing record with 20 non-zero financial metrics
[2025-03-22 05:59:27,992] INFO: snap (9/2020): Updated existing record with 20 non-zero financial metrics
[2025-03-22 05:59:28,019] INFO: snap (12/2020): Updated existing record with 20 non-zero financial metrics
[2025-03-22 05:59:28,047] INFO: snap (3/2021): Updated existing record with 20 non-zero financial metrics
[2025-03-22 05:59:28,074] INFO: snap (6/2021): Updated existing record with 20 non-zero financial metrics
[2025-03-22 05:59:28,101] INFO: snap (9/2021): Updated existing record with 20 non-zero financial metrics
[2025-03-22 05:59:28,129] INFO: snap (12/2021): Updated existing record with 20 non-zero financial metrics
[2025-03-22 05:59:28,144] INFO: Trying adjusted date: 4/2022 (original: 3/2022)
[2025-03-22 05:59:28,157] WARNING: snap (3/2022): No existing record found(3/2022, 2022-03-31) - creating new one
[2025-03-22 05:59:28,158] INFO: snap (3/2022): Created new record with 20 non-zero financial metrics
[2025-03-22 05:59:28,185] INFO: snap (6/2022): Updated existing record with 20 non-zero financial metrics
[2025-03-22 05:59:28,199] INFO: Trying adjusted date: 10/2022 (original: 9/2022)
[2025-03-22 05:59:28,212] WARNING: snap (9/2022): No existing record found(9/2022, 2022-09-30) - creating new one
[2025-03-22 05:59:28,212] INFO: snap (9/2022): Created new record with 21 non-zero financial metrics
[2025-03-22 05:59:28,239] INFO: snap (12/2022): Updated existing record with 22 non-zero financial metrics
[2025-03-22 05:59:28,267] INFO: snap (3/2023): Updated existing record with 21 non-zero financial metrics
[2025-03-22 05:59:28,294] INFO: snap (6/2023): Updated existing record with 21 non-zero financial metrics
[2025-03-22 05:59:28,308] WARNING: snap (9/2023): Found zero values for fields: Share Repurchases
[2025-03-22 05:59:28,321] INFO: snap (9/2023): Updated existing record with 21 non-zero financial metrics
[2025-03-22 05:59:28,349] INFO: snap (12/2023): Updated existing record with 22 non-zero financial metrics
[2025-03-22 05:59:28,377] INFO: snap (3/2024): Updated existing record with 22 non-zero financial metrics
[2025-03-22 05:59:28,405] INFO: snap (6/2024): Updated existing record with 21 non-zero financial metrics
[2025-03-22 05:59:28,419] WARNING: snap (9/2024): Found zero values for fields: Share Repurchases
[2025-03-22 05:59:28,431] INFO: snap (9/2024): Updated existing record with 20 non-zero financial metrics
[2025-03-22 05:59:28,460] INFO: snap (12/2024): Updated existing record with 21 non-zero financial metrics
