[2025-03-22 00:38:14,177] INFO: snow (10/2020): Updated existing record with 15 non-zero financial metrics
[2025-03-22 00:38:14,189] WARNING: snow (1/2021): Found zero values for fields: Share Repurchases
[2025-03-22 00:38:14,201] INFO: snow (1/2021): Updated existing record with 20 non-zero financial metrics
[2025-03-22 00:38:14,226] INFO: snow (4/2021): Updated existing record with 20 non-zero financial metrics
[2025-03-22 00:38:14,250] INFO: snow (7/2021): Updated existing record with 17 non-zero financial metrics
[2025-03-22 00:38:14,276] INFO: snow (10/2021): Updated existing record with 17 non-zero financial metrics
[2025-03-22 00:38:14,301] INFO: snow (1/2022): Updated existing record with 21 non-zero financial metrics
[2025-03-22 00:38:14,327] INFO: snow (4/2022): Updated existing record with 21 non-zero financial metrics
[2025-03-22 00:38:14,353] INFO: snow (7/2022): Updated existing record with 17 non-zero financial metrics
[2025-03-22 00:38:14,378] INFO: snow (10/2022): Updated existing record with 17 non-zero financial metrics
[2025-03-22 00:38:14,402] INFO: snow (1/2023): Updated existing record with 21 non-zero financial metrics
[2025-03-22 00:38:14,430] INFO: snow (4/2023): Updated existing record with 22 non-zero financial metrics
[2025-03-22 00:38:14,455] INFO: snow (7/2023): Updated existing record with 17 non-zero financial metrics
[2025-03-22 00:38:14,480] INFO: snow (10/2023): Updated existing record with 18 non-zero financial metrics
[2025-03-22 00:38:14,506] INFO: snow (1/2024): Updated existing record with 22 non-zero financial metrics
[2025-03-22 00:38:14,533] INFO: snow (4/2024): Updated existing record with 22 non-zero financial metrics
[2025-03-22 00:38:14,559] INFO: snow (7/2024): Updated existing record with 18 non-zero financial metrics
[2025-03-22 00:38:14,584] INFO: snow (10/2024): Updated existing record with 17 non-zero financial metrics
[2025-03-22 00:38:14,601] INFO: Trying adjusted date: 2/2025 (original: 1/2025)
[2025-03-22 00:38:14,613] WARNING: snow (1/2025): No existing record found(1/2025, 2025-01-31) - creating new one
[2025-03-22 00:38:14,614] INFO: snow (1/2025): Created new record with 22 non-zero financial metrics
