[2025-03-22 14:27:06,990] INFO: Trying adjusted date: 7/2010 (original: 6/2010)
[2025-03-22 14:27:07,004] WARNING: snv (6/2010): No existing record found(6/2010, 2010-06-30) - creating new one
[2025-03-22 14:27:07,005] INFO: snv (6/2010): Created new record with 0 non-zero financial metrics
[2025-03-22 14:27:07,024] INFO: Trying adjusted date: 10/2010 (original: 9/2010)
[2025-03-22 14:27:07,038] WARNING: snv (9/2010): No existing record found(9/2010, 2010-09-30) - creating new one
[2025-03-22 14:27:07,039] INFO: snv (9/2010): Created new record with 0 non-zero financial metrics
[2025-03-22 14:27:07,055] INFO: Trying adjusted date: 1/2011 (original: 12/2010)
[2025-03-22 14:27:07,069] WARNING: snv (12/2010): No existing record found(12/2010, 2010-12-31) - creating new one
[2025-03-22 14:27:07,070] INFO: snv (12/2010): Created new record with 0 non-zero financial metrics
[2025-03-22 14:27:07,086] INFO: Trying adjusted date: 4/2011 (original: 3/2011)
[2025-03-22 14:27:07,100] WARNING: snv (3/2011): No existing record found(3/2011, 2011-03-31) - creating new one
[2025-03-22 14:27:07,100] INFO: snv (3/2011): Created new record with 0 non-zero financial metrics
[2025-03-22 14:27:07,116] INFO: Trying adjusted date: 10/2011 (original: 9/2011)
[2025-03-22 14:27:07,130] WARNING: snv (9/2011): No existing record found(9/2011, 2011-09-30) - creating new one
[2025-03-22 14:27:07,131] INFO: snv (9/2011): Created new record with 11 non-zero financial metrics
[2025-03-22 14:27:07,146] INFO: Trying adjusted date: 1/2012 (original: 12/2011)
[2025-03-22 14:27:07,160] WARNING: snv (12/2011): Found zero values for fields: Share Repurchases
[2025-03-22 14:27:07,160] WARNING: snv (12/2011): No existing record found(12/2011, 2011-12-31) - creating new one
[2025-03-22 14:27:07,161] INFO: snv (12/2011): Created new record with 16 non-zero financial metrics
[2025-03-22 14:27:07,177] INFO: Trying adjusted date: 4/2012 (original: 3/2012)
[2025-03-22 14:27:07,190] WARNING: snv (3/2012): No existing record found(3/2012, 2012-03-31) - creating new one
[2025-03-22 14:27:07,191] INFO: snv (3/2012): Created new record with 15 non-zero financial metrics
[2025-03-22 14:27:07,207] INFO: Trying adjusted date: 7/2012 (original: 6/2012)
[2025-03-22 14:27:07,222] WARNING: snv (6/2012): No existing record found(6/2012, 2012-06-30) - creating new one
[2025-03-22 14:27:07,222] INFO: snv (6/2012): Created new record with 10 non-zero financial metrics
[2025-03-22 14:27:07,254] INFO: snv (9/2012): Updated existing record with 10 non-zero financial metrics
[2025-03-22 14:27:07,271] WARNING: snv (12/2012): Found zero values for fields: Share Repurchases
[2025-03-22 14:27:07,285] INFO: snv (12/2012): Updated existing record with 17 non-zero financial metrics
[2025-03-22 14:27:07,315] INFO: snv (3/2013): Updated existing record with 14 non-zero financial metrics
[2025-03-22 14:27:07,345] INFO: snv (6/2013): Updated existing record with 0 non-zero financial metrics
[2025-03-22 14:27:07,376] INFO: snv (9/2013): Updated existing record with 11 non-zero financial metrics
[2025-03-22 14:27:07,407] INFO: snv (12/2013): Updated existing record with 17 non-zero financial metrics
[2025-03-22 14:27:07,439] INFO: snv (3/2014): Updated existing record with 15 non-zero financial metrics
[2025-03-22 14:27:07,470] INFO: snv (6/2014): Updated existing record with 11 non-zero financial metrics
[2025-03-22 14:27:07,500] INFO: snv (9/2014): Updated existing record with 11 non-zero financial metrics
[2025-03-22 14:27:07,530] INFO: snv (12/2014): Updated existing record with 18 non-zero financial metrics
[2025-03-22 14:27:07,562] INFO: snv (3/2015): Updated existing record with 16 non-zero financial metrics
[2025-03-22 14:27:07,593] INFO: snv (6/2015): Updated existing record with 11 non-zero financial metrics
[2025-03-22 14:27:07,624] INFO: snv (9/2015): Updated existing record with 11 non-zero financial metrics
[2025-03-22 14:27:07,655] INFO: snv (12/2015): Updated existing record with 18 non-zero financial metrics
[2025-03-22 14:27:07,687] INFO: snv (3/2016): Updated existing record with 16 non-zero financial metrics
[2025-03-22 14:27:07,717] INFO: snv (6/2016): Updated existing record with 11 non-zero financial metrics
[2025-03-22 14:27:07,748] INFO: snv (9/2016): Updated existing record with 11 non-zero financial metrics
[2025-03-22 14:27:07,779] INFO: snv (12/2016): Updated existing record with 18 non-zero financial metrics
[2025-03-22 14:27:07,810] INFO: snv (3/2017): Updated existing record with 16 non-zero financial metrics
[2025-03-22 14:27:07,841] INFO: snv (6/2017): Updated existing record with 11 non-zero financial metrics
[2025-03-22 14:27:07,872] INFO: snv (9/2017): Updated existing record with 11 non-zero financial metrics
[2025-03-22 14:27:07,904] INFO: snv (12/2017): Updated existing record with 18 non-zero financial metrics
[2025-03-22 14:27:07,935] INFO: snv (3/2018): Updated existing record with 15 non-zero financial metrics
[2025-03-22 14:27:07,965] INFO: snv (6/2018): Updated existing record with 10 non-zero financial metrics
[2025-03-22 14:27:07,996] INFO: snv (9/2018): Updated existing record with 10 non-zero financial metrics
[2025-03-22 14:27:08,027] INFO: snv (12/2018): Updated existing record with 16 non-zero financial metrics
[2025-03-22 14:27:08,059] INFO: snv (3/2019): Updated existing record with 15 non-zero financial metrics
[2025-03-22 14:27:08,090] INFO: snv (6/2019): Updated existing record with 10 non-zero financial metrics
[2025-03-22 14:27:08,121] INFO: snv (9/2019): Updated existing record with 10 non-zero financial metrics
[2025-03-22 14:27:08,151] INFO: snv (12/2019): Updated existing record with 16 non-zero financial metrics
[2025-03-22 14:27:08,184] INFO: snv (3/2020): Updated existing record with 16 non-zero financial metrics
[2025-03-22 14:27:08,214] INFO: snv (6/2020): Updated existing record with 12 non-zero financial metrics
[2025-03-22 14:27:08,244] INFO: snv (9/2020): Updated existing record with 12 non-zero financial metrics
[2025-03-22 14:27:08,275] INFO: snv (12/2020): Updated existing record with 17 non-zero financial metrics
[2025-03-22 14:27:08,291] WARNING: snv (3/2021): Found zero values for fields: Share Repurchases
[2025-03-22 14:27:08,307] INFO: snv (3/2021): Updated existing record with 16 non-zero financial metrics
[2025-03-22 14:27:08,337] INFO: snv (6/2021): Updated existing record with 12 non-zero financial metrics
[2025-03-22 14:27:08,368] INFO: snv (9/2021): Updated existing record with 12 non-zero financial metrics
[2025-03-22 14:27:08,398] INFO: snv (12/2021): Updated existing record with 17 non-zero financial metrics
[2025-03-22 14:27:08,428] INFO: snv (3/2022): Updated existing record with 17 non-zero financial metrics
[2025-03-22 14:27:08,460] INFO: snv (6/2022): Updated existing record with 12 non-zero financial metrics
[2025-03-22 14:27:08,490] INFO: snv (9/2022): Updated existing record with 12 non-zero financial metrics
[2025-03-22 14:27:08,521] INFO: snv (12/2022): Updated existing record with 18 non-zero financial metrics
[2025-03-22 14:27:08,538] WARNING: snv (3/2023): Found zero values for fields: Share Repurchases
[2025-03-22 14:27:08,553] INFO: snv (3/2023): Updated existing record with 16 non-zero financial metrics
[2025-03-22 14:27:08,586] INFO: snv (6/2023): Updated existing record with 12 non-zero financial metrics
[2025-03-22 14:27:08,617] INFO: snv (9/2023): Updated existing record with 12 non-zero financial metrics
[2025-03-22 14:27:08,635] WARNING: snv (12/2023): Found zero values for fields: Share Repurchases
[2025-03-22 14:27:08,649] INFO: snv (12/2023): Updated existing record with 17 non-zero financial metrics
[2025-03-22 14:27:08,680] INFO: snv (3/2024): Updated existing record with 17 non-zero financial metrics
[2025-03-22 14:27:08,711] INFO: snv (6/2024): Updated existing record with 11 non-zero financial metrics
[2025-03-22 14:27:08,740] INFO: snv (9/2024): Updated existing record with 11 non-zero financial metrics
[2025-03-22 14:27:08,772] INFO: snv (12/2024): Updated existing record with 16 non-zero financial metrics
