[2025-03-22 11:05:47,223] INFO: Trying adjusted date: 9/2011 (original: 8/2011)
[2025-03-22 11:05:47,237] WARNING: snx (8/2011): No existing record found(8/2011, 2011-08-31) - creating new one
[2025-03-22 11:05:47,238] INFO: snx (8/2011): Created new record with 14 non-zero financial metrics
[2025-03-22 11:05:47,258] INFO: Trying adjusted date: 12/2011 (original: 11/2011)
[2025-03-22 11:05:47,272] WARNING: snx (11/2011): No existing record found(11/2011, 2011-11-30) - creating new one
[2025-03-22 11:05:47,273] INFO: snx (11/2011): Created new record with 20 non-zero financial metrics
[2025-03-22 11:05:47,289] INFO: Trying adjusted date: 3/2012 (original: 2/2012)
[2025-03-22 11:05:47,303] WARNING: snx (2/2012): No existing record found(2/2012, 2012-02-29) - creating new one
[2025-03-22 11:05:47,304] INFO: snx (2/2012): Created new record with 19 non-zero financial metrics
[2025-03-22 11:05:47,323] INFO: Trying adjusted date: 6/2012 (original: 5/2012)
[2025-03-22 11:05:47,338] WARNING: snx (5/2012): No existing record found(5/2012, 2012-05-31) - creating new one
[2025-03-22 11:05:47,338] INFO: snx (5/2012): Created new record with 15 non-zero financial metrics
[2025-03-22 11:05:47,369] INFO: snx (8/2012): Updated existing record with 15 non-zero financial metrics
[2025-03-22 11:05:47,399] INFO: snx (11/2012): Updated existing record with 20 non-zero financial metrics
[2025-03-22 11:05:47,429] INFO: snx (2/2013): Updated existing record with 20 non-zero financial metrics
[2025-03-22 11:05:47,460] INFO: snx (5/2013): Updated existing record with 0 non-zero financial metrics
[2025-03-22 11:05:47,494] INFO: snx (8/2013): Updated existing record with 15 non-zero financial metrics
[2025-03-22 11:05:47,525] INFO: snx (11/2013): Updated existing record with 20 non-zero financial metrics
[2025-03-22 11:05:47,543] WARNING: snx (2/2014): Found zero values for fields: Share Repurchases
[2025-03-22 11:05:47,557] INFO: snx (2/2014): Updated existing record with 19 non-zero financial metrics
[2025-03-22 11:05:47,587] INFO: snx (5/2014): Updated existing record with 15 non-zero financial metrics
[2025-03-22 11:05:47,615] INFO: snx (8/2014): Updated existing record with 15 non-zero financial metrics
[2025-03-22 11:05:47,630] WARNING: snx (11/2014): Found zero values for fields: Share Repurchases
[2025-03-22 11:05:47,644] INFO: snx (11/2014): Updated existing record with 20 non-zero financial metrics
[2025-03-22 11:05:47,673] INFO: snx (2/2015): Updated existing record with 20 non-zero financial metrics
[2025-03-22 11:05:47,704] INFO: snx (5/2015): Updated existing record with 16 non-zero financial metrics
[2025-03-22 11:05:47,734] INFO: snx (8/2015): Updated existing record with 15 non-zero financial metrics
[2025-03-22 11:05:47,763] INFO: snx (11/2015): Updated existing record with 21 non-zero financial metrics
[2025-03-22 11:05:47,793] INFO: snx (2/2016): Updated existing record with 20 non-zero financial metrics
[2025-03-22 11:05:47,822] INFO: snx (5/2016): Updated existing record with 15 non-zero financial metrics
[2025-03-22 11:05:47,851] INFO: snx (8/2016): Updated existing record with 15 non-zero financial metrics
[2025-03-22 11:05:47,879] INFO: snx (11/2016): Updated existing record with 21 non-zero financial metrics
[2025-03-22 11:05:47,895] WARNING: snx (2/2017): Found zero values for fields: Share Repurchases
[2025-03-22 11:05:47,909] INFO: snx (2/2017): Updated existing record with 19 non-zero financial metrics
[2025-03-22 11:05:47,938] INFO: snx (5/2017): Updated existing record with 15 non-zero financial metrics
[2025-03-22 11:05:47,968] INFO: snx (8/2017): Updated existing record with 15 non-zero financial metrics
[2025-03-22 11:05:47,984] WARNING: snx (11/2017): Found zero values for fields: Share Repurchases
[2025-03-22 11:05:47,998] INFO: snx (11/2017): Updated existing record with 19 non-zero financial metrics
[2025-03-22 11:05:48,028] INFO: snx (2/2018): Updated existing record with 18 non-zero financial metrics
[2025-03-22 11:05:48,056] INFO: snx (5/2018): Updated existing record with 14 non-zero financial metrics
[2025-03-22 11:05:48,088] INFO: snx (8/2018): Updated existing record with 13 non-zero financial metrics
[2025-03-22 11:05:48,118] INFO: snx (11/2018): Updated existing record with 19 non-zero financial metrics
[2025-03-22 11:05:48,147] INFO: snx (2/2019): Updated existing record with 17 non-zero financial metrics
[2025-03-22 11:05:48,176] INFO: snx (5/2019): Updated existing record with 13 non-zero financial metrics
[2025-03-22 11:05:48,206] INFO: snx (8/2019): Updated existing record with 13 non-zero financial metrics
[2025-03-22 11:05:48,235] INFO: snx (11/2019): Updated existing record with 18 non-zero financial metrics
[2025-03-22 11:05:48,265] INFO: snx (2/2020): Updated existing record with 17 non-zero financial metrics
[2025-03-22 11:05:48,294] INFO: snx (5/2020): Updated existing record with 13 non-zero financial metrics
[2025-03-22 11:05:48,324] INFO: snx (8/2020): Updated existing record with 14 non-zero financial metrics
[2025-03-22 11:05:48,354] INFO: snx (11/2020): Updated existing record with 19 non-zero financial metrics
[2025-03-22 11:05:48,383] INFO: snx (2/2021): Updated existing record with 19 non-zero financial metrics
[2025-03-22 11:05:48,411] INFO: snx (5/2021): Updated existing record with 15 non-zero financial metrics
[2025-03-22 11:05:48,440] INFO: snx (8/2021): Updated existing record with 15 non-zero financial metrics
[2025-03-22 11:05:48,455] WARNING: snx (11/2021): Found zero values for fields: Share Repurchases
[2025-03-22 11:05:48,470] INFO: snx (11/2021): Updated existing record with 18 non-zero financial metrics
[2025-03-22 11:05:48,498] INFO: snx (2/2022): Updated existing record with 19 non-zero financial metrics
[2025-03-22 11:05:48,527] INFO: snx (5/2022): Updated existing record with 14 non-zero financial metrics
[2025-03-22 11:05:48,556] INFO: snx (8/2022): Updated existing record with 14 non-zero financial metrics
[2025-03-22 11:05:48,586] INFO: snx (11/2022): Updated existing record with 19 non-zero financial metrics
[2025-03-22 11:05:48,615] INFO: snx (2/2023): Updated existing record with 19 non-zero financial metrics
[2025-03-22 11:05:48,643] INFO: snx (5/2023): Updated existing record with 14 non-zero financial metrics
[2025-03-22 11:05:48,673] INFO: snx (8/2023): Updated existing record with 14 non-zero financial metrics
[2025-03-22 11:05:48,703] INFO: snx (11/2023): Updated existing record with 18 non-zero financial metrics
[2025-03-22 11:05:48,732] INFO: snx (2/2024): Updated existing record with 18 non-zero financial metrics
[2025-03-22 11:05:48,759] INFO: snx (5/2024): Updated existing record with 14 non-zero financial metrics
[2025-03-22 11:05:48,788] INFO: snx (8/2024): Updated existing record with 14 non-zero financial metrics
[2025-03-22 11:05:48,818] INFO: snx (11/2024): Updated existing record with 18 non-zero financial metrics
