[2025-03-21 23:36:52,500] INFO: Trying adjusted date: 4/2010 (original: 3/2010)
[2025-03-21 23:36:52,513] WARNING: so (3/2010): No existing record found(3/2010, 2010-03-31) - creating new one
[2025-03-21 23:36:52,514] INFO: so (3/2010): Created new record with 0 non-zero financial metrics
[2025-03-21 23:36:52,529] INFO: Trying adjusted date: 7/2010 (original: 6/2010)
[2025-03-21 23:36:52,540] WARNING: so (6/2010): No existing record found(6/2010, 2010-06-30) - creating new one
[2025-03-21 23:36:52,541] INFO: so (6/2010): Created new record with 0 non-zero financial metrics
[2025-03-21 23:36:52,554] INFO: Trying adjusted date: 10/2010 (original: 9/2010)
[2025-03-21 23:36:52,565] WARNING: so (9/2010): No existing record found(9/2010, 2010-09-30) - creating new one
[2025-03-21 23:36:52,565] INFO: so (9/2010): Created new record with 0 non-zero financial metrics
[2025-03-21 23:36:52,579] INFO: Trying adjusted date: 1/2011 (original: 12/2010)
[2025-03-21 23:36:52,590] WARNING: so (12/2010): No existing record found(12/2010, 2010-12-31) - creating new one
[2025-03-21 23:36:52,591] INFO: so (12/2010): Created new record with 0 non-zero financial metrics
[2025-03-21 23:36:52,603] INFO: Trying adjusted date: 4/2011 (original: 3/2011)
[2025-03-21 23:36:52,615] WARNING: so (3/2011): No existing record found(3/2011, 2011-03-31) - creating new one
[2025-03-21 23:36:52,615] INFO: so (3/2011): Created new record with 0 non-zero financial metrics
[2025-03-21 23:36:52,628] INFO: Trying adjusted date: 7/2011 (original: 6/2011)
[2025-03-21 23:36:52,639] WARNING: so (6/2011): No existing record found(6/2011, 2011-06-30) - creating new one
[2025-03-21 23:36:52,640] INFO: so (6/2011): Created new record with 8 non-zero financial metrics
[2025-03-21 23:36:52,653] INFO: Trying adjusted date: 10/2011 (original: 9/2011)
[2025-03-21 23:36:52,664] WARNING: so (9/2011): No existing record found(9/2011, 2011-09-30) - creating new one
[2025-03-21 23:36:52,665] INFO: so (9/2011): Created new record with 8 non-zero financial metrics
[2025-03-21 23:36:52,678] INFO: Trying adjusted date: 1/2012 (original: 12/2011)
[2025-03-21 23:36:52,689] WARNING: so (12/2011): No existing record found(12/2011, 2011-12-31) - creating new one
[2025-03-21 23:36:52,690] INFO: so (12/2011): Created new record with 12 non-zero financial metrics
[2025-03-21 23:36:52,703] INFO: Trying adjusted date: 4/2012 (original: 3/2012)
[2025-03-21 23:36:52,714] WARNING: so (3/2012): No existing record found(3/2012, 2012-03-31) - creating new one
[2025-03-21 23:36:52,714] INFO: so (3/2012): Created new record with 12 non-zero financial metrics
[2025-03-21 23:36:52,727] INFO: Trying adjusted date: 7/2012 (original: 6/2012)
[2025-03-21 23:36:52,739] WARNING: so (6/2012): No existing record found(6/2012, 2012-06-30) - creating new one
[2025-03-21 23:36:52,739] INFO: so (6/2012): Created new record with 8 non-zero financial metrics
[2025-03-21 23:36:52,763] INFO: so (9/2012): Updated existing record with 8 non-zero financial metrics
[2025-03-21 23:36:52,787] INFO: so (12/2012): Updated existing record with 13 non-zero financial metrics
[2025-03-21 23:36:52,812] INFO: so (3/2013): Updated existing record with 13 non-zero financial metrics
[2025-03-21 23:36:52,836] INFO: so (6/2013): Updated existing record with 0 non-zero financial metrics
[2025-03-21 23:36:52,861] INFO: so (9/2013): Updated existing record with 9 non-zero financial metrics
[2025-03-21 23:36:52,885] INFO: so (12/2013): Updated existing record with 14 non-zero financial metrics
[2025-03-21 23:36:52,911] INFO: so (3/2014): Updated existing record with 14 non-zero financial metrics
[2025-03-21 23:36:52,936] INFO: so (6/2014): Updated existing record with 2 non-zero financial metrics
[2025-03-21 23:36:52,962] INFO: so (9/2014): Updated existing record with 2 non-zero financial metrics
[2025-03-21 23:36:52,988] INFO: so (12/2014): Updated existing record with 14 non-zero financial metrics
[2025-03-21 23:36:53,014] INFO: so (3/2015): Updated existing record with 2 non-zero financial metrics
[2025-03-21 23:36:53,041] INFO: so (6/2015): Updated existing record with 2 non-zero financial metrics
[2025-03-21 23:36:53,065] INFO: so (9/2015): Updated existing record with 2 non-zero financial metrics
[2025-03-21 23:36:53,089] INFO: so (12/2015): Updated existing record with 14 non-zero financial metrics
[2025-03-21 23:36:53,102] WARNING: so (3/2016): Found zero values for fields: Share Repurchases
[2025-03-21 23:36:53,114] INFO: so (3/2016): Updated existing record with 13 non-zero financial metrics
[2025-03-21 23:36:53,141] INFO: so (6/2016): Updated existing record with 10 non-zero financial metrics
[2025-03-21 23:36:53,165] INFO: so (9/2016): Updated existing record with 10 non-zero financial metrics
[2025-03-21 23:36:53,178] WARNING: so (12/2016): Found zero values for fields: Share Repurchases
[2025-03-21 23:36:53,189] INFO: so (12/2016): Updated existing record with 14 non-zero financial metrics
[2025-03-21 23:36:53,215] INFO: so (3/2017): Updated existing record with 14 non-zero financial metrics
[2025-03-21 23:36:53,239] INFO: so (6/2017): Updated existing record with 10 non-zero financial metrics
[2025-03-21 23:36:53,263] INFO: so (9/2017): Updated existing record with 10 non-zero financial metrics
[2025-03-21 23:36:53,278] WARNING: so (12/2017): Found zero values for fields: Share Repurchases
[2025-03-21 23:36:53,290] INFO: so (12/2017): Updated existing record with 14 non-zero financial metrics
[2025-03-21 23:36:53,313] INFO: so (3/2018): Updated existing record with 16 non-zero financial metrics
[2025-03-21 23:36:53,339] INFO: so (6/2018): Updated existing record with 12 non-zero financial metrics
[2025-03-21 23:36:53,363] INFO: so (9/2018): Updated existing record with 12 non-zero financial metrics
[2025-03-21 23:36:53,387] INFO: so (12/2018): Updated existing record with 15 non-zero financial metrics
[2025-03-21 23:36:53,411] INFO: so (3/2019): Updated existing record with 15 non-zero financial metrics
[2025-03-21 23:36:53,435] INFO: so (6/2019): Updated existing record with 11 non-zero financial metrics
[2025-03-21 23:36:53,459] INFO: so (9/2019): Updated existing record with 11 non-zero financial metrics
[2025-03-21 23:36:53,483] INFO: so (12/2019): Updated existing record with 15 non-zero financial metrics
[2025-03-21 23:36:53,508] INFO: so (3/2020): Updated existing record with 16 non-zero financial metrics
[2025-03-21 23:36:53,532] INFO: so (6/2020): Updated existing record with 12 non-zero financial metrics
[2025-03-21 23:36:53,556] INFO: so (9/2020): Updated existing record with 12 non-zero financial metrics
[2025-03-21 23:36:53,581] INFO: so (12/2020): Updated existing record with 16 non-zero financial metrics
[2025-03-21 23:36:53,606] INFO: so (3/2021): Updated existing record with 16 non-zero financial metrics
[2025-03-21 23:36:53,630] INFO: so (6/2021): Updated existing record with 12 non-zero financial metrics
[2025-03-21 23:36:53,653] INFO: so (9/2021): Updated existing record with 11 non-zero financial metrics
[2025-03-21 23:36:53,677] INFO: so (12/2021): Updated existing record with 16 non-zero financial metrics
[2025-03-21 23:36:53,702] INFO: so (3/2022): Updated existing record with 15 non-zero financial metrics
[2025-03-21 23:36:53,726] INFO: so (6/2022): Updated existing record with 11 non-zero financial metrics
[2025-03-21 23:36:53,751] INFO: so (9/2022): Updated existing record with 11 non-zero financial metrics
[2025-03-21 23:36:53,776] INFO: so (12/2022): Updated existing record with 16 non-zero financial metrics
[2025-03-21 23:36:53,802] INFO: so (3/2023): Updated existing record with 15 non-zero financial metrics
[2025-03-21 23:36:53,826] INFO: so (6/2023): Updated existing record with 11 non-zero financial metrics
[2025-03-21 23:36:53,851] INFO: so (9/2023): Updated existing record with 11 non-zero financial metrics
[2025-03-21 23:36:53,875] INFO: so (12/2023): Updated existing record with 16 non-zero financial metrics
[2025-03-21 23:36:53,901] INFO: so (3/2024): Updated existing record with 15 non-zero financial metrics
[2025-03-21 23:36:53,928] INFO: so (6/2024): Updated existing record with 11 non-zero financial metrics
[2025-03-21 23:36:53,954] INFO: so (9/2024): Updated existing record with 11 non-zero financial metrics
[2025-03-21 23:36:53,967] INFO: Trying adjusted date: 1/2025 (original: 12/2024)
[2025-03-21 23:36:53,978] WARNING: so (12/2024): No existing record found(12/2024, 2024-12-31) - creating new one
[2025-03-21 23:36:53,979] INFO: so (12/2024): Created new record with 16 non-zero financial metrics
