[2025-03-21 23:30:36,595] INFO: Trying adjusted date: 4/2010 (original: 3/2010)
[2025-03-21 23:30:36,606] WARNING: spgi (3/2010): No existing record found(3/2010, 2010-03-31) - creating new one
[2025-03-21 23:30:36,607] INFO: spgi (3/2010): Created new record with 18 non-zero financial metrics
[2025-03-21 23:30:36,621] INFO: Trying adjusted date: 7/2010 (original: 6/2010)
[2025-03-21 23:30:36,636] WARNING: spgi (6/2010): No existing record found(6/2010, 2010-06-30) - creating new one
[2025-03-21 23:30:36,636] INFO: spgi (6/2010): Created new record with 15 non-zero financial metrics
[2025-03-21 23:30:36,649] INFO: Trying adjusted date: 10/2010 (original: 9/2010)
[2025-03-21 23:30:36,661] WARNING: spgi (9/2010): No existing record found(9/2010, 2010-09-30) - creating new one
[2025-03-21 23:30:36,661] INFO: spgi (9/2010): Created new record with 15 non-zero financial metrics
[2025-03-21 23:30:36,675] INFO: Trying adjusted date: 1/2011 (original: 12/2010)
[2025-03-21 23:30:36,687] WARNING: spgi (12/2010): No existing record found(12/2010, 2010-12-31) - creating new one
[2025-03-21 23:30:36,687] INFO: spgi (12/2010): Created new record with 19 non-zero financial metrics
[2025-03-21 23:30:36,700] INFO: Trying adjusted date: 4/2011 (original: 3/2011)
[2025-03-21 23:30:36,713] WARNING: spgi (3/2011): No existing record found(3/2011, 2011-03-31) - creating new one
[2025-03-21 23:30:36,713] INFO: spgi (3/2011): Created new record with 19 non-zero financial metrics
[2025-03-21 23:30:36,726] INFO: Trying adjusted date: 7/2011 (original: 6/2011)
[2025-03-21 23:30:36,738] WARNING: spgi (6/2011): No existing record found(6/2011, 2011-06-30) - creating new one
[2025-03-21 23:30:36,738] INFO: spgi (6/2011): Created new record with 16 non-zero financial metrics
[2025-03-21 23:30:36,754] INFO: Trying adjusted date: 10/2011 (original: 9/2011)
[2025-03-21 23:30:36,766] WARNING: spgi (9/2011): No existing record found(9/2011, 2011-09-30) - creating new one
[2025-03-21 23:30:36,767] INFO: spgi (9/2011): Created new record with 16 non-zero financial metrics
[2025-03-21 23:30:36,780] INFO: Trying adjusted date: 1/2012 (original: 12/2011)
[2025-03-21 23:30:36,791] WARNING: spgi (12/2011): No existing record found(12/2011, 2011-12-31) - creating new one
[2025-03-21 23:30:36,792] INFO: spgi (12/2011): Created new record with 19 non-zero financial metrics
[2025-03-21 23:30:36,808] INFO: Trying adjusted date: 4/2012 (original: 3/2012)
[2025-03-21 23:30:36,819] WARNING: spgi (3/2012): Found zero values for fields: Share Repurchases
[2025-03-21 23:30:36,819] WARNING: spgi (3/2012): No existing record found(3/2012, 2012-03-31) - creating new one
[2025-03-21 23:30:36,820] INFO: spgi (3/2012): Created new record with 18 non-zero financial metrics
[2025-03-21 23:30:36,833] INFO: Trying adjusted date: 7/2012 (original: 6/2012)
[2025-03-21 23:30:36,845] WARNING: spgi (6/2012): Found zero values for fields: Share Repurchases
[2025-03-21 23:30:36,845] WARNING: spgi (6/2012): No existing record found(6/2012, 2012-06-30) - creating new one
[2025-03-21 23:30:36,845] INFO: spgi (6/2012): Created new record with 15 non-zero financial metrics
[2025-03-21 23:30:36,858] INFO: Trying adjusted date: 10/2012 (original: 9/2012)
[2025-03-21 23:30:36,871] WARNING: spgi (9/2012): No existing record found(9/2012, 2012-09-30) - creating new one
[2025-03-21 23:30:36,871] INFO: spgi (9/2012): Created new record with 15 non-zero financial metrics
[2025-03-21 23:30:36,883] INFO: Trying adjusted date: 1/2013 (original: 12/2012)
[2025-03-21 23:30:36,895] WARNING: spgi (12/2012): No existing record found(12/2012, 2012-12-31) - creating new one
[2025-03-21 23:30:36,896] INFO: spgi (12/2012): Created new record with 17 non-zero financial metrics
[2025-03-21 23:30:36,909] INFO: Trying adjusted date: 4/2013 (original: 3/2013)
[2025-03-21 23:30:36,921] WARNING: spgi (3/2013): No existing record found(3/2013, 2013-03-31) - creating new one
[2025-03-21 23:30:36,922] INFO: spgi (3/2013): Created new record with 15 non-zero financial metrics
[2025-03-21 23:30:35,537] INFO: Trying adjusted date: 7/2013 (original: 6/2013)
[2025-03-21 23:30:35,549] WARNING: spgi (6/2013): No existing record found(6/2013, 2013-06-30) - creating new one
[2025-03-21 23:30:35,549] INFO: spgi (6/2013): Created new record with 14 non-zero financial metrics
[2025-03-21 23:30:35,562] INFO: Trying adjusted date: 10/2013 (original: 9/2013)
[2025-03-21 23:30:35,574] WARNING: spgi (9/2013): No existing record found(9/2013, 2013-09-30) - creating new one
[2025-03-21 23:30:35,575] INFO: spgi (9/2013): Created new record with 14 non-zero financial metrics
[2025-03-21 23:30:35,590] INFO: Trying adjusted date: 1/2014 (original: 12/2013)
[2025-03-21 23:30:35,602] WARNING: spgi (12/2013): No existing record found(12/2013, 2013-12-31) - creating new one
[2025-03-21 23:30:35,603] INFO: spgi (12/2013): Created new record with 17 non-zero financial metrics
[2025-03-21 23:30:35,617] INFO: Trying adjusted date: 4/2014 (original: 3/2014)
[2025-03-21 23:30:35,628] WARNING: spgi (3/2014): No existing record found(3/2014, 2014-03-31) - creating new one
[2025-03-21 23:30:35,629] INFO: spgi (3/2014): Created new record with 15 non-zero financial metrics
[2025-03-21 23:30:35,642] INFO: Trying adjusted date: 7/2014 (original: 6/2014)
[2025-03-21 23:30:35,653] WARNING: spgi (6/2014): No existing record found(6/2014, 2014-06-30) - creating new one
[2025-03-21 23:30:35,654] INFO: spgi (6/2014): Created new record with 14 non-zero financial metrics
[2025-03-21 23:30:35,666] INFO: Trying adjusted date: 10/2014 (original: 9/2014)
[2025-03-21 23:30:35,678] WARNING: spgi (9/2014): No existing record found(9/2014, 2014-09-30) - creating new one
[2025-03-21 23:30:35,679] INFO: spgi (9/2014): Created new record with 14 non-zero financial metrics
[2025-03-21 23:30:35,692] INFO: Trying adjusted date: 1/2015 (original: 12/2014)
[2025-03-21 23:30:35,704] WARNING: spgi (12/2014): No existing record found(12/2014, 2014-12-31) - creating new one
[2025-03-21 23:30:35,704] INFO: spgi (12/2014): Created new record with 17 non-zero financial metrics
[2025-03-21 23:30:35,718] INFO: Trying adjusted date: 4/2015 (original: 3/2015)
[2025-03-21 23:30:35,729] WARNING: spgi (3/2015): No existing record found(3/2015, 2015-03-31) - creating new one
[2025-03-21 23:30:35,730] INFO: spgi (3/2015): Created new record with 15 non-zero financial metrics
[2025-03-21 23:30:35,743] INFO: Trying adjusted date: 7/2015 (original: 6/2015)
[2025-03-21 23:30:35,756] WARNING: spgi (6/2015): No existing record found(6/2015, 2015-06-30) - creating new one
[2025-03-21 23:30:35,756] INFO: spgi (6/2015): Created new record with 13 non-zero financial metrics
[2025-03-21 23:30:35,769] INFO: Trying adjusted date: 10/2015 (original: 9/2015)
[2025-03-21 23:30:35,781] WARNING: spgi (9/2015): No existing record found(9/2015, 2015-09-30) - creating new one
[2025-03-21 23:30:35,781] INFO: spgi (9/2015): Created new record with 13 non-zero financial metrics
[2025-03-21 23:30:35,794] INFO: Trying adjusted date: 1/2016 (original: 12/2015)
[2025-03-21 23:30:35,806] WARNING: spgi (12/2015): No existing record found(12/2015, 2015-12-31) - creating new one
[2025-03-21 23:30:35,807] INFO: spgi (12/2015): Created new record with 17 non-zero financial metrics
[2025-03-21 23:30:35,823] INFO: Trying adjusted date: 4/2016 (original: 3/2016)
[2025-03-21 23:30:35,834] WARNING: spgi (3/2016): No existing record found(3/2016, 2016-03-31) - creating new one
[2025-03-21 23:30:35,835] INFO: spgi (3/2016): Created new record with 14 non-zero financial metrics
[2025-03-21 23:30:35,861] INFO: spgi (6/2016): Updated existing record with 13 non-zero financial metrics
[2025-03-21 23:30:35,888] INFO: spgi (9/2016): Updated existing record with 13 non-zero financial metrics
[2025-03-21 23:30:35,914] INFO: spgi (12/2016): Updated existing record with 17 non-zero financial metrics
[2025-03-21 23:30:35,938] INFO: spgi (3/2017): Updated existing record with 17 non-zero financial metrics
[2025-03-21 23:30:35,964] INFO: spgi (6/2017): Updated existing record with 13 non-zero financial metrics
[2025-03-21 23:30:35,989] INFO: spgi (9/2017): Updated existing record with 13 non-zero financial metrics
[2025-03-21 23:30:36,014] INFO: spgi (12/2017): Updated existing record with 19 non-zero financial metrics
[2025-03-21 23:30:36,038] INFO: spgi (3/2018): Updated existing record with 17 non-zero financial metrics
[2025-03-21 23:30:36,063] INFO: spgi (6/2018): Updated existing record with 12 non-zero financial metrics
[2025-03-21 23:30:36,087] INFO: spgi (9/2018): Updated existing record with 13 non-zero financial metrics
[2025-03-21 23:30:36,112] INFO: spgi (12/2018): Updated existing record with 17 non-zero financial metrics
[2025-03-21 23:30:36,136] INFO: spgi (3/2019): Updated existing record with 17 non-zero financial metrics
[2025-03-21 23:30:36,162] INFO: spgi (6/2019): Updated existing record with 13 non-zero financial metrics
[2025-03-21 23:30:36,186] INFO: spgi (9/2019): Updated existing record with 13 non-zero financial metrics
[2025-03-21 23:30:36,211] INFO: spgi (12/2019): Updated existing record with 17 non-zero financial metrics
[2025-03-21 23:30:36,237] INFO: spgi (3/2020): Updated existing record with 18 non-zero financial metrics
[2025-03-21 23:30:36,262] INFO: spgi (6/2020): Updated existing record with 14 non-zero financial metrics
[2025-03-21 23:30:36,287] INFO: spgi (9/2020): Updated existing record with 14 non-zero financial metrics
[2025-03-21 23:30:36,313] INFO: spgi (12/2020): Updated existing record with 17 non-zero financial metrics
[2025-03-21 23:30:36,326] WARNING: spgi (3/2021): Found zero values for fields: Share Repurchases
[2025-03-21 23:30:36,338] INFO: spgi (3/2021): Updated existing record with 17 non-zero financial metrics
[2025-03-21 23:30:36,363] INFO: spgi (6/2021): Updated existing record with 14 non-zero financial metrics
[2025-03-21 23:30:36,388] INFO: spgi (9/2021): Updated existing record with 14 non-zero financial metrics
[2025-03-21 23:30:36,402] WARNING: spgi (12/2021): Found zero values for fields: Share Repurchases
[2025-03-21 23:30:36,414] INFO: spgi (12/2021): Updated existing record with 17 non-zero financial metrics
[2025-03-21 23:30:36,439] INFO: spgi (3/2022): Updated existing record with 18 non-zero financial metrics
[2025-03-21 23:30:36,466] INFO: spgi (6/2022): Updated existing record with 14 non-zero financial metrics
[2025-03-21 23:30:36,494] INFO: spgi (9/2022): Updated existing record with 14 non-zero financial metrics
[2025-03-21 23:30:36,519] INFO: spgi (12/2022): Updated existing record with 19 non-zero financial metrics
[2025-03-21 23:30:36,544] INFO: spgi (3/2023): Updated existing record with 19 non-zero financial metrics
[2025-03-21 23:30:36,570] INFO: spgi (6/2023): Updated existing record with 15 non-zero financial metrics
[2025-03-21 23:30:36,594] INFO: spgi (9/2023): Updated existing record with 15 non-zero financial metrics
[2025-03-21 23:30:36,620] INFO: spgi (12/2023): Updated existing record with 19 non-zero financial metrics
[2025-03-21 23:30:36,645] INFO: spgi (3/2024): Updated existing record with 19 non-zero financial metrics
[2025-03-21 23:30:36,670] INFO: spgi (6/2024): Updated existing record with 15 non-zero financial metrics
[2025-03-21 23:30:36,695] INFO: spgi (9/2024): Updated existing record with 15 non-zero financial metrics
[2025-03-21 23:30:36,709] INFO: Trying adjusted date: 1/2025 (original: 12/2024)
[2025-03-21 23:30:36,721] WARNING: spgi (12/2024): No existing record found(12/2024, 2024-12-31) - creating new one
[2025-03-21 23:30:36,721] INFO: spgi (12/2024): Created new record with 18 non-zero financial metrics
