[2025-03-22 13:34:21,186] INFO: Trying adjusted date: 7/2011 (original: 6/2011)
[2025-03-22 13:34:21,200] WARNING: st (6/2011): No existing record found(6/2011, 2011-06-30) - creating new one
[2025-03-22 13:34:21,201] INFO: st (6/2011): Created new record with 13 non-zero financial metrics
[2025-03-22 13:34:21,225] INFO: Trying adjusted date: 10/2011 (original: 9/2011)
[2025-03-22 13:34:21,239] WARNING: st (9/2011): No existing record found(9/2011, 2011-09-30) - creating new one
[2025-03-22 13:34:21,240] INFO: st (9/2011): Created new record with 13 non-zero financial metrics
[2025-03-22 13:34:21,255] INFO: Trying adjusted date: 1/2012 (original: 12/2011)
[2025-03-22 13:34:21,268] WARNING: st (12/2011): No existing record found(12/2011, 2011-12-31) - creating new one
[2025-03-22 13:34:21,269] INFO: st (12/2011): Created new record with 17 non-zero financial metrics
[2025-03-22 13:34:21,284] INFO: Trying adjusted date: 4/2012 (original: 3/2012)
[2025-03-22 13:34:21,298] WARNING: st (3/2012): No existing record found(3/2012, 2012-03-31) - creating new one
[2025-03-22 13:34:21,299] INFO: st (3/2012): Created new record with 16 non-zero financial metrics
[2025-03-22 13:34:21,314] INFO: Trying adjusted date: 7/2012 (original: 6/2012)
[2025-03-22 13:34:21,328] WARNING: st (6/2012): No existing record found(6/2012, 2012-06-30) - creating new one
[2025-03-22 13:34:21,328] INFO: st (6/2012): Created new record with 13 non-zero financial metrics
[2025-03-22 13:34:21,358] INFO: st (9/2012): Updated existing record with 13 non-zero financial metrics
[2025-03-22 13:34:21,386] INFO: st (12/2012): Updated existing record with 18 non-zero financial metrics
[2025-03-22 13:34:21,416] INFO: st (3/2013): Updated existing record with 18 non-zero financial metrics
[2025-03-22 13:34:21,445] INFO: st (6/2013): Updated existing record with 0 non-zero financial metrics
[2025-03-22 13:34:21,474] INFO: st (9/2013): Updated existing record with 15 non-zero financial metrics
[2025-03-22 13:34:21,504] INFO: st (12/2013): Updated existing record with 19 non-zero financial metrics
[2025-03-22 13:34:21,533] INFO: st (3/2014): Updated existing record with 19 non-zero financial metrics
[2025-03-22 13:34:21,563] INFO: st (6/2014): Updated existing record with 15 non-zero financial metrics
[2025-03-22 13:34:21,593] INFO: st (9/2014): Updated existing record with 15 non-zero financial metrics
[2025-03-22 13:34:21,622] INFO: st (12/2014): Updated existing record with 19 non-zero financial metrics
[2025-03-22 13:34:21,639] WARNING: st (3/2015): Found zero values for fields: Share Repurchases
[2025-03-22 13:34:21,653] INFO: st (3/2015): Updated existing record with 18 non-zero financial metrics
[2025-03-22 13:34:21,683] INFO: st (6/2015): Updated existing record with 14 non-zero financial metrics
[2025-03-22 13:34:21,712] INFO: st (9/2015): Updated existing record with 14 non-zero financial metrics
[2025-03-22 13:34:21,744] INFO: st (12/2015): Updated existing record with 18 non-zero financial metrics
[2025-03-22 13:34:21,773] INFO: st (3/2016): Updated existing record with 18 non-zero financial metrics
[2025-03-22 13:34:21,804] INFO: st (6/2016): Updated existing record with 14 non-zero financial metrics
[2025-03-22 13:34:21,833] INFO: st (9/2016): Updated existing record with 14 non-zero financial metrics
[2025-03-22 13:34:21,864] INFO: st (12/2016): Updated existing record with 18 non-zero financial metrics
[2025-03-22 13:34:21,894] INFO: st (3/2017): Updated existing record with 18 non-zero financial metrics
[2025-03-22 13:34:21,925] INFO: st (6/2017): Updated existing record with 14 non-zero financial metrics
[2025-03-22 13:34:21,954] INFO: st (9/2017): Updated existing record with 14 non-zero financial metrics
[2025-03-22 13:34:21,984] INFO: st (12/2017): Updated existing record with 18 non-zero financial metrics
[2025-03-22 13:34:22,000] WARNING: st (3/2018): Found zero values for fields: Share Repurchases
[2025-03-22 13:34:22,015] INFO: st (3/2018): Updated existing record with 17 non-zero financial metrics
[2025-03-22 13:34:22,044] INFO: st (6/2018): Updated existing record with 14 non-zero financial metrics
[2025-03-22 13:34:22,074] INFO: st (9/2018): Updated existing record with 14 non-zero financial metrics
[2025-03-22 13:34:22,090] WARNING: st (12/2018): Found zero values for fields: Deferred Revenue
[2025-03-22 13:34:22,103] INFO: st (12/2018): Updated existing record with 18 non-zero financial metrics
[2025-03-22 13:34:22,133] INFO: st (3/2019): Updated existing record with 18 non-zero financial metrics
[2025-03-22 13:34:22,164] INFO: st (6/2019): Updated existing record with 14 non-zero financial metrics
[2025-03-22 13:34:22,193] INFO: st (9/2019): Updated existing record with 14 non-zero financial metrics
[2025-03-22 13:34:22,210] WARNING: st (12/2019): Found zero values for fields: Deferred Revenue
[2025-03-22 13:34:22,224] INFO: st (12/2019): Updated existing record with 18 non-zero financial metrics
[2025-03-22 13:34:22,253] INFO: st (3/2020): Updated existing record with 18 non-zero financial metrics
[2025-03-22 13:34:22,284] INFO: st (6/2020): Updated existing record with 14 non-zero financial metrics
[2025-03-22 13:34:22,314] INFO: st (9/2020): Updated existing record with 14 non-zero financial metrics
[2025-03-22 13:34:22,343] INFO: st (12/2020): Updated existing record with 18 non-zero financial metrics
[2025-03-22 13:34:22,359] WARNING: st (3/2021): Found zero values for fields: Share Repurchases
[2025-03-22 13:34:22,373] INFO: st (3/2021): Updated existing record with 17 non-zero financial metrics
[2025-03-22 13:34:22,402] INFO: st (6/2021): Updated existing record with 14 non-zero financial metrics
[2025-03-22 13:34:22,436] INFO: st (9/2021): Updated existing record with 14 non-zero financial metrics
[2025-03-22 13:34:22,474] INFO: st (12/2021): Updated existing record with 19 non-zero financial metrics
[2025-03-22 13:34:22,510] INFO: st (3/2022): Updated existing record with 18 non-zero financial metrics
[2025-03-22 13:34:22,540] INFO: st (6/2022): Updated existing record with 14 non-zero financial metrics
[2025-03-22 13:34:22,577] INFO: st (9/2022): Updated existing record with 14 non-zero financial metrics
[2025-03-22 13:34:22,606] INFO: st (12/2022): Updated existing record with 19 non-zero financial metrics
[2025-03-22 13:34:22,623] WARNING: st (3/2023): Found zero values for fields: Share Repurchases
[2025-03-22 13:34:22,637] INFO: st (3/2023): Updated existing record with 17 non-zero financial metrics
[2025-03-22 13:34:22,668] INFO: st (6/2023): Updated existing record with 14 non-zero financial metrics
[2025-03-22 13:34:22,698] INFO: st (9/2023): Updated existing record with 14 non-zero financial metrics
[2025-03-22 13:34:22,727] INFO: st (12/2023): Updated existing record with 20 non-zero financial metrics
[2025-03-22 13:34:21,361] INFO: st (3/2024): Updated existing record with 19 non-zero financial metrics
[2025-03-22 13:34:21,389] INFO: st (6/2024): Updated existing record with 14 non-zero financial metrics
[2025-03-22 13:34:21,419] INFO: st (9/2024): Updated existing record with 14 non-zero financial metrics
[2025-03-22 13:34:21,435] INFO: Trying adjusted date: 1/2025 (original: 12/2024)
[2025-03-22 13:34:21,448] WARNING: st (12/2024): No existing record found(12/2024, 2024-12-31) - creating new one
[2025-03-22 13:34:21,449] INFO: st (12/2024): Created new record with 20 non-zero financial metrics
