[2025-03-22 07:54:03,478] INFO: Trying adjusted date: 9/2010 (original: 10/2010)
[2025-03-22 07:54:03,491] WARNING: stx (10/2010): No existing record found(10/2010, 2010-10-01) - creating new one
[2025-03-22 07:54:03,491] INFO: stx (10/2010): Created new record with 0 non-zero financial metrics
[2025-03-22 07:54:03,507] INFO: Trying adjusted date: 1/2011 (original: 12/2010)
[2025-03-22 07:54:03,520] WARNING: stx (12/2010): No existing record found(12/2010, 2010-12-31) - creating new one
[2025-03-22 07:54:03,520] INFO: stx (12/2010): Created new record with 0 non-zero financial metrics
[2025-03-22 07:54:03,535] INFO: Trying adjusted date: 3/2011 (original: 4/2011)
[2025-03-22 07:54:03,548] WARNING: stx (4/2011): No existing record found(4/2011, 2011-04-01) - creating new one
[2025-03-22 07:54:03,549] INFO: stx (4/2011): Created new record with 0 non-zero financial metrics
[2025-03-22 07:54:03,564] INFO: Trying adjusted date: 6/2011 (original: 7/2011)
[2025-03-22 07:54:03,577] WARNING: stx (7/2011): No existing record found(7/2011, 2011-07-01) - creating new one
[2025-03-22 07:54:03,578] INFO: stx (7/2011): Created new record with 19 non-zero financial metrics
[2025-03-22 07:54:03,593] INFO: Trying adjusted date: 10/2011 (original: 9/2011)
[2025-03-22 07:54:03,607] WARNING: stx (9/2011): No existing record found(9/2011, 2011-09-30) - creating new one
[2025-03-22 07:54:03,607] INFO: stx (9/2011): Created new record with 20 non-zero financial metrics
[2025-03-22 07:54:03,623] INFO: Trying adjusted date: 1/2012 (original: 12/2011)
[2025-03-22 07:54:03,636] WARNING: stx (12/2011): No existing record found(12/2011, 2011-12-30) - creating new one
[2025-03-22 07:54:03,637] INFO: stx (12/2011): Created new record with 16 non-zero financial metrics
[2025-03-22 07:54:03,652] INFO: Trying adjusted date: 4/2012 (original: 3/2012)
[2025-03-22 07:54:03,666] WARNING: stx (3/2012): No existing record found(3/2012, 2012-03-30) - creating new one
[2025-03-22 07:54:03,666] INFO: stx (3/2012): Created new record with 16 non-zero financial metrics
[2025-03-22 07:54:03,681] INFO: Trying adjusted date: 7/2012 (original: 6/2012)
[2025-03-22 07:54:03,695] WARNING: stx (6/2012): No existing record found(6/2012, 2012-06-29) - creating new one
[2025-03-22 07:54:03,695] INFO: stx (6/2012): Created new record with 20 non-zero financial metrics
[2025-03-22 07:54:03,724] INFO: stx (9/2012): Updated existing record with 21 non-zero financial metrics
[2025-03-22 07:54:03,753] INFO: stx (12/2012): Updated existing record with 16 non-zero financial metrics
[2025-03-22 07:54:03,780] INFO: stx (3/2013): Updated existing record with 16 non-zero financial metrics
[2025-03-22 07:54:03,808] INFO: stx (6/2013): Updated existing record with 0 non-zero financial metrics
[2025-03-22 07:54:03,836] INFO: stx (9/2013): Updated existing record with 20 non-zero financial metrics
[2025-03-22 07:54:03,863] INFO: stx (12/2013): Updated existing record with 15 non-zero financial metrics
[2025-03-22 07:54:03,893] INFO: stx (3/2014): Updated existing record with 15 non-zero financial metrics
[2025-03-22 07:54:03,920] INFO: stx (6/2014): Updated existing record with 20 non-zero financial metrics
[2025-03-22 07:54:03,937] INFO: Trying adjusted date: 9/2014 (original: 10/2014)
[2025-03-22 07:54:03,949] INFO: Found existing row with adjusted date: 9/2014
[2025-03-22 07:54:03,963] INFO: stx (9/2014): Updated existing record with 20 non-zero financial metrics
[2025-03-22 07:54:03,977] INFO: Trying adjusted date: 12/2014 (original: 1/2015)
[2025-03-22 07:54:03,991] INFO: Found existing row with adjusted date: 12/2014
[2025-03-22 07:54:04,004] INFO: stx (12/2014): Updated existing record with 15 non-zero financial metrics
[2025-03-22 07:54:04,019] INFO: Trying adjusted date: 3/2015 (original: 4/2015)
[2025-03-22 07:54:04,032] INFO: Found existing row with adjusted date: 3/2015
[2025-03-22 07:54:04,044] INFO: stx (3/2015): Updated existing record with 15 non-zero financial metrics
[2025-03-22 07:54:04,059] INFO: Trying adjusted date: 6/2015 (original: 7/2015)
[2025-03-22 07:54:04,072] INFO: Found existing row with adjusted date: 6/2015
[2025-03-22 07:54:04,085] INFO: stx (6/2015): Updated existing record with 20 non-zero financial metrics
[2025-03-22 07:54:04,100] INFO: Trying adjusted date: 9/2015 (original: 10/2015)
[2025-03-22 07:54:04,113] INFO: Found existing row with adjusted date: 9/2015
[2025-03-22 07:54:04,126] INFO: stx (9/2015): Updated existing record with 19 non-zero financial metrics
[2025-03-22 07:54:04,141] INFO: Trying adjusted date: 12/2015 (original: 1/2016)
[2025-03-22 07:54:04,153] INFO: Found existing row with adjusted date: 12/2015
[2025-03-22 07:54:04,166] INFO: stx (12/2015): Updated existing record with 14 non-zero financial metrics
[2025-03-22 07:54:04,181] INFO: Trying adjusted date: 3/2016 (original: 4/2016)
[2025-03-22 07:54:04,194] INFO: Found existing row with adjusted date: 3/2016
[2025-03-22 07:54:04,207] INFO: stx (3/2016): Updated existing record with 14 non-zero financial metrics
[2025-03-22 07:54:04,221] INFO: Trying adjusted date: 6/2016 (original: 7/2016)
[2025-03-22 07:54:04,234] INFO: Found existing row with adjusted date: 6/2016
[2025-03-22 07:54:04,247] INFO: stx (6/2016): Updated existing record with 20 non-zero financial metrics
[2025-03-22 07:54:04,273] INFO: stx (9/2016): Updated existing record with 20 non-zero financial metrics
[2025-03-22 07:54:04,300] INFO: stx (12/2016): Updated existing record with 15 non-zero financial metrics
[2025-03-22 07:54:04,328] INFO: stx (3/2017): Updated existing record with 15 non-zero financial metrics
[2025-03-22 07:54:04,356] INFO: stx (6/2017): Updated existing record with 20 non-zero financial metrics
[2025-03-22 07:54:04,383] INFO: stx (9/2017): Updated existing record with 20 non-zero financial metrics
[2025-03-22 07:54:04,411] INFO: stx (12/2017): Updated existing record with 15 non-zero financial metrics
[2025-03-22 07:54:04,439] INFO: stx (3/2018): Updated existing record with 15 non-zero financial metrics
[2025-03-22 07:54:04,466] INFO: stx (6/2018): Updated existing record with 20 non-zero financial metrics
[2025-03-22 07:54:04,495] INFO: stx (9/2018): Updated existing record with 20 non-zero financial metrics
[2025-03-22 07:54:04,523] INFO: stx (12/2018): Updated existing record with 15 non-zero financial metrics
[2025-03-22 07:54:04,550] INFO: stx (3/2019): Updated existing record with 15 non-zero financial metrics
[2025-03-22 07:54:04,579] INFO: stx (6/2019): Updated existing record with 20 non-zero financial metrics
[2025-03-22 07:54:04,593] INFO: Trying adjusted date: 9/2019 (original: 10/2019)
[2025-03-22 07:54:04,606] INFO: Found existing row with adjusted date: 9/2019
[2025-03-22 07:54:04,619] INFO: stx (9/2019): Updated existing record with 20 non-zero financial metrics
[2025-03-22 07:54:04,634] INFO: Trying adjusted date: 12/2019 (original: 1/2020)
[2025-03-22 07:54:04,648] INFO: Found existing row with adjusted date: 12/2019
[2025-03-22 07:54:04,660] INFO: stx (12/2019): Updated existing record with 15 non-zero financial metrics
[2025-03-22 07:54:04,675] INFO: Trying adjusted date: 3/2020 (original: 4/2020)
[2025-03-22 07:54:04,688] INFO: Found existing row with adjusted date: 3/2020
[2025-03-22 07:54:04,701] INFO: stx (3/2020): Updated existing record with 15 non-zero financial metrics
[2025-03-22 07:54:04,715] INFO: Trying adjusted date: 6/2020 (original: 7/2020)
[2025-03-22 07:54:04,728] INFO: Found existing row with adjusted date: 6/2020
[2025-03-22 07:54:04,741] INFO: stx (6/2020): Updated existing record with 20 non-zero financial metrics
[2025-03-22 07:54:04,755] INFO: Trying adjusted date: 9/2020 (original: 10/2020)
[2025-03-22 07:54:04,768] INFO: Found existing row with adjusted date: 9/2020
[2025-03-22 07:54:04,780] INFO: stx (9/2020): Updated existing record with 20 non-zero financial metrics
[2025-03-22 07:54:04,795] INFO: Trying adjusted date: 12/2020 (original: 1/2021)
[2025-03-22 07:54:04,809] INFO: Found existing row with adjusted date: 12/2020
[2025-03-22 07:54:04,822] INFO: stx (12/2020): Updated existing record with 15 non-zero financial metrics
[2025-03-22 07:54:04,836] INFO: Trying adjusted date: 3/2021 (original: 4/2021)
[2025-03-22 07:54:04,849] INFO: Found existing row with adjusted date: 3/2021
[2025-03-22 07:54:04,862] INFO: stx (3/2021): Updated existing record with 15 non-zero financial metrics
[2025-03-22 07:54:04,875] INFO: Trying adjusted date: 6/2021 (original: 7/2021)
[2025-03-22 07:54:04,888] INFO: Found existing row with adjusted date: 6/2021
[2025-03-22 07:54:04,901] INFO: stx (6/2021): Updated existing record with 20 non-zero financial metrics
[2025-03-22 07:54:04,916] INFO: Trying adjusted date: 9/2021 (original: 10/2021)
[2025-03-22 07:54:04,928] INFO: Found existing row with adjusted date: 9/2021
[2025-03-22 07:54:04,943] INFO: stx (9/2021): Updated existing record with 20 non-zero financial metrics
[2025-03-22 07:54:04,976] INFO: stx (12/2021): Updated existing record with 15 non-zero financial metrics
[2025-03-22 07:54:04,990] INFO: Trying adjusted date: 3/2022 (original: 4/2022)
[2025-03-22 07:54:05,004] INFO: Found existing row with adjusted date: 3/2022
[2025-03-22 07:54:05,017] INFO: stx (3/2022): Updated existing record with 15 non-zero financial metrics
[2025-03-22 07:54:05,032] INFO: Trying adjusted date: 6/2022 (original: 7/2022)
[2025-03-22 07:54:05,046] INFO: Found existing row with adjusted date: 6/2022
[2025-03-22 07:54:05,059] INFO: stx (6/2022): Updated existing record with 20 non-zero financial metrics
[2025-03-22 07:54:05,087] INFO: stx (9/2022): Updated existing record with 20 non-zero financial metrics
[2025-03-22 07:54:05,116] INFO: stx (12/2022): Updated existing record with 16 non-zero financial metrics
[2025-03-22 07:54:05,144] INFO: stx (3/2023): Updated existing record with 16 non-zero financial metrics
[2025-03-22 07:54:05,175] INFO: stx (6/2023): Updated existing record with 20 non-zero financial metrics
[2025-03-22 07:54:05,190] WARNING: stx (9/2023): Found zero values for fields: Share Repurchases
[2025-03-22 07:54:05,204] INFO: stx (9/2023): Updated existing record with 19 non-zero financial metrics
[2025-03-22 07:54:05,232] INFO: stx (12/2023): Updated existing record with 15 non-zero financial metrics
[2025-03-22 07:54:05,259] INFO: stx (3/2024): Updated existing record with 15 non-zero financial metrics
[2025-03-22 07:54:05,275] WARNING: stx (6/2024): Found zero values for fields: Share Repurchases
[2025-03-22 07:54:05,288] INFO: stx (6/2024): Updated existing record with 19 non-zero financial metrics
[2025-03-22 07:54:05,315] INFO: stx (9/2024): Updated existing record with 19 non-zero financial metrics
[2025-03-22 07:54:05,343] INFO: stx (12/2024): Updated existing record with 15 non-zero financial metrics
