[2025-03-22 01:42:56,857] INFO: Trying adjusted date: 9/2010 (original: 8/2010)
[2025-03-22 01:42:56,869] WARNING: stz (8/2010): No existing record found(8/2010, 2010-08-31) - creating new one
[2025-03-22 01:42:56,872] INFO: stz (8/2010): Created new record with 0 non-zero financial metrics
[2025-03-22 01:42:56,887] INFO: Trying adjusted date: 12/2010 (original: 11/2010)
[2025-03-22 01:42:56,900] WARNING: stz (11/2010): No existing record found(11/2010, 2010-11-30) - creating new one
[2025-03-22 01:42:56,900] INFO: stz (11/2010): Created new record with 0 non-zero financial metrics
[2025-03-22 01:42:56,914] INFO: Trying adjusted date: 3/2011 (original: 2/2011)
[2025-03-22 01:42:56,926] WARNING: stz (2/2011): No existing record found(2/2011, 2011-02-28) - creating new one
[2025-03-22 01:42:56,927] INFO: stz (2/2011): Created new record with 0 non-zero financial metrics
[2025-03-22 01:42:56,943] INFO: Trying adjusted date: 6/2011 (original: 5/2011)
[2025-03-22 01:42:56,955] WARNING: stz (5/2011): No existing record found(5/2011, 2011-05-31) - creating new one
[2025-03-22 01:42:56,956] INFO: stz (5/2011): Created new record with 16 non-zero financial metrics
[2025-03-22 01:42:56,972] INFO: Trying adjusted date: 9/2011 (original: 8/2011)
[2025-03-22 01:42:56,985] WARNING: stz (8/2011): No existing record found(8/2011, 2011-08-31) - creating new one
[2025-03-22 01:42:56,986] INFO: stz (8/2011): Created new record with 14 non-zero financial metrics
[2025-03-22 01:42:57,000] INFO: Trying adjusted date: 12/2011 (original: 11/2011)
[2025-03-22 01:42:57,013] WARNING: stz (11/2011): No existing record found(11/2011, 2011-11-30) - creating new one
[2025-03-22 01:42:57,013] INFO: stz (11/2011): Created new record with 14 non-zero financial metrics
[2025-03-22 01:42:57,027] INFO: Trying adjusted date: 3/2012 (original: 2/2012)
[2025-03-22 01:42:57,041] WARNING: stz (2/2012): No existing record found(2/2012, 2012-02-29) - creating new one
[2025-03-22 01:42:57,042] INFO: stz (2/2012): Created new record with 18 non-zero financial metrics
[2025-03-22 01:42:55,656] INFO: Trying adjusted date: 6/2012 (original: 5/2012)
[2025-03-22 01:42:55,668] WARNING: stz (5/2012): No existing record found(5/2012, 2012-05-31) - creating new one
[2025-03-22 01:42:55,669] INFO: stz (5/2012): Created new record with 18 non-zero financial metrics
[2025-03-22 01:42:55,682] INFO: Trying adjusted date: 9/2012 (original: 8/2012)
[2025-03-22 01:42:55,693] WARNING: stz (8/2012): No existing record found(8/2012, 2012-08-31) - creating new one
[2025-03-22 01:42:55,694] INFO: stz (8/2012): Created new record with 14 non-zero financial metrics
[2025-03-22 01:42:55,723] INFO: stz (11/2012): Updated existing record with 14 non-zero financial metrics
[2025-03-22 01:42:55,752] INFO: stz (2/2013): Updated existing record with 18 non-zero financial metrics
[2025-03-22 01:42:55,777] INFO: stz (5/2013): Updated existing record with 0 non-zero financial metrics
[2025-03-22 01:42:55,803] INFO: stz (8/2013): Updated existing record with 14 non-zero financial metrics
[2025-03-22 01:42:55,828] INFO: stz (11/2013): Updated existing record with 13 non-zero financial metrics
[2025-03-22 01:42:55,842] WARNING: stz (2/2014): Found zero values for fields: Share Repurchases
[2025-03-22 01:42:55,854] INFO: stz (2/2014): Updated existing record with 16 non-zero financial metrics
[2025-03-22 01:42:55,879] INFO: stz (5/2014): Updated existing record with 16 non-zero financial metrics
[2025-03-22 01:42:55,904] INFO: stz (8/2014): Updated existing record with 13 non-zero financial metrics
[2025-03-22 01:42:55,930] INFO: stz (11/2014): Updated existing record with 13 non-zero financial metrics
[2025-03-22 01:42:55,943] WARNING: stz (2/2015): Found zero values for fields: Share Repurchases
[2025-03-22 01:42:55,955] INFO: stz (2/2015): Updated existing record with 17 non-zero financial metrics
[2025-03-22 01:42:55,981] INFO: stz (5/2015): Updated existing record with 17 non-zero financial metrics
[2025-03-22 01:42:56,006] INFO: stz (8/2015): Updated existing record with 14 non-zero financial metrics
[2025-03-22 01:42:56,031] INFO: stz (11/2015): Updated existing record with 14 non-zero financial metrics
[2025-03-22 01:42:56,058] INFO: stz (2/2016): Updated existing record with 15 non-zero financial metrics
[2025-03-22 01:42:56,083] INFO: stz (5/2016): Updated existing record with 15 non-zero financial metrics
[2025-03-22 01:42:56,108] INFO: stz (8/2016): Updated existing record with 14 non-zero financial metrics
[2025-03-22 01:42:56,133] INFO: stz (11/2016): Updated existing record with 14 non-zero financial metrics
[2025-03-22 01:42:56,159] INFO: stz (2/2017): Updated existing record with 15 non-zero financial metrics
[2025-03-22 01:42:56,172] WARNING: stz (5/2017): Found zero values for fields: Share Repurchases
[2025-03-22 01:42:56,184] INFO: stz (5/2017): Updated existing record with 14 non-zero financial metrics
[2025-03-22 01:42:56,209] INFO: stz (8/2017): Updated existing record with 14 non-zero financial metrics
[2025-03-22 01:42:56,234] INFO: stz (11/2017): Updated existing record with 14 non-zero financial metrics
[2025-03-22 01:42:56,259] INFO: stz (2/2018): Updated existing record with 15 non-zero financial metrics
[2025-03-22 01:42:56,284] INFO: stz (5/2018): Updated existing record with 16 non-zero financial metrics
[2025-03-22 01:42:56,310] INFO: stz (8/2018): Updated existing record with 15 non-zero financial metrics
[2025-03-22 01:42:56,335] INFO: stz (11/2018): Updated existing record with 15 non-zero financial metrics
[2025-03-22 01:42:56,361] INFO: stz (2/2019): Updated existing record with 16 non-zero financial metrics
[2025-03-22 01:42:56,375] WARNING: stz (5/2019): Found zero values for fields: Share Repurchases
[2025-03-22 01:42:56,387] INFO: stz (5/2019): Updated existing record with 15 non-zero financial metrics
[2025-03-22 01:42:56,413] INFO: stz (8/2019): Updated existing record with 15 non-zero financial metrics
[2025-03-22 01:42:56,440] INFO: stz (11/2019): Updated existing record with 15 non-zero financial metrics
[2025-03-22 01:42:56,466] INFO: stz (2/2020): Updated existing record with 18 non-zero financial metrics
[2025-03-22 01:42:56,492] INFO: stz (5/2020): Updated existing record with 17 non-zero financial metrics
[2025-03-22 01:42:56,517] INFO: stz (8/2020): Updated existing record with 14 non-zero financial metrics
[2025-03-22 01:42:56,542] INFO: stz (11/2020): Updated existing record with 14 non-zero financial metrics
[2025-03-22 01:42:56,556] WARNING: stz (2/2021): Found zero values for fields: Share Repurchases
[2025-03-22 01:42:56,568] INFO: stz (2/2021): Updated existing record with 17 non-zero financial metrics
[2025-03-22 01:42:56,594] INFO: stz (5/2021): Updated existing record with 18 non-zero financial metrics
[2025-03-22 01:42:56,619] INFO: stz (8/2021): Updated existing record with 14 non-zero financial metrics
[2025-03-22 01:42:56,645] INFO: stz (11/2021): Updated existing record with 14 non-zero financial metrics
[2025-03-22 01:42:56,672] INFO: stz (2/2022): Updated existing record with 18 non-zero financial metrics
[2025-03-22 01:42:56,697] INFO: stz (5/2022): Updated existing record with 18 non-zero financial metrics
[2025-03-22 01:42:56,722] INFO: stz (8/2022): Updated existing record with 14 non-zero financial metrics
[2025-03-22 01:42:56,748] INFO: stz (11/2022): Updated existing record with 14 non-zero financial metrics
[2025-03-22 01:42:56,773] INFO: stz (2/2023): Updated existing record with 18 non-zero financial metrics
[2025-03-22 01:42:56,798] INFO: stz (5/2023): Updated existing record with 18 non-zero financial metrics
[2025-03-22 01:42:56,823] INFO: stz (8/2023): Updated existing record with 14 non-zero financial metrics
[2025-03-22 01:42:56,848] INFO: stz (11/2023): Updated existing record with 13 non-zero financial metrics
[2025-03-22 01:42:56,873] INFO: stz (2/2024): Updated existing record with 18 non-zero financial metrics
[2025-03-22 01:42:56,899] INFO: stz (5/2024): Updated existing record with 18 non-zero financial metrics
[2025-03-22 01:42:56,925] INFO: stz (8/2024): Updated existing record with 14 non-zero financial metrics
[2025-03-22 01:42:56,953] INFO: stz (11/2024): Updated existing record with 14 non-zero financial metrics
