[2025-03-22 06:16:52,646] INFO: Trying adjusted date: 7/2014 (original: 6/2014)
[2025-03-22 06:16:52,658] WARNING: syf (6/2014): No existing record found(6/2014, 2014-06-30) - creating new one
[2025-03-22 06:16:52,659] INFO: syf (6/2014): Created new record with 11 non-zero financial metrics
[2025-03-22 06:16:52,697] INFO: syf (9/2014): Updated existing record with 11 non-zero financial metrics
[2025-03-22 06:16:52,725] INFO: syf (12/2014): Updated existing record with 14 non-zero financial metrics
[2025-03-22 06:16:52,752] INFO: syf (3/2015): Updated existing record with 11 non-zero financial metrics
[2025-03-22 06:16:52,766] WARNING: syf (6/2015): Found zero values for fields: Loans Held for Sale
[2025-03-22 06:16:52,779] INFO: syf (6/2015): Updated existing record with 10 non-zero financial metrics
[2025-03-22 06:16:52,793] WARNING: syf (9/2015): Found zero values for fields: Loans Held for Sale
[2025-03-22 06:16:52,806] INFO: syf (9/2015): Updated existing record with 10 non-zero financial metrics
[2025-03-22 06:16:52,820] WARNING: syf (12/2015): Found zero values for fields: Loans Held for Sale
[2025-03-22 06:16:52,833] INFO: syf (12/2015): Updated existing record with 10 non-zero financial metrics
[2025-03-22 06:16:52,860] INFO: syf (3/2016): Updated existing record with 10 non-zero financial metrics
[2025-03-22 06:16:52,888] INFO: syf (6/2016): Updated existing record with 10 non-zero financial metrics
[2025-03-22 06:16:52,914] INFO: syf (9/2016): Updated existing record with 11 non-zero financial metrics
[2025-03-22 06:16:52,942] INFO: syf (12/2016): Updated existing record with 15 non-zero financial metrics
[2025-03-22 06:16:52,969] INFO: syf (3/2017): Updated existing record with 15 non-zero financial metrics
[2025-03-22 06:16:52,997] INFO: syf (6/2017): Updated existing record with 11 non-zero financial metrics
[2025-03-22 06:16:53,024] INFO: syf (9/2017): Updated existing record with 11 non-zero financial metrics
[2025-03-22 06:16:53,052] INFO: syf (12/2017): Updated existing record with 15 non-zero financial metrics
[2025-03-22 06:16:53,080] INFO: syf (3/2018): Updated existing record with 15 non-zero financial metrics
[2025-03-22 06:16:53,107] INFO: syf (6/2018): Updated existing record with 11 non-zero financial metrics
[2025-03-22 06:16:53,134] INFO: syf (9/2018): Updated existing record with 11 non-zero financial metrics
[2025-03-22 06:16:53,161] INFO: syf (12/2018): Updated existing record with 15 non-zero financial metrics
[2025-03-22 06:16:53,188] INFO: syf (3/2019): Updated existing record with 16 non-zero financial metrics
[2025-03-22 06:16:53,216] INFO: syf (6/2019): Updated existing record with 12 non-zero financial metrics
[2025-03-22 06:16:53,243] INFO: syf (9/2019): Updated existing record with 12 non-zero financial metrics
[2025-03-22 06:16:53,271] INFO: syf (12/2019): Updated existing record with 16 non-zero financial metrics
[2025-03-22 06:16:53,298] INFO: syf (3/2020): Updated existing record with 16 non-zero financial metrics
[2025-03-22 06:16:53,327] INFO: syf (6/2020): Updated existing record with 12 non-zero financial metrics
[2025-03-22 06:16:53,355] INFO: syf (9/2020): Updated existing record with 12 non-zero financial metrics
[2025-03-22 06:16:53,382] INFO: syf (12/2020): Updated existing record with 16 non-zero financial metrics
[2025-03-22 06:16:53,410] INFO: syf (3/2021): Updated existing record with 16 non-zero financial metrics
[2025-03-22 06:16:53,426] WARNING: syf (6/2021): Found zero values for fields: Loans Held for Sale
[2025-03-22 06:16:53,439] INFO: syf (6/2021): Updated existing record with 11 non-zero financial metrics
[2025-03-22 06:16:53,466] INFO: syf (9/2021): Updated existing record with 12 non-zero financial metrics
[2025-03-22 06:16:53,494] INFO: syf (12/2021): Updated existing record with 16 non-zero financial metrics
[2025-03-22 06:16:53,521] INFO: syf (3/2022): Updated existing record with 16 non-zero financial metrics
[2025-03-22 06:16:53,536] WARNING: syf (6/2022): Found zero values for fields: Loans Held for Sale
[2025-03-22 06:16:53,549] INFO: syf (6/2022): Updated existing record with 11 non-zero financial metrics
[2025-03-22 06:16:53,564] WARNING: syf (9/2022): Found zero values for fields: Loans Held for Sale
[2025-03-22 06:16:53,576] INFO: syf (9/2022): Updated existing record with 11 non-zero financial metrics
[2025-03-22 06:16:53,591] WARNING: syf (12/2022): Found zero values for fields: Loans Held for Sale
[2025-03-22 06:16:53,604] INFO: syf (12/2022): Updated existing record with 15 non-zero financial metrics
[2025-03-22 06:16:53,631] INFO: syf (3/2023): Updated existing record with 15 non-zero financial metrics
[2025-03-22 06:16:53,659] INFO: syf (6/2023): Updated existing record with 11 non-zero financial metrics
[2025-03-22 06:16:53,686] INFO: syf (9/2023): Updated existing record with 12 non-zero financial metrics
[2025-03-22 06:16:53,713] INFO: syf (12/2023): Updated existing record with 16 non-zero financial metrics
[2025-03-22 06:16:53,740] INFO: syf (3/2024): Updated existing record with 16 non-zero financial metrics
[2025-03-22 06:16:53,767] INFO: syf (6/2024): Updated existing record with 11 non-zero financial metrics
[2025-03-22 06:16:53,796] INFO: syf (9/2024): Updated existing record with 11 non-zero financial metrics
[2025-03-22 06:16:53,825] INFO: syf (12/2024): Updated existing record with 15 non-zero financial metrics
