[2025-03-21 23:28:07,704] INFO: Trying adjusted date: 4/2010 (original: 3/2010)
[2025-03-21 23:28:07,718] WARNING: syk (3/2010): No existing record found(3/2010, 2010-03-31) - creating new one
[2025-03-21 23:28:07,718] INFO: syk (3/2010): Created new record with 0 non-zero financial metrics
[2025-03-21 23:28:07,742] INFO: Trying adjusted date: 7/2010 (original: 6/2010)
[2025-03-21 23:28:07,757] WARNING: syk (6/2010): No existing record found(6/2010, 2010-06-30) - creating new one
[2025-03-21 23:28:07,757] INFO: syk (6/2010): Created new record with 0 non-zero financial metrics
[2025-03-21 23:28:07,771] INFO: Trying adjusted date: 10/2010 (original: 9/2010)
[2025-03-21 23:28:07,783] WARNING: syk (9/2010): No existing record found(9/2010, 2010-09-30) - creating new one
[2025-03-21 23:28:07,784] INFO: syk (9/2010): Created new record with 0 non-zero financial metrics
[2025-03-21 23:28:07,798] INFO: Trying adjusted date: 1/2011 (original: 12/2010)
[2025-03-21 23:28:07,810] WARNING: syk (12/2010): No existing record found(12/2010, 2010-12-31) - creating new one
[2025-03-21 23:28:07,811] INFO: syk (12/2010): Created new record with 0 non-zero financial metrics
[2025-03-21 23:28:07,824] INFO: Trying adjusted date: 4/2011 (original: 3/2011)
[2025-03-21 23:28:07,835] WARNING: syk (3/2011): No existing record found(3/2011, 2011-03-31) - creating new one
[2025-03-21 23:28:07,836] INFO: syk (3/2011): Created new record with 0 non-zero financial metrics
[2025-03-21 23:28:07,849] INFO: Trying adjusted date: 7/2011 (original: 6/2011)
[2025-03-21 23:28:07,862] WARNING: syk (6/2011): No existing record found(6/2011, 2011-06-30) - creating new one
[2025-03-21 23:28:07,863] INFO: syk (6/2011): Created new record with 19 non-zero financial metrics
[2025-03-21 23:28:07,877] INFO: Trying adjusted date: 10/2011 (original: 9/2011)
[2025-03-21 23:28:07,890] WARNING: syk (9/2011): No existing record found(9/2011, 2011-09-30) - creating new one
[2025-03-21 23:28:07,890] INFO: syk (9/2011): Created new record with 20 non-zero financial metrics
[2025-03-21 23:28:07,904] INFO: Trying adjusted date: 1/2012 (original: 12/2011)
[2025-03-21 23:28:07,916] WARNING: syk (12/2011): No existing record found(12/2011, 2011-12-31) - creating new one
[2025-03-21 23:28:07,916] INFO: syk (12/2011): Created new record with 21 non-zero financial metrics
[2025-03-21 23:28:07,929] INFO: Trying adjusted date: 4/2012 (original: 3/2012)
[2025-03-21 23:28:07,941] WARNING: syk (3/2012): No existing record found(3/2012, 2012-03-31) - creating new one
[2025-03-21 23:28:07,941] INFO: syk (3/2012): Created new record with 20 non-zero financial metrics
[2025-03-21 23:28:07,956] INFO: Trying adjusted date: 7/2012 (original: 6/2012)
[2025-03-21 23:28:07,968] WARNING: syk (6/2012): No existing record found(6/2012, 2012-06-30) - creating new one
[2025-03-21 23:28:07,968] INFO: syk (6/2012): Created new record with 19 non-zero financial metrics
[2025-03-21 23:28:07,994] INFO: syk (9/2012): Updated existing record with 19 non-zero financial metrics
[2025-03-21 23:28:08,018] INFO: syk (12/2012): Updated existing record with 20 non-zero financial metrics
[2025-03-21 23:28:08,043] INFO: syk (3/2013): Updated existing record with 19 non-zero financial metrics
[2025-03-21 23:28:08,067] INFO: syk (6/2013): Updated existing record with 0 non-zero financial metrics
[2025-03-21 23:28:08,092] INFO: syk (9/2013): Updated existing record with 19 non-zero financial metrics
[2025-03-21 23:28:08,117] INFO: syk (12/2013): Updated existing record with 20 non-zero financial metrics
[2025-03-21 23:28:08,142] INFO: syk (3/2014): Updated existing record with 18 non-zero financial metrics
[2025-03-21 23:28:08,166] INFO: syk (6/2014): Updated existing record with 19 non-zero financial metrics
[2025-03-21 23:28:08,193] INFO: syk (9/2014): Updated existing record with 19 non-zero financial metrics
[2025-03-21 23:28:08,218] INFO: syk (12/2014): Updated existing record with 20 non-zero financial metrics
[2025-03-21 23:28:08,244] INFO: syk (3/2015): Updated existing record with 19 non-zero financial metrics
[2025-03-21 23:28:08,269] INFO: syk (6/2015): Updated existing record with 14 non-zero financial metrics
[2025-03-21 23:28:08,295] INFO: syk (9/2015): Updated existing record with 14 non-zero financial metrics
[2025-03-21 23:28:08,320] INFO: syk (12/2015): Updated existing record with 20 non-zero financial metrics
[2025-03-21 23:28:08,347] INFO: syk (3/2016): Updated existing record with 19 non-zero financial metrics
[2025-03-21 23:28:08,372] INFO: syk (6/2016): Updated existing record with 14 non-zero financial metrics
[2025-03-21 23:28:08,397] INFO: syk (9/2016): Updated existing record with 15 non-zero financial metrics
[2025-03-21 23:28:08,423] INFO: syk (12/2016): Updated existing record with 21 non-zero financial metrics
[2025-03-21 23:28:08,449] INFO: syk (3/2017): Updated existing record with 20 non-zero financial metrics
[2025-03-21 23:28:08,473] INFO: syk (6/2017): Updated existing record with 15 non-zero financial metrics
[2025-03-21 23:28:08,497] INFO: syk (9/2017): Updated existing record with 15 non-zero financial metrics
[2025-03-21 23:28:08,523] INFO: syk (12/2017): Updated existing record with 21 non-zero financial metrics
[2025-03-21 23:28:08,547] INFO: syk (3/2018): Updated existing record with 20 non-zero financial metrics
[2025-03-21 23:28:08,576] INFO: syk (6/2018): Updated existing record with 16 non-zero financial metrics
[2025-03-21 23:28:08,602] INFO: syk (9/2018): Updated existing record with 16 non-zero financial metrics
[2025-03-21 23:28:08,627] INFO: syk (12/2018): Updated existing record with 22 non-zero financial metrics
[2025-03-21 23:28:08,654] INFO: syk (3/2019): Updated existing record with 20 non-zero financial metrics
[2025-03-21 23:28:08,679] INFO: syk (6/2019): Updated existing record with 15 non-zero financial metrics
[2025-03-21 23:28:08,704] INFO: syk (9/2019): Updated existing record with 15 non-zero financial metrics
[2025-03-21 23:28:08,730] INFO: syk (12/2019): Updated existing record with 21 non-zero financial metrics
[2025-03-21 23:28:08,744] WARNING: syk (3/2020): Found zero values for fields: Share Repurchases
[2025-03-21 23:28:08,756] INFO: syk (3/2020): Updated existing record with 19 non-zero financial metrics
[2025-03-21 23:28:08,781] INFO: syk (6/2020): Updated existing record with 15 non-zero financial metrics
[2025-03-21 23:28:08,807] INFO: syk (9/2020): Updated existing record with 15 non-zero financial metrics
[2025-03-21 23:28:08,820] WARNING: syk (12/2020): Found zero values for fields: Share Repurchases
[2025-03-21 23:28:08,832] INFO: syk (12/2020): Updated existing record with 20 non-zero financial metrics
[2025-03-21 23:28:08,845] WARNING: syk (3/2021): Found zero values for fields: Share Repurchases
[2025-03-21 23:28:08,858] INFO: syk (3/2021): Updated existing record with 19 non-zero financial metrics
[2025-03-21 23:28:08,881] INFO: syk (6/2021): Updated existing record with 15 non-zero financial metrics
[2025-03-21 23:28:08,906] INFO: syk (9/2021): Updated existing record with 15 non-zero financial metrics
[2025-03-21 23:28:08,921] WARNING: syk (12/2021): Found zero values for fields: Share Repurchases
[2025-03-21 23:28:08,934] INFO: syk (12/2021): Updated existing record with 20 non-zero financial metrics
[2025-03-21 23:28:08,960] INFO: syk (3/2022): Updated existing record with 19 non-zero financial metrics
[2025-03-21 23:28:08,985] INFO: syk (6/2022): Updated existing record with 15 non-zero financial metrics
[2025-03-21 23:28:09,009] INFO: syk (9/2022): Updated existing record with 15 non-zero financial metrics
[2025-03-21 23:28:09,039] INFO: syk (12/2022): Updated existing record with 20 non-zero financial metrics
[2025-03-21 23:28:09,064] INFO: syk (3/2023): Updated existing record with 19 non-zero financial metrics
[2025-03-21 23:28:09,089] INFO: syk (6/2023): Updated existing record with 15 non-zero financial metrics
[2025-03-21 23:28:09,114] INFO: syk (9/2023): Updated existing record with 15 non-zero financial metrics
[2025-03-21 23:28:09,139] INFO: syk (12/2023): Updated existing record with 20 non-zero financial metrics
[2025-03-21 23:28:09,168] INFO: syk (3/2024): Updated existing record with 19 non-zero financial metrics
[2025-03-21 23:28:09,194] INFO: syk (6/2024): Updated existing record with 15 non-zero financial metrics
[2025-03-21 23:28:09,218] INFO: syk (9/2024): Updated existing record with 15 non-zero financial metrics
[2025-03-21 23:28:09,246] INFO: syk (12/2024): Updated existing record with 20 non-zero financial metrics
