[2025-03-22 02:12:17,703] INFO: Trying adjusted date: 4/2010 (original: 3/2010)
[2025-03-22 02:12:17,714] WARNING: syy (3/2010): No existing record found(3/2010, 2010-03-27) - creating new one
[2025-03-22 02:12:17,715] INFO: syy (3/2010): Created new record with 0 non-zero financial metrics
[2025-03-22 02:12:17,741] INFO: Trying adjusted date: 6/2010 (original: 7/2010)
[2025-03-22 02:12:17,753] WARNING: syy (7/2010): No existing record found(7/2010, 2010-07-03) - creating new one
[2025-03-22 02:12:17,754] INFO: syy (7/2010): Created new record with 0 non-zero financial metrics
[2025-03-22 02:12:17,769] INFO: Trying adjusted date: 9/2010 (original: 10/2010)
[2025-03-22 02:12:17,781] WARNING: syy (10/2010): No existing record found(10/2010, 2010-10-02) - creating new one
[2025-03-22 02:12:17,782] INFO: syy (10/2010): Created new record with 0 non-zero financial metrics
[2025-03-22 02:12:17,796] INFO: Trying adjusted date: 12/2010 (original: 1/2011)
[2025-03-22 02:12:17,808] WARNING: syy (1/2011): No existing record found(1/2011, 2011-01-01) - creating new one
[2025-03-22 02:12:17,808] INFO: syy (1/2011): Created new record with 0 non-zero financial metrics
[2025-03-22 02:12:17,822] INFO: Trying adjusted date: 3/2011 (original: 4/2011)
[2025-03-22 02:12:17,835] WARNING: syy (4/2011): No existing record found(4/2011, 2011-04-02) - creating new one
[2025-03-22 02:12:17,835] INFO: syy (4/2011): Created new record with 0 non-zero financial metrics
[2025-03-22 02:12:17,850] INFO: Trying adjusted date: 6/2011 (original: 7/2011)
[2025-03-22 02:12:17,862] WARNING: syy (7/2011): No existing record found(7/2011, 2011-07-02) - creating new one
[2025-03-22 02:12:17,863] INFO: syy (7/2011): Created new record with 16 non-zero financial metrics
[2025-03-22 02:12:17,877] INFO: Trying adjusted date: 9/2011 (original: 10/2011)
[2025-03-22 02:12:17,889] WARNING: syy (10/2011): No existing record found(10/2011, 2011-10-01) - creating new one
[2025-03-22 02:12:17,889] INFO: syy (10/2011): Created new record with 14 non-zero financial metrics
[2025-03-22 02:12:17,903] INFO: Trying adjusted date: 1/2012 (original: 12/2011)
[2025-03-22 02:12:17,915] WARNING: syy (12/2011): No existing record found(12/2011, 2011-12-31) - creating new one
[2025-03-22 02:12:17,915] INFO: syy (12/2011): Created new record with 9 non-zero financial metrics
[2025-03-22 02:12:17,929] INFO: Trying adjusted date: 4/2012 (original: 3/2012)
[2025-03-22 02:12:17,941] WARNING: syy (3/2012): No existing record found(3/2012, 2012-03-31) - creating new one
[2025-03-22 02:12:17,942] INFO: syy (3/2012): Created new record with 9 non-zero financial metrics
[2025-03-22 02:12:17,957] INFO: Trying adjusted date: 7/2012 (original: 6/2012)
[2025-03-22 02:12:17,969] WARNING: syy (6/2012): No existing record found(6/2012, 2012-06-30) - creating new one
[2025-03-22 02:12:17,970] INFO: syy (6/2012): Created new record with 13 non-zero financial metrics
[2025-03-22 02:12:17,997] INFO: syy (9/2012): Updated existing record with 13 non-zero financial metrics
[2025-03-22 02:12:18,024] INFO: syy (12/2012): Updated existing record with 9 non-zero financial metrics
[2025-03-22 02:12:18,050] INFO: syy (3/2013): Updated existing record with 9 non-zero financial metrics
[2025-03-22 02:12:18,075] INFO: syy (6/2013): Updated existing record with 0 non-zero financial metrics
[2025-03-22 02:12:18,101] INFO: syy (9/2013): Updated existing record with 10 non-zero financial metrics
[2025-03-22 02:12:18,126] INFO: syy (12/2013): Updated existing record with 8 non-zero financial metrics
[2025-03-22 02:12:18,151] INFO: syy (3/2014): Updated existing record with 8 non-zero financial metrics
[2025-03-22 02:12:18,176] INFO: syy (6/2014): Updated existing record with 9 non-zero financial metrics
[2025-03-22 02:12:18,189] WARNING: syy (9/2014): Found zero values for fields: Share Repurchases
[2025-03-22 02:12:18,202] INFO: syy (9/2014): Updated existing record with 8 non-zero financial metrics
[2025-03-22 02:12:18,228] INFO: syy (12/2014): Updated existing record with 8 non-zero financial metrics
[2025-03-22 02:12:18,253] INFO: syy (3/2015): Updated existing record with 8 non-zero financial metrics
[2025-03-22 02:12:18,268] WARNING: syy (6/2015): Found zero values for fields: Share Repurchases
[2025-03-22 02:12:18,280] INFO: syy (6/2015): Updated existing record with 8 non-zero financial metrics
[2025-03-22 02:12:18,306] INFO: syy (9/2015): Updated existing record with 8 non-zero financial metrics
[2025-03-22 02:12:18,332] INFO: syy (12/2015): Updated existing record with 8 non-zero financial metrics
[2025-03-22 02:12:18,358] INFO: syy (3/2016): Updated existing record with 8 non-zero financial metrics
[2025-03-22 02:12:18,371] INFO: Trying adjusted date: 6/2016 (original: 7/2016)
[2025-03-22 02:12:18,384] INFO: Found existing row with adjusted date: 6/2016
[2025-03-22 02:12:18,396] INFO: syy (6/2016): Updated existing record with 9 non-zero financial metrics
[2025-03-22 02:12:18,409] INFO: Trying adjusted date: 9/2016 (original: 10/2016)
[2025-03-22 02:12:18,420] INFO: Found existing row with adjusted date: 9/2016
[2025-03-22 02:12:18,432] INFO: syy (9/2016): Updated existing record with 9 non-zero financial metrics
[2025-03-22 02:12:18,457] INFO: syy (12/2016): Updated existing record with 8 non-zero financial metrics
[2025-03-22 02:12:18,471] INFO: Trying adjusted date: 3/2017 (original: 4/2017)
[2025-03-22 02:12:18,484] INFO: Found existing row with adjusted date: 3/2017
[2025-03-22 02:12:18,495] INFO: syy (3/2017): Updated existing record with 8 non-zero financial metrics
[2025-03-22 02:12:18,509] INFO: Trying adjusted date: 6/2017 (original: 7/2017)
[2025-03-22 02:12:18,521] INFO: Found existing row with adjusted date: 6/2017
[2025-03-22 02:12:18,535] INFO: syy (6/2017): Updated existing record with 12 non-zero financial metrics
[2025-03-22 02:12:18,560] INFO: syy (9/2017): Updated existing record with 12 non-zero financial metrics
[2025-03-22 02:12:18,586] INFO: syy (12/2017): Updated existing record with 8 non-zero financial metrics
[2025-03-22 02:12:18,613] INFO: syy (3/2018): Updated existing record with 8 non-zero financial metrics
[2025-03-22 02:12:18,640] INFO: syy (6/2018): Updated existing record with 12 non-zero financial metrics
[2025-03-22 02:12:18,668] INFO: syy (9/2018): Updated existing record with 13 non-zero financial metrics
[2025-03-22 02:12:18,694] INFO: syy (12/2018): Updated existing record with 9 non-zero financial metrics
[2025-03-22 02:12:18,719] INFO: syy (3/2019): Updated existing record with 10 non-zero financial metrics
[2025-03-22 02:12:18,746] INFO: syy (6/2019): Updated existing record with 14 non-zero financial metrics
[2025-03-22 02:12:18,776] INFO: syy (9/2019): Updated existing record with 14 non-zero financial metrics
[2025-03-22 02:12:18,803] INFO: syy (12/2019): Updated existing record with 10 non-zero financial metrics
[2025-03-22 02:12:18,830] INFO: syy (3/2020): Updated existing record with 11 non-zero financial metrics
[2025-03-22 02:12:18,856] INFO: syy (6/2020): Updated existing record with 15 non-zero financial metrics
[2025-03-22 02:12:18,870] WARNING: syy (9/2020): Found zero values for fields: Share Repurchases
[2025-03-22 02:12:18,882] INFO: syy (9/2020): Updated existing record with 13 non-zero financial metrics
[2025-03-22 02:12:18,908] INFO: syy (12/2020): Updated existing record with 12 non-zero financial metrics
[2025-03-22 02:12:18,935] INFO: syy (3/2021): Updated existing record with 12 non-zero financial metrics
[2025-03-22 02:12:18,948] INFO: Trying adjusted date: 6/2021 (original: 7/2021)
[2025-03-22 02:12:18,961] INFO: Found existing row with adjusted date: 6/2021
[2025-03-22 02:12:18,961] WARNING: syy (6/2021): Found zero values for fields: Share Repurchases
[2025-03-22 02:12:18,974] INFO: syy (6/2021): Updated existing record with 14 non-zero financial metrics
[2025-03-22 02:12:18,987] INFO: Trying adjusted date: 9/2021 (original: 10/2021)
[2025-03-22 02:12:18,999] INFO: Found existing row with adjusted date: 9/2021
[2025-03-22 02:12:19,012] INFO: syy (9/2021): Updated existing record with 14 non-zero financial metrics
[2025-03-22 02:12:19,025] INFO: Trying adjusted date: 12/2021 (original: 1/2022)
[2025-03-22 02:12:19,037] INFO: Found existing row with adjusted date: 12/2021
[2025-03-22 02:12:19,049] INFO: syy (12/2021): Updated existing record with 11 non-zero financial metrics
[2025-03-22 02:12:19,063] INFO: Trying adjusted date: 3/2022 (original: 4/2022)
[2025-03-22 02:12:19,075] INFO: Found existing row with adjusted date: 3/2022
[2025-03-22 02:12:19,088] INFO: syy (3/2022): Updated existing record with 11 non-zero financial metrics
[2025-03-22 02:12:19,101] INFO: Trying adjusted date: 6/2022 (original: 7/2022)
[2025-03-22 02:12:19,113] INFO: Found existing row with adjusted date: 6/2022
[2025-03-22 02:12:19,126] INFO: syy (6/2022): Updated existing record with 15 non-zero financial metrics
[2025-03-22 02:12:19,141] INFO: Trying adjusted date: 9/2022 (original: 10/2022)
[2025-03-22 02:12:19,153] INFO: Found existing row with adjusted date: 9/2022
[2025-03-22 02:12:19,166] INFO: syy (9/2022): Updated existing record with 15 non-zero financial metrics
[2025-03-22 02:12:19,191] INFO: syy (12/2022): Updated existing record with 11 non-zero financial metrics
[2025-03-22 02:12:19,204] INFO: Trying adjusted date: 3/2023 (original: 4/2023)
[2025-03-22 02:12:19,216] INFO: Found existing row with adjusted date: 3/2023
[2025-03-22 02:12:19,229] INFO: syy (3/2023): Updated existing record with 11 non-zero financial metrics
[2025-03-22 02:12:19,242] INFO: Trying adjusted date: 6/2023 (original: 7/2023)
[2025-03-22 02:12:19,254] INFO: Found existing row with adjusted date: 6/2023
[2025-03-22 02:12:19,266] INFO: syy (6/2023): Updated existing record with 15 non-zero financial metrics
[2025-03-22 02:12:19,292] INFO: syy (9/2023): Updated existing record with 15 non-zero financial metrics
[2025-03-22 02:12:19,317] INFO: syy (12/2023): Updated existing record with 11 non-zero financial metrics
[2025-03-22 02:12:19,343] INFO: syy (3/2024): Updated existing record with 11 non-zero financial metrics
[2025-03-22 02:12:19,368] INFO: syy (6/2024): Updated existing record with 15 non-zero financial metrics
[2025-03-22 02:12:19,394] INFO: syy (9/2024): Updated existing record with 15 non-zero financial metrics
[2025-03-22 02:12:19,421] INFO: syy (12/2024): Updated existing record with 11 non-zero financial metrics
