[2025-03-21 22:55:45,170] INFO: Trying adjusted date: 4/2010 (original: 3/2010)
[2025-03-21 22:55:45,181] WARNING: t (3/2010): No existing record found(3/2010, 2010-03-31) - creating new one
[2025-03-21 22:55:45,181] INFO: t (3/2010): Created new record with 0 non-zero financial metrics
[2025-03-21 22:55:45,193] INFO: Trying adjusted date: 7/2010 (original: 6/2010)
[2025-03-21 22:55:45,205] WARNING: t (6/2010): No existing record found(6/2010, 2010-06-30) - creating new one
[2025-03-21 22:55:45,206] INFO: t (6/2010): Created new record with 0 non-zero financial metrics
[2025-03-21 22:55:45,218] INFO: Trying adjusted date: 10/2010 (original: 9/2010)
[2025-03-21 22:55:45,230] WARNING: t (9/2010): No existing record found(9/2010, 2010-09-30) - creating new one
[2025-03-21 22:55:45,230] INFO: t (9/2010): Created new record with 0 non-zero financial metrics
[2025-03-21 22:55:45,243] INFO: Trying adjusted date: 1/2011 (original: 12/2010)
[2025-03-21 22:55:45,254] WARNING: t (12/2010): No existing record found(12/2010, 2010-12-31) - creating new one
[2025-03-21 22:55:45,255] INFO: t (12/2010): Created new record with 0 non-zero financial metrics
[2025-03-21 22:55:45,267] INFO: Trying adjusted date: 4/2011 (original: 3/2011)
[2025-03-21 22:55:45,279] WARNING: t (3/2011): No existing record found(3/2011, 2011-03-31) - creating new one
[2025-03-21 22:55:45,279] INFO: t (3/2011): Created new record with 0 non-zero financial metrics
[2025-03-21 22:55:45,291] INFO: Trying adjusted date: 7/2011 (original: 6/2011)
[2025-03-21 22:55:45,303] WARNING: t (6/2011): No existing record found(6/2011, 2011-06-30) - creating new one
[2025-03-21 22:55:45,303] INFO: t (6/2011): Created new record with 11 non-zero financial metrics
[2025-03-21 22:55:45,316] INFO: Trying adjusted date: 10/2011 (original: 9/2011)
[2025-03-21 22:55:45,327] WARNING: t (9/2011): No existing record found(9/2011, 2011-09-30) - creating new one
[2025-03-21 22:55:45,328] INFO: t (9/2011): Created new record with 11 non-zero financial metrics
[2025-03-21 22:55:45,340] INFO: Trying adjusted date: 1/2012 (original: 12/2011)
[2025-03-21 22:55:45,351] WARNING: t (12/2011): No existing record found(12/2011, 2011-12-31) - creating new one
[2025-03-21 22:55:45,351] INFO: t (12/2011): Created new record with 17 non-zero financial metrics
[2025-03-21 22:55:45,364] INFO: Trying adjusted date: 4/2012 (original: 3/2012)
[2025-03-21 22:55:45,375] WARNING: t (3/2012): No existing record found(3/2012, 2012-03-31) - creating new one
[2025-03-21 22:55:45,375] INFO: t (3/2012): Created new record with 15 non-zero financial metrics
[2025-03-21 22:55:45,388] INFO: Trying adjusted date: 7/2012 (original: 6/2012)
[2025-03-21 22:55:45,399] WARNING: t (6/2012): No existing record found(6/2012, 2012-06-30) - creating new one
[2025-03-21 22:55:45,399] INFO: t (6/2012): Created new record with 11 non-zero financial metrics
[2025-03-21 22:55:45,422] INFO: t (9/2012): Updated existing record with 11 non-zero financial metrics
[2025-03-21 22:55:45,446] INFO: t (12/2012): Updated existing record with 15 non-zero financial metrics
[2025-03-21 22:55:45,470] INFO: t (3/2013): Updated existing record with 15 non-zero financial metrics
[2025-03-21 22:55:45,493] INFO: t (6/2013): Updated existing record with 0 non-zero financial metrics
[2025-03-21 22:55:45,517] INFO: t (9/2013): Updated existing record with 11 non-zero financial metrics
[2025-03-21 22:55:45,541] INFO: t (12/2013): Updated existing record with 17 non-zero financial metrics
[2025-03-21 22:55:45,566] INFO: t (3/2014): Updated existing record with 15 non-zero financial metrics
[2025-03-21 22:55:45,592] INFO: t (6/2014): Updated existing record with 11 non-zero financial metrics
[2025-03-21 22:55:45,616] INFO: t (9/2014): Updated existing record with 0 non-zero financial metrics
[2025-03-21 22:55:45,639] INFO: t (12/2014): Updated existing record with 17 non-zero financial metrics
[2025-03-21 22:55:45,651] WARNING: t (3/2015): Found zero values for fields: Share Repurchases
[2025-03-21 22:55:45,663] INFO: t (3/2015): Updated existing record with 14 non-zero financial metrics
[2025-03-21 22:55:45,687] INFO: t (6/2015): Updated existing record with 11 non-zero financial metrics
[2025-03-21 22:55:45,699] INFO: Trying adjusted date: 11/2015 (original: 10/2015)
[2025-03-21 22:55:45,711] WARNING: t (10/2015): No existing record found(10/2015, 2015-10-28) - creating new one
[2025-03-21 22:55:45,711] INFO: t (10/2015): Created new record with 0 non-zero financial metrics
[2025-03-21 22:55:45,734] INFO: t (12/2015): Updated existing record with 17 non-zero financial metrics
[2025-03-21 22:55:45,758] INFO: t (3/2016): Updated existing record with 13 non-zero financial metrics
[2025-03-21 22:55:45,781] INFO: t (6/2016): Updated existing record with 10 non-zero financial metrics
[2025-03-21 22:55:45,807] INFO: t (9/2016): Updated existing record with 10 non-zero financial metrics
[2025-03-21 22:55:45,831] INFO: t (12/2016): Updated existing record with 14 non-zero financial metrics
[2025-03-21 22:55:45,854] INFO: t (3/2017): Updated existing record with 11 non-zero financial metrics
[2025-03-21 22:55:45,879] INFO: t (6/2017): Updated existing record with 10 non-zero financial metrics
[2025-03-21 22:55:45,903] INFO: t (9/2017): Updated existing record with 10 non-zero financial metrics
[2025-03-21 22:55:45,927] INFO: t (12/2017): Updated existing record with 16 non-zero financial metrics
[2025-03-21 22:55:45,952] INFO: t (3/2018): Updated existing record with 12 non-zero financial metrics
[2025-03-21 22:55:45,976] INFO: t (6/2018): Updated existing record with 12 non-zero financial metrics
[2025-03-21 22:55:46,001] INFO: t (9/2018): Updated existing record with 13 non-zero financial metrics
[2025-03-21 22:55:46,027] INFO: t (12/2018): Updated existing record with 16 non-zero financial metrics
[2025-03-21 22:55:46,051] INFO: t (3/2019): Updated existing record with 15 non-zero financial metrics
[2025-03-21 22:55:46,078] INFO: t (6/2019): Updated existing record with 11 non-zero financial metrics
[2025-03-21 22:55:46,104] INFO: t (9/2019): Updated existing record with 11 non-zero financial metrics
[2025-03-21 22:55:46,128] INFO: t (12/2019): Updated existing record with 16 non-zero financial metrics
[2025-03-21 22:55:46,153] INFO: t (3/2020): Updated existing record with 14 non-zero financial metrics
[2025-03-21 22:55:46,176] INFO: t (6/2020): Updated existing record with 12 non-zero financial metrics
[2025-03-21 22:55:46,200] INFO: t (9/2020): Updated existing record with 12 non-zero financial metrics
[2025-03-21 22:55:46,225] INFO: t (12/2020): Updated existing record with 17 non-zero financial metrics
[2025-03-21 22:55:46,249] INFO: t (3/2021): Updated existing record with 16 non-zero financial metrics
[2025-03-21 22:55:46,274] INFO: t (6/2021): Updated existing record with 12 non-zero financial metrics
[2025-03-21 22:55:46,297] INFO: t (9/2021): Updated existing record with 12 non-zero financial metrics
[2025-03-21 22:55:46,321] INFO: t (12/2021): Updated existing record with 16 non-zero financial metrics
[2025-03-21 22:55:46,345] INFO: t (3/2022): Updated existing record with 15 non-zero financial metrics
[2025-03-21 22:55:46,372] INFO: t (6/2022): Updated existing record with 11 non-zero financial metrics
[2025-03-21 22:55:46,398] INFO: t (9/2022): Updated existing record with 11 non-zero financial metrics
[2025-03-21 22:55:46,425] INFO: t (12/2022): Updated existing record with 13 non-zero financial metrics
[2025-03-21 22:55:46,451] INFO: t (3/2023): Updated existing record with 13 non-zero financial metrics
[2025-03-21 22:55:46,475] INFO: t (6/2023): Updated existing record with 12 non-zero financial metrics
[2025-03-21 22:55:46,499] INFO: t (9/2023): Updated existing record with 13 non-zero financial metrics
[2025-03-21 22:55:46,523] INFO: t (12/2023): Updated existing record with 13 non-zero financial metrics
[2025-03-21 22:55:46,547] INFO: t (3/2024): Updated existing record with 16 non-zero financial metrics
[2025-03-21 22:55:46,571] INFO: t (6/2024): Updated existing record with 12 non-zero financial metrics
[2025-03-21 22:55:46,595] INFO: t (9/2024): Updated existing record with 11 non-zero financial metrics
[2025-03-21 22:55:46,619] INFO: t (12/2024): Updated existing record with 12 non-zero financial metrics
