[2025-03-22 08:04:58,014] INFO: Trying adjusted date: 6/2010 (original: 7/2010)
[2025-03-22 08:04:58,027] WARNING: ter (7/2010): No existing record found(7/2010, 2010-07-04) - creating new one
[2025-03-22 08:04:58,028] INFO: ter (7/2010): Created new record with 0 non-zero financial metrics
[2025-03-22 08:04:58,043] INFO: Trying adjusted date: 9/2010 (original: 10/2010)
[2025-03-22 08:04:58,056] WARNING: ter (10/2010): No existing record found(10/2010, 2010-10-03) - creating new one
[2025-03-22 08:04:58,056] INFO: ter (10/2010): Created new record with 0 non-zero financial metrics
[2025-03-22 08:04:58,071] INFO: Trying adjusted date: 1/2011 (original: 12/2010)
[2025-03-22 08:04:58,085] WARNING: ter (12/2010): No existing record found(12/2010, 2010-12-31) - creating new one
[2025-03-22 08:04:58,085] INFO: ter (12/2010): Created new record with 0 non-zero financial metrics
[2025-03-22 08:04:58,101] INFO: Trying adjusted date: 3/2011 (original: 4/2011)
[2025-03-22 08:04:58,114] WARNING: ter (4/2011): No existing record found(4/2011, 2011-04-03) - creating new one
[2025-03-22 08:04:58,115] INFO: ter (4/2011): Created new record with 0 non-zero financial metrics
[2025-03-22 08:04:58,130] INFO: Trying adjusted date: 6/2011 (original: 7/2011)
[2025-03-22 08:04:58,143] WARNING: ter (7/2011): No existing record found(7/2011, 2011-07-03) - creating new one
[2025-03-22 08:04:58,144] INFO: ter (7/2011): Created new record with 14 non-zero financial metrics
[2025-03-22 08:04:58,159] INFO: Trying adjusted date: 9/2011 (original: 10/2011)
[2025-03-22 08:04:58,172] WARNING: ter (10/2011): No existing record found(10/2011, 2011-10-02) - creating new one
[2025-03-22 08:04:58,172] INFO: ter (10/2011): Created new record with 14 non-zero financial metrics
[2025-03-22 08:04:58,187] INFO: Trying adjusted date: 1/2012 (original: 12/2011)
[2025-03-22 08:04:58,200] WARNING: ter (12/2011): No existing record found(12/2011, 2011-12-30) - creating new one
[2025-03-22 08:04:58,201] INFO: ter (12/2011): Created new record with 21 non-zero financial metrics
[2025-03-22 08:04:58,216] INFO: Trying adjusted date: 3/2012 (original: 4/2012)
[2025-03-22 08:04:58,230] WARNING: ter (4/2012): No existing record found(4/2012, 2012-04-01) - creating new one
[2025-03-22 08:04:58,230] INFO: ter (4/2012): Created new record with 19 non-zero financial metrics
[2025-03-22 08:04:58,245] INFO: Trying adjusted date: 6/2012 (original: 7/2012)
[2025-03-22 08:04:58,258] WARNING: ter (7/2012): No existing record found(7/2012, 2012-07-01) - creating new one
[2025-03-22 08:04:58,258] INFO: ter (7/2012): Created new record with 15 non-zero financial metrics
[2025-03-22 08:04:58,285] INFO: ter (9/2012): Updated existing record with 15 non-zero financial metrics
[2025-03-22 08:04:58,314] INFO: ter (12/2012): Updated existing record with 20 non-zero financial metrics
[2025-03-22 08:04:58,342] INFO: ter (3/2013): Updated existing record with 18 non-zero financial metrics
[2025-03-22 08:04:58,369] INFO: ter (6/2013): Updated existing record with 0 non-zero financial metrics
[2025-03-22 08:04:58,399] INFO: ter (9/2013): Updated existing record with 15 non-zero financial metrics
[2025-03-22 08:04:58,428] INFO: ter (12/2013): Updated existing record with 19 non-zero financial metrics
[2025-03-22 08:04:58,444] WARNING: ter (3/2014): Found zero values for fields: EPS Diluted
[2025-03-22 08:04:58,457] INFO: ter (3/2014): Updated existing record with 15 non-zero financial metrics
[2025-03-22 08:04:58,472] WARNING: ter (6/2014): Found zero values for fields: Interest Expense
[2025-03-22 08:04:58,485] INFO: ter (6/2014): Updated existing record with 14 non-zero financial metrics
[2025-03-22 08:04:58,500] WARNING: ter (9/2014): Found zero values for fields: Interest Expense
[2025-03-22 08:04:58,516] INFO: ter (9/2014): Updated existing record with 14 non-zero financial metrics
[2025-03-22 08:04:58,531] WARNING: ter (12/2014): Found zero values for fields: Long Term Debt
[2025-03-22 08:04:58,544] INFO: ter (12/2014): Updated existing record with 16 non-zero financial metrics
[2025-03-22 08:04:58,559] INFO: Trying adjusted date: 3/2015 (original: 4/2015)
[2025-03-22 08:04:58,572] INFO: Found existing row with adjusted date: 3/2015
[2025-03-22 08:04:58,585] INFO: ter (3/2015): Updated existing record with 17 non-zero financial metrics
[2025-03-22 08:04:58,601] INFO: Trying adjusted date: 6/2015 (original: 7/2015)
[2025-03-22 08:04:58,614] INFO: Found existing row with adjusted date: 6/2015
[2025-03-22 08:04:58,627] INFO: ter (6/2015): Updated existing record with 15 non-zero financial metrics
[2025-03-22 08:04:58,642] INFO: Trying adjusted date: 9/2015 (original: 10/2015)
[2025-03-22 08:04:58,654] INFO: Found existing row with adjusted date: 9/2015
[2025-03-22 08:04:58,667] INFO: ter (9/2015): Updated existing record with 15 non-zero financial metrics
[2025-03-22 08:04:58,696] INFO: ter (12/2015): Updated existing record with 17 non-zero financial metrics
[2025-03-22 08:04:58,711] INFO: Trying adjusted date: 3/2016 (original: 4/2016)
[2025-03-22 08:04:58,723] INFO: Found existing row with adjusted date: 3/2016
[2025-03-22 08:04:58,736] INFO: ter (3/2016): Updated existing record with 17 non-zero financial metrics
[2025-03-22 08:04:58,751] INFO: Trying adjusted date: 6/2016 (original: 7/2016)
[2025-03-22 08:04:58,764] INFO: Found existing row with adjusted date: 6/2016
[2025-03-22 08:04:58,776] INFO: ter (6/2016): Updated existing record with 15 non-zero financial metrics
[2025-03-22 08:04:58,791] INFO: Trying adjusted date: 9/2016 (original: 10/2016)
[2025-03-22 08:04:58,803] INFO: Found existing row with adjusted date: 9/2016
[2025-03-22 08:04:58,816] INFO: ter (9/2016): Updated existing record with 15 non-zero financial metrics
[2025-03-22 08:04:58,843] INFO: ter (12/2016): Updated existing record with 17 non-zero financial metrics
[2025-03-22 08:04:58,858] INFO: Trying adjusted date: 3/2017 (original: 4/2017)
[2025-03-22 08:04:58,871] INFO: Found existing row with adjusted date: 3/2017
[2025-03-22 08:04:58,884] INFO: ter (3/2017): Updated existing record with 17 non-zero financial metrics
[2025-03-22 08:04:58,899] INFO: Trying adjusted date: 6/2017 (original: 7/2017)
[2025-03-22 08:04:58,911] INFO: Found existing row with adjusted date: 6/2017
[2025-03-22 08:04:58,925] INFO: ter (6/2017): Updated existing record with 15 non-zero financial metrics
[2025-03-22 08:04:58,940] INFO: Trying adjusted date: 9/2017 (original: 10/2017)
[2025-03-22 08:04:58,953] INFO: Found existing row with adjusted date: 9/2017
[2025-03-22 08:04:58,965] INFO: ter (9/2017): Updated existing record with 15 non-zero financial metrics
[2025-03-22 08:04:58,993] INFO: ter (12/2017): Updated existing record with 17 non-zero financial metrics
[2025-03-22 08:04:59,008] INFO: Trying adjusted date: 3/2018 (original: 4/2018)
[2025-03-22 08:04:59,021] INFO: Found existing row with adjusted date: 3/2018
[2025-03-22 08:04:59,034] INFO: ter (3/2018): Updated existing record with 17 non-zero financial metrics
[2025-03-22 08:04:59,049] INFO: Trying adjusted date: 6/2018 (original: 7/2018)
[2025-03-22 08:04:59,063] INFO: Found existing row with adjusted date: 6/2018
[2025-03-22 08:04:59,075] INFO: ter (6/2018): Updated existing record with 15 non-zero financial metrics
[2025-03-22 08:04:59,102] INFO: ter (9/2018): Updated existing record with 15 non-zero financial metrics
[2025-03-22 08:04:59,129] INFO: ter (12/2018): Updated existing record with 20 non-zero financial metrics
[2025-03-22 08:04:59,157] INFO: ter (3/2019): Updated existing record with 20 non-zero financial metrics
[2025-03-22 08:04:59,186] INFO: ter (6/2019): Updated existing record with 15 non-zero financial metrics
[2025-03-22 08:04:59,214] INFO: ter (9/2019): Updated existing record with 15 non-zero financial metrics
[2025-03-22 08:04:59,243] INFO: ter (12/2019): Updated existing record with 20 non-zero financial metrics
[2025-03-22 08:04:59,271] INFO: ter (3/2020): Updated existing record with 20 non-zero financial metrics
[2025-03-22 08:04:59,300] INFO: ter (6/2020): Updated existing record with 15 non-zero financial metrics
[2025-03-22 08:04:59,329] INFO: ter (9/2020): Updated existing record with 15 non-zero financial metrics
[2025-03-22 08:04:59,357] INFO: ter (12/2020): Updated existing record with 20 non-zero financial metrics
[2025-03-22 08:04:59,375] INFO: Trying adjusted date: 3/2021 (original: 4/2021)
[2025-03-22 08:04:59,389] INFO: Found existing row with adjusted date: 3/2021
[2025-03-22 08:04:59,403] INFO: ter (3/2021): Updated existing record with 20 non-zero financial metrics
[2025-03-22 08:04:59,418] INFO: Trying adjusted date: 6/2021 (original: 7/2021)
[2025-03-22 08:04:59,431] INFO: Found existing row with adjusted date: 6/2021
[2025-03-22 08:04:59,445] INFO: ter (6/2021): Updated existing record with 15 non-zero financial metrics
[2025-03-22 08:04:59,462] INFO: Trying adjusted date: 9/2021 (original: 10/2021)
[2025-03-22 08:04:59,475] INFO: Found existing row with adjusted date: 9/2021
[2025-03-22 08:04:59,487] INFO: ter (9/2021): Updated existing record with 15 non-zero financial metrics
[2025-03-22 08:04:59,515] INFO: ter (12/2021): Updated existing record with 20 non-zero financial metrics
[2025-03-22 08:04:59,532] INFO: Trying adjusted date: 3/2022 (original: 4/2022)
[2025-03-22 08:04:59,546] INFO: Found existing row with adjusted date: 3/2022
[2025-03-22 08:04:59,560] INFO: ter (3/2022): Updated existing record with 20 non-zero financial metrics
[2025-03-22 08:04:59,578] INFO: Trying adjusted date: 6/2022 (original: 7/2022)
[2025-03-22 08:04:59,591] INFO: Found existing row with adjusted date: 6/2022
[2025-03-22 08:04:59,605] INFO: ter (6/2022): Updated existing record with 15 non-zero financial metrics
[2025-03-22 08:04:59,620] INFO: Trying adjusted date: 9/2022 (original: 10/2022)
[2025-03-22 08:04:59,633] INFO: Found existing row with adjusted date: 9/2022
[2025-03-22 08:04:59,647] INFO: ter (9/2022): Updated existing record with 15 non-zero financial metrics
[2025-03-22 08:04:59,675] INFO: ter (12/2022): Updated existing record with 20 non-zero financial metrics
[2025-03-22 08:04:59,690] INFO: Trying adjusted date: 3/2023 (original: 4/2023)
[2025-03-22 08:04:59,704] INFO: Found existing row with adjusted date: 3/2023
[2025-03-22 08:04:59,717] INFO: ter (3/2023): Updated existing record with 20 non-zero financial metrics
[2025-03-22 08:04:59,731] INFO: Trying adjusted date: 6/2023 (original: 7/2023)
[2025-03-22 08:04:59,745] INFO: Found existing row with adjusted date: 6/2023
[2025-03-22 08:04:59,757] INFO: ter (6/2023): Updated existing record with 15 non-zero financial metrics
[2025-03-22 08:04:59,773] INFO: Trying adjusted date: 9/2023 (original: 10/2023)
[2025-03-22 08:04:59,785] INFO: Found existing row with adjusted date: 9/2023
[2025-03-22 08:04:59,798] INFO: ter (9/2023): Updated existing record with 15 non-zero financial metrics
[2025-03-22 08:04:59,825] INFO: ter (12/2023): Updated existing record with 20 non-zero financial metrics
[2025-03-22 08:04:59,851] INFO: ter (3/2024): Updated existing record with 20 non-zero financial metrics
[2025-03-22 08:04:59,879] INFO: ter (6/2024): Updated existing record with 15 non-zero financial metrics
[2025-03-22 08:04:59,907] INFO: ter (9/2024): Updated existing record with 15 non-zero financial metrics
[2025-03-22 08:04:59,935] INFO: ter (12/2024): Updated existing record with 22 non-zero financial metrics
