[2025-03-22 00:27:04,777] INFO: Trying adjusted date: 4/2010 (original: 3/2010)
[2025-03-22 00:27:04,788] WARNING: tfc (3/2010): No existing record found(3/2010, 2010-03-31) - creating new one
[2025-03-22 00:27:04,789] INFO: tfc (3/2010): Created new record with 14 non-zero financial metrics
[2025-03-22 00:27:04,804] INFO: Trying adjusted date: 10/2010 (original: 9/2010)
[2025-03-22 00:27:04,816] WARNING: tfc (9/2010): No existing record found(9/2010, 2010-09-30) - creating new one
[2025-03-22 00:27:04,817] INFO: tfc (9/2010): Created new record with 10 non-zero financial metrics
[2025-03-22 00:27:04,832] INFO: Trying adjusted date: 1/2011 (original: 12/2010)
[2025-03-22 00:27:04,844] WARNING: tfc (12/2010): No existing record found(12/2010, 2010-12-31) - creating new one
[2025-03-22 00:27:04,845] INFO: tfc (12/2010): Created new record with 14 non-zero financial metrics
[2025-03-22 00:27:04,859] INFO: Trying adjusted date: 4/2011 (original: 3/2011)
[2025-03-22 00:27:04,871] WARNING: tfc (3/2011): No existing record found(3/2011, 2011-03-31) - creating new one
[2025-03-22 00:27:04,871] INFO: tfc (3/2011): Created new record with 14 non-zero financial metrics
[2025-03-22 00:27:04,884] INFO: Trying adjusted date: 7/2011 (original: 6/2011)
[2025-03-22 00:27:04,897] WARNING: tfc (6/2011): No existing record found(6/2011, 2011-06-30) - creating new one
[2025-03-22 00:27:04,898] INFO: tfc (6/2011): Created new record with 10 non-zero financial metrics
[2025-03-22 00:27:04,915] INFO: Trying adjusted date: 10/2011 (original: 9/2011)
[2025-03-22 00:27:04,927] WARNING: tfc (9/2011): No existing record found(9/2011, 2011-09-30) - creating new one
[2025-03-22 00:27:04,927] INFO: tfc (9/2011): Created new record with 10 non-zero financial metrics
[2025-03-22 00:27:04,941] INFO: Trying adjusted date: 1/2012 (original: 12/2011)
[2025-03-22 00:27:04,953] WARNING: tfc (12/2011): No existing record found(12/2011, 2011-12-31) - creating new one
[2025-03-22 00:27:04,953] INFO: tfc (12/2011): Created new record with 14 non-zero financial metrics
[2025-03-22 00:27:04,967] INFO: Trying adjusted date: 4/2012 (original: 3/2012)
[2025-03-22 00:27:04,979] WARNING: tfc (3/2012): No existing record found(3/2012, 2012-03-31) - creating new one
[2025-03-22 00:27:04,979] INFO: tfc (3/2012): Created new record with 14 non-zero financial metrics
[2025-03-22 00:27:04,993] INFO: Trying adjusted date: 7/2012 (original: 6/2012)
[2025-03-22 00:27:05,005] WARNING: tfc (6/2012): No existing record found(6/2012, 2012-06-30) - creating new one
[2025-03-22 00:27:05,005] INFO: tfc (6/2012): Created new record with 10 non-zero financial metrics
[2025-03-22 00:27:05,018] INFO: Trying adjusted date: 10/2012 (original: 9/2012)
[2025-03-22 00:27:05,031] WARNING: tfc (9/2012): No existing record found(9/2012, 2012-09-30) - creating new one
[2025-03-22 00:27:05,031] INFO: tfc (9/2012): Created new record with 10 non-zero financial metrics
[2025-03-22 00:27:05,045] INFO: Trying adjusted date: 1/2013 (original: 12/2012)
[2025-03-22 00:27:05,057] WARNING: tfc (12/2012): No existing record found(12/2012, 2012-12-31) - creating new one
[2025-03-22 00:27:05,058] INFO: tfc (12/2012): Created new record with 14 non-zero financial metrics
[2025-03-22 00:27:05,071] INFO: Trying adjusted date: 4/2013 (original: 3/2013)
[2025-03-22 00:27:05,083] WARNING: tfc (3/2013): No existing record found(3/2013, 2013-03-31) - creating new one
[2025-03-22 00:27:05,084] INFO: tfc (3/2013): Created new record with 14 non-zero financial metrics
[2025-03-22 00:27:05,097] INFO: Trying adjusted date: 7/2013 (original: 6/2013)
[2025-03-22 00:27:05,109] WARNING: tfc (6/2013): No existing record found(6/2013, 2013-06-30) - creating new one
[2025-03-22 00:27:05,110] INFO: tfc (6/2013): Created new record with 10 non-zero financial metrics
[2025-03-22 00:27:05,123] INFO: Trying adjusted date: 10/2013 (original: 9/2013)
[2025-03-22 00:27:05,135] WARNING: tfc (9/2013): No existing record found(9/2013, 2013-09-30) - creating new one
[2025-03-22 00:27:05,136] INFO: tfc (9/2013): Created new record with 10 non-zero financial metrics
[2025-03-22 00:27:05,149] INFO: Trying adjusted date: 1/2014 (original: 12/2013)
[2025-03-22 00:27:05,162] WARNING: tfc (12/2013): No existing record found(12/2013, 2013-12-31) - creating new one
[2025-03-22 00:27:05,162] INFO: tfc (12/2013): Created new record with 13 non-zero financial metrics
[2025-03-22 00:27:05,176] INFO: Trying adjusted date: 4/2014 (original: 3/2014)
[2025-03-22 00:27:05,188] WARNING: tfc (3/2014): No existing record found(3/2014, 2014-03-31) - creating new one
[2025-03-22 00:27:05,188] INFO: tfc (3/2014): Created new record with 13 non-zero financial metrics
[2025-03-22 00:27:05,201] INFO: Trying adjusted date: 7/2014 (original: 6/2014)
[2025-03-22 00:27:05,214] WARNING: tfc (6/2014): No existing record found(6/2014, 2014-06-30) - creating new one
[2025-03-22 00:27:05,215] INFO: tfc (6/2014): Created new record with 10 non-zero financial metrics
[2025-03-22 00:27:05,227] INFO: Trying adjusted date: 10/2014 (original: 9/2014)
[2025-03-22 00:27:05,240] WARNING: tfc (9/2014): No existing record found(9/2014, 2014-09-30) - creating new one
[2025-03-22 00:27:05,240] INFO: tfc (9/2014): Created new record with 10 non-zero financial metrics
[2025-03-22 00:27:05,254] INFO: Trying adjusted date: 1/2015 (original: 12/2014)
[2025-03-22 00:27:05,266] WARNING: tfc (12/2014): No existing record found(12/2014, 2014-12-31) - creating new one
[2025-03-22 00:27:05,266] INFO: tfc (12/2014): Created new record with 13 non-zero financial metrics
[2025-03-22 00:27:05,279] INFO: Trying adjusted date: 4/2015 (original: 3/2015)
[2025-03-22 00:27:05,292] WARNING: tfc (3/2015): No existing record found(3/2015, 2015-03-31) - creating new one
[2025-03-22 00:27:05,292] INFO: tfc (3/2015): Created new record with 13 non-zero financial metrics
[2025-03-22 00:27:05,305] INFO: Trying adjusted date: 7/2015 (original: 6/2015)
[2025-03-22 00:27:05,317] WARNING: tfc (6/2015): No existing record found(6/2015, 2015-06-30) - creating new one
[2025-03-22 00:27:05,318] INFO: tfc (6/2015): Created new record with 10 non-zero financial metrics
[2025-03-22 00:27:05,331] INFO: Trying adjusted date: 10/2015 (original: 9/2015)
[2025-03-22 00:27:05,343] WARNING: tfc (9/2015): No existing record found(9/2015, 2015-09-30) - creating new one
[2025-03-22 00:27:05,344] INFO: tfc (9/2015): Created new record with 10 non-zero financial metrics
[2025-03-22 00:27:05,357] INFO: Trying adjusted date: 1/2016 (original: 12/2015)
[2025-03-22 00:27:05,369] WARNING: tfc (12/2015): No existing record found(12/2015, 2015-12-31) - creating new one
[2025-03-22 00:27:05,370] INFO: tfc (12/2015): Created new record with 14 non-zero financial metrics
[2025-03-22 00:27:05,385] INFO: Trying adjusted date: 4/2016 (original: 3/2016)
[2025-03-22 00:27:05,397] WARNING: tfc (3/2016): No existing record found(3/2016, 2016-03-31) - creating new one
[2025-03-22 00:27:05,397] INFO: tfc (3/2016): Created new record with 13 non-zero financial metrics
[2025-03-22 00:27:05,410] INFO: Trying adjusted date: 7/2016 (original: 6/2016)
[2025-03-22 00:27:05,423] WARNING: tfc (6/2016): No existing record found(6/2016, 2016-06-30) - creating new one
[2025-03-22 00:27:05,423] INFO: tfc (6/2016): Created new record with 10 non-zero financial metrics
[2025-03-22 00:27:05,439] INFO: Trying adjusted date: 10/2016 (original: 9/2016)
[2025-03-22 00:27:05,451] WARNING: tfc (9/2016): No existing record found(9/2016, 2016-09-30) - creating new one
[2025-03-22 00:27:05,452] INFO: tfc (9/2016): Created new record with 10 non-zero financial metrics
[2025-03-22 00:27:05,465] INFO: Trying adjusted date: 1/2017 (original: 12/2016)
[2025-03-22 00:27:05,478] WARNING: tfc (12/2016): No existing record found(12/2016, 2016-12-31) - creating new one
[2025-03-22 00:27:05,478] INFO: tfc (12/2016): Created new record with 14 non-zero financial metrics
[2025-03-22 00:27:05,492] INFO: Trying adjusted date: 4/2017 (original: 3/2017)
[2025-03-22 00:27:05,504] WARNING: tfc (3/2017): No existing record found(3/2017, 2017-03-31) - creating new one
[2025-03-22 00:27:05,505] INFO: tfc (3/2017): Created new record with 15 non-zero financial metrics
[2025-03-22 00:27:05,524] INFO: Trying adjusted date: 7/2017 (original: 6/2017)
[2025-03-22 00:27:05,536] WARNING: tfc (6/2017): No existing record found(6/2017, 2017-06-30) - creating new one
[2025-03-22 00:27:05,537] INFO: tfc (6/2017): Created new record with 11 non-zero financial metrics
[2025-03-22 00:27:05,550] INFO: Trying adjusted date: 10/2017 (original: 9/2017)
[2025-03-22 00:27:05,563] WARNING: tfc (9/2017): No existing record found(9/2017, 2017-09-30) - creating new one
[2025-03-22 00:27:05,563] INFO: tfc (9/2017): Created new record with 11 non-zero financial metrics
[2025-03-22 00:27:05,577] INFO: Trying adjusted date: 1/2018 (original: 12/2017)
[2025-03-22 00:27:05,590] WARNING: tfc (12/2017): No existing record found(12/2017, 2017-12-31) - creating new one
[2025-03-22 00:27:05,590] INFO: tfc (12/2017): Created new record with 15 non-zero financial metrics
[2025-03-22 00:27:05,603] INFO: Trying adjusted date: 4/2018 (original: 3/2018)
[2025-03-22 00:27:05,615] WARNING: tfc (3/2018): No existing record found(3/2018, 2018-03-31) - creating new one
[2025-03-22 00:27:05,616] INFO: tfc (3/2018): Created new record with 15 non-zero financial metrics
[2025-03-22 00:27:05,629] INFO: Trying adjusted date: 7/2018 (original: 6/2018)
[2025-03-22 00:27:05,641] WARNING: tfc (6/2018): No existing record found(6/2018, 2018-06-30) - creating new one
[2025-03-22 00:27:05,641] INFO: tfc (6/2018): Created new record with 11 non-zero financial metrics
[2025-03-22 00:27:05,655] INFO: Trying adjusted date: 10/2018 (original: 9/2018)
[2025-03-22 00:27:05,667] WARNING: tfc (9/2018): No existing record found(9/2018, 2018-09-30) - creating new one
[2025-03-22 00:27:05,667] INFO: tfc (9/2018): Created new record with 11 non-zero financial metrics
[2025-03-22 00:27:05,682] INFO: Trying adjusted date: 1/2019 (original: 12/2018)
[2025-03-22 00:27:05,695] WARNING: tfc (12/2018): No existing record found(12/2018, 2018-12-31) - creating new one
[2025-03-22 00:27:05,696] INFO: tfc (12/2018): Created new record with 15 non-zero financial metrics
[2025-03-22 00:27:05,709] INFO: Trying adjusted date: 4/2019 (original: 3/2019)
[2025-03-22 00:27:05,721] WARNING: tfc (3/2019): Found zero values for fields: Share Repurchases
[2025-03-22 00:27:05,721] WARNING: tfc (3/2019): No existing record found(3/2019, 2019-03-31) - creating new one
[2025-03-22 00:27:05,721] INFO: tfc (3/2019): Created new record with 14 non-zero financial metrics
[2025-03-22 00:27:05,734] INFO: Trying adjusted date: 7/2019 (original: 6/2019)
[2025-03-22 00:27:05,747] WARNING: tfc (6/2019): No existing record found(6/2019, 2019-06-30) - creating new one
[2025-03-22 00:27:05,747] INFO: tfc (6/2019): Created new record with 11 non-zero financial metrics
[2025-03-22 00:27:05,761] INFO: Trying adjusted date: 10/2019 (original: 9/2019)
[2025-03-22 00:27:05,773] WARNING: tfc (9/2019): No existing record found(9/2019, 2019-09-30) - creating new one
[2025-03-22 00:27:05,773] INFO: tfc (9/2019): Created new record with 11 non-zero financial metrics
[2025-03-22 00:27:05,787] WARNING: tfc (12/2019): Found zero values for fields: Share Repurchases
[2025-03-22 00:27:05,799] INFO: tfc (12/2019): Updated existing record with 14 non-zero financial metrics
[2025-03-22 00:27:05,825] INFO: tfc (3/2020): Updated existing record with 13 non-zero financial metrics
[2025-03-22 00:27:05,850] INFO: tfc (6/2020): Updated existing record with 10 non-zero financial metrics
[2025-03-22 00:27:05,875] INFO: tfc (9/2020): Updated existing record with 10 non-zero financial metrics
[2025-03-22 00:27:05,888] WARNING: tfc (12/2020): Found zero values for fields: Share Repurchases
[2025-03-22 00:27:05,900] INFO: tfc (12/2020): Updated existing record with 15 non-zero financial metrics
[2025-03-22 00:27:05,926] INFO: tfc (3/2021): Updated existing record with 15 non-zero financial metrics
[2025-03-22 00:27:05,954] INFO: tfc (6/2021): Updated existing record with 10 non-zero financial metrics
[2025-03-22 00:27:05,980] INFO: tfc (9/2021): Updated existing record with 10 non-zero financial metrics
[2025-03-22 00:27:06,006] INFO: tfc (12/2021): Updated existing record with 16 non-zero financial metrics
[2025-03-22 00:27:06,019] WARNING: tfc (3/2022): Found zero values for fields: Share Repurchases
[2025-03-22 00:27:06,032] INFO: tfc (3/2022): Updated existing record with 12 non-zero financial metrics
[2025-03-22 00:27:06,057] INFO: tfc (6/2022): Updated existing record with 9 non-zero financial metrics
[2025-03-22 00:27:06,084] INFO: tfc (9/2022): Updated existing record with 9 non-zero financial metrics
[2025-03-22 00:27:06,110] INFO: tfc (12/2022): Updated existing record with 15 non-zero financial metrics
[2025-03-22 00:27:06,134] INFO: tfc (3/2023): Updated existing record with 12 non-zero financial metrics
[2025-03-22 00:27:06,160] INFO: tfc (6/2023): Updated existing record with 9 non-zero financial metrics
[2025-03-22 00:27:06,185] INFO: tfc (9/2023): Updated existing record with 9 non-zero financial metrics
[2025-03-22 00:27:06,198] WARNING: tfc (12/2023): Found zero values for fields: Share Repurchases
[2025-03-22 00:27:06,211] INFO: tfc (12/2023): Updated existing record with 13 non-zero financial metrics
[2025-03-22 00:27:06,237] INFO: tfc (3/2024): Updated existing record with 12 non-zero financial metrics
[2025-03-22 00:27:06,262] INFO: tfc (6/2024): Updated existing record with 9 non-zero financial metrics
[2025-03-22 00:27:06,289] INFO: tfc (9/2024): Updated existing record with 8 non-zero financial metrics
[2025-03-22 00:27:06,317] INFO: tfc (12/2024): Updated existing record with 13 non-zero financial metrics
