[2025-03-22 09:27:37,736] INFO: Trying adjusted date: 7/2010 (original: 6/2010)
[2025-03-22 09:27:37,749] WARNING: tfx (6/2010): No existing record found(6/2010, 2010-06-27) - creating new one
[2025-03-22 09:27:37,750] INFO: tfx (6/2010): Created new record with 0 non-zero financial metrics
[2025-03-22 09:27:37,768] INFO: Trying adjusted date: 10/2010 (original: 9/2010)
[2025-03-22 09:27:37,782] WARNING: tfx (9/2010): No existing record found(9/2010, 2010-09-26) - creating new one
[2025-03-22 09:27:37,782] INFO: tfx (9/2010): Created new record with 0 non-zero financial metrics
[2025-03-22 09:27:37,798] INFO: Trying adjusted date: 1/2011 (original: 12/2010)
[2025-03-22 09:27:37,811] WARNING: tfx (12/2010): No existing record found(12/2010, 2010-12-31) - creating new one
[2025-03-22 09:27:37,812] INFO: tfx (12/2010): Created new record with 0 non-zero financial metrics
[2025-03-22 09:27:37,826] INFO: Trying adjusted date: 4/2011 (original: 3/2011)
[2025-03-22 09:27:37,840] WARNING: tfx (3/2011): No existing record found(3/2011, 2011-03-27) - creating new one
[2025-03-22 09:27:37,840] INFO: tfx (3/2011): Created new record with 0 non-zero financial metrics
[2025-03-22 09:27:37,856] INFO: Trying adjusted date: 7/2011 (original: 6/2011)
[2025-03-22 09:27:37,869] WARNING: tfx (6/2011): No existing record found(6/2011, 2011-06-26) - creating new one
[2025-03-22 09:27:37,870] INFO: tfx (6/2011): Created new record with 17 non-zero financial metrics
[2025-03-22 09:27:37,886] INFO: Trying adjusted date: 10/2011 (original: 9/2011)
[2025-03-22 09:27:37,899] WARNING: tfx (9/2011): No existing record found(9/2011, 2011-09-25) - creating new one
[2025-03-22 09:27:37,899] INFO: tfx (9/2011): Created new record with 17 non-zero financial metrics
[2025-03-22 09:27:37,914] INFO: Trying adjusted date: 1/2012 (original: 12/2011)
[2025-03-22 09:27:37,927] WARNING: tfx (12/2011): No existing record found(12/2011, 2011-12-31) - creating new one
[2025-03-22 09:27:37,928] INFO: tfx (12/2011): Created new record with 18 non-zero financial metrics
[2025-03-22 09:27:37,945] INFO: Trying adjusted date: 3/2012 (original: 4/2012)
[2025-03-22 09:27:37,959] WARNING: tfx (4/2012): No existing record found(4/2012, 2012-04-01) - creating new one
[2025-03-22 09:27:37,959] INFO: tfx (4/2012): Created new record with 17 non-zero financial metrics
[2025-03-22 09:27:37,974] INFO: Trying adjusted date: 6/2012 (original: 7/2012)
[2025-03-22 09:27:37,988] WARNING: tfx (7/2012): No existing record found(7/2012, 2012-07-01) - creating new one
[2025-03-22 09:27:37,989] INFO: tfx (7/2012): Created new record with 17 non-zero financial metrics
[2025-03-22 09:27:38,017] INFO: tfx (9/2012): Updated existing record with 17 non-zero financial metrics
[2025-03-22 09:27:38,045] INFO: tfx (12/2012): Updated existing record with 17 non-zero financial metrics
[2025-03-22 09:27:38,074] INFO: tfx (3/2013): Updated existing record with 17 non-zero financial metrics
[2025-03-22 09:27:38,101] INFO: tfx (6/2013): Updated existing record with 0 non-zero financial metrics
[2025-03-22 09:27:38,130] INFO: tfx (9/2013): Updated existing record with 17 non-zero financial metrics
[2025-03-22 09:27:38,158] INFO: tfx (12/2013): Updated existing record with 19 non-zero financial metrics
[2025-03-22 09:27:38,188] INFO: tfx (3/2014): Updated existing record with 18 non-zero financial metrics
[2025-03-22 09:27:38,216] INFO: tfx (6/2014): Updated existing record with 18 non-zero financial metrics
[2025-03-22 09:27:38,245] INFO: tfx (9/2014): Updated existing record with 18 non-zero financial metrics
[2025-03-22 09:27:38,273] INFO: tfx (12/2014): Updated existing record with 19 non-zero financial metrics
[2025-03-22 09:27:38,302] INFO: tfx (3/2015): Updated existing record with 19 non-zero financial metrics
[2025-03-22 09:27:38,330] INFO: tfx (6/2015): Updated existing record with 18 non-zero financial metrics
[2025-03-22 09:27:38,360] INFO: tfx (9/2015): Updated existing record with 18 non-zero financial metrics
[2025-03-22 09:27:38,389] INFO: tfx (12/2015): Updated existing record with 19 non-zero financial metrics
[2025-03-22 09:27:38,417] INFO: tfx (3/2016): Updated existing record with 19 non-zero financial metrics
[2025-03-22 09:27:38,447] INFO: tfx (6/2016): Updated existing record with 18 non-zero financial metrics
[2025-03-22 09:27:38,473] INFO: tfx (9/2016): Updated existing record with 18 non-zero financial metrics
[2025-03-22 09:27:38,504] INFO: tfx (12/2016): Updated existing record with 19 non-zero financial metrics
[2025-03-22 09:27:38,519] INFO: Trying adjusted date: 3/2017 (original: 4/2017)
[2025-03-22 09:27:38,532] INFO: Found existing row with adjusted date: 3/2017
[2025-03-22 09:27:38,546] INFO: tfx (3/2017): Updated existing record with 19 non-zero financial metrics
[2025-03-22 09:27:38,561] INFO: Trying adjusted date: 6/2017 (original: 7/2017)
[2025-03-22 09:27:38,577] INFO: Found existing row with adjusted date: 6/2017
[2025-03-22 09:27:38,590] INFO: tfx (6/2017): Updated existing record with 18 non-zero financial metrics
[2025-03-22 09:27:38,605] INFO: Trying adjusted date: 9/2017 (original: 10/2017)
[2025-03-22 09:27:38,618] INFO: Found existing row with adjusted date: 9/2017
[2025-03-22 09:27:38,632] INFO: tfx (9/2017): Updated existing record with 18 non-zero financial metrics
[2025-03-22 09:27:38,660] INFO: tfx (12/2017): Updated existing record with 18 non-zero financial metrics
[2025-03-22 09:27:38,675] INFO: Trying adjusted date: 3/2018 (original: 4/2018)
[2025-03-22 09:27:38,688] INFO: Found existing row with adjusted date: 3/2018
[2025-03-22 09:27:38,702] INFO: tfx (3/2018): Updated existing record with 18 non-zero financial metrics
[2025-03-22 09:27:38,717] INFO: Trying adjusted date: 6/2018 (original: 7/2018)
[2025-03-22 09:27:38,730] INFO: Found existing row with adjusted date: 6/2018
[2025-03-22 09:27:38,743] INFO: tfx (6/2018): Updated existing record with 17 non-zero financial metrics
[2025-03-22 09:27:38,770] INFO: tfx (9/2018): Updated existing record with 17 non-zero financial metrics
[2025-03-22 09:27:38,797] INFO: tfx (12/2018): Updated existing record with 18 non-zero financial metrics
[2025-03-22 09:27:38,825] INFO: tfx (3/2019): Updated existing record with 17 non-zero financial metrics
[2025-03-22 09:27:38,855] INFO: tfx (6/2019): Updated existing record with 18 non-zero financial metrics
[2025-03-22 09:27:38,883] INFO: tfx (9/2019): Updated existing record with 18 non-zero financial metrics
[2025-03-22 09:27:38,912] INFO: tfx (12/2019): Updated existing record with 19 non-zero financial metrics
[2025-03-22 09:27:38,942] INFO: tfx (3/2020): Updated existing record with 19 non-zero financial metrics
[2025-03-22 09:27:38,970] INFO: tfx (6/2020): Updated existing record with 18 non-zero financial metrics
[2025-03-22 09:27:38,998] INFO: tfx (9/2020): Updated existing record with 18 non-zero financial metrics
[2025-03-22 09:27:39,027] INFO: tfx (12/2020): Updated existing record with 21 non-zero financial metrics
[2025-03-22 09:27:39,057] INFO: tfx (3/2021): Updated existing record with 20 non-zero financial metrics
[2025-03-22 09:27:39,086] INFO: tfx (6/2021): Updated existing record with 18 non-zero financial metrics
[2025-03-22 09:27:39,115] INFO: tfx (9/2021): Updated existing record with 18 non-zero financial metrics
[2025-03-22 09:27:39,143] INFO: tfx (12/2021): Updated existing record with 21 non-zero financial metrics
[2025-03-22 09:27:39,171] INFO: tfx (3/2022): Updated existing record with 20 non-zero financial metrics
[2025-03-22 09:27:39,200] INFO: tfx (6/2022): Updated existing record with 17 non-zero financial metrics
[2025-03-22 09:27:39,229] INFO: tfx (9/2022): Updated existing record with 17 non-zero financial metrics
[2025-03-22 09:27:39,258] INFO: tfx (12/2022): Updated existing record with 20 non-zero financial metrics
[2025-03-22 09:27:39,273] INFO: Trying adjusted date: 3/2023 (original: 4/2023)
[2025-03-22 09:27:39,286] INFO: Found existing row with adjusted date: 3/2023
[2025-03-22 09:27:39,299] INFO: tfx (3/2023): Updated existing record with 20 non-zero financial metrics
[2025-03-22 09:27:39,314] INFO: Trying adjusted date: 6/2023 (original: 7/2023)
[2025-03-22 09:27:39,327] INFO: Found existing row with adjusted date: 6/2023
[2025-03-22 09:27:39,341] INFO: tfx (6/2023): Updated existing record with 17 non-zero financial metrics
[2025-03-22 09:27:39,355] INFO: Trying adjusted date: 9/2023 (original: 10/2023)
[2025-03-22 09:27:39,368] INFO: Found existing row with adjusted date: 9/2023
[2025-03-22 09:27:39,382] INFO: tfx (9/2023): Updated existing record with 18 non-zero financial metrics
[2025-03-22 09:27:39,411] INFO: tfx (12/2023): Updated existing record with 20 non-zero financial metrics
[2025-03-22 09:27:39,439] INFO: tfx (3/2024): Updated existing record with 20 non-zero financial metrics
[2025-03-22 09:27:39,466] INFO: tfx (6/2024): Updated existing record with 17 non-zero financial metrics
[2025-03-22 09:27:39,498] INFO: tfx (9/2024): Updated existing record with 16 non-zero financial metrics
[2025-03-22 09:27:39,514] INFO: Trying adjusted date: 1/2025 (original: 12/2024)
[2025-03-22 09:27:39,528] WARNING: tfx (12/2024): No existing record found(12/2024, 2024-12-31) - creating new one
[2025-03-22 09:27:39,529] INFO: tfx (12/2024): Created new record with 20 non-zero financial metrics
