[2025-03-21 22:05:54,391] INFO: Trying adjusted date: 3/2010 (original: 4/2010)
[2025-03-21 22:05:54,407] WARNING: tmo (4/2010): No existing record found(4/2010, 2010-04-03) - creating new one
[2025-03-21 22:05:54,409] INFO: tmo (4/2010): Created new record with 0 non-zero financial metrics
[2025-03-21 22:05:54,422] INFO: Trying adjusted date: 6/2010 (original: 7/2010)
[2025-03-21 22:05:54,433] WARNING: tmo (7/2010): No existing record found(7/2010, 2010-07-03) - creating new one
[2025-03-21 22:05:54,434] INFO: tmo (7/2010): Created new record with 0 non-zero financial metrics
[2025-03-21 22:05:54,447] INFO: Trying adjusted date: 9/2010 (original: 10/2010)
[2025-03-21 22:05:54,458] WARNING: tmo (10/2010): No existing record found(10/2010, 2010-10-02) - creating new one
[2025-03-21 22:05:54,459] INFO: tmo (10/2010): Created new record with 0 non-zero financial metrics
[2025-03-21 22:05:54,474] INFO: Trying adjusted date: 1/2011 (original: 12/2010)
[2025-03-21 22:05:54,486] WARNING: tmo (12/2010): No existing record found(12/2010, 2010-12-31) - creating new one
[2025-03-21 22:05:54,486] INFO: tmo (12/2010): Created new record with 0 non-zero financial metrics
[2025-03-21 22:05:54,499] INFO: Trying adjusted date: 3/2011 (original: 4/2011)
[2025-03-21 22:05:54,511] WARNING: tmo (4/2011): No existing record found(4/2011, 2011-04-02) - creating new one
[2025-03-21 22:05:54,511] INFO: tmo (4/2011): Created new record with 0 non-zero financial metrics
[2025-03-21 22:05:54,524] INFO: Trying adjusted date: 6/2011 (original: 7/2011)
[2025-03-21 22:05:54,536] WARNING: tmo (7/2011): No existing record found(7/2011, 2011-07-02) - creating new one
[2025-03-21 22:05:54,536] INFO: tmo (7/2011): Created new record with 12 non-zero financial metrics
[2025-03-21 22:05:54,549] INFO: Trying adjusted date: 9/2011 (original: 10/2011)
[2025-03-21 22:05:54,561] WARNING: tmo (10/2011): No existing record found(10/2011, 2011-10-01) - creating new one
[2025-03-21 22:05:54,561] INFO: tmo (10/2011): Created new record with 12 non-zero financial metrics
[2025-03-21 22:05:54,575] INFO: Trying adjusted date: 1/2012 (original: 12/2011)
[2025-03-21 22:05:54,587] WARNING: tmo (12/2011): No existing record found(12/2011, 2011-12-31) - creating new one
[2025-03-21 22:05:54,587] INFO: tmo (12/2011): Created new record with 17 non-zero financial metrics
[2025-03-21 22:05:54,601] INFO: Trying adjusted date: 4/2012 (original: 3/2012)
[2025-03-21 22:05:54,613] WARNING: tmo (3/2012): No existing record found(3/2012, 2012-03-31) - creating new one
[2025-03-21 22:05:54,613] INFO: tmo (3/2012): Created new record with 17 non-zero financial metrics
[2025-03-21 22:05:54,625] INFO: Trying adjusted date: 7/2012 (original: 6/2012)
[2025-03-21 22:05:54,637] WARNING: tmo (6/2012): No existing record found(6/2012, 2012-06-30) - creating new one
[2025-03-21 22:05:54,638] INFO: tmo (6/2012): Created new record with 13 non-zero financial metrics
[2025-03-21 22:05:54,662] INFO: tmo (9/2012): Updated existing record with 14 non-zero financial metrics
[2025-03-21 22:05:54,687] INFO: tmo (12/2012): Updated existing record with 18 non-zero financial metrics
[2025-03-21 22:05:54,712] INFO: tmo (3/2013): Updated existing record with 18 non-zero financial metrics
[2025-03-21 22:05:54,737] INFO: tmo (6/2013): Updated existing record with 0 non-zero financial metrics
[2025-03-21 22:05:54,761] INFO: tmo (9/2013): Updated existing record with 14 non-zero financial metrics
[2025-03-21 22:05:54,786] INFO: tmo (12/2013): Updated existing record with 18 non-zero financial metrics
[2025-03-21 22:05:54,799] WARNING: tmo (3/2014): Found zero values for fields: Share Repurchases
[2025-03-21 22:05:54,810] INFO: tmo (3/2014): Updated existing record with 17 non-zero financial metrics
[2025-03-21 22:05:54,835] INFO: tmo (6/2014): Updated existing record with 13 non-zero financial metrics
[2025-03-21 22:05:54,859] INFO: tmo (9/2014): Updated existing record with 13 non-zero financial metrics
[2025-03-21 22:05:54,872] WARNING: tmo (12/2014): Found zero values for fields: Share Repurchases
[2025-03-21 22:05:54,883] INFO: tmo (12/2014): Updated existing record with 16 non-zero financial metrics
[2025-03-21 22:05:54,907] INFO: tmo (3/2015): Updated existing record with 16 non-zero financial metrics
[2025-03-21 22:05:54,932] INFO: tmo (6/2015): Updated existing record with 13 non-zero financial metrics
[2025-03-21 22:05:54,956] INFO: tmo (9/2015): Updated existing record with 13 non-zero financial metrics
[2025-03-21 22:05:54,980] INFO: tmo (12/2015): Updated existing record with 17 non-zero financial metrics
[2025-03-21 22:05:54,995] INFO: Trying adjusted date: 3/2016 (original: 4/2016)
[2025-03-21 22:05:55,006] INFO: Found existing row with adjusted date: 3/2016
[2025-03-21 22:05:55,018] INFO: tmo (3/2016): Updated existing record with 16 non-zero financial metrics
[2025-03-21 22:05:55,031] INFO: Trying adjusted date: 6/2016 (original: 7/2016)
[2025-03-21 22:05:55,043] INFO: Found existing row with adjusted date: 6/2016
[2025-03-21 22:05:55,054] INFO: tmo (6/2016): Updated existing record with 13 non-zero financial metrics
[2025-03-21 22:05:55,066] INFO: Trying adjusted date: 9/2016 (original: 10/2016)
[2025-03-21 22:05:55,078] INFO: Found existing row with adjusted date: 9/2016
[2025-03-21 22:05:55,090] INFO: tmo (9/2016): Updated existing record with 13 non-zero financial metrics
[2025-03-21 22:05:55,115] INFO: tmo (12/2016): Updated existing record with 16 non-zero financial metrics
[2025-03-21 22:05:55,127] INFO: Trying adjusted date: 3/2017 (original: 4/2017)
[2025-03-21 22:05:55,139] INFO: Found existing row with adjusted date: 3/2017
[2025-03-21 22:05:55,151] INFO: tmo (3/2017): Updated existing record with 16 non-zero financial metrics
[2025-03-21 22:05:55,164] INFO: Trying adjusted date: 6/2017 (original: 7/2017)
[2025-03-21 22:05:55,175] INFO: Found existing row with adjusted date: 6/2017
[2025-03-21 22:05:55,186] INFO: tmo (6/2017): Updated existing record with 13 non-zero financial metrics
[2025-03-21 22:05:55,209] INFO: tmo (9/2017): Updated existing record with 13 non-zero financial metrics
[2025-03-21 22:05:55,234] INFO: tmo (12/2017): Updated existing record with 18 non-zero financial metrics
[2025-03-21 22:05:55,247] WARNING: tmo (3/2018): Found zero values for fields: Share Repurchases
[2025-03-21 22:05:55,259] INFO: tmo (3/2018): Updated existing record with 17 non-zero financial metrics
[2025-03-21 22:05:55,285] INFO: tmo (6/2018): Updated existing record with 12 non-zero financial metrics
[2025-03-21 22:05:55,310] INFO: tmo (9/2018): Updated existing record with 12 non-zero financial metrics
[2025-03-21 22:05:55,335] INFO: tmo (12/2018): Updated existing record with 17 non-zero financial metrics
[2025-03-21 22:05:55,359] INFO: tmo (3/2019): Updated existing record with 17 non-zero financial metrics
[2025-03-21 22:05:55,384] INFO: tmo (6/2019): Updated existing record with 12 non-zero financial metrics
[2025-03-21 22:05:55,407] INFO: tmo (9/2019): Updated existing record with 13 non-zero financial metrics
[2025-03-21 22:05:55,431] INFO: tmo (12/2019): Updated existing record with 18 non-zero financial metrics
[2025-03-21 22:05:55,456] INFO: tmo (3/2020): Updated existing record with 18 non-zero financial metrics
[2025-03-21 22:05:55,481] INFO: tmo (6/2020): Updated existing record with 13 non-zero financial metrics
[2025-03-21 22:05:55,506] INFO: tmo (9/2020): Updated existing record with 13 non-zero financial metrics
[2025-03-21 22:05:55,531] INFO: tmo (12/2020): Updated existing record with 18 non-zero financial metrics
[2025-03-21 22:05:55,544] INFO: Trying adjusted date: 3/2021 (original: 4/2021)
[2025-03-21 22:05:55,555] INFO: Found existing row with adjusted date: 3/2021
[2025-03-21 22:05:55,567] INFO: tmo (3/2021): Updated existing record with 18 non-zero financial metrics
[2025-03-21 22:05:55,582] INFO: Trying adjusted date: 6/2021 (original: 7/2021)
[2025-03-21 22:05:55,593] INFO: Found existing row with adjusted date: 6/2021
[2025-03-21 22:05:55,604] INFO: tmo (6/2021): Updated existing record with 13 non-zero financial metrics
[2025-03-21 22:05:55,617] INFO: Trying adjusted date: 9/2021 (original: 10/2021)
[2025-03-21 22:05:55,629] INFO: Found existing row with adjusted date: 9/2021
[2025-03-21 22:05:55,641] INFO: tmo (9/2021): Updated existing record with 13 non-zero financial metrics
[2025-03-21 22:05:55,666] INFO: tmo (12/2021): Updated existing record with 19 non-zero financial metrics
[2025-03-21 22:05:55,679] INFO: Trying adjusted date: 3/2022 (original: 4/2022)
[2025-03-21 22:05:55,691] INFO: Found existing row with adjusted date: 3/2022
[2025-03-21 22:05:55,702] INFO: tmo (3/2022): Updated existing record with 19 non-zero financial metrics
[2025-03-21 22:05:55,716] INFO: Trying adjusted date: 6/2022 (original: 7/2022)
[2025-03-21 22:05:55,727] INFO: Found existing row with adjusted date: 6/2022
[2025-03-21 22:05:55,739] INFO: tmo (6/2022): Updated existing record with 14 non-zero financial metrics
[2025-03-21 22:05:55,752] INFO: Trying adjusted date: 9/2022 (original: 10/2022)
[2025-03-21 22:05:55,765] INFO: Found existing row with adjusted date: 9/2022
[2025-03-21 22:05:55,777] INFO: tmo (9/2022): Updated existing record with 14 non-zero financial metrics
[2025-03-21 22:05:55,801] INFO: tmo (12/2022): Updated existing record with 19 non-zero financial metrics
[2025-03-21 22:05:55,814] INFO: Trying adjusted date: 3/2023 (original: 4/2023)
[2025-03-21 22:05:55,826] INFO: Found existing row with adjusted date: 3/2023
[2025-03-21 22:05:55,837] INFO: tmo (3/2023): Updated existing record with 19 non-zero financial metrics
[2025-03-21 22:05:55,853] INFO: Trying adjusted date: 6/2023 (original: 7/2023)
[2025-03-21 22:05:55,865] INFO: Found existing row with adjusted date: 6/2023
[2025-03-21 22:05:55,877] INFO: tmo (6/2023): Updated existing record with 14 non-zero financial metrics
[2025-03-21 22:05:55,901] INFO: tmo (9/2023): Updated existing record with 14 non-zero financial metrics
[2025-03-21 22:05:55,925] INFO: tmo (12/2023): Updated existing record with 19 non-zero financial metrics
[2025-03-21 22:05:55,951] INFO: tmo (3/2024): Updated existing record with 19 non-zero financial metrics
[2025-03-21 22:05:55,974] INFO: tmo (6/2024): Updated existing record with 13 non-zero financial metrics
[2025-03-21 22:05:55,998] INFO: tmo (9/2024): Updated existing record with 13 non-zero financial metrics
[2025-03-21 22:05:56,022] INFO: tmo (12/2024): Updated existing record with 18 non-zero financial metrics
