[2025-03-22 07:59:38,733] WARNING: tpl (12/2020): Found zero values for fields: Share Repurchases
[2025-03-22 07:59:38,746] INFO: tpl (12/2020): Updated existing record with 13 non-zero financial metrics
[2025-03-22 07:59:38,776] INFO: tpl (3/2021): Updated existing record with 14 non-zero financial metrics
[2025-03-22 07:59:38,805] INFO: tpl (6/2021): Updated existing record with 12 non-zero financial metrics
[2025-03-22 07:59:38,833] INFO: tpl (9/2021): Updated existing record with 12 non-zero financial metrics
[2025-03-22 07:59:38,862] INFO: tpl (12/2021): Updated existing record with 15 non-zero financial metrics
[2025-03-22 07:59:38,891] INFO: tpl (3/2022): Updated existing record with 15 non-zero financial metrics
[2025-03-22 07:59:38,920] INFO: tpl (6/2022): Updated existing record with 11 non-zero financial metrics
[2025-03-22 07:59:38,947] INFO: tpl (9/2022): Updated existing record with 11 non-zero financial metrics
[2025-03-22 07:59:38,978] INFO: tpl (12/2022): Updated existing record with 16 non-zero financial metrics
[2025-03-22 07:59:39,005] INFO: tpl (3/2023): Updated existing record with 15 non-zero financial metrics
[2025-03-22 07:59:39,033] INFO: tpl (6/2023): Updated existing record with 11 non-zero financial metrics
[2025-03-22 07:59:39,060] INFO: tpl (9/2023): Updated existing record with 11 non-zero financial metrics
[2025-03-22 07:59:39,089] INFO: tpl (12/2023): Updated existing record with 15 non-zero financial metrics
[2025-03-22 07:59:39,117] INFO: tpl (3/2024): Updated existing record with 14 non-zero financial metrics
[2025-03-22 07:59:39,145] INFO: tpl (6/2024): Updated existing record with 10 non-zero financial metrics
[2025-03-22 07:59:39,161] INFO: Trying adjusted date: 10/2024 (original: 9/2024)
[2025-03-22 07:59:39,175] WARNING: tpl (9/2024): No existing record found(9/2024, 2024-09-30) - creating new one
[2025-03-22 07:59:39,176] INFO: tpl (9/2024): Created new record with 10 non-zero financial metrics
[2025-03-22 07:59:39,191] INFO: Trying adjusted date: 1/2025 (original: 12/2024)
[2025-03-22 07:59:39,204] WARNING: tpl (12/2024): No existing record found(12/2024, 2024-12-31) - creating new one
[2025-03-22 07:59:39,204] INFO: tpl (12/2024): Created new record with 15 non-zero financial metrics
