[2025-03-22 02:36:17,546] INFO: Trying adjusted date: 4/2010 (original: 3/2010)
[2025-03-22 02:36:17,558] WARNING: tt (3/2010): No existing record found(3/2010, 2010-03-31) - creating new one
[2025-03-22 02:36:17,559] INFO: tt (3/2010): Created new record with 13 non-zero financial metrics
[2025-03-22 02:36:17,574] INFO: Trying adjusted date: 7/2010 (original: 6/2010)
[2025-03-22 02:36:17,586] WARNING: tt (6/2010): No existing record found(6/2010, 2010-06-30) - creating new one
[2025-03-22 02:36:17,587] INFO: tt (6/2010): Created new record with 13 non-zero financial metrics
[2025-03-22 02:36:17,600] INFO: Trying adjusted date: 10/2010 (original: 9/2010)
[2025-03-22 02:36:17,613] WARNING: tt (9/2010): No existing record found(9/2010, 2010-09-30) - creating new one
[2025-03-22 02:36:17,613] INFO: tt (9/2010): Created new record with 13 non-zero financial metrics
[2025-03-22 02:36:17,626] INFO: Trying adjusted date: 1/2011 (original: 12/2010)
[2025-03-22 02:36:17,638] WARNING: tt (12/2010): No existing record found(12/2010, 2010-12-31) - creating new one
[2025-03-22 02:36:17,639] INFO: tt (12/2010): Created new record with 16 non-zero financial metrics
[2025-03-22 02:36:17,652] INFO: Trying adjusted date: 4/2011 (original: 3/2011)
[2025-03-22 02:36:17,664] WARNING: tt (3/2011): No existing record found(3/2011, 2011-03-31) - creating new one
[2025-03-22 02:36:17,664] INFO: tt (3/2011): Created new record with 14 non-zero financial metrics
[2025-03-22 02:36:17,678] INFO: Trying adjusted date: 7/2011 (original: 6/2011)
[2025-03-22 02:36:17,690] WARNING: tt (6/2011): No existing record found(6/2011, 2011-06-30) - creating new one
[2025-03-22 02:36:17,690] INFO: tt (6/2011): Created new record with 13 non-zero financial metrics
[2025-03-22 02:36:17,703] INFO: Trying adjusted date: 10/2011 (original: 9/2011)
[2025-03-22 02:36:17,715] WARNING: tt (9/2011): No existing record found(9/2011, 2011-09-30) - creating new one
[2025-03-22 02:36:17,716] INFO: tt (9/2011): Created new record with 13 non-zero financial metrics
[2025-03-22 02:36:17,729] INFO: Trying adjusted date: 1/2012 (original: 12/2011)
[2025-03-22 02:36:17,740] WARNING: tt (12/2011): No existing record found(12/2011, 2011-12-31) - creating new one
[2025-03-22 02:36:17,742] INFO: tt (12/2011): Created new record with 17 non-zero financial metrics
[2025-03-22 02:36:17,756] INFO: Trying adjusted date: 4/2012 (original: 3/2012)
[2025-03-22 02:36:17,767] WARNING: tt (3/2012): No existing record found(3/2012, 2012-03-31) - creating new one
[2025-03-22 02:36:17,768] INFO: tt (3/2012): Created new record with 14 non-zero financial metrics
[2025-03-22 02:36:17,781] INFO: Trying adjusted date: 7/2012 (original: 6/2012)
[2025-03-22 02:36:17,793] WARNING: tt (6/2012): No existing record found(6/2012, 2012-06-30) - creating new one
[2025-03-22 02:36:17,794] INFO: tt (6/2012): Created new record with 13 non-zero financial metrics
[2025-03-22 02:36:17,807] INFO: Trying adjusted date: 10/2012 (original: 9/2012)
[2025-03-22 02:36:17,819] WARNING: tt (9/2012): No existing record found(9/2012, 2012-09-30) - creating new one
[2025-03-22 02:36:17,820] INFO: tt (9/2012): Created new record with 13 non-zero financial metrics
[2025-03-22 02:36:17,833] INFO: Trying adjusted date: 1/2013 (original: 12/2012)
[2025-03-22 02:36:17,844] WARNING: tt (12/2012): No existing record found(12/2012, 2012-12-31) - creating new one
[2025-03-22 02:36:17,844] INFO: tt (12/2012): Created new record with 19 non-zero financial metrics
[2025-03-22 02:36:17,858] INFO: Trying adjusted date: 4/2013 (original: 3/2013)
[2025-03-22 02:36:17,871] WARNING: tt (3/2013): No existing record found(3/2013, 2013-03-31) - creating new one
[2025-03-22 02:36:17,871] INFO: tt (3/2013): Created new record with 15 non-zero financial metrics
[2025-03-22 02:36:17,884] INFO: Trying adjusted date: 7/2013 (original: 6/2013)
[2025-03-22 02:36:17,896] WARNING: tt (6/2013): No existing record found(6/2013, 2013-06-30) - creating new one
[2025-03-22 02:36:17,897] INFO: tt (6/2013): Created new record with 13 non-zero financial metrics
[2025-03-22 02:36:17,910] INFO: Trying adjusted date: 10/2013 (original: 9/2013)
[2025-03-22 02:36:17,922] WARNING: tt (9/2013): No existing record found(9/2013, 2013-09-30) - creating new one
[2025-03-22 02:36:17,922] INFO: tt (9/2013): Created new record with 13 non-zero financial metrics
[2025-03-22 02:36:17,936] INFO: Trying adjusted date: 1/2014 (original: 12/2013)
[2025-03-22 02:36:17,948] WARNING: tt (12/2013): No existing record found(12/2013, 2013-12-31) - creating new one
[2025-03-22 02:36:17,948] INFO: tt (12/2013): Created new record with 20 non-zero financial metrics
[2025-03-22 02:36:17,961] INFO: Trying adjusted date: 4/2014 (original: 3/2014)
[2025-03-22 02:36:17,973] WARNING: tt (3/2014): No existing record found(3/2014, 2014-03-31) - creating new one
[2025-03-22 02:36:17,974] INFO: tt (3/2014): Created new record with 17 non-zero financial metrics
[2025-03-22 02:36:17,988] INFO: Trying adjusted date: 7/2014 (original: 6/2014)
[2025-03-22 02:36:18,000] WARNING: tt (6/2014): No existing record found(6/2014, 2014-06-30) - creating new one
[2025-03-22 02:36:18,000] INFO: tt (6/2014): Created new record with 13 non-zero financial metrics
[2025-03-22 02:36:18,015] INFO: Trying adjusted date: 10/2014 (original: 9/2014)
[2025-03-22 02:36:18,025] WARNING: tt (9/2014): No existing record found(9/2014, 2014-09-30) - creating new one
[2025-03-22 02:36:18,026] INFO: tt (9/2014): Created new record with 13 non-zero financial metrics
[2025-03-22 02:36:18,039] INFO: Trying adjusted date: 1/2015 (original: 12/2014)
[2025-03-22 02:36:18,051] WARNING: tt (12/2014): No existing record found(12/2014, 2014-12-31) - creating new one
[2025-03-22 02:36:18,051] INFO: tt (12/2014): Created new record with 20 non-zero financial metrics
[2025-03-22 02:36:18,065] INFO: Trying adjusted date: 4/2015 (original: 3/2015)
[2025-03-22 02:36:18,076] WARNING: tt (3/2015): Found zero values for fields: Share Repurchases
[2025-03-22 02:36:18,077] WARNING: tt (3/2015): No existing record found(3/2015, 2015-03-31) - creating new one
[2025-03-22 02:36:18,077] INFO: tt (3/2015): Created new record with 14 non-zero financial metrics
[2025-03-22 02:36:18,090] INFO: Trying adjusted date: 7/2015 (original: 6/2015)
[2025-03-22 02:36:18,102] WARNING: tt (6/2015): No existing record found(6/2015, 2015-06-30) - creating new one
[2025-03-22 02:36:18,103] INFO: tt (6/2015): Created new record with 13 non-zero financial metrics
[2025-03-22 02:36:18,116] INFO: Trying adjusted date: 10/2015 (original: 9/2015)
[2025-03-22 02:36:18,128] WARNING: tt (9/2015): No existing record found(9/2015, 2015-09-30) - creating new one
[2025-03-22 02:36:18,129] INFO: tt (9/2015): Created new record with 13 non-zero financial metrics
[2025-03-22 02:36:18,142] INFO: Trying adjusted date: 1/2016 (original: 12/2015)
[2025-03-22 02:36:18,153] WARNING: tt (12/2015): No existing record found(12/2015, 2015-12-31) - creating new one
[2025-03-22 02:36:18,154] INFO: tt (12/2015): Created new record with 20 non-zero financial metrics
[2025-03-22 02:36:18,167] INFO: Trying adjusted date: 4/2016 (original: 3/2016)
[2025-03-22 02:36:18,178] WARNING: tt (3/2016): No existing record found(3/2016, 2016-03-31) - creating new one
[2025-03-22 02:36:18,179] INFO: tt (3/2016): Created new record with 15 non-zero financial metrics
[2025-03-22 02:36:18,192] INFO: Trying adjusted date: 7/2016 (original: 6/2016)
[2025-03-22 02:36:18,204] WARNING: tt (6/2016): No existing record found(6/2016, 2016-06-30) - creating new one
[2025-03-22 02:36:18,205] INFO: tt (6/2016): Created new record with 13 non-zero financial metrics
[2025-03-22 02:36:18,218] INFO: Trying adjusted date: 10/2016 (original: 9/2016)
[2025-03-22 02:36:18,230] WARNING: tt (9/2016): No existing record found(9/2016, 2016-09-30) - creating new one
[2025-03-22 02:36:18,231] INFO: tt (9/2016): Created new record with 13 non-zero financial metrics
[2025-03-22 02:36:18,247] INFO: Trying adjusted date: 1/2017 (original: 12/2016)
[2025-03-22 02:36:18,259] WARNING: tt (12/2016): No existing record found(12/2016, 2016-12-31) - creating new one
[2025-03-22 02:36:18,259] INFO: tt (12/2016): Created new record with 19 non-zero financial metrics
[2025-03-22 02:36:18,273] INFO: Trying adjusted date: 4/2017 (original: 3/2017)
[2025-03-22 02:36:18,285] WARNING: tt (3/2017): No existing record found(3/2017, 2017-03-31) - creating new one
[2025-03-22 02:36:18,286] INFO: tt (3/2017): Created new record with 15 non-zero financial metrics
[2025-03-22 02:36:18,299] INFO: Trying adjusted date: 7/2017 (original: 6/2017)
[2025-03-22 02:36:18,311] WARNING: tt (6/2017): No existing record found(6/2017, 2017-06-30) - creating new one
[2025-03-22 02:36:18,312] INFO: tt (6/2017): Created new record with 13 non-zero financial metrics
[2025-03-22 02:36:18,325] INFO: Trying adjusted date: 10/2017 (original: 9/2017)
[2025-03-22 02:36:18,337] WARNING: tt (9/2017): No existing record found(9/2017, 2017-09-30) - creating new one
[2025-03-22 02:36:18,338] INFO: tt (9/2017): Created new record with 13 non-zero financial metrics
[2025-03-22 02:36:18,354] INFO: Trying adjusted date: 1/2018 (original: 12/2017)
[2025-03-22 02:36:18,366] WARNING: tt (12/2017): No existing record found(12/2017, 2017-12-31) - creating new one
[2025-03-22 02:36:18,366] INFO: tt (12/2017): Created new record with 20 non-zero financial metrics
[2025-03-22 02:36:18,380] INFO: Trying adjusted date: 4/2018 (original: 3/2018)
[2025-03-22 02:36:18,392] WARNING: tt (3/2018): No existing record found(3/2018, 2018-03-31) - creating new one
[2025-03-22 02:36:18,393] INFO: tt (3/2018): Created new record with 16 non-zero financial metrics
[2025-03-22 02:36:18,406] INFO: Trying adjusted date: 7/2018 (original: 6/2018)
[2025-03-22 02:36:18,419] WARNING: tt (6/2018): No existing record found(6/2018, 2018-06-30) - creating new one
[2025-03-22 02:36:18,419] INFO: tt (6/2018): Created new record with 14 non-zero financial metrics
[2025-03-22 02:36:18,432] INFO: Trying adjusted date: 10/2018 (original: 9/2018)
[2025-03-22 02:36:18,444] WARNING: tt (9/2018): No existing record found(9/2018, 2018-09-30) - creating new one
[2025-03-22 02:36:18,444] INFO: tt (9/2018): Created new record with 14 non-zero financial metrics
[2025-03-22 02:36:18,457] INFO: Trying adjusted date: 1/2019 (original: 12/2018)
[2025-03-22 02:36:18,470] WARNING: tt (12/2018): No existing record found(12/2018, 2018-12-31) - creating new one
[2025-03-22 02:36:18,470] INFO: tt (12/2018): Created new record with 19 non-zero financial metrics
[2025-03-22 02:36:18,484] INFO: Trying adjusted date: 4/2019 (original: 3/2019)
[2025-03-22 02:36:18,496] WARNING: tt (3/2019): No existing record found(3/2019, 2019-03-31) - creating new one
[2025-03-22 02:36:18,497] INFO: tt (3/2019): Created new record with 16 non-zero financial metrics
[2025-03-22 02:36:18,510] INFO: Trying adjusted date: 7/2019 (original: 6/2019)
[2025-03-22 02:36:18,522] WARNING: tt (6/2019): No existing record found(6/2019, 2019-06-30) - creating new one
[2025-03-22 02:36:18,522] INFO: tt (6/2019): Created new record with 14 non-zero financial metrics
[2025-03-22 02:36:18,536] INFO: Trying adjusted date: 10/2019 (original: 9/2019)
[2025-03-22 02:36:18,547] WARNING: tt (9/2019): No existing record found(9/2019, 2019-09-30) - creating new one
[2025-03-22 02:36:18,548] INFO: tt (9/2019): Created new record with 14 non-zero financial metrics
[2025-03-22 02:36:18,560] INFO: Trying adjusted date: 1/2020 (original: 12/2019)
[2025-03-22 02:36:18,572] WARNING: tt (12/2019): No existing record found(12/2019, 2019-12-31) - creating new one
[2025-03-22 02:36:18,573] INFO: tt (12/2019): Created new record with 21 non-zero financial metrics
[2025-03-22 02:36:18,591] WARNING: tt (3/2020): Found zero values for fields: Share Repurchases
[2025-03-22 02:36:18,604] INFO: tt (3/2020): Updated existing record with 17 non-zero financial metrics
[2025-03-22 02:36:18,630] INFO: tt (6/2020): Updated existing record with 14 non-zero financial metrics
[2025-03-22 02:36:18,655] INFO: tt (9/2020): Updated existing record with 14 non-zero financial metrics
[2025-03-22 02:36:18,683] INFO: tt (12/2020): Updated existing record with 21 non-zero financial metrics
[2025-03-22 02:36:18,709] INFO: tt (3/2021): Updated existing record with 19 non-zero financial metrics
[2025-03-22 02:36:18,734] INFO: tt (6/2021): Updated existing record with 14 non-zero financial metrics
[2025-03-22 02:36:18,759] INFO: tt (9/2021): Updated existing record with 14 non-zero financial metrics
[2025-03-22 02:36:18,784] INFO: tt (12/2021): Updated existing record with 19 non-zero financial metrics
[2025-03-22 02:36:18,810] INFO: tt (3/2022): Updated existing record with 17 non-zero financial metrics
[2025-03-22 02:36:18,835] INFO: tt (6/2022): Updated existing record with 12 non-zero financial metrics
[2025-03-22 02:36:18,860] INFO: tt (9/2022): Updated existing record with 12 non-zero financial metrics
[2025-03-22 02:36:18,887] INFO: tt (12/2022): Updated existing record with 19 non-zero financial metrics
[2025-03-22 02:36:18,912] INFO: tt (3/2023): Updated existing record with 17 non-zero financial metrics
[2025-03-22 02:36:18,940] INFO: tt (6/2023): Updated existing record with 12 non-zero financial metrics
[2025-03-22 02:36:18,966] INFO: tt (9/2023): Updated existing record with 12 non-zero financial metrics
[2025-03-22 02:36:18,991] INFO: tt (12/2023): Updated existing record with 19 non-zero financial metrics
[2025-03-22 02:36:19,016] INFO: tt (3/2024): Updated existing record with 17 non-zero financial metrics
[2025-03-22 02:36:19,042] INFO: tt (6/2024): Updated existing record with 12 non-zero financial metrics
[2025-03-22 02:36:19,068] INFO: tt (9/2024): Updated existing record with 12 non-zero financial metrics
[2025-03-22 02:36:19,094] INFO: tt (12/2024): Updated existing record with 19 non-zero financial metrics
