[2025-03-22 12:43:40,151] INFO: Trying adjusted date: 7/2010 (original: 6/2010)
[2025-03-22 12:43:40,164] WARNING: ttek (6/2010): No existing record found(6/2010, 2010-06-27) - creating new one
[2025-03-22 12:43:40,165] INFO: ttek (6/2010): Created new record with 0 non-zero financial metrics
[2025-03-22 12:43:40,192] INFO: Trying adjusted date: 9/2010 (original: 10/2010)
[2025-03-22 12:43:40,207] WARNING: ttek (10/2010): No existing record found(10/2010, 2010-10-03) - creating new one
[2025-03-22 12:43:40,208] INFO: ttek (10/2010): Created new record with 0 non-zero financial metrics
[2025-03-22 12:43:40,225] INFO: Trying adjusted date: 12/2010 (original: 1/2011)
[2025-03-22 12:43:40,239] WARNING: ttek (1/2011): No existing record found(1/2011, 2011-01-02) - creating new one
[2025-03-22 12:43:40,239] INFO: ttek (1/2011): Created new record with 0 non-zero financial metrics
[2025-03-22 12:43:40,255] INFO: Trying adjusted date: 3/2011 (original: 4/2011)
[2025-03-22 12:43:40,269] WARNING: ttek (4/2011): No existing record found(4/2011, 2011-04-03) - creating new one
[2025-03-22 12:43:40,269] INFO: ttek (4/2011): Created new record with 0 non-zero financial metrics
[2025-03-22 12:43:40,286] INFO: Trying adjusted date: 6/2011 (original: 7/2011)
[2025-03-22 12:43:40,300] WARNING: ttek (7/2011): No existing record found(7/2011, 2011-07-03) - creating new one
[2025-03-22 12:43:40,301] INFO: ttek (7/2011): Created new record with 10 non-zero financial metrics
[2025-03-22 12:43:40,317] INFO: Trying adjusted date: 9/2011 (original: 10/2011)
[2025-03-22 12:43:40,332] WARNING: ttek (10/2011): No existing record found(10/2011, 2011-10-02) - creating new one
[2025-03-22 12:43:40,332] INFO: ttek (10/2011): Created new record with 14 non-zero financial metrics
[2025-03-22 12:43:40,349] INFO: Trying adjusted date: 12/2011 (original: 1/2012)
[2025-03-22 12:43:40,364] WARNING: ttek (1/2012): No existing record found(1/2012, 2012-01-01) - creating new one
[2025-03-22 12:43:40,364] INFO: ttek (1/2012): Created new record with 11 non-zero financial metrics
[2025-03-22 12:43:40,380] INFO: Trying adjusted date: 3/2012 (original: 4/2012)
[2025-03-22 12:43:40,395] WARNING: ttek (4/2012): No existing record found(4/2012, 2012-04-01) - creating new one
[2025-03-22 12:43:40,396] INFO: ttek (4/2012): Created new record with 10 non-zero financial metrics
[2025-03-22 12:43:40,412] INFO: Trying adjusted date: 6/2012 (original: 7/2012)
[2025-03-22 12:43:40,427] INFO: Found existing row with adjusted date: 6/2012
[2025-03-22 12:43:40,441] INFO: ttek (6/2012): Updated existing record with 10 non-zero financial metrics
[2025-03-22 12:43:40,471] INFO: ttek (9/2012): Updated existing record with 11 non-zero financial metrics
[2025-03-22 12:43:40,501] INFO: ttek (12/2012): Updated existing record with 11 non-zero financial metrics
[2025-03-22 12:43:40,531] INFO: ttek (3/2013): Updated existing record with 10 non-zero financial metrics
[2025-03-22 12:43:40,560] INFO: ttek (6/2013): Updated existing record with 0 non-zero financial metrics
[2025-03-22 12:43:40,590] INFO: ttek (9/2013): Updated existing record with 12 non-zero financial metrics
[2025-03-22 12:43:40,623] INFO: ttek (12/2013): Updated existing record with 11 non-zero financial metrics
[2025-03-22 12:43:40,653] INFO: ttek (3/2014): Updated existing record with 10 non-zero financial metrics
[2025-03-22 12:43:40,682] INFO: ttek (6/2014): Updated existing record with 10 non-zero financial metrics
[2025-03-22 12:43:40,712] INFO: ttek (9/2014): Updated existing record with 12 non-zero financial metrics
[2025-03-22 12:43:40,741] INFO: ttek (12/2014): Updated existing record with 12 non-zero financial metrics
[2025-03-22 12:43:40,769] INFO: ttek (3/2015): Updated existing record with 10 non-zero financial metrics
[2025-03-22 12:43:40,798] INFO: ttek (6/2015): Updated existing record with 10 non-zero financial metrics
[2025-03-22 12:43:40,831] INFO: ttek (9/2015): Updated existing record with 12 non-zero financial metrics
[2025-03-22 12:43:40,861] INFO: ttek (12/2015): Updated existing record with 12 non-zero financial metrics
[2025-03-22 12:43:40,891] INFO: ttek (3/2016): Updated existing record with 11 non-zero financial metrics
[2025-03-22 12:43:40,920] INFO: ttek (6/2016): Updated existing record with 10 non-zero financial metrics
[2025-03-22 12:43:40,937] INFO: Trying adjusted date: 9/2016 (original: 10/2016)
[2025-03-22 12:43:40,951] INFO: Found existing row with adjusted date: 9/2016
[2025-03-22 12:43:40,965] INFO: ttek (9/2016): Updated existing record with 13 non-zero financial metrics
[2025-03-22 12:43:40,980] INFO: Trying adjusted date: 12/2016 (original: 1/2017)
[2025-03-22 12:43:40,996] INFO: Found existing row with adjusted date: 12/2016
[2025-03-22 12:43:41,009] INFO: ttek (12/2016): Updated existing record with 12 non-zero financial metrics
[2025-03-22 12:43:41,025] INFO: Trying adjusted date: 3/2017 (original: 4/2017)
[2025-03-22 12:43:41,038] INFO: Found existing row with adjusted date: 3/2017
[2025-03-22 12:43:41,053] INFO: ttek (3/2017): Updated existing record with 10 non-zero financial metrics
[2025-03-22 12:43:41,068] INFO: Trying adjusted date: 6/2017 (original: 7/2017)
[2025-03-22 12:43:41,082] INFO: Found existing row with adjusted date: 6/2017
[2025-03-22 12:43:41,096] INFO: ttek (6/2017): Updated existing record with 10 non-zero financial metrics
[2025-03-22 12:43:41,111] INFO: Trying adjusted date: 9/2017 (original: 10/2017)
[2025-03-22 12:43:41,125] INFO: Found existing row with adjusted date: 9/2017
[2025-03-22 12:43:41,138] INFO: ttek (9/2017): Updated existing record with 13 non-zero financial metrics
[2025-03-22 12:43:41,166] INFO: ttek (12/2017): Updated existing record with 15 non-zero financial metrics
[2025-03-22 12:43:41,182] INFO: Trying adjusted date: 3/2018 (original: 4/2018)
[2025-03-22 12:43:41,196] INFO: Found existing row with adjusted date: 3/2018
[2025-03-22 12:43:41,209] INFO: ttek (3/2018): Updated existing record with 10 non-zero financial metrics
[2025-03-22 12:43:41,225] INFO: Trying adjusted date: 6/2018 (original: 7/2018)
[2025-03-22 12:43:41,239] INFO: Found existing row with adjusted date: 6/2018
[2025-03-22 12:43:41,252] INFO: ttek (6/2018): Updated existing record with 11 non-zero financial metrics
[2025-03-22 12:43:41,282] INFO: ttek (9/2018): Updated existing record with 17 non-zero financial metrics
[2025-03-22 12:43:41,312] INFO: ttek (12/2018): Updated existing record with 16 non-zero financial metrics
[2025-03-22 12:43:41,341] INFO: ttek (3/2019): Updated existing record with 11 non-zero financial metrics
[2025-03-22 12:43:41,370] INFO: ttek (6/2019): Updated existing record with 11 non-zero financial metrics
[2025-03-22 12:43:41,401] INFO: ttek (9/2019): Updated existing record with 17 non-zero financial metrics
[2025-03-22 12:43:41,431] INFO: ttek (12/2019): Updated existing record with 16 non-zero financial metrics
[2025-03-22 12:43:41,463] INFO: ttek (3/2020): Updated existing record with 11 non-zero financial metrics
[2025-03-22 12:43:41,493] INFO: ttek (6/2020): Updated existing record with 11 non-zero financial metrics
[2025-03-22 12:43:41,523] INFO: ttek (9/2020): Updated existing record with 17 non-zero financial metrics
[2025-03-22 12:43:41,553] INFO: ttek (12/2020): Updated existing record with 16 non-zero financial metrics
[2025-03-22 12:43:41,582] INFO: ttek (3/2021): Updated existing record with 11 non-zero financial metrics
[2025-03-22 12:43:41,613] INFO: ttek (6/2021): Updated existing record with 11 non-zero financial metrics
[2025-03-22 12:43:41,629] INFO: Trying adjusted date: 9/2021 (original: 10/2021)
[2025-03-22 12:43:41,643] INFO: Found existing row with adjusted date: 9/2021
[2025-03-22 12:43:41,657] INFO: ttek (9/2021): Updated existing record with 18 non-zero financial metrics
[2025-03-22 12:43:41,674] INFO: Trying adjusted date: 12/2021 (original: 1/2022)
[2025-03-22 12:43:41,688] INFO: Found existing row with adjusted date: 12/2021
[2025-03-22 12:43:41,701] INFO: ttek (12/2021): Updated existing record with 16 non-zero financial metrics
[2025-03-22 12:43:41,717] INFO: Trying adjusted date: 3/2022 (original: 4/2022)
[2025-03-22 12:43:41,731] INFO: Found existing row with adjusted date: 3/2022
[2025-03-22 12:43:41,746] INFO: ttek (3/2022): Updated existing record with 11 non-zero financial metrics
[2025-03-22 12:43:41,762] INFO: Trying adjusted date: 6/2022 (original: 7/2022)
[2025-03-22 12:43:41,775] INFO: Found existing row with adjusted date: 6/2022
[2025-03-22 12:43:41,789] INFO: ttek (6/2022): Updated existing record with 11 non-zero financial metrics
[2025-03-22 12:43:41,805] INFO: Trying adjusted date: 9/2022 (original: 10/2022)
[2025-03-22 12:43:41,819] INFO: Found existing row with adjusted date: 9/2022
[2025-03-22 12:43:41,832] INFO: ttek (9/2022): Updated existing record with 18 non-zero financial metrics
[2025-03-22 12:43:41,848] INFO: Trying adjusted date: 12/2022 (original: 1/2023)
[2025-03-22 12:43:41,861] INFO: Found existing row with adjusted date: 12/2022
[2025-03-22 12:43:41,861] WARNING: ttek (12/2022): Found zero values for fields: Share Repurchases
[2025-03-22 12:43:41,875] INFO: ttek (12/2022): Updated existing record with 15 non-zero financial metrics
[2025-03-22 12:43:41,891] INFO: Trying adjusted date: 3/2023 (original: 4/2023)
[2025-03-22 12:43:41,904] INFO: Found existing row with adjusted date: 3/2023
[2025-03-22 12:43:41,917] INFO: ttek (3/2023): Updated existing record with 11 non-zero financial metrics
[2025-03-22 12:43:41,933] INFO: Trying adjusted date: 6/2023 (original: 7/2023)
[2025-03-22 12:43:41,946] INFO: Found existing row with adjusted date: 6/2023
[2025-03-22 12:43:41,960] INFO: ttek (6/2023): Updated existing record with 11 non-zero financial metrics
[2025-03-22 12:43:41,975] INFO: Trying adjusted date: 9/2023 (original: 10/2023)
[2025-03-22 12:43:41,988] INFO: Found existing row with adjusted date: 9/2023
[2025-03-22 12:43:41,988] WARNING: ttek (9/2023): Found zero values for fields: Share Repurchases
[2025-03-22 12:43:42,002] INFO: ttek (9/2023): Updated existing record with 16 non-zero financial metrics
[2025-03-22 12:43:42,033] INFO: ttek (12/2023): Updated existing record with 16 non-zero financial metrics
[2025-03-22 12:43:42,063] INFO: ttek (3/2024): Updated existing record with 12 non-zero financial metrics
[2025-03-22 12:43:42,093] INFO: ttek (6/2024): Updated existing record with 12 non-zero financial metrics
[2025-03-22 12:43:42,109] WARNING: ttek (9/2024): Found zero values for fields: Share Repurchases
[2025-03-22 12:43:42,122] INFO: ttek (9/2024): Updated existing record with 16 non-zero financial metrics
[2025-03-22 12:43:42,138] WARNING: ttek (12/2024): Found zero values for fields: EPS Diluted
[2025-03-22 12:43:42,152] INFO: ttek (12/2024): Updated existing record with 16 non-zero financial metrics
