[2025-03-22 13:53:44,536] INFO: Trying adjusted date: 4/2011 (original: 3/2011)
[2025-03-22 13:53:44,550] WARNING: txrh (3/2011): No existing record found(3/2011, 2011-03-29) - creating new one
[2025-03-22 13:53:44,550] INFO: txrh (3/2011): Created new record with 0 non-zero financial metrics
[2025-03-22 13:53:44,571] INFO: Trying adjusted date: 7/2011 (original: 6/2011)
[2025-03-22 13:53:44,586] WARNING: txrh (6/2011): No existing record found(6/2011, 2011-06-28) - creating new one
[2025-03-22 13:53:44,586] INFO: txrh (6/2011): Created new record with 15 non-zero financial metrics
[2025-03-22 13:53:44,604] INFO: Trying adjusted date: 10/2011 (original: 9/2011)
[2025-03-22 13:53:44,618] WARNING: txrh (9/2011): No existing record found(9/2011, 2011-09-27) - creating new one
[2025-03-22 13:53:44,620] INFO: txrh (9/2011): Created new record with 14 non-zero financial metrics
[2025-03-22 13:53:44,637] INFO: Trying adjusted date: 1/2012 (original: 12/2011)
[2025-03-22 13:53:44,652] WARNING: txrh (12/2011): No existing record found(12/2011, 2011-12-27) - creating new one
[2025-03-22 13:53:44,652] INFO: txrh (12/2011): Created new record with 17 non-zero financial metrics
[2025-03-22 13:53:44,668] INFO: Trying adjusted date: 4/2012 (original: 3/2012)
[2025-03-22 13:53:44,684] WARNING: txrh (3/2012): No existing record found(3/2012, 2012-03-27) - creating new one
[2025-03-22 13:53:44,685] INFO: txrh (3/2012): Created new record with 16 non-zero financial metrics
[2025-03-22 13:53:44,702] INFO: Trying adjusted date: 7/2012 (original: 6/2012)
[2025-03-22 13:53:44,717] WARNING: txrh (6/2012): No existing record found(6/2012, 2012-06-26) - creating new one
[2025-03-22 13:53:44,717] INFO: txrh (6/2012): Created new record with 14 non-zero financial metrics
[2025-03-22 13:53:44,748] INFO: txrh (9/2012): Updated existing record with 14 non-zero financial metrics
[2025-03-22 13:53:44,781] INFO: txrh (12/2012): Updated existing record with 16 non-zero financial metrics
[2025-03-22 13:53:44,813] INFO: txrh (3/2013): Updated existing record with 15 non-zero financial metrics
[2025-03-22 13:53:44,844] INFO: txrh (6/2013): Updated existing record with 0 non-zero financial metrics
[2025-03-22 13:53:44,876] INFO: txrh (9/2013): Updated existing record with 14 non-zero financial metrics
[2025-03-22 13:53:44,905] INFO: txrh (12/2013): Updated existing record with 16 non-zero financial metrics
[2025-03-22 13:53:44,921] INFO: Trying adjusted date: 3/2014 (original: 4/2014)
[2025-03-22 13:53:44,937] INFO: Found existing row with adjusted date: 3/2014
[2025-03-22 13:53:44,951] INFO: txrh (3/2014): Updated existing record with 17 non-zero financial metrics
[2025-03-22 13:53:44,967] INFO: Trying adjusted date: 6/2014 (original: 7/2014)
[2025-03-22 13:53:44,981] INFO: Found existing row with adjusted date: 6/2014
[2025-03-22 13:53:44,994] INFO: txrh (6/2014): Updated existing record with 15 non-zero financial metrics
[2025-03-22 13:53:45,024] INFO: txrh (9/2014): Updated existing record with 15 non-zero financial metrics
[2025-03-22 13:53:45,055] INFO: txrh (12/2014): Updated existing record with 17 non-zero financial metrics
[2025-03-22 13:53:45,085] INFO: txrh (3/2015): Updated existing record with 16 non-zero financial metrics
[2025-03-22 13:53:45,115] INFO: txrh (6/2015): Updated existing record with 15 non-zero financial metrics
[2025-03-22 13:53:45,144] INFO: txrh (9/2015): Updated existing record with 15 non-zero financial metrics
[2025-03-22 13:53:45,175] INFO: txrh (12/2015): Updated existing record with 17 non-zero financial metrics
[2025-03-22 13:53:45,205] INFO: txrh (3/2016): Updated existing record with 17 non-zero financial metrics
[2025-03-22 13:53:45,237] INFO: txrh (6/2016): Updated existing record with 15 non-zero financial metrics
[2025-03-22 13:53:45,267] INFO: txrh (9/2016): Updated existing record with 14 non-zero financial metrics
[2025-03-22 13:53:45,298] INFO: txrh (12/2016): Updated existing record with 16 non-zero financial metrics
[2025-03-22 13:53:45,327] INFO: txrh (3/2017): Updated existing record with 15 non-zero financial metrics
[2025-03-22 13:53:45,357] INFO: txrh (6/2017): Updated existing record with 14 non-zero financial metrics
[2025-03-22 13:53:45,372] WARNING: txrh (9/2017): Found zero values for fields: Share Repurchases
[2025-03-22 13:53:45,387] INFO: txrh (9/2017): Updated existing record with 14 non-zero financial metrics
[2025-03-22 13:53:45,417] INFO: txrh (12/2017): Updated existing record with 18 non-zero financial metrics
[2025-03-22 13:53:45,434] WARNING: txrh (3/2018): Found zero values for fields: Share Repurchases
[2025-03-22 13:53:45,448] INFO: txrh (3/2018): Updated existing record with 18 non-zero financial metrics
[2025-03-22 13:53:45,464] WARNING: txrh (6/2018): Found zero values for fields: Share Repurchases
[2025-03-22 13:53:45,478] INFO: txrh (6/2018): Updated existing record with 13 non-zero financial metrics
[2025-03-22 13:53:45,495] WARNING: txrh (9/2018): Found zero values for fields: Share Repurchases
[2025-03-22 13:53:45,509] INFO: txrh (9/2018): Updated existing record with 13 non-zero financial metrics
[2025-03-22 13:53:45,539] INFO: txrh (12/2018): Updated existing record with 17 non-zero financial metrics
[2025-03-22 13:53:45,556] WARNING: txrh (3/2019): Found zero values for fields: Share Repurchases
[2025-03-22 13:53:45,570] INFO: txrh (3/2019): Updated existing record with 17 non-zero financial metrics
[2025-03-22 13:53:45,601] INFO: txrh (6/2019): Updated existing record with 14 non-zero financial metrics
[2025-03-22 13:53:45,631] INFO: txrh (9/2019): Updated existing record with 14 non-zero financial metrics
[2025-03-22 13:53:45,662] INFO: txrh (12/2019): Updated existing record with 18 non-zero financial metrics
[2025-03-22 13:53:45,693] INFO: txrh (3/2020): Updated existing record with 18 non-zero financial metrics
[2025-03-22 13:53:45,723] INFO: txrh (6/2020): Updated existing record with 13 non-zero financial metrics
[2025-03-22 13:53:45,754] INFO: txrh (9/2020): Updated existing record with 13 non-zero financial metrics
[2025-03-22 13:53:45,784] INFO: txrh (12/2020): Updated existing record with 18 non-zero financial metrics
[2025-03-22 13:53:45,815] INFO: txrh (3/2021): Updated existing record with 17 non-zero financial metrics
[2025-03-22 13:53:45,844] INFO: txrh (6/2021): Updated existing record with 13 non-zero financial metrics
[2025-03-22 13:53:45,875] INFO: txrh (9/2021): Updated existing record with 14 non-zero financial metrics
[2025-03-22 13:53:45,906] INFO: txrh (12/2021): Updated existing record with 18 non-zero financial metrics
[2025-03-22 13:53:45,937] INFO: txrh (3/2022): Updated existing record with 18 non-zero financial metrics
[2025-03-22 13:53:45,967] INFO: txrh (6/2022): Updated existing record with 15 non-zero financial metrics
[2025-03-22 13:53:45,998] INFO: txrh (9/2022): Updated existing record with 14 non-zero financial metrics
[2025-03-22 13:53:46,028] INFO: txrh (12/2022): Updated existing record with 18 non-zero financial metrics
[2025-03-22 13:53:46,058] INFO: txrh (3/2023): Updated existing record with 18 non-zero financial metrics
[2025-03-22 13:53:46,090] INFO: txrh (6/2023): Updated existing record with 14 non-zero financial metrics
[2025-03-22 13:53:46,121] INFO: txrh (9/2023): Updated existing record with 14 non-zero financial metrics
[2025-03-22 13:53:46,153] INFO: txrh (12/2023): Updated existing record with 18 non-zero financial metrics
[2025-03-22 13:53:46,185] INFO: txrh (3/2024): Updated existing record with 18 non-zero financial metrics
[2025-03-22 13:53:46,215] INFO: txrh (6/2024): Updated existing record with 14 non-zero financial metrics
[2025-03-22 13:53:46,245] INFO: txrh (9/2024): Updated existing record with 14 non-zero financial metrics
[2025-03-22 13:53:46,263] INFO: Trying adjusted date: 1/2025 (original: 12/2024)
[2025-03-22 13:53:46,277] WARNING: txrh (12/2024): No existing record found(12/2024, 2024-12-31) - creating new one
[2025-03-22 13:53:46,278] INFO: txrh (12/2024): Created new record with 18 non-zero financial metrics
