[2025-03-22 07:43:20,768] INFO: Trying adjusted date: 3/2010 (original: 4/2010)
[2025-03-22 07:43:20,781] WARNING: txt (4/2010): No existing record found(4/2010, 2010-04-03) - creating new one
[2025-03-22 07:43:20,781] INFO: txt (4/2010): Created new record with 0 non-zero financial metrics
[2025-03-22 07:43:20,798] INFO: Trying adjusted date: 6/2010 (original: 7/2010)
[2025-03-22 07:43:20,811] WARNING: txt (7/2010): No existing record found(7/2010, 2010-07-03) - creating new one
[2025-03-22 07:43:20,812] INFO: txt (7/2010): Created new record with 0 non-zero financial metrics
[2025-03-22 07:43:20,828] INFO: Trying adjusted date: 11/2010 (original: 10/2010)
[2025-03-22 07:43:20,841] WARNING: txt (10/2010): No existing record found(10/2010, 2010-10-22) - creating new one
[2025-03-22 07:43:20,842] INFO: txt (10/2010): Created new record with 0 non-zero financial metrics
[2025-03-22 07:43:20,857] INFO: Trying adjusted date: 12/2010 (original: 1/2011)
[2025-03-22 07:43:20,870] WARNING: txt (1/2011): No existing record found(1/2011, 2011-01-01) - creating new one
[2025-03-22 07:43:20,871] INFO: txt (1/2011): Created new record with 0 non-zero financial metrics
[2025-03-22 07:43:20,885] INFO: Trying adjusted date: 5/2011 (original: 4/2011)
[2025-03-22 07:43:20,899] WARNING: txt (4/2011): No existing record found(4/2011, 2011-04-20) - creating new one
[2025-03-22 07:43:20,899] INFO: txt (4/2011): Created new record with 0 non-zero financial metrics
[2025-03-22 07:43:20,914] INFO: Trying adjusted date: 6/2011 (original: 7/2011)
[2025-03-22 07:43:20,926] WARNING: txt (7/2011): No existing record found(7/2011, 2011-07-02) - creating new one
[2025-03-22 07:43:20,927] INFO: txt (7/2011): Created new record with 11 non-zero financial metrics
[2025-03-22 07:43:20,942] INFO: Trying adjusted date: 9/2011 (original: 10/2011)
[2025-03-22 07:43:20,954] WARNING: txt (10/2011): No existing record found(10/2011, 2011-10-01) - creating new one
[2025-03-22 07:43:20,955] INFO: txt (10/2011): Created new record with 10 non-zero financial metrics
[2025-03-22 07:43:20,971] INFO: Trying adjusted date: 1/2012 (original: 12/2011)
[2025-03-22 07:43:20,984] WARNING: txt (12/2011): No existing record found(12/2011, 2011-12-31) - creating new one
[2025-03-22 07:43:20,985] INFO: txt (12/2011): Created new record with 14 non-zero financial metrics
[2025-03-22 07:43:20,999] INFO: Trying adjusted date: 4/2012 (original: 3/2012)
[2025-03-22 07:43:21,013] WARNING: txt (3/2012): No existing record found(3/2012, 2012-03-31) - creating new one
[2025-03-22 07:43:21,013] INFO: txt (3/2012): Created new record with 13 non-zero financial metrics
[2025-03-22 07:43:21,033] INFO: Trying adjusted date: 7/2012 (original: 6/2012)
[2025-03-22 07:43:21,046] WARNING: txt (6/2012): No existing record found(6/2012, 2012-06-30) - creating new one
[2025-03-22 07:43:21,046] INFO: txt (6/2012): Created new record with 10 non-zero financial metrics
[2025-03-22 07:43:21,075] INFO: txt (9/2012): Updated existing record with 10 non-zero financial metrics
[2025-03-22 07:43:21,102] INFO: txt (12/2012): Updated existing record with 15 non-zero financial metrics
[2025-03-22 07:43:21,132] INFO: txt (3/2013): Updated existing record with 13 non-zero financial metrics
[2025-03-22 07:43:21,160] INFO: txt (6/2013): Updated existing record with 0 non-zero financial metrics
[2025-03-22 07:43:21,188] INFO: txt (9/2013): Updated existing record with 10 non-zero financial metrics
[2025-03-22 07:43:21,216] INFO: txt (12/2013): Updated existing record with 14 non-zero financial metrics
[2025-03-22 07:43:21,243] INFO: txt (3/2014): Updated existing record with 14 non-zero financial metrics
[2025-03-22 07:43:21,273] INFO: txt (6/2014): Updated existing record with 10 non-zero financial metrics
[2025-03-22 07:43:21,302] INFO: txt (9/2014): Updated existing record with 10 non-zero financial metrics
[2025-03-22 07:43:21,317] INFO: Trying adjusted date: 12/2014 (original: 1/2015)
[2025-03-22 07:43:21,329] INFO: Found existing row with adjusted date: 12/2014
[2025-03-22 07:43:21,343] INFO: txt (12/2014): Updated existing record with 16 non-zero financial metrics
[2025-03-22 07:43:21,357] INFO: Trying adjusted date: 3/2015 (original: 4/2015)
[2025-03-22 07:43:21,370] INFO: Found existing row with adjusted date: 3/2015
[2025-03-22 07:43:21,384] INFO: txt (3/2015): Updated existing record with 14 non-zero financial metrics
[2025-03-22 07:43:21,398] INFO: Trying adjusted date: 6/2015 (original: 7/2015)
[2025-03-22 07:43:21,410] INFO: Found existing row with adjusted date: 6/2015
[2025-03-22 07:43:21,422] INFO: txt (6/2015): Updated existing record with 11 non-zero financial metrics
[2025-03-22 07:43:21,437] INFO: Trying adjusted date: 9/2015 (original: 10/2015)
[2025-03-22 07:43:21,450] INFO: Found existing row with adjusted date: 9/2015
[2025-03-22 07:43:21,463] INFO: txt (9/2015): Updated existing record with 11 non-zero financial metrics
[2025-03-22 07:43:21,478] INFO: Trying adjusted date: 12/2015 (original: 1/2016)
[2025-03-22 07:43:21,491] INFO: Found existing row with adjusted date: 12/2015
[2025-03-22 07:43:21,503] INFO: txt (12/2015): Updated existing record with 16 non-zero financial metrics
[2025-03-22 07:43:21,519] INFO: Trying adjusted date: 3/2016 (original: 4/2016)
[2025-03-22 07:43:21,531] INFO: Found existing row with adjusted date: 3/2016
[2025-03-22 07:43:21,544] INFO: txt (3/2016): Updated existing record with 15 non-zero financial metrics
[2025-03-22 07:43:21,559] INFO: Trying adjusted date: 6/2016 (original: 7/2016)
[2025-03-22 07:43:21,572] INFO: Found existing row with adjusted date: 6/2016
[2025-03-22 07:43:21,586] INFO: txt (6/2016): Updated existing record with 11 non-zero financial metrics
[2025-03-22 07:43:21,600] INFO: Trying adjusted date: 9/2016 (original: 10/2016)
[2025-03-22 07:43:21,613] INFO: Found existing row with adjusted date: 9/2016
[2025-03-22 07:43:21,626] INFO: txt (9/2016): Updated existing record with 11 non-zero financial metrics
[2025-03-22 07:43:21,653] INFO: txt (12/2016): Updated existing record with 16 non-zero financial metrics
[2025-03-22 07:43:21,668] INFO: Trying adjusted date: 3/2017 (original: 4/2017)
[2025-03-22 07:43:21,680] INFO: Found existing row with adjusted date: 3/2017
[2025-03-22 07:43:21,693] INFO: txt (3/2017): Updated existing record with 15 non-zero financial metrics
[2025-03-22 07:43:21,707] INFO: Trying adjusted date: 6/2017 (original: 7/2017)
[2025-03-22 07:43:21,720] INFO: Found existing row with adjusted date: 6/2017
[2025-03-22 07:43:21,733] INFO: txt (6/2017): Updated existing record with 11 non-zero financial metrics
[2025-03-22 07:43:21,759] INFO: txt (9/2017): Updated existing record with 11 non-zero financial metrics
[2025-03-22 07:43:21,787] INFO: txt (12/2017): Updated existing record with 15 non-zero financial metrics
[2025-03-22 07:43:21,815] INFO: txt (3/2018): Updated existing record with 16 non-zero financial metrics
[2025-03-22 07:43:21,843] INFO: txt (6/2018): Updated existing record with 12 non-zero financial metrics
[2025-03-22 07:43:21,872] INFO: txt (9/2018): Updated existing record with 11 non-zero financial metrics
[2025-03-22 07:43:21,901] INFO: txt (12/2018): Updated existing record with 15 non-zero financial metrics
[2025-03-22 07:43:21,928] INFO: txt (3/2019): Updated existing record with 14 non-zero financial metrics
[2025-03-22 07:43:21,956] INFO: txt (6/2019): Updated existing record with 10 non-zero financial metrics
[2025-03-22 07:43:21,984] INFO: txt (9/2019): Updated existing record with 10 non-zero financial metrics
[2025-03-22 07:43:21,999] INFO: Trying adjusted date: 12/2019 (original: 1/2020)
[2025-03-22 07:43:22,011] INFO: Found existing row with adjusted date: 12/2019
[2025-03-22 07:43:22,024] INFO: txt (12/2019): Updated existing record with 14 non-zero financial metrics
[2025-03-22 07:43:22,039] INFO: Trying adjusted date: 3/2020 (original: 4/2020)
[2025-03-22 07:43:22,052] INFO: Found existing row with adjusted date: 3/2020
[2025-03-22 07:43:22,065] INFO: txt (3/2020): Updated existing record with 14 non-zero financial metrics
[2025-03-22 07:43:22,080] INFO: Trying adjusted date: 6/2020 (original: 7/2020)
[2025-03-22 07:43:22,092] INFO: Found existing row with adjusted date: 6/2020
[2025-03-22 07:43:22,105] INFO: txt (6/2020): Updated existing record with 10 non-zero financial metrics
[2025-03-22 07:43:22,119] INFO: Trying adjusted date: 9/2020 (original: 10/2020)
[2025-03-22 07:43:22,132] INFO: Found existing row with adjusted date: 9/2020
[2025-03-22 07:43:22,145] INFO: txt (9/2020): Updated existing record with 10 non-zero financial metrics
[2025-03-22 07:43:22,160] INFO: Trying adjusted date: 12/2020 (original: 1/2021)
[2025-03-22 07:43:22,173] INFO: Found existing row with adjusted date: 12/2020
[2025-03-22 07:43:22,187] INFO: txt (12/2020): Updated existing record with 14 non-zero financial metrics
[2025-03-22 07:43:22,201] INFO: Trying adjusted date: 3/2021 (original: 4/2021)
[2025-03-22 07:43:22,213] INFO: Found existing row with adjusted date: 3/2021
[2025-03-22 07:43:22,226] INFO: txt (3/2021): Updated existing record with 14 non-zero financial metrics
[2025-03-22 07:43:22,241] INFO: Trying adjusted date: 6/2021 (original: 7/2021)
[2025-03-22 07:43:22,254] INFO: Found existing row with adjusted date: 6/2021
[2025-03-22 07:43:22,267] INFO: txt (6/2021): Updated existing record with 10 non-zero financial metrics
[2025-03-22 07:43:22,282] INFO: Trying adjusted date: 9/2021 (original: 10/2021)
[2025-03-22 07:43:22,295] INFO: Found existing row with adjusted date: 9/2021
[2025-03-22 07:43:22,308] INFO: txt (9/2021): Updated existing record with 9 non-zero financial metrics
[2025-03-22 07:43:22,323] INFO: Trying adjusted date: 12/2021 (original: 1/2022)
[2025-03-22 07:43:22,335] INFO: Found existing row with adjusted date: 12/2021
[2025-03-22 07:43:22,348] INFO: txt (12/2021): Updated existing record with 13 non-zero financial metrics
[2025-03-22 07:43:22,363] INFO: Trying adjusted date: 3/2022 (original: 4/2022)
[2025-03-22 07:43:22,376] INFO: Found existing row with adjusted date: 3/2022
[2025-03-22 07:43:22,389] INFO: txt (3/2022): Updated existing record with 12 non-zero financial metrics
[2025-03-22 07:43:22,403] INFO: Trying adjusted date: 6/2022 (original: 7/2022)
[2025-03-22 07:43:22,416] INFO: Found existing row with adjusted date: 6/2022
[2025-03-22 07:43:22,429] INFO: txt (6/2022): Updated existing record with 9 non-zero financial metrics
[2025-03-22 07:43:22,444] INFO: Trying adjusted date: 9/2022 (original: 10/2022)
[2025-03-22 07:43:22,457] INFO: Found existing row with adjusted date: 9/2022
[2025-03-22 07:43:22,470] INFO: txt (9/2022): Updated existing record with 8 non-zero financial metrics
[2025-03-22 07:43:22,497] INFO: txt (12/2022): Updated existing record with 12 non-zero financial metrics
[2025-03-22 07:43:22,512] INFO: Trying adjusted date: 3/2023 (original: 4/2023)
[2025-03-22 07:43:22,525] INFO: Found existing row with adjusted date: 3/2023
[2025-03-22 07:43:22,538] INFO: txt (3/2023): Updated existing record with 12 non-zero financial metrics
[2025-03-22 07:43:22,553] INFO: Trying adjusted date: 6/2023 (original: 7/2023)
[2025-03-22 07:43:22,567] INFO: Found existing row with adjusted date: 6/2023
[2025-03-22 07:43:22,579] INFO: txt (6/2023): Updated existing record with 7 non-zero financial metrics
[2025-03-22 07:43:22,606] INFO: txt (9/2023): Updated existing record with 7 non-zero financial metrics
[2025-03-22 07:43:22,634] INFO: txt (12/2023): Updated existing record with 13 non-zero financial metrics
[2025-03-22 07:43:22,662] INFO: txt (3/2024): Updated existing record with 12 non-zero financial metrics
[2025-03-22 07:43:22,691] INFO: txt (6/2024): Updated existing record with 7 non-zero financial metrics
[2025-03-22 07:43:22,719] INFO: txt (9/2024): Updated existing record with 7 non-zero financial metrics
[2025-03-22 07:43:22,746] INFO: txt (12/2024): Updated existing record with 13 non-zero financial metrics
