[2025-03-22 07:25:02,608] INFO: Trying adjusted date: 7/2011 (original: 6/2011)
[2025-03-22 07:25:02,620] WARNING: tyl (6/2011): No existing record found(6/2011, 2011-06-30) - creating new one
[2025-03-22 07:25:02,620] INFO: tyl (6/2011): Created new record with 12 non-zero financial metrics
[2025-03-22 07:25:02,636] INFO: Trying adjusted date: 10/2011 (original: 9/2011)
[2025-03-22 07:25:02,649] WARNING: tyl (9/2011): No existing record found(9/2011, 2011-09-30) - creating new one
[2025-03-22 07:25:02,649] INFO: tyl (9/2011): Created new record with 12 non-zero financial metrics
[2025-03-22 07:25:02,665] INFO: Trying adjusted date: 1/2012 (original: 12/2011)
[2025-03-22 07:25:02,677] WARNING: tyl (12/2011): No existing record found(12/2011, 2011-12-31) - creating new one
[2025-03-22 07:25:02,678] INFO: tyl (12/2011): Created new record with 16 non-zero financial metrics
[2025-03-22 07:25:02,692] INFO: Trying adjusted date: 4/2012 (original: 3/2012)
[2025-03-22 07:25:02,705] WARNING: tyl (3/2012): No existing record found(3/2012, 2012-03-31) - creating new one
[2025-03-22 07:25:02,706] INFO: tyl (3/2012): Created new record with 16 non-zero financial metrics
[2025-03-22 07:25:02,720] INFO: Trying adjusted date: 7/2012 (original: 6/2012)
[2025-03-22 07:25:02,734] WARNING: tyl (6/2012): No existing record found(6/2012, 2012-06-30) - creating new one
[2025-03-22 07:25:02,734] INFO: tyl (6/2012): Created new record with 12 non-zero financial metrics
[2025-03-22 07:25:02,761] INFO: tyl (9/2012): Updated existing record with 12 non-zero financial metrics
[2025-03-22 07:25:02,787] INFO: tyl (12/2012): Updated existing record with 16 non-zero financial metrics
[2025-03-22 07:25:02,816] INFO: tyl (3/2013): Updated existing record with 16 non-zero financial metrics
[2025-03-22 07:25:02,843] INFO: tyl (6/2013): Updated existing record with 0 non-zero financial metrics
[2025-03-22 07:25:02,871] INFO: tyl (9/2013): Updated existing record with 12 non-zero financial metrics
[2025-03-22 07:25:02,898] INFO: tyl (12/2013): Updated existing record with 13 non-zero financial metrics
[2025-03-22 07:25:02,926] INFO: tyl (3/2014): Updated existing record with 13 non-zero financial metrics
[2025-03-22 07:25:02,954] INFO: tyl (6/2014): Updated existing record with 12 non-zero financial metrics
[2025-03-22 07:25:02,982] INFO: tyl (9/2014): Updated existing record with 12 non-zero financial metrics
[2025-03-22 07:25:03,009] INFO: tyl (12/2014): Updated existing record with 14 non-zero financial metrics
[2025-03-22 07:25:03,036] INFO: tyl (3/2015): Updated existing record with 13 non-zero financial metrics
[2025-03-22 07:25:03,064] INFO: tyl (6/2015): Updated existing record with 12 non-zero financial metrics
[2025-03-22 07:25:03,091] INFO: tyl (9/2015): Updated existing record with 12 non-zero financial metrics
[2025-03-22 07:25:03,119] INFO: tyl (12/2015): Updated existing record with 14 non-zero financial metrics
[2025-03-22 07:25:03,147] INFO: tyl (3/2016): Updated existing record with 14 non-zero financial metrics
[2025-03-22 07:25:03,174] INFO: tyl (6/2016): Updated existing record with 12 non-zero financial metrics
[2025-03-22 07:25:03,203] INFO: tyl (9/2016): Updated existing record with 12 non-zero financial metrics
[2025-03-22 07:25:03,230] INFO: tyl (12/2016): Updated existing record with 14 non-zero financial metrics
[2025-03-22 07:25:03,258] INFO: tyl (3/2017): Updated existing record with 17 non-zero financial metrics
[2025-03-22 07:25:03,286] INFO: tyl (6/2017): Updated existing record with 12 non-zero financial metrics
[2025-03-22 07:25:03,313] INFO: tyl (9/2017): Updated existing record with 12 non-zero financial metrics
[2025-03-22 07:25:03,342] INFO: tyl (12/2017): Updated existing record with 17 non-zero financial metrics
[2025-03-22 07:25:03,358] WARNING: tyl (3/2018): Found zero values for fields: Share Repurchases
[2025-03-22 07:25:03,371] INFO: tyl (3/2018): Updated existing record with 19 non-zero financial metrics
[2025-03-22 07:25:03,400] INFO: tyl (6/2018): Updated existing record with 15 non-zero financial metrics
[2025-03-22 07:25:03,427] INFO: tyl (9/2018): Updated existing record with 15 non-zero financial metrics
[2025-03-22 07:25:03,458] INFO: tyl (12/2018): Updated existing record with 19 non-zero financial metrics
[2025-03-22 07:25:03,489] INFO: tyl (3/2019): Updated existing record with 20 non-zero financial metrics
[2025-03-22 07:25:03,516] INFO: tyl (6/2019): Updated existing record with 15 non-zero financial metrics
[2025-03-22 07:25:03,543] INFO: tyl (9/2019): Updated existing record with 15 non-zero financial metrics
[2025-03-22 07:25:03,573] INFO: tyl (12/2019): Updated existing record with 19 non-zero financial metrics
[2025-03-22 07:25:03,601] INFO: tyl (3/2020): Updated existing record with 20 non-zero financial metrics
[2025-03-22 07:25:03,629] INFO: tyl (6/2020): Updated existing record with 15 non-zero financial metrics
[2025-03-22 07:25:03,657] INFO: tyl (9/2020): Updated existing record with 15 non-zero financial metrics
[2025-03-22 07:25:03,685] INFO: tyl (12/2020): Updated existing record with 20 non-zero financial metrics
[2025-03-22 07:25:03,700] WARNING: tyl (3/2021): Found zero values for fields: Share Repurchases
[2025-03-22 07:25:03,713] INFO: tyl (3/2021): Updated existing record with 20 non-zero financial metrics
[2025-03-22 07:25:03,741] INFO: tyl (6/2021): Updated existing record with 17 non-zero financial metrics
[2025-03-22 07:25:03,768] INFO: tyl (9/2021): Updated existing record with 17 non-zero financial metrics
[2025-03-22 07:25:03,796] INFO: tyl (12/2021): Updated existing record with 21 non-zero financial metrics
[2025-03-22 07:25:03,825] INFO: tyl (3/2022): Updated existing record with 21 non-zero financial metrics
[2025-03-22 07:25:03,852] INFO: tyl (6/2022): Updated existing record with 17 non-zero financial metrics
[2025-03-22 07:25:03,881] INFO: tyl (9/2022): Updated existing record with 17 non-zero financial metrics
[2025-03-22 07:25:03,898] WARNING: tyl (12/2022): Found zero values for fields: Share Repurchases
[2025-03-22 07:25:03,911] INFO: tyl (12/2022): Updated existing record with 22 non-zero financial metrics
[2025-03-22 07:25:03,939] INFO: tyl (3/2023): Updated existing record with 23 non-zero financial metrics
[2025-03-22 07:25:03,970] INFO: tyl (6/2023): Updated existing record with 18 non-zero financial metrics
[2025-03-22 07:25:03,998] INFO: tyl (9/2023): Updated existing record with 18 non-zero financial metrics
[2025-03-22 07:25:04,012] WARNING: tyl (12/2023): Found zero values for fields: Share Repurchases
[2025-03-22 07:25:04,026] INFO: tyl (12/2023): Updated existing record with 22 non-zero financial metrics
[2025-03-22 07:25:04,054] INFO: tyl (3/2024): Updated existing record with 22 non-zero financial metrics
[2025-03-22 07:25:04,082] INFO: tyl (6/2024): Updated existing record with 18 non-zero financial metrics
[2025-03-22 07:25:04,109] INFO: tyl (9/2024): Updated existing record with 18 non-zero financial metrics
[2025-03-22 07:25:04,126] INFO: Trying adjusted date: 1/2025 (original: 12/2024)
[2025-03-22 07:25:04,139] WARNING: tyl (12/2024): No existing record found(12/2024, 2024-12-31) - creating new one
[2025-03-22 07:25:04,140] INFO: tyl (12/2024): Created new record with 22 non-zero financial metrics
