[2025-03-22 08:33:58,155] INFO: Trying adjusted date: 7/2010 (original: 6/2010)
[2025-03-22 08:33:58,167] WARNING: ual (6/2010): No existing record found(6/2010, 2010-06-30) - creating new one
[2025-03-22 08:33:58,168] INFO: ual (6/2010): Created new record with 0 non-zero financial metrics
[2025-03-22 08:33:58,184] INFO: Trying adjusted date: 10/2010 (original: 9/2010)
[2025-03-22 08:33:58,197] WARNING: ual (9/2010): No existing record found(9/2010, 2010-09-30) - creating new one
[2025-03-22 08:33:58,198] INFO: ual (9/2010): Created new record with 0 non-zero financial metrics
[2025-03-22 08:33:58,214] INFO: Trying adjusted date: 1/2011 (original: 12/2010)
[2025-03-22 08:33:58,228] WARNING: ual (12/2010): No existing record found(12/2010, 2010-12-31) - creating new one
[2025-03-22 08:33:58,229] INFO: ual (12/2010): Created new record with 0 non-zero financial metrics
[2025-03-22 08:33:58,244] INFO: Trying adjusted date: 4/2011 (original: 3/2011)
[2025-03-22 08:33:58,258] WARNING: ual (3/2011): No existing record found(3/2011, 2011-03-31) - creating new one
[2025-03-22 08:33:58,258] INFO: ual (3/2011): Created new record with 0 non-zero financial metrics
[2025-03-22 08:33:58,274] INFO: Trying adjusted date: 7/2011 (original: 6/2011)
[2025-03-22 08:33:58,287] WARNING: ual (6/2011): No existing record found(6/2011, 2011-06-30) - creating new one
[2025-03-22 08:33:58,288] INFO: ual (6/2011): Created new record with 13 non-zero financial metrics
[2025-03-22 08:33:58,305] INFO: Trying adjusted date: 10/2011 (original: 9/2011)
[2025-03-22 08:33:58,319] WARNING: ual (9/2011): No existing record found(9/2011, 2011-09-30) - creating new one
[2025-03-22 08:33:58,319] INFO: ual (9/2011): Created new record with 12 non-zero financial metrics
[2025-03-22 08:33:58,335] INFO: Trying adjusted date: 1/2012 (original: 12/2011)
[2025-03-22 08:33:58,349] WARNING: ual (12/2011): No existing record found(12/2011, 2011-12-31) - creating new one
[2025-03-22 08:33:58,349] INFO: ual (12/2011): Created new record with 15 non-zero financial metrics
[2025-03-22 08:33:58,364] INFO: Trying adjusted date: 4/2012 (original: 3/2012)
[2025-03-22 08:33:58,378] WARNING: ual (3/2012): No existing record found(3/2012, 2012-03-31) - creating new one
[2025-03-22 08:33:58,378] INFO: ual (3/2012): Created new record with 13 non-zero financial metrics
[2025-03-22 08:33:58,394] INFO: Trying adjusted date: 7/2012 (original: 6/2012)
[2025-03-22 08:33:58,407] WARNING: ual (6/2012): No existing record found(6/2012, 2012-06-30) - creating new one
[2025-03-22 08:33:58,408] INFO: ual (6/2012): Created new record with 11 non-zero financial metrics
[2025-03-22 08:33:58,436] INFO: ual (9/2012): Updated existing record with 11 non-zero financial metrics
[2025-03-22 08:33:58,463] INFO: ual (12/2012): Updated existing record with 16 non-zero financial metrics
[2025-03-22 08:33:58,492] INFO: ual (3/2013): Updated existing record with 14 non-zero financial metrics
[2025-03-22 08:33:58,521] INFO: ual (6/2013): Updated existing record with 0 non-zero financial metrics
[2025-03-22 08:33:58,549] INFO: ual (9/2013): Updated existing record with 12 non-zero financial metrics
[2025-03-22 08:33:58,578] INFO: ual (12/2013): Updated existing record with 16 non-zero financial metrics
[2025-03-22 08:33:58,609] INFO: ual (3/2014): Updated existing record with 15 non-zero financial metrics
[2025-03-22 08:33:58,637] INFO: ual (6/2014): Updated existing record with 12 non-zero financial metrics
[2025-03-22 08:33:58,665] INFO: ual (9/2014): Updated existing record with 12 non-zero financial metrics
[2025-03-22 08:33:58,692] INFO: ual (12/2014): Updated existing record with 12 non-zero financial metrics
[2025-03-22 08:33:58,720] INFO: ual (3/2015): Updated existing record with 12 non-zero financial metrics
[2025-03-22 08:33:58,748] INFO: ual (6/2015): Updated existing record with 11 non-zero financial metrics
[2025-03-22 08:33:58,776] INFO: ual (9/2015): Updated existing record with 11 non-zero financial metrics
[2025-03-22 08:33:58,807] INFO: ual (12/2015): Updated existing record with 13 non-zero financial metrics
[2025-03-22 08:33:58,835] INFO: ual (3/2016): Updated existing record with 12 non-zero financial metrics
[2025-03-22 08:33:58,867] INFO: ual (6/2016): Updated existing record with 11 non-zero financial metrics
[2025-03-22 08:33:58,895] INFO: ual (9/2016): Updated existing record with 11 non-zero financial metrics
[2025-03-22 08:33:58,925] INFO: ual (12/2016): Updated existing record with 12 non-zero financial metrics
[2025-03-22 08:33:58,952] INFO: ual (3/2017): Updated existing record with 12 non-zero financial metrics
[2025-03-22 08:33:58,981] INFO: ual (6/2017): Updated existing record with 11 non-zero financial metrics
[2025-03-22 08:33:59,012] INFO: ual (9/2017): Updated existing record with 11 non-zero financial metrics
[2025-03-22 08:33:59,042] INFO: ual (12/2017): Updated existing record with 12 non-zero financial metrics
[2025-03-22 08:33:59,071] INFO: ual (3/2018): Updated existing record with 11 non-zero financial metrics
[2025-03-22 08:33:59,096] INFO: ual (6/2018): Updated existing record with 11 non-zero financial metrics
[2025-03-22 08:33:59,124] INFO: ual (9/2018): Updated existing record with 11 non-zero financial metrics
[2025-03-22 08:33:59,153] INFO: ual (12/2018): Updated existing record with 12 non-zero financial metrics
[2025-03-22 08:33:59,180] INFO: ual (3/2019): Updated existing record with 14 non-zero financial metrics
[2025-03-22 08:33:59,211] INFO: ual (6/2019): Updated existing record with 11 non-zero financial metrics
[2025-03-22 08:33:59,241] INFO: ual (9/2019): Updated existing record with 11 non-zero financial metrics
[2025-03-22 08:33:59,270] INFO: ual (12/2019): Updated existing record with 14 non-zero financial metrics
[2025-03-22 08:33:59,299] INFO: ual (3/2020): Updated existing record with 13 non-zero financial metrics
[2025-03-22 08:33:59,328] INFO: ual (6/2020): Updated existing record with 10 non-zero financial metrics
[2025-03-22 08:33:59,357] INFO: ual (9/2020): Updated existing record with 10 non-zero financial metrics
[2025-03-22 08:33:59,385] INFO: ual (12/2020): Updated existing record with 14 non-zero financial metrics
[2025-03-22 08:33:59,399] WARNING: ual (3/2021): Found zero values for fields: Share Repurchases
[2025-03-22 08:33:59,413] INFO: ual (3/2021): Updated existing record with 12 non-zero financial metrics
[2025-03-22 08:33:59,444] INFO: ual (6/2021): Updated existing record with 10 non-zero financial metrics
[2025-03-22 08:33:59,472] INFO: ual (9/2021): Updated existing record with 10 non-zero financial metrics
[2025-03-22 08:33:59,486] WARNING: ual (12/2021): Found zero values for fields: Share Repurchases
[2025-03-22 08:33:59,499] INFO: ual (12/2021): Updated existing record with 13 non-zero financial metrics
[2025-03-22 08:33:59,529] INFO: ual (3/2022): Updated existing record with 13 non-zero financial metrics
[2025-03-22 08:33:59,557] INFO: ual (6/2022): Updated existing record with 10 non-zero financial metrics
[2025-03-22 08:33:59,585] INFO: ual (9/2022): Updated existing record with 10 non-zero financial metrics
[2025-03-22 08:33:59,599] WARNING: ual (12/2022): Found zero values for fields: Share Repurchases
[2025-03-22 08:33:59,612] INFO: ual (12/2022): Updated existing record with 13 non-zero financial metrics
[2025-03-22 08:33:59,640] INFO: ual (3/2023): Updated existing record with 13 non-zero financial metrics
[2025-03-22 08:33:59,669] INFO: ual (6/2023): Updated existing record with 10 non-zero financial metrics
[2025-03-22 08:33:59,697] INFO: ual (9/2023): Updated existing record with 10 non-zero financial metrics
[2025-03-22 08:33:59,726] INFO: ual (12/2023): Updated existing record with 13 non-zero financial metrics
[2025-03-22 08:33:59,755] INFO: ual (3/2024): Updated existing record with 13 non-zero financial metrics
[2025-03-22 08:33:59,783] INFO: ual (6/2024): Updated existing record with 10 non-zero financial metrics
[2025-03-22 08:33:59,811] INFO: ual (9/2024): Updated existing record with 10 non-zero financial metrics
[2025-03-22 08:33:59,839] INFO: ual (12/2024): Updated existing record with 14 non-zero financial metrics
