[2025-03-22 06:05:22,846] INFO: Trying adjusted date: 10/2011 (original: 9/2011)
[2025-03-22 06:05:22,858] WARNING: ui (9/2011): No existing record found(9/2011, 2011-09-30) - creating new one
[2025-03-22 06:05:22,858] INFO: ui (9/2011): Created new record with 18 non-zero financial metrics
[2025-03-22 06:05:22,874] INFO: Trying adjusted date: 1/2012 (original: 12/2011)
[2025-03-22 06:05:22,887] WARNING: ui (12/2011): No existing record found(12/2011, 2011-12-31) - creating new one
[2025-03-22 06:05:22,887] INFO: ui (12/2011): Created new record with 14 non-zero financial metrics
[2025-03-22 06:05:22,902] INFO: Trying adjusted date: 4/2012 (original: 3/2012)
[2025-03-22 06:05:22,915] WARNING: ui (3/2012): No existing record found(3/2012, 2012-03-31) - creating new one
[2025-03-22 06:05:22,915] INFO: ui (3/2012): Created new record with 14 non-zero financial metrics
[2025-03-22 06:05:22,930] INFO: Trying adjusted date: 7/2012 (original: 6/2012)
[2025-03-22 06:05:22,943] WARNING: ui (6/2012): No existing record found(6/2012, 2012-06-30) - creating new one
[2025-03-22 06:05:22,943] INFO: ui (6/2012): Created new record with 18 non-zero financial metrics
[2025-03-22 06:05:22,957] INFO: Trying adjusted date: 10/2012 (original: 9/2012)
[2025-03-22 06:05:22,970] WARNING: ui (9/2012): No existing record found(9/2012, 2012-09-30) - creating new one
[2025-03-22 06:05:22,971] INFO: ui (9/2012): Created new record with 19 non-zero financial metrics
[2025-03-22 06:05:22,985] INFO: Trying adjusted date: 1/2013 (original: 12/2012)
[2025-03-22 06:05:22,998] WARNING: ui (12/2012): No existing record found(12/2012, 2012-12-31) - creating new one
[2025-03-22 06:05:22,998] INFO: ui (12/2012): Created new record with 15 non-zero financial metrics
[2025-03-22 06:05:23,012] INFO: Trying adjusted date: 4/2013 (original: 3/2013)
[2025-03-22 06:05:23,025] WARNING: ui (3/2013): No existing record found(3/2013, 2013-03-31) - creating new one
[2025-03-22 06:05:23,025] INFO: ui (3/2013): Created new record with 15 non-zero financial metrics
[2025-03-22 06:05:23,041] INFO: Trying adjusted date: 7/2013 (original: 6/2013)
[2025-03-22 06:05:23,054] WARNING: ui (6/2013): No existing record found(6/2013, 2013-06-30) - creating new one
[2025-03-22 06:05:23,055] INFO: ui (6/2013): Created new record with 0 non-zero financial metrics
[2025-03-22 06:05:23,071] INFO: Trying adjusted date: 10/2013 (original: 9/2013)
[2025-03-22 06:05:23,084] WARNING: ui (9/2013): No existing record found(9/2013, 2013-09-30) - creating new one
[2025-03-22 06:05:23,085] INFO: ui (9/2013): Created new record with 19 non-zero financial metrics
[2025-03-22 06:05:23,099] INFO: Trying adjusted date: 1/2014 (original: 12/2013)
[2025-03-22 06:05:23,111] WARNING: ui (12/2013): No existing record found(12/2013, 2013-12-31) - creating new one
[2025-03-22 06:05:23,112] INFO: ui (12/2013): Created new record with 15 non-zero financial metrics
[2025-03-22 06:05:23,126] INFO: Trying adjusted date: 4/2014 (original: 3/2014)
[2025-03-22 06:05:23,139] WARNING: ui (3/2014): No existing record found(3/2014, 2014-03-31) - creating new one
[2025-03-22 06:05:23,140] INFO: ui (3/2014): Created new record with 15 non-zero financial metrics
[2025-03-22 06:05:23,155] INFO: Trying adjusted date: 7/2014 (original: 6/2014)
[2025-03-22 06:05:23,167] WARNING: ui (6/2014): No existing record found(6/2014, 2014-06-30) - creating new one
[2025-03-22 06:05:23,168] INFO: ui (6/2014): Created new record with 20 non-zero financial metrics
[2025-03-22 06:05:23,182] INFO: Trying adjusted date: 10/2014 (original: 9/2014)
[2025-03-22 06:05:23,195] WARNING: ui (9/2014): No existing record found(9/2014, 2014-09-30) - creating new one
[2025-03-22 06:05:23,196] INFO: ui (9/2014): Created new record with 19 non-zero financial metrics
[2025-03-22 06:05:23,210] INFO: Trying adjusted date: 1/2015 (original: 12/2014)
[2025-03-22 06:05:23,223] WARNING: ui (12/2014): No existing record found(12/2014, 2014-12-31) - creating new one
[2025-03-22 06:05:23,223] INFO: ui (12/2014): Created new record with 15 non-zero financial metrics
[2025-03-22 06:05:23,237] INFO: Trying adjusted date: 4/2015 (original: 3/2015)
[2025-03-22 06:05:23,249] WARNING: ui (3/2015): No existing record found(3/2015, 2015-03-31) - creating new one
[2025-03-22 06:05:23,249] INFO: ui (3/2015): Created new record with 15 non-zero financial metrics
[2025-03-22 06:05:23,264] INFO: Trying adjusted date: 7/2015 (original: 6/2015)
[2025-03-22 06:05:23,277] WARNING: ui (6/2015): No existing record found(6/2015, 2015-06-30) - creating new one
[2025-03-22 06:05:23,277] INFO: ui (6/2015): Created new record with 20 non-zero financial metrics
[2025-03-22 06:05:23,291] INFO: Trying adjusted date: 10/2015 (original: 9/2015)
[2025-03-22 06:05:23,304] WARNING: ui (9/2015): No existing record found(9/2015, 2015-09-30) - creating new one
[2025-03-22 06:05:23,304] INFO: ui (9/2015): Created new record with 19 non-zero financial metrics
[2025-03-22 06:05:23,318] INFO: Trying adjusted date: 1/2016 (original: 12/2015)
[2025-03-22 06:05:23,330] WARNING: ui (12/2015): No existing record found(12/2015, 2015-12-31) - creating new one
[2025-03-22 06:05:23,331] INFO: ui (12/2015): Created new record with 15 non-zero financial metrics
[2025-03-22 06:05:23,344] INFO: Trying adjusted date: 4/2016 (original: 3/2016)
[2025-03-22 06:05:23,356] WARNING: ui (3/2016): No existing record found(3/2016, 2016-03-31) - creating new one
[2025-03-22 06:05:23,357] INFO: ui (3/2016): Created new record with 15 non-zero financial metrics
[2025-03-22 06:05:23,371] INFO: Trying adjusted date: 7/2016 (original: 6/2016)
[2025-03-22 06:05:23,384] WARNING: ui (6/2016): No existing record found(6/2016, 2016-06-30) - creating new one
[2025-03-22 06:05:23,385] INFO: ui (6/2016): Created new record with 20 non-zero financial metrics
[2025-03-22 06:05:23,400] INFO: Trying adjusted date: 10/2016 (original: 9/2016)
[2025-03-22 06:05:23,412] WARNING: ui (9/2016): No existing record found(9/2016, 2016-09-30) - creating new one
[2025-03-22 06:05:23,413] INFO: ui (9/2016): Created new record with 19 non-zero financial metrics
[2025-03-22 06:05:23,426] INFO: Trying adjusted date: 1/2017 (original: 12/2016)
[2025-03-22 06:05:23,439] WARNING: ui (12/2016): No existing record found(12/2016, 2016-12-31) - creating new one
[2025-03-22 06:05:23,439] INFO: ui (12/2016): Created new record with 15 non-zero financial metrics
[2025-03-22 06:05:23,454] INFO: Trying adjusted date: 4/2017 (original: 3/2017)
[2025-03-22 06:05:23,466] WARNING: ui (3/2017): No existing record found(3/2017, 2017-03-31) - creating new one
[2025-03-22 06:05:23,467] INFO: ui (3/2017): Created new record with 15 non-zero financial metrics
[2025-03-22 06:05:23,481] INFO: Trying adjusted date: 7/2017 (original: 6/2017)
[2025-03-22 06:05:23,493] WARNING: ui (6/2017): No existing record found(6/2017, 2017-06-30) - creating new one
[2025-03-22 06:05:23,494] INFO: ui (6/2017): Created new record with 20 non-zero financial metrics
[2025-03-22 06:05:23,508] INFO: Trying adjusted date: 10/2017 (original: 9/2017)
[2025-03-22 06:05:23,521] WARNING: ui (9/2017): No existing record found(9/2017, 2017-09-30) - creating new one
[2025-03-22 06:05:23,521] INFO: ui (9/2017): Created new record with 19 non-zero financial metrics
[2025-03-22 06:05:23,535] INFO: Trying adjusted date: 1/2018 (original: 12/2017)
[2025-03-22 06:05:23,548] WARNING: ui (12/2017): No existing record found(12/2017, 2017-12-31) - creating new one
[2025-03-22 06:05:23,549] INFO: ui (12/2017): Created new record with 15 non-zero financial metrics
[2025-03-22 06:05:23,562] INFO: Trying adjusted date: 4/2018 (original: 3/2018)
[2025-03-22 06:05:23,574] WARNING: ui (3/2018): No existing record found(3/2018, 2018-03-31) - creating new one
[2025-03-22 06:05:23,574] INFO: ui (3/2018): Created new record with 15 non-zero financial metrics
[2025-03-22 06:05:23,591] INFO: Trying adjusted date: 7/2018 (original: 6/2018)
[2025-03-22 06:05:23,603] WARNING: ui (6/2018): No existing record found(6/2018, 2018-06-30) - creating new one
[2025-03-22 06:05:23,603] INFO: ui (6/2018): Created new record with 21 non-zero financial metrics
[2025-03-22 06:05:23,618] INFO: Trying adjusted date: 10/2018 (original: 9/2018)
[2025-03-22 06:05:23,630] WARNING: ui (9/2018): No existing record found(9/2018, 2018-09-30) - creating new one
[2025-03-22 06:05:23,630] INFO: ui (9/2018): Created new record with 20 non-zero financial metrics
[2025-03-22 06:05:23,644] INFO: Trying adjusted date: 1/2019 (original: 12/2018)
[2025-03-22 06:05:23,655] WARNING: ui (12/2018): No existing record found(12/2018, 2018-12-31) - creating new one
[2025-03-22 06:05:23,656] INFO: ui (12/2018): Created new record with 15 non-zero financial metrics
[2025-03-22 06:05:23,670] INFO: Trying adjusted date: 4/2019 (original: 3/2019)
[2025-03-22 06:05:23,682] WARNING: ui (3/2019): No existing record found(3/2019, 2019-03-31) - creating new one
[2025-03-22 06:05:23,683] INFO: ui (3/2019): Created new record with 15 non-zero financial metrics
[2025-03-22 06:05:23,697] INFO: Trying adjusted date: 7/2019 (original: 6/2019)
[2025-03-22 06:05:23,709] WARNING: ui (6/2019): No existing record found(6/2019, 2019-06-30) - creating new one
[2025-03-22 06:05:23,710] INFO: ui (6/2019): Created new record with 21 non-zero financial metrics
[2025-03-22 06:05:23,736] INFO: ui (9/2019): Updated existing record with 20 non-zero financial metrics
[2025-03-22 06:05:23,763] INFO: ui (12/2019): Updated existing record with 15 non-zero financial metrics
[2025-03-22 06:05:23,789] INFO: ui (3/2020): Updated existing record with 15 non-zero financial metrics
[2025-03-22 06:05:23,819] INFO: ui (6/2020): Updated existing record with 21 non-zero financial metrics
[2025-03-22 06:05:23,844] INFO: ui (9/2020): Updated existing record with 20 non-zero financial metrics
[2025-03-22 06:05:23,859] INFO: Trying adjusted date: 1/2021 (original: 12/2020)
[2025-03-22 06:05:23,871] WARNING: ui (12/2020): No existing record found(12/2020, 2020-12-31) - creating new one
[2025-03-22 06:05:23,872] INFO: ui (12/2020): Created new record with 15 non-zero financial metrics
[2025-03-22 06:05:23,900] INFO: ui (3/2021): Updated existing record with 15 non-zero financial metrics
[2025-03-22 06:05:23,926] INFO: ui (6/2021): Updated existing record with 21 non-zero financial metrics
[2025-03-22 06:05:23,952] INFO: ui (9/2021): Updated existing record with 20 non-zero financial metrics
[2025-03-22 06:05:23,979] INFO: ui (12/2021): Updated existing record with 15 non-zero financial metrics
[2025-03-22 06:05:24,006] INFO: ui (3/2022): Updated existing record with 15 non-zero financial metrics
[2025-03-22 06:05:24,033] INFO: ui (6/2022): Updated existing record with 21 non-zero financial metrics
[2025-03-22 06:05:24,047] WARNING: ui (9/2022): Found zero values for fields: Share Repurchases
[2025-03-22 06:05:24,059] INFO: ui (9/2022): Updated existing record with 19 non-zero financial metrics
[2025-03-22 06:05:24,085] INFO: ui (12/2022): Updated existing record with 15 non-zero financial metrics
[2025-03-22 06:05:24,112] INFO: ui (3/2023): Updated existing record with 15 non-zero financial metrics
[2025-03-22 06:05:24,125] WARNING: ui (6/2023): Found zero values for fields: Share Repurchases
[2025-03-22 06:05:24,138] INFO: ui (6/2023): Updated existing record with 20 non-zero financial metrics
[2025-03-22 06:05:24,165] INFO: ui (9/2023): Updated existing record with 19 non-zero financial metrics
[2025-03-22 06:05:24,191] INFO: ui (12/2023): Updated existing record with 15 non-zero financial metrics
[2025-03-22 06:05:24,218] INFO: ui (3/2024): Updated existing record with 15 non-zero financial metrics
[2025-03-22 06:05:24,233] WARNING: ui (6/2024): Found zero values for fields: Share Repurchases
[2025-03-22 06:05:24,245] INFO: ui (6/2024): Updated existing record with 20 non-zero financial metrics
[2025-03-22 06:05:24,274] INFO: ui (9/2024): Updated existing record with 19 non-zero financial metrics
[2025-03-22 06:05:24,288] INFO: Trying adjusted date: 1/2025 (original: 12/2024)
[2025-03-22 06:05:24,301] WARNING: ui (12/2024): No existing record found(12/2024, 2024-12-31) - creating new one
[2025-03-22 06:05:24,302] INFO: ui (12/2024): Created new record with 15 non-zero financial metrics
