[2025-03-22 05:03:54,921] INFO: Trying adjusted date: 5/2011 (original: 4/2011)
[2025-03-22 05:03:54,934] WARNING: ulta (4/2011): No existing record found(4/2011, 2011-04-30) - creating new one
[2025-03-22 05:03:54,935] INFO: ulta (4/2011): Created new record with 16 non-zero financial metrics
[2025-03-22 05:03:54,949] INFO: Trying adjusted date: 8/2011 (original: 7/2011)
[2025-03-22 05:03:54,963] WARNING: ulta (7/2011): No existing record found(7/2011, 2011-07-30) - creating new one
[2025-03-22 05:03:54,964] INFO: ulta (7/2011): Created new record with 12 non-zero financial metrics
[2025-03-22 05:03:54,978] INFO: Trying adjusted date: 11/2011 (original: 10/2011)
[2025-03-22 05:03:54,992] WARNING: ulta (10/2011): No existing record found(10/2011, 2011-10-29) - creating new one
[2025-03-22 05:03:54,993] INFO: ulta (10/2011): Created new record with 12 non-zero financial metrics
[2025-03-22 05:03:55,007] INFO: Trying adjusted date: 2/2012 (original: 1/2012)
[2025-03-22 05:03:55,020] WARNING: ulta (1/2012): No existing record found(1/2012, 2012-01-28) - creating new one
[2025-03-22 05:03:55,020] INFO: ulta (1/2012): Created new record with 17 non-zero financial metrics
[2025-03-22 05:03:55,035] INFO: Trying adjusted date: 5/2012 (original: 4/2012)
[2025-03-22 05:03:55,048] WARNING: ulta (4/2012): No existing record found(4/2012, 2012-04-28) - creating new one
[2025-03-22 05:03:55,049] INFO: ulta (4/2012): Created new record with 16 non-zero financial metrics
[2025-03-22 05:03:55,063] INFO: Trying adjusted date: 8/2012 (original: 7/2012)
[2025-03-22 05:03:55,076] WARNING: ulta (7/2012): No existing record found(7/2012, 2012-07-28) - creating new one
[2025-03-22 05:03:55,077] INFO: ulta (7/2012): Created new record with 12 non-zero financial metrics
[2025-03-22 05:03:55,105] INFO: ulta (10/2012): Updated existing record with 12 non-zero financial metrics
[2025-03-22 05:03:55,119] INFO: Trying adjusted date: 1/2013 (original: 2/2013)
[2025-03-22 05:03:55,132] INFO: Found existing row with adjusted date: 1/2013
[2025-03-22 05:03:55,145] INFO: ulta (1/2013): Updated existing record with 17 non-zero financial metrics
[2025-03-22 05:03:55,159] INFO: Trying adjusted date: 4/2013 (original: 5/2013)
[2025-03-22 05:03:55,172] INFO: Found existing row with adjusted date: 4/2013
[2025-03-22 05:03:55,185] INFO: ulta (4/2013): Updated existing record with 16 non-zero financial metrics
[2025-03-22 05:03:55,200] INFO: Trying adjusted date: 7/2013 (original: 8/2013)
[2025-03-22 05:03:55,213] INFO: Found existing row with adjusted date: 7/2013
[2025-03-22 05:03:55,226] INFO: ulta (7/2013): Updated existing record with 0 non-zero financial metrics
[2025-03-22 05:03:55,240] INFO: Trying adjusted date: 10/2013 (original: 11/2013)
[2025-03-22 05:03:55,254] INFO: Found existing row with adjusted date: 10/2013
[2025-03-22 05:03:55,267] INFO: ulta (10/2013): Updated existing record with 11 non-zero financial metrics
[2025-03-22 05:03:55,282] INFO: Trying adjusted date: 1/2014 (original: 2/2014)
[2025-03-22 05:03:55,294] INFO: Found existing row with adjusted date: 1/2014
[2025-03-22 05:03:55,306] INFO: ulta (1/2014): Updated existing record with 13 non-zero financial metrics
[2025-03-22 05:03:55,320] INFO: Trying adjusted date: 4/2014 (original: 5/2014)
[2025-03-22 05:03:55,334] INFO: Found existing row with adjusted date: 4/2014
[2025-03-22 05:03:55,347] INFO: ulta (4/2014): Updated existing record with 12 non-zero financial metrics
[2025-03-22 05:03:55,362] INFO: Trying adjusted date: 7/2014 (original: 8/2014)
[2025-03-22 05:03:55,374] INFO: Found existing row with adjusted date: 7/2014
[2025-03-22 05:03:55,386] INFO: ulta (7/2014): Updated existing record with 11 non-zero financial metrics
[2025-03-22 05:03:55,399] INFO: Trying adjusted date: 10/2014 (original: 11/2014)
[2025-03-22 05:03:55,412] WARNING: ulta (11/2014): No existing record found(11/2014, 2014-11-01) - creating new one
[2025-03-22 05:03:55,413] INFO: ulta (11/2014): Created new record with 11 non-zero financial metrics
[2025-03-22 05:03:55,439] INFO: ulta (1/2015): Updated existing record with 13 non-zero financial metrics
[2025-03-22 05:03:55,453] INFO: Trying adjusted date: 4/2015 (original: 5/2015)
[2025-03-22 05:03:55,466] INFO: Found existing row with adjusted date: 4/2015
[2025-03-22 05:03:55,479] INFO: ulta (4/2015): Updated existing record with 13 non-zero financial metrics
[2025-03-22 05:03:55,494] INFO: Trying adjusted date: 7/2015 (original: 8/2015)
[2025-03-22 05:03:55,506] INFO: Found existing row with adjusted date: 7/2015
[2025-03-22 05:03:55,519] INFO: ulta (7/2015): Updated existing record with 11 non-zero financial metrics
[2025-03-22 05:03:55,545] INFO: ulta (10/2015): Updated existing record with 11 non-zero financial metrics
[2025-03-22 05:03:55,571] INFO: ulta (1/2016): Updated existing record with 13 non-zero financial metrics
[2025-03-22 05:03:55,598] INFO: ulta (4/2016): Updated existing record with 13 non-zero financial metrics
[2025-03-22 05:03:55,624] INFO: ulta (7/2016): Updated existing record with 11 non-zero financial metrics
[2025-03-22 05:03:55,653] INFO: ulta (10/2016): Updated existing record with 11 non-zero financial metrics
[2025-03-22 05:03:55,680] INFO: ulta (1/2017): Updated existing record with 13 non-zero financial metrics
[2025-03-22 05:03:55,707] INFO: ulta (4/2017): Updated existing record with 13 non-zero financial metrics
[2025-03-22 05:03:55,735] INFO: ulta (7/2017): Updated existing record with 11 non-zero financial metrics
[2025-03-22 05:03:55,763] INFO: ulta (10/2017): Updated existing record with 11 non-zero financial metrics
[2025-03-22 05:03:55,778] INFO: Trying adjusted date: 1/2018 (original: 2/2018)
[2025-03-22 05:03:55,790] INFO: Found existing row with adjusted date: 1/2018
[2025-03-22 05:03:55,803] INFO: ulta (1/2018): Updated existing record with 16 non-zero financial metrics
[2025-03-22 05:03:55,819] INFO: Trying adjusted date: 4/2018 (original: 5/2018)
[2025-03-22 05:03:55,832] INFO: Found existing row with adjusted date: 4/2018
[2025-03-22 05:03:55,844] INFO: ulta (4/2018): Updated existing record with 16 non-zero financial metrics
[2025-03-22 05:03:55,858] INFO: Trying adjusted date: 7/2018 (original: 8/2018)
[2025-03-22 05:03:55,870] INFO: Found existing row with adjusted date: 7/2018
[2025-03-22 05:03:55,882] INFO: ulta (7/2018): Updated existing record with 11 non-zero financial metrics
[2025-03-22 05:03:55,896] INFO: Trying adjusted date: 10/2018 (original: 11/2018)
[2025-03-22 05:03:55,908] INFO: Found existing row with adjusted date: 10/2018
[2025-03-22 05:03:55,921] INFO: ulta (10/2018): Updated existing record with 12 non-zero financial metrics
[2025-03-22 05:03:55,936] INFO: Trying adjusted date: 1/2019 (original: 2/2019)
[2025-03-22 05:03:55,949] INFO: Found existing row with adjusted date: 1/2019
[2025-03-22 05:03:55,961] INFO: ulta (1/2019): Updated existing record with 18 non-zero financial metrics
[2025-03-22 05:03:55,975] INFO: Trying adjusted date: 4/2019 (original: 5/2019)
[2025-03-22 05:03:55,988] INFO: Found existing row with adjusted date: 4/2019
[2025-03-22 05:03:56,001] INFO: ulta (4/2019): Updated existing record with 18 non-zero financial metrics
[2025-03-22 05:03:56,015] INFO: Trying adjusted date: 7/2019 (original: 8/2019)
[2025-03-22 05:03:56,027] INFO: Found existing row with adjusted date: 7/2019
[2025-03-22 05:03:56,039] INFO: ulta (7/2019): Updated existing record with 13 non-zero financial metrics
[2025-03-22 05:03:56,054] INFO: Trying adjusted date: 10/2019 (original: 11/2019)
[2025-03-22 05:03:56,066] INFO: Found existing row with adjusted date: 10/2019
[2025-03-22 05:03:56,080] INFO: ulta (10/2019): Updated existing record with 13 non-zero financial metrics
[2025-03-22 05:03:56,095] INFO: Trying adjusted date: 1/2020 (original: 2/2020)
[2025-03-22 05:03:56,107] INFO: Found existing row with adjusted date: 1/2020
[2025-03-22 05:03:56,121] INFO: ulta (1/2020): Updated existing record with 18 non-zero financial metrics
[2025-03-22 05:03:56,136] INFO: Trying adjusted date: 4/2020 (original: 5/2020)
[2025-03-22 05:03:56,149] INFO: Found existing row with adjusted date: 4/2020
[2025-03-22 05:03:56,162] INFO: ulta (4/2020): Updated existing record with 18 non-zero financial metrics
[2025-03-22 05:03:56,176] INFO: Trying adjusted date: 7/2020 (original: 8/2020)
[2025-03-22 05:03:56,189] INFO: Found existing row with adjusted date: 7/2020
[2025-03-22 05:03:56,201] INFO: ulta (7/2020): Updated existing record with 13 non-zero financial metrics
[2025-03-22 05:03:56,227] INFO: ulta (10/2020): Updated existing record with 13 non-zero financial metrics
[2025-03-22 05:03:56,253] INFO: ulta (1/2021): Updated existing record with 18 non-zero financial metrics
[2025-03-22 05:03:56,269] INFO: Trying adjusted date: 4/2021 (original: 5/2021)
[2025-03-22 05:03:56,281] INFO: Found existing row with adjusted date: 4/2021
[2025-03-22 05:03:56,294] INFO: ulta (4/2021): Updated existing record with 18 non-zero financial metrics
[2025-03-22 05:03:56,320] INFO: ulta (7/2021): Updated existing record with 13 non-zero financial metrics
[2025-03-22 05:03:56,346] INFO: ulta (10/2021): Updated existing record with 13 non-zero financial metrics
[2025-03-22 05:03:56,373] INFO: ulta (1/2022): Updated existing record with 19 non-zero financial metrics
[2025-03-22 05:03:56,401] INFO: ulta (4/2022): Updated existing record with 18 non-zero financial metrics
[2025-03-22 05:03:56,428] INFO: ulta (7/2022): Updated existing record with 13 non-zero financial metrics
[2025-03-22 05:03:56,456] INFO: ulta (10/2022): Updated existing record with 13 non-zero financial metrics
[2025-03-22 05:03:56,482] INFO: ulta (1/2023): Updated existing record with 19 non-zero financial metrics
[2025-03-22 05:03:56,509] INFO: ulta (4/2023): Updated existing record with 18 non-zero financial metrics
[2025-03-22 05:03:56,536] INFO: ulta (7/2023): Updated existing record with 13 non-zero financial metrics
[2025-03-22 05:03:56,563] INFO: ulta (10/2023): Updated existing record with 13 non-zero financial metrics
[2025-03-22 05:03:56,577] INFO: Trying adjusted date: 1/2024 (original: 2/2024)
[2025-03-22 05:03:56,590] INFO: Found existing row with adjusted date: 1/2024
[2025-03-22 05:03:56,603] INFO: ulta (1/2024): Updated existing record with 19 non-zero financial metrics
[2025-03-22 05:03:56,617] INFO: Trying adjusted date: 4/2024 (original: 5/2024)
[2025-03-22 05:03:56,630] INFO: Found existing row with adjusted date: 4/2024
[2025-03-22 05:03:56,642] INFO: ulta (4/2024): Updated existing record with 18 non-zero financial metrics
[2025-03-22 05:03:56,657] INFO: Trying adjusted date: 7/2024 (original: 8/2024)
[2025-03-22 05:03:56,669] INFO: Found existing row with adjusted date: 7/2024
[2025-03-22 05:03:56,683] INFO: ulta (7/2024): Updated existing record with 13 non-zero financial metrics
[2025-03-22 05:03:56,697] INFO: Trying adjusted date: 10/2024 (original: 11/2024)
[2025-03-22 05:03:56,709] INFO: Found existing row with adjusted date: 10/2024
[2025-03-22 05:03:56,722] INFO: ulta (10/2024): Updated existing record with 13 non-zero financial metrics
