[2025-03-22 11:26:57,344] INFO: Trying adjusted date: 4/2010 (original: 3/2010)
[2025-03-22 11:26:57,357] WARNING: unm (3/2010): No existing record found(3/2010, 2010-03-31) - creating new one
[2025-03-22 11:26:57,358] INFO: unm (3/2010): Created new record with 0 non-zero financial metrics
[2025-03-22 11:26:57,374] INFO: Trying adjusted date: 7/2010 (original: 6/2010)
[2025-03-22 11:26:57,387] WARNING: unm (6/2010): No existing record found(6/2010, 2010-06-30) - creating new one
[2025-03-22 11:26:57,388] INFO: unm (6/2010): Created new record with 0 non-zero financial metrics
[2025-03-22 11:26:57,404] INFO: Trying adjusted date: 10/2010 (original: 9/2010)
[2025-03-22 11:26:57,418] WARNING: unm (9/2010): No existing record found(9/2010, 2010-09-30) - creating new one
[2025-03-22 11:26:57,419] INFO: unm (9/2010): Created new record with 0 non-zero financial metrics
[2025-03-22 11:26:57,435] INFO: Trying adjusted date: 12/2010 (original: 11/2010)
[2025-03-22 11:26:57,448] WARNING: unm (11/2010): No existing record found(11/2010, 2010-11-19) - creating new one
[2025-03-22 11:26:57,449] INFO: unm (11/2010): Created new record with 0 non-zero financial metrics
[2025-03-22 11:26:57,464] INFO: Trying adjusted date: 4/2011 (original: 3/2011)
[2025-03-22 11:26:57,478] WARNING: unm (3/2011): No existing record found(3/2011, 2011-03-31) - creating new one
[2025-03-22 11:26:57,478] INFO: unm (3/2011): Created new record with 0 non-zero financial metrics
[2025-03-22 11:26:57,494] INFO: Trying adjusted date: 7/2011 (original: 6/2011)
[2025-03-22 11:26:57,508] WARNING: unm (6/2011): No existing record found(6/2011, 2011-06-30) - creating new one
[2025-03-22 11:26:57,509] INFO: unm (6/2011): Created new record with 8 non-zero financial metrics
[2025-03-22 11:26:57,524] INFO: Trying adjusted date: 10/2011 (original: 9/2011)
[2025-03-22 11:26:57,537] WARNING: unm (9/2011): No existing record found(9/2011, 2011-09-30) - creating new one
[2025-03-22 11:26:57,538] INFO: unm (9/2011): Created new record with 8 non-zero financial metrics
[2025-03-22 11:26:57,553] INFO: Trying adjusted date: 1/2012 (original: 12/2011)
[2025-03-22 11:26:57,568] WARNING: unm (12/2011): No existing record found(12/2011, 2011-12-31) - creating new one
[2025-03-22 11:26:57,568] INFO: unm (12/2011): Created new record with 13 non-zero financial metrics
[2025-03-22 11:26:57,583] INFO: Trying adjusted date: 4/2012 (original: 3/2012)
[2025-03-22 11:26:57,597] WARNING: unm (3/2012): No existing record found(3/2012, 2012-03-31) - creating new one
[2025-03-22 11:26:57,597] INFO: unm (3/2012): Created new record with 12 non-zero financial metrics
[2025-03-22 11:26:57,627] INFO: unm (6/2012): Updated existing record with 8 non-zero financial metrics
[2025-03-22 11:26:57,657] INFO: unm (9/2012): Updated existing record with 8 non-zero financial metrics
[2025-03-22 11:26:57,686] INFO: unm (12/2012): Updated existing record with 13 non-zero financial metrics
[2025-03-22 11:26:57,715] INFO: unm (3/2013): Updated existing record with 12 non-zero financial metrics
[2025-03-22 11:26:57,745] INFO: unm (6/2013): Updated existing record with 0 non-zero financial metrics
[2025-03-22 11:26:57,775] INFO: unm (9/2013): Updated existing record with 8 non-zero financial metrics
[2025-03-22 11:26:57,804] INFO: unm (12/2013): Updated existing record with 14 non-zero financial metrics
[2025-03-22 11:26:57,833] INFO: unm (3/2014): Updated existing record with 12 non-zero financial metrics
[2025-03-22 11:26:57,862] INFO: unm (6/2014): Updated existing record with 8 non-zero financial metrics
[2025-03-22 11:26:57,892] INFO: unm (9/2014): Updated existing record with 7 non-zero financial metrics
[2025-03-22 11:26:57,920] INFO: unm (12/2014): Updated existing record with 13 non-zero financial metrics
[2025-03-22 11:26:57,949] INFO: unm (3/2015): Updated existing record with 12 non-zero financial metrics
[2025-03-22 11:26:57,978] INFO: unm (6/2015): Updated existing record with 7 non-zero financial metrics
[2025-03-22 11:26:58,009] INFO: unm (9/2015): Updated existing record with 7 non-zero financial metrics
[2025-03-22 11:26:58,039] INFO: unm (12/2015): Updated existing record with 13 non-zero financial metrics
[2025-03-22 11:26:58,068] INFO: unm (3/2016): Updated existing record with 12 non-zero financial metrics
[2025-03-22 11:26:58,097] INFO: unm (6/2016): Updated existing record with 7 non-zero financial metrics
[2025-03-22 11:26:58,126] INFO: unm (9/2016): Updated existing record with 7 non-zero financial metrics
[2025-03-22 11:26:58,156] INFO: unm (12/2016): Updated existing record with 13 non-zero financial metrics
[2025-03-22 11:26:58,186] INFO: unm (3/2017): Updated existing record with 12 non-zero financial metrics
[2025-03-22 11:26:58,215] INFO: unm (6/2017): Updated existing record with 7 non-zero financial metrics
[2025-03-22 11:26:58,244] INFO: unm (9/2017): Updated existing record with 7 non-zero financial metrics
[2025-03-22 11:26:58,273] INFO: unm (12/2017): Updated existing record with 13 non-zero financial metrics
[2025-03-22 11:26:58,300] INFO: unm (3/2018): Updated existing record with 12 non-zero financial metrics
[2025-03-22 11:26:58,329] INFO: unm (6/2018): Updated existing record with 7 non-zero financial metrics
[2025-03-22 11:26:58,359] INFO: unm (9/2018): Updated existing record with 7 non-zero financial metrics
[2025-03-22 11:26:58,388] INFO: unm (12/2018): Updated existing record with 13 non-zero financial metrics
[2025-03-22 11:26:58,417] INFO: unm (3/2019): Updated existing record with 12 non-zero financial metrics
[2025-03-22 11:26:58,448] INFO: unm (6/2019): Updated existing record with 7 non-zero financial metrics
[2025-03-22 11:26:58,477] INFO: unm (9/2019): Updated existing record with 7 non-zero financial metrics
[2025-03-22 11:26:58,505] INFO: unm (12/2019): Updated existing record with 13 non-zero financial metrics
[2025-03-22 11:26:58,521] WARNING: unm (3/2020): Found zero values for fields: Share Repurchases
[2025-03-22 11:26:58,535] INFO: unm (3/2020): Updated existing record with 12 non-zero financial metrics
[2025-03-22 11:26:58,564] INFO: unm (6/2020): Updated existing record with 8 non-zero financial metrics
[2025-03-22 11:26:58,594] INFO: unm (9/2020): Updated existing record with 8 non-zero financial metrics
[2025-03-22 11:26:58,611] WARNING: unm (12/2020): Found zero values for fields: Share Repurchases
[2025-03-22 11:26:58,627] INFO: unm (12/2020): Updated existing record with 13 non-zero financial metrics
[2025-03-22 11:26:58,658] INFO: unm (3/2021): Updated existing record with 12 non-zero financial metrics
[2025-03-22 11:26:58,688] INFO: unm (6/2021): Updated existing record with 8 non-zero financial metrics
[2025-03-22 11:26:58,716] INFO: unm (9/2021): Updated existing record with 8 non-zero financial metrics
[2025-03-22 11:26:58,747] INFO: unm (12/2021): Updated existing record with 13 non-zero financial metrics
[2025-03-22 11:26:58,776] INFO: unm (3/2022): Updated existing record with 13 non-zero financial metrics
[2025-03-22 11:26:58,805] INFO: unm (6/2022): Updated existing record with 7 non-zero financial metrics
[2025-03-22 11:26:58,834] INFO: unm (9/2022): Updated existing record with 7 non-zero financial metrics
[2025-03-22 11:26:58,864] INFO: unm (12/2022): Updated existing record with 13 non-zero financial metrics
[2025-03-22 11:26:58,894] INFO: unm (3/2023): Updated existing record with 13 non-zero financial metrics
[2025-03-22 11:26:58,923] INFO: unm (6/2023): Updated existing record with 7 non-zero financial metrics
[2025-03-22 11:26:58,953] INFO: unm (9/2023): Updated existing record with 7 non-zero financial metrics
[2025-03-22 11:26:58,982] INFO: unm (12/2023): Updated existing record with 13 non-zero financial metrics
[2025-03-22 11:26:59,012] INFO: unm (3/2024): Updated existing record with 12 non-zero financial metrics
[2025-03-22 11:26:59,043] INFO: unm (6/2024): Updated existing record with 7 non-zero financial metrics
[2025-03-22 11:26:59,072] INFO: unm (9/2024): Updated existing record with 8 non-zero financial metrics
[2025-03-22 11:26:59,101] INFO: unm (12/2024): Updated existing record with 13 non-zero financial metrics
