[2025-03-22 13:16:43,281] INFO: Trying adjusted date: 6/2016 (original: 7/2016)
[2025-03-22 13:16:43,296] INFO: Found existing row with adjusted date: 6/2016
[2025-03-22 13:16:43,311] INFO: usfd (6/2016): Updated existing record with 16 non-zero financial metrics
[2025-03-22 13:16:43,328] INFO: Trying adjusted date: 9/2016 (original: 10/2016)
[2025-03-22 13:16:43,342] INFO: Found existing row with adjusted date: 9/2016
[2025-03-22 13:16:43,355] INFO: usfd (9/2016): Updated existing record with 16 non-zero financial metrics
[2025-03-22 13:16:43,386] INFO: usfd (12/2016): Updated existing record with 17 non-zero financial metrics
[2025-03-22 13:16:43,402] INFO: Trying adjusted date: 3/2017 (original: 4/2017)
[2025-03-22 13:16:43,417] INFO: Found existing row with adjusted date: 3/2017
[2025-03-22 13:16:43,430] INFO: usfd (3/2017): Updated existing record with 16 non-zero financial metrics
[2025-03-22 13:16:43,446] INFO: Trying adjusted date: 6/2017 (original: 7/2017)
[2025-03-22 13:16:43,460] INFO: Found existing row with adjusted date: 6/2017
[2025-03-22 13:16:43,474] INFO: usfd (6/2017): Updated existing record with 15 non-zero financial metrics
[2025-03-22 13:16:43,504] INFO: usfd (9/2017): Updated existing record with 16 non-zero financial metrics
[2025-03-22 13:16:43,534] INFO: usfd (12/2017): Updated existing record with 18 non-zero financial metrics
[2025-03-22 13:16:43,564] INFO: usfd (3/2018): Updated existing record with 17 non-zero financial metrics
[2025-03-22 13:16:43,593] INFO: usfd (6/2018): Updated existing record with 15 non-zero financial metrics
[2025-03-22 13:16:43,623] INFO: usfd (9/2018): Updated existing record with 15 non-zero financial metrics
[2025-03-22 13:16:43,639] WARNING: usfd (12/2018): Found zero values for fields: Share Repurchases
[2025-03-22 13:16:43,655] INFO: usfd (12/2018): Updated existing record with 20 non-zero financial metrics
[2025-03-22 13:16:43,685] INFO: usfd (3/2019): Updated existing record with 19 non-zero financial metrics
[2025-03-22 13:16:43,715] INFO: usfd (6/2019): Updated existing record with 15 non-zero financial metrics
[2025-03-22 13:16:43,745] INFO: usfd (9/2019): Updated existing record with 15 non-zero financial metrics
[2025-03-22 13:16:43,761] WARNING: usfd (12/2019): Found zero values for fields: Share Repurchases
[2025-03-22 13:16:43,776] INFO: usfd (12/2019): Updated existing record with 20 non-zero financial metrics
[2025-03-22 13:16:43,806] INFO: usfd (3/2020): Updated existing record with 19 non-zero financial metrics
[2025-03-22 13:16:43,836] INFO: usfd (6/2020): Updated existing record with 15 non-zero financial metrics
[2025-03-22 13:16:43,866] INFO: usfd (9/2020): Updated existing record with 15 non-zero financial metrics
[2025-03-22 13:16:43,884] INFO: Trying adjusted date: 12/2020 (original: 1/2021)
[2025-03-22 13:16:43,898] INFO: Found existing row with adjusted date: 12/2020
[2025-03-22 13:16:43,912] INFO: usfd (12/2020): Updated existing record with 20 non-zero financial metrics
[2025-03-22 13:16:43,928] INFO: Trying adjusted date: 3/2021 (original: 4/2021)
[2025-03-22 13:16:43,942] INFO: Found existing row with adjusted date: 3/2021
[2025-03-22 13:16:43,956] INFO: usfd (3/2021): Updated existing record with 19 non-zero financial metrics
[2025-03-22 13:16:43,972] INFO: Trying adjusted date: 6/2021 (original: 7/2021)
[2025-03-22 13:16:43,987] INFO: Found existing row with adjusted date: 6/2021
[2025-03-22 13:16:44,001] INFO: usfd (6/2021): Updated existing record with 15 non-zero financial metrics
[2025-03-22 13:16:44,017] INFO: Trying adjusted date: 9/2021 (original: 10/2021)
[2025-03-22 13:16:44,031] INFO: Found existing row with adjusted date: 9/2021
[2025-03-22 13:16:44,045] INFO: usfd (9/2021): Updated existing record with 15 non-zero financial metrics
[2025-03-22 13:16:44,060] INFO: Trying adjusted date: 12/2021 (original: 1/2022)
[2025-03-22 13:16:44,074] INFO: Found existing row with adjusted date: 12/2021
[2025-03-22 13:16:44,088] INFO: usfd (12/2021): Updated existing record with 20 non-zero financial metrics
[2025-03-22 13:16:44,103] INFO: Trying adjusted date: 3/2022 (original: 4/2022)
[2025-03-22 13:16:44,117] INFO: Found existing row with adjusted date: 3/2022
[2025-03-22 13:16:44,131] INFO: usfd (3/2022): Updated existing record with 19 non-zero financial metrics
[2025-03-22 13:16:44,147] INFO: Trying adjusted date: 6/2022 (original: 7/2022)
[2025-03-22 13:16:44,161] INFO: Found existing row with adjusted date: 6/2022
[2025-03-22 13:16:44,175] INFO: usfd (6/2022): Updated existing record with 15 non-zero financial metrics
[2025-03-22 13:16:44,192] INFO: Trying adjusted date: 9/2022 (original: 10/2022)
[2025-03-22 13:16:44,205] INFO: Found existing row with adjusted date: 9/2022
[2025-03-22 13:16:44,219] INFO: usfd (9/2022): Updated existing record with 15 non-zero financial metrics
[2025-03-22 13:16:44,249] INFO: usfd (12/2022): Updated existing record with 21 non-zero financial metrics
[2025-03-22 13:16:44,265] INFO: Trying adjusted date: 3/2023 (original: 4/2023)
[2025-03-22 13:16:44,279] INFO: Found existing row with adjusted date: 3/2023
[2025-03-22 13:16:44,293] INFO: usfd (3/2023): Updated existing record with 20 non-zero financial metrics
[2025-03-22 13:16:44,309] INFO: Trying adjusted date: 6/2023 (original: 7/2023)
[2025-03-22 13:16:44,323] INFO: Found existing row with adjusted date: 6/2023
[2025-03-22 13:16:44,336] INFO: usfd (6/2023): Updated existing record with 16 non-zero financial metrics
[2025-03-22 13:16:44,365] INFO: usfd (9/2023): Updated existing record with 16 non-zero financial metrics
[2025-03-22 13:16:44,394] INFO: usfd (12/2023): Updated existing record with 21 non-zero financial metrics
[2025-03-22 13:16:44,424] INFO: usfd (3/2024): Updated existing record with 20 non-zero financial metrics
[2025-03-22 13:16:44,456] INFO: usfd (6/2024): Updated existing record with 14 non-zero financial metrics
[2025-03-22 13:16:44,485] INFO: usfd (9/2024): Updated existing record with 14 non-zero financial metrics
[2025-03-22 13:16:44,501] INFO: Trying adjusted date: 1/2025 (original: 12/2024)
[2025-03-22 13:16:44,516] WARNING: usfd (12/2024): No existing record found(12/2024, 2024-12-28) - creating new one
[2025-03-22 13:16:44,517] INFO: usfd (12/2024): Created new record with 20 non-zero financial metrics
