[2025-03-22 14:06:47,234] INFO: Trying adjusted date: 1/2020 (original: 12/2019)
[2025-03-22 14:06:47,249] WARNING: uwmc (12/2019): No existing record found(12/2019, 2019-12-31) - creating new one
[2025-03-22 14:06:47,250] INFO: uwmc (12/2019): Created new record with 5 non-zero financial metrics
[2025-03-22 14:06:47,280] INFO: Trying adjusted date: 4/2020 (original: 3/2020)
[2025-03-22 14:06:47,294] WARNING: uwmc (3/2020): No existing record found(3/2020, 2020-03-31) - creating new one
[2025-03-22 14:06:47,294] INFO: uwmc (3/2020): Created new record with 9 non-zero financial metrics
[2025-03-22 14:06:47,311] INFO: Trying adjusted date: 7/2020 (original: 6/2020)
[2025-03-22 14:06:47,325] WARNING: uwmc (6/2020): No existing record found(6/2020, 2020-06-30) - creating new one
[2025-03-22 14:06:47,325] INFO: uwmc (6/2020): Created new record with 7 non-zero financial metrics
[2025-03-22 14:06:47,341] INFO: Trying adjusted date: 10/2020 (original: 9/2020)
[2025-03-22 14:06:47,355] WARNING: uwmc (9/2020): No existing record found(9/2020, 2020-09-30) - creating new one
[2025-03-22 14:06:47,356] INFO: uwmc (9/2020): Created new record with 7 non-zero financial metrics
[2025-03-22 14:06:47,372] INFO: Trying adjusted date: 1/2021 (original: 12/2020)
[2025-03-22 14:06:47,386] WARNING: uwmc (12/2020): No existing record found(12/2020, 2020-12-31) - creating new one
[2025-03-22 14:06:47,387] INFO: uwmc (12/2020): Created new record with 10 non-zero financial metrics
[2025-03-22 14:06:47,418] INFO: uwmc (3/2021): Updated existing record with 13 non-zero financial metrics
[2025-03-22 14:06:47,449] INFO: uwmc (6/2021): Updated existing record with 10 non-zero financial metrics
[2025-03-22 14:06:47,478] INFO: uwmc (9/2021): Updated existing record with 10 non-zero financial metrics
[2025-03-22 14:06:47,508] INFO: uwmc (12/2021): Updated existing record with 15 non-zero financial metrics
[2025-03-22 14:06:47,538] INFO: uwmc (3/2022): Updated existing record with 14 non-zero financial metrics
[2025-03-22 14:06:47,569] INFO: uwmc (6/2022): Updated existing record with 10 non-zero financial metrics
[2025-03-22 14:06:47,599] INFO: uwmc (9/2022): Updated existing record with 10 non-zero financial metrics
[2025-03-22 14:06:47,616] INFO: Trying adjusted date: 1/2023 (original: 12/2022)
[2025-03-22 14:06:47,630] WARNING: uwmc (12/2022): Found zero values for fields: Share Repurchases
[2025-03-22 14:06:47,630] WARNING: uwmc (12/2022): No existing record found(12/2022, 2022-12-31) - creating new one
[2025-03-22 14:06:47,630] INFO: uwmc (12/2022): Created new record with 14 non-zero financial metrics
[2025-03-22 14:06:47,661] INFO: uwmc (3/2023): Updated existing record with 14 non-zero financial metrics
[2025-03-22 14:06:47,691] INFO: uwmc (6/2023): Updated existing record with 10 non-zero financial metrics
[2025-03-22 14:06:47,721] INFO: uwmc (9/2023): Updated existing record with 10 non-zero financial metrics
[2025-03-22 14:06:47,738] WARNING: uwmc (12/2023): Found zero values for fields: Share Repurchases
[2025-03-22 14:06:47,751] INFO: uwmc (12/2023): Updated existing record with 14 non-zero financial metrics
[2025-03-22 14:06:47,782] INFO: uwmc (3/2024): Updated existing record with 14 non-zero financial metrics
[2025-03-22 14:06:47,821] INFO: uwmc (6/2024): Updated existing record with 10 non-zero financial metrics
[2025-03-22 14:06:47,852] INFO: uwmc (9/2024): Updated existing record with 9 non-zero financial metrics
[2025-03-22 14:06:47,869] INFO: Trying adjusted date: 1/2025 (original: 12/2024)
[2025-03-22 14:06:47,884] WARNING: uwmc (12/2024): No existing record found(12/2024, 2024-12-31) - creating new one
[2025-03-22 14:06:47,884] INFO: uwmc (12/2024): Created new record with 13 non-zero financial metrics
