[2025-03-22 05:22:41,942] INFO: Trying adjusted date: 4/2010 (original: 3/2010)
[2025-03-22 05:22:41,955] WARNING: vmc (3/2010): No existing record found(3/2010, 2010-03-31) - creating new one
[2025-03-22 05:22:41,957] INFO: vmc (3/2010): Created new record with 0 non-zero financial metrics
[2025-03-22 05:22:41,973] INFO: Trying adjusted date: 7/2010 (original: 6/2010)
[2025-03-22 05:22:41,987] WARNING: vmc (6/2010): No existing record found(6/2010, 2010-06-30) - creating new one
[2025-03-22 05:22:41,987] INFO: vmc (6/2010): Created new record with 0 non-zero financial metrics
[2025-03-22 05:22:42,002] INFO: Trying adjusted date: 10/2010 (original: 9/2010)
[2025-03-22 05:22:42,016] WARNING: vmc (9/2010): No existing record found(9/2010, 2010-09-30) - creating new one
[2025-03-22 05:22:42,016] INFO: vmc (9/2010): Created new record with 0 non-zero financial metrics
[2025-03-22 05:22:42,030] INFO: Trying adjusted date: 1/2011 (original: 12/2010)
[2025-03-22 05:22:42,043] WARNING: vmc (12/2010): No existing record found(12/2010, 2010-12-31) - creating new one
[2025-03-22 05:22:42,044] INFO: vmc (12/2010): Created new record with 0 non-zero financial metrics
[2025-03-22 05:22:42,057] INFO: Trying adjusted date: 4/2011 (original: 3/2011)
[2025-03-22 05:22:42,070] WARNING: vmc (3/2011): No existing record found(3/2011, 2011-03-31) - creating new one
[2025-03-22 05:22:42,070] INFO: vmc (3/2011): Created new record with 0 non-zero financial metrics
[2025-03-22 05:22:42,084] INFO: Trying adjusted date: 7/2011 (original: 6/2011)
[2025-03-22 05:22:42,097] WARNING: vmc (6/2011): No existing record found(6/2011, 2011-06-30) - creating new one
[2025-03-22 05:22:42,097] INFO: vmc (6/2011): Created new record with 15 non-zero financial metrics
[2025-03-22 05:22:42,112] INFO: Trying adjusted date: 10/2011 (original: 9/2011)
[2025-03-22 05:22:42,125] WARNING: vmc (9/2011): No existing record found(9/2011, 2011-09-30) - creating new one
[2025-03-22 05:22:42,125] INFO: vmc (9/2011): Created new record with 15 non-zero financial metrics
[2025-03-22 05:22:42,139] INFO: Trying adjusted date: 1/2012 (original: 12/2011)
[2025-03-22 05:22:42,152] WARNING: vmc (12/2011): No existing record found(12/2011, 2011-12-31) - creating new one
[2025-03-22 05:22:42,153] INFO: vmc (12/2011): Created new record with 21 non-zero financial metrics
[2025-03-22 05:22:42,166] INFO: Trying adjusted date: 4/2012 (original: 3/2012)
[2025-03-22 05:22:42,179] WARNING: vmc (3/2012): No existing record found(3/2012, 2012-03-31) - creating new one
[2025-03-22 05:22:42,180] INFO: vmc (3/2012): Created new record with 19 non-zero financial metrics
[2025-03-22 05:22:42,196] INFO: Trying adjusted date: 7/2012 (original: 6/2012)
[2025-03-22 05:22:42,209] WARNING: vmc (6/2012): No existing record found(6/2012, 2012-06-30) - creating new one
[2025-03-22 05:22:42,210] INFO: vmc (6/2012): Created new record with 15 non-zero financial metrics
[2025-03-22 05:22:42,237] INFO: vmc (9/2012): Updated existing record with 15 non-zero financial metrics
[2025-03-22 05:22:42,251] WARNING: vmc (12/2012): Found zero values for fields: R&D Expense
[2025-03-22 05:22:42,264] INFO: vmc (12/2012): Updated existing record with 20 non-zero financial metrics
[2025-03-22 05:22:42,291] INFO: vmc (3/2013): Updated existing record with 17 non-zero financial metrics
[2025-03-22 05:22:42,318] INFO: vmc (6/2013): Updated existing record with 0 non-zero financial metrics
[2025-03-22 05:22:42,345] INFO: vmc (9/2013): Updated existing record with 13 non-zero financial metrics
[2025-03-22 05:22:42,359] WARNING: vmc (12/2013): Found zero values for fields: R&D Expense
[2025-03-22 05:22:42,372] INFO: vmc (12/2013): Updated existing record with 20 non-zero financial metrics
[2025-03-22 05:22:42,400] INFO: vmc (3/2014): Updated existing record with 17 non-zero financial metrics
[2025-03-22 05:22:42,428] INFO: vmc (6/2014): Updated existing record with 13 non-zero financial metrics
[2025-03-22 05:22:42,455] INFO: vmc (9/2014): Updated existing record with 14 non-zero financial metrics
[2025-03-22 05:22:42,481] INFO: vmc (12/2014): Updated existing record with 21 non-zero financial metrics
[2025-03-22 05:22:42,510] INFO: vmc (3/2015): Updated existing record with 18 non-zero financial metrics
[2025-03-22 05:22:42,539] INFO: vmc (6/2015): Updated existing record with 14 non-zero financial metrics
[2025-03-22 05:22:42,567] INFO: vmc (9/2015): Updated existing record with 14 non-zero financial metrics
[2025-03-22 05:22:42,599] INFO: vmc (12/2015): Updated existing record with 22 non-zero financial metrics
[2025-03-22 05:22:42,631] INFO: vmc (3/2016): Updated existing record with 20 non-zero financial metrics
[2025-03-22 05:22:42,658] INFO: vmc (6/2016): Updated existing record with 14 non-zero financial metrics
[2025-03-22 05:22:42,685] INFO: vmc (9/2016): Updated existing record with 15 non-zero financial metrics
[2025-03-22 05:22:42,712] INFO: vmc (12/2016): Updated existing record with 22 non-zero financial metrics
[2025-03-22 05:22:42,739] INFO: vmc (3/2017): Updated existing record with 20 non-zero financial metrics
[2025-03-22 05:22:42,765] INFO: vmc (6/2017): Updated existing record with 15 non-zero financial metrics
[2025-03-22 05:22:42,793] INFO: vmc (9/2017): Updated existing record with 15 non-zero financial metrics
[2025-03-22 05:22:42,820] INFO: vmc (12/2017): Updated existing record with 22 non-zero financial metrics
[2025-03-22 05:22:42,847] INFO: vmc (3/2018): Updated existing record with 20 non-zero financial metrics
[2025-03-22 05:22:42,874] INFO: vmc (6/2018): Updated existing record with 15 non-zero financial metrics
[2025-03-22 05:22:42,901] INFO: vmc (9/2018): Updated existing record with 15 non-zero financial metrics
[2025-03-22 05:22:42,928] INFO: vmc (12/2018): Updated existing record with 22 non-zero financial metrics
[2025-03-22 05:22:42,942] WARNING: vmc (3/2019): Found zero values for fields: Share Repurchases
[2025-03-22 05:22:42,955] INFO: vmc (3/2019): Updated existing record with 19 non-zero financial metrics
[2025-03-22 05:22:42,982] INFO: vmc (6/2019): Updated existing record with 15 non-zero financial metrics
[2025-03-22 05:22:43,009] INFO: vmc (9/2019): Updated existing record with 15 non-zero financial metrics
[2025-03-22 05:22:43,036] INFO: vmc (12/2019): Updated existing record with 22 non-zero financial metrics
[2025-03-22 05:22:43,064] INFO: vmc (3/2020): Updated existing record with 20 non-zero financial metrics
[2025-03-22 05:22:43,092] INFO: vmc (6/2020): Updated existing record with 15 non-zero financial metrics
[2025-03-22 05:22:43,119] INFO: vmc (9/2020): Updated existing record with 15 non-zero financial metrics
[2025-03-22 05:22:43,146] INFO: vmc (12/2020): Updated existing record with 22 non-zero financial metrics
[2025-03-22 05:22:43,162] WARNING: vmc (3/2021): Found zero values for fields: Share Repurchases
[2025-03-22 05:22:43,174] INFO: vmc (3/2021): Updated existing record with 19 non-zero financial metrics
[2025-03-22 05:22:43,202] INFO: vmc (6/2021): Updated existing record with 15 non-zero financial metrics
[2025-03-22 05:22:43,228] INFO: vmc (9/2021): Updated existing record with 15 non-zero financial metrics
[2025-03-22 05:22:43,244] WARNING: vmc (12/2021): Found zero values for fields: Share Repurchases
[2025-03-22 05:22:43,257] INFO: vmc (12/2021): Updated existing record with 21 non-zero financial metrics
[2025-03-22 05:22:43,284] INFO: vmc (3/2022): Updated existing record with 19 non-zero financial metrics
[2025-03-22 05:22:43,312] INFO: vmc (6/2022): Updated existing record with 15 non-zero financial metrics
[2025-03-22 05:22:43,340] INFO: vmc (9/2022): Updated existing record with 15 non-zero financial metrics
[2025-03-22 05:22:43,354] WARNING: vmc (12/2022): Found zero values for fields: Share Repurchases
[2025-03-22 05:22:43,366] INFO: vmc (12/2022): Updated existing record with 21 non-zero financial metrics
[2025-03-22 05:22:43,393] INFO: vmc (3/2023): Updated existing record with 19 non-zero financial metrics
[2025-03-22 05:22:43,420] INFO: vmc (6/2023): Updated existing record with 15 non-zero financial metrics
[2025-03-22 05:22:43,446] INFO: vmc (9/2023): Updated existing record with 15 non-zero financial metrics
[2025-03-22 05:22:43,474] INFO: vmc (12/2023): Updated existing record with 21 non-zero financial metrics
[2025-03-22 05:22:43,502] INFO: vmc (3/2024): Updated existing record with 20 non-zero financial metrics
[2025-03-22 05:22:43,528] INFO: vmc (6/2024): Updated existing record with 15 non-zero financial metrics
[2025-03-22 05:22:43,554] INFO: vmc (9/2024): Updated existing record with 15 non-zero financial metrics
[2025-03-22 05:22:43,568] INFO: Trying adjusted date: 1/2025 (original: 12/2024)
[2025-03-22 05:22:43,581] WARNING: vmc (12/2024): No existing record found(12/2024, 2024-12-31) - creating new one
[2025-03-22 05:22:43,582] INFO: vmc (12/2024): Created new record with 20 non-zero financial metrics
