[2025-03-22 05:53:38,026] INFO: Trying adjusted date: 4/2010 (original: 3/2010)
[2025-03-22 05:53:38,038] WARNING: vrsn (3/2010): No existing record found(3/2010, 2010-03-31) - creating new one
[2025-03-22 05:53:38,039] INFO: vrsn (3/2010): Created new record with 0 non-zero financial metrics
[2025-03-22 05:53:38,055] INFO: Trying adjusted date: 7/2010 (original: 6/2010)
[2025-03-22 05:53:38,069] WARNING: vrsn (6/2010): No existing record found(6/2010, 2010-06-30) - creating new one
[2025-03-22 05:53:38,070] INFO: vrsn (6/2010): Created new record with 0 non-zero financial metrics
[2025-03-22 05:53:38,085] INFO: Trying adjusted date: 10/2010 (original: 9/2010)
[2025-03-22 05:53:38,098] WARNING: vrsn (9/2010): No existing record found(9/2010, 2010-09-30) - creating new one
[2025-03-22 05:53:38,098] INFO: vrsn (9/2010): Created new record with 0 non-zero financial metrics
[2025-03-22 05:53:38,113] INFO: Trying adjusted date: 1/2011 (original: 12/2010)
[2025-03-22 05:53:38,126] WARNING: vrsn (12/2010): No existing record found(12/2010, 2010-12-31) - creating new one
[2025-03-22 05:53:38,127] INFO: vrsn (12/2010): Created new record with 0 non-zero financial metrics
[2025-03-22 05:53:38,142] INFO: Trying adjusted date: 4/2011 (original: 3/2011)
[2025-03-22 05:53:38,156] WARNING: vrsn (3/2011): No existing record found(3/2011, 2011-03-31) - creating new one
[2025-03-22 05:53:38,156] INFO: vrsn (3/2011): Created new record with 0 non-zero financial metrics
[2025-03-22 05:53:38,172] INFO: Trying adjusted date: 7/2011 (original: 6/2011)
[2025-03-22 05:53:38,186] WARNING: vrsn (6/2011): No existing record found(6/2011, 2011-06-30) - creating new one
[2025-03-22 05:53:38,186] INFO: vrsn (6/2011): Created new record with 15 non-zero financial metrics
[2025-03-22 05:53:38,204] INFO: Trying adjusted date: 10/2011 (original: 9/2011)
[2025-03-22 05:53:38,217] WARNING: vrsn (9/2011): No existing record found(9/2011, 2011-09-30) - creating new one
[2025-03-22 05:53:38,217] INFO: vrsn (9/2011): Created new record with 15 non-zero financial metrics
[2025-03-22 05:53:38,235] INFO: Trying adjusted date: 1/2012 (original: 12/2011)
[2025-03-22 05:53:38,248] WARNING: vrsn (12/2011): No existing record found(12/2011, 2011-12-31) - creating new one
[2025-03-22 05:53:38,249] INFO: vrsn (12/2011): Created new record with 21 non-zero financial metrics
[2025-03-22 05:53:38,263] INFO: Trying adjusted date: 4/2012 (original: 3/2012)
[2025-03-22 05:53:38,277] WARNING: vrsn (3/2012): No existing record found(3/2012, 2012-03-31) - creating new one
[2025-03-22 05:53:38,277] INFO: vrsn (3/2012): Created new record with 21 non-zero financial metrics
[2025-03-22 05:53:38,292] INFO: Trying adjusted date: 7/2012 (original: 6/2012)
[2025-03-22 05:53:38,305] WARNING: vrsn (6/2012): No existing record found(6/2012, 2012-06-30) - creating new one
[2025-03-22 05:53:38,306] INFO: vrsn (6/2012): Created new record with 16 non-zero financial metrics
[2025-03-22 05:53:38,334] INFO: vrsn (9/2012): Updated existing record with 16 non-zero financial metrics
[2025-03-22 05:53:38,362] INFO: vrsn (12/2012): Updated existing record with 22 non-zero financial metrics
[2025-03-22 05:53:38,390] INFO: vrsn (3/2013): Updated existing record with 21 non-zero financial metrics
[2025-03-22 05:53:38,418] INFO: vrsn (6/2013): Updated existing record with 0 non-zero financial metrics
[2025-03-22 05:53:38,433] WARNING: vrsn (9/2013): Found zero values for fields: Long Term Debt
[2025-03-22 05:53:38,446] INFO: vrsn (9/2013): Updated existing record with 16 non-zero financial metrics
[2025-03-22 05:53:38,462] WARNING: vrsn (12/2013): Found zero values for fields: Long Term Debt
[2025-03-22 05:53:38,475] INFO: vrsn (12/2013): Updated existing record with 21 non-zero financial metrics
[2025-03-22 05:53:38,505] INFO: vrsn (3/2014): Updated existing record with 20 non-zero financial metrics
[2025-03-22 05:53:38,533] INFO: vrsn (6/2014): Updated existing record with 15 non-zero financial metrics
[2025-03-22 05:53:38,560] INFO: vrsn (9/2014): Updated existing record with 15 non-zero financial metrics
[2025-03-22 05:53:38,589] INFO: vrsn (12/2014): Updated existing record with 21 non-zero financial metrics
[2025-03-22 05:53:38,617] INFO: vrsn (3/2015): Updated existing record with 20 non-zero financial metrics
[2025-03-22 05:53:38,647] INFO: vrsn (6/2015): Updated existing record with 15 non-zero financial metrics
[2025-03-22 05:53:38,674] INFO: vrsn (9/2015): Updated existing record with 15 non-zero financial metrics
[2025-03-22 05:53:38,701] INFO: vrsn (12/2015): Updated existing record with 21 non-zero financial metrics
[2025-03-22 05:53:38,728] INFO: vrsn (3/2016): Updated existing record with 20 non-zero financial metrics
[2025-03-22 05:53:38,756] INFO: vrsn (6/2016): Updated existing record with 15 non-zero financial metrics
[2025-03-22 05:53:38,784] INFO: vrsn (9/2016): Updated existing record with 15 non-zero financial metrics
[2025-03-22 05:53:38,810] INFO: vrsn (12/2016): Updated existing record with 21 non-zero financial metrics
[2025-03-22 05:53:38,839] INFO: vrsn (3/2017): Updated existing record with 20 non-zero financial metrics
[2025-03-22 05:53:38,866] INFO: vrsn (6/2017): Updated existing record with 15 non-zero financial metrics
[2025-03-22 05:53:38,894] INFO: vrsn (9/2017): Updated existing record with 15 non-zero financial metrics
[2025-03-22 05:53:38,923] INFO: vrsn (12/2017): Updated existing record with 21 non-zero financial metrics
[2025-03-22 05:53:38,950] INFO: vrsn (3/2018): Updated existing record with 20 non-zero financial metrics
[2025-03-22 05:53:38,977] INFO: vrsn (6/2018): Updated existing record with 15 non-zero financial metrics
[2025-03-22 05:53:39,005] INFO: vrsn (9/2018): Updated existing record with 15 non-zero financial metrics
[2025-03-22 05:53:39,032] INFO: vrsn (12/2018): Updated existing record with 21 non-zero financial metrics
[2025-03-22 05:53:39,060] INFO: vrsn (3/2019): Updated existing record with 20 non-zero financial metrics
[2025-03-22 05:53:39,088] INFO: vrsn (6/2019): Updated existing record with 15 non-zero financial metrics
[2025-03-22 05:53:39,115] INFO: vrsn (9/2019): Updated existing record with 15 non-zero financial metrics
[2025-03-22 05:53:39,142] INFO: vrsn (12/2019): Updated existing record with 21 non-zero financial metrics
[2025-03-22 05:53:39,169] INFO: vrsn (3/2020): Updated existing record with 20 non-zero financial metrics
[2025-03-22 05:53:39,197] INFO: vrsn (6/2020): Updated existing record with 15 non-zero financial metrics
[2025-03-22 05:53:39,224] INFO: vrsn (9/2020): Updated existing record with 15 non-zero financial metrics
[2025-03-22 05:53:39,254] INFO: vrsn (12/2020): Updated existing record with 21 non-zero financial metrics
[2025-03-22 05:53:39,281] INFO: vrsn (3/2021): Updated existing record with 20 non-zero financial metrics
[2025-03-22 05:53:39,308] INFO: vrsn (6/2021): Updated existing record with 15 non-zero financial metrics
[2025-03-22 05:53:39,337] INFO: vrsn (9/2021): Updated existing record with 15 non-zero financial metrics
[2025-03-22 05:53:39,365] INFO: vrsn (12/2021): Updated existing record with 21 non-zero financial metrics
[2025-03-22 05:53:39,392] INFO: vrsn (3/2022): Updated existing record with 18 non-zero financial metrics
[2025-03-22 05:53:39,421] INFO: vrsn (6/2022): Updated existing record with 13 non-zero financial metrics
[2025-03-22 05:53:39,449] INFO: vrsn (9/2022): Updated existing record with 13 non-zero financial metrics
[2025-03-22 05:53:39,477] INFO: vrsn (12/2022): Updated existing record with 19 non-zero financial metrics
[2025-03-22 05:53:39,504] INFO: vrsn (3/2023): Updated existing record with 17 non-zero financial metrics
[2025-03-22 05:53:39,531] INFO: vrsn (6/2023): Updated existing record with 14 non-zero financial metrics
[2025-03-22 05:53:39,558] INFO: vrsn (9/2023): Updated existing record with 14 non-zero financial metrics
[2025-03-22 05:53:39,586] INFO: vrsn (12/2023): Updated existing record with 18 non-zero financial metrics
[2025-03-22 05:53:39,601] INFO: Trying adjusted date: 4/2024 (original: 3/2024)
[2025-03-22 05:53:39,612] WARNING: vrsn (3/2024): No existing record found(3/2024, 2024-03-31) - creating new one
[2025-03-22 05:53:39,613] INFO: vrsn (3/2024): Created new record with 18 non-zero financial metrics
[2025-03-22 05:53:39,628] INFO: Trying adjusted date: 7/2024 (original: 6/2024)
[2025-03-22 05:53:39,641] WARNING: vrsn (6/2024): No existing record found(6/2024, 2024-06-30) - creating new one
[2025-03-22 05:53:39,641] INFO: vrsn (6/2024): Created new record with 14 non-zero financial metrics
[2025-03-22 05:53:39,656] INFO: Trying adjusted date: 10/2024 (original: 9/2024)
[2025-03-22 05:53:39,669] WARNING: vrsn (9/2024): No existing record found(9/2024, 2024-09-30) - creating new one
[2025-03-22 05:53:39,669] INFO: vrsn (9/2024): Created new record with 14 non-zero financial metrics
[2025-03-22 05:53:39,684] INFO: Trying adjusted date: 1/2025 (original: 12/2024)
[2025-03-22 05:53:39,696] WARNING: vrsn (12/2024): No existing record found(12/2024, 2024-12-31) - creating new one
[2025-03-22 05:53:39,697] INFO: vrsn (12/2024): Created new record with 18 non-zero financial metrics
