[2025-03-22 08:42:54,747] INFO: Trying adjusted date: 4/2017 (original: 3/2017)
[2025-03-22 08:42:54,759] WARNING: vst (3/2017): No existing record found(3/2017, 2017-03-31) - creating new one
[2025-03-22 08:42:54,760] INFO: vst (3/2017): Created new record with 7 non-zero financial metrics
[2025-03-22 08:42:54,789] INFO: vst (6/2017): Updated existing record with 7 non-zero financial metrics
[2025-03-22 08:42:54,818] INFO: vst (9/2017): Updated existing record with 7 non-zero financial metrics
[2025-03-22 08:42:54,846] INFO: vst (12/2017): Updated existing record with 8 non-zero financial metrics
[2025-03-22 08:42:54,875] INFO: vst (3/2018): Updated existing record with 15 non-zero financial metrics
[2025-03-22 08:42:54,902] INFO: vst (6/2018): Updated existing record with 13 non-zero financial metrics
[2025-03-22 08:42:54,932] INFO: vst (9/2018): Updated existing record with 13 non-zero financial metrics
[2025-03-22 08:42:54,963] INFO: vst (12/2018): Updated existing record with 17 non-zero financial metrics
[2025-03-22 08:42:54,992] INFO: vst (3/2019): Updated existing record with 18 non-zero financial metrics
[2025-03-22 08:42:55,019] INFO: vst (6/2019): Updated existing record with 13 non-zero financial metrics
[2025-03-22 08:42:55,049] INFO: vst (9/2019): Updated existing record with 13 non-zero financial metrics
[2025-03-22 08:42:55,077] INFO: vst (12/2019): Updated existing record with 18 non-zero financial metrics
[2025-03-22 08:42:55,092] WARNING: vst (3/2020): Found zero values for fields: Share Repurchases
[2025-03-22 08:42:55,105] INFO: vst (3/2020): Updated existing record with 17 non-zero financial metrics
[2025-03-22 08:42:55,134] INFO: vst (6/2020): Updated existing record with 13 non-zero financial metrics
[2025-03-22 08:42:55,163] INFO: vst (9/2020): Updated existing record with 13 non-zero financial metrics
[2025-03-22 08:42:55,179] WARNING: vst (12/2020): Found zero values for fields: Share Repurchases
[2025-03-22 08:42:55,192] INFO: vst (12/2020): Updated existing record with 17 non-zero financial metrics
[2025-03-22 08:42:55,221] INFO: vst (3/2021): Updated existing record with 18 non-zero financial metrics
[2025-03-22 08:42:55,250] INFO: vst (6/2021): Updated existing record with 13 non-zero financial metrics
[2025-03-22 08:42:55,280] INFO: vst (9/2021): Updated existing record with 13 non-zero financial metrics
[2025-03-22 08:42:55,309] INFO: vst (12/2021): Updated existing record with 18 non-zero financial metrics
[2025-03-22 08:42:55,337] INFO: vst (3/2022): Updated existing record with 18 non-zero financial metrics
[2025-03-22 08:42:55,365] INFO: vst (6/2022): Updated existing record with 13 non-zero financial metrics
[2025-03-22 08:42:55,396] INFO: vst (9/2022): Updated existing record with 13 non-zero financial metrics
[2025-03-22 08:42:55,424] INFO: vst (12/2022): Updated existing record with 18 non-zero financial metrics
[2025-03-22 08:42:55,452] INFO: vst (3/2023): Updated existing record with 18 non-zero financial metrics
[2025-03-22 08:42:55,480] INFO: vst (6/2023): Updated existing record with 13 non-zero financial metrics
[2025-03-22 08:42:55,509] INFO: vst (9/2023): Updated existing record with 13 non-zero financial metrics
[2025-03-22 08:42:55,537] INFO: vst (12/2023): Updated existing record with 19 non-zero financial metrics
[2025-03-22 08:42:55,567] INFO: vst (3/2024): Updated existing record with 18 non-zero financial metrics
[2025-03-22 08:42:55,596] INFO: vst (6/2024): Updated existing record with 14 non-zero financial metrics
[2025-03-22 08:42:55,625] INFO: vst (9/2024): Updated existing record with 14 non-zero financial metrics
[2025-03-22 08:42:55,640] INFO: Trying adjusted date: 1/2025 (original: 12/2024)
[2025-03-22 08:42:55,653] WARNING: vst (12/2024): No existing record found(12/2024, 2024-12-31) - creating new one
[2025-03-22 08:42:55,654] INFO: vst (12/2024): Created new record with 18 non-zero financial metrics
