[2025-03-22 06:04:26,326] INFO: Trying adjusted date: 4/2010 (original: 3/2010)
[2025-03-22 06:04:26,339] WARNING: vtr (3/2010): No existing record found(3/2010, 2010-03-31) - creating new one
[2025-03-22 06:04:26,339] INFO: vtr (3/2010): Created new record with 0 non-zero financial metrics
[2025-03-22 06:04:26,355] INFO: Trying adjusted date: 7/2010 (original: 6/2010)
[2025-03-22 06:04:26,369] WARNING: vtr (6/2010): No existing record found(6/2010, 2010-06-30) - creating new one
[2025-03-22 06:04:26,372] INFO: vtr (6/2010): Created new record with 0 non-zero financial metrics
[2025-03-22 06:04:26,386] INFO: Trying adjusted date: 10/2010 (original: 9/2010)
[2025-03-22 06:04:26,399] WARNING: vtr (9/2010): No existing record found(9/2010, 2010-09-30) - creating new one
[2025-03-22 06:04:26,400] INFO: vtr (9/2010): Created new record with 0 non-zero financial metrics
[2025-03-22 06:04:26,414] INFO: Trying adjusted date: 4/2011 (original: 3/2011)
[2025-03-22 06:04:26,427] WARNING: vtr (3/2011): No existing record found(3/2011, 2011-03-31) - creating new one
[2025-03-22 06:04:26,427] INFO: vtr (3/2011): Created new record with 0 non-zero financial metrics
[2025-03-22 06:04:26,441] INFO: Trying adjusted date: 7/2011 (original: 6/2011)
[2025-03-22 06:04:26,454] WARNING: vtr (6/2011): No existing record found(6/2011, 2011-06-30) - creating new one
[2025-03-22 06:04:26,454] INFO: vtr (6/2011): Created new record with 12 non-zero financial metrics
[2025-03-22 06:04:26,468] INFO: Trying adjusted date: 10/2011 (original: 9/2011)
[2025-03-22 06:04:26,482] WARNING: vtr (9/2011): No existing record found(9/2011, 2011-09-30) - creating new one
[2025-03-22 06:04:26,482] INFO: vtr (9/2011): Created new record with 13 non-zero financial metrics
[2025-03-22 06:04:26,497] INFO: Trying adjusted date: 1/2012 (original: 12/2011)
[2025-03-22 06:04:26,509] WARNING: vtr (12/2011): No existing record found(12/2011, 2011-12-31) - creating new one
[2025-03-22 06:04:26,510] INFO: vtr (12/2011): Created new record with 15 non-zero financial metrics
[2025-03-22 06:04:26,524] INFO: Trying adjusted date: 4/2012 (original: 3/2012)
[2025-03-22 06:04:26,536] WARNING: vtr (3/2012): No existing record found(3/2012, 2012-03-31) - creating new one
[2025-03-22 06:04:26,537] INFO: vtr (3/2012): Created new record with 15 non-zero financial metrics
[2025-03-22 06:04:26,552] INFO: Trying adjusted date: 7/2012 (original: 6/2012)
[2025-03-22 06:04:26,564] WARNING: vtr (6/2012): No existing record found(6/2012, 2012-06-30) - creating new one
[2025-03-22 06:04:26,565] INFO: vtr (6/2012): Created new record with 11 non-zero financial metrics
[2025-03-22 06:04:26,591] INFO: vtr (9/2012): Updated existing record with 11 non-zero financial metrics
[2025-03-22 06:04:26,619] INFO: vtr (12/2012): Updated existing record with 16 non-zero financial metrics
[2025-03-22 06:04:26,647] INFO: vtr (3/2013): Updated existing record with 16 non-zero financial metrics
[2025-03-22 06:04:26,673] INFO: vtr (6/2013): Updated existing record with 0 non-zero financial metrics
[2025-03-22 06:04:26,701] INFO: vtr (9/2013): Updated existing record with 11 non-zero financial metrics
[2025-03-22 06:04:26,728] INFO: vtr (12/2013): Updated existing record with 15 non-zero financial metrics
[2025-03-22 06:04:26,742] INFO: Trying adjusted date: 4/2014 (original: 3/2014)
[2025-03-22 06:04:26,755] WARNING: vtr (3/2014): No existing record found(3/2014, 2014-03-31) - creating new one
[2025-03-22 06:04:26,755] INFO: vtr (3/2014): Created new record with 14 non-zero financial metrics
[2025-03-22 06:04:26,781] INFO: vtr (6/2014): Updated existing record with 10 non-zero financial metrics
[2025-03-22 06:04:26,808] INFO: vtr (9/2014): Updated existing record with 10 non-zero financial metrics
[2025-03-22 06:04:26,835] INFO: vtr (12/2014): Updated existing record with 15 non-zero financial metrics
[2025-03-22 06:04:26,862] INFO: vtr (3/2015): Updated existing record with 14 non-zero financial metrics
[2025-03-22 06:04:26,889] INFO: vtr (6/2015): Updated existing record with 10 non-zero financial metrics
[2025-03-22 06:04:26,916] INFO: vtr (9/2015): Updated existing record with 11 non-zero financial metrics
[2025-03-22 06:04:26,944] INFO: vtr (12/2015): Updated existing record with 16 non-zero financial metrics
[2025-03-22 06:04:26,973] INFO: vtr (3/2016): Updated existing record with 16 non-zero financial metrics
[2025-03-22 06:04:27,000] INFO: vtr (6/2016): Updated existing record with 12 non-zero financial metrics
[2025-03-22 06:04:27,028] INFO: vtr (9/2016): Updated existing record with 12 non-zero financial metrics
[2025-03-22 06:04:27,058] INFO: vtr (12/2016): Updated existing record with 16 non-zero financial metrics
[2025-03-22 06:04:27,085] INFO: vtr (3/2017): Updated existing record with 16 non-zero financial metrics
[2025-03-22 06:04:27,114] INFO: vtr (6/2017): Updated existing record with 12 non-zero financial metrics
[2025-03-22 06:04:27,141] INFO: vtr (9/2017): Updated existing record with 12 non-zero financial metrics
[2025-03-22 06:04:27,169] INFO: vtr (12/2017): Updated existing record with 16 non-zero financial metrics
[2025-03-22 06:04:27,197] INFO: vtr (3/2018): Updated existing record with 16 non-zero financial metrics
[2025-03-22 06:04:27,224] INFO: vtr (6/2018): Updated existing record with 12 non-zero financial metrics
[2025-03-22 06:04:27,249] INFO: vtr (9/2018): Updated existing record with 11 non-zero financial metrics
[2025-03-22 06:04:27,276] INFO: vtr (12/2018): Updated existing record with 15 non-zero financial metrics
[2025-03-22 06:04:27,303] INFO: vtr (3/2019): Updated existing record with 14 non-zero financial metrics
[2025-03-22 06:04:27,331] INFO: vtr (6/2019): Updated existing record with 10 non-zero financial metrics
[2025-03-22 06:04:27,358] INFO: vtr (9/2019): Updated existing record with 10 non-zero financial metrics
[2025-03-22 06:04:27,384] INFO: vtr (12/2019): Updated existing record with 15 non-zero financial metrics
[2025-03-22 06:04:27,411] INFO: vtr (3/2020): Updated existing record with 13 non-zero financial metrics
[2025-03-22 06:04:27,438] INFO: vtr (6/2020): Updated existing record with 10 non-zero financial metrics
[2025-03-22 06:04:27,468] INFO: vtr (9/2020): Updated existing record with 10 non-zero financial metrics
[2025-03-22 06:04:27,495] INFO: vtr (12/2020): Updated existing record with 14 non-zero financial metrics
[2025-03-22 06:04:27,522] INFO: vtr (3/2021): Updated existing record with 13 non-zero financial metrics
[2025-03-22 06:04:27,550] INFO: vtr (6/2021): Updated existing record with 10 non-zero financial metrics
[2025-03-22 06:04:27,578] INFO: vtr (9/2021): Updated existing record with 10 non-zero financial metrics
[2025-03-22 06:04:27,604] INFO: vtr (12/2021): Updated existing record with 14 non-zero financial metrics
[2025-03-22 06:04:27,634] INFO: vtr (3/2022): Updated existing record with 13 non-zero financial metrics
[2025-03-22 06:04:27,661] INFO: vtr (6/2022): Updated existing record with 10 non-zero financial metrics
[2025-03-22 06:04:27,675] WARNING: vtr (9/2022): Found zero values for fields: EPS Diluted
[2025-03-22 06:04:27,689] INFO: vtr (9/2022): Updated existing record with 9 non-zero financial metrics
[2025-03-22 06:04:27,717] INFO: vtr (12/2022): Updated existing record with 14 non-zero financial metrics
[2025-03-22 06:04:27,743] INFO: vtr (3/2023): Updated existing record with 13 non-zero financial metrics
[2025-03-22 06:04:27,770] INFO: vtr (6/2023): Updated existing record with 10 non-zero financial metrics
[2025-03-22 06:04:27,797] INFO: vtr (9/2023): Updated existing record with 10 non-zero financial metrics
[2025-03-22 06:04:27,826] INFO: vtr (12/2023): Updated existing record with 14 non-zero financial metrics
[2025-03-22 06:04:27,852] INFO: vtr (3/2024): Updated existing record with 13 non-zero financial metrics
[2025-03-22 06:04:27,884] INFO: vtr (6/2024): Updated existing record with 10 non-zero financial metrics
[2025-03-22 06:04:27,914] INFO: vtr (9/2024): Updated existing record with 10 non-zero financial metrics
[2025-03-22 06:04:27,930] INFO: Trying adjusted date: 1/2025 (original: 12/2024)
[2025-03-22 06:04:27,945] WARNING: vtr (12/2024): No existing record found(12/2024, 2024-12-31) - creating new one
[2025-03-22 06:04:27,945] INFO: vtr (12/2024): Created new record with 15 non-zero financial metrics
