[2025-03-22 06:45:56,167] INFO: Trying adjusted date: 7/2010 (original: 6/2010)
[2025-03-22 06:45:56,180] WARNING: wab (6/2010): No existing record found(6/2010, 2010-06-30) - creating new one
[2025-03-22 06:45:56,180] INFO: wab (6/2010): Created new record with 0 non-zero financial metrics
[2025-03-22 06:45:56,195] INFO: Trying adjusted date: 10/2010 (original: 9/2010)
[2025-03-22 06:45:56,208] WARNING: wab (9/2010): No existing record found(9/2010, 2010-09-30) - creating new one
[2025-03-22 06:45:56,208] INFO: wab (9/2010): Created new record with 0 non-zero financial metrics
[2025-03-22 06:45:56,225] INFO: Trying adjusted date: 1/2011 (original: 12/2010)
[2025-03-22 06:45:56,238] WARNING: wab (12/2010): No existing record found(12/2010, 2010-12-31) - creating new one
[2025-03-22 06:45:56,238] INFO: wab (12/2010): Created new record with 0 non-zero financial metrics
[2025-03-22 06:45:56,252] INFO: Trying adjusted date: 4/2011 (original: 3/2011)
[2025-03-22 06:45:56,265] WARNING: wab (3/2011): No existing record found(3/2011, 2011-03-31) - creating new one
[2025-03-22 06:45:56,265] INFO: wab (3/2011): Created new record with 0 non-zero financial metrics
[2025-03-22 06:45:56,279] INFO: Trying adjusted date: 7/2011 (original: 6/2011)
[2025-03-22 06:45:56,292] WARNING: wab (6/2011): No existing record found(6/2011, 2011-06-30) - creating new one
[2025-03-22 06:45:56,292] INFO: wab (6/2011): Created new record with 17 non-zero financial metrics
[2025-03-22 06:45:56,307] INFO: Trying adjusted date: 10/2011 (original: 9/2011)
[2025-03-22 06:45:56,319] WARNING: wab (9/2011): No existing record found(9/2011, 2011-09-30) - creating new one
[2025-03-22 06:45:56,320] INFO: wab (9/2011): Created new record with 17 non-zero financial metrics
[2025-03-22 06:45:56,335] INFO: Trying adjusted date: 1/2012 (original: 12/2011)
[2025-03-22 06:45:56,348] WARNING: wab (12/2011): No existing record found(12/2011, 2011-12-31) - creating new one
[2025-03-22 06:45:56,349] INFO: wab (12/2011): Created new record with 21 non-zero financial metrics
[2025-03-22 06:45:56,363] INFO: Trying adjusted date: 4/2012 (original: 3/2012)
[2025-03-22 06:45:56,376] WARNING: wab (3/2012): No existing record found(3/2012, 2012-03-31) - creating new one
[2025-03-22 06:45:56,377] INFO: wab (3/2012): Created new record with 21 non-zero financial metrics
[2025-03-22 06:45:56,391] INFO: Trying adjusted date: 7/2012 (original: 6/2012)
[2025-03-22 06:45:56,406] WARNING: wab (6/2012): No existing record found(6/2012, 2012-06-30) - creating new one
[2025-03-22 06:45:56,406] INFO: wab (6/2012): Created new record with 17 non-zero financial metrics
[2025-03-22 06:45:56,433] INFO: wab (9/2012): Updated existing record with 17 non-zero financial metrics
[2025-03-22 06:45:56,461] INFO: wab (12/2012): Updated existing record with 21 non-zero financial metrics
[2025-03-22 06:45:56,489] INFO: wab (3/2013): Updated existing record with 21 non-zero financial metrics
[2025-03-22 06:45:56,517] INFO: wab (6/2013): Updated existing record with 0 non-zero financial metrics
[2025-03-22 06:45:56,543] INFO: wab (9/2013): Updated existing record with 16 non-zero financial metrics
[2025-03-22 06:45:56,571] INFO: wab (12/2013): Updated existing record with 20 non-zero financial metrics
[2025-03-22 06:45:56,599] INFO: wab (3/2014): Updated existing record with 20 non-zero financial metrics
[2025-03-22 06:45:56,626] INFO: wab (6/2014): Updated existing record with 16 non-zero financial metrics
[2025-03-22 06:45:56,653] INFO: wab (9/2014): Updated existing record with 16 non-zero financial metrics
[2025-03-22 06:45:56,682] INFO: wab (12/2014): Updated existing record with 18 non-zero financial metrics
[2025-03-22 06:45:56,709] INFO: wab (3/2015): Updated existing record with 17 non-zero financial metrics
[2025-03-22 06:45:56,737] INFO: wab (6/2015): Updated existing record with 16 non-zero financial metrics
[2025-03-22 06:45:56,765] INFO: wab (9/2015): Updated existing record with 15 non-zero financial metrics
[2025-03-22 06:45:56,792] INFO: wab (12/2015): Updated existing record with 17 non-zero financial metrics
[2025-03-22 06:45:56,820] INFO: wab (3/2016): Updated existing record with 17 non-zero financial metrics
[2025-03-22 06:45:56,847] INFO: wab (6/2016): Updated existing record with 15 non-zero financial metrics
[2025-03-22 06:45:56,875] INFO: wab (9/2016): Updated existing record with 15 non-zero financial metrics
[2025-03-22 06:45:56,903] INFO: wab (12/2016): Updated existing record with 20 non-zero financial metrics
[2025-03-22 06:45:56,918] WARNING: wab (3/2017): Found zero values for fields: Share Repurchases
[2025-03-22 06:45:56,930] INFO: wab (3/2017): Updated existing record with 17 non-zero financial metrics
[2025-03-22 06:45:56,945] INFO: Trying adjusted date: 6/2017 (original: 7/2017)
[2025-03-22 06:45:56,958] INFO: Found existing row with adjusted date: 6/2017
[2025-03-22 06:45:56,971] INFO: wab (6/2017): Updated existing record with 0 non-zero financial metrics
[2025-03-22 06:45:56,997] INFO: wab (9/2017): Updated existing record with 15 non-zero financial metrics
[2025-03-22 06:45:57,011] WARNING: wab (12/2017): Found zero values for fields: Share Repurchases
[2025-03-22 06:45:57,024] INFO: wab (12/2017): Updated existing record with 19 non-zero financial metrics
[2025-03-22 06:45:57,052] INFO: wab (3/2018): Updated existing record with 20 non-zero financial metrics
[2025-03-22 06:45:57,079] INFO: wab (6/2018): Updated existing record with 17 non-zero financial metrics
[2025-03-22 06:45:57,105] INFO: wab (9/2018): Updated existing record with 17 non-zero financial metrics
[2025-03-22 06:45:57,122] WARNING: wab (12/2018): Found zero values for fields: Share Repurchases
[2025-03-22 06:45:57,135] INFO: wab (12/2018): Updated existing record with 20 non-zero financial metrics
[2025-03-22 06:45:57,162] INFO: wab (3/2019): Updated existing record with 20 non-zero financial metrics
[2025-03-22 06:45:57,191] INFO: wab (6/2019): Updated existing record with 16 non-zero financial metrics
[2025-03-22 06:45:57,219] INFO: wab (9/2019): Updated existing record with 16 non-zero financial metrics
[2025-03-22 06:45:57,246] INFO: wab (12/2019): Updated existing record with 21 non-zero financial metrics
[2025-03-22 06:45:57,274] INFO: wab (3/2020): Updated existing record with 22 non-zero financial metrics
[2025-03-22 06:45:57,305] INFO: wab (6/2020): Updated existing record with 17 non-zero financial metrics
[2025-03-22 06:45:57,334] INFO: wab (9/2020): Updated existing record with 17 non-zero financial metrics
[2025-03-22 06:45:57,364] INFO: wab (12/2020): Updated existing record with 22 non-zero financial metrics
[2025-03-22 06:45:57,391] INFO: wab (3/2021): Updated existing record with 22 non-zero financial metrics
[2025-03-22 06:45:57,421] INFO: wab (6/2021): Updated existing record with 17 non-zero financial metrics
[2025-03-22 06:45:57,449] INFO: wab (9/2021): Updated existing record with 16 non-zero financial metrics
[2025-03-22 06:45:57,477] INFO: wab (12/2021): Updated existing record with 22 non-zero financial metrics
[2025-03-22 06:45:57,507] INFO: wab (3/2022): Updated existing record with 22 non-zero financial metrics
[2025-03-22 06:45:57,535] INFO: wab (6/2022): Updated existing record with 17 non-zero financial metrics
[2025-03-22 06:45:57,563] INFO: wab (9/2022): Updated existing record with 17 non-zero financial metrics
[2025-03-22 06:45:57,592] INFO: wab (12/2022): Updated existing record with 21 non-zero financial metrics
[2025-03-22 06:45:57,622] INFO: wab (3/2023): Updated existing record with 21 non-zero financial metrics
[2025-03-22 06:45:57,649] INFO: wab (6/2023): Updated existing record with 16 non-zero financial metrics
[2025-03-22 06:45:57,676] INFO: wab (9/2023): Updated existing record with 16 non-zero financial metrics
[2025-03-22 06:45:57,703] INFO: wab (12/2023): Updated existing record with 21 non-zero financial metrics
[2025-03-22 06:45:57,731] INFO: wab (3/2024): Updated existing record with 21 non-zero financial metrics
[2025-03-22 06:45:57,758] INFO: wab (6/2024): Updated existing record with 16 non-zero financial metrics
[2025-03-22 06:45:57,785] INFO: wab (9/2024): Updated existing record with 16 non-zero financial metrics
[2025-03-22 06:45:57,799] INFO: Trying adjusted date: 1/2025 (original: 12/2024)
[2025-03-22 06:45:57,812] WARNING: wab (12/2024): No existing record found(12/2024, 2024-12-31) - creating new one
[2025-03-22 06:45:57,813] INFO: wab (12/2024): Created new record with 21 non-zero financial metrics
