[2025-03-22 12:12:24,158] INFO: Trying adjusted date: 7/2011 (original: 6/2011)
[2025-03-22 12:12:24,170] WARNING: wal (6/2011): No existing record found(6/2011, 2011-06-30) - creating new one
[2025-03-22 12:12:24,171] INFO: wal (6/2011): Created new record with 10 non-zero financial metrics
[2025-03-22 12:12:24,188] INFO: Trying adjusted date: 10/2011 (original: 9/2011)
[2025-03-22 12:12:24,202] WARNING: wal (9/2011): No existing record found(9/2011, 2011-09-30) - creating new one
[2025-03-22 12:12:24,202] INFO: wal (9/2011): Created new record with 10 non-zero financial metrics
[2025-03-22 12:12:24,218] INFO: Trying adjusted date: 1/2012 (original: 12/2011)
[2025-03-22 12:12:24,232] WARNING: wal (12/2011): No existing record found(12/2011, 2011-12-31) - creating new one
[2025-03-22 12:12:24,232] INFO: wal (12/2011): Created new record with 13 non-zero financial metrics
[2025-03-22 12:12:24,249] INFO: Trying adjusted date: 4/2012 (original: 3/2012)
[2025-03-22 12:12:24,263] WARNING: wal (3/2012): No existing record found(3/2012, 2012-03-31) - creating new one
[2025-03-22 12:12:24,264] INFO: wal (3/2012): Created new record with 13 non-zero financial metrics
[2025-03-22 12:12:24,279] INFO: Trying adjusted date: 7/2012 (original: 6/2012)
[2025-03-22 12:12:24,292] WARNING: wal (6/2012): No existing record found(6/2012, 2012-06-30) - creating new one
[2025-03-22 12:12:24,293] INFO: wal (6/2012): Created new record with 11 non-zero financial metrics
[2025-03-22 12:12:24,322] INFO: wal (9/2012): Updated existing record with 11 non-zero financial metrics
[2025-03-22 12:12:24,353] INFO: wal (12/2012): Updated existing record with 15 non-zero financial metrics
[2025-03-22 12:12:24,383] INFO: wal (3/2013): Updated existing record with 16 non-zero financial metrics
[2025-03-22 12:12:24,414] INFO: wal (6/2013): Updated existing record with 0 non-zero financial metrics
[2025-03-22 12:12:24,442] INFO: wal (9/2013): Updated existing record with 13 non-zero financial metrics
[2025-03-22 12:12:24,458] WARNING: wal (12/2013): Found zero values for fields: Loans Held for Sale
[2025-03-22 12:12:24,472] INFO: wal (12/2013): Updated existing record with 15 non-zero financial metrics
[2025-03-22 12:12:24,503] INFO: wal (3/2014): Updated existing record with 14 non-zero financial metrics
[2025-03-22 12:12:24,533] INFO: wal (6/2014): Updated existing record with 11 non-zero financial metrics
[2025-03-22 12:12:24,562] INFO: wal (9/2014): Updated existing record with 11 non-zero financial metrics
[2025-03-22 12:12:24,590] INFO: wal (12/2014): Updated existing record with 14 non-zero financial metrics
[2025-03-22 12:12:24,620] INFO: wal (3/2015): Updated existing record with 14 non-zero financial metrics
[2025-03-22 12:12:24,651] INFO: wal (6/2015): Updated existing record with 11 non-zero financial metrics
[2025-03-22 12:12:24,681] INFO: wal (9/2015): Updated existing record with 11 non-zero financial metrics
[2025-03-22 12:12:24,710] INFO: wal (12/2015): Updated existing record with 14 non-zero financial metrics
[2025-03-22 12:12:24,740] INFO: wal (3/2016): Updated existing record with 14 non-zero financial metrics
[2025-03-22 12:12:24,770] INFO: wal (6/2016): Updated existing record with 11 non-zero financial metrics
[2025-03-22 12:12:24,799] INFO: wal (9/2016): Updated existing record with 11 non-zero financial metrics
[2025-03-22 12:12:24,829] INFO: wal (12/2016): Updated existing record with 14 non-zero financial metrics
[2025-03-22 12:12:24,859] INFO: wal (3/2017): Updated existing record with 14 non-zero financial metrics
[2025-03-22 12:12:24,889] INFO: wal (6/2017): Updated existing record with 11 non-zero financial metrics
[2025-03-22 12:12:24,919] INFO: wal (9/2017): Updated existing record with 11 non-zero financial metrics
[2025-03-22 12:12:24,950] INFO: wal (12/2017): Updated existing record with 14 non-zero financial metrics
[2025-03-22 12:12:24,980] INFO: wal (3/2018): Updated existing record with 14 non-zero financial metrics
[2025-03-22 12:12:25,013] INFO: wal (6/2018): Updated existing record with 12 non-zero financial metrics
[2025-03-22 12:12:25,044] INFO: wal (9/2018): Updated existing record with 12 non-zero financial metrics
[2025-03-22 12:12:25,074] INFO: wal (12/2018): Updated existing record with 15 non-zero financial metrics
[2025-03-22 12:12:25,104] INFO: wal (3/2019): Updated existing record with 16 non-zero financial metrics
[2025-03-22 12:12:25,135] INFO: wal (6/2019): Updated existing record with 12 non-zero financial metrics
[2025-03-22 12:12:25,165] INFO: wal (9/2019): Updated existing record with 13 non-zero financial metrics
[2025-03-22 12:12:25,195] INFO: wal (12/2019): Updated existing record with 16 non-zero financial metrics
[2025-03-22 12:12:25,225] INFO: wal (3/2020): Updated existing record with 16 non-zero financial metrics
[2025-03-22 12:12:25,255] INFO: wal (6/2020): Updated existing record with 12 non-zero financial metrics
[2025-03-22 12:12:25,285] INFO: wal (9/2020): Updated existing record with 12 non-zero financial metrics
[2025-03-22 12:12:25,300] WARNING: wal (12/2020): Found zero values for fields: Loans Held for Sale
[2025-03-22 12:12:25,314] INFO: wal (12/2020): Updated existing record with 16 non-zero financial metrics
[2025-03-22 12:12:25,330] WARNING: wal (3/2021): Found zero values for fields: Share Repurchases
[2025-03-22 12:12:25,344] INFO: wal (3/2021): Updated existing record with 14 non-zero financial metrics
[2025-03-22 12:12:25,374] INFO: wal (6/2021): Updated existing record with 13 non-zero financial metrics
[2025-03-22 12:12:25,404] INFO: wal (9/2021): Updated existing record with 13 non-zero financial metrics
[2025-03-22 12:12:25,421] INFO: Trying adjusted date: 1/2022 (original: 12/2021)
[2025-03-22 12:12:25,435] WARNING: wal (12/2021): Found zero values for fields: Share Repurchases
[2025-03-22 12:12:25,435] WARNING: wal (12/2021): No existing record found(12/2021, 2021-12-31) - creating new one
[2025-03-22 12:12:25,436] INFO: wal (12/2021): Created new record with 16 non-zero financial metrics
[2025-03-22 12:12:25,465] INFO: wal (3/2022): Updated existing record with 14 non-zero financial metrics
[2025-03-22 12:12:25,495] INFO: wal (6/2022): Updated existing record with 11 non-zero financial metrics
[2025-03-22 12:12:25,526] INFO: wal (9/2022): Updated existing record with 11 non-zero financial metrics
[2025-03-22 12:12:25,543] WARNING: wal (12/2022): Found zero values for fields: Share Repurchases
[2025-03-22 12:12:25,557] INFO: wal (12/2022): Updated existing record with 15 non-zero financial metrics
[2025-03-22 12:12:25,585] INFO: wal (3/2023): Updated existing record with 14 non-zero financial metrics
[2025-03-22 12:12:25,614] INFO: wal (6/2023): Updated existing record with 11 non-zero financial metrics
[2025-03-22 12:12:25,644] INFO: wal (9/2023): Updated existing record with 11 non-zero financial metrics
[2025-03-22 12:12:25,674] INFO: wal (12/2023): Updated existing record with 15 non-zero financial metrics
[2025-03-22 12:12:25,705] INFO: wal (3/2024): Updated existing record with 13 non-zero financial metrics
[2025-03-22 12:12:25,735] INFO: wal (6/2024): Updated existing record with 10 non-zero financial metrics
[2025-03-22 12:12:25,765] INFO: wal (9/2024): Updated existing record with 10 non-zero financial metrics
[2025-03-22 12:12:25,795] INFO: wal (12/2024): Updated existing record with 14 non-zero financial metrics
