[2025-03-22 06:14:47,715] INFO: Trying adjusted date: 3/2010 (original: 4/2010)
[2025-03-22 06:14:47,727] WARNING: wat (4/2010): No existing record found(4/2010, 2010-04-03) - creating new one
[2025-03-22 06:14:47,727] INFO: wat (4/2010): Created new record with 0 non-zero financial metrics
[2025-03-22 06:14:47,741] INFO: Trying adjusted date: 6/2010 (original: 7/2010)
[2025-03-22 06:14:47,754] WARNING: wat (7/2010): No existing record found(7/2010, 2010-07-03) - creating new one
[2025-03-22 06:14:47,755] INFO: wat (7/2010): Created new record with 0 non-zero financial metrics
[2025-03-22 06:14:47,769] INFO: Trying adjusted date: 9/2010 (original: 10/2010)
[2025-03-22 06:14:47,781] WARNING: wat (10/2010): No existing record found(10/2010, 2010-10-02) - creating new one
[2025-03-22 06:14:47,782] INFO: wat (10/2010): Created new record with 0 non-zero financial metrics
[2025-03-22 06:14:47,795] INFO: Trying adjusted date: 1/2011 (original: 12/2010)
[2025-03-22 06:14:47,807] WARNING: wat (12/2010): No existing record found(12/2010, 2010-12-31) - creating new one
[2025-03-22 06:14:47,808] INFO: wat (12/2010): Created new record with 0 non-zero financial metrics
[2025-03-22 06:14:47,824] INFO: Trying adjusted date: 3/2011 (original: 4/2011)
[2025-03-22 06:14:47,837] WARNING: wat (4/2011): No existing record found(4/2011, 2011-04-02) - creating new one
[2025-03-22 06:14:47,837] INFO: wat (4/2011): Created new record with 0 non-zero financial metrics
[2025-03-22 06:14:47,851] INFO: Trying adjusted date: 6/2011 (original: 7/2011)
[2025-03-22 06:14:47,864] WARNING: wat (7/2011): No existing record found(7/2011, 2011-07-02) - creating new one
[2025-03-22 06:14:47,865] INFO: wat (7/2011): Created new record with 14 non-zero financial metrics
[2025-03-22 06:14:47,879] INFO: Trying adjusted date: 9/2011 (original: 10/2011)
[2025-03-22 06:14:47,892] WARNING: wat (10/2011): No existing record found(10/2011, 2011-10-01) - creating new one
[2025-03-22 06:14:47,893] INFO: wat (10/2011): Created new record with 14 non-zero financial metrics
[2025-03-22 06:14:47,909] INFO: Trying adjusted date: 1/2012 (original: 12/2011)
[2025-03-22 06:14:47,922] WARNING: wat (12/2011): No existing record found(12/2011, 2011-12-31) - creating new one
[2025-03-22 06:14:47,923] INFO: wat (12/2011): Created new record with 18 non-zero financial metrics
[2025-03-22 06:14:47,941] INFO: Trying adjusted date: 4/2012 (original: 3/2012)
[2025-03-22 06:14:47,954] WARNING: wat (3/2012): No existing record found(3/2012, 2012-03-31) - creating new one
[2025-03-22 06:14:47,955] INFO: wat (3/2012): Created new record with 18 non-zero financial metrics
[2025-03-22 06:14:47,971] INFO: Trying adjusted date: 7/2012 (original: 6/2012)
[2025-03-22 06:14:47,984] WARNING: wat (6/2012): No existing record found(6/2012, 2012-06-30) - creating new one
[2025-03-22 06:14:47,985] INFO: wat (6/2012): Created new record with 14 non-zero financial metrics
[2025-03-22 06:14:48,012] INFO: wat (9/2012): Updated existing record with 14 non-zero financial metrics
[2025-03-22 06:14:48,040] INFO: wat (12/2012): Updated existing record with 18 non-zero financial metrics
[2025-03-22 06:14:48,066] INFO: wat (3/2013): Updated existing record with 18 non-zero financial metrics
[2025-03-22 06:14:48,096] INFO: wat (6/2013): Updated existing record with 0 non-zero financial metrics
[2025-03-22 06:14:48,122] INFO: wat (9/2013): Updated existing record with 14 non-zero financial metrics
[2025-03-22 06:14:48,151] INFO: wat (12/2013): Updated existing record with 18 non-zero financial metrics
[2025-03-22 06:14:48,181] INFO: wat (3/2014): Updated existing record with 18 non-zero financial metrics
[2025-03-22 06:14:48,208] INFO: wat (6/2014): Updated existing record with 14 non-zero financial metrics
[2025-03-22 06:14:48,236] INFO: wat (9/2014): Updated existing record with 14 non-zero financial metrics
[2025-03-22 06:14:48,264] INFO: wat (12/2014): Updated existing record with 15 non-zero financial metrics
[2025-03-22 06:14:48,278] INFO: Trying adjusted date: 3/2015 (original: 4/2015)
[2025-03-22 06:14:48,291] INFO: Found existing row with adjusted date: 3/2015
[2025-03-22 06:14:48,304] INFO: wat (3/2015): Updated existing record with 16 non-zero financial metrics
[2025-03-22 06:14:48,319] INFO: Trying adjusted date: 6/2015 (original: 7/2015)
[2025-03-22 06:14:48,332] INFO: Found existing row with adjusted date: 6/2015
[2025-03-22 06:14:48,345] INFO: wat (6/2015): Updated existing record with 15 non-zero financial metrics
[2025-03-22 06:14:48,359] INFO: Trying adjusted date: 9/2015 (original: 10/2015)
[2025-03-22 06:14:48,372] INFO: Found existing row with adjusted date: 9/2015
[2025-03-22 06:14:48,385] INFO: wat (9/2015): Updated existing record with 15 non-zero financial metrics
[2025-03-22 06:14:48,411] INFO: wat (12/2015): Updated existing record with 16 non-zero financial metrics
[2025-03-22 06:14:48,426] INFO: Trying adjusted date: 3/2016 (original: 4/2016)
[2025-03-22 06:14:48,440] INFO: Found existing row with adjusted date: 3/2016
[2025-03-22 06:14:48,452] INFO: wat (3/2016): Updated existing record with 16 non-zero financial metrics
[2025-03-22 06:14:48,466] INFO: Trying adjusted date: 6/2016 (original: 7/2016)
[2025-03-22 06:14:48,479] INFO: Found existing row with adjusted date: 6/2016
[2025-03-22 06:14:48,491] INFO: wat (6/2016): Updated existing record with 15 non-zero financial metrics
[2025-03-22 06:14:48,506] INFO: Trying adjusted date: 9/2016 (original: 10/2016)
[2025-03-22 06:14:48,519] INFO: Found existing row with adjusted date: 9/2016
[2025-03-22 06:14:48,531] INFO: wat (9/2016): Updated existing record with 0 non-zero financial metrics
[2025-03-22 06:14:48,558] INFO: wat (12/2016): Updated existing record with 16 non-zero financial metrics
[2025-03-22 06:14:48,574] INFO: Trying adjusted date: 3/2017 (original: 4/2017)
[2025-03-22 06:14:48,587] INFO: Found existing row with adjusted date: 3/2017
[2025-03-22 06:14:48,600] INFO: wat (3/2017): Updated existing record with 15 non-zero financial metrics
[2025-03-22 06:14:48,614] INFO: Trying adjusted date: 6/2017 (original: 7/2017)
[2025-03-22 06:14:48,627] INFO: Found existing row with adjusted date: 6/2017
[2025-03-22 06:14:48,639] INFO: wat (6/2017): Updated existing record with 14 non-zero financial metrics
[2025-03-22 06:14:48,668] INFO: wat (9/2017): Updated existing record with 14 non-zero financial metrics
[2025-03-22 06:14:48,694] INFO: wat (12/2017): Updated existing record with 16 non-zero financial metrics
[2025-03-22 06:14:48,720] INFO: wat (3/2018): Updated existing record with 16 non-zero financial metrics
[2025-03-22 06:14:48,747] INFO: wat (6/2018): Updated existing record with 14 non-zero financial metrics
[2025-03-22 06:14:48,774] INFO: wat (9/2018): Updated existing record with 15 non-zero financial metrics
[2025-03-22 06:14:48,801] INFO: wat (12/2018): Updated existing record with 21 non-zero financial metrics
[2025-03-22 06:14:48,830] INFO: wat (3/2019): Updated existing record with 20 non-zero financial metrics
[2025-03-22 06:14:48,856] INFO: wat (6/2019): Updated existing record with 15 non-zero financial metrics
[2025-03-22 06:14:48,883] INFO: wat (9/2019): Updated existing record with 15 non-zero financial metrics
[2025-03-22 06:14:48,910] INFO: wat (12/2019): Updated existing record with 21 non-zero financial metrics
[2025-03-22 06:14:48,940] INFO: wat (3/2020): Updated existing record with 19 non-zero financial metrics
[2025-03-22 06:14:48,966] INFO: wat (6/2020): Updated existing record with 14 non-zero financial metrics
[2025-03-22 06:14:48,993] INFO: wat (9/2020): Updated existing record with 14 non-zero financial metrics
[2025-03-22 06:14:49,021] INFO: wat (12/2020): Updated existing record with 21 non-zero financial metrics
[2025-03-22 06:14:49,036] INFO: Trying adjusted date: 3/2021 (original: 4/2021)
[2025-03-22 06:14:49,049] INFO: Found existing row with adjusted date: 3/2021
[2025-03-22 06:14:49,063] INFO: wat (3/2021): Updated existing record with 20 non-zero financial metrics
[2025-03-22 06:14:49,077] INFO: Trying adjusted date: 6/2021 (original: 7/2021)
[2025-03-22 06:14:49,090] INFO: Found existing row with adjusted date: 6/2021
[2025-03-22 06:14:49,102] INFO: wat (6/2021): Updated existing record with 14 non-zero financial metrics
[2025-03-22 06:14:49,116] INFO: Trying adjusted date: 9/2021 (original: 10/2021)
[2025-03-22 06:14:49,129] INFO: Found existing row with adjusted date: 9/2021
[2025-03-22 06:14:49,142] INFO: wat (9/2021): Updated existing record with 14 non-zero financial metrics
[2025-03-22 06:14:49,169] INFO: wat (12/2021): Updated existing record with 21 non-zero financial metrics
[2025-03-22 06:14:49,184] INFO: Trying adjusted date: 3/2022 (original: 4/2022)
[2025-03-22 06:14:49,196] INFO: Found existing row with adjusted date: 3/2022
[2025-03-22 06:14:49,209] INFO: wat (3/2022): Updated existing record with 19 non-zero financial metrics
[2025-03-22 06:14:49,223] INFO: Trying adjusted date: 6/2022 (original: 7/2022)
[2025-03-22 06:14:49,236] INFO: Found existing row with adjusted date: 6/2022
[2025-03-22 06:14:49,248] INFO: wat (6/2022): Updated existing record with 14 non-zero financial metrics
[2025-03-22 06:14:49,263] INFO: Trying adjusted date: 9/2022 (original: 10/2022)
[2025-03-22 06:14:49,275] INFO: Found existing row with adjusted date: 9/2022
[2025-03-22 06:14:49,288] INFO: wat (9/2022): Updated existing record with 14 non-zero financial metrics
[2025-03-22 06:14:49,315] INFO: wat (12/2022): Updated existing record with 21 non-zero financial metrics
[2025-03-22 06:14:49,329] INFO: Trying adjusted date: 3/2023 (original: 4/2023)
[2025-03-22 06:14:49,343] INFO: Found existing row with adjusted date: 3/2023
[2025-03-22 06:14:49,356] INFO: wat (3/2023): Updated existing record with 19 non-zero financial metrics
[2025-03-22 06:14:49,369] INFO: Trying adjusted date: 6/2023 (original: 7/2023)
[2025-03-22 06:14:49,382] INFO: Found existing row with adjusted date: 6/2023
[2025-03-22 06:14:49,394] INFO: wat (6/2023): Updated existing record with 14 non-zero financial metrics
[2025-03-22 06:14:49,422] INFO: wat (9/2023): Updated existing record with 14 non-zero financial metrics
[2025-03-22 06:14:49,449] INFO: wat (12/2023): Updated existing record with 21 non-zero financial metrics
[2025-03-22 06:14:49,475] INFO: wat (3/2024): Updated existing record with 19 non-zero financial metrics
[2025-03-22 06:14:49,503] INFO: wat (6/2024): Updated existing record with 14 non-zero financial metrics
[2025-03-22 06:14:49,530] INFO: wat (9/2024): Updated existing record with 14 non-zero financial metrics
[2025-03-22 06:14:49,545] INFO: Trying adjusted date: 1/2025 (original: 12/2024)
[2025-03-22 06:14:49,558] WARNING: wat (12/2024): No existing record found(12/2024, 2024-12-31) - creating new one
[2025-03-22 06:14:49,559] INFO: wat (12/2024): Created new record with 21 non-zero financial metrics
