[2025-03-22 02:30:35,571] INFO: wcn (6/2016): Updated existing record with 14 non-zero financial metrics
[2025-03-22 02:30:35,596] INFO: wcn (9/2016): Updated existing record with 14 non-zero financial metrics
[2025-03-22 02:30:35,622] INFO: wcn (12/2016): Updated existing record with 14 non-zero financial metrics
[2025-03-22 02:30:35,648] INFO: wcn (3/2017): Updated existing record with 14 non-zero financial metrics
[2025-03-22 02:30:35,673] INFO: wcn (6/2017): Updated existing record with 14 non-zero financial metrics
[2025-03-22 02:30:35,700] INFO: wcn (9/2017): Updated existing record with 14 non-zero financial metrics
[2025-03-22 02:30:35,727] INFO: wcn (12/2017): Updated existing record with 17 non-zero financial metrics
[2025-03-22 02:30:35,753] INFO: wcn (3/2018): Updated existing record with 18 non-zero financial metrics
[2025-03-22 02:30:35,779] INFO: wcn (6/2018): Updated existing record with 14 non-zero financial metrics
[2025-03-22 02:30:35,805] INFO: wcn (9/2018): Updated existing record with 14 non-zero financial metrics
[2025-03-22 02:30:35,832] INFO: wcn (12/2018): Updated existing record with 18 non-zero financial metrics
[2025-03-22 02:30:35,857] INFO: wcn (3/2019): Updated existing record with 17 non-zero financial metrics
[2025-03-22 02:30:35,882] INFO: wcn (6/2019): Updated existing record with 14 non-zero financial metrics
[2025-03-22 02:30:35,908] INFO: wcn (9/2019): Updated existing record with 14 non-zero financial metrics
[2025-03-22 02:30:35,934] INFO: wcn (12/2019): Updated existing record with 18 non-zero financial metrics
[2025-03-22 02:30:35,961] INFO: wcn (3/2020): Updated existing record with 20 non-zero financial metrics
[2025-03-22 02:30:35,988] INFO: wcn (6/2020): Updated existing record with 15 non-zero financial metrics
[2025-03-22 02:30:36,014] INFO: wcn (9/2020): Updated existing record with 15 non-zero financial metrics
[2025-03-22 02:30:36,040] INFO: wcn (12/2020): Updated existing record with 20 non-zero financial metrics
[2025-03-22 02:30:36,064] INFO: wcn (3/2021): Updated existing record with 19 non-zero financial metrics
[2025-03-22 02:30:36,091] INFO: wcn (6/2021): Updated existing record with 14 non-zero financial metrics
[2025-03-22 02:30:36,116] INFO: wcn (9/2021): Updated existing record with 14 non-zero financial metrics
[2025-03-22 02:30:36,142] INFO: wcn (12/2021): Updated existing record with 19 non-zero financial metrics
[2025-03-22 02:30:36,167] INFO: wcn (3/2022): Updated existing record with 19 non-zero financial metrics
[2025-03-22 02:30:36,194] INFO: wcn (6/2022): Updated existing record with 14 non-zero financial metrics
[2025-03-22 02:30:36,220] INFO: wcn (9/2022): Updated existing record with 14 non-zero financial metrics
[2025-03-22 02:30:36,249] INFO: wcn (12/2022): Updated existing record with 19 non-zero financial metrics
[2025-03-22 02:30:36,275] INFO: wcn (3/2023): Updated existing record with 18 non-zero financial metrics
[2025-03-22 02:30:36,301] INFO: wcn (6/2023): Updated existing record with 14 non-zero financial metrics
[2025-03-22 02:30:36,326] INFO: wcn (9/2023): Updated existing record with 14 non-zero financial metrics
[2025-03-22 02:30:36,340] WARNING: wcn (12/2023): Found zero values for fields: Share Repurchases
[2025-03-22 02:30:36,352] INFO: wcn (12/2023): Updated existing record with 18 non-zero financial metrics
[2025-03-22 02:30:36,378] INFO: wcn (3/2024): Updated existing record with 18 non-zero financial metrics
[2025-03-22 02:30:36,405] INFO: wcn (6/2024): Updated existing record with 13 non-zero financial metrics
[2025-03-22 02:30:36,432] INFO: wcn (9/2024): Updated existing record with 13 non-zero financial metrics
[2025-03-22 02:30:36,446] INFO: Trying adjusted date: 1/2025 (original: 12/2024)
[2025-03-22 02:30:36,459] WARNING: wcn (12/2024): Found zero values for fields: Share Repurchases
[2025-03-22 02:30:36,459] WARNING: wcn (12/2024): No existing record found(12/2024, 2024-12-31) - creating new one
[2025-03-22 02:30:36,460] INFO: wcn (12/2024): Created new record with 17 non-zero financial metrics
