[2025-03-22 02:29:41,799] INFO: wday (10/2012): Updated existing record with 17 non-zero financial metrics
[2025-03-22 02:29:41,827] INFO: wday (1/2013): Updated existing record with 18 non-zero financial metrics
[2025-03-22 02:29:41,852] INFO: wday (4/2013): Updated existing record with 15 non-zero financial metrics
[2025-03-22 02:29:41,878] INFO: wday (7/2013): Updated existing record with 0 non-zero financial metrics
[2025-03-22 02:29:41,904] INFO: wday (10/2013): Updated existing record with 16 non-zero financial metrics
[2025-03-22 02:29:41,930] INFO: wday (1/2014): Updated existing record with 17 non-zero financial metrics
[2025-03-22 02:29:41,956] INFO: wday (4/2014): Updated existing record with 14 non-zero financial metrics
[2025-03-22 02:29:41,981] INFO: wday (7/2014): Updated existing record with 14 non-zero financial metrics
[2025-03-22 02:29:42,007] INFO: wday (10/2014): Updated existing record with 14 non-zero financial metrics
[2025-03-22 02:29:42,033] INFO: wday (1/2015): Updated existing record with 17 non-zero financial metrics
[2025-03-22 02:29:42,059] INFO: wday (4/2015): Updated existing record with 14 non-zero financial metrics
[2025-03-22 02:29:42,086] INFO: wday (7/2015): Updated existing record with 14 non-zero financial metrics
[2025-03-22 02:29:42,112] INFO: wday (10/2015): Updated existing record with 17 non-zero financial metrics
[2025-03-22 02:29:42,138] INFO: wday (1/2016): Updated existing record with 17 non-zero financial metrics
[2025-03-22 02:29:42,164] INFO: wday (4/2016): Updated existing record with 17 non-zero financial metrics
[2025-03-22 02:29:42,191] INFO: wday (7/2016): Updated existing record with 17 non-zero financial metrics
[2025-03-22 02:29:42,217] INFO: wday (10/2016): Updated existing record with 17 non-zero financial metrics
[2025-03-22 02:29:42,243] INFO: wday (1/2017): Updated existing record with 17 non-zero financial metrics
[2025-03-22 02:29:42,269] INFO: wday (4/2017): Updated existing record with 17 non-zero financial metrics
[2025-03-22 02:29:42,294] INFO: wday (7/2017): Updated existing record with 17 non-zero financial metrics
[2025-03-22 02:29:42,321] INFO: wday (10/2017): Updated existing record with 17 non-zero financial metrics
[2025-03-22 02:29:42,347] INFO: wday (1/2018): Updated existing record with 17 non-zero financial metrics
[2025-03-22 02:29:42,373] INFO: wday (4/2018): Updated existing record with 17 non-zero financial metrics
[2025-03-22 02:29:42,399] INFO: wday (7/2018): Updated existing record with 17 non-zero financial metrics
[2025-03-22 02:29:42,425] INFO: wday (10/2018): Updated existing record with 17 non-zero financial metrics
[2025-03-22 02:29:42,451] INFO: wday (1/2019): Updated existing record with 17 non-zero financial metrics
[2025-03-22 02:29:42,477] INFO: wday (4/2019): Updated existing record with 18 non-zero financial metrics
[2025-03-22 02:29:42,502] INFO: wday (7/2019): Updated existing record with 18 non-zero financial metrics
[2025-03-22 02:29:42,528] INFO: wday (10/2019): Updated existing record with 18 non-zero financial metrics
[2025-03-22 02:29:42,555] INFO: wday (1/2020): Updated existing record with 18 non-zero financial metrics
[2025-03-22 02:29:42,581] INFO: wday (4/2020): Updated existing record with 19 non-zero financial metrics
[2025-03-22 02:29:42,607] INFO: wday (7/2020): Updated existing record with 19 non-zero financial metrics
[2025-03-22 02:29:42,634] INFO: wday (10/2020): Updated existing record with 19 non-zero financial metrics
[2025-03-22 02:29:42,661] INFO: wday (1/2021): Updated existing record with 19 non-zero financial metrics
[2025-03-22 02:29:42,688] INFO: wday (4/2021): Updated existing record with 20 non-zero financial metrics
[2025-03-22 02:29:42,714] INFO: wday (7/2021): Updated existing record with 20 non-zero financial metrics
[2025-03-22 02:29:42,742] INFO: wday (10/2021): Updated existing record with 20 non-zero financial metrics
[2025-03-22 02:29:42,769] INFO: wday (1/2022): Updated existing record with 20 non-zero financial metrics
[2025-03-22 02:29:42,797] INFO: wday (4/2022): Updated existing record with 20 non-zero financial metrics
[2025-03-22 02:29:42,825] INFO: wday (7/2022): Updated existing record with 20 non-zero financial metrics
[2025-03-22 02:29:42,851] INFO: wday (10/2022): Updated existing record with 20 non-zero financial metrics
[2025-03-22 02:29:42,877] INFO: wday (1/2023): Updated existing record with 21 non-zero financial metrics
[2025-03-22 02:29:42,891] WARNING: wday (4/2023): Found zero values for fields: EPS Diluted
[2025-03-22 02:29:42,904] INFO: wday (4/2023): Updated existing record with 19 non-zero financial metrics
[2025-03-22 02:29:42,929] INFO: wday (7/2023): Updated existing record with 21 non-zero financial metrics
[2025-03-22 02:29:42,956] INFO: wday (10/2023): Updated existing record with 22 non-zero financial metrics
[2025-03-22 02:29:42,982] INFO: wday (1/2024): Updated existing record with 22 non-zero financial metrics
[2025-03-22 02:29:43,009] INFO: wday (4/2024): Updated existing record with 23 non-zero financial metrics
[2025-03-22 02:29:43,036] INFO: wday (7/2024): Updated existing record with 22 non-zero financial metrics
[2025-03-22 02:29:43,062] INFO: wday (10/2024): Updated existing record with 22 non-zero financial metrics
[2025-03-22 02:29:43,076] INFO: Trying adjusted date: 2/2025 (original: 1/2025)
[2025-03-22 02:29:43,089] WARNING: wday (1/2025): No existing record found(1/2025, 2025-01-31) - creating new one
[2025-03-22 02:29:43,089] INFO: wday (1/2025): Created new record with 22 non-zero financial metrics
