[2025-03-22 08:57:40,562] INFO: Trying adjusted date: 3/2010 (original: 4/2010)
[2025-03-22 08:57:40,575] WARNING: wdc (4/2010): No existing record found(4/2010, 2010-04-02) - creating new one
[2025-03-22 08:57:40,575] INFO: wdc (4/2010): Created new record with 0 non-zero financial metrics
[2025-03-22 08:57:40,592] INFO: Trying adjusted date: 6/2010 (original: 7/2010)
[2025-03-22 08:57:40,606] WARNING: wdc (7/2010): No existing record found(7/2010, 2010-07-02) - creating new one
[2025-03-22 08:57:40,607] INFO: wdc (7/2010): Created new record with 0 non-zero financial metrics
[2025-03-22 08:57:40,624] INFO: Trying adjusted date: 9/2010 (original: 10/2010)
[2025-03-22 08:57:40,638] WARNING: wdc (10/2010): No existing record found(10/2010, 2010-10-01) - creating new one
[2025-03-22 08:57:40,639] INFO: wdc (10/2010): Created new record with 0 non-zero financial metrics
[2025-03-22 08:57:40,655] INFO: Trying adjusted date: 1/2011 (original: 12/2010)
[2025-03-22 08:57:40,669] WARNING: wdc (12/2010): No existing record found(12/2010, 2010-12-31) - creating new one
[2025-03-22 08:57:40,670] INFO: wdc (12/2010): Created new record with 0 non-zero financial metrics
[2025-03-22 08:57:40,685] INFO: Trying adjusted date: 3/2011 (original: 4/2011)
[2025-03-22 08:57:40,699] WARNING: wdc (4/2011): No existing record found(4/2011, 2011-04-01) - creating new one
[2025-03-22 08:57:40,699] INFO: wdc (4/2011): Created new record with 0 non-zero financial metrics
[2025-03-22 08:57:40,715] INFO: Trying adjusted date: 6/2011 (original: 7/2011)
[2025-03-22 08:57:40,728] WARNING: wdc (7/2011): No existing record found(7/2011, 2011-07-01) - creating new one
[2025-03-22 08:57:40,728] INFO: wdc (7/2011): Created new record with 19 non-zero financial metrics
[2025-03-22 08:57:40,744] INFO: Trying adjusted date: 10/2011 (original: 9/2011)
[2025-03-22 08:57:40,758] WARNING: wdc (9/2011): No existing record found(9/2011, 2011-09-30) - creating new one
[2025-03-22 08:57:40,758] INFO: wdc (9/2011): Created new record with 17 non-zero financial metrics
[2025-03-22 08:57:40,773] INFO: Trying adjusted date: 1/2012 (original: 12/2011)
[2025-03-22 08:57:40,787] WARNING: wdc (12/2011): No existing record found(12/2011, 2011-12-30) - creating new one
[2025-03-22 08:57:40,787] INFO: wdc (12/2011): Created new record with 13 non-zero financial metrics
[2025-03-22 08:57:40,803] INFO: Trying adjusted date: 4/2012 (original: 3/2012)
[2025-03-22 08:57:40,816] WARNING: wdc (3/2012): No existing record found(3/2012, 2012-03-30) - creating new one
[2025-03-22 08:57:40,817] INFO: wdc (3/2012): Created new record with 13 non-zero financial metrics
[2025-03-22 08:57:40,832] INFO: Trying adjusted date: 7/2012 (original: 6/2012)
[2025-03-22 08:57:40,846] WARNING: wdc (6/2012): No existing record found(6/2012, 2012-06-29) - creating new one
[2025-03-22 08:57:40,846] INFO: wdc (6/2012): Created new record with 19 non-zero financial metrics
[2025-03-22 08:57:40,875] INFO: wdc (9/2012): Updated existing record with 19 non-zero financial metrics
[2025-03-22 08:57:40,905] INFO: wdc (12/2012): Updated existing record with 14 non-zero financial metrics
[2025-03-22 08:57:40,935] INFO: wdc (3/2013): Updated existing record with 14 non-zero financial metrics
[2025-03-22 08:57:40,963] INFO: wdc (6/2013): Updated existing record with 0 non-zero financial metrics
[2025-03-22 08:57:40,993] INFO: wdc (9/2013): Updated existing record with 18 non-zero financial metrics
[2025-03-22 08:57:41,021] INFO: wdc (12/2013): Updated existing record with 14 non-zero financial metrics
[2025-03-22 08:57:41,049] INFO: wdc (3/2014): Updated existing record with 13 non-zero financial metrics
[2025-03-22 08:57:41,077] INFO: wdc (6/2014): Updated existing record with 19 non-zero financial metrics
[2025-03-22 08:57:41,092] INFO: Trying adjusted date: 9/2014 (original: 10/2014)
[2025-03-22 08:57:41,105] INFO: Found existing row with adjusted date: 9/2014
[2025-03-22 08:57:41,119] INFO: wdc (9/2014): Updated existing record with 18 non-zero financial metrics
[2025-03-22 08:57:41,134] INFO: Trying adjusted date: 12/2014 (original: 1/2015)
[2025-03-22 08:57:41,147] INFO: Found existing row with adjusted date: 12/2014
[2025-03-22 08:57:41,160] INFO: wdc (12/2014): Updated existing record with 13 non-zero financial metrics
[2025-03-22 08:57:41,177] INFO: Trying adjusted date: 3/2015 (original: 4/2015)
[2025-03-22 08:57:41,193] INFO: Found existing row with adjusted date: 3/2015
[2025-03-22 08:57:41,207] INFO: wdc (3/2015): Updated existing record with 13 non-zero financial metrics
[2025-03-22 08:57:41,222] INFO: Trying adjusted date: 6/2015 (original: 7/2015)
[2025-03-22 08:57:41,235] INFO: Found existing row with adjusted date: 6/2015
[2025-03-22 08:57:41,249] INFO: wdc (6/2015): Updated existing record with 19 non-zero financial metrics
[2025-03-22 08:57:41,263] INFO: Trying adjusted date: 9/2015 (original: 10/2015)
[2025-03-22 08:57:41,276] INFO: Found existing row with adjusted date: 9/2015
[2025-03-22 08:57:41,289] INFO: wdc (9/2015): Updated existing record with 18 non-zero financial metrics
[2025-03-22 08:57:41,304] INFO: Trying adjusted date: 12/2015 (original: 1/2016)
[2025-03-22 08:57:41,317] INFO: Found existing row with adjusted date: 12/2015
[2025-03-22 08:57:41,331] INFO: wdc (12/2015): Updated existing record with 13 non-zero financial metrics
[2025-03-22 08:57:41,347] INFO: Trying adjusted date: 3/2016 (original: 4/2016)
[2025-03-22 08:57:41,360] INFO: Found existing row with adjusted date: 3/2016
[2025-03-22 08:57:41,373] INFO: wdc (3/2016): Updated existing record with 13 non-zero financial metrics
[2025-03-22 08:57:41,388] INFO: Trying adjusted date: 6/2016 (original: 7/2016)
[2025-03-22 08:57:41,400] INFO: Found existing row with adjusted date: 6/2016
[2025-03-22 08:57:41,413] INFO: wdc (6/2016): Updated existing record with 20 non-zero financial metrics
[2025-03-22 08:57:41,428] WARNING: wdc (9/2016): Found zero values for fields: Share Repurchases
[2025-03-22 08:57:41,441] INFO: wdc (9/2016): Updated existing record with 19 non-zero financial metrics
[2025-03-22 08:57:41,469] INFO: wdc (12/2016): Updated existing record with 15 non-zero financial metrics
[2025-03-22 08:57:41,498] INFO: wdc (3/2017): Updated existing record with 15 non-zero financial metrics
[2025-03-22 08:57:41,513] WARNING: wdc (6/2017): Found zero values for fields: Share Repurchases
[2025-03-22 08:57:41,527] INFO: wdc (6/2017): Updated existing record with 19 non-zero financial metrics
[2025-03-22 08:57:41,555] INFO: wdc (9/2017): Updated existing record with 19 non-zero financial metrics
[2025-03-22 08:57:41,584] INFO: wdc (12/2017): Updated existing record with 15 non-zero financial metrics
[2025-03-22 08:57:41,615] INFO: wdc (3/2018): Updated existing record with 15 non-zero financial metrics
[2025-03-22 08:57:41,644] INFO: wdc (6/2018): Updated existing record with 20 non-zero financial metrics
[2025-03-22 08:57:41,673] INFO: wdc (9/2018): Updated existing record with 22 non-zero financial metrics
[2025-03-22 08:57:41,701] INFO: wdc (12/2018): Updated existing record with 17 non-zero financial metrics
[2025-03-22 08:57:41,730] INFO: wdc (3/2019): Updated existing record with 17 non-zero financial metrics
[2025-03-22 08:57:41,759] INFO: wdc (6/2019): Updated existing record with 22 non-zero financial metrics
[2025-03-22 08:57:41,773] INFO: Trying adjusted date: 9/2019 (original: 10/2019)
[2025-03-22 08:57:41,787] INFO: Found existing row with adjusted date: 9/2019
[2025-03-22 08:57:41,787] WARNING: wdc (9/2019): Found zero values for fields: Share Repurchases
[2025-03-22 08:57:41,801] INFO: wdc (9/2019): Updated existing record with 20 non-zero financial metrics
[2025-03-22 08:57:41,816] INFO: Trying adjusted date: 12/2019 (original: 1/2020)
[2025-03-22 08:57:41,830] INFO: Found existing row with adjusted date: 12/2019
[2025-03-22 08:57:41,844] INFO: wdc (12/2019): Updated existing record with 16 non-zero financial metrics
[2025-03-22 08:57:41,859] INFO: Trying adjusted date: 3/2020 (original: 4/2020)
[2025-03-22 08:57:41,872] INFO: Found existing row with adjusted date: 3/2020
[2025-03-22 08:57:41,885] INFO: wdc (3/2020): Updated existing record with 16 non-zero financial metrics
[2025-03-22 08:57:41,900] INFO: Trying adjusted date: 6/2020 (original: 7/2020)
[2025-03-22 08:57:41,913] INFO: Found existing row with adjusted date: 6/2020
[2025-03-22 08:57:41,913] WARNING: wdc (6/2020): Found zero values for fields: Share Repurchases
[2025-03-22 08:57:41,925] INFO: wdc (6/2020): Updated existing record with 21 non-zero financial metrics
[2025-03-22 08:57:41,940] INFO: Trying adjusted date: 9/2020 (original: 10/2020)
[2025-03-22 08:57:41,954] INFO: Found existing row with adjusted date: 9/2020
[2025-03-22 08:57:41,967] INFO: wdc (9/2020): Updated existing record with 19 non-zero financial metrics
[2025-03-22 08:57:41,982] INFO: Trying adjusted date: 12/2020 (original: 1/2021)
[2025-03-22 08:57:41,994] INFO: Found existing row with adjusted date: 12/2020
[2025-03-22 08:57:42,007] INFO: wdc (12/2020): Updated existing record with 16 non-zero financial metrics
[2025-03-22 08:57:42,022] INFO: Trying adjusted date: 3/2021 (original: 4/2021)
[2025-03-22 08:57:42,035] INFO: Found existing row with adjusted date: 3/2021
[2025-03-22 08:57:42,048] INFO: wdc (3/2021): Updated existing record with 16 non-zero financial metrics
[2025-03-22 08:57:42,063] INFO: Trying adjusted date: 6/2021 (original: 7/2021)
[2025-03-22 08:57:42,077] INFO: Found existing row with adjusted date: 6/2021
[2025-03-22 08:57:42,077] WARNING: wdc (6/2021): Found zero values for fields: Share Repurchases
[2025-03-22 08:57:42,091] INFO: wdc (6/2021): Updated existing record with 20 non-zero financial metrics
[2025-03-22 08:57:42,106] INFO: Trying adjusted date: 9/2021 (original: 10/2021)
[2025-03-22 08:57:42,119] INFO: Found existing row with adjusted date: 9/2021
[2025-03-22 08:57:42,132] INFO: wdc (9/2021): Updated existing record with 20 non-zero financial metrics
[2025-03-22 08:57:42,160] INFO: wdc (12/2021): Updated existing record with 16 non-zero financial metrics
[2025-03-22 08:57:42,175] INFO: Trying adjusted date: 3/2022 (original: 4/2022)
[2025-03-22 08:57:42,188] INFO: Found existing row with adjusted date: 3/2022
[2025-03-22 08:57:42,201] INFO: wdc (3/2022): Updated existing record with 16 non-zero financial metrics
[2025-03-22 08:57:42,215] INFO: Trying adjusted date: 6/2022 (original: 7/2022)
[2025-03-22 08:57:42,228] INFO: Found existing row with adjusted date: 6/2022
[2025-03-22 08:57:42,241] INFO: wdc (6/2022): Updated existing record with 20 non-zero financial metrics
[2025-03-22 08:57:42,269] INFO: wdc (9/2022): Updated existing record with 19 non-zero financial metrics
[2025-03-22 08:57:42,297] INFO: wdc (12/2022): Updated existing record with 16 non-zero financial metrics
[2025-03-22 08:57:42,325] INFO: wdc (3/2023): Updated existing record with 16 non-zero financial metrics
[2025-03-22 08:57:42,354] INFO: wdc (6/2023): Updated existing record with 20 non-zero financial metrics
[2025-03-22 08:57:42,382] INFO: wdc (9/2023): Updated existing record with 20 non-zero financial metrics
[2025-03-22 08:57:42,412] INFO: wdc (12/2023): Updated existing record with 16 non-zero financial metrics
[2025-03-22 08:57:42,441] INFO: wdc (3/2024): Updated existing record with 16 non-zero financial metrics
[2025-03-22 08:57:42,468] INFO: wdc (6/2024): Updated existing record with 19 non-zero financial metrics
[2025-03-22 08:57:42,497] INFO: wdc (9/2024): Updated existing record with 19 non-zero financial metrics
[2025-03-22 08:57:42,526] INFO: wdc (12/2024): Updated existing record with 15 non-zero financial metrics
