[2025-03-22 09:06:37,809] INFO: wes (3/2013): Updated existing record with 14 non-zero financial metrics
[2025-03-22 09:06:37,841] INFO: wes (6/2013): Updated existing record with 0 non-zero financial metrics
[2025-03-22 09:06:37,870] INFO: wes (9/2013): Updated existing record with 11 non-zero financial metrics
[2025-03-22 09:06:37,899] INFO: wes (12/2013): Updated existing record with 11 non-zero financial metrics
[2025-03-22 09:06:37,927] INFO: wes (3/2014): Updated existing record with 11 non-zero financial metrics
[2025-03-22 09:06:37,955] INFO: wes (6/2014): Updated existing record with 11 non-zero financial metrics
[2025-03-22 09:06:37,984] INFO: wes (9/2014): Updated existing record with 11 non-zero financial metrics
[2025-03-22 09:06:38,011] INFO: wes (12/2014): Updated existing record with 11 non-zero financial metrics
[2025-03-22 09:06:38,039] INFO: wes (3/2015): Updated existing record with 11 non-zero financial metrics
[2025-03-22 09:06:38,067] INFO: wes (6/2015): Updated existing record with 11 non-zero financial metrics
[2025-03-22 09:06:38,097] INFO: wes (9/2015): Updated existing record with 11 non-zero financial metrics
[2025-03-22 09:06:38,125] INFO: wes (12/2015): Updated existing record with 11 non-zero financial metrics
[2025-03-22 09:06:38,153] INFO: wes (3/2016): Updated existing record with 11 non-zero financial metrics
[2025-03-22 09:06:38,183] INFO: wes (6/2016): Updated existing record with 11 non-zero financial metrics
[2025-03-22 09:06:38,211] INFO: wes (9/2016): Updated existing record with 11 non-zero financial metrics
[2025-03-22 09:06:38,240] INFO: wes (12/2016): Updated existing record with 11 non-zero financial metrics
[2025-03-22 09:06:38,268] INFO: wes (3/2017): Updated existing record with 11 non-zero financial metrics
[2025-03-22 09:06:38,297] INFO: wes (6/2017): Updated existing record with 11 non-zero financial metrics
[2025-03-22 09:06:38,325] INFO: wes (9/2017): Updated existing record with 11 non-zero financial metrics
[2025-03-22 09:06:38,353] INFO: wes (12/2017): Updated existing record with 14 non-zero financial metrics
[2025-03-22 09:06:38,381] INFO: wes (3/2018): Updated existing record with 15 non-zero financial metrics
[2025-03-22 09:06:38,411] INFO: wes (6/2018): Updated existing record with 13 non-zero financial metrics
[2025-03-22 09:06:38,440] INFO: wes (9/2018): Updated existing record with 13 non-zero financial metrics
[2025-03-22 09:06:38,468] INFO: wes (12/2018): Updated existing record with 16 non-zero financial metrics
[2025-03-22 09:06:38,497] INFO: wes (3/2019): Updated existing record with 16 non-zero financial metrics
[2025-03-22 09:06:38,524] INFO: wes (6/2019): Updated existing record with 13 non-zero financial metrics
[2025-03-22 09:06:38,553] INFO: wes (9/2019): Updated existing record with 12 non-zero financial metrics
[2025-03-22 09:06:38,580] INFO: wes (12/2019): Updated existing record with 15 non-zero financial metrics
[2025-03-22 09:06:38,609] INFO: wes (3/2020): Updated existing record with 15 non-zero financial metrics
[2025-03-22 09:06:38,636] INFO: wes (6/2020): Updated existing record with 12 non-zero financial metrics
[2025-03-22 09:06:38,664] INFO: wes (9/2020): Updated existing record with 12 non-zero financial metrics
[2025-03-22 09:06:38,692] INFO: wes (12/2020): Updated existing record with 16 non-zero financial metrics
[2025-03-22 09:06:38,720] INFO: wes (3/2021): Updated existing record with 16 non-zero financial metrics
[2025-03-22 09:06:38,748] INFO: wes (6/2021): Updated existing record with 12 non-zero financial metrics
[2025-03-22 09:06:38,780] INFO: wes (9/2021): Updated existing record with 12 non-zero financial metrics
[2025-03-22 09:06:38,812] INFO: wes (12/2021): Updated existing record with 16 non-zero financial metrics
[2025-03-22 09:06:38,840] INFO: wes (3/2022): Updated existing record with 16 non-zero financial metrics
[2025-03-22 09:06:38,869] INFO: wes (6/2022): Updated existing record with 12 non-zero financial metrics
[2025-03-22 09:06:38,897] INFO: wes (9/2022): Updated existing record with 12 non-zero financial metrics
[2025-03-22 09:06:38,924] INFO: wes (12/2022): Updated existing record with 16 non-zero financial metrics
[2025-03-22 09:06:38,954] INFO: wes (3/2023): Updated existing record with 16 non-zero financial metrics
[2025-03-22 09:06:38,983] INFO: wes (6/2023): Updated existing record with 12 non-zero financial metrics
[2025-03-22 09:06:39,011] INFO: wes (9/2023): Updated existing record with 12 non-zero financial metrics
[2025-03-22 09:06:39,040] INFO: wes (12/2023): Updated existing record with 16 non-zero financial metrics
[2025-03-22 09:06:39,056] WARNING: wes (3/2024): Found zero values for fields: Share Repurchases
[2025-03-22 09:06:39,070] INFO: wes (3/2024): Updated existing record with 15 non-zero financial metrics
[2025-03-22 09:06:39,100] INFO: wes (6/2024): Updated existing record with 12 non-zero financial metrics
[2025-03-22 09:06:39,128] INFO: wes (9/2024): Updated existing record with 12 non-zero financial metrics
[2025-03-22 09:06:39,142] INFO: Trying adjusted date: 1/2025 (original: 12/2024)
[2025-03-22 09:06:39,155] WARNING: wes (12/2024): Found zero values for fields: Share Repurchases
[2025-03-22 09:06:39,155] WARNING: wes (12/2024): No existing record found(12/2024, 2024-12-31) - creating new one
[2025-03-22 09:06:39,156] INFO: wes (12/2024): Created new record with 15 non-zero financial metrics
