[2025-03-22 13:52:36,994] INFO: Trying adjusted date: 4/2018 (original: 3/2018)
[2025-03-22 13:52:37,008] WARNING: wh (3/2018): Found zero values for fields: Investing Cash Flow
[2025-03-22 13:52:37,008] WARNING: wh (3/2018): No existing record found(3/2018, 2018-03-31) - creating new one
[2025-03-22 13:52:37,008] INFO: wh (3/2018): Created new record with 17 non-zero financial metrics
[2025-03-22 13:52:37,040] INFO: wh (6/2018): Updated existing record with 15 non-zero financial metrics
[2025-03-22 13:52:37,072] INFO: wh (9/2018): Updated existing record with 15 non-zero financial metrics
[2025-03-22 13:52:37,104] INFO: wh (12/2018): Updated existing record with 21 non-zero financial metrics
[2025-03-22 13:52:37,133] INFO: wh (3/2019): Updated existing record with 20 non-zero financial metrics
[2025-03-22 13:52:37,165] INFO: wh (6/2019): Updated existing record with 15 non-zero financial metrics
[2025-03-22 13:52:37,195] INFO: wh (9/2019): Updated existing record with 15 non-zero financial metrics
[2025-03-22 13:52:37,225] INFO: wh (12/2019): Updated existing record with 21 non-zero financial metrics
[2025-03-22 13:52:37,256] INFO: wh (3/2020): Updated existing record with 21 non-zero financial metrics
[2025-03-22 13:52:37,288] INFO: wh (6/2020): Updated existing record with 16 non-zero financial metrics
[2025-03-22 13:52:37,318] INFO: wh (9/2020): Updated existing record with 16 non-zero financial metrics
[2025-03-22 13:52:37,347] INFO: wh (12/2020): Updated existing record with 21 non-zero financial metrics
[2025-03-22 13:52:37,364] WARNING: wh (3/2021): Found zero values for fields: Share Repurchases
[2025-03-22 13:52:37,378] INFO: wh (3/2021): Updated existing record with 20 non-zero financial metrics
[2025-03-22 13:52:37,407] INFO: wh (6/2021): Updated existing record with 16 non-zero financial metrics
[2025-03-22 13:52:37,437] INFO: wh (9/2021): Updated existing record with 16 non-zero financial metrics
[2025-03-22 13:52:37,466] INFO: wh (12/2021): Updated existing record with 21 non-zero financial metrics
[2025-03-22 13:52:37,496] INFO: wh (3/2022): Updated existing record with 21 non-zero financial metrics
[2025-03-22 13:52:37,524] INFO: wh (6/2022): Updated existing record with 16 non-zero financial metrics
[2025-03-22 13:52:37,554] INFO: wh (9/2022): Updated existing record with 16 non-zero financial metrics
[2025-03-22 13:52:37,585] INFO: wh (12/2022): Updated existing record with 21 non-zero financial metrics
[2025-03-22 13:52:37,615] INFO: wh (3/2023): Updated existing record with 21 non-zero financial metrics
[2025-03-22 13:52:37,646] INFO: wh (6/2023): Updated existing record with 16 non-zero financial metrics
[2025-03-22 13:52:37,675] INFO: wh (9/2023): Updated existing record with 16 non-zero financial metrics
[2025-03-22 13:52:37,704] INFO: wh (12/2023): Updated existing record with 21 non-zero financial metrics
[2025-03-22 13:52:37,733] INFO: wh (3/2024): Updated existing record with 21 non-zero financial metrics
[2025-03-22 13:52:37,763] INFO: wh (6/2024): Updated existing record with 16 non-zero financial metrics
[2025-03-22 13:52:37,793] INFO: wh (9/2024): Updated existing record with 16 non-zero financial metrics
[2025-03-22 13:52:37,811] INFO: Trying adjusted date: 1/2025 (original: 12/2024)
[2025-03-22 13:52:37,825] WARNING: wh (12/2024): No existing record found(12/2024, 2024-12-31) - creating new one
[2025-03-22 13:52:37,825] INFO: wh (12/2024): Created new record with 21 non-zero financial metrics
