[2025-03-22 10:59:36,265] INFO: Trying adjusted date: 7/2010 (original: 6/2010)
[2025-03-22 10:59:36,278] WARNING: whr (6/2010): No existing record found(6/2010, 2010-06-30) - creating new one
[2025-03-22 10:59:36,278] INFO: whr (6/2010): Created new record with 0 non-zero financial metrics
[2025-03-22 10:59:36,298] INFO: Trying adjusted date: 10/2010 (original: 9/2010)
[2025-03-22 10:59:36,314] WARNING: whr (9/2010): No existing record found(9/2010, 2010-09-30) - creating new one
[2025-03-22 10:59:36,314] INFO: whr (9/2010): Created new record with 0 non-zero financial metrics
[2025-03-22 10:59:36,330] INFO: Trying adjusted date: 1/2011 (original: 12/2010)
[2025-03-22 10:59:36,343] WARNING: whr (12/2010): No existing record found(12/2010, 2010-12-31) - creating new one
[2025-03-22 10:59:36,344] INFO: whr (12/2010): Created new record with 0 non-zero financial metrics
[2025-03-22 10:59:36,362] INFO: Trying adjusted date: 4/2011 (original: 3/2011)
[2025-03-22 10:59:36,375] WARNING: whr (3/2011): No existing record found(3/2011, 2011-03-31) - creating new one
[2025-03-22 10:59:36,376] INFO: whr (3/2011): Created new record with 0 non-zero financial metrics
[2025-03-22 10:59:36,392] INFO: Trying adjusted date: 7/2011 (original: 6/2011)
[2025-03-22 10:59:36,406] WARNING: whr (6/2011): No existing record found(6/2011, 2011-06-30) - creating new one
[2025-03-22 10:59:36,407] INFO: whr (6/2011): Created new record with 15 non-zero financial metrics
[2025-03-22 10:59:36,425] INFO: Trying adjusted date: 10/2011 (original: 9/2011)
[2025-03-22 10:59:36,438] WARNING: whr (9/2011): No existing record found(9/2011, 2011-09-30) - creating new one
[2025-03-22 10:59:36,439] INFO: whr (9/2011): Created new record with 15 non-zero financial metrics
[2025-03-22 10:59:36,456] INFO: Trying adjusted date: 1/2012 (original: 12/2011)
[2025-03-22 10:59:36,470] WARNING: whr (12/2011): Found zero values for fields: Share Repurchases
[2025-03-22 10:59:36,470] WARNING: whr (12/2011): No existing record found(12/2011, 2011-12-31) - creating new one
[2025-03-22 10:59:36,471] INFO: whr (12/2011): Created new record with 20 non-zero financial metrics
[2025-03-22 10:59:36,491] INFO: Trying adjusted date: 4/2012 (original: 3/2012)
[2025-03-22 10:59:36,504] WARNING: whr (3/2012): No existing record found(3/2012, 2012-03-31) - creating new one
[2025-03-22 10:59:36,505] INFO: whr (3/2012): Created new record with 18 non-zero financial metrics
[2025-03-22 10:59:36,521] INFO: Trying adjusted date: 7/2012 (original: 6/2012)
[2025-03-22 10:59:36,535] WARNING: whr (6/2012): No existing record found(6/2012, 2012-06-30) - creating new one
[2025-03-22 10:59:36,535] INFO: whr (6/2012): Created new record with 15 non-zero financial metrics
[2025-03-22 10:59:36,564] INFO: whr (9/2012): Updated existing record with 15 non-zero financial metrics
[2025-03-22 10:59:36,594] INFO: whr (12/2012): Updated existing record with 19 non-zero financial metrics
[2025-03-22 10:59:36,623] INFO: whr (3/2013): Updated existing record with 15 non-zero financial metrics
[2025-03-22 10:59:36,651] INFO: whr (6/2013): Updated existing record with 0 non-zero financial metrics
[2025-03-22 10:59:36,681] INFO: whr (9/2013): Updated existing record with 15 non-zero financial metrics
[2025-03-22 10:59:36,712] INFO: whr (12/2013): Updated existing record with 21 non-zero financial metrics
[2025-03-22 10:59:36,728] INFO: Trying adjusted date: 4/2014 (original: 3/2014)
[2025-03-22 10:59:36,742] WARNING: whr (3/2014): No existing record found(3/2014, 2014-03-31) - creating new one
[2025-03-22 10:59:36,742] INFO: whr (3/2014): Created new record with 15 non-zero financial metrics
[2025-03-22 10:59:36,772] INFO: whr (6/2014): Updated existing record with 15 non-zero financial metrics
[2025-03-22 10:59:36,801] INFO: whr (9/2014): Updated existing record with 15 non-zero financial metrics
[2025-03-22 10:59:36,831] INFO: whr (12/2014): Updated existing record with 21 non-zero financial metrics
[2025-03-22 10:59:36,860] INFO: whr (3/2015): Updated existing record with 16 non-zero financial metrics
[2025-03-22 10:59:36,890] INFO: whr (6/2015): Updated existing record with 14 non-zero financial metrics
[2025-03-22 10:59:36,921] INFO: whr (9/2015): Updated existing record with 14 non-zero financial metrics
[2025-03-22 10:59:36,950] INFO: whr (12/2015): Updated existing record with 21 non-zero financial metrics
[2025-03-22 10:59:36,983] INFO: whr (3/2016): Updated existing record with 19 non-zero financial metrics
[2025-03-22 10:59:37,014] INFO: whr (6/2016): Updated existing record with 14 non-zero financial metrics
[2025-03-22 10:59:37,044] INFO: whr (9/2016): Updated existing record with 14 non-zero financial metrics
[2025-03-22 10:59:37,075] INFO: whr (12/2016): Updated existing record with 21 non-zero financial metrics
[2025-03-22 10:59:37,103] INFO: whr (3/2017): Updated existing record with 19 non-zero financial metrics
[2025-03-22 10:59:37,133] INFO: whr (6/2017): Updated existing record with 14 non-zero financial metrics
[2025-03-22 10:59:37,162] INFO: whr (9/2017): Updated existing record with 15 non-zero financial metrics
[2025-03-22 10:59:37,192] INFO: whr (12/2017): Updated existing record with 21 non-zero financial metrics
[2025-03-22 10:59:37,208] WARNING: whr (3/2018): Found zero values for fields: Share Repurchases
[2025-03-22 10:59:37,222] INFO: whr (3/2018): Updated existing record with 18 non-zero financial metrics
[2025-03-22 10:59:37,252] INFO: whr (6/2018): Updated existing record with 15 non-zero financial metrics
[2025-03-22 10:59:37,283] INFO: whr (9/2018): Updated existing record with 15 non-zero financial metrics
[2025-03-22 10:59:37,312] INFO: whr (12/2018): Updated existing record with 21 non-zero financial metrics
[2025-03-22 10:59:37,341] INFO: whr (3/2019): Updated existing record with 19 non-zero financial metrics
[2025-03-22 10:59:37,371] INFO: whr (6/2019): Updated existing record with 15 non-zero financial metrics
[2025-03-22 10:59:37,400] INFO: whr (9/2019): Updated existing record with 15 non-zero financial metrics
[2025-03-22 10:59:37,431] INFO: whr (12/2019): Updated existing record with 21 non-zero financial metrics
[2025-03-22 10:59:37,461] INFO: whr (3/2020): Updated existing record with 19 non-zero financial metrics
[2025-03-22 10:59:37,490] INFO: whr (6/2020): Updated existing record with 15 non-zero financial metrics
[2025-03-22 10:59:37,519] INFO: whr (9/2020): Updated existing record with 15 non-zero financial metrics
[2025-03-22 10:59:37,549] INFO: whr (12/2020): Updated existing record with 22 non-zero financial metrics
[2025-03-22 10:59:37,579] INFO: whr (3/2021): Updated existing record with 20 non-zero financial metrics
[2025-03-22 10:59:37,608] INFO: whr (6/2021): Updated existing record with 16 non-zero financial metrics
[2025-03-22 10:59:37,635] INFO: whr (9/2021): Updated existing record with 16 non-zero financial metrics
[2025-03-22 10:59:37,664] INFO: whr (12/2021): Updated existing record with 22 non-zero financial metrics
[2025-03-22 10:59:37,693] INFO: whr (3/2022): Updated existing record with 20 non-zero financial metrics
[2025-03-22 10:59:37,722] INFO: whr (6/2022): Updated existing record with 16 non-zero financial metrics
[2025-03-22 10:59:37,751] INFO: whr (9/2022): Updated existing record with 16 non-zero financial metrics
[2025-03-22 10:59:37,784] INFO: whr (12/2022): Updated existing record with 22 non-zero financial metrics
[2025-03-22 10:59:37,800] WARNING: whr (3/2023): Found zero values for fields: Share Repurchases
[2025-03-22 10:59:37,814] INFO: whr (3/2023): Updated existing record with 19 non-zero financial metrics
[2025-03-22 10:59:37,843] INFO: whr (6/2023): Updated existing record with 16 non-zero financial metrics
[2025-03-22 10:59:37,872] INFO: whr (9/2023): Updated existing record with 16 non-zero financial metrics
[2025-03-22 10:59:37,887] WARNING: whr (12/2023): Found zero values for fields: Share Repurchases
[2025-03-22 10:59:37,901] INFO: whr (12/2023): Updated existing record with 21 non-zero financial metrics
[2025-03-22 10:59:37,931] INFO: whr (3/2024): Updated existing record with 20 non-zero financial metrics
[2025-03-22 10:59:37,960] INFO: whr (6/2024): Updated existing record with 14 non-zero financial metrics
[2025-03-22 10:59:37,989] INFO: whr (9/2024): Updated existing record with 14 non-zero financial metrics
[2025-03-22 10:59:38,018] INFO: whr (12/2024): Updated existing record with 21 non-zero financial metrics
