[2025-03-22 00:05:08,268] INFO: Trying adjusted date: 4/2010 (original: 3/2010)
[2025-03-22 00:05:08,279] WARNING: wm (3/2010): No existing record found(3/2010, 2010-03-31) - creating new one
[2025-03-22 00:05:08,279] INFO: wm (3/2010): Created new record with 0 non-zero financial metrics
[2025-03-22 00:05:08,294] INFO: Trying adjusted date: 7/2010 (original: 6/2010)
[2025-03-22 00:05:08,305] WARNING: wm (6/2010): No existing record found(6/2010, 2010-06-30) - creating new one
[2025-03-22 00:05:08,306] INFO: wm (6/2010): Created new record with 0 non-zero financial metrics
[2025-03-22 00:05:08,318] INFO: Trying adjusted date: 10/2010 (original: 9/2010)
[2025-03-22 00:05:08,330] WARNING: wm (9/2010): No existing record found(9/2010, 2010-09-30) - creating new one
[2025-03-22 00:05:08,330] INFO: wm (9/2010): Created new record with 0 non-zero financial metrics
[2025-03-22 00:05:08,342] INFO: Trying adjusted date: 1/2011 (original: 12/2010)
[2025-03-22 00:05:08,354] WARNING: wm (12/2010): No existing record found(12/2010, 2010-12-31) - creating new one
[2025-03-22 00:05:08,354] INFO: wm (12/2010): Created new record with 0 non-zero financial metrics
[2025-03-22 00:05:08,368] INFO: Trying adjusted date: 4/2011 (original: 3/2011)
[2025-03-22 00:05:08,379] WARNING: wm (3/2011): No existing record found(3/2011, 2011-03-31) - creating new one
[2025-03-22 00:05:08,379] INFO: wm (3/2011): Created new record with 0 non-zero financial metrics
[2025-03-22 00:05:08,392] INFO: Trying adjusted date: 7/2011 (original: 6/2011)
[2025-03-22 00:05:08,404] WARNING: wm (6/2011): No existing record found(6/2011, 2011-06-30) - creating new one
[2025-03-22 00:05:08,405] INFO: wm (6/2011): Created new record with 11 non-zero financial metrics
[2025-03-22 00:05:08,419] INFO: Trying adjusted date: 10/2011 (original: 9/2011)
[2025-03-22 00:05:08,431] WARNING: wm (9/2011): No existing record found(9/2011, 2011-09-30) - creating new one
[2025-03-22 00:05:08,431] INFO: wm (9/2011): Created new record with 11 non-zero financial metrics
[2025-03-22 00:05:08,443] INFO: Trying adjusted date: 1/2012 (original: 12/2011)
[2025-03-22 00:05:08,455] WARNING: wm (12/2011): No existing record found(12/2011, 2011-12-31) - creating new one
[2025-03-22 00:05:08,455] INFO: wm (12/2011): Created new record with 16 non-zero financial metrics
[2025-03-22 00:05:08,469] INFO: Trying adjusted date: 4/2012 (original: 3/2012)
[2025-03-22 00:05:08,480] ERROR: Invalid numeric value for Share Repurchases: 
[2025-03-22 00:05:08,480] ERROR: wm (3/2012): Invalid data types: Share Repurchases=
[2025-03-22 00:05:08,480] WARNING: wm (3/2012): No existing record found(3/2012, 2012-03-31) - creating new one
[2025-03-22 00:05:08,481] INFO: wm (3/2012): Created new record with 14 non-zero financial metrics
[2025-03-22 00:05:08,496] INFO: Trying adjusted date: 7/2012 (original: 6/2012)
[2025-03-22 00:05:08,507] WARNING: wm (6/2012): No existing record found(6/2012, 2012-06-30) - creating new one
[2025-03-22 00:05:08,508] INFO: wm (6/2012): Created new record with 12 non-zero financial metrics
[2025-03-22 00:05:08,531] INFO: wm (9/2012): Updated existing record with 12 non-zero financial metrics
[2025-03-22 00:05:08,555] INFO: wm (12/2012): Updated existing record with 15 non-zero financial metrics
[2025-03-22 00:05:08,580] INFO: wm (3/2013): Updated existing record with 15 non-zero financial metrics
[2025-03-22 00:05:08,604] INFO: wm (6/2013): Updated existing record with 0 non-zero financial metrics
[2025-03-22 00:05:08,627] INFO: wm (9/2013): Updated existing record with 12 non-zero financial metrics
[2025-03-22 00:05:08,651] INFO: wm (12/2013): Updated existing record with 17 non-zero financial metrics
[2025-03-22 00:05:08,676] INFO: wm (3/2014): Updated existing record with 12 non-zero financial metrics
[2025-03-22 00:05:08,701] INFO: wm (6/2014): Updated existing record with 12 non-zero financial metrics
[2025-03-22 00:05:08,730] INFO: wm (9/2014): Updated existing record with 12 non-zero financial metrics
[2025-03-22 00:05:08,754] INFO: wm (12/2014): Updated existing record with 13 non-zero financial metrics
[2025-03-22 00:05:08,778] INFO: wm (3/2015): Updated existing record with 12 non-zero financial metrics
[2025-03-22 00:05:08,805] INFO: wm (6/2015): Updated existing record with 12 non-zero financial metrics
[2025-03-22 00:05:08,829] INFO: wm (9/2015): Updated existing record with 12 non-zero financial metrics
[2025-03-22 00:05:08,854] INFO: wm (12/2015): Updated existing record with 14 non-zero financial metrics
[2025-03-22 00:05:08,879] INFO: wm (3/2016): Updated existing record with 13 non-zero financial metrics
[2025-03-22 00:05:08,902] INFO: wm (6/2016): Updated existing record with 12 non-zero financial metrics
[2025-03-22 00:05:08,927] INFO: wm (9/2016): Updated existing record with 12 non-zero financial metrics
[2025-03-22 00:05:08,952] INFO: wm (12/2016): Updated existing record with 14 non-zero financial metrics
[2025-03-22 00:05:08,977] INFO: wm (3/2017): Updated existing record with 12 non-zero financial metrics
[2025-03-22 00:05:09,002] INFO: wm (6/2017): Updated existing record with 12 non-zero financial metrics
[2025-03-22 00:05:09,027] INFO: wm (9/2017): Updated existing record with 12 non-zero financial metrics
[2025-03-22 00:05:09,051] INFO: wm (12/2017): Updated existing record with 17 non-zero financial metrics
[2025-03-22 00:05:09,075] INFO: wm (3/2018): Updated existing record with 17 non-zero financial metrics
[2025-03-22 00:05:09,099] INFO: wm (6/2018): Updated existing record with 13 non-zero financial metrics
[2025-03-22 00:05:09,123] INFO: wm (9/2018): Updated existing record with 13 non-zero financial metrics
[2025-03-22 00:05:09,147] INFO: wm (12/2018): Updated existing record with 18 non-zero financial metrics
[2025-03-22 00:05:09,172] INFO: wm (3/2019): Updated existing record with 16 non-zero financial metrics
[2025-03-22 00:05:09,197] INFO: wm (6/2019): Updated existing record with 13 non-zero financial metrics
[2025-03-22 00:05:09,222] INFO: wm (9/2019): Updated existing record with 13 non-zero financial metrics
[2025-03-22 00:05:09,247] INFO: wm (12/2019): Updated existing record with 18 non-zero financial metrics
[2025-03-22 00:05:09,272] INFO: wm (3/2020): Updated existing record with 17 non-zero financial metrics
[2025-03-22 00:05:09,297] INFO: wm (6/2020): Updated existing record with 13 non-zero financial metrics
[2025-03-22 00:05:09,322] INFO: wm (9/2020): Updated existing record with 13 non-zero financial metrics
[2025-03-22 00:05:09,346] INFO: wm (12/2020): Updated existing record with 18 non-zero financial metrics
[2025-03-22 00:05:09,371] INFO: wm (3/2021): Updated existing record with 17 non-zero financial metrics
[2025-03-22 00:05:09,395] INFO: wm (6/2021): Updated existing record with 13 non-zero financial metrics
[2025-03-22 00:05:09,420] INFO: wm (9/2021): Updated existing record with 13 non-zero financial metrics
[2025-03-22 00:05:09,445] INFO: wm (12/2021): Updated existing record with 18 non-zero financial metrics
[2025-03-22 00:05:09,469] INFO: wm (3/2022): Updated existing record with 17 non-zero financial metrics
[2025-03-22 00:05:09,494] INFO: wm (6/2022): Updated existing record with 13 non-zero financial metrics
[2025-03-22 00:05:09,520] INFO: wm (9/2022): Updated existing record with 13 non-zero financial metrics
[2025-03-22 00:05:09,546] INFO: wm (12/2022): Updated existing record with 18 non-zero financial metrics
[2025-03-22 00:05:09,570] INFO: wm (3/2023): Updated existing record with 17 non-zero financial metrics
[2025-03-22 00:05:09,595] INFO: wm (6/2023): Updated existing record with 13 non-zero financial metrics
[2025-03-22 00:05:09,619] INFO: wm (9/2023): Updated existing record with 13 non-zero financial metrics
[2025-03-22 00:05:09,645] INFO: wm (12/2023): Updated existing record with 17 non-zero financial metrics
[2025-03-22 00:05:09,668] INFO: wm (3/2024): Updated existing record with 17 non-zero financial metrics
[2025-03-22 00:05:09,692] INFO: wm (6/2024): Updated existing record with 13 non-zero financial metrics
[2025-03-22 00:05:09,718] INFO: wm (9/2024): Updated existing record with 13 non-zero financial metrics
[2025-03-22 00:05:09,742] INFO: wm (12/2024): Updated existing record with 17 non-zero financial metrics
