[2025-03-22 02:20:32,906] INFO: Trying adjusted date: 4/2010 (original: 3/2010)
[2025-03-22 02:20:32,917] WARNING: wmb (3/2010): No existing record found(3/2010, 2010-03-31) - creating new one
[2025-03-22 02:20:32,918] INFO: wmb (3/2010): Created new record with 0 non-zero financial metrics
[2025-03-22 02:20:32,933] INFO: Trying adjusted date: 10/2010 (original: 9/2010)
[2025-03-22 02:20:32,945] WARNING: wmb (9/2010): No existing record found(9/2010, 2010-09-30) - creating new one
[2025-03-22 02:20:32,946] INFO: wmb (9/2010): Created new record with 0 non-zero financial metrics
[2025-03-22 02:20:32,964] INFO: Trying adjusted date: 1/2011 (original: 12/2010)
[2025-03-22 02:20:32,976] WARNING: wmb (12/2010): No existing record found(12/2010, 2010-12-31) - creating new one
[2025-03-22 02:20:32,977] INFO: wmb (12/2010): Created new record with 0 non-zero financial metrics
[2025-03-22 02:20:32,990] INFO: Trying adjusted date: 4/2011 (original: 3/2011)
[2025-03-22 02:20:33,002] WARNING: wmb (3/2011): No existing record found(3/2011, 2011-03-31) - creating new one
[2025-03-22 02:20:33,003] INFO: wmb (3/2011): Created new record with 0 non-zero financial metrics
[2025-03-22 02:20:33,016] INFO: Trying adjusted date: 7/2011 (original: 6/2011)
[2025-03-22 02:20:33,028] WARNING: wmb (6/2011): No existing record found(6/2011, 2011-06-30) - creating new one
[2025-03-22 02:20:33,029] INFO: wmb (6/2011): Created new record with 9 non-zero financial metrics
[2025-03-22 02:20:33,042] INFO: Trying adjusted date: 10/2011 (original: 9/2011)
[2025-03-22 02:20:33,056] WARNING: wmb (9/2011): No existing record found(9/2011, 2011-09-30) - creating new one
[2025-03-22 02:20:33,056] INFO: wmb (9/2011): Created new record with 9 non-zero financial metrics
[2025-03-22 02:20:33,070] INFO: Trying adjusted date: 1/2012 (original: 12/2011)
[2025-03-22 02:20:33,082] WARNING: wmb (12/2011): No existing record found(12/2011, 2011-12-31) - creating new one
[2025-03-22 02:20:33,083] INFO: wmb (12/2011): Created new record with 13 non-zero financial metrics
[2025-03-22 02:20:33,096] INFO: Trying adjusted date: 4/2012 (original: 3/2012)
[2025-03-22 02:20:33,108] WARNING: wmb (3/2012): No existing record found(3/2012, 2012-03-31) - creating new one
[2025-03-22 02:20:33,108] INFO: wmb (3/2012): Created new record with 12 non-zero financial metrics
[2025-03-22 02:20:33,134] INFO: wmb (6/2012): Updated existing record with 10 non-zero financial metrics
[2025-03-22 02:20:33,160] INFO: wmb (9/2012): Updated existing record with 10 non-zero financial metrics
[2025-03-22 02:20:33,186] INFO: wmb (12/2012): Updated existing record with 14 non-zero financial metrics
[2025-03-22 02:20:33,212] INFO: wmb (3/2013): Updated existing record with 14 non-zero financial metrics
[2025-03-22 02:20:33,239] INFO: wmb (6/2013): Updated existing record with 0 non-zero financial metrics
[2025-03-22 02:20:33,266] INFO: wmb (9/2013): Updated existing record with 11 non-zero financial metrics
[2025-03-22 02:20:33,292] INFO: wmb (12/2013): Updated existing record with 14 non-zero financial metrics
[2025-03-22 02:20:33,317] INFO: wmb (3/2014): Updated existing record with 14 non-zero financial metrics
[2025-03-22 02:20:33,342] INFO: wmb (6/2014): Updated existing record with 10 non-zero financial metrics
[2025-03-22 02:20:33,367] INFO: wmb (9/2014): Updated existing record with 10 non-zero financial metrics
[2025-03-22 02:20:33,392] INFO: wmb (12/2014): Updated existing record with 14 non-zero financial metrics
[2025-03-22 02:20:33,417] INFO: wmb (3/2015): Updated existing record with 15 non-zero financial metrics
[2025-03-22 02:20:33,443] INFO: wmb (6/2015): Updated existing record with 11 non-zero financial metrics
[2025-03-22 02:20:33,470] INFO: wmb (9/2015): Updated existing record with 11 non-zero financial metrics
[2025-03-22 02:20:33,496] INFO: wmb (12/2015): Updated existing record with 15 non-zero financial metrics
[2025-03-22 02:20:33,522] INFO: wmb (3/2016): Updated existing record with 15 non-zero financial metrics
[2025-03-22 02:20:33,547] INFO: wmb (6/2016): Updated existing record with 11 non-zero financial metrics
[2025-03-22 02:20:33,574] INFO: wmb (9/2016): Updated existing record with 10 non-zero financial metrics
[2025-03-22 02:20:33,602] INFO: wmb (12/2016): Updated existing record with 14 non-zero financial metrics
[2025-03-22 02:20:33,627] INFO: wmb (3/2017): Updated existing record with 14 non-zero financial metrics
[2025-03-22 02:20:33,654] INFO: wmb (6/2017): Updated existing record with 10 non-zero financial metrics
[2025-03-22 02:20:33,679] INFO: wmb (9/2017): Updated existing record with 10 non-zero financial metrics
[2025-03-22 02:20:33,707] INFO: wmb (12/2017): Updated existing record with 14 non-zero financial metrics
[2025-03-22 02:20:33,734] INFO: wmb (3/2018): Updated existing record with 15 non-zero financial metrics
[2025-03-22 02:20:33,761] INFO: wmb (6/2018): Updated existing record with 11 non-zero financial metrics
[2025-03-22 02:20:33,787] INFO: wmb (9/2018): Updated existing record with 11 non-zero financial metrics
[2025-03-22 02:20:33,812] INFO: wmb (12/2018): Updated existing record with 15 non-zero financial metrics
[2025-03-22 02:20:33,842] INFO: wmb (3/2019): Updated existing record with 15 non-zero financial metrics
[2025-03-22 02:20:33,869] INFO: wmb (6/2019): Updated existing record with 11 non-zero financial metrics
[2025-03-22 02:20:33,897] INFO: wmb (9/2019): Updated existing record with 11 non-zero financial metrics
[2025-03-22 02:20:33,923] INFO: wmb (12/2019): Updated existing record with 16 non-zero financial metrics
[2025-03-22 02:20:33,949] INFO: wmb (3/2020): Updated existing record with 15 non-zero financial metrics
[2025-03-22 02:20:33,975] INFO: wmb (6/2020): Updated existing record with 11 non-zero financial metrics
[2025-03-22 02:20:34,000] INFO: wmb (9/2020): Updated existing record with 11 non-zero financial metrics
[2025-03-22 02:20:34,026] INFO: wmb (12/2020): Updated existing record with 15 non-zero financial metrics
[2025-03-22 02:20:34,051] INFO: wmb (3/2021): Updated existing record with 15 non-zero financial metrics
[2025-03-22 02:20:34,078] INFO: wmb (6/2021): Updated existing record with 11 non-zero financial metrics
[2025-03-22 02:20:34,103] INFO: wmb (9/2021): Updated existing record with 11 non-zero financial metrics
[2025-03-22 02:20:34,128] INFO: wmb (12/2021): Updated existing record with 15 non-zero financial metrics
[2025-03-22 02:20:34,154] INFO: wmb (3/2022): Updated existing record with 15 non-zero financial metrics
[2025-03-22 02:20:34,180] INFO: wmb (6/2022): Updated existing record with 11 non-zero financial metrics
[2025-03-22 02:20:34,205] INFO: wmb (9/2022): Updated existing record with 11 non-zero financial metrics
[2025-03-22 02:20:34,231] INFO: wmb (12/2022): Updated existing record with 15 non-zero financial metrics
[2025-03-22 02:20:34,257] INFO: wmb (3/2023): Updated existing record with 16 non-zero financial metrics
[2025-03-22 02:20:34,283] INFO: wmb (6/2023): Updated existing record with 11 non-zero financial metrics
[2025-03-22 02:20:34,309] INFO: wmb (9/2023): Updated existing record with 11 non-zero financial metrics
[2025-03-22 02:20:34,334] INFO: wmb (12/2023): Updated existing record with 16 non-zero financial metrics
[2025-03-22 02:20:34,348] WARNING: wmb (3/2024): Found zero values for fields: Share Repurchases
[2025-03-22 02:20:34,359] INFO: wmb (3/2024): Updated existing record with 14 non-zero financial metrics
[2025-03-22 02:20:34,385] INFO: wmb (6/2024): Updated existing record with 10 non-zero financial metrics
[2025-03-22 02:20:34,410] INFO: wmb (9/2024): Updated existing record with 9 non-zero financial metrics
[2025-03-22 02:20:34,425] INFO: Trying adjusted date: 1/2025 (original: 12/2024)
[2025-03-22 02:20:34,437] WARNING: wmb (12/2024): Found zero values for fields: Share Repurchases
[2025-03-22 02:20:34,437] WARNING: wmb (12/2024): No existing record found(12/2024, 2024-12-31) - creating new one
[2025-03-22 02:20:34,438] INFO: wmb (12/2024): Created new record with 14 non-zero financial metrics
