[2025-03-22 07:48:12,476] INFO: Trying adjusted date: 7/2011 (original: 6/2011)
[2025-03-22 07:48:12,489] WARNING: wmg (6/2011): No existing record found(6/2011, 2011-06-30) - creating new one
[2025-03-22 07:48:12,489] INFO: wmg (6/2011): Created new record with 14 non-zero financial metrics
[2025-03-22 07:48:12,506] INFO: Trying adjusted date: 10/2011 (original: 9/2011)
[2025-03-22 07:48:12,520] WARNING: wmg (9/2011): No existing record found(9/2011, 2011-09-30) - creating new one
[2025-03-22 07:48:12,520] INFO: wmg (9/2011): Created new record with 0 non-zero financial metrics
[2025-03-22 07:48:12,535] INFO: Trying adjusted date: 1/2012 (original: 12/2011)
[2025-03-22 07:48:12,549] WARNING: wmg (12/2011): No existing record found(12/2011, 2011-12-31) - creating new one
[2025-03-22 07:48:12,550] INFO: wmg (12/2011): Created new record with 9 non-zero financial metrics
[2025-03-22 07:48:12,564] INFO: Trying adjusted date: 4/2012 (original: 3/2012)
[2025-03-22 07:48:12,578] WARNING: wmg (3/2012): No existing record found(3/2012, 2012-03-31) - creating new one
[2025-03-22 07:48:12,578] INFO: wmg (3/2012): Created new record with 8 non-zero financial metrics
[2025-03-22 07:48:12,593] INFO: Trying adjusted date: 7/2012 (original: 6/2012)
[2025-03-22 07:48:12,607] WARNING: wmg (6/2012): No existing record found(6/2012, 2012-06-30) - creating new one
[2025-03-22 07:48:12,607] INFO: wmg (6/2012): Created new record with 13 non-zero financial metrics
[2025-03-22 07:48:12,623] INFO: Trying adjusted date: 10/2012 (original: 9/2012)
[2025-03-22 07:48:12,636] WARNING: wmg (9/2012): No existing record found(9/2012, 2012-09-30) - creating new one
[2025-03-22 07:48:12,636] INFO: wmg (9/2012): Created new record with 17 non-zero financial metrics
[2025-03-22 07:48:12,652] INFO: Trying adjusted date: 1/2013 (original: 12/2012)
[2025-03-22 07:48:12,665] WARNING: wmg (12/2012): No existing record found(12/2012, 2012-12-31) - creating new one
[2025-03-22 07:48:12,665] INFO: wmg (12/2012): Created new record with 17 non-zero financial metrics
[2025-03-22 07:48:12,680] INFO: Trying adjusted date: 4/2013 (original: 3/2013)
[2025-03-22 07:48:12,694] WARNING: wmg (3/2013): No existing record found(3/2013, 2013-03-31) - creating new one
[2025-03-22 07:48:12,694] INFO: wmg (3/2013): Created new record with 14 non-zero financial metrics
[2025-03-22 07:48:12,709] INFO: Trying adjusted date: 7/2013 (original: 6/2013)
[2025-03-22 07:48:12,723] WARNING: wmg (6/2013): No existing record found(6/2013, 2013-06-30) - creating new one
[2025-03-22 07:48:12,723] INFO: wmg (6/2013): Created new record with 0 non-zero financial metrics
[2025-03-22 07:48:12,739] INFO: Trying adjusted date: 10/2013 (original: 9/2013)
[2025-03-22 07:48:12,751] WARNING: wmg (9/2013): No existing record found(9/2013, 2013-09-30) - creating new one
[2025-03-22 07:48:12,752] INFO: wmg (9/2013): Created new record with 8 non-zero financial metrics
[2025-03-22 07:48:12,768] INFO: Trying adjusted date: 1/2014 (original: 12/2013)
[2025-03-22 07:48:12,782] WARNING: wmg (12/2013): No existing record found(12/2013, 2013-12-31) - creating new one
[2025-03-22 07:48:12,782] INFO: wmg (12/2013): Created new record with 17 non-zero financial metrics
[2025-03-22 07:48:12,798] INFO: Trying adjusted date: 4/2014 (original: 3/2014)
[2025-03-22 07:48:12,812] WARNING: wmg (3/2014): No existing record found(3/2014, 2014-03-31) - creating new one
[2025-03-22 07:48:12,813] INFO: wmg (3/2014): Created new record with 14 non-zero financial metrics
[2025-03-22 07:48:12,827] INFO: Trying adjusted date: 7/2014 (original: 6/2014)
[2025-03-22 07:48:12,840] ERROR: Invalid numeric value for Long Term Debt: 
[2025-03-22 07:48:12,841] ERROR: wmg (6/2014): Invalid data types: Long Term Debt=
[2025-03-22 07:48:12,841] WARNING: wmg (6/2014): No existing record found(6/2014, 2014-06-30) - creating new one
[2025-03-22 07:48:12,841] INFO: wmg (6/2014): Created new record with 12 non-zero financial metrics
[2025-03-22 07:48:12,856] INFO: Trying adjusted date: 10/2014 (original: 9/2014)
[2025-03-22 07:48:12,870] WARNING: wmg (9/2014): Found zero values for fields: Long Term Debt
[2025-03-22 07:48:12,870] WARNING: wmg (9/2014): No existing record found(9/2014, 2014-09-30) - creating new one
[2025-03-22 07:48:12,870] INFO: wmg (9/2014): Created new record with 12 non-zero financial metrics
[2025-03-22 07:48:12,885] INFO: Trying adjusted date: 1/2015 (original: 12/2014)
[2025-03-22 07:48:12,897] WARNING: wmg (12/2014): Found zero values for fields: Long Term Debt
[2025-03-22 07:48:12,897] WARNING: wmg (12/2014): No existing record found(12/2014, 2014-12-31) - creating new one
[2025-03-22 07:48:12,897] INFO: wmg (12/2014): Created new record with 12 non-zero financial metrics
[2025-03-22 07:48:12,913] INFO: Trying adjusted date: 4/2015 (original: 3/2015)
[2025-03-22 07:48:12,925] WARNING: wmg (3/2015): No existing record found(3/2015, 2015-03-31) - creating new one
[2025-03-22 07:48:12,926] INFO: wmg (3/2015): Created new record with 13 non-zero financial metrics
[2025-03-22 07:48:12,942] INFO: Trying adjusted date: 7/2015 (original: 6/2015)
[2025-03-22 07:48:12,955] WARNING: wmg (6/2015): No existing record found(6/2015, 2015-06-30) - creating new one
[2025-03-22 07:48:12,956] INFO: wmg (6/2015): Created new record with 13 non-zero financial metrics
[2025-03-22 07:48:12,971] INFO: Trying adjusted date: 10/2015 (original: 9/2015)
[2025-03-22 07:48:12,984] WARNING: wmg (9/2015): No existing record found(9/2015, 2015-09-30) - creating new one
[2025-03-22 07:48:12,985] INFO: wmg (9/2015): Created new record with 13 non-zero financial metrics
[2025-03-22 07:48:12,999] INFO: Trying adjusted date: 1/2016 (original: 12/2015)
[2025-03-22 07:48:13,012] WARNING: wmg (12/2015): No existing record found(12/2015, 2015-12-31) - creating new one
[2025-03-22 07:48:13,012] INFO: wmg (12/2015): Created new record with 13 non-zero financial metrics
[2025-03-22 07:48:13,027] INFO: Trying adjusted date: 4/2016 (original: 3/2016)
[2025-03-22 07:48:13,040] WARNING: wmg (3/2016): No existing record found(3/2016, 2016-03-31) - creating new one
[2025-03-22 07:48:13,041] INFO: wmg (3/2016): Created new record with 13 non-zero financial metrics
[2025-03-22 07:48:13,056] INFO: Trying adjusted date: 7/2016 (original: 6/2016)
[2025-03-22 07:48:13,070] WARNING: wmg (6/2016): No existing record found(6/2016, 2016-06-30) - creating new one
[2025-03-22 07:48:13,070] INFO: wmg (6/2016): Created new record with 13 non-zero financial metrics
[2025-03-22 07:48:13,085] INFO: Trying adjusted date: 10/2016 (original: 9/2016)
[2025-03-22 07:48:13,097] WARNING: wmg (9/2016): No existing record found(9/2016, 2016-09-30) - creating new one
[2025-03-22 07:48:13,098] INFO: wmg (9/2016): Created new record with 13 non-zero financial metrics
[2025-03-22 07:48:13,113] INFO: Trying adjusted date: 1/2017 (original: 12/2016)
[2025-03-22 07:48:11,730] WARNING: wmg (12/2016): No existing record found(12/2016, 2016-12-31) - creating new one
[2025-03-22 07:48:11,731] INFO: wmg (12/2016): Created new record with 13 non-zero financial metrics
[2025-03-22 07:48:11,747] INFO: Trying adjusted date: 4/2017 (original: 3/2017)
[2025-03-22 07:48:11,760] WARNING: wmg (3/2017): No existing record found(3/2017, 2017-03-31) - creating new one
[2025-03-22 07:48:11,761] INFO: wmg (3/2017): Created new record with 13 non-zero financial metrics
[2025-03-22 07:48:11,776] INFO: Trying adjusted date: 7/2017 (original: 6/2017)
[2025-03-22 07:48:11,790] WARNING: wmg (6/2017): No existing record found(6/2017, 2017-06-30) - creating new one
[2025-03-22 07:48:11,790] INFO: wmg (6/2017): Created new record with 13 non-zero financial metrics
[2025-03-22 07:48:11,805] INFO: Trying adjusted date: 10/2017 (original: 9/2017)
[2025-03-22 07:48:11,818] WARNING: wmg (9/2017): No existing record found(9/2017, 2017-09-30) - creating new one
[2025-03-22 07:48:11,819] INFO: wmg (9/2017): Created new record with 13 non-zero financial metrics
[2025-03-22 07:48:11,833] INFO: Trying adjusted date: 1/2018 (original: 12/2017)
[2025-03-22 07:48:11,847] WARNING: wmg (12/2017): No existing record found(12/2017, 2017-12-31) - creating new one
[2025-03-22 07:48:11,848] INFO: wmg (12/2017): Created new record with 13 non-zero financial metrics
[2025-03-22 07:48:11,862] INFO: Trying adjusted date: 4/2018 (original: 3/2018)
[2025-03-22 07:48:11,876] WARNING: wmg (3/2018): No existing record found(3/2018, 2018-03-31) - creating new one
[2025-03-22 07:48:11,876] INFO: wmg (3/2018): Created new record with 13 non-zero financial metrics
[2025-03-22 07:48:11,891] INFO: Trying adjusted date: 7/2018 (original: 6/2018)
[2025-03-22 07:48:11,904] WARNING: wmg (6/2018): No existing record found(6/2018, 2018-06-30) - creating new one
[2025-03-22 07:48:11,905] INFO: wmg (6/2018): Created new record with 13 non-zero financial metrics
[2025-03-22 07:48:11,922] INFO: Trying adjusted date: 10/2018 (original: 9/2018)
[2025-03-22 07:48:11,935] WARNING: wmg (9/2018): No existing record found(9/2018, 2018-09-30) - creating new one
[2025-03-22 07:48:11,935] INFO: wmg (9/2018): Created new record with 16 non-zero financial metrics
[2025-03-22 07:48:11,950] INFO: Trying adjusted date: 1/2019 (original: 12/2018)
[2025-03-22 07:48:11,963] WARNING: wmg (12/2018): No existing record found(12/2018, 2018-12-31) - creating new one
[2025-03-22 07:48:11,964] INFO: wmg (12/2018): Created new record with 16 non-zero financial metrics
[2025-03-22 07:48:11,978] INFO: Trying adjusted date: 4/2019 (original: 3/2019)
[2025-03-22 07:48:11,991] WARNING: wmg (3/2019): No existing record found(3/2019, 2019-03-31) - creating new one
[2025-03-22 07:48:11,991] INFO: wmg (3/2019): Created new record with 13 non-zero financial metrics
[2025-03-22 07:48:12,006] INFO: Trying adjusted date: 7/2019 (original: 6/2019)
[2025-03-22 07:48:12,019] WARNING: wmg (6/2019): No existing record found(6/2019, 2019-06-30) - creating new one
[2025-03-22 07:48:12,020] INFO: wmg (6/2019): Created new record with 12 non-zero financial metrics
[2025-03-22 07:48:12,034] INFO: Trying adjusted date: 10/2019 (original: 9/2019)
[2025-03-22 07:48:12,048] WARNING: wmg (9/2019): No existing record found(9/2019, 2019-09-30) - creating new one
[2025-03-22 07:48:12,048] INFO: wmg (9/2019): Created new record with 17 non-zero financial metrics
[2025-03-22 07:48:12,062] INFO: Trying adjusted date: 1/2020 (original: 12/2019)
[2025-03-22 07:48:12,076] WARNING: wmg (12/2019): No existing record found(12/2019, 2019-12-31) - creating new one
[2025-03-22 07:48:12,076] INFO: wmg (12/2019): Created new record with 16 non-zero financial metrics
[2025-03-22 07:48:12,091] INFO: Trying adjusted date: 4/2020 (original: 3/2020)
[2025-03-22 07:48:12,103] WARNING: wmg (3/2020): No existing record found(3/2020, 2020-03-31) - creating new one
[2025-03-22 07:48:12,104] INFO: wmg (3/2020): Created new record with 13 non-zero financial metrics
[2025-03-22 07:48:12,132] INFO: wmg (6/2020): Updated existing record with 13 non-zero financial metrics
[2025-03-22 07:48:12,163] INFO: wmg (9/2020): Updated existing record with 17 non-zero financial metrics
[2025-03-22 07:48:12,196] INFO: wmg (12/2020): Updated existing record with 17 non-zero financial metrics
[2025-03-22 07:48:12,225] INFO: wmg (3/2021): Updated existing record with 13 non-zero financial metrics
[2025-03-22 07:48:12,259] INFO: wmg (6/2021): Updated existing record with 13 non-zero financial metrics
[2025-03-22 07:48:12,287] INFO: wmg (9/2021): Updated existing record with 17 non-zero financial metrics
[2025-03-22 07:48:12,316] INFO: wmg (12/2021): Updated existing record with 17 non-zero financial metrics
[2025-03-22 07:48:12,345] INFO: wmg (3/2022): Updated existing record with 13 non-zero financial metrics
[2025-03-22 07:48:12,372] INFO: wmg (6/2022): Updated existing record with 13 non-zero financial metrics
[2025-03-22 07:48:12,401] INFO: wmg (9/2022): Updated existing record with 17 non-zero financial metrics
[2025-03-22 07:48:12,429] INFO: wmg (12/2022): Updated existing record with 17 non-zero financial metrics
[2025-03-22 07:48:12,457] INFO: wmg (3/2023): Updated existing record with 14 non-zero financial metrics
[2025-03-22 07:48:12,486] INFO: wmg (6/2023): Updated existing record with 14 non-zero financial metrics
[2025-03-22 07:48:12,515] INFO: wmg (9/2023): Updated existing record with 18 non-zero financial metrics
[2025-03-22 07:48:12,544] INFO: wmg (12/2023): Updated existing record with 18 non-zero financial metrics
[2025-03-22 07:48:12,573] INFO: wmg (3/2024): Updated existing record with 14 non-zero financial metrics
[2025-03-22 07:48:12,600] INFO: wmg (6/2024): Updated existing record with 14 non-zero financial metrics
[2025-03-22 07:48:12,628] INFO: wmg (9/2024): Updated existing record with 19 non-zero financial metrics
[2025-03-22 07:48:12,644] INFO: Trying adjusted date: 1/2025 (original: 12/2024)
[2025-03-22 07:48:12,658] WARNING: wmg (12/2024): No existing record found(12/2024, 2024-12-31) - creating new one
[2025-03-22 07:48:12,658] INFO: wmg (12/2024): Created new record with 19 non-zero financial metrics
