[2025-03-22 08:02:06,159] INFO: Trying adjusted date: 10/2010 (original: 9/2010)
[2025-03-22 08:02:06,171] WARNING: wolf (9/2010): No existing record found(9/2010, 2010-09-26) - creating new one
[2025-03-22 08:02:06,172] INFO: wolf (9/2010): Created new record with 18 non-zero financial metrics
[2025-03-22 08:02:06,190] INFO: Trying adjusted date: 1/2011 (original: 12/2010)
[2025-03-22 08:02:06,203] WARNING: wolf (12/2010): No existing record found(12/2010, 2010-12-26) - creating new one
[2025-03-22 08:02:06,204] INFO: wolf (12/2010): Created new record with 15 non-zero financial metrics
[2025-03-22 08:02:06,219] INFO: Trying adjusted date: 4/2011 (original: 3/2011)
[2025-03-22 08:02:06,232] WARNING: wolf (3/2011): No existing record found(3/2011, 2011-03-27) - creating new one
[2025-03-22 08:02:06,233] INFO: wolf (3/2011): Created new record with 15 non-zero financial metrics
[2025-03-22 08:02:06,248] INFO: Trying adjusted date: 7/2011 (original: 6/2011)
[2025-03-22 08:02:06,261] WARNING: wolf (6/2011): No existing record found(6/2011, 2011-06-26) - creating new one
[2025-03-22 08:02:06,262] INFO: wolf (6/2011): Created new record with 17 non-zero financial metrics
[2025-03-22 08:02:06,277] INFO: Trying adjusted date: 10/2011 (original: 9/2011)
[2025-03-22 08:02:06,291] WARNING: wolf (9/2011): No existing record found(9/2011, 2011-09-25) - creating new one
[2025-03-22 08:02:06,292] INFO: wolf (9/2011): Created new record with 18 non-zero financial metrics
[2025-03-22 08:02:06,307] INFO: Trying adjusted date: 1/2012 (original: 12/2011)
[2025-03-22 08:02:06,319] WARNING: wolf (12/2011): No existing record found(12/2011, 2011-12-25) - creating new one
[2025-03-22 08:02:06,320] INFO: wolf (12/2011): Created new record with 14 non-zero financial metrics
[2025-03-22 08:02:06,334] INFO: Trying adjusted date: 4/2012 (original: 3/2012)
[2025-03-22 08:02:06,347] WARNING: wolf (3/2012): No existing record found(3/2012, 2012-03-25) - creating new one
[2025-03-22 08:02:06,348] INFO: wolf (3/2012): Created new record with 14 non-zero financial metrics
[2025-03-22 08:02:06,365] INFO: Trying adjusted date: 7/2012 (original: 6/2012)
[2025-03-22 08:02:06,379] WARNING: wolf (6/2012): No existing record found(6/2012, 2012-06-24) - creating new one
[2025-03-22 08:02:06,379] INFO: wolf (6/2012): Created new record with 18 non-zero financial metrics
[2025-03-22 08:02:06,393] INFO: Trying adjusted date: 10/2012 (original: 9/2012)
[2025-03-22 08:02:06,407] WARNING: wolf (9/2012): No existing record found(9/2012, 2012-09-23) - creating new one
[2025-03-22 08:02:06,408] INFO: wolf (9/2012): Created new record with 19 non-zero financial metrics
[2025-03-22 08:02:06,421] INFO: Trying adjusted date: 1/2013 (original: 12/2012)
[2025-03-22 08:02:06,435] WARNING: wolf (12/2012): No existing record found(12/2012, 2012-12-30) - creating new one
[2025-03-22 08:02:06,435] INFO: wolf (12/2012): Created new record with 15 non-zero financial metrics
[2025-03-22 08:02:06,450] INFO: Trying adjusted date: 4/2013 (original: 3/2013)
[2025-03-22 08:02:06,463] WARNING: wolf (3/2013): No existing record found(3/2013, 2013-03-31) - creating new one
[2025-03-22 08:02:06,464] INFO: wolf (3/2013): Created new record with 15 non-zero financial metrics
[2025-03-22 08:02:06,479] INFO: Trying adjusted date: 7/2013 (original: 6/2013)
[2025-03-22 08:02:06,492] WARNING: wolf (6/2013): No existing record found(6/2013, 2013-06-30) - creating new one
[2025-03-22 08:02:06,493] INFO: wolf (6/2013): Created new record with 19 non-zero financial metrics
[2025-03-22 08:02:06,508] INFO: Trying adjusted date: 10/2013 (original: 9/2013)
[2025-03-22 08:02:06,520] WARNING: wolf (9/2013): No existing record found(9/2013, 2013-09-29) - creating new one
[2025-03-22 08:02:06,520] INFO: wolf (9/2013): Created new record with 17 non-zero financial metrics
[2025-03-22 08:02:06,535] INFO: Trying adjusted date: 1/2014 (original: 12/2013)
[2025-03-22 08:02:06,548] WARNING: wolf (12/2013): No existing record found(12/2013, 2013-12-29) - creating new one
[2025-03-22 08:02:06,550] INFO: wolf (12/2013): Created new record with 13 non-zero financial metrics
[2025-03-22 08:02:06,566] INFO: Trying adjusted date: 4/2014 (original: 3/2014)
[2025-03-22 08:02:06,579] WARNING: wolf (3/2014): No existing record found(3/2014, 2014-03-30) - creating new one
[2025-03-22 08:02:06,580] INFO: wolf (3/2014): Created new record with 13 non-zero financial metrics
[2025-03-22 08:02:06,595] INFO: Trying adjusted date: 7/2014 (original: 6/2014)
[2025-03-22 08:02:06,608] WARNING: wolf (6/2014): No existing record found(6/2014, 2014-06-29) - creating new one
[2025-03-22 08:02:06,609] INFO: wolf (6/2014): Created new record with 18 non-zero financial metrics
[2025-03-22 08:02:06,625] INFO: Trying adjusted date: 10/2014 (original: 9/2014)
[2025-03-22 08:02:06,639] WARNING: wolf (9/2014): No existing record found(9/2014, 2014-09-28) - creating new one
[2025-03-22 08:02:06,639] INFO: wolf (9/2014): Created new record with 18 non-zero financial metrics
[2025-03-22 08:02:06,655] INFO: Trying adjusted date: 1/2015 (original: 12/2014)
[2025-03-22 08:02:06,669] WARNING: wolf (12/2014): No existing record found(12/2014, 2014-12-28) - creating new one
[2025-03-22 08:02:06,669] INFO: wolf (12/2014): Created new record with 13 non-zero financial metrics
[2025-03-22 08:02:06,684] INFO: Trying adjusted date: 4/2015 (original: 3/2015)
[2025-03-22 08:02:06,698] WARNING: wolf (3/2015): No existing record found(3/2015, 2015-03-29) - creating new one
[2025-03-22 08:02:06,698] INFO: wolf (3/2015): Created new record with 13 non-zero financial metrics
[2025-03-22 08:02:06,713] INFO: Trying adjusted date: 7/2015 (original: 6/2015)
[2025-03-22 08:02:06,727] WARNING: wolf (6/2015): No existing record found(6/2015, 2015-06-28) - creating new one
[2025-03-22 08:02:06,728] INFO: wolf (6/2015): Created new record with 18 non-zero financial metrics
[2025-03-22 08:02:06,746] INFO: Trying adjusted date: 10/2015 (original: 9/2015)
[2025-03-22 08:02:06,759] WARNING: wolf (9/2015): No existing record found(9/2015, 2015-09-27) - creating new one
[2025-03-22 08:02:06,760] INFO: wolf (9/2015): Created new record with 18 non-zero financial metrics
[2025-03-22 08:02:06,775] INFO: Trying adjusted date: 1/2016 (original: 12/2015)
[2025-03-22 08:02:06,788] WARNING: wolf (12/2015): No existing record found(12/2015, 2015-12-27) - creating new one
[2025-03-22 08:02:06,789] INFO: wolf (12/2015): Created new record with 13 non-zero financial metrics
[2025-03-22 08:02:06,803] INFO: Trying adjusted date: 4/2016 (original: 3/2016)
[2025-03-22 08:02:06,817] WARNING: wolf (3/2016): Found zero values for fields: EPS Diluted
[2025-03-22 08:02:06,817] WARNING: wolf (3/2016): No existing record found(3/2016, 2016-03-27) - creating new one
[2025-03-22 08:02:06,817] INFO: wolf (3/2016): Created new record with 12 non-zero financial metrics
[2025-03-22 08:02:06,834] INFO: Trying adjusted date: 7/2016 (original: 6/2016)
[2025-03-22 08:02:06,847] WARNING: wolf (6/2016): No existing record found(6/2016, 2016-06-26) - creating new one
[2025-03-22 08:02:06,847] INFO: wolf (6/2016): Created new record with 18 non-zero financial metrics
[2025-03-22 08:02:06,874] INFO: Trying adjusted date: 10/2016 (original: 9/2016)
[2025-03-22 08:02:06,887] WARNING: wolf (9/2016): Found zero values for fields: EPS Diluted
[2025-03-22 08:02:06,887] WARNING: wolf (9/2016): No existing record found(9/2016, 2016-09-25) - creating new one
[2025-03-22 08:02:06,887] INFO: wolf (9/2016): Created new record with 17 non-zero financial metrics
[2025-03-22 08:02:06,905] INFO: Trying adjusted date: 1/2017 (original: 12/2016)
[2025-03-22 08:02:06,918] WARNING: wolf (12/2016): No existing record found(12/2016, 2016-12-25) - creating new one
[2025-03-22 08:02:06,919] INFO: wolf (12/2016): Created new record with 13 non-zero financial metrics
[2025-03-22 08:02:06,937] INFO: Trying adjusted date: 4/2017 (original: 3/2017)
[2025-03-22 08:02:06,950] WARNING: wolf (3/2017): No existing record found(3/2017, 2017-03-26) - creating new one
[2025-03-22 08:02:06,950] INFO: wolf (3/2017): Created new record with 13 non-zero financial metrics
[2025-03-22 08:02:06,966] INFO: Trying adjusted date: 7/2017 (original: 6/2017)
[2025-03-22 08:02:06,980] WARNING: wolf (6/2017): No existing record found(6/2017, 2017-06-25) - creating new one
[2025-03-22 08:02:06,980] INFO: wolf (6/2017): Created new record with 18 non-zero financial metrics
[2025-03-22 08:02:06,996] INFO: Trying adjusted date: 10/2017 (original: 9/2017)
[2025-03-22 08:02:07,010] WARNING: wolf (9/2017): Found zero values for fields: Share Repurchases
[2025-03-22 08:02:07,010] WARNING: wolf (9/2017): No existing record found(9/2017, 2017-09-24) - creating new one
[2025-03-22 08:02:07,010] INFO: wolf (9/2017): Created new record with 17 non-zero financial metrics
[2025-03-22 08:02:07,025] INFO: Trying adjusted date: 1/2018 (original: 12/2017)
[2025-03-22 08:02:07,039] WARNING: wolf (12/2017): No existing record found(12/2017, 2017-12-24) - creating new one
[2025-03-22 08:02:07,039] INFO: wolf (12/2017): Created new record with 13 non-zero financial metrics
[2025-03-22 08:02:07,054] INFO: Trying adjusted date: 4/2018 (original: 3/2018)
[2025-03-22 08:02:07,068] WARNING: wolf (3/2018): No existing record found(3/2018, 2018-03-25) - creating new one
[2025-03-22 08:02:07,068] INFO: wolf (3/2018): Created new record with 13 non-zero financial metrics
[2025-03-22 08:02:07,085] INFO: Trying adjusted date: 7/2018 (original: 6/2018)
[2025-03-22 08:02:07,098] WARNING: wolf (6/2018): Found zero values for fields: Share Repurchases
[2025-03-22 08:02:07,099] WARNING: wolf (6/2018): No existing record found(6/2018, 2018-06-24) - creating new one
[2025-03-22 08:02:07,099] INFO: wolf (6/2018): Created new record with 17 non-zero financial metrics
[2025-03-22 08:02:07,114] INFO: Trying adjusted date: 10/2018 (original: 9/2018)
[2025-03-22 08:02:07,128] WARNING: wolf (9/2018): No existing record found(9/2018, 2018-09-23) - creating new one
[2025-03-22 08:02:07,128] INFO: wolf (9/2018): Created new record with 18 non-zero financial metrics
[2025-03-22 08:02:07,144] INFO: Trying adjusted date: 1/2019 (original: 12/2018)
[2025-03-22 08:02:07,158] WARNING: wolf (12/2018): No existing record found(12/2018, 2018-12-30) - creating new one
[2025-03-22 08:02:07,158] INFO: wolf (12/2018): Created new record with 14 non-zero financial metrics
[2025-03-22 08:02:07,173] INFO: Trying adjusted date: 4/2019 (original: 3/2019)
[2025-03-22 08:02:07,187] WARNING: wolf (3/2019): No existing record found(3/2019, 2019-03-31) - creating new one
[2025-03-22 08:02:07,187] INFO: wolf (3/2019): Created new record with 15 non-zero financial metrics
[2025-03-22 08:02:07,202] INFO: Trying adjusted date: 7/2019 (original: 6/2019)
[2025-03-22 08:02:07,215] WARNING: wolf (6/2019): Found zero values for fields: Share Repurchases
[2025-03-22 08:02:07,215] WARNING: wolf (6/2019): No existing record found(6/2019, 2019-06-30) - creating new one
[2025-03-22 08:02:07,215] INFO: wolf (6/2019): Created new record with 18 non-zero financial metrics
[2025-03-22 08:02:07,231] INFO: Trying adjusted date: 10/2019 (original: 9/2019)
[2025-03-22 08:02:07,245] WARNING: wolf (9/2019): No existing record found(9/2019, 2019-09-29) - creating new one
[2025-03-22 08:02:07,245] INFO: wolf (9/2019): Created new record with 17 non-zero financial metrics
[2025-03-22 08:02:07,261] INFO: Trying adjusted date: 1/2020 (original: 12/2019)
[2025-03-22 08:02:07,274] WARNING: wolf (12/2019): No existing record found(12/2019, 2019-12-29) - creating new one
[2025-03-22 08:02:07,275] INFO: wolf (12/2019): Created new record with 13 non-zero financial metrics
[2025-03-22 08:02:07,289] INFO: Trying adjusted date: 4/2020 (original: 3/2020)
[2025-03-22 08:02:07,302] WARNING: wolf (3/2020): No existing record found(3/2020, 2020-03-29) - creating new one
[2025-03-22 08:02:07,303] INFO: wolf (3/2020): Created new record with 14 non-zero financial metrics
[2025-03-22 08:02:07,317] INFO: Trying adjusted date: 7/2020 (original: 6/2020)
[2025-03-22 08:02:07,331] WARNING: wolf (6/2020): No existing record found(6/2020, 2020-06-28) - creating new one
[2025-03-22 08:02:07,331] INFO: wolf (6/2020): Created new record with 18 non-zero financial metrics
[2025-03-22 08:02:07,346] INFO: Trying adjusted date: 10/2020 (original: 9/2020)
[2025-03-22 08:02:07,360] WARNING: wolf (9/2020): No existing record found(9/2020, 2020-09-27) - creating new one
[2025-03-22 08:02:07,360] INFO: wolf (9/2020): Created new record with 18 non-zero financial metrics
[2025-03-22 08:02:07,376] INFO: Trying adjusted date: 1/2021 (original: 12/2020)
[2025-03-22 08:02:07,389] WARNING: wolf (12/2020): No existing record found(12/2020, 2020-12-27) - creating new one
[2025-03-22 08:02:07,390] INFO: wolf (12/2020): Created new record with 15 non-zero financial metrics
[2025-03-22 08:02:07,404] INFO: Trying adjusted date: 4/2021 (original: 3/2021)
[2025-03-22 08:02:07,418] WARNING: wolf (3/2021): No existing record found(3/2021, 2021-03-28) - creating new one
[2025-03-22 08:02:07,418] INFO: wolf (3/2021): Created new record with 15 non-zero financial metrics
[2025-03-22 08:02:07,433] INFO: Trying adjusted date: 7/2021 (original: 6/2021)
[2025-03-22 08:02:07,447] WARNING: wolf (6/2021): No existing record found(6/2021, 2021-06-27) - creating new one
[2025-03-22 08:02:07,448] INFO: wolf (6/2021): Created new record with 20 non-zero financial metrics
[2025-03-22 08:02:07,476] INFO: wolf (9/2021): Updated existing record with 20 non-zero financial metrics
[2025-03-22 08:02:07,503] INFO: wolf (12/2021): Updated existing record with 16 non-zero financial metrics
[2025-03-22 08:02:07,531] INFO: wolf (3/2022): Updated existing record with 16 non-zero financial metrics
[2025-03-22 08:02:07,559] INFO: wolf (6/2022): Updated existing record with 20 non-zero financial metrics
[2025-03-22 08:02:07,587] INFO: wolf (9/2022): Updated existing record with 20 non-zero financial metrics
[2025-03-22 08:02:07,615] INFO: wolf (12/2022): Updated existing record with 16 non-zero financial metrics
[2025-03-22 08:02:07,643] INFO: wolf (3/2023): Updated existing record with 16 non-zero financial metrics
[2025-03-22 08:02:07,672] INFO: wolf (6/2023): Updated existing record with 20 non-zero financial metrics
[2025-03-22 08:02:07,700] INFO: wolf (9/2023): Updated existing record with 20 non-zero financial metrics
[2025-03-22 08:02:07,731] INFO: wolf (12/2023): Updated existing record with 16 non-zero financial metrics
[2025-03-22 08:02:07,760] INFO: wolf (3/2024): Updated existing record with 16 non-zero financial metrics
[2025-03-22 08:02:07,790] INFO: wolf (6/2024): Updated existing record with 19 non-zero financial metrics
[2025-03-22 08:02:07,817] INFO: wolf (9/2024): Updated existing record with 20 non-zero financial metrics
[2025-03-22 08:02:07,850] INFO: wolf (12/2024): Updated existing record with 16 non-zero financial metrics
