[2025-03-22 08:48:35,086] INFO: Trying adjusted date: 7/2010 (original: 6/2010)
[2025-03-22 08:48:35,098] WARNING: wrb (6/2010): No existing record found(6/2010, 2010-06-30) - creating new one
[2025-03-22 08:48:35,098] INFO: wrb (6/2010): Created new record with 0 non-zero financial metrics
[2025-03-22 08:48:35,113] INFO: Trying adjusted date: 10/2010 (original: 9/2010)
[2025-03-22 08:48:35,127] WARNING: wrb (9/2010): No existing record found(9/2010, 2010-09-30) - creating new one
[2025-03-22 08:48:35,127] INFO: wrb (9/2010): Created new record with 0 non-zero financial metrics
[2025-03-22 08:48:35,142] INFO: Trying adjusted date: 1/2011 (original: 12/2010)
[2025-03-22 08:48:35,155] WARNING: wrb (12/2010): No existing record found(12/2010, 2010-12-31) - creating new one
[2025-03-22 08:48:35,155] INFO: wrb (12/2010): Created new record with 0 non-zero financial metrics
[2025-03-22 08:48:35,171] INFO: Trying adjusted date: 4/2011 (original: 3/2011)
[2025-03-22 08:48:35,184] WARNING: wrb (3/2011): No existing record found(3/2011, 2011-03-31) - creating new one
[2025-03-22 08:48:35,184] INFO: wrb (3/2011): Created new record with 0 non-zero financial metrics
[2025-03-22 08:48:35,199] INFO: Trying adjusted date: 7/2011 (original: 6/2011)
[2025-03-22 08:48:35,213] WARNING: wrb (6/2011): No existing record found(6/2011, 2011-06-30) - creating new one
[2025-03-22 08:48:35,213] INFO: wrb (6/2011): Created new record with 9 non-zero financial metrics
[2025-03-22 08:48:35,228] INFO: Trying adjusted date: 10/2011 (original: 9/2011)
[2025-03-22 08:48:35,241] WARNING: wrb (9/2011): No existing record found(9/2011, 2011-09-30) - creating new one
[2025-03-22 08:48:35,241] INFO: wrb (9/2011): Created new record with 9 non-zero financial metrics
[2025-03-22 08:48:35,257] INFO: Trying adjusted date: 1/2012 (original: 12/2011)
[2025-03-22 08:48:35,270] WARNING: wrb (12/2011): No existing record found(12/2011, 2011-12-31) - creating new one
[2025-03-22 08:48:35,270] INFO: wrb (12/2011): Created new record with 14 non-zero financial metrics
[2025-03-22 08:48:35,285] INFO: Trying adjusted date: 4/2012 (original: 3/2012)
[2025-03-22 08:48:35,298] WARNING: wrb (3/2012): Found zero values for fields: Share Repurchases
[2025-03-22 08:48:35,298] WARNING: wrb (3/2012): No existing record found(3/2012, 2012-03-31) - creating new one
[2025-03-22 08:48:35,298] INFO: wrb (3/2012): Created new record with 13 non-zero financial metrics
[2025-03-22 08:48:35,314] INFO: Trying adjusted date: 7/2012 (original: 6/2012)
[2025-03-22 08:48:35,328] WARNING: wrb (6/2012): No existing record found(6/2012, 2012-06-30) - creating new one
[2025-03-22 08:48:35,329] INFO: wrb (6/2012): Created new record with 9 non-zero financial metrics
[2025-03-22 08:48:35,357] INFO: wrb (9/2012): Updated existing record with 9 non-zero financial metrics
[2025-03-22 08:48:35,386] INFO: wrb (12/2012): Updated existing record with 14 non-zero financial metrics
[2025-03-22 08:48:35,413] INFO: wrb (3/2013): Updated existing record with 13 non-zero financial metrics
[2025-03-22 08:48:35,441] INFO: wrb (6/2013): Updated existing record with 0 non-zero financial metrics
[2025-03-22 08:48:35,470] INFO: wrb (9/2013): Updated existing record with 9 non-zero financial metrics
[2025-03-22 08:48:35,498] INFO: wrb (12/2013): Updated existing record with 14 non-zero financial metrics
[2025-03-22 08:48:35,527] INFO: wrb (3/2014): Updated existing record with 14 non-zero financial metrics
[2025-03-22 08:48:35,555] INFO: wrb (6/2014): Updated existing record with 9 non-zero financial metrics
[2025-03-22 08:48:35,583] INFO: wrb (9/2014): Updated existing record with 9 non-zero financial metrics
[2025-03-22 08:48:35,612] INFO: wrb (12/2014): Updated existing record with 14 non-zero financial metrics
[2025-03-22 08:48:35,641] INFO: wrb (3/2015): Updated existing record with 14 non-zero financial metrics
[2025-03-22 08:48:35,668] INFO: wrb (6/2015): Updated existing record with 9 non-zero financial metrics
[2025-03-22 08:48:35,696] INFO: wrb (9/2015): Updated existing record with 9 non-zero financial metrics
[2025-03-22 08:48:35,727] INFO: wrb (12/2015): Updated existing record with 14 non-zero financial metrics
[2025-03-22 08:48:35,754] INFO: wrb (3/2016): Updated existing record with 14 non-zero financial metrics
[2025-03-22 08:48:35,781] INFO: wrb (6/2016): Updated existing record with 9 non-zero financial metrics
[2025-03-22 08:48:35,810] INFO: wrb (9/2016): Updated existing record with 9 non-zero financial metrics
[2025-03-22 08:48:35,840] INFO: wrb (12/2016): Updated existing record with 14 non-zero financial metrics
[2025-03-22 08:48:35,855] WARNING: wrb (3/2017): Found zero values for fields: Share Repurchases
[2025-03-22 08:48:35,868] INFO: wrb (3/2017): Updated existing record with 13 non-zero financial metrics
[2025-03-22 08:48:35,897] INFO: wrb (6/2017): Updated existing record with 9 non-zero financial metrics
[2025-03-22 08:48:35,926] INFO: wrb (9/2017): Updated existing record with 9 non-zero financial metrics
[2025-03-22 08:48:35,954] INFO: wrb (12/2017): Updated existing record with 14 non-zero financial metrics
[2025-03-22 08:48:35,981] INFO: wrb (3/2018): Updated existing record with 14 non-zero financial metrics
[2025-03-22 08:48:36,012] INFO: wrb (6/2018): Updated existing record with 9 non-zero financial metrics
[2025-03-22 08:48:36,040] INFO: wrb (9/2018): Updated existing record with 9 non-zero financial metrics
[2025-03-22 08:48:36,067] INFO: wrb (12/2018): Updated existing record with 14 non-zero financial metrics
[2025-03-22 08:48:36,083] WARNING: wrb (3/2019): Found zero values for fields: Share Repurchases
[2025-03-22 08:48:36,096] INFO: wrb (3/2019): Updated existing record with 13 non-zero financial metrics
[2025-03-22 08:48:36,126] INFO: wrb (6/2019): Updated existing record with 9 non-zero financial metrics
[2025-03-22 08:48:36,158] INFO: wrb (9/2019): Updated existing record with 9 non-zero financial metrics
[2025-03-22 08:48:36,186] INFO: wrb (12/2019): Updated existing record with 14 non-zero financial metrics
[2025-03-22 08:48:36,215] INFO: wrb (3/2020): Updated existing record with 13 non-zero financial metrics
[2025-03-22 08:48:36,244] INFO: wrb (6/2020): Updated existing record with 9 non-zero financial metrics
[2025-03-22 08:48:36,273] INFO: wrb (9/2020): Updated existing record with 9 non-zero financial metrics
[2025-03-22 08:48:36,301] INFO: wrb (12/2020): Updated existing record with 13 non-zero financial metrics
[2025-03-22 08:48:36,329] INFO: wrb (3/2021): Updated existing record with 13 non-zero financial metrics
[2025-03-22 08:48:36,361] INFO: wrb (6/2021): Updated existing record with 9 non-zero financial metrics
[2025-03-22 08:48:36,390] INFO: wrb (9/2021): Updated existing record with 9 non-zero financial metrics
[2025-03-22 08:48:36,417] INFO: wrb (12/2021): Updated existing record with 13 non-zero financial metrics
[2025-03-22 08:48:36,432] WARNING: wrb (3/2022): Found zero values for fields: Share Repurchases
[2025-03-22 08:48:36,447] INFO: wrb (3/2022): Updated existing record with 12 non-zero financial metrics
[2025-03-22 08:48:36,475] INFO: wrb (6/2022): Updated existing record with 9 non-zero financial metrics
[2025-03-22 08:48:36,503] INFO: wrb (9/2022): Updated existing record with 9 non-zero financial metrics
[2025-03-22 08:48:36,532] INFO: wrb (12/2022): Updated existing record with 13 non-zero financial metrics
[2025-03-22 08:48:36,560] INFO: wrb (3/2023): Updated existing record with 13 non-zero financial metrics
[2025-03-22 08:48:36,589] INFO: wrb (6/2023): Updated existing record with 9 non-zero financial metrics
[2025-03-22 08:48:36,617] INFO: wrb (9/2023): Updated existing record with 9 non-zero financial metrics
[2025-03-22 08:48:36,645] INFO: wrb (12/2023): Updated existing record with 13 non-zero financial metrics
[2025-03-22 08:48:36,661] WARNING: wrb (3/2024): Found zero values for fields: Share Repurchases
[2025-03-22 08:48:36,675] INFO: wrb (3/2024): Updated existing record with 12 non-zero financial metrics
[2025-03-22 08:48:36,704] INFO: wrb (6/2024): Updated existing record with 9 non-zero financial metrics
[2025-03-22 08:48:36,732] INFO: wrb (9/2024): Updated existing record with 9 non-zero financial metrics
[2025-03-22 08:48:36,761] INFO: wrb (12/2024): Updated existing record with 13 non-zero financial metrics
