[2025-03-22 10:25:11,898] INFO: Trying adjusted date: 10/2015 (original: 9/2015)
[2025-03-22 10:25:11,912] ERROR: Invalid numeric value for Revenue: 
[2025-03-22 10:25:11,912] ERROR: wsc (9/2015): Invalid data types: Revenue=
[2025-03-22 10:25:11,912] WARNING: wsc (9/2015): No existing record found(9/2015, 2015-09-30) - creating new one
[2025-03-22 10:25:11,912] INFO: wsc (9/2015): Created new record with 7 non-zero financial metrics
[2025-03-22 10:25:11,930] INFO: Trying adjusted date: 1/2016 (original: 12/2015)
[2025-03-22 10:25:11,943] WARNING: wsc (12/2015): No existing record found(12/2015, 2015-12-31) - creating new one
[2025-03-22 10:25:11,944] INFO: wsc (12/2015): Created new record with 4 non-zero financial metrics
[2025-03-22 10:25:11,960] INFO: Trying adjusted date: 4/2016 (original: 3/2016)
[2025-03-22 10:25:11,974] WARNING: wsc (3/2016): Found zero values for fields: Revenue
[2025-03-22 10:25:11,974] WARNING: wsc (3/2016): No existing record found(3/2016, 2016-03-31) - creating new one
[2025-03-22 10:25:11,975] INFO: wsc (3/2016): Created new record with 7 non-zero financial metrics
[2025-03-22 10:25:11,991] INFO: Trying adjusted date: 7/2016 (original: 6/2016)
[2025-03-22 10:25:12,005] WARNING: wsc (6/2016): Found zero values for fields: Revenue
[2025-03-22 10:25:12,005] WARNING: wsc (6/2016): No existing record found(6/2016, 2016-06-30) - creating new one
[2025-03-22 10:25:12,005] INFO: wsc (6/2016): Created new record with 7 non-zero financial metrics
[2025-03-22 10:25:12,021] INFO: Trying adjusted date: 10/2016 (original: 9/2016)
[2025-03-22 10:25:12,034] WARNING: wsc (9/2016): Found zero values for fields: Revenue, EPS Diluted
[2025-03-22 10:25:12,034] WARNING: wsc (9/2016): No existing record found(9/2016, 2016-09-30) - creating new one
[2025-03-22 10:25:12,035] INFO: wsc (9/2016): Created new record with 7 non-zero financial metrics
[2025-03-22 10:25:12,050] INFO: Trying adjusted date: 1/2017 (original: 12/2016)
[2025-03-22 10:25:12,064] WARNING: wsc (12/2016): Found zero values for fields: Revenue
[2025-03-22 10:25:12,064] WARNING: wsc (12/2016): No existing record found(12/2016, 2016-12-31) - creating new one
[2025-03-22 10:25:12,065] INFO: wsc (12/2016): Created new record with 9 non-zero financial metrics
[2025-03-22 10:25:12,079] INFO: Trying adjusted date: 4/2017 (original: 3/2017)
[2025-03-22 10:25:12,093] WARNING: wsc (3/2017): Found zero values for fields: Revenue, EPS Diluted
[2025-03-22 10:25:12,093] WARNING: wsc (3/2017): No existing record found(3/2017, 2017-03-31) - creating new one
[2025-03-22 10:25:12,093] INFO: wsc (3/2017): Created new record with 7 non-zero financial metrics
[2025-03-22 10:25:12,109] INFO: Trying adjusted date: 7/2017 (original: 6/2017)
[2025-03-22 10:25:12,123] WARNING: wsc (6/2017): Found zero values for fields: Revenue
[2025-03-22 10:25:12,123] WARNING: wsc (6/2017): No existing record found(6/2017, 2017-06-30) - creating new one
[2025-03-22 10:25:12,124] INFO: wsc (6/2017): Created new record with 9 non-zero financial metrics
[2025-03-22 10:25:12,141] INFO: Trying adjusted date: 10/2017 (original: 9/2017)
[2025-03-22 10:25:12,154] WARNING: wsc (9/2017): Found zero values for fields: Revenue, EPS Diluted
[2025-03-22 10:25:12,154] WARNING: wsc (9/2017): No existing record found(9/2017, 2017-09-30) - creating new one
[2025-03-22 10:25:12,155] INFO: wsc (9/2017): Created new record with 8 non-zero financial metrics
[2025-03-22 10:25:12,171] INFO: Trying adjusted date: 1/2018 (original: 12/2017)
[2025-03-22 10:25:12,184] WARNING: wsc (12/2017): No existing record found(12/2017, 2017-12-31) - creating new one
[2025-03-22 10:25:12,185] INFO: wsc (12/2017): Created new record with 17 non-zero financial metrics
[2025-03-22 10:25:12,214] INFO: wsc (3/2018): Updated existing record with 17 non-zero financial metrics
[2025-03-22 10:25:12,229] WARNING: wsc (6/2018): Found zero values for fields: EPS Diluted
[2025-03-22 10:25:12,243] INFO: wsc (6/2018): Updated existing record with 13 non-zero financial metrics
[2025-03-22 10:25:12,271] INFO: wsc (9/2018): Updated existing record with 13 non-zero financial metrics
[2025-03-22 10:25:12,303] INFO: wsc (12/2018): Updated existing record with 17 non-zero financial metrics
[2025-03-22 10:25:12,333] INFO: wsc (3/2019): Updated existing record with 17 non-zero financial metrics
[2025-03-22 10:25:12,348] INFO: Trying adjusted date: 7/2019 (original: 8/2019)
[2025-03-22 10:25:12,361] WARNING: wsc (8/2019): No existing record found(8/2019, 2019-08-02) - creating new one
[2025-03-22 10:25:12,361] INFO: wsc (8/2019): Created new record with 0 non-zero financial metrics
[2025-03-22 10:25:12,390] INFO: wsc (9/2019): Updated existing record with 13 non-zero financial metrics
[2025-03-22 10:25:12,419] INFO: wsc (12/2019): Updated existing record with 17 non-zero financial metrics
[2025-03-22 10:25:12,448] INFO: wsc (3/2020): Updated existing record with 19 non-zero financial metrics
[2025-03-22 10:25:12,477] INFO: wsc (6/2020): Updated existing record with 17 non-zero financial metrics
[2025-03-22 10:25:12,505] INFO: wsc (9/2020): Updated existing record with 15 non-zero financial metrics
[2025-03-22 10:25:12,538] INFO: wsc (12/2020): Updated existing record with 18 non-zero financial metrics
[2025-03-22 10:25:12,567] INFO: wsc (3/2021): Updated existing record with 19 non-zero financial metrics
[2025-03-22 10:25:12,597] INFO: wsc (6/2021): Updated existing record with 15 non-zero financial metrics
[2025-03-22 10:25:12,630] INFO: wsc (9/2021): Updated existing record with 15 non-zero financial metrics
[2025-03-22 10:25:12,659] INFO: wsc (12/2021): Updated existing record with 18 non-zero financial metrics
[2025-03-22 10:25:12,688] INFO: wsc (3/2022): Updated existing record with 19 non-zero financial metrics
[2025-03-22 10:25:12,720] INFO: wsc (6/2022): Updated existing record with 15 non-zero financial metrics
[2025-03-22 10:25:12,752] INFO: wsc (9/2022): Updated existing record with 15 non-zero financial metrics
[2025-03-22 10:25:12,780] INFO: wsc (12/2022): Updated existing record with 18 non-zero financial metrics
[2025-03-22 10:25:12,810] INFO: wsc (3/2023): Updated existing record with 19 non-zero financial metrics
[2025-03-22 10:25:12,839] INFO: wsc (6/2023): Updated existing record with 15 non-zero financial metrics
[2025-03-22 10:25:12,869] INFO: wsc (9/2023): Updated existing record with 15 non-zero financial metrics
[2025-03-22 10:25:12,899] INFO: wsc (12/2023): Updated existing record with 18 non-zero financial metrics
[2025-03-22 10:25:12,928] INFO: wsc (3/2024): Updated existing record with 19 non-zero financial metrics
[2025-03-22 10:25:12,956] INFO: wsc (6/2024): Updated existing record with 15 non-zero financial metrics
[2025-03-22 10:25:12,985] INFO: wsc (9/2024): Updated existing record with 15 non-zero financial metrics
[2025-03-22 10:25:13,001] INFO: Trying adjusted date: 1/2025 (original: 12/2024)
[2025-03-22 10:25:13,014] WARNING: wsc (12/2024): No existing record found(12/2024, 2024-12-31) - creating new one
[2025-03-22 10:25:13,015] INFO: wsc (12/2024): Created new record with 17 non-zero financial metrics
