[2025-03-22 04:52:38,076] INFO: Trying adjusted date: 4/2010 (original: 3/2010)
[2025-03-22 04:52:38,088] WARNING: wy (3/2010): No existing record found(3/2010, 2010-03-31) - creating new one
[2025-03-22 04:52:38,089] INFO: wy (3/2010): Created new record with 0 non-zero financial metrics
[2025-03-22 04:52:38,104] INFO: Trying adjusted date: 10/2010 (original: 9/2010)
[2025-03-22 04:52:38,116] WARNING: wy (9/2010): No existing record found(9/2010, 2010-09-30) - creating new one
[2025-03-22 04:52:38,116] INFO: wy (9/2010): Created new record with 0 non-zero financial metrics
[2025-03-22 04:52:38,132] INFO: Trying adjusted date: 1/2011 (original: 12/2010)
[2025-03-22 04:52:38,144] WARNING: wy (12/2010): No existing record found(12/2010, 2010-12-31) - creating new one
[2025-03-22 04:52:38,144] INFO: wy (12/2010): Created new record with 0 non-zero financial metrics
[2025-03-22 04:52:38,161] INFO: Trying adjusted date: 4/2011 (original: 3/2011)
[2025-03-22 04:52:38,175] WARNING: wy (3/2011): No existing record found(3/2011, 2011-03-31) - creating new one
[2025-03-22 04:52:38,175] INFO: wy (3/2011): Created new record with 0 non-zero financial metrics
[2025-03-22 04:52:38,189] INFO: Trying adjusted date: 7/2011 (original: 6/2011)
[2025-03-22 04:52:38,202] WARNING: wy (6/2011): No existing record found(6/2011, 2011-06-30) - creating new one
[2025-03-22 04:52:38,203] INFO: wy (6/2011): Created new record with 11 non-zero financial metrics
[2025-03-22 04:52:38,217] INFO: Trying adjusted date: 10/2011 (original: 9/2011)
[2025-03-22 04:52:38,229] WARNING: wy (9/2011): No existing record found(9/2011, 2011-09-30) - creating new one
[2025-03-22 04:52:38,230] INFO: wy (9/2011): Created new record with 12 non-zero financial metrics
[2025-03-22 04:52:38,243] INFO: Trying adjusted date: 1/2012 (original: 12/2011)
[2025-03-22 04:52:38,255] WARNING: wy (12/2011): No existing record found(12/2011, 2011-12-31) - creating new one
[2025-03-22 04:52:38,256] INFO: wy (12/2011): Created new record with 17 non-zero financial metrics
[2025-03-22 04:52:38,270] INFO: Trying adjusted date: 4/2012 (original: 3/2012)
[2025-03-22 04:52:38,283] WARNING: wy (3/2012): No existing record found(3/2012, 2012-03-31) - creating new one
[2025-03-22 04:52:38,283] INFO: wy (3/2012): Created new record with 15 non-zero financial metrics
[2025-03-22 04:52:38,297] INFO: Trying adjusted date: 7/2012 (original: 6/2012)
[2025-03-22 04:52:38,309] WARNING: wy (6/2012): No existing record found(6/2012, 2012-06-30) - creating new one
[2025-03-22 04:52:38,310] INFO: wy (6/2012): Created new record with 11 non-zero financial metrics
[2025-03-22 04:52:38,336] INFO: wy (9/2012): Updated existing record with 11 non-zero financial metrics
[2025-03-22 04:52:38,350] WARNING: wy (12/2012): Found zero values for fields: Share Repurchases
[2025-03-22 04:52:38,362] INFO: wy (12/2012): Updated existing record with 19 non-zero financial metrics
[2025-03-22 04:52:38,388] INFO: wy (3/2013): Updated existing record with 17 non-zero financial metrics
[2025-03-22 04:52:38,413] INFO: wy (6/2013): Updated existing record with 0 non-zero financial metrics
[2025-03-22 04:52:38,440] INFO: wy (9/2013): Updated existing record with 14 non-zero financial metrics
[2025-03-22 04:52:38,454] WARNING: wy (12/2013): Found zero values for fields: Share Repurchases
[2025-03-22 04:52:38,466] INFO: wy (12/2013): Updated existing record with 22 non-zero financial metrics
[2025-03-22 04:52:38,481] INFO: Trying adjusted date: 4/2014 (original: 3/2014)
[2025-03-22 04:52:38,494] WARNING: wy (3/2014): No existing record found(3/2014, 2014-03-31) - creating new one
[2025-03-22 04:52:38,494] INFO: wy (3/2014): Created new record with 20 non-zero financial metrics
[2025-03-22 04:52:38,520] INFO: wy (6/2014): Updated existing record with 18 non-zero financial metrics
[2025-03-22 04:52:38,545] INFO: wy (9/2014): Updated existing record with 18 non-zero financial metrics
[2025-03-22 04:52:38,572] INFO: wy (12/2014): Updated existing record with 23 non-zero financial metrics
[2025-03-22 04:52:38,597] INFO: wy (3/2015): Updated existing record with 21 non-zero financial metrics
[2025-03-22 04:52:38,624] INFO: wy (6/2015): Updated existing record with 17 non-zero financial metrics
[2025-03-22 04:52:38,650] INFO: wy (9/2015): Updated existing record with 17 non-zero financial metrics
[2025-03-22 04:52:38,676] INFO: wy (12/2015): Updated existing record with 23 non-zero financial metrics
[2025-03-22 04:52:38,703] INFO: wy (3/2016): Updated existing record with 19 non-zero financial metrics
[2025-03-22 04:52:38,729] INFO: wy (6/2016): Updated existing record with 15 non-zero financial metrics
[2025-03-22 04:52:38,755] INFO: wy (9/2016): Updated existing record with 16 non-zero financial metrics
[2025-03-22 04:52:38,782] INFO: wy (12/2016): Updated existing record with 22 non-zero financial metrics
[2025-03-22 04:52:38,796] WARNING: wy (3/2017): Found zero values for fields: Share Repurchases
[2025-03-22 04:52:38,808] INFO: wy (3/2017): Updated existing record with 21 non-zero financial metrics
[2025-03-22 04:52:38,833] INFO: wy (6/2017): Updated existing record with 16 non-zero financial metrics
[2025-03-22 04:52:38,860] INFO: wy (9/2017): Updated existing record with 17 non-zero financial metrics
[2025-03-22 04:52:38,874] WARNING: wy (12/2017): Found zero values for fields: Share Repurchases
[2025-03-22 04:52:38,887] INFO: wy (12/2017): Updated existing record with 21 non-zero financial metrics
[2025-03-22 04:52:38,913] INFO: wy (3/2018): Updated existing record with 20 non-zero financial metrics
[2025-03-22 04:52:38,938] INFO: wy (6/2018): Updated existing record with 16 non-zero financial metrics
[2025-03-22 04:52:38,964] INFO: wy (9/2018): Updated existing record with 16 non-zero financial metrics
[2025-03-22 04:52:38,991] INFO: wy (12/2018): Updated existing record with 21 non-zero financial metrics
[2025-03-22 04:52:39,018] INFO: wy (3/2019): Updated existing record with 20 non-zero financial metrics
[2025-03-22 04:52:39,045] INFO: wy (6/2019): Updated existing record with 15 non-zero financial metrics
[2025-03-22 04:52:39,071] INFO: wy (9/2019): Updated existing record with 16 non-zero financial metrics
[2025-03-22 04:52:39,097] INFO: wy (12/2019): Updated existing record with 20 non-zero financial metrics
[2025-03-22 04:52:39,111] WARNING: wy (3/2020): Found zero values for fields: Share Repurchases
[2025-03-22 04:52:39,125] INFO: wy (3/2020): Updated existing record with 20 non-zero financial metrics
[2025-03-22 04:52:39,139] INFO: Trying adjusted date: 7/2020 (original: 6/2020)
[2025-03-22 04:52:39,151] WARNING: wy (6/2020): No existing record found(6/2020, 2020-06-30) - creating new one
[2025-03-22 04:52:39,152] INFO: wy (6/2020): Created new record with 17 non-zero financial metrics
[2025-03-22 04:52:39,180] INFO: wy (9/2020): Updated existing record with 17 non-zero financial metrics
[2025-03-22 04:52:39,195] WARNING: wy (12/2020): Found zero values for fields: Share Repurchases
[2025-03-22 04:52:39,207] INFO: wy (12/2020): Updated existing record with 20 non-zero financial metrics
[2025-03-22 04:52:39,233] INFO: wy (3/2021): Updated existing record with 19 non-zero financial metrics
[2025-03-22 04:52:39,260] INFO: wy (6/2021): Updated existing record with 16 non-zero financial metrics
[2025-03-22 04:52:39,285] INFO: wy (9/2021): Updated existing record with 16 non-zero financial metrics
[2025-03-22 04:52:39,311] INFO: wy (12/2021): Updated existing record with 22 non-zero financial metrics
[2025-03-22 04:52:39,339] INFO: wy (3/2022): Updated existing record with 20 non-zero financial metrics
[2025-03-22 04:52:39,367] INFO: wy (6/2022): Updated existing record with 17 non-zero financial metrics
[2025-03-22 04:52:39,393] INFO: wy (9/2022): Updated existing record with 17 non-zero financial metrics
[2025-03-22 04:52:39,420] INFO: wy (12/2022): Updated existing record with 22 non-zero financial metrics
[2025-03-22 04:52:39,446] INFO: wy (3/2023): Updated existing record with 21 non-zero financial metrics
[2025-03-22 04:52:39,474] INFO: wy (6/2023): Updated existing record with 17 non-zero financial metrics
[2025-03-22 04:52:39,501] INFO: wy (9/2023): Updated existing record with 17 non-zero financial metrics
[2025-03-22 04:52:39,526] INFO: wy (12/2023): Updated existing record with 22 non-zero financial metrics
[2025-03-22 04:52:39,552] INFO: wy (3/2024): Updated existing record with 21 non-zero financial metrics
[2025-03-22 04:52:39,578] INFO: wy (6/2024): Updated existing record with 17 non-zero financial metrics
[2025-03-22 04:52:39,604] INFO: wy (9/2024): Updated existing record with 17 non-zero financial metrics
[2025-03-22 04:52:39,631] INFO: wy (12/2024): Updated existing record with 22 non-zero financial metrics
