[2025-03-22 15:16:20,680] INFO: Trying adjusted date: 4/2010 (original: 3/2010)
[2025-03-22 15:16:20,694] WARNING: x (3/2010): No existing record found(3/2010, 2010-03-31) - creating new one
[2025-03-22 15:16:20,694] INFO: x (3/2010): Created new record with 0 non-zero financial metrics
[2025-03-22 15:16:20,714] INFO: Trying adjusted date: 7/2010 (original: 6/2010)
[2025-03-22 15:16:20,729] WARNING: x (6/2010): No existing record found(6/2010, 2010-06-30) - creating new one
[2025-03-22 15:16:20,729] INFO: x (6/2010): Created new record with 0 non-zero financial metrics
[2025-03-22 15:16:20,745] INFO: Trying adjusted date: 10/2010 (original: 9/2010)
[2025-03-22 15:16:20,759] WARNING: x (9/2010): No existing record found(9/2010, 2010-09-30) - creating new one
[2025-03-22 15:16:20,759] INFO: x (9/2010): Created new record with 0 non-zero financial metrics
[2025-03-22 15:16:20,775] INFO: Trying adjusted date: 1/2011 (original: 12/2010)
[2025-03-22 15:16:20,789] WARNING: x (12/2010): No existing record found(12/2010, 2010-12-31) - creating new one
[2025-03-22 15:16:20,790] INFO: x (12/2010): Created new record with 0 non-zero financial metrics
[2025-03-22 15:16:20,806] INFO: Trying adjusted date: 4/2011 (original: 3/2011)
[2025-03-22 15:16:20,821] WARNING: x (3/2011): No existing record found(3/2011, 2011-03-31) - creating new one
[2025-03-22 15:16:20,821] INFO: x (3/2011): Created new record with 0 non-zero financial metrics
[2025-03-22 15:16:20,836] INFO: Trying adjusted date: 7/2011 (original: 6/2011)
[2025-03-22 15:16:20,850] WARNING: x (6/2011): No existing record found(6/2011, 2011-06-30) - creating new one
[2025-03-22 15:16:20,851] INFO: x (6/2011): Created new record with 13 non-zero financial metrics
[2025-03-22 15:16:20,867] INFO: Trying adjusted date: 10/2011 (original: 9/2011)
[2025-03-22 15:16:20,881] WARNING: x (9/2011): No existing record found(9/2011, 2011-09-30) - creating new one
[2025-03-22 15:16:20,881] INFO: x (9/2011): Created new record with 13 non-zero financial metrics
[2025-03-22 15:16:20,897] INFO: Trying adjusted date: 1/2012 (original: 12/2011)
[2025-03-22 15:16:20,911] WARNING: x (12/2011): No existing record found(12/2011, 2011-12-31) - creating new one
[2025-03-22 15:16:20,911] INFO: x (12/2011): Created new record with 18 non-zero financial metrics
[2025-03-22 15:16:20,927] INFO: Trying adjusted date: 4/2012 (original: 3/2012)
[2025-03-22 15:16:20,941] WARNING: x (3/2012): No existing record found(3/2012, 2012-03-31) - creating new one
[2025-03-22 15:16:20,941] INFO: x (3/2012): Created new record with 17 non-zero financial metrics
[2025-03-22 15:16:20,957] INFO: Trying adjusted date: 7/2012 (original: 6/2012)
[2025-03-22 15:16:20,970] WARNING: x (6/2012): No existing record found(6/2012, 2012-06-30) - creating new one
[2025-03-22 15:16:20,971] INFO: x (6/2012): Created new record with 13 non-zero financial metrics
[2025-03-22 15:16:20,987] INFO: Trying adjusted date: 10/2012 (original: 9/2012)
[2025-03-22 15:16:21,002] WARNING: x (9/2012): No existing record found(9/2012, 2012-09-30) - creating new one
[2025-03-22 15:16:21,002] INFO: x (9/2012): Created new record with 13 non-zero financial metrics
[2025-03-22 15:16:21,032] INFO: x (12/2012): Updated existing record with 18 non-zero financial metrics
[2025-03-22 15:16:21,061] INFO: x (3/2013): Updated existing record with 17 non-zero financial metrics
[2025-03-22 15:16:21,091] INFO: x (6/2013): Updated existing record with 0 non-zero financial metrics
[2025-03-22 15:16:21,122] INFO: x (9/2013): Updated existing record with 13 non-zero financial metrics
[2025-03-22 15:16:21,151] INFO: x (12/2013): Updated existing record with 18 non-zero financial metrics
[2025-03-22 15:16:21,181] INFO: x (3/2014): Updated existing record with 16 non-zero financial metrics
[2025-03-22 15:16:21,211] INFO: x (6/2014): Updated existing record with 12 non-zero financial metrics
[2025-03-22 15:16:21,239] INFO: x (9/2014): Updated existing record with 12 non-zero financial metrics
[2025-03-22 15:16:21,271] INFO: x (12/2014): Updated existing record with 17 non-zero financial metrics
[2025-03-22 15:16:21,301] INFO: x (3/2015): Updated existing record with 16 non-zero financial metrics
[2025-03-22 15:16:21,331] INFO: x (6/2015): Updated existing record with 12 non-zero financial metrics
[2025-03-22 15:16:21,361] INFO: x (9/2015): Updated existing record with 12 non-zero financial metrics
[2025-03-22 15:16:21,390] INFO: x (12/2015): Updated existing record with 18 non-zero financial metrics
[2025-03-22 15:16:21,420] INFO: x (3/2016): Updated existing record with 16 non-zero financial metrics
[2025-03-22 15:16:21,450] INFO: x (6/2016): Updated existing record with 12 non-zero financial metrics
[2025-03-22 15:16:21,480] INFO: x (9/2016): Updated existing record with 12 non-zero financial metrics
[2025-03-22 15:16:21,497] INFO: Trying adjusted date: 1/2017 (original: 12/2016)
[2025-03-22 15:16:21,510] WARNING: x (12/2016): No existing record found(12/2016, 2016-12-31) - creating new one
[2025-03-22 15:16:21,511] INFO: x (12/2016): Created new record with 17 non-zero financial metrics
[2025-03-22 15:16:21,541] INFO: x (3/2017): Updated existing record with 16 non-zero financial metrics
[2025-03-22 15:16:21,571] INFO: x (6/2017): Updated existing record with 12 non-zero financial metrics
[2025-03-22 15:16:21,601] INFO: x (9/2017): Updated existing record with 12 non-zero financial metrics
[2025-03-22 15:16:21,632] INFO: x (12/2017): Updated existing record with 17 non-zero financial metrics
[2025-03-22 15:16:21,662] INFO: x (3/2018): Updated existing record with 16 non-zero financial metrics
[2025-03-22 15:16:21,692] INFO: x (6/2018): Updated existing record with 12 non-zero financial metrics
[2025-03-22 15:16:21,722] INFO: x (9/2018): Updated existing record with 12 non-zero financial metrics
[2025-03-22 15:16:21,752] INFO: x (12/2018): Updated existing record with 18 non-zero financial metrics
[2025-03-22 15:16:21,782] INFO: x (3/2019): Updated existing record with 17 non-zero financial metrics
[2025-03-22 15:16:21,811] INFO: x (6/2019): Updated existing record with 12 non-zero financial metrics
[2025-03-22 15:16:21,841] INFO: x (9/2019): Updated existing record with 12 non-zero financial metrics
[2025-03-22 15:16:21,875] INFO: x (12/2019): Updated existing record with 18 non-zero financial metrics
[2025-03-22 15:16:21,892] WARNING: x (3/2020): Found zero values for fields: Share Repurchases
[2025-03-22 15:16:21,907] INFO: x (3/2020): Updated existing record with 18 non-zero financial metrics
[2025-03-22 15:16:21,939] INFO: x (6/2020): Updated existing record with 14 non-zero financial metrics
[2025-03-22 15:16:21,970] INFO: x (9/2020): Updated existing record with 14 non-zero financial metrics
[2025-03-22 15:16:21,988] WARNING: x (12/2020): Found zero values for fields: Share Repurchases
[2025-03-22 15:16:22,002] INFO: x (12/2020): Updated existing record with 19 non-zero financial metrics
[2025-03-22 15:16:22,032] INFO: x (3/2021): Updated existing record with 18 non-zero financial metrics
[2025-03-22 15:16:22,061] INFO: x (6/2021): Updated existing record with 14 non-zero financial metrics
[2025-03-22 15:16:22,091] INFO: x (9/2021): Updated existing record with 14 non-zero financial metrics
[2025-03-22 15:16:22,121] INFO: x (12/2021): Updated existing record with 20 non-zero financial metrics
[2025-03-22 15:16:22,151] INFO: x (3/2022): Updated existing record with 19 non-zero financial metrics
[2025-03-22 15:16:22,182] INFO: x (6/2022): Updated existing record with 14 non-zero financial metrics
[2025-03-22 15:16:22,212] INFO: x (9/2022): Updated existing record with 14 non-zero financial metrics
[2025-03-22 15:16:22,242] INFO: x (12/2022): Updated existing record with 20 non-zero financial metrics
[2025-03-22 15:16:22,272] INFO: x (3/2023): Updated existing record with 18 non-zero financial metrics
[2025-03-22 15:16:22,302] INFO: x (6/2023): Updated existing record with 13 non-zero financial metrics
[2025-03-22 15:16:22,332] INFO: x (9/2023): Updated existing record with 13 non-zero financial metrics
[2025-03-22 15:16:22,362] INFO: x (12/2023): Updated existing record with 19 non-zero financial metrics
[2025-03-22 15:16:22,377] WARNING: x (3/2024): Found zero values for fields: Share Repurchases
[2025-03-22 15:16:22,391] INFO: x (3/2024): Updated existing record with 17 non-zero financial metrics
[2025-03-22 15:16:22,421] INFO: x (6/2024): Updated existing record with 13 non-zero financial metrics
[2025-03-22 15:16:22,453] INFO: x (9/2024): Updated existing record with 13 non-zero financial metrics
[2025-03-22 15:16:22,469] WARNING: x (12/2024): Found zero values for fields: Share Repurchases
[2025-03-22 15:16:22,484] INFO: x (12/2024): Updated existing record with 18 non-zero financial metrics
