[2025-03-22 02:23:14,581] INFO: Trying adjusted date: 4/2010 (original: 3/2010)
[2025-03-22 02:23:14,593] WARNING: xel (3/2010): No existing record found(3/2010, 2010-03-31) - creating new one
[2025-03-22 02:23:14,594] INFO: xel (3/2010): Created new record with 0 non-zero financial metrics
[2025-03-22 02:23:14,610] INFO: Trying adjusted date: 7/2010 (original: 6/2010)
[2025-03-22 02:23:14,622] WARNING: xel (6/2010): No existing record found(6/2010, 2010-06-30) - creating new one
[2025-03-22 02:23:14,622] INFO: xel (6/2010): Created new record with 0 non-zero financial metrics
[2025-03-22 02:23:14,636] INFO: Trying adjusted date: 10/2010 (original: 9/2010)
[2025-03-22 02:23:14,650] WARNING: xel (9/2010): No existing record found(9/2010, 2010-09-30) - creating new one
[2025-03-22 02:23:14,651] INFO: xel (9/2010): Created new record with 0 non-zero financial metrics
[2025-03-22 02:23:14,665] INFO: Trying adjusted date: 1/2011 (original: 12/2010)
[2025-03-22 02:23:14,677] WARNING: xel (12/2010): No existing record found(12/2010, 2010-12-31) - creating new one
[2025-03-22 02:23:14,677] INFO: xel (12/2010): Created new record with 0 non-zero financial metrics
[2025-03-22 02:23:14,690] INFO: Trying adjusted date: 4/2011 (original: 3/2011)
[2025-03-22 02:23:14,702] WARNING: xel (3/2011): No existing record found(3/2011, 2011-03-31) - creating new one
[2025-03-22 02:23:14,703] INFO: xel (3/2011): Created new record with 0 non-zero financial metrics
[2025-03-22 02:23:14,716] INFO: Trying adjusted date: 7/2011 (original: 6/2011)
[2025-03-22 02:23:14,728] WARNING: xel (6/2011): No existing record found(6/2011, 2011-06-30) - creating new one
[2025-03-22 02:23:14,729] INFO: xel (6/2011): Created new record with 10 non-zero financial metrics
[2025-03-22 02:23:14,742] INFO: Trying adjusted date: 10/2011 (original: 9/2011)
[2025-03-22 02:23:14,755] WARNING: xel (9/2011): No existing record found(9/2011, 2011-09-30) - creating new one
[2025-03-22 02:23:14,755] INFO: xel (9/2011): Created new record with 10 non-zero financial metrics
[2025-03-22 02:23:14,769] INFO: Trying adjusted date: 1/2012 (original: 12/2011)
[2025-03-22 02:23:14,781] WARNING: xel (12/2011): Found zero values for fields: Capital Expenditures
[2025-03-22 02:23:14,781] WARNING: xel (12/2011): No existing record found(12/2011, 2011-12-31) - creating new one
[2025-03-22 02:23:14,782] INFO: xel (12/2011): Created new record with 13 non-zero financial metrics
[2025-03-22 02:23:14,796] INFO: Trying adjusted date: 4/2012 (original: 3/2012)
[2025-03-22 02:23:14,808] WARNING: xel (3/2012): No existing record found(3/2012, 2012-03-31) - creating new one
[2025-03-22 02:23:14,808] INFO: xel (3/2012): Created new record with 14 non-zero financial metrics
[2025-03-22 02:23:14,822] INFO: Trying adjusted date: 7/2012 (original: 6/2012)
[2025-03-22 02:23:14,834] WARNING: xel (6/2012): No existing record found(6/2012, 2012-06-30) - creating new one
[2025-03-22 02:23:14,834] INFO: xel (6/2012): Created new record with 10 non-zero financial metrics
[2025-03-22 02:23:14,860] INFO: xel (9/2012): Updated existing record with 10 non-zero financial metrics
[2025-03-22 02:23:14,873] WARNING: xel (12/2012): Found zero values for fields: Capital Expenditures
[2025-03-22 02:23:14,886] INFO: xel (12/2012): Updated existing record with 14 non-zero financial metrics
[2025-03-22 02:23:14,900] WARNING: xel (3/2013): Found zero values for fields: Share Repurchases
[2025-03-22 02:23:14,912] INFO: xel (3/2013): Updated existing record with 14 non-zero financial metrics
[2025-03-22 02:23:14,938] INFO: xel (6/2013): Updated existing record with 0 non-zero financial metrics
[2025-03-22 02:23:14,965] INFO: xel (9/2013): Updated existing record with 11 non-zero financial metrics
[2025-03-22 02:23:14,979] WARNING: xel (12/2013): Found zero values for fields: Share Repurchases
[2025-03-22 02:23:14,992] INFO: xel (12/2013): Updated existing record with 14 non-zero financial metrics
[2025-03-22 02:23:15,017] INFO: xel (3/2014): Updated existing record with 14 non-zero financial metrics
[2025-03-22 02:23:15,044] INFO: xel (6/2014): Updated existing record with 11 non-zero financial metrics
[2025-03-22 02:23:15,069] INFO: xel (9/2014): Updated existing record with 11 non-zero financial metrics
[2025-03-22 02:23:15,083] WARNING: xel (12/2014): Found zero values for fields: Share Repurchases
[2025-03-22 02:23:15,095] INFO: xel (12/2014): Updated existing record with 14 non-zero financial metrics
[2025-03-22 02:23:15,120] INFO: xel (3/2015): Updated existing record with 14 non-zero financial metrics
[2025-03-22 02:23:15,147] INFO: xel (6/2015): Updated existing record with 11 non-zero financial metrics
[2025-03-22 02:23:15,172] INFO: xel (9/2015): Updated existing record with 11 non-zero financial metrics
[2025-03-22 02:23:15,200] INFO: xel (12/2015): Updated existing record with 14 non-zero financial metrics
[2025-03-22 02:23:15,225] INFO: xel (3/2016): Updated existing record with 15 non-zero financial metrics
[2025-03-22 02:23:15,250] INFO: xel (6/2016): Updated existing record with 11 non-zero financial metrics
[2025-03-22 02:23:15,276] INFO: xel (9/2016): Updated existing record with 11 non-zero financial metrics
[2025-03-22 02:23:15,302] INFO: xel (12/2016): Updated existing record with 15 non-zero financial metrics
[2025-03-22 02:23:15,327] INFO: xel (3/2017): Updated existing record with 15 non-zero financial metrics
[2025-03-22 02:23:15,353] INFO: xel (6/2017): Updated existing record with 11 non-zero financial metrics
[2025-03-22 02:23:15,379] INFO: xel (9/2017): Updated existing record with 11 non-zero financial metrics
[2025-03-22 02:23:15,405] INFO: xel (12/2017): Updated existing record with 15 non-zero financial metrics
[2025-03-22 02:23:15,430] INFO: xel (3/2018): Updated existing record with 14 non-zero financial metrics
[2025-03-22 02:23:15,456] INFO: xel (6/2018): Updated existing record with 11 non-zero financial metrics
[2025-03-22 02:23:15,482] INFO: xel (9/2018): Updated existing record with 11 non-zero financial metrics
[2025-03-22 02:23:15,507] INFO: xel (12/2018): Updated existing record with 15 non-zero financial metrics
[2025-03-22 02:23:15,533] INFO: xel (3/2019): Updated existing record with 14 non-zero financial metrics
[2025-03-22 02:23:15,558] INFO: xel (6/2019): Updated existing record with 11 non-zero financial metrics
[2025-03-22 02:23:15,584] INFO: xel (9/2019): Updated existing record with 12 non-zero financial metrics
[2025-03-22 02:23:15,609] INFO: xel (12/2019): Updated existing record with 12 non-zero financial metrics
[2025-03-22 02:23:15,635] INFO: xel (3/2020): Updated existing record with 14 non-zero financial metrics
[2025-03-22 02:23:15,660] INFO: xel (6/2020): Updated existing record with 11 non-zero financial metrics
[2025-03-22 02:23:15,687] INFO: xel (9/2020): Updated existing record with 11 non-zero financial metrics
[2025-03-22 02:23:15,713] INFO: xel (12/2020): Updated existing record with 12 non-zero financial metrics
[2025-03-22 02:23:15,739] INFO: xel (3/2021): Updated existing record with 14 non-zero financial metrics
[2025-03-22 02:23:15,766] INFO: xel (6/2021): Updated existing record with 11 non-zero financial metrics
[2025-03-22 02:23:15,792] INFO: xel (9/2021): Updated existing record with 11 non-zero financial metrics
[2025-03-22 02:23:15,821] INFO: xel (12/2021): Updated existing record with 11 non-zero financial metrics
[2025-03-22 02:23:15,848] INFO: xel (3/2022): Updated existing record with 14 non-zero financial metrics
[2025-03-22 02:23:15,873] INFO: xel (6/2022): Updated existing record with 11 non-zero financial metrics
[2025-03-22 02:23:15,898] INFO: xel (9/2022): Updated existing record with 11 non-zero financial metrics
[2025-03-22 02:23:15,924] INFO: xel (12/2022): Updated existing record with 11 non-zero financial metrics
[2025-03-22 02:23:15,950] INFO: xel (3/2023): Updated existing record with 14 non-zero financial metrics
[2025-03-22 02:23:15,976] INFO: xel (6/2023): Updated existing record with 11 non-zero financial metrics
[2025-03-22 02:23:16,001] INFO: xel (9/2023): Updated existing record with 11 non-zero financial metrics
[2025-03-22 02:23:16,027] INFO: xel (12/2023): Updated existing record with 11 non-zero financial metrics
[2025-03-22 02:23:16,052] INFO: xel (3/2024): Updated existing record with 14 non-zero financial metrics
[2025-03-22 02:23:16,081] INFO: xel (6/2024): Updated existing record with 11 non-zero financial metrics
[2025-03-22 02:23:16,108] INFO: xel (9/2024): Updated existing record with 11 non-zero financial metrics
[2025-03-22 02:23:16,122] INFO: Trying adjusted date: 1/2025 (original: 12/2024)
[2025-03-22 02:23:16,135] WARNING: xel (12/2024): No existing record found(12/2024, 2024-12-31) - creating new one
[2025-03-22 02:23:16,136] INFO: xel (12/2024): Created new record with 11 non-zero financial metrics
