[2025-03-22 14:48:15,920] INFO: Trying adjusted date: 7/2011 (original: 6/2011)
[2025-03-22 14:48:15,933] WARNING: xpo (6/2011): No existing record found(6/2011, 2011-06-30) - creating new one
[2025-03-22 14:48:15,933] INFO: xpo (6/2011): Created new record with 13 non-zero financial metrics
[2025-03-22 14:48:15,949] INFO: Trying adjusted date: 10/2011 (original: 9/2011)
[2025-03-22 14:48:15,964] WARNING: xpo (9/2011): No existing record found(9/2011, 2011-09-30) - creating new one
[2025-03-22 14:48:15,964] INFO: xpo (9/2011): Created new record with 13 non-zero financial metrics
[2025-03-22 14:48:15,981] INFO: Trying adjusted date: 1/2012 (original: 12/2011)
[2025-03-22 14:48:15,995] WARNING: xpo (12/2011): No existing record found(12/2011, 2011-12-31) - creating new one
[2025-03-22 14:48:15,996] INFO: xpo (12/2011): Created new record with 17 non-zero financial metrics
[2025-03-22 14:48:16,012] INFO: Trying adjusted date: 4/2012 (original: 3/2012)
[2025-03-22 14:48:16,026] WARNING: xpo (3/2012): No existing record found(3/2012, 2012-03-31) - creating new one
[2025-03-22 14:48:16,027] INFO: xpo (3/2012): Created new record with 16 non-zero financial metrics
[2025-03-22 14:48:16,060] INFO: xpo (9/2012): Updated existing record with 13 non-zero financial metrics
[2025-03-22 14:48:16,091] INFO: xpo (12/2012): Updated existing record with 16 non-zero financial metrics
[2025-03-22 14:48:16,121] INFO: xpo (3/2013): Updated existing record with 16 non-zero financial metrics
[2025-03-22 14:48:16,153] INFO: xpo (6/2013): Updated existing record with 0 non-zero financial metrics
[2025-03-22 14:48:16,182] INFO: xpo (9/2013): Updated existing record with 13 non-zero financial metrics
[2025-03-22 14:48:16,213] INFO: xpo (12/2013): Updated existing record with 17 non-zero financial metrics
[2025-03-22 14:48:16,243] INFO: xpo (3/2014): Updated existing record with 14 non-zero financial metrics
[2025-03-22 14:48:16,274] INFO: xpo (6/2014): Updated existing record with 13 non-zero financial metrics
[2025-03-22 14:48:16,305] INFO: xpo (9/2014): Updated existing record with 13 non-zero financial metrics
[2025-03-22 14:48:16,335] INFO: xpo (12/2014): Updated existing record with 17 non-zero financial metrics
[2025-03-22 14:48:16,366] INFO: xpo (3/2015): Updated existing record with 17 non-zero financial metrics
[2025-03-22 14:48:16,398] INFO: xpo (6/2015): Updated existing record with 14 non-zero financial metrics
[2025-03-22 14:48:16,428] INFO: xpo (9/2015): Updated existing record with 14 non-zero financial metrics
[2025-03-22 14:48:16,458] INFO: xpo (12/2015): Updated existing record with 18 non-zero financial metrics
[2025-03-22 14:48:16,489] INFO: xpo (3/2016): Updated existing record with 17 non-zero financial metrics
[2025-03-22 14:48:16,519] INFO: xpo (6/2016): Updated existing record with 12 non-zero financial metrics
[2025-03-22 14:48:16,550] INFO: xpo (9/2016): Updated existing record with 12 non-zero financial metrics
[2025-03-22 14:48:16,580] INFO: xpo (12/2016): Updated existing record with 17 non-zero financial metrics
[2025-03-22 14:48:16,614] INFO: xpo (3/2017): Updated existing record with 17 non-zero financial metrics
[2025-03-22 14:48:16,647] INFO: xpo (6/2017): Updated existing record with 13 non-zero financial metrics
[2025-03-22 14:48:16,678] INFO: xpo (9/2017): Updated existing record with 13 non-zero financial metrics
[2025-03-22 14:48:16,710] INFO: xpo (12/2017): Updated existing record with 17 non-zero financial metrics
[2025-03-22 14:48:16,741] INFO: xpo (3/2018): Updated existing record with 17 non-zero financial metrics
[2025-03-22 14:48:16,772] INFO: xpo (6/2018): Updated existing record with 13 non-zero financial metrics
[2025-03-22 14:48:16,802] INFO: xpo (9/2018): Updated existing record with 13 non-zero financial metrics
[2025-03-22 14:48:16,836] INFO: xpo (12/2018): Updated existing record with 19 non-zero financial metrics
[2025-03-22 14:48:16,852] WARNING: xpo (3/2019): Found zero values for fields: Investing Cash Flow
[2025-03-22 14:48:16,866] INFO: xpo (3/2019): Updated existing record with 17 non-zero financial metrics
[2025-03-22 14:48:16,896] INFO: xpo (6/2019): Updated existing record with 13 non-zero financial metrics
[2025-03-22 14:48:16,927] INFO: xpo (9/2019): Updated existing record with 13 non-zero financial metrics
[2025-03-22 14:48:16,958] INFO: xpo (12/2019): Updated existing record with 18 non-zero financial metrics
[2025-03-22 14:48:16,989] INFO: xpo (3/2020): Updated existing record with 17 non-zero financial metrics
[2025-03-22 14:48:17,020] INFO: xpo (6/2020): Updated existing record with 12 non-zero financial metrics
[2025-03-22 14:48:17,051] INFO: xpo (9/2020): Updated existing record with 12 non-zero financial metrics
[2025-03-22 14:48:17,082] INFO: xpo (12/2020): Updated existing record with 18 non-zero financial metrics
[2025-03-22 14:48:17,099] WARNING: xpo (3/2021): Found zero values for fields: Share Repurchases
[2025-03-22 14:48:17,114] INFO: xpo (3/2021): Updated existing record with 16 non-zero financial metrics
[2025-03-22 14:48:17,146] INFO: xpo (6/2021): Updated existing record with 12 non-zero financial metrics
[2025-03-22 14:48:17,178] INFO: xpo (9/2021): Updated existing record with 12 non-zero financial metrics
[2025-03-22 14:48:17,209] INFO: xpo (12/2021): Updated existing record with 16 non-zero financial metrics
[2025-03-22 14:48:17,239] INFO: xpo (3/2022): Updated existing record with 15 non-zero financial metrics
[2025-03-22 14:48:17,270] INFO: xpo (6/2022): Updated existing record with 11 non-zero financial metrics
[2025-03-22 14:48:17,301] INFO: xpo (9/2022): Updated existing record with 11 non-zero financial metrics
[2025-03-22 14:48:17,331] INFO: xpo (12/2022): Updated existing record with 13 non-zero financial metrics
[2025-03-22 14:48:17,362] INFO: xpo (3/2023): Updated existing record with 12 non-zero financial metrics
[2025-03-22 14:48:17,393] INFO: xpo (6/2023): Updated existing record with 11 non-zero financial metrics
[2025-03-22 14:48:17,424] INFO: xpo (9/2023): Updated existing record with 11 non-zero financial metrics
[2025-03-22 14:48:17,454] INFO: xpo (12/2023): Updated existing record with 13 non-zero financial metrics
[2025-03-22 14:48:17,484] INFO: xpo (3/2024): Updated existing record with 13 non-zero financial metrics
[2025-03-22 14:48:17,516] INFO: xpo (6/2024): Updated existing record with 10 non-zero financial metrics
[2025-03-22 14:48:17,546] INFO: xpo (9/2024): Updated existing record with 10 non-zero financial metrics
[2025-03-22 14:48:17,562] INFO: Trying adjusted date: 1/2025 (original: 12/2024)
[2025-03-22 14:48:17,577] WARNING: xpo (12/2024): No existing record found(12/2024, 2024-12-31) - creating new one
[2025-03-22 14:48:17,577] INFO: xpo (12/2024): Created new record with 12 non-zero financial metrics
