[2025-03-22 03:04:19,201] INFO: Trying adjusted date: 4/2010 (original: 3/2010)
[2025-03-22 03:04:19,213] WARNING: yum (3/2010): No existing record found(3/2010, 2010-03-20) - creating new one
[2025-03-22 03:04:19,213] INFO: yum (3/2010): Created new record with 0 non-zero financial metrics
[2025-03-22 03:04:19,228] INFO: Trying adjusted date: 5/2010 (original: 6/2010)
[2025-03-22 03:04:19,241] WARNING: yum (6/2010): No existing record found(6/2010, 2010-06-12) - creating new one
[2025-03-22 03:04:19,242] INFO: yum (6/2010): Created new record with 0 non-zero financial metrics
[2025-03-22 03:04:19,255] INFO: Trying adjusted date: 8/2010 (original: 9/2010)
[2025-03-22 03:04:19,267] WARNING: yum (9/2010): No existing record found(9/2010, 2010-09-04) - creating new one
[2025-03-22 03:04:19,268] INFO: yum (9/2010): Created new record with 0 non-zero financial metrics
[2025-03-22 03:04:19,281] INFO: Trying adjusted date: 1/2011 (original: 12/2010)
[2025-03-22 03:04:19,294] WARNING: yum (12/2010): No existing record found(12/2010, 2010-12-25) - creating new one
[2025-03-22 03:04:19,294] INFO: yum (12/2010): Created new record with 0 non-zero financial metrics
[2025-03-22 03:04:19,308] INFO: Trying adjusted date: 4/2011 (original: 3/2011)
[2025-03-22 03:04:19,324] WARNING: yum (3/2011): No existing record found(3/2011, 2011-03-19) - creating new one
[2025-03-22 03:04:19,324] INFO: yum (3/2011): Created new record with 0 non-zero financial metrics
[2025-03-22 03:04:19,338] INFO: Trying adjusted date: 5/2011 (original: 6/2011)
[2025-03-22 03:04:19,350] WARNING: yum (6/2011): No existing record found(6/2011, 2011-06-11) - creating new one
[2025-03-22 03:04:19,351] INFO: yum (6/2011): Created new record with 13 non-zero financial metrics
[2025-03-22 03:04:19,364] INFO: Trying adjusted date: 8/2011 (original: 9/2011)
[2025-03-22 03:04:19,376] WARNING: yum (9/2011): No existing record found(9/2011, 2011-09-03) - creating new one
[2025-03-22 03:04:19,376] INFO: yum (9/2011): Created new record with 13 non-zero financial metrics
[2025-03-22 03:04:19,393] INFO: Trying adjusted date: 1/2012 (original: 12/2011)
[2025-03-22 03:04:19,405] WARNING: yum (12/2011): No existing record found(12/2011, 2011-12-31) - creating new one
[2025-03-22 03:04:19,406] INFO: yum (12/2011): Created new record with 21 non-zero financial metrics
[2025-03-22 03:04:19,421] INFO: Trying adjusted date: 4/2012 (original: 3/2012)
[2025-03-22 03:04:19,433] WARNING: yum (3/2012): No existing record found(3/2012, 2012-03-24) - creating new one
[2025-03-22 03:04:19,434] INFO: yum (3/2012): Created new record with 19 non-zero financial metrics
[2025-03-22 03:04:19,448] INFO: Trying adjusted date: 7/2012 (original: 6/2012)
[2025-03-22 03:04:19,460] WARNING: yum (6/2012): No existing record found(6/2012, 2012-06-16) - creating new one
[2025-03-22 03:04:19,461] INFO: yum (6/2012): Created new record with 14 non-zero financial metrics
[2025-03-22 03:04:19,487] INFO: yum (9/2012): Updated existing record with 14 non-zero financial metrics
[2025-03-22 03:04:19,512] INFO: yum (12/2012): Updated existing record with 21 non-zero financial metrics
[2025-03-22 03:04:19,541] INFO: yum (3/2013): Updated existing record with 19 non-zero financial metrics
[2025-03-22 03:04:19,567] INFO: yum (6/2013): Updated existing record with 0 non-zero financial metrics
[2025-03-22 03:04:19,592] INFO: yum (9/2013): Updated existing record with 14 non-zero financial metrics
[2025-03-22 03:04:19,618] INFO: yum (12/2013): Updated existing record with 21 non-zero financial metrics
[2025-03-22 03:04:19,644] INFO: yum (3/2014): Updated existing record with 19 non-zero financial metrics
[2025-03-22 03:04:19,670] INFO: yum (6/2014): Updated existing record with 14 non-zero financial metrics
[2025-03-22 03:04:19,699] INFO: yum (9/2014): Updated existing record with 14 non-zero financial metrics
[2025-03-22 03:04:19,729] INFO: yum (12/2014): Updated existing record with 21 non-zero financial metrics
[2025-03-22 03:04:19,756] INFO: yum (3/2015): Updated existing record with 19 non-zero financial metrics
[2025-03-22 03:04:19,781] INFO: yum (6/2015): Updated existing record with 14 non-zero financial metrics
[2025-03-22 03:04:19,812] INFO: yum (9/2015): Updated existing record with 14 non-zero financial metrics
[2025-03-22 03:04:19,838] INFO: yum (12/2015): Updated existing record with 21 non-zero financial metrics
[2025-03-22 03:04:19,864] INFO: yum (3/2016): Updated existing record with 19 non-zero financial metrics
[2025-03-22 03:04:19,893] INFO: yum (6/2016): Updated existing record with 14 non-zero financial metrics
[2025-03-22 03:04:19,918] INFO: yum (9/2016): Updated existing record with 13 non-zero financial metrics
[2025-03-22 03:04:19,944] INFO: yum (12/2016): Updated existing record with 7 non-zero financial metrics
[2025-03-22 03:04:19,969] INFO: yum (3/2017): Updated existing record with 16 non-zero financial metrics
[2025-03-22 03:04:19,995] INFO: yum (6/2017): Updated existing record with 11 non-zero financial metrics
[2025-03-22 03:04:20,025] INFO: yum (9/2017): Updated existing record with 11 non-zero financial metrics
[2025-03-22 03:04:20,054] INFO: yum (12/2017): Updated existing record with 7 non-zero financial metrics
[2025-03-22 03:04:20,080] INFO: yum (3/2018): Updated existing record with 18 non-zero financial metrics
[2025-03-22 03:04:20,106] INFO: yum (6/2018): Updated existing record with 13 non-zero financial metrics
[2025-03-22 03:04:20,132] INFO: yum (9/2018): Updated existing record with 13 non-zero financial metrics
[2025-03-22 03:04:20,158] INFO: yum (12/2018): Updated existing record with 14 non-zero financial metrics
[2025-03-22 03:04:20,183] INFO: yum (3/2019): Updated existing record with 18 non-zero financial metrics
[2025-03-22 03:04:20,213] INFO: yum (6/2019): Updated existing record with 13 non-zero financial metrics
[2025-03-22 03:04:20,239] INFO: yum (9/2019): Updated existing record with 13 non-zero financial metrics
[2025-03-22 03:04:20,265] INFO: yum (12/2019): Updated existing record with 18 non-zero financial metrics
[2025-03-22 03:04:20,279] WARNING: yum (3/2020): Found zero values for fields: Share Repurchases
[2025-03-22 03:04:20,292] INFO: yum (3/2020): Updated existing record with 17 non-zero financial metrics
[2025-03-22 03:04:20,319] INFO: yum (6/2020): Updated existing record with 13 non-zero financial metrics
[2025-03-22 03:04:20,345] INFO: yum (9/2020): Updated existing record with 13 non-zero financial metrics
[2025-03-22 03:04:20,371] INFO: yum (12/2020): Updated existing record with 18 non-zero financial metrics
[2025-03-22 03:04:20,399] INFO: yum (3/2021): Updated existing record with 19 non-zero financial metrics
[2025-03-22 03:04:20,425] INFO: yum (6/2021): Updated existing record with 13 non-zero financial metrics
[2025-03-22 03:04:20,452] INFO: yum (9/2021): Updated existing record with 13 non-zero financial metrics
[2025-03-22 03:04:20,478] INFO: yum (12/2021): Updated existing record with 18 non-zero financial metrics
[2025-03-22 03:04:20,505] INFO: yum (3/2022): Updated existing record with 18 non-zero financial metrics
[2025-03-22 03:04:20,532] INFO: yum (6/2022): Updated existing record with 13 non-zero financial metrics
[2025-03-22 03:04:20,558] INFO: yum (9/2022): Updated existing record with 13 non-zero financial metrics
[2025-03-22 03:04:20,585] INFO: yum (12/2022): Updated existing record with 18 non-zero financial metrics
[2025-03-22 03:04:20,613] INFO: yum (3/2023): Updated existing record with 18 non-zero financial metrics
[2025-03-22 03:04:20,639] INFO: yum (6/2023): Updated existing record with 13 non-zero financial metrics
[2025-03-22 03:04:20,664] INFO: yum (9/2023): Updated existing record with 13 non-zero financial metrics
[2025-03-22 03:04:20,689] INFO: yum (12/2023): Updated existing record with 18 non-zero financial metrics
[2025-03-22 03:04:20,704] WARNING: yum (3/2024): Found zero values for fields: Share Repurchases
[2025-03-22 03:04:20,717] INFO: yum (3/2024): Updated existing record with 17 non-zero financial metrics
[2025-03-22 03:04:20,744] INFO: yum (6/2024): Updated existing record with 13 non-zero financial metrics
[2025-03-22 03:04:20,770] INFO: yum (9/2024): Updated existing record with 13 non-zero financial metrics
[2025-03-22 03:04:20,785] INFO: Trying adjusted date: 1/2025 (original: 12/2024)
[2025-03-22 03:04:20,797] WARNING: yum (12/2024): No existing record found(12/2024, 2024-12-31) - creating new one
[2025-03-22 03:04:20,797] INFO: yum (12/2024): Created new record with 18 non-zero financial metrics
