[2025-03-22 05:21:13,817] INFO: Trying adjusted date: 9/2016 (original: 8/2016)
[2025-03-22 05:21:13,829] WARNING: yumc (8/2016): No existing record found(8/2016, 2016-08-31) - creating new one
[2025-03-22 05:21:13,830] INFO: yumc (8/2016): Created new record with 13 non-zero financial metrics
[2025-03-22 05:21:13,858] INFO: yumc (12/2016): Updated existing record with 19 non-zero financial metrics
[2025-03-22 05:21:13,873] INFO: Trying adjusted date: 3/2017 (original: 2/2017)
[2025-03-22 05:21:13,886] INFO: Found existing row with adjusted date: 3/2017
[2025-03-22 05:21:13,899] INFO: yumc (3/2017): Updated existing record with 8 non-zero financial metrics
[2025-03-22 05:21:13,913] INFO: Trying adjusted date: 6/2017 (original: 5/2017)
[2025-03-22 05:21:13,925] INFO: Found existing row with adjusted date: 6/2017
[2025-03-22 05:21:13,938] INFO: yumc (6/2017): Updated existing record with 14 non-zero financial metrics
[2025-03-22 05:21:13,952] INFO: Trying adjusted date: 9/2017 (original: 8/2017)
[2025-03-22 05:21:13,965] INFO: Found existing row with adjusted date: 9/2017
[2025-03-22 05:21:13,977] INFO: yumc (9/2017): Updated existing record with 14 non-zero financial metrics
[2025-03-22 05:21:14,005] INFO: yumc (12/2017): Updated existing record with 20 non-zero financial metrics
[2025-03-22 05:21:14,031] INFO: yumc (3/2018): Updated existing record with 20 non-zero financial metrics
[2025-03-22 05:21:14,058] INFO: yumc (6/2018): Updated existing record with 15 non-zero financial metrics
[2025-03-22 05:21:14,085] INFO: yumc (9/2018): Updated existing record with 15 non-zero financial metrics
[2025-03-22 05:21:14,112] INFO: yumc (12/2018): Updated existing record with 20 non-zero financial metrics
[2025-03-22 05:21:14,140] INFO: yumc (3/2019): Updated existing record with 19 non-zero financial metrics
[2025-03-22 05:21:14,168] INFO: yumc (6/2019): Updated existing record with 14 non-zero financial metrics
[2025-03-22 05:21:14,194] INFO: yumc (9/2019): Updated existing record with 15 non-zero financial metrics
[2025-03-22 05:21:14,222] INFO: yumc (12/2019): Updated existing record with 21 non-zero financial metrics
[2025-03-22 05:21:14,249] INFO: yumc (3/2020): Updated existing record with 20 non-zero financial metrics
[2025-03-22 05:21:14,276] INFO: yumc (6/2020): Updated existing record with 15 non-zero financial metrics
[2025-03-22 05:21:14,304] INFO: yumc (9/2020): Updated existing record with 15 non-zero financial metrics
[2025-03-22 05:21:14,331] INFO: yumc (12/2020): Updated existing record with 21 non-zero financial metrics
[2025-03-22 05:21:14,357] INFO: yumc (3/2021): Updated existing record with 19 non-zero financial metrics
[2025-03-22 05:21:14,387] INFO: yumc (6/2021): Updated existing record with 15 non-zero financial metrics
[2025-03-22 05:21:14,414] INFO: yumc (9/2021): Updated existing record with 15 non-zero financial metrics
[2025-03-22 05:21:14,441] INFO: yumc (12/2021): Updated existing record with 21 non-zero financial metrics
[2025-03-22 05:21:14,469] INFO: yumc (3/2022): Updated existing record with 20 non-zero financial metrics
[2025-03-22 05:21:14,484] INFO: Trying adjusted date: 7/2022 (original: 6/2022)
[2025-03-22 05:21:14,496] WARNING: yumc (6/2022): No existing record found(6/2022, 2022-06-30) - creating new one
[2025-03-22 05:21:14,497] INFO: yumc (6/2022): Created new record with 15 non-zero financial metrics
[2025-03-22 05:21:14,523] INFO: yumc (9/2022): Updated existing record with 15 non-zero financial metrics
[2025-03-22 05:21:14,552] INFO: yumc (12/2022): Updated existing record with 21 non-zero financial metrics
[2025-03-22 05:21:14,578] INFO: yumc (3/2023): Updated existing record with 20 non-zero financial metrics
[2025-03-22 05:21:14,606] INFO: yumc (6/2023): Updated existing record with 15 non-zero financial metrics
[2025-03-22 05:21:14,633] INFO: yumc (9/2023): Updated existing record with 15 non-zero financial metrics
[2025-03-22 05:21:14,661] INFO: yumc (12/2023): Updated existing record with 21 non-zero financial metrics
[2025-03-22 05:21:14,688] INFO: yumc (3/2024): Updated existing record with 20 non-zero financial metrics
[2025-03-22 05:21:14,715] INFO: yumc (6/2024): Updated existing record with 15 non-zero financial metrics
[2025-03-22 05:21:14,743] INFO: yumc (9/2024): Updated existing record with 15 non-zero financial metrics
[2025-03-22 05:21:14,758] INFO: Trying adjusted date: 1/2025 (original: 12/2024)
[2025-03-22 05:21:14,770] WARNING: yumc (12/2024): No existing record found(12/2024, 2024-12-31) - creating new one
[2025-03-22 05:21:14,771] INFO: yumc (12/2024): Created new record with 21 non-zero financial metrics
