[2025-03-22 04:44:08,879] INFO: Trying adjusted date: 4/2010 (original: 3/2010)
[2025-03-22 04:44:08,891] WARNING: zbh (3/2010): No existing record found(3/2010, 2010-03-31) - creating new one
[2025-03-22 04:44:08,891] INFO: zbh (3/2010): Created new record with 0 non-zero financial metrics
[2025-03-22 04:44:08,907] INFO: Trying adjusted date: 7/2010 (original: 6/2010)
[2025-03-22 04:44:08,921] WARNING: zbh (6/2010): No existing record found(6/2010, 2010-06-30) - creating new one
[2025-03-22 04:44:08,922] INFO: zbh (6/2010): Created new record with 0 non-zero financial metrics
[2025-03-22 04:44:08,937] INFO: Trying adjusted date: 10/2010 (original: 9/2010)
[2025-03-22 04:44:08,949] WARNING: zbh (9/2010): No existing record found(9/2010, 2010-09-30) - creating new one
[2025-03-22 04:44:08,950] INFO: zbh (9/2010): Created new record with 0 non-zero financial metrics
[2025-03-22 04:44:08,965] INFO: Trying adjusted date: 1/2011 (original: 12/2010)
[2025-03-22 04:44:08,978] WARNING: zbh (12/2010): No existing record found(12/2010, 2010-12-31) - creating new one
[2025-03-22 04:44:08,978] INFO: zbh (12/2010): Created new record with 0 non-zero financial metrics
[2025-03-22 04:44:08,997] INFO: Trying adjusted date: 4/2011 (original: 3/2011)
[2025-03-22 04:44:09,010] WARNING: zbh (3/2011): No existing record found(3/2011, 2011-03-31) - creating new one
[2025-03-22 04:44:09,010] INFO: zbh (3/2011): Created new record with 0 non-zero financial metrics
[2025-03-22 04:44:09,024] INFO: Trying adjusted date: 7/2011 (original: 6/2011)
[2025-03-22 04:44:09,037] WARNING: zbh (6/2011): No existing record found(6/2011, 2011-06-30) - creating new one
[2025-03-22 04:44:09,037] INFO: zbh (6/2011): Created new record with 12 non-zero financial metrics
[2025-03-22 04:44:09,055] INFO: Trying adjusted date: 10/2011 (original: 9/2011)
[2025-03-22 04:44:09,068] WARNING: zbh (9/2011): No existing record found(9/2011, 2011-09-30) - creating new one
[2025-03-22 04:44:09,069] INFO: zbh (9/2011): Created new record with 13 non-zero financial metrics
[2025-03-22 04:44:09,083] INFO: Trying adjusted date: 1/2012 (original: 12/2011)
[2025-03-22 04:44:09,095] WARNING: zbh (12/2011): No existing record found(12/2011, 2011-12-31) - creating new one
[2025-03-22 04:44:09,096] INFO: zbh (12/2011): Created new record with 19 non-zero financial metrics
[2025-03-22 04:44:09,110] INFO: Trying adjusted date: 4/2012 (original: 3/2012)
[2025-03-22 04:44:09,123] WARNING: zbh (3/2012): No existing record found(3/2012, 2012-03-31) - creating new one
[2025-03-22 04:44:09,123] INFO: zbh (3/2012): Created new record with 19 non-zero financial metrics
[2025-03-22 04:44:09,137] INFO: Trying adjusted date: 7/2012 (original: 6/2012)
[2025-03-22 04:44:09,150] WARNING: zbh (6/2012): No existing record found(6/2012, 2012-06-30) - creating new one
[2025-03-22 04:44:09,150] INFO: zbh (6/2012): Created new record with 14 non-zero financial metrics
[2025-03-22 04:44:09,164] INFO: Trying adjusted date: 10/2012 (original: 9/2012)
[2025-03-22 04:44:09,178] WARNING: zbh (9/2012): No existing record found(9/2012, 2012-09-30) - creating new one
[2025-03-22 04:44:09,179] INFO: zbh (9/2012): Created new record with 15 non-zero financial metrics
[2025-03-22 04:44:09,192] INFO: Trying adjusted date: 1/2013 (original: 12/2012)
[2025-03-22 04:44:09,206] WARNING: zbh (12/2012): No existing record found(12/2012, 2012-12-31) - creating new one
[2025-03-22 04:44:09,206] INFO: zbh (12/2012): Created new record with 20 non-zero financial metrics
[2025-03-22 04:44:09,220] INFO: Trying adjusted date: 4/2013 (original: 3/2013)
[2025-03-22 04:44:09,232] WARNING: zbh (3/2013): No existing record found(3/2013, 2013-03-31) - creating new one
[2025-03-22 04:44:09,233] INFO: zbh (3/2013): Created new record with 20 non-zero financial metrics
[2025-03-22 04:44:09,247] INFO: Trying adjusted date: 7/2013 (original: 6/2013)
[2025-03-22 04:44:09,259] WARNING: zbh (6/2013): No existing record found(6/2013, 2013-06-30) - creating new one
[2025-03-22 04:44:09,259] INFO: zbh (6/2013): Created new record with 0 non-zero financial metrics
[2025-03-22 04:44:09,274] INFO: Trying adjusted date: 10/2013 (original: 9/2013)
[2025-03-22 04:44:09,287] WARNING: zbh (9/2013): No existing record found(9/2013, 2013-09-30) - creating new one
[2025-03-22 04:44:09,287] INFO: zbh (9/2013): Created new record with 15 non-zero financial metrics
[2025-03-22 04:44:09,301] INFO: Trying adjusted date: 1/2014 (original: 12/2013)
[2025-03-22 04:44:09,313] WARNING: zbh (12/2013): No existing record found(12/2013, 2013-12-31) - creating new one
[2025-03-22 04:44:09,313] INFO: zbh (12/2013): Created new record with 19 non-zero financial metrics
[2025-03-22 04:44:09,330] INFO: Trying adjusted date: 4/2014 (original: 3/2014)
[2025-03-22 04:44:09,343] WARNING: zbh (3/2014): No existing record found(3/2014, 2014-03-31) - creating new one
[2025-03-22 04:44:09,344] INFO: zbh (3/2014): Created new record with 16 non-zero financial metrics
[2025-03-22 04:44:09,358] INFO: Trying adjusted date: 7/2014 (original: 6/2014)
[2025-03-22 04:44:09,371] WARNING: zbh (6/2014): No existing record found(6/2014, 2014-06-30) - creating new one
[2025-03-22 04:44:09,371] INFO: zbh (6/2014): Created new record with 14 non-zero financial metrics
[2025-03-22 04:44:09,385] INFO: Trying adjusted date: 10/2014 (original: 9/2014)
[2025-03-22 04:44:09,398] WARNING: zbh (9/2014): No existing record found(9/2014, 2014-09-30) - creating new one
[2025-03-22 04:44:09,398] INFO: zbh (9/2014): Created new record with 14 non-zero financial metrics
[2025-03-22 04:44:09,415] INFO: Trying adjusted date: 1/2015 (original: 12/2014)
[2025-03-22 04:44:09,427] WARNING: zbh (12/2014): No existing record found(12/2014, 2014-12-31) - creating new one
[2025-03-22 04:44:09,428] INFO: zbh (12/2014): Created new record with 16 non-zero financial metrics
[2025-03-22 04:44:09,443] INFO: Trying adjusted date: 4/2015 (original: 3/2015)
[2025-03-22 04:44:09,455] WARNING: zbh (3/2015): No existing record found(3/2015, 2015-03-31) - creating new one
[2025-03-22 04:44:09,455] INFO: zbh (3/2015): Created new record with 15 non-zero financial metrics
[2025-03-22 04:44:09,482] INFO: zbh (6/2015): Updated existing record with 14 non-zero financial metrics
[2025-03-22 04:44:09,508] INFO: zbh (9/2015): Updated existing record with 12 non-zero financial metrics
[2025-03-22 04:44:09,535] INFO: zbh (12/2015): Updated existing record with 15 non-zero financial metrics
[2025-03-22 04:44:09,562] INFO: zbh (3/2016): Updated existing record with 15 non-zero financial metrics
[2025-03-22 04:44:09,588] INFO: zbh (6/2016): Updated existing record with 13 non-zero financial metrics
[2025-03-22 04:44:09,614] INFO: zbh (9/2016): Updated existing record with 13 non-zero financial metrics
[2025-03-22 04:44:09,643] INFO: zbh (12/2016): Updated existing record with 15 non-zero financial metrics
[2025-03-22 04:44:09,670] INFO: zbh (3/2017): Updated existing record with 14 non-zero financial metrics
[2025-03-22 04:44:09,697] INFO: zbh (6/2017): Updated existing record with 13 non-zero financial metrics
[2025-03-22 04:44:09,726] INFO: zbh (9/2017): Updated existing record with 13 non-zero financial metrics
[2025-03-22 04:44:09,752] INFO: zbh (12/2017): Updated existing record with 14 non-zero financial metrics
[2025-03-22 04:44:09,767] WARNING: zbh (3/2018): Found zero values for fields: Deferred Revenue
[2025-03-22 04:44:09,780] INFO: zbh (3/2018): Updated existing record with 14 non-zero financial metrics
[2025-03-22 04:44:09,795] WARNING: zbh (6/2018): Found zero values for fields: Deferred Revenue
[2025-03-22 04:44:09,808] INFO: zbh (6/2018): Updated existing record with 13 non-zero financial metrics
[2025-03-22 04:44:09,823] WARNING: zbh (9/2018): Found zero values for fields: Deferred Revenue
[2025-03-22 04:44:09,836] INFO: zbh (9/2018): Updated existing record with 14 non-zero financial metrics
[2025-03-22 04:44:09,850] WARNING: zbh (12/2018): Found zero values for fields: Deferred Revenue
[2025-03-22 04:44:09,862] INFO: zbh (12/2018): Updated existing record with 17 non-zero financial metrics
[2025-03-22 04:44:09,889] INFO: zbh (3/2019): Updated existing record with 17 non-zero financial metrics
[2025-03-22 04:44:09,915] INFO: zbh (6/2019): Updated existing record with 13 non-zero financial metrics
[2025-03-22 04:44:09,944] INFO: zbh (9/2019): Updated existing record with 13 non-zero financial metrics
[2025-03-22 04:44:09,958] WARNING: zbh (12/2019): Found zero values for fields: Deferred Revenue
[2025-03-22 04:44:09,970] INFO: zbh (12/2019): Updated existing record with 17 non-zero financial metrics
[2025-03-22 04:44:09,998] INFO: zbh (3/2020): Updated existing record with 17 non-zero financial metrics
[2025-03-22 04:44:10,024] INFO: zbh (6/2020): Updated existing record with 13 non-zero financial metrics
[2025-03-22 04:44:10,052] INFO: zbh (9/2020): Updated existing record with 13 non-zero financial metrics
[2025-03-22 04:44:10,067] WARNING: zbh (12/2020): Found zero values for fields: Deferred Revenue
[2025-03-22 04:44:10,079] INFO: zbh (12/2020): Updated existing record with 17 non-zero financial metrics
[2025-03-22 04:44:10,110] INFO: zbh (3/2021): Updated existing record with 17 non-zero financial metrics
[2025-03-22 04:44:10,139] INFO: zbh (6/2021): Updated existing record with 14 non-zero financial metrics
[2025-03-22 04:44:10,166] INFO: zbh (9/2021): Updated existing record with 13 non-zero financial metrics
[2025-03-22 04:44:10,180] WARNING: zbh (12/2021): Found zero values for fields: Deferred Revenue
[2025-03-22 04:44:10,192] INFO: zbh (12/2021): Updated existing record with 17 non-zero financial metrics
[2025-03-22 04:44:10,219] INFO: zbh (3/2022): Updated existing record with 14 non-zero financial metrics
[2025-03-22 04:44:10,246] INFO: zbh (6/2022): Updated existing record with 13 non-zero financial metrics
[2025-03-22 04:44:10,272] INFO: zbh (9/2022): Updated existing record with 13 non-zero financial metrics
[2025-03-22 04:44:10,286] WARNING: zbh (12/2022): Found zero values for fields: Deferred Revenue
[2025-03-22 04:44:10,298] INFO: zbh (12/2022): Updated existing record with 15 non-zero financial metrics
[2025-03-22 04:44:10,326] INFO: zbh (3/2023): Updated existing record with 15 non-zero financial metrics
[2025-03-22 04:44:10,353] INFO: zbh (6/2023): Updated existing record with 13 non-zero financial metrics
[2025-03-22 04:44:10,380] INFO: zbh (9/2023): Updated existing record with 13 non-zero financial metrics
[2025-03-22 04:44:10,394] WARNING: zbh (12/2023): Found zero values for fields: Deferred Revenue
[2025-03-22 04:44:10,407] INFO: zbh (12/2023): Updated existing record with 15 non-zero financial metrics
[2025-03-22 04:44:10,433] INFO: zbh (3/2024): Updated existing record with 18 non-zero financial metrics
[2025-03-22 04:44:10,461] INFO: zbh (6/2024): Updated existing record with 13 non-zero financial metrics
[2025-03-22 04:44:10,487] INFO: zbh (9/2024): Updated existing record with 13 non-zero financial metrics
[2025-03-22 04:44:10,501] INFO: Trying adjusted date: 1/2025 (original: 12/2024)
[2025-03-22 04:44:10,514] WARNING: zbh (12/2024): Found zero values for fields: Deferred Revenue
[2025-03-22 04:44:10,514] WARNING: zbh (12/2024): No existing record found(12/2024, 2024-12-31) - creating new one
[2025-03-22 04:44:10,514] INFO: zbh (12/2024): Created new record with 15 non-zero financial metrics
