[2025-03-22 04:39:28,809] INFO: zs (4/2018): Updated existing record with 15 non-zero financial metrics
[2025-03-22 04:39:28,836] INFO: zs (7/2018): Updated existing record with 20 non-zero financial metrics
[2025-03-22 04:39:28,863] INFO: zs (10/2018): Updated existing record with 20 non-zero financial metrics
[2025-03-22 04:39:28,877] INFO: Trying adjusted date: 2/2019 (original: 1/2019)
[2025-03-22 04:39:28,890] WARNING: zs (1/2019): No existing record found(1/2019, 2019-01-31) - creating new one
[2025-03-22 04:39:28,891] INFO: zs (1/2019): Created new record with 15 non-zero financial metrics
[2025-03-22 04:39:28,918] INFO: zs (4/2019): Updated existing record with 15 non-zero financial metrics
[2025-03-22 04:39:28,944] INFO: zs (7/2019): Updated existing record with 21 non-zero financial metrics
[2025-03-22 04:39:28,958] WARNING: zs (10/2019): Found zero values for fields: Share Repurchases
[2025-03-22 04:39:28,970] INFO: zs (10/2019): Updated existing record with 20 non-zero financial metrics
[2025-03-22 04:39:28,997] INFO: zs (1/2020): Updated existing record with 16 non-zero financial metrics
[2025-03-22 04:39:29,023] INFO: zs (4/2020): Updated existing record with 16 non-zero financial metrics
[2025-03-22 04:39:29,037] WARNING: zs (7/2020): Found zero values for fields: Share Repurchases
[2025-03-22 04:39:29,050] INFO: zs (7/2020): Updated existing record with 22 non-zero financial metrics
[2025-03-22 04:39:29,076] INFO: zs (10/2020): Updated existing record with 22 non-zero financial metrics
[2025-03-22 04:39:29,101] INFO: zs (1/2021): Updated existing record with 18 non-zero financial metrics
[2025-03-22 04:39:29,128] INFO: zs (4/2021): Updated existing record with 18 non-zero financial metrics
[2025-03-22 04:39:29,142] WARNING: zs (7/2021): Found zero values for fields: Share Repurchases
[2025-03-22 04:39:29,154] INFO: zs (7/2021): Updated existing record with 24 non-zero financial metrics
[2025-03-22 04:39:29,180] INFO: zs (10/2021): Updated existing record with 24 non-zero financial metrics
[2025-03-22 04:39:29,209] INFO: zs (1/2022): Updated existing record with 20 non-zero financial metrics
[2025-03-22 04:39:29,235] INFO: zs (4/2022): Updated existing record with 20 non-zero financial metrics
[2025-03-22 04:39:29,261] INFO: zs (7/2022): Updated existing record with 24 non-zero financial metrics
[2025-03-22 04:39:29,288] INFO: zs (10/2022): Updated existing record with 24 non-zero financial metrics
[2025-03-22 04:39:29,317] INFO: zs (1/2023): Updated existing record with 20 non-zero financial metrics
[2025-03-22 04:39:29,343] INFO: zs (4/2023): Updated existing record with 20 non-zero financial metrics
[2025-03-22 04:39:29,370] INFO: zs (7/2023): Updated existing record with 24 non-zero financial metrics
[2025-03-22 04:39:29,397] INFO: zs (10/2023): Updated existing record with 24 non-zero financial metrics
[2025-03-22 04:39:29,424] INFO: zs (1/2024): Updated existing record with 20 non-zero financial metrics
[2025-03-22 04:39:29,450] INFO: zs (4/2024): Updated existing record with 20 non-zero financial metrics
[2025-03-22 04:39:29,475] INFO: zs (7/2024): Updated existing record with 24 non-zero financial metrics
[2025-03-22 04:39:29,501] INFO: zs (10/2024): Updated existing record with 24 non-zero financial metrics
[2025-03-22 04:39:29,516] INFO: Trying adjusted date: 2/2025 (original: 1/2025)
[2025-03-22 04:39:29,528] WARNING: zs (1/2025): No existing record found(1/2025, 2025-01-31) - creating new one
[2025-03-22 04:39:29,529] INFO: zs (1/2025): Created new record with 20 non-zero financial metrics
