[EDGAR :: ERROR] Error processing filing 000119312515144151: object of type 'NoneType' has no len()
[EDGAR :: ERROR] Error processing filing 000119312515272806: object of type 'NoneType' has no len()
[EDGAR :: ERROR] Error processing filing 000119312515350718: object of type 'NoneType' has no len()
[EDGAR :: ERROR] Error processing filing 000119312516441821: object of type 'NoneType' has no len()
[EDGAR :: ERROR] Error processing filing 000119312516550254: object of type 'NoneType' has no len()
[EDGAR :: ERROR] Error processing filing 000119312516662209: object of type 'NoneType' has no len()
[EDGAR :: ERROR] Error processing filing 000119312516742796: object of type 'NoneType' has no len()
[EDGAR :: ERROR] Error processing filing 000156459017000654: object of type 'NoneType' has no len()
[EDGAR :: ERROR] Error processing filing 000156459017007547: object of type 'NoneType' has no len()
[EDGAR :: ERROR] Error processing filing 000156459017014900: object of type 'NoneType' has no len()
[EDGAR :: ERROR] Error processing filing 000156459017020171: object of type 'NoneType' has no len()
[EDGAR :: ERROR] Error processing filing 000156459018001129: object of type 'NoneType' has no len()
[EDGAR :: ERROR] Error processing filing 000156459018009307: object of type 'NoneType' has no len()
[EDGAR :: ERROR] Error processing filing 000156459018019062: object of type 'NoneType' has no len()
[EDGAR :: ERROR] Error processing filing 000156459018024893: object of type 'NoneType' has no len()
[EDGAR :: ERROR] Error processing filing 000156459019001392: object of type 'NoneType' has no len()
[EDGAR :: ERROR] Error processing filing 000156459019012709: object of type 'NoneType' has no len()
[EDGAR :: ERROR] Error processing filing 000156459019027952: object of type 'NoneType' has no len()
[EDGAR :: ERROR] Error processing filing 000156459019037549: object of type 'NoneType' has no len()
[EDGAR :: ERROR] Error processing filing 000156459020002450: object of type 'NoneType' has no len()
[EDGAR :: ERROR] Error processing filing 000156459020019706: object of type 'NoneType' has no len()
[EDGAR :: ERROR] Error processing filing 000156459020034944: object of type 'NoneType' has no len()
[EDGAR :: ERROR] Error processing filing 000156459020047996: object of type 'NoneType' has no len()
[EDGAR :: ERROR] Error processing filing 000156459021002316: object of type 'NoneType' has no len()
[EDGAR :: ERROR] Error processing filing 000156459021020891: object of type 'NoneType' has no len()
[EDGAR :: ERROR] Error processing filing 000156459021039151: object of type 'NoneType' has no len()
[EDGAR :: ERROR] Error processing filing 000156459021051992: object of type 'NoneType' has no len()
[EDGAR :: ERROR] Error processing filing 000156459022002324: object of type 'NoneType' has no len()
[EDGAR :: ERROR] Error processing filing 000156459022015675: object of type 'NoneType' has no len()
[EDGAR :: ERROR] Error processing filing 000156459022026876: object of type 'NoneType' has no len()
[EDGAR :: ERROR] Error processing filing 000156459022035087: object of type 'NoneType' has no len()
[EDGAR :: ERROR] Error processing filing 000156459023000733: object of type 'NoneType' has no len()
[EDGAR :: ERROR] Error processing filing 000095017023014423: object of type 'NoneType' has no len()
[EDGAR :: ERROR] Error processing filing 000095017023035122: object of type 'NoneType' has no len()
[EDGAR :: ERROR] Error processing filing 000095017023054855: object of type 'NoneType' has no len()
[EDGAR :: ERROR] Error processing filing 000095017024008814: object of type 'NoneType' has no len()
[EDGAR :: ERROR] Error processing filing 000095017024048288: object of type 'NoneType' has no len()
[EDGAR :: ERROR] Error processing filing 000095017024087843: object of type 'NoneType' has no len()
[EDGAR :: ERROR] Error processing filing 000095017024118967: object of type 'NoneType' has no len()
[EDGAR :: ERROR] Error processing filing 000095017025010491: object of type 'NoneType' has no len()
[EDGAR :: ERROR] Error processing filing 000119312515144151: object of type 'NoneType' has no len()
[EDGAR :: ERROR] Error processing filing 000119312515272806: object of type 'NoneType' has no len()
[EDGAR :: ERROR] Error processing filing 000119312515350718: object of type 'NoneType' has no len()
[EDGAR :: ERROR] Error processing filing 000119312516441821: object of type 'NoneType' has no len()
[EDGAR :: ERROR] Error processing filing 000119312516550254: object of type 'NoneType' has no len()
[EDGAR :: ERROR] Error processing filing 000119312516662209: object of type 'NoneType' has no len()
[EDGAR :: ERROR] Error processing filing 000119312516742796: object of type 'NoneType' has no len()
[EDGAR :: ERROR] Error processing filing 000156459017000654: object of type 'NoneType' has no len()
[EDGAR :: ERROR] Error processing filing 000156459017007547: object of type 'NoneType' has no len()
[EDGAR :: ERROR] Error processing filing 000156459017014900: object of type 'NoneType' has no len()
[EDGAR :: ERROR] Error processing filing 000156459017020171: object of type 'NoneType' has no len()
[EDGAR :: ERROR] Error processing filing 000156459018001129: object of type 'NoneType' has no len()
[EDGAR :: ERROR] Error processing filing 000156459018009307: object of type 'NoneType' has no len()
[EDGAR :: ERROR] Error processing filing 000156459018019062: object of type 'NoneType' has no len()
[EDGAR :: ERROR] Error processing filing 000156459018024893: object of type 'NoneType' has no len()
[EDGAR :: ERROR] Error processing filing 000156459019001392: object of type 'NoneType' has no len()
[EDGAR :: ERROR] Error processing filing 000156459019012709: object of type 'NoneType' has no len()
[EDGAR :: ERROR] Error processing filing 000156459019027952: object of type 'NoneType' has no len()
[EDGAR :: ERROR] Error processing filing 000156459019037549: object of type 'NoneType' has no len()
[EDGAR :: ERROR] Error processing filing 000156459020002450: object of type 'NoneType' has no len()
[EDGAR :: ERROR] Error processing filing 000156459020019706: object of type 'NoneType' has no len()
[EDGAR :: ERROR] Error processing filing 000156459020034944: object of type 'NoneType' has no len()
[EDGAR :: ERROR] Error processing filing 000156459020047996: object of type 'NoneType' has no len()
[EDGAR :: ERROR] Error processing filing 000156459021002316: object of type 'NoneType' has no len()
[EDGAR :: ERROR] Error processing filing 000156459021020891: object of type 'NoneType' has no len()
[EDGAR :: ERROR] Error processing filing 000156459021039151: object of type 'NoneType' has no len()
[EDGAR :: ERROR] Error processing filing 000156459021051992: object of type 'NoneType' has no len()
[EDGAR :: ERROR] Error processing filing 000156459022002324: object of type 'NoneType' has no len()
[EDGAR :: ERROR] Error processing filing 000156459022015675: object of type 'NoneType' has no len()
[EDGAR :: ERROR] Error processing filing 000156459022026876: object of type 'NoneType' has no len()
[EDGAR :: ERROR] Error processing filing 000156459022035087: object of type 'NoneType' has no len()
[EDGAR :: ERROR] Error processing filing 000156459023000733: object of type 'NoneType' has no len()
[EDGAR :: ERROR] Error processing filing 000095017023014423: object of type 'NoneType' has no len()
[EDGAR :: ERROR] Error processing filing 000095017023035122: object of type 'NoneType' has no len()
[EDGAR :: ERROR] Error processing filing 000095017023054855: object of type 'NoneType' has no len()
[EDGAR :: ERROR] Error processing filing 000095017024008814: object of type 'NoneType' has no len()
[EDGAR :: ERROR] Error processing filing 000095017024048288: object of type 'NoneType' has no len()
[EDGAR :: ERROR] Error processing filing 000095017024087843: object of type 'NoneType' has no len()
[EDGAR :: ERROR] Error processing filing 000095017024118967: object of type 'NoneType' has no len()
[EDGAR :: ERROR] Error processing filing 000095017025010491: object of type 'NoneType' has no len()
[EDGAR :: ERROR] Error processing filing 000161310319000038: HTTPSConnectionPool(host='www.sec.gov', port=443): Max retries exceeded with url: /Archives/edgar/data/0001613103/000161310319000038 (Caused by NameResolutionError("<urllib3.connection.HTTPSConnection object at 0x7fcd03c86980>: Failed to resolve 'www.sec.gov' ([Errno -3] Temporary failure in name resolution)"))
[EDGAR :: ERROR] Error processing filing 000156276223000388: HTTPSConnectionPool(host='www.sec.gov', port=443): Max retries exceeded with url: /Archives/edgar/data/20520/000156276223000388/fybr-20230930x10q_htm.xml (Caused by NameResolutionError("<urllib3.connection.HTTPSConnection object at 0x7fccd1de70a0>: Failed to resolve 'www.sec.gov' ([Errno -3] Temporary failure in name resolution)"))
[EDGAR :: ERROR] Error processing filing 000119312511123221: HTTPSConnectionPool(host='www.sec.gov', port=443): Max retries exceeded with url: /Archives/edgar/data/0001045450/000119312511123221 (Caused by NameResolutionError("<urllib3.connection.HTTPSConnection object at 0x7fcd04282b30>: Failed to resolve 'www.sec.gov' ([Errno -3] Temporary failure in name resolution)"))
[EDGAR :: ERROR] Error fetching filings: HTTPSConnectionPool(host='data.sec.gov', port=443): Max retries exceeded with url: /submissions/CIK0000090498.json (Caused by NameResolutionError("<urllib3.connection.HTTPSConnection object at 0x756a3f47fdc0>: Failed to resolve 'data.sec.gov' ([Errno -3] Temporary failure in name resolution)"))
[EDGAR :: ERROR] Error processing filing 000119312516485541: HTTPSConnectionPool(host='www.sec.gov', port=443): Max retries exceeded with url: /Archives/edgar/data/0001444380/000119312516485541 (Caused by NameResolutionError("<urllib3.connection.HTTPSConnection object at 0x756a211db490>: Failed to resolve 'www.sec.gov' ([Errno -3] Temporary failure in name resolution)"))
[EDGAR :: ERROR] Error processing filing 000110465916156898: HTTPSConnectionPool(host='www.sec.gov', port=443): Max retries exceeded with url: /Archives/edgar/data/1507605/000110465916156898/mara-20160930.xml (Caused by NameResolutionError("<urllib3.connection.HTTPSConnection object at 0x756a3417bc70>: Failed to resolve 'www.sec.gov' ([Errno -3] Temporary failure in name resolution)"))
[EDGAR :: ERROR] Error processing filing 000156123116000015: HTTPSConnectionPool(host='www.sec.gov', port=443): Max retries exceeded with url: /Archives/edgar/data/1127703/000156123116000015/pra-20151231.xml (Caused by NameResolutionError("<urllib3.connection.HTTPSConnection object at 0x756a33cb62c0>: Failed to resolve 'www.sec.gov' ([Errno -3] Temporary failure in name resolution)"))
[EDGAR :: ERROR] Error fetching filings: HTTPSConnectionPool(host='data.sec.gov', port=443): Max retries exceeded with url: /submissions/CIK0001000177.json (Caused by NameResolutionError("<urllib3.connection.HTTPSConnection object at 0x756a51e6fe50>: Failed to resolve 'data.sec.gov' ([Errno -3] Temporary failure in name resolution)"))
[EDGAR :: ERROR] Error processing filing 000119312511295428: ('Connection aborted.', RemoteDisconnected('Remote end closed connection without response'))
[EDGAR :: ERROR] Error processing filing 000119312512104127: HTTPSConnectionPool(host='www.sec.gov', port=443): Max retries exceeded with url: /Archives/edgar/data/0001513363/000119312512104127 (Caused by NewConnectionError('<urllib3.connection.HTTPSConnection object at 0x756a4a7760b0>: Failed to establish a new connection: [Errno 101] Network is unreachable'))
[EDGAR :: ERROR] Error processing filing 000095017024125584: Failed to fetch archive page: 503
[EDGAR :: ERROR] Error processing filing 000107068021000007: Failed to fetch archive page: 503
[EDGAR :: ERROR] Error processing filing 000091535824000017: Failed to fetch archive page: 503
[EDGAR :: ERROR] Error processing filing 000090972413000043: Failed to fetch archive page: 503
[EDGAR :: ERROR] Error processing filing 000110465922053824: Failed to fetch archive page: 503
[EDGAR :: ERROR] Error processing filing 000152716617000008: Failed to fetch archive page: 503
